INFO [03-24|02:53:21.079] Starting Geth on Ethereum mainnet...
INFO [03-24|02:53:21.081] Maximum peer count                       ETH=0 total=0
INFO [03-24|02:53:21.082] Smartcard socket not found, disabling    err="stat /run/pcscd/pcscd.comm: no such file or directory"
WARN [03-24|02:53:21.083] Option --miner.etherbase is deprecated as the etherbase is set by the consensus client post-merge
WARN [03-24|02:53:21.084] Snap sync requested, resetting --cache.snapshot
INFO [03-24|02:53:21.084] Global gas cap disabled
INFO [03-24|02:53:21.729] Using developer account                  address=0xf39Fd6e51aad88F6F4ce6aB8827279cffFb92266
INFO [03-24|02:53:22.230] Using pebble as the backing database
INFO [03-24|02:53:22.230] Allocated cache and file handles         database=/home/CPerezz/bintrie-benchmarks/mpt-vs-bintrie/dbs/bt-gd5/geth/chaindata cache=16.00MiB handles=524,288
INFO [03-24|02:53:26.557] Opened ancient database                  database=/home/CPerezz/bintrie-benchmarks/mpt-vs-bintrie/dbs/bt-gd5/geth/chaindata/ancient/chain readonly=true
INFO [03-24|02:53:26.557] Opened Era store                         datadir=/home/CPerezz/bintrie-benchmarks/mpt-vs-bintrie/dbs/bt-gd5/geth/chaindata/ancient/chain/era
INFO [03-24|02:53:26.583] Initializing the KZG library             backend=gokzg
INFO [03-24|02:53:26.584] Allocated trie memory caches             clean=0.00B dirty=0.00B
INFO [03-24|02:53:26.758] Using pebble as the backing database
INFO [03-24|02:53:26.758] Allocated cache and file handles         database=/home/CPerezz/bintrie-benchmarks/mpt-vs-bintrie/dbs/bt-gd5/geth/chaindata cache=16.00MiB handles=524,288
INFO [03-24|02:53:29.601] Opened ancient database                  database=/home/CPerezz/bintrie-benchmarks/mpt-vs-bintrie/dbs/bt-gd5/geth/chaindata/ancient/chain readonly=false
INFO [03-24|02:53:29.601] Opened Era store                         datadir=/home/CPerezz/bintrie-benchmarks/mpt-vs-bintrie/dbs/bt-gd5/geth/chaindata/ancient/chain/era
INFO [03-24|02:53:29.603] State scheme set to already existing     scheme=path
INFO [03-24|02:53:29.604] Initialising Ethereum protocol           network=1337 dbversion=9
INFO [03-24|02:53:29.604] Load database journal from file          path=/home/CPerezz/bintrie-benchmarks/mpt-vs-bintrie/dbs/bt-gd5/geth/triedb/verkle.journal
INFO [03-24|02:53:34.238] Opened ancient database                  database=/home/CPerezz/bintrie-benchmarks/mpt-vs-bintrie/dbs/bt-gd5/geth/chaindata/ancient/state_verkle readonly=false
INFO [03-24|02:53:34.240] State snapshot generator is not found
INFO [03-24|02:53:34.240] Initialized path database                triecache=0.00B statecache=0.00B buffer=0.00B state-history="last 90000 blocks" journal-dir=/home/CPerezz/bintrie-benchmarks/mpt-vs-bintrie/dbs/bt-gd5/geth/triedb verkle=true
INFO [03-24|02:53:34.240] 
INFO [03-24|02:53:34.240] ---------------------------------------------------------------------------------------------------------------------------------------------------------
INFO [03-24|02:53:34.240] Chain ID:  1337 (unknown)
INFO [03-24|02:53:34.240] Consensus: unknown
INFO [03-24|02:53:34.240] 
INFO [03-24|02:53:34.240] Pre-Merge hard forks (block based):
INFO [03-24|02:53:34.240]  - Homestead:                   #0       
INFO [03-24|02:53:34.240]  - Tangerine Whistle (EIP 150): #0       
INFO [03-24|02:53:34.240]  - Spurious Dragon/1 (EIP 155): #0       
INFO [03-24|02:53:34.240]  - Spurious Dragon/2 (EIP 158): #0       
INFO [03-24|02:53:34.240]  - Byzantium:                   #0       
INFO [03-24|02:53:34.240]  - Constantinople:              #0       
INFO [03-24|02:53:34.240]  - Petersburg:                  #0       
INFO [03-24|02:53:34.240]  - Istanbul:                    #0       
INFO [03-24|02:53:34.240]  - Muir Glacier:                #0       
INFO [03-24|02:53:34.240]  - Berlin:                      #0       
INFO [03-24|02:53:34.240]  - London:                      #0       
INFO [03-24|02:53:34.240]  - Arrow Glacier:               #0       
INFO [03-24|02:53:34.240]  - Gray Glacier:                #0       
INFO [03-24|02:53:34.240] 
INFO [03-24|02:53:34.240] Merge configured:
INFO [03-24|02:53:34.240]  - Total terminal difficulty:  0
INFO [03-24|02:53:34.240]  - Merge netsplit block:       #0       
INFO [03-24|02:53:34.240] 
INFO [03-24|02:53:34.240] Post-Merge hard forks (timestamp based):
INFO [03-24|02:53:34.240]  - Shanghai:                    @0         
INFO [03-24|02:53:34.240]  - Cancun:                      @0          blob: (target: 3, max: 6, fraction: 3338477)
INFO [03-24|02:53:34.240]  - Prague:                      @0          blob: (target: 6, max: 9, fraction: 5225352)
INFO [03-24|02:53:34.240]  - Verkle:                      @0          blob: (nil)
INFO [03-24|02:53:34.240] 
INFO [03-24|02:53:34.240] All fork specifications can be found at https://ethereum.github.io/execution-specs/src/ethereum/forks/
INFO [03-24|02:53:34.240] 
INFO [03-24|02:53:34.240] ---------------------------------------------------------------------------------------------------------------------------------------------------------
INFO [03-24|02:53:34.240] 
INFO [03-24|02:53:34.241] Loaded most recent local block           number=25114 hash=844880..4eae74 age=33s
INFO [03-24|02:53:34.241] Loaded most recent local finalized block number=25088 hash=20bf38..06c8b3 age=9m5s
INFO [03-24|02:53:34.242] Initialized transaction indexer          range="last 2350000 blocks"
INFO [03-24|02:53:34.242] Initialized log indexer                  firstblock=0 lastblock=25114 firstmap=0 lastmap=4 headindexed=true
INFO [03-24|02:53:34.245] Enabled full-sync                        head=25114 hash=844880..4eae74
INFO [03-24|02:53:34.245] Unprotected transactions allowed
INFO [03-24|02:53:34.245] Gasprice oracle is ignoring threshold set threshold=2
WARN [03-24|02:53:34.245] Unclean shutdown detected                booted=2026-03-24T02:10:37+0100 age=42m57s
INFO [03-24|02:53:34.246] Registered sync override service
WARN [03-24|02:53:34.246] You are running Geth in --dev mode. Please note the following:
WARN [03-24|02:53:34.246] 
WARN [03-24|02:53:34.246]   1. This mode is only intended for fast, iterative development without assumptions on
WARN [03-24|02:53:34.246]      security or persistence.
WARN [03-24|02:53:34.246]   2. The database is created in memory unless specified otherwise. Therefore, shutting down
WARN [03-24|02:53:34.246]      your computer or losing power will wipe your entire block data and chain state for
WARN [03-24|02:53:34.246]      your dev environment.
WARN [03-24|02:53:34.246]   3. A random, pre-allocated developer account will be available and unlocked as
WARN [03-24|02:53:34.246]      eth.coinbase, which can be used for testing. The random dev account is temporary,
WARN [03-24|02:53:34.246]      stored on a ramdisk, and will be lost if your machine is restarted.
WARN [03-24|02:53:34.246]   4. Mining is enabled by default. However, the client will only seal blocks if transactions
WARN [03-24|02:53:34.246]      are pending in the mempool. The miner's minimum accepted gas price is 1.
WARN [03-24|02:53:34.246]   5. Networking is disabled; there is no listen-address, the maximum number of peers is set
WARN [03-24|02:53:34.246]      to 0, and discovery is disabled.
WARN [03-24|02:53:34.246] 
INFO [03-24|02:53:34.246] Starting peer-to-peer node               instance=Geth/v1.17.2-unstable-991300c4-20260319/linux-amd64/go1.24.1
WARN [03-24|02:53:34.246] P2P server will be useless, neither dialing nor listening
INFO [03-24|02:53:34.252] New local node record                    seq=1,774,173,716,160 id=5ca20ce916776c2d ip=127.0.0.1 udp=0 tcp=0
INFO [03-24|02:53:34.252] Started P2P networking                   self=enode://1077caac14890773549d39754d8c8bc5e612fe651148195d9a07a9cf579886d29513235e655b87f0a9b698489f0fa6ab6844ce86094074ef6793d42e9b0e3c5f@127.0.0.1:0
INFO [03-24|02:53:34.252] IPC endpoint opened                      url=/home/CPerezz/bintrie-benchmarks/mpt-vs-bintrie/dbs/bt-gd5/geth.ipc
ERROR[03-24|02:53:34.252] Unavailable modules in HTTP API list     unavailable=[personal] available="[admin debug web3 eth txpool miner net dev testing]"
INFO [03-24|02:53:34.253] HTTP server started                      endpoint=[::]:8545 auth=false prefix= cors= vhosts=localhost
INFO [03-24|02:53:34.253] WebSocket enabled                        url=ws://[::]:8546
INFO [03-24|02:53:34.366] Loaded local transaction journal         transactions=2324 dropped=0
INFO [03-24|02:53:35.572] Started log indexer
INFO [03-24|02:53:35.582] Starting work on payload                 id=0x03efe3553ff1ca04
INFO [03-24|02:53:35.583] Updated payload                          id=0x03efe3553ff1ca04 number=25115 hash=dbda9e..925fa3 txs=0 withdrawals=0 gas=0 fees=0 root=1b5524..ccf539 elapsed="678.856µs"
INFO [03-24|02:53:35.583] Stopping work on payload                 id=0x03efe3553ff1ca04 reason=delivery
WARN [03-24|02:53:35.584] {"level":"warn","msg":"Slow block","block":{"number":25115,"hash":"0xdbda9e502818b6d7e482d713eb1a143d4ccb236fd1327959d45fcd2481925fa3","gas_used":0,"tx_count":0},"timing":{"execution_ms":0.01253,"state_read_ms":0.519127,"state_hash_ms":0.00057,"commit_ms":0.084959,"total_ms":0.709277},"throughput":{"mgas_per_sec":0},"state_reads":{"accounts":4,"storage_slots":0,"code":0,"code_bytes":0},"state_writes":{"accounts":0,"accounts_deleted":0,"storage_slots":0,"storage_slots_deleted":0,"code":0,"code_bytes":0},"cache":{"account":{"hits":0,"misses":4,"hit_rate":0},"storage":{"hits":0,"misses":0,"hit_rate":0},"code":{"hits":0,"misses":0,"hit_rate":0,"hit_bytes":0,"miss_bytes":0}}}
INFO [03-24|02:53:35.584] Imported new potential chain segment     number=25115 hash=dbda9e..925fa3 blocks=1 txs=0 mgas=0.000 elapsed="927.986µs" mgasps=0.000 triediffs=909.47MiB triedirty=0.00B
INFO [03-24|02:53:35.584] Chain head was updated                   number=25115 hash=dbda9e..925fa3 root=1b5524..ccf539 elapsed="26.12µs"
INFO [03-24|02:53:36.413] Submitted contract creation              hash=0xd86d1eb646ed9135725ca2914b7032c02f9b54f4c52b295aeb55826e50bbb9db from=0xf39Fd6e51aad88F6F4ce6aB8827279cffFb92266 nonce=106 contract=0xF8e31cb472bc70500f08Cd84917E5A1912Ec8397 value=0
INFO [03-24|02:53:36.417] Submitted transaction                    hash=0x7f2c7c1d71010007936b7ca7caa8fbb9b2104ce3592b444bdd50f06247cf8a55 from=0xf39Fd6e51aad88F6F4ce6aB8827279cffFb92266 nonce=107 recipient=0xA99F59557b93e65516644560Fb6c2a5561BBe7f2 value=600,000,001,000,000,000
INFO [03-24|02:53:45.588] Starting work on payload                 id=0x0389f508e83cb6a2
WARN [03-24|02:53:47.618] Block building is interrupted            allowance=2s
INFO [03-24|02:53:47.985] Updated payload                          id=0x0389f508e83cb6a2 number=25116 hash=c77c82..57ab26 txs=5 withdrawals=0 gas=13,244,347 fees=0.026823726 root=c94b37..63e58e elapsed=2.396s
WARN [03-24|02:53:49.325] {"level":"warn","msg":"Slow block","block":{"number":25116,"hash":"0xc77c8298b64a18d1aab947df2f423123fe7dcaaf00c12a3410e26063de57ab26","gas_used":13244347,"tx_count":5},"timing":{"execution_ms":30.536728,"state_read_ms":810.122205,"state_hash_ms":429.43389,"commit_ms":66.949331,"total_ms":1337.313804},"throughput":{"mgas_per_sec":9.90369422672915},"state_reads":{"accounts":16,"storage_slots":2224,"code":1,"code_bytes":1344},"state_writes":{"accounts":7,"accounts_deleted":0,"storage_slots":0,"storage_slots_deleted":0,"code":1,"code_bytes":78},"cache":{"account":{"hits":10,"misses":6,"hit_rate":62.5},"storage":{"hits":1699,"misses":525,"hit_rate":76.39388489208633},"code":{"hits":1,"misses":0,"hit_rate":100,"hit_bytes":1344,"miss_bytes":0}}}
INFO [03-24|02:53:49.325] Imported new potential chain segment     number=25116 hash=c77c82..57ab26 blocks=1 txs=5 mgas=13.244 elapsed=1.337s      mgasps=9.901 triediffs=918.22MiB triedirty=0.00B
INFO [03-24|02:53:49.327] Chain head was updated                   number=25116 hash=c77c82..57ab26 root=c94b37..63e58e elapsed="423.317µs"
INFO [03-24|02:53:49.534] Submitted transaction                    hash=0xfc566d153884189658e916759e2c1ce4c338babdfff341ef831d050a9d83b790 from=0xA99F59557b93e65516644560Fb6c2a5561BBe7f2 nonce=0   recipient=0xF8e31cb472bc70500f08Cd84917E5A1912Ec8397 value=0
WARN [03-24|02:53:50.004] Block building is interrupted            allowance=2s
INFO [03-24|02:53:50.641] Stopping work on payload                 id=0x0389f508e83cb6a2 reason=delivery
INFO [03-24|02:53:59.333] Starting work on payload                 id=0x03659685d782fbdb
WARN [03-24|02:54:02.266] Block building is interrupted            allowance=2s
INFO [03-24|02:54:02.818] Updated payload                          id=0x03659685d782fbdb number=25117 hash=224c99..be58ab txs=1 withdrawals=0 gas=26,191,182 fees=0.1571470921 root=a07aeb..b20be0 elapsed=3.484s
WARN [03-24|02:54:04.789] {"level":"warn","msg":"Slow block","block":{"number":25117,"hash":"0x224c9929e2af89c1a7c16e58b4b5f399a6082db083b6fd8f42b82a631ebe58ab","gas_used":26191182,"tx_count":1},"timing":{"execution_ms":145.213848,"state_read_ms":1024.828631,"state_hash_ms":726.666319,"commit_ms":71.820934,"total_ms":1968.687552},"throughput":{"mgas_per_sec":13.303879517799684},"state_reads":{"accounts":8,"storage_slots":4094,"code":2,"code_bytes":1422},"state_writes":{"accounts":3,"accounts_deleted":0,"storage_slots":0,"storage_slots_deleted":0,"code":0,"code_bytes":0},"cache":{"account":{"hits":3,"misses":5,"hit_rate":37.5},"storage":{"hits":1765,"misses":2329,"hit_rate":43.11187103077675},"code":{"hits":2,"misses":0,"hit_rate":100,"hit_bytes":1422,"miss_bytes":0}}}
INFO [03-24|02:54:04.789] Imported new potential chain segment     number=25117 hash=224c99..be58ab blocks=1 txs=1 mgas=26.191 elapsed=1.968s      mgasps=13.303 triediffs=933.45MiB triedirty=0.00B
INFO [03-24|02:54:04.790] Chain head was updated                   number=25117 hash=224c99..be58ab root=a07aeb..b20be0 elapsed="88.759µs"
WARN [03-24|02:54:04.913] Block building is interrupted            allowance=2s
INFO [03-24|02:54:05.639] Submitted transaction                    hash=0x9dc5b9351a210f0d2893ef30d79619e85aef292856e03a81439ec9458901533b from=0xA99F59557b93e65516644560Fb6c2a5561BBe7f2 nonce=1   recipient=0xf39Fd6e51aad88F6F4ce6aB8827279cffFb92266 value=442,789,908,737,878,180
INFO [03-24|02:54:05.768] Stopping work on payload                 id=0x03659685d782fbdb reason=delivery
INFO [03-24|02:54:14.797] Starting work on payload                 id=0x0320351879224af4
WARN [03-24|02:54:17.137] Block building is interrupted            allowance=2s
INFO [03-24|02:54:17.940] Updated payload                          id=0x0320351879224af4 number=25118 hash=84855f..3f5eed txs=8 withdrawals=0 gas=30,729,041 fees=0.061479082  root=c3826f..4f3eb4 elapsed=3.142s
WARN [03-24|02:54:20.157] Block building is interrupted            allowance=2s
INFO [03-24|02:54:21.183] Stopping work on payload                 id=0x0320351879224af4 reason=delivery
WARN [03-24|02:54:21.276] {"level":"warn","msg":"Slow block","block":{"number":25118,"hash":"0x84855f514d2697023ca8e2301bc3f00c2c6ddebb463e12e9dafe200f8e3f5eed","gas_used":30729041,"tx_count":8},"timing":{"execution_ms":64.973403,"state_read_ms":2147.12103,"state_hash_ms":1026.264083,"commit_ms":95.350761,"total_ms":3333.953618},"throughput":{"mgas_per_sec":9.216997151398283},"state_reads":{"accounts":12,"storage_slots":5186,"code":1,"code_bytes":1344},"state_writes":{"accounts":8,"accounts_deleted":0,"storage_slots":0,"storage_slots_deleted":0,"code":0,"code_bytes":0},"cache":{"account":{"hits":8,"misses":4,"hit_rate":66.66666666666666},"storage":{"hits":4446,"misses":740,"hit_rate":85.73081372927112},"code":{"hits":1,"misses":0,"hit_rate":100,"hit_bytes":1344,"miss_bytes":0}}}
INFO [03-24|02:54:21.276] Imported new potential chain segment     number=25118 hash=84855f..3f5eed blocks=1 txs=8 mgas=30.729 elapsed=3.334s      mgasps=9.216  triediffs=952.40MiB triedirty=0.00B
INFO [03-24|02:54:21.277] Chain head was updated                   number=25118 hash=84855f..3f5eed root=c3826f..4f3eb4 elapsed="103.369µs"
