INFO [03-24|03:42:30.398] Starting Geth on Ethereum mainnet...
INFO [03-24|03:42:30.400] Maximum peer count                       ETH=0 total=0
INFO [03-24|03:42:30.401] Smartcard socket not found, disabling    err="stat /run/pcscd/pcscd.comm: no such file or directory"
WARN [03-24|03:42:30.402] Option --miner.etherbase is deprecated as the etherbase is set by the consensus client post-merge
WARN [03-24|03:42:30.403] Snap sync requested, resetting --cache.snapshot
INFO [03-24|03:42:30.403] Global gas cap disabled
INFO [03-24|03:42:31.050] Using developer account                  address=0xf39Fd6e51aad88F6F4ce6aB8827279cffFb92266
INFO [03-24|03:42:31.543] Using pebble as the backing database
INFO [03-24|03:42:31.543] Allocated cache and file handles         database=/home/CPerezz/bintrie-benchmarks/mpt-vs-bintrie/dbs/bt-gd5/geth/chaindata cache=16.00MiB handles=524,288
INFO [03-24|03:42:35.903] Opened ancient database                  database=/home/CPerezz/bintrie-benchmarks/mpt-vs-bintrie/dbs/bt-gd5/geth/chaindata/ancient/chain readonly=true
INFO [03-24|03:42:35.903] Opened Era store                         datadir=/home/CPerezz/bintrie-benchmarks/mpt-vs-bintrie/dbs/bt-gd5/geth/chaindata/ancient/chain/era
INFO [03-24|03:42:35.919] Initializing the KZG library             backend=gokzg
INFO [03-24|03:42:35.920] Allocated trie memory caches             clean=0.00B dirty=0.00B
INFO [03-24|03:42:36.086] Using pebble as the backing database
INFO [03-24|03:42:36.086] Allocated cache and file handles         database=/home/CPerezz/bintrie-benchmarks/mpt-vs-bintrie/dbs/bt-gd5/geth/chaindata cache=16.00MiB handles=524,288
INFO [03-24|03:42:38.964] Opened ancient database                  database=/home/CPerezz/bintrie-benchmarks/mpt-vs-bintrie/dbs/bt-gd5/geth/chaindata/ancient/chain readonly=false
INFO [03-24|03:42:38.964] Opened Era store                         datadir=/home/CPerezz/bintrie-benchmarks/mpt-vs-bintrie/dbs/bt-gd5/geth/chaindata/ancient/chain/era
INFO [03-24|03:42:38.966] State scheme set to already existing     scheme=path
INFO [03-24|03:42:38.967] Initialising Ethereum protocol           network=1337 dbversion=9
INFO [03-24|03:42:38.967] Load database journal from file          path=/home/CPerezz/bintrie-benchmarks/mpt-vs-bintrie/dbs/bt-gd5/geth/triedb/verkle.journal
INFO [03-24|03:42:43.944] Opened ancient database                  database=/home/CPerezz/bintrie-benchmarks/mpt-vs-bintrie/dbs/bt-gd5/geth/chaindata/ancient/state_verkle readonly=false
INFO [03-24|03:42:43.946] State snapshot generator is not found
INFO [03-24|03:42:43.946] Initialized path database                triecache=0.00B statecache=0.00B buffer=0.00B state-history="last 90000 blocks" journal-dir=/home/CPerezz/bintrie-benchmarks/mpt-vs-bintrie/dbs/bt-gd5/geth/triedb verkle=true
INFO [03-24|03:42:43.946] 
INFO [03-24|03:42:43.946] ---------------------------------------------------------------------------------------------------------------------------------------------------------
INFO [03-24|03:42:43.946] Chain ID:  1337 (unknown)
INFO [03-24|03:42:43.946] Consensus: unknown
INFO [03-24|03:42:43.946] 
INFO [03-24|03:42:43.946] Pre-Merge hard forks (block based):
INFO [03-24|03:42:43.946]  - Homestead:                   #0       
INFO [03-24|03:42:43.946]  - Tangerine Whistle (EIP 150): #0       
INFO [03-24|03:42:43.946]  - Spurious Dragon/1 (EIP 155): #0       
INFO [03-24|03:42:43.946]  - Spurious Dragon/2 (EIP 158): #0       
INFO [03-24|03:42:43.946]  - Byzantium:                   #0       
INFO [03-24|03:42:43.946]  - Constantinople:              #0       
INFO [03-24|03:42:43.946]  - Petersburg:                  #0       
INFO [03-24|03:42:43.946]  - Istanbul:                    #0       
INFO [03-24|03:42:43.946]  - Muir Glacier:                #0       
INFO [03-24|03:42:43.946]  - Berlin:                      #0       
INFO [03-24|03:42:43.946]  - London:                      #0       
INFO [03-24|03:42:43.946]  - Arrow Glacier:               #0       
INFO [03-24|03:42:43.946]  - Gray Glacier:                #0       
INFO [03-24|03:42:43.946] 
INFO [03-24|03:42:43.946] Merge configured:
INFO [03-24|03:42:43.946]  - Total terminal difficulty:  0
INFO [03-24|03:42:43.946]  - Merge netsplit block:       #0       
INFO [03-24|03:42:43.946] 
INFO [03-24|03:42:43.946] Post-Merge hard forks (timestamp based):
INFO [03-24|03:42:43.946]  - Shanghai:                    @0         
INFO [03-24|03:42:43.946]  - Cancun:                      @0          blob: (target: 3, max: 6, fraction: 3338477)
INFO [03-24|03:42:43.946]  - Prague:                      @0          blob: (target: 6, max: 9, fraction: 5225352)
INFO [03-24|03:42:43.946]  - Verkle:                      @0          blob: (nil)
INFO [03-24|03:42:43.946] 
INFO [03-24|03:42:43.946] All fork specifications can be found at https://ethereum.github.io/execution-specs/src/ethereum/forks/
INFO [03-24|03:42:43.946] 
INFO [03-24|03:42:43.946] ---------------------------------------------------------------------------------------------------------------------------------------------------------
INFO [03-24|03:42:43.946] 
INFO [03-24|03:42:43.946] Loaded most recent local block           number=25155 hash=028008..ec8fad age=56s
INFO [03-24|03:42:43.947] Loaded most recent local finalized block number=25152 hash=3683c5..01b479 age=2m19s
INFO [03-24|03:42:43.947] Initialized transaction indexer          range="last 2350000 blocks"
INFO [03-24|03:42:43.947] Initialized log indexer                  firstblock=0 lastblock=25155 firstmap=0 lastmap=4 headindexed=true
INFO [03-24|03:42:43.951] Enabled full-sync                        head=25155 hash=028008..ec8fad
INFO [03-24|03:42:43.951] Unprotected transactions allowed
INFO [03-24|03:42:43.951] Gasprice oracle is ignoring threshold set threshold=2
WARN [03-24|03:42:43.952] Unclean shutdown detected                booted=2026-03-24T02:10:37+0100 age=1h32m6s
INFO [03-24|03:42:43.952] Registered sync override service
WARN [03-24|03:42:43.952] You are running Geth in --dev mode. Please note the following:
WARN [03-24|03:42:43.952] 
WARN [03-24|03:42:43.952]   1. This mode is only intended for fast, iterative development without assumptions on
WARN [03-24|03:42:43.952]      security or persistence.
WARN [03-24|03:42:43.952]   2. The database is created in memory unless specified otherwise. Therefore, shutting down
WARN [03-24|03:42:43.952]      your computer or losing power will wipe your entire block data and chain state for
WARN [03-24|03:42:43.952]      your dev environment.
WARN [03-24|03:42:43.952]   3. A random, pre-allocated developer account will be available and unlocked as
WARN [03-24|03:42:43.952]      eth.coinbase, which can be used for testing. The random dev account is temporary,
WARN [03-24|03:42:43.952]      stored on a ramdisk, and will be lost if your machine is restarted.
WARN [03-24|03:42:43.952]   4. Mining is enabled by default. However, the client will only seal blocks if transactions
WARN [03-24|03:42:43.952]      are pending in the mempool. The miner's minimum accepted gas price is 1.
WARN [03-24|03:42:43.952]   5. Networking is disabled; there is no listen-address, the maximum number of peers is set
WARN [03-24|03:42:43.952]      to 0, and discovery is disabled.
WARN [03-24|03:42:43.952] 
INFO [03-24|03:42:43.952] Starting peer-to-peer node               instance=Geth/v1.17.2-unstable-991300c4-20260319/linux-amd64/go1.24.1
WARN [03-24|03:42:43.952] P2P server will be useless, neither dialing nor listening
INFO [03-24|03:42:43.957] IPC endpoint opened                      url=/home/CPerezz/bintrie-benchmarks/mpt-vs-bintrie/dbs/bt-gd5/geth.ipc
ERROR[03-24|03:42:43.957] Unavailable modules in HTTP API list     unavailable=[personal] available="[admin debug web3 eth txpool miner net dev testing]"
INFO [03-24|03:42:43.957] HTTP server started                      endpoint=[::]:8545 auth=false prefix= cors= vhosts=localhost
INFO [03-24|03:42:43.957] WebSocket enabled                        url=ws://[::]:8546
INFO [03-24|03:42:43.957] New local node record                    seq=1,774,173,716,177 id=5ca20ce916776c2d ip=127.0.0.1 udp=0 tcp=0
INFO [03-24|03:42:43.957] Started P2P networking                   self=enode://1077caac14890773549d39754d8c8bc5e612fe651148195d9a07a9cf579886d29513235e655b87f0a9b698489f0fa6ab6844ce86094074ef6793d42e9b0e3c5f@127.0.0.1:0
INFO [03-24|03:42:44.094] Loaded local transaction journal         transactions=2379 dropped=0
INFO [03-24|03:42:45.656] Started log indexer
INFO [03-24|03:42:45.665] Starting work on payload                 id=0x0304567143b26ba7
INFO [03-24|03:42:45.666] Updated payload                          id=0x0304567143b26ba7 number=25156 hash=ddf329..0f00d3 txs=0 withdrawals=0 gas=0 fees=0 root=b2d4d8..76b019 elapsed="699.536µs"
INFO [03-24|03:42:45.666] Stopping work on payload                 id=0x0304567143b26ba7 reason=delivery
WARN [03-24|03:42:45.667] {"level":"warn","msg":"Slow block","block":{"number":25156,"hash":"0xddf32917caec99473de195caa40007face471debb727ad0046b9763a9a0f00d3","gas_used":0,"tx_count":0},"timing":{"execution_ms":0.01075,"state_read_ms":0.602906,"state_hash_ms":0.00053,"commit_ms":0.082679,"total_ms":0.815047},"throughput":{"mgas_per_sec":0},"state_reads":{"accounts":4,"storage_slots":0,"code":0,"code_bytes":0},"state_writes":{"accounts":0,"accounts_deleted":0,"storage_slots":0,"storage_slots_deleted":0,"code":0,"code_bytes":0},"cache":{"account":{"hits":0,"misses":4,"hit_rate":0},"storage":{"hits":0,"misses":0,"hit_rate":0},"code":{"hits":0,"misses":0,"hit_rate":0,"hit_bytes":0,"miss_bytes":0}}}
INFO [03-24|03:42:45.667] Imported new potential chain segment     number=25156 hash=ddf329..0f00d3 blocks=1 txs=0 mgas=0.000 elapsed=1.066ms     mgasps=0.000 triediffs=970.12MiB triedirty=0.00B
INFO [03-24|03:42:45.667] Chain head was updated                   number=25156 hash=ddf329..0f00d3 root=b2d4d8..76b019 elapsed="23.41µs"
INFO [03-24|03:42:45.729] Submitted contract creation              hash=0xced093b371ae5551392579d32927bfe0f1c2b87cef5eb58693440c99de0bc0a1 from=0xf39Fd6e51aad88F6F4ce6aB8827279cffFb92266 nonce=140 contract=0x976fcd02f7C4773dd89C309fBF55D5923B4c98a1 value=0
INFO [03-24|03:42:45.731] Submitted transaction                    hash=0xc669da2f68f8db435102fd9738a2be5eef2a28852929ff46cb6f55b7fd60dc71 from=0xf39Fd6e51aad88F6F4ce6aB8827279cffFb92266 nonce=141 recipient=0x1942998DC1F17A65b1B858695409dAA1fc2619b3 value=600,000,001,300,000,000
INFO [03-24|03:42:55.671] Starting work on payload                 id=0x0387fb5f43347164
WARN [03-24|03:42:57.693] Block building is interrupted            allowance=2s
INFO [03-24|03:42:58.137] Updated payload                          id=0x0387fb5f43347164 number=25157 hash=1e95be..4e0db3 txs=5 withdrawals=0 gas=13,244,251 fees=0.02682315 root=c3a7dd..f5422c elapsed=2.465s
INFO [03-24|03:42:59.578] Paused snapshot generation
WARN [03-24|03:42:59.580] {"level":"warn","msg":"Slow block","block":{"number":25157,"hash":"0x1e95be395719f3a62a71a87117c4012b1505e3a1fbb71c2d29e8e1c6954e0db3","gas_used":13244251,"tx_count":5},"timing":{"execution_ms":31.636624,"state_read_ms":858.134004,"state_hash_ms":501.119228,"commit_ms":48.268754,"total_ms":1439.406199},"throughput":{"mgas_per_sec":9.20119074740764},"state_reads":{"accounts":16,"storage_slots":2224,"code":1,"code_bytes":1344},"state_writes":{"accounts":7,"accounts_deleted":0,"storage_slots":0,"storage_slots_deleted":0,"code":1,"code_bytes":72},"cache":{"account":{"hits":10,"misses":6,"hit_rate":62.5},"storage":{"hits":1627,"misses":597,"hit_rate":73.15647482014388},"code":{"hits":1,"misses":0,"hit_rate":100,"hit_bytes":1344,"miss_bytes":0}}}
INFO [03-24|03:42:59.580] Imported new potential chain segment     number=25157 hash=1e95be..4e0db3 blocks=1 txs=5 mgas=13.244 elapsed=1.439s      mgasps=9.199 triediffs=962.94MiB triedirty=0.00B
INFO [03-24|03:42:59.580] Chain head was updated                   number=25157 hash=1e95be..4e0db3 root=c3a7dd..f5422c elapsed="147.959µs"
WARN [03-24|03:42:59.628] Snapshot generation is not permitted
INFO [03-24|03:42:59.810] Submitted transaction                    hash=0x696576ab697c2b6e02c6cf0e8ec57a5989154b6e6a138b64cd50b7b100376f0e from=0x1942998DC1F17A65b1B858695409dAA1fc2619b3 nonce=0   recipient=0x976fcd02f7C4773dd89C309fBF55D5923B4c98a1 value=0
WARN [03-24|03:43:00.319] Block building is interrupted            allowance=2s
INFO [03-24|03:43:00.865] Stopping work on payload                 id=0x0387fb5f43347164 reason=delivery
INFO [03-24|03:43:09.584] Starting work on payload                 id=0x030751e21653470a
WARN [03-24|03:43:27.987] Block building is interrupted            allowance=2s
INFO [03-24|03:43:27.988] Updated payload                          id=0x030751e21653470a number=25158 hash=96d940..d4b320 txs=1 withdrawals=0 gas=100,000,000 fees=0.6000000005 root=2fb0f1..639a8e elapsed=18.403s
WARN [03-24|03:43:41.053] Block building is interrupted            allowance=2s
INFO [03-24|03:43:41.053] Stopping work on payload                 id=0x030751e21653470a reason=delivery
INFO [03-24|03:43:41.097] Paused snapshot generation
WARN [03-24|03:43:41.099] {"level":"warn","msg":"Slow block","block":{"number":25158,"hash":"0x96d9408b2a684f76305f439aca7a2b7e8569b5b6ee8cf8d2caef9dcc2ed4b320","gas_used":100000000,"tx_count":1},"timing":{"execution_ms":1434.578583,"state_read_ms":11624.080054,"state_hash_ms":0.244299,"commit_ms":50.274851,"total_ms":13109.295017},"throughput":{"mgas_per_sec":7.628175265742438},"state_reads":{"accounts":8,"storage_slots":36741,"code":2,"code_bytes":1416},"state_writes":{"accounts":2,"accounts_deleted":0,"storage_slots":0,"storage_slots_deleted":0,"code":0,"code_bytes":0},"cache":{"account":{"hits":4,"misses":4,"hit_rate":50},"storage":{"hits":11553,"misses":25188,"hit_rate":31.44443537192782},"code":{"hits":2,"misses":0,"hit_rate":100,"hit_bytes":1416,"miss_bytes":0}}}
INFO [03-24|03:43:41.099] Imported new potential chain segment     number=25158 hash=96d940..d4b320 blocks=1 txs=1 mgas=100.000 elapsed=13.109s     mgasps=7.628 triediffs=947.08MiB triedirty=0.00B
INFO [03-24|03:43:41.099] Chain head was updated                   number=25158 hash=96d940..d4b320 root=2fb0f1..639a8e elapsed="71.09µs"
WARN [03-24|03:43:41.161] Snapshot generation is not permitted
