INFO [03-24|03:40:09.086] Starting Geth on Ethereum mainnet...
INFO [03-24|03:40:09.088] Maximum peer count                       ETH=0 total=0
INFO [03-24|03:40:09.089] Smartcard socket not found, disabling    err="stat /run/pcscd/pcscd.comm: no such file or directory"
WARN [03-24|03:40:09.090] Option --miner.etherbase is deprecated as the etherbase is set by the consensus client post-merge
WARN [03-24|03:40:09.092] Snap sync requested, resetting --cache.snapshot
INFO [03-24|03:40:09.093] Global gas cap disabled
INFO [03-24|03:40:09.735] Using developer account                  address=0xf39Fd6e51aad88F6F4ce6aB8827279cffFb92266
INFO [03-24|03:40:10.250] Using pebble as the backing database
INFO [03-24|03:40:10.250] Allocated cache and file handles         database=/home/CPerezz/bintrie-benchmarks/mpt-vs-bintrie/dbs/bt-gd5/geth/chaindata cache=16.00MiB handles=524,288
INFO [03-24|03:40:14.560] Opened ancient database                  database=/home/CPerezz/bintrie-benchmarks/mpt-vs-bintrie/dbs/bt-gd5/geth/chaindata/ancient/chain readonly=true
INFO [03-24|03:40:14.560] Opened Era store                         datadir=/home/CPerezz/bintrie-benchmarks/mpt-vs-bintrie/dbs/bt-gd5/geth/chaindata/ancient/chain/era
INFO [03-24|03:40:14.586] Initializing the KZG library             backend=gokzg
INFO [03-24|03:40:14.588] Allocated trie memory caches             clean=0.00B dirty=0.00B
INFO [03-24|03:40:14.775] Using pebble as the backing database
INFO [03-24|03:40:14.775] Allocated cache and file handles         database=/home/CPerezz/bintrie-benchmarks/mpt-vs-bintrie/dbs/bt-gd5/geth/chaindata cache=16.00MiB handles=524,288
INFO [03-24|03:40:17.689] Opened ancient database                  database=/home/CPerezz/bintrie-benchmarks/mpt-vs-bintrie/dbs/bt-gd5/geth/chaindata/ancient/chain readonly=false
INFO [03-24|03:40:17.689] Opened Era store                         datadir=/home/CPerezz/bintrie-benchmarks/mpt-vs-bintrie/dbs/bt-gd5/geth/chaindata/ancient/chain/era
INFO [03-24|03:40:17.690] State scheme set to already existing     scheme=path
INFO [03-24|03:40:17.691] Initialising Ethereum protocol           network=1337 dbversion=9
INFO [03-24|03:40:17.691] Load database journal from file          path=/home/CPerezz/bintrie-benchmarks/mpt-vs-bintrie/dbs/bt-gd5/geth/triedb/verkle.journal
INFO [03-24|03:40:22.883] Opened ancient database                  database=/home/CPerezz/bintrie-benchmarks/mpt-vs-bintrie/dbs/bt-gd5/geth/chaindata/ancient/state_verkle readonly=false
INFO [03-24|03:40:22.885] State snapshot generator is not found
INFO [03-24|03:40:22.885] Initialized path database                triecache=0.00B statecache=0.00B buffer=0.00B state-history="last 90000 blocks" journal-dir=/home/CPerezz/bintrie-benchmarks/mpt-vs-bintrie/dbs/bt-gd5/geth/triedb verkle=true
INFO [03-24|03:40:22.885] 
INFO [03-24|03:40:22.885] ---------------------------------------------------------------------------------------------------------------------------------------------------------
INFO [03-24|03:40:22.885] Chain ID:  1337 (unknown)
INFO [03-24|03:40:22.885] Consensus: unknown
INFO [03-24|03:40:22.885] 
INFO [03-24|03:40:22.885] Pre-Merge hard forks (block based):
INFO [03-24|03:40:22.885]  - Homestead:                   #0       
INFO [03-24|03:40:22.885]  - Tangerine Whistle (EIP 150): #0       
INFO [03-24|03:40:22.885]  - Spurious Dragon/1 (EIP 155): #0       
INFO [03-24|03:40:22.885]  - Spurious Dragon/2 (EIP 158): #0       
INFO [03-24|03:40:22.885]  - Byzantium:                   #0       
INFO [03-24|03:40:22.885]  - Constantinople:              #0       
INFO [03-24|03:40:22.885]  - Petersburg:                  #0       
INFO [03-24|03:40:22.885]  - Istanbul:                    #0       
INFO [03-24|03:40:22.885]  - Muir Glacier:                #0       
INFO [03-24|03:40:22.885]  - Berlin:                      #0       
INFO [03-24|03:40:22.885]  - London:                      #0       
INFO [03-24|03:40:22.885]  - Arrow Glacier:               #0       
INFO [03-24|03:40:22.885]  - Gray Glacier:                #0       
INFO [03-24|03:40:22.885] 
INFO [03-24|03:40:22.885] Merge configured:
INFO [03-24|03:40:22.885]  - Total terminal difficulty:  0
INFO [03-24|03:40:22.885]  - Merge netsplit block:       #0       
INFO [03-24|03:40:22.885] 
INFO [03-24|03:40:22.885] Post-Merge hard forks (timestamp based):
INFO [03-24|03:40:22.885]  - Shanghai:                    @0         
INFO [03-24|03:40:22.885]  - Cancun:                      @0          blob: (target: 3, max: 6, fraction: 3338477)
INFO [03-24|03:40:22.885]  - Prague:                      @0          blob: (target: 6, max: 9, fraction: 5225352)
INFO [03-24|03:40:22.885]  - Verkle:                      @0          blob: (nil)
INFO [03-24|03:40:22.885] 
INFO [03-24|03:40:22.885] All fork specifications can be found at https://ethereum.github.io/execution-specs/src/ethereum/forks/
INFO [03-24|03:40:22.885] 
INFO [03-24|03:40:22.885] ---------------------------------------------------------------------------------------------------------------------------------------------------------
INFO [03-24|03:40:22.885] 
INFO [03-24|03:40:22.886] Loaded most recent local block           number=25151 hash=2b0084..634e87 age=1m3s
INFO [03-24|03:40:22.886] Loaded most recent local finalized block number=25120 hash=b7f64e..fc2403 age=45m24s
INFO [03-24|03:40:22.887] Initialized transaction indexer          range="last 2350000 blocks"
INFO [03-24|03:40:22.887] Initialized log indexer                  firstblock=0 lastblock=25151 firstmap=0 lastmap=4 headindexed=true
INFO [03-24|03:40:22.890] Enabled full-sync                        head=25151 hash=2b0084..634e87
INFO [03-24|03:40:22.891] Unprotected transactions allowed
INFO [03-24|03:40:22.891] Gasprice oracle is ignoring threshold set threshold=2
WARN [03-24|03:40:22.891] Unclean shutdown detected                booted=2026-03-24T02:10:37+0100 age=1h29m45s
INFO [03-24|03:40:22.891] Registered sync override service
WARN [03-24|03:40:22.891] You are running Geth in --dev mode. Please note the following:
WARN [03-24|03:40:22.891] 
WARN [03-24|03:40:22.891]   1. This mode is only intended for fast, iterative development without assumptions on
WARN [03-24|03:40:22.891]      security or persistence.
WARN [03-24|03:40:22.891]   2. The database is created in memory unless specified otherwise. Therefore, shutting down
WARN [03-24|03:40:22.891]      your computer or losing power will wipe your entire block data and chain state for
WARN [03-24|03:40:22.891]      your dev environment.
WARN [03-24|03:40:22.891]   3. A random, pre-allocated developer account will be available and unlocked as
WARN [03-24|03:40:22.891]      eth.coinbase, which can be used for testing. The random dev account is temporary,
WARN [03-24|03:40:22.891]      stored on a ramdisk, and will be lost if your machine is restarted.
WARN [03-24|03:40:22.891]   4. Mining is enabled by default. However, the client will only seal blocks if transactions
WARN [03-24|03:40:22.891]      are pending in the mempool. The miner's minimum accepted gas price is 1.
WARN [03-24|03:40:22.891]   5. Networking is disabled; there is no listen-address, the maximum number of peers is set
WARN [03-24|03:40:22.891]      to 0, and discovery is disabled.
WARN [03-24|03:40:22.891] 
INFO [03-24|03:40:22.891] Starting peer-to-peer node               instance=Geth/v1.17.2-unstable-991300c4-20260319/linux-amd64/go1.24.1
WARN [03-24|03:40:22.891] P2P server will be useless, neither dialing nor listening
INFO [03-24|03:40:22.896] IPC endpoint opened                      url=/home/CPerezz/bintrie-benchmarks/mpt-vs-bintrie/dbs/bt-gd5/geth.ipc
ERROR[03-24|03:40:22.896] Unavailable modules in HTTP API list     unavailable=[personal] available="[admin debug web3 eth txpool miner net dev testing]"
INFO [03-24|03:40:22.896] HTTP server started                      endpoint=[::]:8545 auth=false prefix= cors= vhosts=localhost
INFO [03-24|03:40:22.896] New local node record                    seq=1,774,173,716,175 id=5ca20ce916776c2d ip=127.0.0.1 udp=0 tcp=0
INFO [03-24|03:40:22.896] Started P2P networking                   self=enode://1077caac14890773549d39754d8c8bc5e612fe651148195d9a07a9cf579886d29513235e655b87f0a9b698489f0fa6ab6844ce86094074ef6793d42e9b0e3c5f@127.0.0.1:0
INFO [03-24|03:40:22.896] WebSocket enabled                        url=ws://[::]:8546
INFO [03-24|03:40:23.020] Loaded local transaction journal         transactions=2373 dropped=0
INFO [03-24|03:40:24.424] Submitted contract creation              hash=0x515c3bf764c1c268bf7edf338012e6b21fdf9071f61a5dec682bb47fcc1bacaf from=0xf39Fd6e51aad88F6F4ce6aB8827279cffFb92266 nonce=136 contract=0x6F6f570F45833E249e27022648a26F4076F48f78 value=0
INFO [03-24|03:40:24.427] Submitted transaction                    hash=0xa9c26fab0fd4130e11189ed92b269622c4a4c61fd302cddaa31a381e21021128 from=0xf39Fd6e51aad88F6F4ce6aB8827279cffFb92266 nonce=137 recipient=0x458cC7FdC161AB9B52AB2763F3FDCEc332436C24 value=600,000,001,200,000,000
INFO [03-24|03:40:24.845] Started log indexer
INFO [03-24|03:40:24.855] Starting work on payload                 id=0x0396f7f5824f11e7
INFO [03-24|03:40:24.862] Updated payload                          id=0x0396f7f5824f11e7 number=25152 hash=3683c5..01b479 txs=2 withdrawals=0 gas=83662 fees=0.0005019720003 root=50bb98..a0ac91 elapsed=6.866ms
INFO [03-24|03:40:24.862] Stopping work on payload                 id=0x0396f7f5824f11e7 reason=delivery
INFO [03-24|03:40:24.875] Paused snapshot generation
WARN [03-24|03:40:24.877] {"level":"warn","msg":"Slow block","block":{"number":25152,"hash":"0x3683c5a4bc97a715b17e36fa0307a60dab513ee25e92b24904c769eea001b479","gas_used":83662,"tx_count":2},"timing":{"execution_ms":0.077659,"state_read_ms":1.043534,"state_hash_ms":0.664106,"commit_ms":12.723131,"total_ms":14.661521},"throughput":{"mgas_per_sec":5.7062292513853095},"state_reads":{"accounts":12,"storage_slots":0,"code":0,"code_bytes":0},"state_writes":{"accounts":3,"accounts_deleted":0,"storage_slots":0,"storage_slots_deleted":0,"code":1,"code_bytes":72},"cache":{"account":{"hits":6,"misses":6,"hit_rate":50},"storage":{"hits":0,"misses":0,"hit_rate":0},"code":{"hits":0,"misses":0,"hit_rate":0,"hit_bytes":0,"miss_bytes":0}}}
INFO [03-24|03:40:24.877] Imported new potential chain segment     number=25152 hash=3683c5..01b479 blocks=1 txs=2 mgas=0.084 elapsed=14.848ms mgasps=5.634 triediffs=1015.23MiB triedirty=0.00B
INFO [03-24|03:40:24.877] Chain head was updated                   number=25152 hash=3683c5..01b479 root=50bb98..a0ac91 elapsed="116.549µs"
WARN [03-24|03:40:24.946] Snapshot generation is not permitted
INFO [03-24|03:40:25.443] Submitted transaction                    hash=0xe537bae5c78943109de2e660b0f163efaea595bdb1e7fda721dffbc756136ee6 from=0x458cC7FdC161AB9B52AB2763F3FDCEc332436C24 nonce=0   recipient=0x6F6f570F45833E249e27022648a26F4076F48f78 value=0
INFO [03-24|03:40:34.884] Starting work on payload                 id=0x0306971ce19a4288
WARN [03-24|03:40:54.251] Block building is interrupted            allowance=2s
INFO [03-24|03:40:54.252] Updated payload                          id=0x0306971ce19a4288 number=25153 hash=bd1370..07073b txs=1 withdrawals=0 gas=100,000,000 fees=0.6000000004    root=9afcea..090ded elapsed=19.368s
INFO [03-24|03:40:54.252] Stopping work on payload                 id=0x0306971ce19a4288 reason=timeout
INFO [03-24|03:41:08.828] Paused snapshot generation
WARN [03-24|03:41:08.829] {"level":"warn","msg":"Slow block","block":{"number":25153,"hash":"0xbd1370ae4a0ac36786ecf7c277f8a759d7575367e503bd55655f614a5207073b","gas_used":100000000,"tx_count":1},"timing":{"execution_ms":1516.314771,"state_read_ms":13019.126011,"state_hash_ms":0.470966,"commit_ms":40.02809,"total_ms":14576.206789},"throughput":{"mgas_per_sec":6.860495425700564},"state_reads":{"accounts":8,"storage_slots":36741,"code":2,"code_bytes":1416},"state_writes":{"accounts":2,"accounts_deleted":0,"storage_slots":0,"storage_slots_deleted":0,"code":0,"code_bytes":0},"cache":{"account":{"hits":4,"misses":4,"hit_rate":50},"storage":{"hits":15335,"misses":21406,"hit_rate":41.73811273509159},"code":{"hits":2,"misses":0,"hit_rate":100,"hit_bytes":1416,"miss_bytes":0}}}
INFO [03-24|03:41:08.829] Imported new potential chain segment     number=25153 hash=bd1370..07073b blocks=1 txs=1 mgas=100.000 elapsed=14.576s     mgasps=6.860 triediffs=1001.81MiB triedirty=0.00B
INFO [03-24|03:41:08.830] Chain head was updated                   number=25153 hash=bd1370..07073b root=9afcea..090ded elapsed="81.849µs"
WARN [03-24|03:41:08.869] Snapshot generation is not permitted
