INFO [03-24|03:35:27.471] Starting Geth on Ethereum mainnet...
INFO [03-24|03:35:27.473] Maximum peer count                       ETH=0 total=0
INFO [03-24|03:35:27.475] Smartcard socket not found, disabling    err="stat /run/pcscd/pcscd.comm: no such file or directory"
WARN [03-24|03:35:27.476] Option --miner.etherbase is deprecated as the etherbase is set by the consensus client post-merge
WARN [03-24|03:35:27.477] Snap sync requested, resetting --cache.snapshot
INFO [03-24|03:35:27.477] Global gas cap disabled
INFO [03-24|03:35:28.138] Using developer account                  address=0xf39Fd6e51aad88F6F4ce6aB8827279cffFb92266
INFO [03-24|03:35:28.637] Using pebble as the backing database
INFO [03-24|03:35:28.638] Allocated cache and file handles         database=/home/CPerezz/bintrie-benchmarks/mpt-vs-bintrie/dbs/bt-gd5/geth/chaindata cache=16.00MiB handles=524,288
INFO [03-24|03:35:33.006] Opened ancient database                  database=/home/CPerezz/bintrie-benchmarks/mpt-vs-bintrie/dbs/bt-gd5/geth/chaindata/ancient/chain readonly=true
INFO [03-24|03:35:33.006] Opened Era store                         datadir=/home/CPerezz/bintrie-benchmarks/mpt-vs-bintrie/dbs/bt-gd5/geth/chaindata/ancient/chain/era
INFO [03-24|03:35:33.031] Initializing the KZG library             backend=gokzg
INFO [03-24|03:35:33.032] Allocated trie memory caches             clean=0.00B dirty=0.00B
INFO [03-24|03:35:33.205] Using pebble as the backing database
INFO [03-24|03:35:33.205] Allocated cache and file handles         database=/home/CPerezz/bintrie-benchmarks/mpt-vs-bintrie/dbs/bt-gd5/geth/chaindata cache=16.00MiB handles=524,288
INFO [03-24|03:35:36.046] Opened ancient database                  database=/home/CPerezz/bintrie-benchmarks/mpt-vs-bintrie/dbs/bt-gd5/geth/chaindata/ancient/chain readonly=false
INFO [03-24|03:35:36.046] Opened Era store                         datadir=/home/CPerezz/bintrie-benchmarks/mpt-vs-bintrie/dbs/bt-gd5/geth/chaindata/ancient/chain/era
INFO [03-24|03:35:36.049] State scheme set to already existing     scheme=path
INFO [03-24|03:35:36.049] Initialising Ethereum protocol           network=1337 dbversion=9
INFO [03-24|03:35:36.049] Load database journal from file          path=/home/CPerezz/bintrie-benchmarks/mpt-vs-bintrie/dbs/bt-gd5/geth/triedb/verkle.journal
INFO [03-24|03:35:41.485] Opened ancient database                  database=/home/CPerezz/bintrie-benchmarks/mpt-vs-bintrie/dbs/bt-gd5/geth/chaindata/ancient/state_verkle readonly=false
INFO [03-24|03:35:41.487] State snapshot generator is not found
INFO [03-24|03:35:41.487] Initialized path database                triecache=0.00B statecache=0.00B buffer=0.00B state-history="last 90000 blocks" journal-dir=/home/CPerezz/bintrie-benchmarks/mpt-vs-bintrie/dbs/bt-gd5/geth/triedb verkle=true
INFO [03-24|03:35:41.487] 
INFO [03-24|03:35:41.487] ---------------------------------------------------------------------------------------------------------------------------------------------------------
INFO [03-24|03:35:41.487] Chain ID:  1337 (unknown)
INFO [03-24|03:35:41.487] Consensus: unknown
INFO [03-24|03:35:41.487] 
INFO [03-24|03:35:41.487] Pre-Merge hard forks (block based):
INFO [03-24|03:35:41.487]  - Homestead:                   #0       
INFO [03-24|03:35:41.487]  - Tangerine Whistle (EIP 150): #0       
INFO [03-24|03:35:41.487]  - Spurious Dragon/1 (EIP 155): #0       
INFO [03-24|03:35:41.487]  - Spurious Dragon/2 (EIP 158): #0       
INFO [03-24|03:35:41.487]  - Byzantium:                   #0       
INFO [03-24|03:35:41.487]  - Constantinople:              #0       
INFO [03-24|03:35:41.487]  - Petersburg:                  #0       
INFO [03-24|03:35:41.487]  - Istanbul:                    #0       
INFO [03-24|03:35:41.487]  - Muir Glacier:                #0       
INFO [03-24|03:35:41.487]  - Berlin:                      #0       
INFO [03-24|03:35:41.487]  - London:                      #0       
INFO [03-24|03:35:41.487]  - Arrow Glacier:               #0       
INFO [03-24|03:35:41.487]  - Gray Glacier:                #0       
INFO [03-24|03:35:41.487] 
INFO [03-24|03:35:41.487] Merge configured:
INFO [03-24|03:35:41.487]  - Total terminal difficulty:  0
INFO [03-24|03:35:41.487]  - Merge netsplit block:       #0       
INFO [03-24|03:35:41.487] 
INFO [03-24|03:35:41.487] Post-Merge hard forks (timestamp based):
INFO [03-24|03:35:41.487]  - Shanghai:                    @0         
INFO [03-24|03:35:41.487]  - Cancun:                      @0          blob: (target: 3, max: 6, fraction: 3338477)
INFO [03-24|03:35:41.487]  - Prague:                      @0          blob: (target: 6, max: 9, fraction: 5225352)
INFO [03-24|03:35:41.487]  - Verkle:                      @0          blob: (nil)
INFO [03-24|03:35:41.487] 
INFO [03-24|03:35:41.487] All fork specifications can be found at https://ethereum.github.io/execution-specs/src/ethereum/forks/
INFO [03-24|03:35:41.487] 
INFO [03-24|03:35:41.487] ---------------------------------------------------------------------------------------------------------------------------------------------------------
INFO [03-24|03:35:41.487] 
INFO [03-24|03:35:41.488] Loaded most recent local block           number=25143 hash=a25e9e..6f6839 age=57s
INFO [03-24|03:35:41.488] Loaded most recent local finalized block number=25120 hash=b7f64e..fc2403 age=40m43s
INFO [03-24|03:35:41.489] Initialized transaction indexer          range="last 2350000 blocks"
INFO [03-24|03:35:41.489] Initialized log indexer                  firstblock=0 lastblock=25143 firstmap=0 lastmap=4 headindexed=true
INFO [03-24|03:35:41.495] Enabled full-sync                        head=25143 hash=a25e9e..6f6839
INFO [03-24|03:35:41.495] Unprotected transactions allowed
INFO [03-24|03:35:41.495] Gasprice oracle is ignoring threshold set threshold=2
WARN [03-24|03:35:41.496] Unclean shutdown detected                booted=2026-03-24T02:10:37+0100 age=1h25m4s
INFO [03-24|03:35:41.496] Registered sync override service
WARN [03-24|03:35:41.496] You are running Geth in --dev mode. Please note the following:
WARN [03-24|03:35:41.496] 
WARN [03-24|03:35:41.496]   1. This mode is only intended for fast, iterative development without assumptions on
WARN [03-24|03:35:41.496]      security or persistence.
WARN [03-24|03:35:41.496]   2. The database is created in memory unless specified otherwise. Therefore, shutting down
WARN [03-24|03:35:41.496]      your computer or losing power will wipe your entire block data and chain state for
WARN [03-24|03:35:41.496]      your dev environment.
WARN [03-24|03:35:41.496]   3. A random, pre-allocated developer account will be available and unlocked as
WARN [03-24|03:35:41.496]      eth.coinbase, which can be used for testing. The random dev account is temporary,
WARN [03-24|03:35:41.496]      stored on a ramdisk, and will be lost if your machine is restarted.
WARN [03-24|03:35:41.496]   4. Mining is enabled by default. However, the client will only seal blocks if transactions
WARN [03-24|03:35:41.496]      are pending in the mempool. The miner's minimum accepted gas price is 1.
WARN [03-24|03:35:41.496]   5. Networking is disabled; there is no listen-address, the maximum number of peers is set
WARN [03-24|03:35:41.496]      to 0, and discovery is disabled.
WARN [03-24|03:35:41.496] 
INFO [03-24|03:35:41.496] Starting peer-to-peer node               instance=Geth/v1.17.2-unstable-991300c4-20260319/linux-amd64/go1.24.1
WARN [03-24|03:35:41.496] P2P server will be useless, neither dialing nor listening
INFO [03-24|03:35:41.500] IPC endpoint opened                      url=/home/CPerezz/bintrie-benchmarks/mpt-vs-bintrie/dbs/bt-gd5/geth.ipc
ERROR[03-24|03:35:41.500] Unavailable modules in HTTP API list     unavailable=[personal] available="[admin debug web3 eth txpool miner net dev testing]"
INFO [03-24|03:35:41.500] New local node record                    seq=1,774,173,716,171 id=5ca20ce916776c2d ip=127.0.0.1 udp=0 tcp=0
INFO [03-24|03:35:41.500] Started P2P networking                   self=enode://1077caac14890773549d39754d8c8bc5e612fe651148195d9a07a9cf579886d29513235e655b87f0a9b698489f0fa6ab6844ce86094074ef6793d42e9b0e3c5f@127.0.0.1:0
INFO [03-24|03:35:41.500] HTTP server started                      endpoint=[::]:8545 auth=false prefix= cors= vhosts=localhost
INFO [03-24|03:35:41.500] WebSocket enabled                        url=ws://[::]:8546
INFO [03-24|03:35:41.610] Loaded local transaction journal         transactions=2361 dropped=0
INFO [03-24|03:35:42.807] Submitted contract creation              hash=0xe6d52db97d352b9774c7af8955428012bdc5eeb7e03990ed63bad095707ca259 from=0xf39Fd6e51aad88F6F4ce6aB8827279cffFb92266 nonce=128 contract=0xB82008565FdC7e44609fA118A4a681E92581e680 value=0
INFO [03-24|03:35:42.810] Submitted transaction                    hash=0x3800aa41bf762c547fde9257f656abb3f501f10f02032bb9d844658fbd27312b from=0xf39Fd6e51aad88F6F4ce6aB8827279cffFb92266 nonce=129 recipient=0xb35EFb6a1F2c25AA8d6aAC2ba6f3DF395874e794 value=600,000,001,200,000,000
INFO [03-24|03:35:43.097] Started log indexer
INFO [03-24|03:35:43.107] Starting work on payload                 id=0x033fe260ffb656e5
INFO [03-24|03:35:43.113] Updated payload                          id=0x033fe260ffb656e5 number=25144 hash=40f5f3..3716b3 txs=2 withdrawals=0 gas=83662 fees=0.0005019720003 root=0e3d3c..f7224a elapsed=5.286ms
INFO [03-24|03:35:43.113] Stopping work on payload                 id=0x033fe260ffb656e5 reason=delivery
WARN [03-24|03:35:43.117] {"level":"warn","msg":"Slow block","block":{"number":25144,"hash":"0x40f5f37737a88e530363f0641a1d53af6f71bd3f1fbcee3d7218417bb63716b3","gas_used":83662,"tx_count":2},"timing":{"execution_ms":0.111788,"state_read_ms":1.487214,"state_hash_ms":0.670538,"commit_ms":0.541838,"total_ms":3.437223},"throughput":{"mgas_per_sec":24.33999772490758},"state_reads":{"accounts":12,"storage_slots":0,"code":0,"code_bytes":0},"state_writes":{"accounts":3,"accounts_deleted":0,"storage_slots":0,"storage_slots_deleted":0,"code":1,"code_bytes":72},"cache":{"account":{"hits":6,"misses":6,"hit_rate":50},"storage":{"hits":0,"misses":0,"hit_rate":0},"code":{"hits":0,"misses":0,"hit_rate":0,"hit_bytes":0,"miss_bytes":0}}}
INFO [03-24|03:35:43.117] Imported new potential chain segment     number=25144 hash=40f5f3..3716b3 blocks=1 txs=2 mgas=0.084 elapsed=3.715ms mgasps=22.515 triediffs=1.04GiB triedirty=0.00B
INFO [03-24|03:35:43.117] Chain head was updated                   number=25144 hash=40f5f3..3716b3 root=0e3d3c..f7224a elapsed="246.749µs"
INFO [03-24|03:35:43.824] Submitted transaction                    hash=0x0d888652a19d7b815cb538eaff09140c3ce8029bb3013437540c5a175ac32b5d from=0xb35EFb6a1F2c25AA8d6aAC2ba6f3DF395874e794 nonce=0   recipient=0xB82008565FdC7e44609fA118A4a681E92581e680 value=0
INFO [03-24|03:35:53.121] Starting work on payload                 id=0x03e6b576b744367a
WARN [03-24|03:36:12.941] Block building is interrupted            allowance=2s
INFO [03-24|03:36:12.942] Updated payload                          id=0x03e6b576b744367a number=25145 hash=ed6cf2..851468 txs=1 withdrawals=0 gas=100,000,000 fees=0.6000000004    root=41153e..a23556 elapsed=19.820s
WARN [03-24|03:36:23.657] Block building is interrupted            allowance=2s
INFO [03-24|03:36:23.658] Stopping work on payload                 id=0x03e6b576b744367a reason=delivery
INFO [03-24|03:36:23.690] Paused snapshot generation
WARN [03-24|03:36:23.691] {"level":"warn","msg":"Slow block","block":{"number":25145,"hash":"0xed6cf2699e6207491ab12143e67896fed5aea1931755c44660f7ed2b13851468","gas_used":100000000,"tx_count":1},"timing":{"execution_ms":1046.676146,"state_read_ms":9668.868213,"state_hash_ms":0.411138,"commit_ms":30.334888,"total_ms":10746.466254},"throughput":{"mgas_per_sec":9.3053844525663},"state_reads":{"accounts":8,"storage_slots":36741,"code":2,"code_bytes":1416},"state_writes":{"accounts":2,"accounts_deleted":0,"storage_slots":0,"storage_slots_deleted":0,"code":0,"code_bytes":0},"cache":{"account":{"hits":3,"misses":5,"hit_rate":37.5},"storage":{"hits":12757,"misses":23984,"hit_rate":34.721428377017496},"code":{"hits":2,"misses":0,"hit_rate":100,"hit_bytes":1416,"miss_bytes":0}}}
INFO [03-24|03:36:23.691] Imported new potential chain segment     number=25145 hash=ed6cf2..851468 blocks=1 txs=1 mgas=100.000 elapsed=10.746s     mgasps=9.305  triediffs=1.04GiB triedirty=0.00B
INFO [03-24|03:36:23.692] Chain head was updated                   number=25145 hash=ed6cf2..851468 root=41153e..a23556 elapsed="74.879µs"
WARN [03-24|03:36:23.693] Snapshot generation is not permitted
