INFO [03-24|03:32:00.117] Starting Geth on Ethereum mainnet...
INFO [03-24|03:32:00.119] Maximum peer count                       ETH=0 total=0
INFO [03-24|03:32:00.119] Smartcard socket not found, disabling    err="stat /run/pcscd/pcscd.comm: no such file or directory"
WARN [03-24|03:32:00.121] Option --miner.etherbase is deprecated as the etherbase is set by the consensus client post-merge
WARN [03-24|03:32:00.122] Snap sync requested, resetting --cache.snapshot
INFO [03-24|03:32:00.122] Global gas cap disabled
INFO [03-24|03:32:00.764] Using developer account                  address=0xf39Fd6e51aad88F6F4ce6aB8827279cffFb92266
INFO [03-24|03:32:01.263] Using pebble as the backing database
INFO [03-24|03:32:01.263] Allocated cache and file handles         database=/home/CPerezz/bintrie-benchmarks/mpt-vs-bintrie/dbs/bt-gd5/geth/chaindata cache=16.00MiB handles=524,288
INFO [03-24|03:32:05.657] Opened ancient database                  database=/home/CPerezz/bintrie-benchmarks/mpt-vs-bintrie/dbs/bt-gd5/geth/chaindata/ancient/chain readonly=true
INFO [03-24|03:32:05.657] Opened Era store                         datadir=/home/CPerezz/bintrie-benchmarks/mpt-vs-bintrie/dbs/bt-gd5/geth/chaindata/ancient/chain/era
INFO [03-24|03:32:05.683] Initializing the KZG library             backend=gokzg
INFO [03-24|03:32:05.684] Allocated trie memory caches             clean=0.00B dirty=0.00B
INFO [03-24|03:32:05.857] Using pebble as the backing database
INFO [03-24|03:32:05.857] Allocated cache and file handles         database=/home/CPerezz/bintrie-benchmarks/mpt-vs-bintrie/dbs/bt-gd5/geth/chaindata cache=16.00MiB handles=524,288
INFO [03-24|03:32:08.644] Opened ancient database                  database=/home/CPerezz/bintrie-benchmarks/mpt-vs-bintrie/dbs/bt-gd5/geth/chaindata/ancient/chain readonly=false
INFO [03-24|03:32:08.644] Opened Era store                         datadir=/home/CPerezz/bintrie-benchmarks/mpt-vs-bintrie/dbs/bt-gd5/geth/chaindata/ancient/chain/era
INFO [03-24|03:32:08.647] State scheme set to already existing     scheme=path
INFO [03-24|03:32:08.647] Initialising Ethereum protocol           network=1337 dbversion=9
INFO [03-24|03:32:08.647] Load database journal from file          path=/home/CPerezz/bintrie-benchmarks/mpt-vs-bintrie/dbs/bt-gd5/geth/triedb/verkle.journal
INFO [03-24|03:32:14.044] Opened ancient database                  database=/home/CPerezz/bintrie-benchmarks/mpt-vs-bintrie/dbs/bt-gd5/geth/chaindata/ancient/state_verkle readonly=false
INFO [03-24|03:32:14.046] State snapshot generator is not found
INFO [03-24|03:32:14.046] Initialized path database                triecache=0.00B statecache=0.00B buffer=0.00B state-history="last 90000 blocks" journal-dir=/home/CPerezz/bintrie-benchmarks/mpt-vs-bintrie/dbs/bt-gd5/geth/triedb verkle=true
INFO [03-24|03:32:14.046] 
INFO [03-24|03:32:14.046] ---------------------------------------------------------------------------------------------------------------------------------------------------------
INFO [03-24|03:32:14.047] Chain ID:  1337 (unknown)
INFO [03-24|03:32:14.047] Consensus: unknown
INFO [03-24|03:32:14.047] 
INFO [03-24|03:32:14.047] Pre-Merge hard forks (block based):
INFO [03-24|03:32:14.047]  - Homestead:                   #0       
INFO [03-24|03:32:14.047]  - Tangerine Whistle (EIP 150): #0       
INFO [03-24|03:32:14.047]  - Spurious Dragon/1 (EIP 155): #0       
INFO [03-24|03:32:14.047]  - Spurious Dragon/2 (EIP 158): #0       
INFO [03-24|03:32:14.047]  - Byzantium:                   #0       
INFO [03-24|03:32:14.047]  - Constantinople:              #0       
INFO [03-24|03:32:14.047]  - Petersburg:                  #0       
INFO [03-24|03:32:14.047]  - Istanbul:                    #0       
INFO [03-24|03:32:14.047]  - Muir Glacier:                #0       
INFO [03-24|03:32:14.047]  - Berlin:                      #0       
INFO [03-24|03:32:14.047]  - London:                      #0       
INFO [03-24|03:32:14.047]  - Arrow Glacier:               #0       
INFO [03-24|03:32:14.047]  - Gray Glacier:                #0       
INFO [03-24|03:32:14.047] 
INFO [03-24|03:32:14.047] Merge configured:
INFO [03-24|03:32:14.047]  - Total terminal difficulty:  0
INFO [03-24|03:32:14.047]  - Merge netsplit block:       #0       
INFO [03-24|03:32:14.047] 
INFO [03-24|03:32:14.047] Post-Merge hard forks (timestamp based):
INFO [03-24|03:32:14.047]  - Shanghai:                    @0         
INFO [03-24|03:32:14.047]  - Cancun:                      @0          blob: (target: 3, max: 6, fraction: 3338477)
INFO [03-24|03:32:14.047]  - Prague:                      @0          blob: (target: 6, max: 9, fraction: 5225352)
INFO [03-24|03:32:14.047]  - Verkle:                      @0          blob: (nil)
INFO [03-24|03:32:14.047] 
INFO [03-24|03:32:14.047] All fork specifications can be found at https://ethereum.github.io/execution-specs/src/ethereum/forks/
INFO [03-24|03:32:14.047] 
INFO [03-24|03:32:14.047] ---------------------------------------------------------------------------------------------------------------------------------------------------------
INFO [03-24|03:32:14.047] 
INFO [03-24|03:32:14.047] Loaded most recent local block           number=25137 hash=761142..676883 age=1m2s
INFO [03-24|03:32:14.048] Loaded most recent local finalized block number=25120 hash=b7f64e..fc2403 age=37m16s
INFO [03-24|03:32:14.048] Initialized transaction indexer          range="last 2350000 blocks"
INFO [03-24|03:32:14.048] Initialized log indexer                  firstblock=0 lastblock=25137 firstmap=0 lastmap=4 headindexed=true
INFO [03-24|03:32:14.051] Enabled full-sync                        head=25137 hash=761142..676883
INFO [03-24|03:32:14.052] Unprotected transactions allowed
INFO [03-24|03:32:14.052] Gasprice oracle is ignoring threshold set threshold=2
WARN [03-24|03:32:14.052] Unclean shutdown detected                booted=2026-03-24T02:10:37+0100 age=1h21m37s
INFO [03-24|03:32:14.052] Registered sync override service
WARN [03-24|03:32:14.052] You are running Geth in --dev mode. Please note the following:
WARN [03-24|03:32:14.052] 
WARN [03-24|03:32:14.052]   1. This mode is only intended for fast, iterative development without assumptions on
WARN [03-24|03:32:14.052]      security or persistence.
WARN [03-24|03:32:14.052]   2. The database is created in memory unless specified otherwise. Therefore, shutting down
WARN [03-24|03:32:14.052]      your computer or losing power will wipe your entire block data and chain state for
WARN [03-24|03:32:14.052]      your dev environment.
WARN [03-24|03:32:14.052]   3. A random, pre-allocated developer account will be available and unlocked as
WARN [03-24|03:32:14.052]      eth.coinbase, which can be used for testing. The random dev account is temporary,
WARN [03-24|03:32:14.052]      stored on a ramdisk, and will be lost if your machine is restarted.
WARN [03-24|03:32:14.052]   4. Mining is enabled by default. However, the client will only seal blocks if transactions
WARN [03-24|03:32:14.052]      are pending in the mempool. The miner's minimum accepted gas price is 1.
WARN [03-24|03:32:14.052]   5. Networking is disabled; there is no listen-address, the maximum number of peers is set
WARN [03-24|03:32:14.052]      to 0, and discovery is disabled.
WARN [03-24|03:32:14.052] 
INFO [03-24|03:32:14.052] Starting peer-to-peer node               instance=Geth/v1.17.2-unstable-991300c4-20260319/linux-amd64/go1.24.1
WARN [03-24|03:32:14.052] P2P server will be useless, neither dialing nor listening
INFO [03-24|03:32:14.057] IPC endpoint opened                      url=/home/CPerezz/bintrie-benchmarks/mpt-vs-bintrie/dbs/bt-gd5/geth.ipc
ERROR[03-24|03:32:14.057] Unavailable modules in HTTP API list     unavailable=[personal] available="[admin debug web3 eth txpool miner net dev testing]"
INFO [03-24|03:32:14.058] HTTP server started                      endpoint=[::]:8545 auth=false prefix= cors= vhosts=localhost
INFO [03-24|03:32:14.058] WebSocket enabled                        url=ws://[::]:8546
INFO [03-24|03:32:14.058] New local node record                    seq=1,774,173,716,168 id=5ca20ce916776c2d ip=127.0.0.1 udp=0 tcp=0
INFO [03-24|03:32:14.058] Started P2P networking                   self=enode://1077caac14890773549d39754d8c8bc5e612fe651148195d9a07a9cf579886d29513235e655b87f0a9b698489f0fa6ab6844ce86094074ef6793d42e9b0e3c5f@127.0.0.1:0
INFO [03-24|03:32:14.171] Loaded local transaction journal         transactions=2352 dropped=0
INFO [03-24|03:32:15.454] Submitted contract creation              hash=0x31de4a4268c8d129c9a3de50eba6ccb2a35b1442062d4d9d0fe91529c8283aba from=0xf39Fd6e51aad88F6F4ce6aB8827279cffFb92266 nonce=122 contract=0xE3011A37A904aB90C8881a99BD1F6E21401f1522 value=0
INFO [03-24|03:32:15.456] Submitted transaction                    hash=0xb2589e8d3c62f507529b6cf0036c8ae48affff2b441ffbaaf047bd1ebcfbdb82 from=0xf39Fd6e51aad88F6F4ce6aB8827279cffFb92266 nonce=123 recipient=0x33A12f41eD63B5CC1acfD745157b7255c397bb67 value=600,000,001,200,000,000
INFO [03-24|03:32:15.740] Started log indexer
INFO [03-24|03:32:15.750] Starting work on payload                 id=0x03c62a0b9e7149d6
INFO [03-24|03:32:15.755] Updated payload                          id=0x03c62a0b9e7149d6 number=25138 hash=55433e..358174 txs=2 withdrawals=0 gas=83662 fees=0.0005019720003 root=473a24..e36dc9 elapsed=5.026ms
INFO [03-24|03:32:15.755] Stopping work on payload                 id=0x03c62a0b9e7149d6 reason=delivery
WARN [03-24|03:32:15.760] {"level":"warn","msg":"Slow block","block":{"number":25138,"hash":"0x55433ecae8668abc4fc9a17c64a14f2e756ef9c7500827862f6189cd5e358174","gas_used":83662,"tx_count":2},"timing":{"execution_ms":0.180011,"state_read_ms":1.718088,"state_hash_ms":1.223182,"commit_ms":0.403908,"total_ms":3.759699},"throughput":{"mgas_per_sec":22.252313283589988},"state_reads":{"accounts":12,"storage_slots":0,"code":0,"code_bytes":0},"state_writes":{"accounts":3,"accounts_deleted":0,"storage_slots":0,"storage_slots_deleted":0,"code":1,"code_bytes":72},"cache":{"account":{"hits":6,"misses":6,"hit_rate":50},"storage":{"hits":0,"misses":0,"hit_rate":0},"code":{"hits":0,"misses":0,"hit_rate":0,"hit_bytes":0,"miss_bytes":0}}}
INFO [03-24|03:32:15.760] Imported new potential chain segment     number=25138 hash=55433e..358174 blocks=1 txs=2 mgas=0.084 elapsed=3.938ms mgasps=21.243 triediffs=1.04GiB triedirty=0.00B
INFO [03-24|03:32:15.760] Chain head was updated                   number=25138 hash=55433e..358174 root=473a24..e36dc9 elapsed="99.94µs"
INFO [03-24|03:32:16.470] Submitted transaction                    hash=0x061dfce63feab4f0c6f06799e077d2f7eb89dbe24474ff0c8ee2fd82d162db7a from=0x33A12f41eD63B5CC1acfD745157b7255c397bb67 nonce=0   recipient=0xE3011A37A904aB90C8881a99BD1F6E21401f1522 value=0
INFO [03-24|03:32:25.763] Starting work on payload                 id=0x0352287af2e755f5
WARN [03-24|03:32:45.309] Block building is interrupted            allowance=2s
INFO [03-24|03:32:45.310] Updated payload                          id=0x0352287af2e755f5 number=25139 hash=4a559c..1ea340 txs=1 withdrawals=0 gas=100,000,000 fees=0.6000000004    root=a1d71f..16babb elapsed=19.546s
INFO [03-24|03:32:45.310] Stopping work on payload                 id=0x0352287af2e755f5 reason=timeout
WARN [03-24|03:32:58.207] {"level":"warn","msg":"Slow block","block":{"number":25139,"hash":"0x4a559c09d67d1f6ed1c417fddbd703141d3fe5a361872120eda4a3ff621ea340","gas_used":100000000,"tx_count":1},"timing":{"execution_ms":1270.597272,"state_read_ms":11603.629607,"state_hash_ms":0.179249,"commit_ms":21.085799,"total_ms":12895.664456},"throughput":{"mgas_per_sec":7.754544199036811},"state_reads":{"accounts":8,"storage_slots":36741,"code":2,"code_bytes":1416},"state_writes":{"accounts":2,"accounts_deleted":0,"storage_slots":0,"storage_slots_deleted":0,"code":0,"code_bytes":0},"cache":{"account":{"hits":4,"misses":4,"hit_rate":50},"storage":{"hits":12898,"misses":23843,"hit_rate":35.105195830271356},"code":{"hits":2,"misses":0,"hit_rate":100,"hit_bytes":1416,"miss_bytes":0}}}
INFO [03-24|03:32:58.207] Imported new potential chain segment     number=25139 hash=4a559c..1ea340 blocks=1 txs=1 mgas=100.000 elapsed=12.895s   mgasps=7.754  triediffs=1.04GiB triedirty=0.00B
INFO [03-24|03:32:58.208] Chain head was updated                   number=25139 hash=4a559c..1ea340 root=a1d71f..16babb elapsed="52.1µs"
