INFO [03-24|02:52:07.995] Starting Geth on Ethereum mainnet...
INFO [03-24|02:52:07.996] Maximum peer count                       ETH=0 total=0
INFO [03-24|02:52:07.997] Smartcard socket not found, disabling    err="stat /run/pcscd/pcscd.comm: no such file or directory"
WARN [03-24|02:52:07.999] Option --miner.etherbase is deprecated as the etherbase is set by the consensus client post-merge
WARN [03-24|02:52:08.000] Snap sync requested, resetting --cache.snapshot
INFO [03-24|02:52:08.000] Global gas cap disabled
INFO [03-24|02:52:08.646] Using developer account                  address=0xf39Fd6e51aad88F6F4ce6aB8827279cffFb92266
INFO [03-24|02:52:09.147] Using pebble as the backing database
INFO [03-24|02:52:09.147] Allocated cache and file handles         database=/home/CPerezz/bintrie-benchmarks/mpt-vs-bintrie/dbs/bt-gd5/geth/chaindata cache=16.00MiB handles=524,288
INFO [03-24|02:52:13.481] Opened ancient database                  database=/home/CPerezz/bintrie-benchmarks/mpt-vs-bintrie/dbs/bt-gd5/geth/chaindata/ancient/chain readonly=true
INFO [03-24|02:52:13.481] Opened Era store                         datadir=/home/CPerezz/bintrie-benchmarks/mpt-vs-bintrie/dbs/bt-gd5/geth/chaindata/ancient/chain/era
INFO [03-24|02:52:13.507] Initializing the KZG library             backend=gokzg
INFO [03-24|02:52:13.510] Allocated trie memory caches             clean=0.00B dirty=0.00B
INFO [03-24|02:52:13.711] Using pebble as the backing database
INFO [03-24|02:52:13.711] Allocated cache and file handles         database=/home/CPerezz/bintrie-benchmarks/mpt-vs-bintrie/dbs/bt-gd5/geth/chaindata cache=16.00MiB handles=524,288
INFO [03-24|02:52:16.491] Opened ancient database                  database=/home/CPerezz/bintrie-benchmarks/mpt-vs-bintrie/dbs/bt-gd5/geth/chaindata/ancient/chain readonly=false
INFO [03-24|02:52:16.491] Opened Era store                         datadir=/home/CPerezz/bintrie-benchmarks/mpt-vs-bintrie/dbs/bt-gd5/geth/chaindata/ancient/chain/era
INFO [03-24|02:52:16.493] State scheme set to already existing     scheme=path
INFO [03-24|02:52:16.494] Initialising Ethereum protocol           network=1337 dbversion=9
INFO [03-24|02:52:16.494] Load database journal from file          path=/home/CPerezz/bintrie-benchmarks/mpt-vs-bintrie/dbs/bt-gd5/geth/triedb/verkle.journal
INFO [03-24|02:52:20.911] Opened ancient database                  database=/home/CPerezz/bintrie-benchmarks/mpt-vs-bintrie/dbs/bt-gd5/geth/chaindata/ancient/state_verkle readonly=false
INFO [03-24|02:52:20.913] State snapshot generator is not found
INFO [03-24|02:52:20.913] Initialized path database                triecache=0.00B statecache=0.00B buffer=0.00B state-history="last 90000 blocks" journal-dir=/home/CPerezz/bintrie-benchmarks/mpt-vs-bintrie/dbs/bt-gd5/geth/triedb verkle=true
INFO [03-24|02:52:20.914] 
INFO [03-24|02:52:20.914] ---------------------------------------------------------------------------------------------------------------------------------------------------------
INFO [03-24|02:52:20.914] Chain ID:  1337 (unknown)
INFO [03-24|02:52:20.914] Consensus: unknown
INFO [03-24|02:52:20.914] 
INFO [03-24|02:52:20.914] Pre-Merge hard forks (block based):
INFO [03-24|02:52:20.914]  - Homestead:                   #0       
INFO [03-24|02:52:20.914]  - Tangerine Whistle (EIP 150): #0       
INFO [03-24|02:52:20.914]  - Spurious Dragon/1 (EIP 155): #0       
INFO [03-24|02:52:20.914]  - Spurious Dragon/2 (EIP 158): #0       
INFO [03-24|02:52:20.914]  - Byzantium:                   #0       
INFO [03-24|02:52:20.914]  - Constantinople:              #0       
INFO [03-24|02:52:20.914]  - Petersburg:                  #0       
INFO [03-24|02:52:20.914]  - Istanbul:                    #0       
INFO [03-24|02:52:20.914]  - Muir Glacier:                #0       
INFO [03-24|02:52:20.914]  - Berlin:                      #0       
INFO [03-24|02:52:20.914]  - London:                      #0       
INFO [03-24|02:52:20.914]  - Arrow Glacier:               #0       
INFO [03-24|02:52:20.914]  - Gray Glacier:                #0       
INFO [03-24|02:52:20.914] 
INFO [03-24|02:52:20.914] Merge configured:
INFO [03-24|02:52:20.914]  - Total terminal difficulty:  0
INFO [03-24|02:52:20.914]  - Merge netsplit block:       #0       
INFO [03-24|02:52:20.914] 
INFO [03-24|02:52:20.914] Post-Merge hard forks (timestamp based):
INFO [03-24|02:52:20.914]  - Shanghai:                    @0         
INFO [03-24|02:52:20.914]  - Cancun:                      @0          blob: (target: 3, max: 6, fraction: 3338477)
INFO [03-24|02:52:20.914]  - Prague:                      @0          blob: (target: 6, max: 9, fraction: 5225352)
INFO [03-24|02:52:20.914]  - Verkle:                      @0          blob: (nil)
INFO [03-24|02:52:20.914] 
INFO [03-24|02:52:20.914] All fork specifications can be found at https://ethereum.github.io/execution-specs/src/ethereum/forks/
INFO [03-24|02:52:20.914] 
INFO [03-24|02:52:20.914] ---------------------------------------------------------------------------------------------------------------------------------------------------------
INFO [03-24|02:52:20.914] 
INFO [03-24|02:52:20.915] Loaded most recent local block           number=25110 hash=9fcd73..e0c067 age=31s
INFO [03-24|02:52:20.915] Loaded most recent local finalized block number=25088 hash=20bf38..06c8b3 age=7m51s
INFO [03-24|02:52:20.915] Initialized transaction indexer          range="last 2350000 blocks"
INFO [03-24|02:52:20.915] Initialized log indexer                  firstblock=0 lastblock=25110 firstmap=0 lastmap=4 headindexed=true
INFO [03-24|02:52:20.920] Enabled full-sync                        head=25110 hash=9fcd73..e0c067
INFO [03-24|02:52:20.920] Unprotected transactions allowed
INFO [03-24|02:52:20.920] Gasprice oracle is ignoring threshold set threshold=2
WARN [03-24|02:52:20.920] Unclean shutdown detected                booted=2026-03-24T02:10:37+0100 age=41m43s
INFO [03-24|02:52:20.920] Registered sync override service
WARN [03-24|02:52:20.921] You are running Geth in --dev mode. Please note the following:
WARN [03-24|02:52:20.921] 
WARN [03-24|02:52:20.921]   1. This mode is only intended for fast, iterative development without assumptions on
WARN [03-24|02:52:20.921]      security or persistence.
WARN [03-24|02:52:20.921]   2. The database is created in memory unless specified otherwise. Therefore, shutting down
WARN [03-24|02:52:20.921]      your computer or losing power will wipe your entire block data and chain state for
WARN [03-24|02:52:20.921]      your dev environment.
WARN [03-24|02:52:20.921]   3. A random, pre-allocated developer account will be available and unlocked as
WARN [03-24|02:52:20.921]      eth.coinbase, which can be used for testing. The random dev account is temporary,
WARN [03-24|02:52:20.921]      stored on a ramdisk, and will be lost if your machine is restarted.
WARN [03-24|02:52:20.921]   4. Mining is enabled by default. However, the client will only seal blocks if transactions
WARN [03-24|02:52:20.921]      are pending in the mempool. The miner's minimum accepted gas price is 1.
WARN [03-24|02:52:20.921]   5. Networking is disabled; there is no listen-address, the maximum number of peers is set
WARN [03-24|02:52:20.921]      to 0, and discovery is disabled.
WARN [03-24|02:52:20.921] 
INFO [03-24|02:52:20.921] Starting peer-to-peer node               instance=Geth/v1.17.2-unstable-991300c4-20260319/linux-amd64/go1.24.1
WARN [03-24|02:52:20.921] P2P server will be useless, neither dialing nor listening
INFO [03-24|02:52:20.924] IPC endpoint opened                      url=/home/CPerezz/bintrie-benchmarks/mpt-vs-bintrie/dbs/bt-gd5/geth.ipc
ERROR[03-24|02:52:20.924] Unavailable modules in HTTP API list     unavailable=[personal] available="[admin debug web3 eth txpool miner net dev testing]"
INFO [03-24|02:52:20.925] HTTP server started                      endpoint=[::]:8545 auth=false prefix= cors= vhosts=localhost
INFO [03-24|02:52:20.925] WebSocket enabled                        url=ws://[::]:8546
INFO [03-24|02:52:20.925] New local node record                    seq=1,774,173,716,159 id=5ca20ce916776c2d ip=127.0.0.1 udp=0 tcp=0
INFO [03-24|02:52:20.925] Started P2P networking                   self=enode://1077caac14890773549d39754d8c8bc5e612fe651148195d9a07a9cf579886d29513235e655b87f0a9b698489f0fa6ab6844ce86094074ef6793d42e9b0e3c5f@127.0.0.1:0
INFO [03-24|02:52:21.033] Loaded local transaction journal         transactions=2320 dropped=0
INFO [03-24|02:52:22.261] Started log indexer
INFO [03-24|02:52:22.272] Starting work on payload                 id=0x03b372fb23935b9c
INFO [03-24|02:52:22.273] Updated payload                          id=0x03b372fb23935b9c number=25111 hash=149e31..2bf884 txs=0 withdrawals=0 gas=0 fees=0 root=c4899d..899b4b elapsed="700.066µs"
INFO [03-24|02:52:22.273] Stopping work on payload                 id=0x03b372fb23935b9c reason=delivery
WARN [03-24|02:52:22.274] {"level":"warn","msg":"Slow block","block":{"number":25111,"hash":"0x149e318c24f8637f2657e94e210d011bfd75e85f339f427c3a4023cdaa2bf884","gas_used":0,"tx_count":0},"timing":{"execution_ms":0.01456,"state_read_ms":0.554887,"state_hash_ms":0.00055,"commit_ms":0.112559,"total_ms":0.786317},"throughput":{"mgas_per_sec":0},"state_reads":{"accounts":4,"storage_slots":0,"code":0,"code_bytes":0},"state_writes":{"accounts":0,"accounts_deleted":0,"storage_slots":0,"storage_slots_deleted":0,"code":0,"code_bytes":0},"cache":{"account":{"hits":0,"misses":4,"hit_rate":0},"storage":{"hits":0,"misses":0,"hit_rate":0},"code":{"hits":0,"misses":0,"hit_rate":0,"hit_bytes":0,"miss_bytes":0}}}
INFO [03-24|02:52:22.274] Imported new potential chain segment     number=25111 hash=149e31..2bf884 blocks=1 txs=0 mgas=0.000 elapsed=1.029ms     mgasps=0.000 triediffs=867.96MiB triedirty=0.00B
INFO [03-24|02:52:22.274] Chain head was updated                   number=25111 hash=149e31..2bf884 root=c4899d..899b4b elapsed="29.62µs"
INFO [03-24|02:52:22.320] Submitted contract creation              hash=0xdd408ef79f5097d721e49df8dc418bffce668218ece001040a9562f01c0cf2f6 from=0xf39Fd6e51aad88F6F4ce6aB8827279cffFb92266 nonce=104 contract=0xCace1b78160AE76398F486c8a18044da0d66d86D value=0
INFO [03-24|02:52:22.321] Submitted transaction                    hash=0x8581ef87065fb0aab989d6927df1a749db0b802b8b0526856f255c93c2d04f2b from=0xf39Fd6e51aad88F6F4ce6aB8827279cffFb92266 nonce=105 recipient=0x15fac70867fD36847f5EA1349Ee19731144f773A value=600,000,001,000,000,000
INFO [03-24|02:52:32.278] Starting work on payload                 id=0x031bac5b54acde6c
WARN [03-24|02:52:34.301] Block building is interrupted            allowance=2s
INFO [03-24|02:52:34.754] Updated payload                          id=0x031bac5b54acde6c number=25112 hash=68974c..c86673 txs=5 withdrawals=0 gas=13,244,347 fees=0.026823726 root=a56aa2..ced995 elapsed=2.476s
WARN [03-24|02:52:36.080] {"level":"warn","msg":"Slow block","block":{"number":25112,"hash":"0x68974c8445e75935b66fab40c31b5f8db39db5709c310176cbf27e49b2c86673","gas_used":13244347,"tx_count":5},"timing":{"execution_ms":39.091177,"state_read_ms":837.025643,"state_hash_ms":409.142573,"commit_ms":37.03529,"total_ms":1322.481025},"throughput":{"mgas_per_sec":10.01477280174965},"state_reads":{"accounts":15,"storage_slots":2223,"code":1,"code_bytes":1344},"state_writes":{"accounts":6,"accounts_deleted":0,"storage_slots":0,"storage_slots_deleted":0,"code":1,"code_bytes":78},"cache":{"account":{"hits":11,"misses":4,"hit_rate":73.33333333333333},"storage":{"hits":1604,"misses":619,"hit_rate":72.15474583895637},"code":{"hits":1,"misses":0,"hit_rate":100,"hit_bytes":1344,"miss_bytes":0}}}
INFO [03-24|02:52:36.080] Imported new potential chain segment     number=25112 hash=68974c..c86673 blocks=1 txs=5 mgas=13.244 elapsed=1.322s      mgasps=10.013 triediffs=876.71MiB triedirty=0.00B
INFO [03-24|02:52:36.080] Chain head was updated                   number=25112 hash=68974c..c86673 root=a56aa2..ced995 elapsed="151.949µs"
INFO [03-24|02:52:36.434] Submitted transaction                    hash=0xf54edbd40310cc438dcb84940c24fdce570557694eee78b254178f8769de474a from=0x15fac70867fD36847f5EA1349Ee19731144f773A nonce=0   recipient=0xCace1b78160AE76398F486c8a18044da0d66d86D value=0
WARN [03-24|02:52:36.771] Block building is interrupted            allowance=2s
INFO [03-24|02:52:37.341] Stopping work on payload                 id=0x031bac5b54acde6c reason=delivery
INFO [03-24|02:52:46.087] Starting work on payload                 id=0x0326b0da17708824
WARN [03-24|02:52:48.920] Block building is interrupted            allowance=2s
INFO [03-24|02:52:49.569] Updated payload                          id=0x0326b0da17708824 number=25113 hash=de39f6..1574e0 txs=1 withdrawals=0 gas=26,191,182 fees=0.1571470921 root=bb45d5..fe45c3 elapsed=3.482s
WARN [03-24|02:52:51.573] {"level":"warn","msg":"Slow block","block":{"number":25113,"hash":"0xde39f661cfc6f11b1b000c40ff3fd42d08f5e2c3f1c86805f006fffae51574e0","gas_used":26191182,"tx_count":1},"timing":{"execution_ms":168.907257,"state_read_ms":1090.804313,"state_hash_ms":695.922131,"commit_ms":44.467418,"total_ms":2000.281819},"throughput":{"mgas_per_sec":13.093745966802691},"state_reads":{"accounts":8,"storage_slots":4094,"code":2,"code_bytes":1422},"state_writes":{"accounts":3,"accounts_deleted":0,"storage_slots":0,"storage_slots_deleted":0,"code":0,"code_bytes":0},"cache":{"account":{"hits":4,"misses":4,"hit_rate":50},"storage":{"hits":1360,"misses":2734,"hit_rate":33.21934538348803},"code":{"hits":2,"misses":0,"hit_rate":100,"hit_bytes":1422,"miss_bytes":0}}}
INFO [03-24|02:52:51.573] Imported new potential chain segment     number=25113 hash=de39f6..1574e0 blocks=1 txs=1 mgas=26.191 elapsed=2.000s      mgasps=13.092 triediffs=891.95MiB triedirty=0.00B
INFO [03-24|02:52:51.575] Chain head was updated                   number=25113 hash=de39f6..1574e0 root=bb45d5..fe45c3 elapsed=1.290453ms
WARN [03-24|02:52:51.740] Block building is interrupted            allowance=2s
INFO [03-24|02:52:52.539] Submitted transaction                    hash=0x4ea3a1592e04dae7f043a2993637eb83e45cb460712e2dd4f44f0d147fbf5f6c from=0x15fac70867fD36847f5EA1349Ee19731144f773A nonce=1   recipient=0xf39Fd6e51aad88F6F4ce6aB8827279cffFb92266 value=442,789,908,737,878,180
INFO [03-24|02:52:52.605] Stopping work on payload                 id=0x0326b0da17708824 reason=delivery
INFO [03-24|02:53:01.580] Starting work on payload                 id=0x03cb33adc74a52ac
WARN [03-24|02:53:03.890] Block building is interrupted            allowance=2s
INFO [03-24|02:53:04.661] Updated payload                          id=0x03cb33adc74a52ac number=25114 hash=844880..4eae74 txs=8 withdrawals=0 gas=30,729,041 fees=0.061479082  root=1b5524..ccf539 elapsed=3.080s
WARN [03-24|02:53:06.715] Block building is interrupted            allowance=2s
INFO [03-24|02:53:07.878] Stopping work on payload                 id=0x03cb33adc74a52ac reason=delivery
WARN [03-24|02:53:08.191] {"level":"warn","msg":"Slow block","block":{"number":25114,"hash":"0x844880511963294e65e90b5a2d48d83d4f9a29b4e9fbfc1dd5a7e315724eae74","gas_used":30729041,"tx_count":8},"timing":{"execution_ms":66.362074,"state_read_ms":2294.156195,"state_hash_ms":1074.2344,"commit_ms":93.411731,"total_ms":3528.392861},"throughput":{"mgas_per_sec":8.709075834398702},"state_reads":{"accounts":12,"storage_slots":5186,"code":1,"code_bytes":1344},"state_writes":{"accounts":8,"accounts_deleted":0,"storage_slots":0,"storage_slots_deleted":0,"code":0,"code_bytes":0},"cache":{"account":{"hits":8,"misses":4,"hit_rate":66.66666666666666},"storage":{"hits":4446,"misses":740,"hit_rate":85.73081372927112},"code":{"hits":1,"misses":0,"hit_rate":100,"hit_bytes":1344,"miss_bytes":0}}}
INFO [03-24|02:53:08.192] Imported new potential chain segment     number=25114 hash=844880..4eae74 blocks=1 txs=8 mgas=30.729 elapsed=3.528s      mgasps=8.708  triediffs=910.93MiB triedirty=0.00B
INFO [03-24|02:53:08.192] Chain head was updated                   number=25114 hash=844880..4eae74 root=1b5524..ccf539 elapsed="94.89µs"
