INFO [03-24|02:51:09.087] Starting Geth on Ethereum mainnet...
INFO [03-24|02:51:09.088] Maximum peer count                       ETH=0 total=0
INFO [03-24|02:51:09.089] Smartcard socket not found, disabling    err="stat /run/pcscd/pcscd.comm: no such file or directory"
WARN [03-24|02:51:09.091] Option --miner.etherbase is deprecated as the etherbase is set by the consensus client post-merge
WARN [03-24|02:51:09.092] Snap sync requested, resetting --cache.snapshot
INFO [03-24|02:51:09.092] Global gas cap disabled
INFO [03-24|02:51:09.737] Using developer account                  address=0xf39Fd6e51aad88F6F4ce6aB8827279cffFb92266
INFO [03-24|02:51:10.260] Using pebble as the backing database
INFO [03-24|02:51:10.260] Allocated cache and file handles         database=/home/CPerezz/bintrie-benchmarks/mpt-vs-bintrie/dbs/bt-gd5/geth/chaindata cache=16.00MiB handles=524,288
INFO [03-24|02:51:14.612] Opened ancient database                  database=/home/CPerezz/bintrie-benchmarks/mpt-vs-bintrie/dbs/bt-gd5/geth/chaindata/ancient/chain readonly=true
INFO [03-24|02:51:14.612] Opened Era store                         datadir=/home/CPerezz/bintrie-benchmarks/mpt-vs-bintrie/dbs/bt-gd5/geth/chaindata/ancient/chain/era
INFO [03-24|02:51:14.637] Initializing the KZG library             backend=gokzg
INFO [03-24|02:51:14.637] Allocated trie memory caches             clean=0.00B dirty=0.00B
INFO [03-24|02:51:14.799] Using pebble as the backing database
INFO [03-24|02:51:14.799] Allocated cache and file handles         database=/home/CPerezz/bintrie-benchmarks/mpt-vs-bintrie/dbs/bt-gd5/geth/chaindata cache=16.00MiB handles=524,288
INFO [03-24|02:51:17.618] Opened ancient database                  database=/home/CPerezz/bintrie-benchmarks/mpt-vs-bintrie/dbs/bt-gd5/geth/chaindata/ancient/chain readonly=false
INFO [03-24|02:51:17.618] Opened Era store                         datadir=/home/CPerezz/bintrie-benchmarks/mpt-vs-bintrie/dbs/bt-gd5/geth/chaindata/ancient/chain/era
INFO [03-24|02:51:17.621] State scheme set to already existing     scheme=path
INFO [03-24|02:51:17.621] Initialising Ethereum protocol           network=1337 dbversion=9
INFO [03-24|02:51:17.621] Load database journal from file          path=/home/CPerezz/bintrie-benchmarks/mpt-vs-bintrie/dbs/bt-gd5/geth/triedb/verkle.journal
INFO [03-24|02:51:22.008] Opened ancient database                  database=/home/CPerezz/bintrie-benchmarks/mpt-vs-bintrie/dbs/bt-gd5/geth/chaindata/ancient/state_verkle readonly=false
INFO [03-24|02:51:22.009] State snapshot generator is not found
INFO [03-24|02:51:22.009] Initialized path database                triecache=0.00B statecache=0.00B buffer=0.00B state-history="last 90000 blocks" journal-dir=/home/CPerezz/bintrie-benchmarks/mpt-vs-bintrie/dbs/bt-gd5/geth/triedb verkle=true
INFO [03-24|02:51:22.010] 
INFO [03-24|02:51:22.010] ---------------------------------------------------------------------------------------------------------------------------------------------------------
INFO [03-24|02:51:22.010] Chain ID:  1337 (unknown)
INFO [03-24|02:51:22.010] Consensus: unknown
INFO [03-24|02:51:22.010] 
INFO [03-24|02:51:22.010] Pre-Merge hard forks (block based):
INFO [03-24|02:51:22.010]  - Homestead:                   #0       
INFO [03-24|02:51:22.010]  - Tangerine Whistle (EIP 150): #0       
INFO [03-24|02:51:22.010]  - Spurious Dragon/1 (EIP 155): #0       
INFO [03-24|02:51:22.010]  - Spurious Dragon/2 (EIP 158): #0       
INFO [03-24|02:51:22.010]  - Byzantium:                   #0       
INFO [03-24|02:51:22.010]  - Constantinople:              #0       
INFO [03-24|02:51:22.010]  - Petersburg:                  #0       
INFO [03-24|02:51:22.010]  - Istanbul:                    #0       
INFO [03-24|02:51:22.010]  - Muir Glacier:                #0       
INFO [03-24|02:51:22.010]  - Berlin:                      #0       
INFO [03-24|02:51:22.010]  - London:                      #0       
INFO [03-24|02:51:22.010]  - Arrow Glacier:               #0       
INFO [03-24|02:51:22.010]  - Gray Glacier:                #0       
INFO [03-24|02:51:22.010] 
INFO [03-24|02:51:22.010] Merge configured:
INFO [03-24|02:51:22.010]  - Total terminal difficulty:  0
INFO [03-24|02:51:22.010]  - Merge netsplit block:       #0       
INFO [03-24|02:51:22.010] 
INFO [03-24|02:51:22.010] Post-Merge hard forks (timestamp based):
INFO [03-24|02:51:22.010]  - Shanghai:                    @0         
INFO [03-24|02:51:22.010]  - Cancun:                      @0          blob: (target: 3, max: 6, fraction: 3338477)
INFO [03-24|02:51:22.010]  - Prague:                      @0          blob: (target: 6, max: 9, fraction: 5225352)
INFO [03-24|02:51:22.010]  - Verkle:                      @0          blob: (nil)
INFO [03-24|02:51:22.010] 
INFO [03-24|02:51:22.010] All fork specifications can be found at https://ethereum.github.io/execution-specs/src/ethereum/forks/
INFO [03-24|02:51:22.010] 
INFO [03-24|02:51:22.010] ---------------------------------------------------------------------------------------------------------------------------------------------------------
INFO [03-24|02:51:22.010] 
INFO [03-24|02:51:22.011] Loaded most recent local block           number=25107 hash=843196..7a841e age=33s
INFO [03-24|02:51:22.011] Loaded most recent local finalized block number=25088 hash=20bf38..06c8b3 age=6m53s
INFO [03-24|02:51:22.012] Initialized transaction indexer          range="last 2350000 blocks"
INFO [03-24|02:51:22.012] Initialized log indexer                  firstblock=0 lastblock=25107 firstmap=0 lastmap=4 headindexed=true
INFO [03-24|02:51:22.015] Enabled full-sync                        head=25107 hash=843196..7a841e
INFO [03-24|02:51:22.016] Unprotected transactions allowed
INFO [03-24|02:51:22.016] Gasprice oracle is ignoring threshold set threshold=2
WARN [03-24|02:51:22.016] Unclean shutdown detected                booted=2026-03-24T02:10:37+0100 age=40m45s
INFO [03-24|02:51:22.016] Registered sync override service
WARN [03-24|02:51:22.016] You are running Geth in --dev mode. Please note the following:
WARN [03-24|02:51:22.016] 
WARN [03-24|02:51:22.016]   1. This mode is only intended for fast, iterative development without assumptions on
WARN [03-24|02:51:22.016]      security or persistence.
WARN [03-24|02:51:22.016]   2. The database is created in memory unless specified otherwise. Therefore, shutting down
WARN [03-24|02:51:22.016]      your computer or losing power will wipe your entire block data and chain state for
WARN [03-24|02:51:22.016]      your dev environment.
WARN [03-24|02:51:22.016]   3. A random, pre-allocated developer account will be available and unlocked as
WARN [03-24|02:51:22.016]      eth.coinbase, which can be used for testing. The random dev account is temporary,
WARN [03-24|02:51:22.016]      stored on a ramdisk, and will be lost if your machine is restarted.
WARN [03-24|02:51:22.016]   4. Mining is enabled by default. However, the client will only seal blocks if transactions
WARN [03-24|02:51:22.016]      are pending in the mempool. The miner's minimum accepted gas price is 1.
WARN [03-24|02:51:22.016]   5. Networking is disabled; there is no listen-address, the maximum number of peers is set
WARN [03-24|02:51:22.016]      to 0, and discovery is disabled.
WARN [03-24|02:51:22.016] 
INFO [03-24|02:51:22.016] Starting peer-to-peer node               instance=Geth/v1.17.2-unstable-991300c4-20260319/linux-amd64/go1.24.1
WARN [03-24|02:51:22.016] P2P server will be useless, neither dialing nor listening
INFO [03-24|02:51:22.020] IPC endpoint opened                      url=/home/CPerezz/bintrie-benchmarks/mpt-vs-bintrie/dbs/bt-gd5/geth.ipc
ERROR[03-24|02:51:22.020] Unavailable modules in HTTP API list     unavailable=[personal] available="[admin debug web3 eth txpool miner net dev testing]"
INFO [03-24|02:51:22.020] HTTP server started                      endpoint=[::]:8545 auth=false prefix= cors= vhosts=localhost
INFO [03-24|02:51:22.020] WebSocket enabled                        url=ws://[::]:8546
INFO [03-24|02:51:22.021] New local node record                    seq=1,774,173,716,158 id=5ca20ce916776c2d ip=127.0.0.1 udp=0 tcp=0
INFO [03-24|02:51:22.021] Started P2P networking                   self=enode://1077caac14890773549d39754d8c8bc5e612fe651148195d9a07a9cf579886d29513235e655b87f0a9b698489f0fa6ab6844ce86094074ef6793d42e9b0e3c5f@127.0.0.1:0
INFO [03-24|02:51:22.132] Loaded local transaction journal         transactions=2316 dropped=0
INFO [03-24|02:51:23.425] Submitted contract creation              hash=0x91e9f9a6d80808619a3e5cb2684b7808fa7afd40233cb4f4842e54ea3e18355e from=0xf39Fd6e51aad88F6F4ce6aB8827279cffFb92266 nonce=102 contract=0x18E317A7D70d8fBf8e6E893616b52390EbBdb629 value=0
INFO [03-24|02:51:23.427] Submitted transaction                    hash=0xbdd00ac46e9e2482a56f7109afc5629676758a67bec49d39fb95958ee628e43a from=0xf39Fd6e51aad88F6F4ce6aB8827279cffFb92266 nonce=103 recipient=0x74697396cB500eD4ED9c91A65AAbBD813Cb63178 value=600,000,001,000,000,000
INFO [03-24|02:51:23.468] Started log indexer
INFO [03-24|02:51:23.478] Starting work on payload                 id=0x03dae6b4a1955ac3
INFO [03-24|02:51:23.482] Updated payload                          id=0x03dae6b4a1955ac3 number=25108 hash=5a6a0b..7dd6b9 txs=2 withdrawals=0 gas=83758 fees=0.0005025480003 root=3fafa2..84ddf0 elapsed=4.399ms
INFO [03-24|02:51:23.482] Stopping work on payload                 id=0x03dae6b4a1955ac3 reason=delivery
WARN [03-24|02:51:23.485] {"level":"warn","msg":"Slow block","block":{"number":25108,"hash":"0x5a6a0bfe79f494384b8f038b9a64bdfe03a84bb55f94dd26f3647076b47dd6b9","gas_used":83758,"tx_count":2},"timing":{"execution_ms":0.11838,"state_read_ms":1.058253,"state_hash_ms":1.095234,"commit_ms":0.317938,"total_ms":2.730486},"throughput":{"mgas_per_sec":30.675125234115832},"state_reads":{"accounts":12,"storage_slots":0,"code":0,"code_bytes":0},"state_writes":{"accounts":3,"accounts_deleted":0,"storage_slots":0,"storage_slots_deleted":0,"code":1,"code_bytes":78},"cache":{"account":{"hits":6,"misses":6,"hit_rate":50},"storage":{"hits":0,"misses":0,"hit_rate":0},"code":{"hits":0,"misses":0,"hit_rate":0,"hit_bytes":0,"miss_bytes":0}}}
INFO [03-24|02:51:23.485] Imported new potential chain segment     number=25108 hash=5a6a0b..7dd6b9 blocks=1 txs=2 mgas=0.084 elapsed=2.957ms mgasps=28.316 triediffs=837.34MiB triedirty=0.00B
INFO [03-24|02:51:23.486] Chain head was updated                   number=25108 hash=5a6a0b..7dd6b9 root=3fafa2..84ddf0 elapsed="237.089µs"
INFO [03-24|02:51:24.440] Submitted transaction                    hash=0x136b7433ab2b7ecd88eec7e4cacc6588509c592525b0532326b62dca35c03883 from=0x74697396cB500eD4ED9c91A65AAbBD813Cb63178 nonce=0   recipient=0x18E317A7D70d8fBf8e6E893616b52390EbBdb629 value=0
INFO [03-24|02:51:33.489] Starting work on payload                 id=0x03131e43487b276a
WARN [03-24|02:51:37.030] Block building is interrupted            allowance=2s
INFO [03-24|02:51:37.656] Updated payload                          id=0x03131e43487b276a number=25109 hash=00f7e3..ad0519 txs=1 withdrawals=0 gas=26,191,182 fees=0.1571470921    root=8e7460..7092b3 elapsed=4.167s
WARN [03-24|02:51:39.749] {"level":"warn","msg":"Slow block","block":{"number":25109,"hash":"0x00f7e39bbaa2bb07ce85207020b769bb7c648387b107c603f041fbe2eead0519","gas_used":26191182,"tx_count":1},"timing":{"execution_ms":179.692602,"state_read_ms":1127.302657,"state_hash_ms":698.843813,"commit_ms":84.287193,"total_ms":2090.308134},"throughput":{"mgas_per_sec":12.529818725759213},"state_reads":{"accounts":8,"storage_slots":4094,"code":2,"code_bytes":1422},"state_writes":{"accounts":3,"accounts_deleted":0,"storage_slots":0,"storage_slots_deleted":0,"code":0,"code_bytes":0},"cache":{"account":{"hits":3,"misses":5,"hit_rate":37.5},"storage":{"hits":713,"misses":3381,"hit_rate":17.415730337078653},"code":{"hits":2,"misses":0,"hit_rate":100,"hit_bytes":1422,"miss_bytes":0}}}
INFO [03-24|02:51:39.749] Imported new potential chain segment     number=25109 hash=00f7e3..ad0519 blocks=1 txs=1 mgas=26.191 elapsed=2.090s      mgasps=12.529 triediffs=852.56MiB triedirty=0.00B
INFO [03-24|02:51:39.750] Chain head was updated                   number=25109 hash=00f7e3..ad0519 root=8e7460..7092b3 elapsed="73.91µs"
WARN [03-24|02:51:40.120] Block building is interrupted            allowance=2s
INFO [03-24|02:51:40.540] Submitted transaction                    hash=0xf82b72445fed1ef5115bb950f43490ac1d240d4d40689e9d127b68183ea0e20c from=0x74697396cB500eD4ED9c91A65AAbBD813Cb63178 nonce=1   recipient=0xf39Fd6e51aad88F6F4ce6aB8827279cffFb92266 value=442,789,908,737,878,180
INFO [03-24|02:51:41.022] Stopping work on payload                 id=0x03131e43487b276a reason=delivery
INFO [03-24|02:51:49.756] Starting work on payload                 id=0x03d9aa2db20726c8
WARN [03-24|02:51:52.061] Block building is interrupted            allowance=2s
INFO [03-24|02:51:52.701] Updated payload                          id=0x03d9aa2db20726c8 number=25110 hash=9fcd73..e0c067 txs=7 withdrawals=0 gas=26,342,166 fees=0.052705332     root=c4899d..899b4b elapsed=2.944s
WARN [03-24|02:51:54.739] Block building is interrupted            allowance=2s
WARN [03-24|02:51:55.056] {"level":"warn","msg":"Slow block","block":{"number":25110,"hash":"0x9fcd73e90b43f671cd5feb99adc0cedcd1e36f8d6ba5fc030108adfcdde0c067","gas_used":26342166,"tx_count":7},"timing":{"execution_ms":68.070741,"state_read_ms":1485.436853,"state_hash_ms":740.148179,"commit_ms":57.461465,"total_ms":2351.274658},"throughput":{"mgas_per_sec":11.203355554559803},"state_reads":{"accounts":12,"storage_slots":4446,"code":1,"code_bytes":1344},"state_writes":{"accounts":8,"accounts_deleted":0,"storage_slots":0,"storage_slots_deleted":0,"code":0,"code_bytes":0},"cache":{"account":{"hits":8,"misses":4,"hit_rate":66.66666666666666},"storage":{"hits":3715,"misses":731,"hit_rate":83.55825461088618},"code":{"hits":1,"misses":0,"hit_rate":100,"hit_bytes":1344,"miss_bytes":0}}}
INFO [03-24|02:51:55.056] Imported new potential chain segment     number=25110 hash=9fcd73..e0c067 blocks=1 txs=7 mgas=26.342 elapsed=2.351s      mgasps=11.202 triediffs=869.04MiB triedirty=0.00B
INFO [03-24|02:51:55.056] Chain head was updated                   number=25110 hash=9fcd73..e0c067 root=c4899d..899b4b elapsed="88.929µs"
INFO [03-24|02:51:55.524] Stopping work on payload                 id=0x03d9aa2db20726c8 reason=delivery
