INFO [03-24|02:47:29.940] Starting Geth on Ethereum mainnet...
INFO [03-24|02:47:29.941] Maximum peer count                       ETH=0 total=0
INFO [03-24|02:47:29.942] Smartcard socket not found, disabling    err="stat /run/pcscd/pcscd.comm: no such file or directory"
WARN [03-24|02:47:29.944] Option --miner.etherbase is deprecated as the etherbase is set by the consensus client post-merge
WARN [03-24|02:47:29.945] Snap sync requested, resetting --cache.snapshot
INFO [03-24|02:47:29.945] Global gas cap disabled
INFO [03-24|02:47:30.592] Using developer account                  address=0xf39Fd6e51aad88F6F4ce6aB8827279cffFb92266
INFO [03-24|02:47:31.090] Using pebble as the backing database
INFO [03-24|02:47:31.090] Allocated cache and file handles         database=/home/CPerezz/bintrie-benchmarks/mpt-vs-bintrie/dbs/bt-gd5/geth/chaindata cache=16.00MiB handles=524,288
INFO [03-24|02:47:35.434] Opened ancient database                  database=/home/CPerezz/bintrie-benchmarks/mpt-vs-bintrie/dbs/bt-gd5/geth/chaindata/ancient/chain readonly=true
INFO [03-24|02:47:35.434] Opened Era store                         datadir=/home/CPerezz/bintrie-benchmarks/mpt-vs-bintrie/dbs/bt-gd5/geth/chaindata/ancient/chain/era
INFO [03-24|02:47:35.457] Initializing the KZG library             backend=gokzg
INFO [03-24|02:47:35.459] Allocated trie memory caches             clean=0.00B dirty=0.00B
INFO [03-24|02:47:35.645] Using pebble as the backing database
INFO [03-24|02:47:35.645] Allocated cache and file handles         database=/home/CPerezz/bintrie-benchmarks/mpt-vs-bintrie/dbs/bt-gd5/geth/chaindata cache=16.00MiB handles=524,288
INFO [03-24|02:47:38.496] Opened ancient database                  database=/home/CPerezz/bintrie-benchmarks/mpt-vs-bintrie/dbs/bt-gd5/geth/chaindata/ancient/chain readonly=false
INFO [03-24|02:47:38.496] Opened Era store                         datadir=/home/CPerezz/bintrie-benchmarks/mpt-vs-bintrie/dbs/bt-gd5/geth/chaindata/ancient/chain/era
INFO [03-24|02:47:38.499] State scheme set to already existing     scheme=path
INFO [03-24|02:47:38.499] Initialising Ethereum protocol           network=1337 dbversion=9
INFO [03-24|02:47:38.499] Load database journal from file          path=/home/CPerezz/bintrie-benchmarks/mpt-vs-bintrie/dbs/bt-gd5/geth/triedb/verkle.journal
INFO [03-24|02:47:42.059] Opened ancient database                  database=/home/CPerezz/bintrie-benchmarks/mpt-vs-bintrie/dbs/bt-gd5/geth/chaindata/ancient/state_verkle readonly=false
INFO [03-24|02:47:42.061] State snapshot generator is not found
INFO [03-24|02:47:42.061] Initialized path database                triecache=0.00B statecache=0.00B buffer=0.00B state-history="last 90000 blocks" journal-dir=/home/CPerezz/bintrie-benchmarks/mpt-vs-bintrie/dbs/bt-gd5/geth/triedb verkle=true
INFO [03-24|02:47:42.062] 
INFO [03-24|02:47:42.062] ---------------------------------------------------------------------------------------------------------------------------------------------------------
INFO [03-24|02:47:42.062] Chain ID:  1337 (unknown)
INFO [03-24|02:47:42.062] Consensus: unknown
INFO [03-24|02:47:42.062] 
INFO [03-24|02:47:42.062] Pre-Merge hard forks (block based):
INFO [03-24|02:47:42.062]  - Homestead:                   #0       
INFO [03-24|02:47:42.062]  - Tangerine Whistle (EIP 150): #0       
INFO [03-24|02:47:42.062]  - Spurious Dragon/1 (EIP 155): #0       
INFO [03-24|02:47:42.062]  - Spurious Dragon/2 (EIP 158): #0       
INFO [03-24|02:47:42.062]  - Byzantium:                   #0       
INFO [03-24|02:47:42.062]  - Constantinople:              #0       
INFO [03-24|02:47:42.062]  - Petersburg:                  #0       
INFO [03-24|02:47:42.062]  - Istanbul:                    #0       
INFO [03-24|02:47:42.062]  - Muir Glacier:                #0       
INFO [03-24|02:47:42.062]  - Berlin:                      #0       
INFO [03-24|02:47:42.062]  - London:                      #0       
INFO [03-24|02:47:42.062]  - Arrow Glacier:               #0       
INFO [03-24|02:47:42.062]  - Gray Glacier:                #0       
INFO [03-24|02:47:42.062] 
INFO [03-24|02:47:42.062] Merge configured:
INFO [03-24|02:47:42.062]  - Total terminal difficulty:  0
INFO [03-24|02:47:42.062]  - Merge netsplit block:       #0       
INFO [03-24|02:47:42.062] 
INFO [03-24|02:47:42.062] Post-Merge hard forks (timestamp based):
INFO [03-24|02:47:42.062]  - Shanghai:                    @0         
INFO [03-24|02:47:42.062]  - Cancun:                      @0          blob: (target: 3, max: 6, fraction: 3338477)
INFO [03-24|02:47:42.062]  - Prague:                      @0          blob: (target: 6, max: 9, fraction: 5225352)
INFO [03-24|02:47:42.062]  - Verkle:                      @0          blob: (nil)
INFO [03-24|02:47:42.062] 
INFO [03-24|02:47:42.062] All fork specifications can be found at https://ethereum.github.io/execution-specs/src/ethereum/forks/
INFO [03-24|02:47:42.062] 
INFO [03-24|02:47:42.062] ---------------------------------------------------------------------------------------------------------------------------------------------------------
INFO [03-24|02:47:42.062] 
INFO [03-24|02:47:42.064] Loaded most recent local block           number=25095 hash=df48ef..905a9c age=30s
INFO [03-24|02:47:42.064] Loaded most recent local finalized block number=25088 hash=20bf38..06c8b3 age=3m13s
INFO [03-24|02:47:42.065] Initialized transaction indexer          range="last 2350000 blocks"
INFO [03-24|02:47:42.065] Initialized log indexer                  firstblock=0 lastblock=25095 firstmap=0 lastmap=4 headindexed=true
INFO [03-24|02:47:42.068] Enabled full-sync                        head=25095 hash=df48ef..905a9c
INFO [03-24|02:47:42.069] Unprotected transactions allowed
INFO [03-24|02:47:42.069] Gasprice oracle is ignoring threshold set threshold=2
WARN [03-24|02:47:42.069] Unclean shutdown detected                booted=2026-03-24T02:10:37+0100 age=37m5s
INFO [03-24|02:47:42.069] Registered sync override service
WARN [03-24|02:47:42.069] You are running Geth in --dev mode. Please note the following:
WARN [03-24|02:47:42.069] 
WARN [03-24|02:47:42.069]   1. This mode is only intended for fast, iterative development without assumptions on
WARN [03-24|02:47:42.069]      security or persistence.
WARN [03-24|02:47:42.069]   2. The database is created in memory unless specified otherwise. Therefore, shutting down
WARN [03-24|02:47:42.069]      your computer or losing power will wipe your entire block data and chain state for
WARN [03-24|02:47:42.069]      your dev environment.
WARN [03-24|02:47:42.069]   3. A random, pre-allocated developer account will be available and unlocked as
WARN [03-24|02:47:42.069]      eth.coinbase, which can be used for testing. The random dev account is temporary,
WARN [03-24|02:47:42.069]      stored on a ramdisk, and will be lost if your machine is restarted.
WARN [03-24|02:47:42.069]   4. Mining is enabled by default. However, the client will only seal blocks if transactions
WARN [03-24|02:47:42.069]      are pending in the mempool. The miner's minimum accepted gas price is 1.
WARN [03-24|02:47:42.069]   5. Networking is disabled; there is no listen-address, the maximum number of peers is set
WARN [03-24|02:47:42.069]      to 0, and discovery is disabled.
WARN [03-24|02:47:42.069] 
INFO [03-24|02:47:42.069] Starting peer-to-peer node               instance=Geth/v1.17.2-unstable-991300c4-20260319/linux-amd64/go1.24.1
WARN [03-24|02:47:42.069] P2P server will be useless, neither dialing nor listening
INFO [03-24|02:47:42.073] IPC endpoint opened                      url=/home/CPerezz/bintrie-benchmarks/mpt-vs-bintrie/dbs/bt-gd5/geth.ipc
ERROR[03-24|02:47:42.073] Unavailable modules in HTTP API list     unavailable=[personal] available="[admin debug web3 eth txpool miner net dev testing]"
INFO [03-24|02:47:42.074] HTTP server started                      endpoint=[::]:8545 auth=false prefix= cors= vhosts=localhost
INFO [03-24|02:47:42.074] WebSocket enabled                        url=ws://[::]:8546
INFO [03-24|02:47:42.074] New local node record                    seq=1,774,173,716,155 id=5ca20ce916776c2d ip=127.0.0.1 udp=0 tcp=0
INFO [03-24|02:47:42.074] Started P2P networking                   self=enode://1077caac14890773549d39754d8c8bc5e612fe651148195d9a07a9cf579886d29513235e655b87f0a9b698489f0fa6ab6844ce86094074ef6793d42e9b0e3c5f@127.0.0.1:0
INFO [03-24|02:47:42.221] Loaded local transaction journal         transactions=2304 dropped=0
INFO [03-24|02:47:43.776] Started log indexer
INFO [03-24|02:47:43.787] Starting work on payload                 id=0x03c02cede5857c76
INFO [03-24|02:47:43.787] Updated payload                          id=0x03c02cede5857c76 number=25096 hash=d15c2c..07b9b8 txs=0 withdrawals=0 gas=0 fees=0 root=be8482..d2c370 elapsed="689.926µs"
INFO [03-24|02:47:43.787] Stopping work on payload                 id=0x03c02cede5857c76 reason=delivery
WARN [03-24|02:47:43.789] {"level":"warn","msg":"Slow block","block":{"number":25096,"hash":"0xd15c2c4ef37569302a6f1efb93c0f2169a7b132a302d488d7d0b2ff96707b9b8","gas_used":0,"tx_count":0},"timing":{"execution_ms":0.013479,"state_read_ms":0.514118,"state_hash_ms":0.000511,"commit_ms":0.081599,"total_ms":0.693257},"throughput":{"mgas_per_sec":0},"state_reads":{"accounts":4,"storage_slots":0,"code":0,"code_bytes":0},"state_writes":{"accounts":0,"accounts_deleted":0,"storage_slots":0,"storage_slots_deleted":0,"code":0,"code_bytes":0},"cache":{"account":{"hits":0,"misses":4,"hit_rate":0},"storage":{"hits":0,"misses":0,"hit_rate":0},"code":{"hits":0,"misses":0,"hit_rate":0,"hit_bytes":0,"miss_bytes":0}}}
INFO [03-24|02:47:43.789] Imported new potential chain segment     number=25096 hash=d15c2c..07b9b8 blocks=1 txs=0 mgas=0.000 elapsed="993.575µs" mgasps=0.000 triediffs=705.64MiB triedirty=0.00B
INFO [03-24|02:47:43.789] Chain head was updated                   number=25096 hash=d15c2c..07b9b8 root=be8482..d2c370 elapsed="32.96µs"
INFO [03-24|02:47:44.258] Submitted contract creation              hash=0xaf0a301872e34bf3178d397b59611fc41d89835a5b3f0c76f135a81d44e82c37 from=0xf39Fd6e51aad88F6F4ce6aB8827279cffFb92266 nonce=96 contract=0xf953b3A269d80e3eB0F2947630Da976B896A8C5b value=0
INFO [03-24|02:47:44.261] Submitted transaction                    hash=0xfc94764253423a1094010321bdb96734a915a75118ffb72d9dc88dd02d9beba2 from=0xf39Fd6e51aad88F6F4ce6aB8827279cffFb92266 nonce=97 recipient=0x6e83b26B87858Dd0D75a0FCC5da6345C48EF56E5 value=600,000,001,200,000,000
INFO [03-24|02:47:53.791] Starting work on payload                 id=0x0323eb524f37c619
WARN [03-24|02:47:55.833] Block building is interrupted            allowance=2s
INFO [03-24|02:47:56.206] Updated payload                          id=0x0323eb524f37c619 number=25097 hash=3f90e6..373127 txs=5 withdrawals=0 gas=13,244,347 fees=0.026823726 root=152174..e22a76 elapsed=2.414s
WARN [03-24|02:47:57.587] {"level":"warn","msg":"Slow block","block":{"number":25097,"hash":"0x3f90e6330d0215910293264f2a87fbfe95097d1673b2d5de746940a719373127","gas_used":13244347,"tx_count":5},"timing":{"execution_ms":33.105091,"state_read_ms":862.701229,"state_hash_ms":417.523833,"commit_ms":63.787628,"total_ms":1377.320249},"throughput":{"mgas_per_sec":9.616025764244753},"state_reads":{"accounts":16,"storage_slots":2224,"code":1,"code_bytes":1344},"state_writes":{"accounts":7,"accounts_deleted":0,"storage_slots":0,"storage_slots_deleted":0,"code":1,"code_bytes":78},"cache":{"account":{"hits":10,"misses":6,"hit_rate":62.5},"storage":{"hits":1564,"misses":660,"hit_rate":70.32374100719424},"code":{"hits":1,"misses":0,"hit_rate":100,"hit_bytes":1344,"miss_bytes":0}}}
INFO [03-24|02:47:57.587] Imported new potential chain segment     number=25097 hash=3f90e6..373127 blocks=1 txs=5 mgas=13.244 elapsed=1.377s      mgasps=9.613 triediffs=714.39MiB triedirty=0.00B
INFO [03-24|02:47:57.590] Chain head was updated                   number=25097 hash=3f90e6..373127 root=152174..e22a76 elapsed="303.449µs"
WARN [03-24|02:47:58.286] Block building is interrupted            allowance=2s
INFO [03-24|02:47:58.386] Submitted transaction                    hash=0xbc5bd7a64f1151749c2624ae7a7ddf3fecabb39d0c9847145bd3f5e341304d95 from=0x6e83b26B87858Dd0D75a0FCC5da6345C48EF56E5 nonce=0  recipient=0xf953b3A269d80e3eB0F2947630Da976B896A8C5b value=0
INFO [03-24|02:47:58.838] Stopping work on payload                 id=0x0323eb524f37c619 reason=delivery
INFO [03-24|02:48:07.597] Starting work on payload                 id=0x03460971000c5133
WARN [03-24|02:48:10.449] Block building is interrupted            allowance=2s
INFO [03-24|02:48:11.080] Updated payload                          id=0x03460971000c5133 number=25098 hash=584a35..7f880a txs=1 withdrawals=0 gas=26,191,182 fees=0.1571470921 root=6af11f..f3b39e elapsed=3.482s
WARN [03-24|02:48:12.930] {"level":"warn","msg":"Slow block","block":{"number":25098,"hash":"0x584a353010424bb43bc0988bc633cb91457adb1dd6370908504777d62e7f880a","gas_used":26191182,"tx_count":1},"timing":{"execution_ms":130.155652,"state_read_ms":961.762246,"state_hash_ms":694.63211,"commit_ms":59.196974,"total_ms":1845.868313},"throughput":{"mgas_per_sec":14.189084787653538},"state_reads":{"accounts":8,"storage_slots":4094,"code":2,"code_bytes":1422},"state_writes":{"accounts":3,"accounts_deleted":0,"storage_slots":0,"storage_slots_deleted":0,"code":0,"code_bytes":0},"cache":{"account":{"hits":3,"misses":5,"hit_rate":37.5},"storage":{"hits":1955,"misses":2139,"hit_rate":47.752808988764045},"code":{"hits":2,"misses":0,"hit_rate":100,"hit_bytes":1422,"miss_bytes":0}}}
INFO [03-24|02:48:12.930] Imported new potential chain segment     number=25098 hash=584a35..7f880a blocks=1 txs=1 mgas=26.191 elapsed=1.846s      mgasps=14.188 triediffs=729.62MiB triedirty=0.00B
INFO [03-24|02:48:12.932] Chain head was updated                   number=25098 hash=584a35..7f880a root=6af11f..f3b39e elapsed="95.07µs"
INFO [03-24|02:48:13.480] Submitted transaction                    hash=0x23a3399f497a84831e627049b089ec0d93445132ea030cd68ad113d1dd884379 from=0x6e83b26B87858Dd0D75a0FCC5da6345C48EF56E5 nonce=1  recipient=0xf39Fd6e51aad88F6F4ce6aB8827279cffFb92266 value=442,789,908,885,453,816
WARN [03-24|02:48:13.543] Block building is interrupted            allowance=2s
INFO [03-24|02:48:14.468] Stopping work on payload                 id=0x03460971000c5133 reason=delivery
INFO [03-24|02:48:22.939] Starting work on payload                 id=0x035f94a4e66233a2
WARN [03-24|02:48:25.351] Block building is interrupted            allowance=2s
INFO [03-24|02:48:26.152] Updated payload                          id=0x035f94a4e66233a2 number=25099 hash=5c4a64..33c1fb txs=9 withdrawals=0 gas=35,115,904 fees=0.070252808  root=f67391..18013f elapsed=3.212s
WARN [03-24|02:48:28.417] Block building is interrupted            allowance=2s
INFO [03-24|02:48:29.435] Stopping work on payload                 id=0x035f94a4e66233a2 reason=delivery
WARN [03-24|02:48:29.526] {"level":"warn","msg":"Slow block","block":{"number":25099,"hash":"0x5c4a64e8d6d8e168a6e349ba1cec13c92e851cf2ace09d22cd0e4883b133c1fb","gas_used":35115904,"tx_count":9},"timing":{"execution_ms":51.519544,"state_read_ms":2178.936709,"state_hash_ms":1051.12634,"commit_ms":90.270638,"total_ms":3372.13769},"throughput":{"mgas_per_sec":10.413543938059066},"state_reads":{"accounts":12,"storage_slots":5926,"code":1,"code_bytes":1344},"state_writes":{"accounts":8,"accounts_deleted":0,"storage_slots":0,"storage_slots_deleted":0,"code":0,"code_bytes":0},"cache":{"account":{"hits":8,"misses":4,"hit_rate":66.66666666666666},"storage":{"hits":5186,"misses":740,"hit_rate":87.51265609179886},"code":{"hits":1,"misses":0,"hit_rate":100,"hit_bytes":1344,"miss_bytes":0}}}
INFO [03-24|02:48:29.526] Imported new potential chain segment     number=25099 hash=5c4a64..33c1fb blocks=1 txs=9 mgas=35.116 elapsed=3.372s      mgasps=10.413 triediffs=751.07MiB triedirty=0.00B
INFO [03-24|02:48:29.527] Chain head was updated                   number=25099 hash=5c4a64..33c1fb root=f67391..18013f elapsed="100.679µs"
