INFO [03-24|03:28:24.732] Starting Geth on Ethereum mainnet...
INFO [03-24|03:28:24.733] Maximum peer count                       ETH=0 total=0
INFO [03-24|03:28:24.734] Smartcard socket not found, disabling    err="stat /run/pcscd/pcscd.comm: no such file or directory"
WARN [03-24|03:28:24.735] Option --miner.etherbase is deprecated as the etherbase is set by the consensus client post-merge
WARN [03-24|03:28:24.737] Snap sync requested, resetting --cache.snapshot
INFO [03-24|03:28:24.737] Global gas cap disabled
INFO [03-24|03:28:25.391] Using developer account                  address=0xf39Fd6e51aad88F6F4ce6aB8827279cffFb92266
INFO [03-24|03:28:25.889] Using pebble as the backing database
INFO [03-24|03:28:25.889] Allocated cache and file handles         database=/home/CPerezz/bintrie-benchmarks/mpt-vs-bintrie/dbs/bt-gd5/geth/chaindata cache=16.00MiB handles=524,288
INFO [03-24|03:28:30.203] Opened ancient database                  database=/home/CPerezz/bintrie-benchmarks/mpt-vs-bintrie/dbs/bt-gd5/geth/chaindata/ancient/chain readonly=true
INFO [03-24|03:28:30.203] Opened Era store                         datadir=/home/CPerezz/bintrie-benchmarks/mpt-vs-bintrie/dbs/bt-gd5/geth/chaindata/ancient/chain/era
INFO [03-24|03:28:30.228] Initializing the KZG library             backend=gokzg
INFO [03-24|03:28:30.229] Allocated trie memory caches             clean=0.00B dirty=0.00B
INFO [03-24|03:28:30.398] Using pebble as the backing database
INFO [03-24|03:28:30.398] Allocated cache and file handles         database=/home/CPerezz/bintrie-benchmarks/mpt-vs-bintrie/dbs/bt-gd5/geth/chaindata cache=16.00MiB handles=524,288
INFO [03-24|03:28:33.200] Opened ancient database                  database=/home/CPerezz/bintrie-benchmarks/mpt-vs-bintrie/dbs/bt-gd5/geth/chaindata/ancient/chain readonly=false
INFO [03-24|03:28:33.200] Opened Era store                         datadir=/home/CPerezz/bintrie-benchmarks/mpt-vs-bintrie/dbs/bt-gd5/geth/chaindata/ancient/chain/era
INFO [03-24|03:28:33.203] State scheme set to already existing     scheme=path
INFO [03-24|03:28:33.203] Initialising Ethereum protocol           network=1337 dbversion=9
INFO [03-24|03:28:33.204] Load database journal from file          path=/home/CPerezz/bintrie-benchmarks/mpt-vs-bintrie/dbs/bt-gd5/geth/triedb/verkle.journal
INFO [03-24|03:28:38.546] Opened ancient database                  database=/home/CPerezz/bintrie-benchmarks/mpt-vs-bintrie/dbs/bt-gd5/geth/chaindata/ancient/state_verkle readonly=false
INFO [03-24|03:28:38.548] State snapshot generator is not found
INFO [03-24|03:28:38.548] Initialized path database                triecache=0.00B statecache=0.00B buffer=0.00B state-history="last 90000 blocks" journal-dir=/home/CPerezz/bintrie-benchmarks/mpt-vs-bintrie/dbs/bt-gd5/geth/triedb verkle=true
INFO [03-24|03:28:38.549] 
INFO [03-24|03:28:38.549] ---------------------------------------------------------------------------------------------------------------------------------------------------------
INFO [03-24|03:28:38.549] Chain ID:  1337 (unknown)
INFO [03-24|03:28:38.549] Consensus: unknown
INFO [03-24|03:28:38.549] 
INFO [03-24|03:28:38.549] Pre-Merge hard forks (block based):
INFO [03-24|03:28:38.549]  - Homestead:                   #0       
INFO [03-24|03:28:38.549]  - Tangerine Whistle (EIP 150): #0       
INFO [03-24|03:28:38.549]  - Spurious Dragon/1 (EIP 155): #0       
INFO [03-24|03:28:38.549]  - Spurious Dragon/2 (EIP 158): #0       
INFO [03-24|03:28:38.549]  - Byzantium:                   #0       
INFO [03-24|03:28:38.549]  - Constantinople:              #0       
INFO [03-24|03:28:38.549]  - Petersburg:                  #0       
INFO [03-24|03:28:38.549]  - Istanbul:                    #0       
INFO [03-24|03:28:38.549]  - Muir Glacier:                #0       
INFO [03-24|03:28:38.549]  - Berlin:                      #0       
INFO [03-24|03:28:38.549]  - London:                      #0       
INFO [03-24|03:28:38.549]  - Arrow Glacier:               #0       
INFO [03-24|03:28:38.549]  - Gray Glacier:                #0       
INFO [03-24|03:28:38.549] 
INFO [03-24|03:28:38.549] Merge configured:
INFO [03-24|03:28:38.549]  - Total terminal difficulty:  0
INFO [03-24|03:28:38.549]  - Merge netsplit block:       #0       
INFO [03-24|03:28:38.549] 
INFO [03-24|03:28:38.549] Post-Merge hard forks (timestamp based):
INFO [03-24|03:28:38.549]  - Shanghai:                    @0         
INFO [03-24|03:28:38.549]  - Cancun:                      @0          blob: (target: 3, max: 6, fraction: 3338477)
INFO [03-24|03:28:38.549]  - Prague:                      @0          blob: (target: 6, max: 9, fraction: 5225352)
INFO [03-24|03:28:38.549]  - Verkle:                      @0          blob: (nil)
INFO [03-24|03:28:38.549] 
INFO [03-24|03:28:38.549] All fork specifications can be found at https://ethereum.github.io/execution-specs/src/ethereum/forks/
INFO [03-24|03:28:38.549] 
INFO [03-24|03:28:38.549] ---------------------------------------------------------------------------------------------------------------------------------------------------------
INFO [03-24|03:28:38.549] 
INFO [03-24|03:28:38.550] Loaded most recent local block           number=25131 hash=accc0e..588549 age=56s
INFO [03-24|03:28:38.550] Loaded most recent local finalized block number=25120 hash=b7f64e..fc2403 age=33m40s
INFO [03-24|03:28:38.551] Initialized transaction indexer          range="last 2350000 blocks"
INFO [03-24|03:28:38.551] Initialized log indexer                  firstblock=0 lastblock=25131 firstmap=0 lastmap=4 headindexed=true
INFO [03-24|03:28:38.555] Enabled full-sync                        head=25131 hash=accc0e..588549
INFO [03-24|03:28:38.555] Unprotected transactions allowed
INFO [03-24|03:28:38.555] Gasprice oracle is ignoring threshold set threshold=2
WARN [03-24|03:28:38.555] Unclean shutdown detected                booted=2026-03-24T02:10:37+0100 age=1h18m1s
INFO [03-24|03:28:38.555] Registered sync override service
WARN [03-24|03:28:38.555] You are running Geth in --dev mode. Please note the following:
WARN [03-24|03:28:38.555] 
WARN [03-24|03:28:38.555]   1. This mode is only intended for fast, iterative development without assumptions on
WARN [03-24|03:28:38.555]      security or persistence.
WARN [03-24|03:28:38.555]   2. The database is created in memory unless specified otherwise. Therefore, shutting down
WARN [03-24|03:28:38.555]      your computer or losing power will wipe your entire block data and chain state for
WARN [03-24|03:28:38.555]      your dev environment.
WARN [03-24|03:28:38.555]   3. A random, pre-allocated developer account will be available and unlocked as
WARN [03-24|03:28:38.555]      eth.coinbase, which can be used for testing. The random dev account is temporary,
WARN [03-24|03:28:38.555]      stored on a ramdisk, and will be lost if your machine is restarted.
WARN [03-24|03:28:38.555]   4. Mining is enabled by default. However, the client will only seal blocks if transactions
WARN [03-24|03:28:38.555]      are pending in the mempool. The miner's minimum accepted gas price is 1.
WARN [03-24|03:28:38.555]   5. Networking is disabled; there is no listen-address, the maximum number of peers is set
WARN [03-24|03:28:38.555]      to 0, and discovery is disabled.
WARN [03-24|03:28:38.555] 
INFO [03-24|03:28:38.555] Starting peer-to-peer node               instance=Geth/v1.17.2-unstable-991300c4-20260319/linux-amd64/go1.24.1
WARN [03-24|03:28:38.556] P2P server will be useless, neither dialing nor listening
INFO [03-24|03:28:38.560] IPC endpoint opened                      url=/home/CPerezz/bintrie-benchmarks/mpt-vs-bintrie/dbs/bt-gd5/geth.ipc
ERROR[03-24|03:28:38.560] Unavailable modules in HTTP API list     unavailable=[personal] available="[admin debug web3 eth txpool miner net dev testing]"
INFO [03-24|03:28:38.560] HTTP server started                      endpoint=[::]:8545 auth=false prefix= cors= vhosts=localhost
INFO [03-24|03:28:38.560] WebSocket enabled                        url=ws://[::]:8546
INFO [03-24|03:28:38.560] New local node record                    seq=1,774,173,716,165 id=5ca20ce916776c2d ip=127.0.0.1 udp=0 tcp=0
INFO [03-24|03:28:38.560] Started P2P networking                   self=enode://1077caac14890773549d39754d8c8bc5e612fe651148195d9a07a9cf579886d29513235e655b87f0a9b698489f0fa6ab6844ce86094074ef6793d42e9b0e3c5f@127.0.0.1:0
INFO [03-24|03:28:38.675] Loaded local transaction journal         transactions=2343 dropped=0
INFO [03-24|03:28:40.082] Submitted contract creation              hash=0x85db83c57384eabf396c0b09c860b79d1e7aa09da61c7f60fdceb4d114f20c64 from=0xf39Fd6e51aad88F6F4ce6aB8827279cffFb92266 nonce=116 contract=0x3347B4d90ebe72BeFb30444C9966B2B990aE9FcB value=0
INFO [03-24|03:28:40.085] Submitted transaction                    hash=0x819f72b12007fdb802e41436a1961e2c34621a8c13771416a1c571b885c4f22e from=0xf39Fd6e51aad88F6F4ce6aB8827279cffFb92266 nonce=117 recipient=0x223fBEEFeaFB4ad8f15fF17Ee1797239d3873be4 value=600,000,001,000,000,000
INFO [03-24|03:28:40.460] Started log indexer
INFO [03-24|03:28:40.471] Starting work on payload                 id=0x0309f6302c645167
INFO [03-24|03:28:40.476] Updated payload                          id=0x0309f6302c645167 number=25132 hash=001120..f03340 txs=2 withdrawals=0 gas=83662 fees=0.0005019720002 root=63e2b9..55b861 elapsed=5.865ms
INFO [03-24|03:28:40.477] Stopping work on payload                 id=0x0309f6302c645167 reason=delivery
WARN [03-24|03:28:40.481] {"level":"warn","msg":"Slow block","block":{"number":25132,"hash":"0x001120006352f4a1a6bbfbebd72214c51ffd0fbdf6440b4d3ba15c7a9ff03340","gas_used":83662,"tx_count":2},"timing":{"execution_ms":0.15832,"state_read_ms":1.71323,"state_hash_ms":1.454762,"commit_ms":0.587667,"total_ms":4.155117},"throughput":{"mgas_per_sec":20.13469175476888},"state_reads":{"accounts":12,"storage_slots":0,"code":0,"code_bytes":0},"state_writes":{"accounts":3,"accounts_deleted":0,"storage_slots":0,"storage_slots_deleted":0,"code":1,"code_bytes":72},"cache":{"account":{"hits":6,"misses":6,"hit_rate":50},"storage":{"hits":0,"misses":0,"hit_rate":0},"code":{"hits":0,"misses":0,"hit_rate":0,"hit_bytes":0,"miss_bytes":0}}}
INFO [03-24|03:28:40.481] Imported new potential chain segment     number=25132 hash=001120..f03340 blocks=1 txs=2 mgas=0.084 elapsed=4.487ms mgasps=18.642 triediffs=1.04GiB triedirty=0.00B
INFO [03-24|03:28:40.482] Chain head was updated                   number=25132 hash=001120..f03340 root=63e2b9..55b861 elapsed="265.469µs"
INFO [03-24|03:28:41.099] Submitted transaction                    hash=0xbba4e1266098ff6968183124dc0c9228b9896339667062b13646963d6de1d6e4 from=0x223fBEEFeaFB4ad8f15fF17Ee1797239d3873be4 nonce=0   recipient=0x3347B4d90ebe72BeFb30444C9966B2B990aE9FcB value=0
INFO [03-24|03:28:50.485] Starting work on payload                 id=0x03020cc6034e8083
WARN [03-24|03:29:10.055] Block building is interrupted            allowance=2s
INFO [03-24|03:29:10.056] Updated payload                          id=0x03020cc6034e8083 number=25133 hash=c02e6c..eb06c9 txs=1 withdrawals=0 gas=100,000,000 fees=0.6000000002    root=cf7a03..480756 elapsed=19.571s
WARN [03-24|03:29:20.354] Block building is interrupted            allowance=2s
INFO [03-24|03:29:20.355] Stopping work on payload                 id=0x03020cc6034e8083 reason=delivery
WARN [03-24|03:29:20.390] {"level":"warn","msg":"Slow block","block":{"number":25133,"hash":"0xc02e6cbcd7d4c9cd64b18ee631ef69e5524612d2e4e4d0462fed0e6ec8eb06c9","gas_used":100000000,"tx_count":1},"timing":{"execution_ms":1015.205727,"state_read_ms":9279.73099,"state_hash_ms":0.569037,"commit_ms":36.055452,"total_ms":10331.819116},"throughput":{"mgas_per_sec":9.678837664234617},"state_reads":{"accounts":8,"storage_slots":36741,"code":2,"code_bytes":1416},"state_writes":{"accounts":2,"accounts_deleted":0,"storage_slots":0,"storage_slots_deleted":0,"code":0,"code_bytes":0},"cache":{"account":{"hits":3,"misses":5,"hit_rate":37.5},"storage":{"hits":10988,"misses":25753,"hit_rate":29.90664380392477},"code":{"hits":2,"misses":0,"hit_rate":100,"hit_bytes":1416,"miss_bytes":0}}}
INFO [03-24|03:29:20.390] Imported new potential chain segment     number=25133 hash=c02e6c..eb06c9 blocks=1 txs=1 mgas=100.000 elapsed=10.332s     mgasps=9.678  triediffs=1.04GiB triedirty=0.00B
INFO [03-24|03:29:20.391] Chain head was updated                   number=25133 hash=c02e6c..eb06c9 root=cf7a03..480756 elapsed="91.529µs"
