INFO [03-24|03:41:22.274] Starting Geth on Ethereum mainnet...
INFO [03-24|03:41:22.275] Maximum peer count                       ETH=0 total=0
INFO [03-24|03:41:22.277] Smartcard socket not found, disabling    err="stat /run/pcscd/pcscd.comm: no such file or directory"
WARN [03-24|03:41:22.278] Option --miner.etherbase is deprecated as the etherbase is set by the consensus client post-merge
WARN [03-24|03:41:22.280] Snap sync requested, resetting --cache.snapshot
INFO [03-24|03:41:22.280] Global gas cap disabled
INFO [03-24|03:41:22.947] Using developer account                  address=0xf39Fd6e51aad88F6F4ce6aB8827279cffFb92266
INFO [03-24|03:41:23.445] Using pebble as the backing database
INFO [03-24|03:41:23.445] Allocated cache and file handles         database=/home/CPerezz/bintrie-benchmarks/mpt-vs-bintrie/dbs/bt-gd5/geth/chaindata cache=16.00MiB handles=524,288
INFO [03-24|03:41:27.775] Opened ancient database                  database=/home/CPerezz/bintrie-benchmarks/mpt-vs-bintrie/dbs/bt-gd5/geth/chaindata/ancient/chain readonly=true
INFO [03-24|03:41:27.775] Opened Era store                         datadir=/home/CPerezz/bintrie-benchmarks/mpt-vs-bintrie/dbs/bt-gd5/geth/chaindata/ancient/chain/era
INFO [03-24|03:41:27.806] Initializing the KZG library             backend=gokzg
INFO [03-24|03:41:27.807] Allocated trie memory caches             clean=0.00B dirty=0.00B
INFO [03-24|03:41:27.979] Using pebble as the backing database
INFO [03-24|03:41:27.979] Allocated cache and file handles         database=/home/CPerezz/bintrie-benchmarks/mpt-vs-bintrie/dbs/bt-gd5/geth/chaindata cache=16.00MiB handles=524,288
INFO [03-24|03:41:30.961] Opened ancient database                  database=/home/CPerezz/bintrie-benchmarks/mpt-vs-bintrie/dbs/bt-gd5/geth/chaindata/ancient/chain readonly=false
INFO [03-24|03:41:30.961] Opened Era store                         datadir=/home/CPerezz/bintrie-benchmarks/mpt-vs-bintrie/dbs/bt-gd5/geth/chaindata/ancient/chain/era
INFO [03-24|03:41:30.963] State scheme set to already existing     scheme=path
INFO [03-24|03:41:30.965] Initialising Ethereum protocol           network=1337 dbversion=9
INFO [03-24|03:41:30.965] Load database journal from file          path=/home/CPerezz/bintrie-benchmarks/mpt-vs-bintrie/dbs/bt-gd5/geth/triedb/verkle.journal
INFO [03-24|03:41:35.979] Opened ancient database                  database=/home/CPerezz/bintrie-benchmarks/mpt-vs-bintrie/dbs/bt-gd5/geth/chaindata/ancient/state_verkle readonly=false
INFO [03-24|03:41:35.981] State snapshot generator is not found
INFO [03-24|03:41:35.981] Initialized path database                triecache=0.00B statecache=0.00B buffer=0.00B state-history="last 90000 blocks" journal-dir=/home/CPerezz/bintrie-benchmarks/mpt-vs-bintrie/dbs/bt-gd5/geth/triedb verkle=true
INFO [03-24|03:41:35.981] 
INFO [03-24|03:41:35.981] ---------------------------------------------------------------------------------------------------------------------------------------------------------
INFO [03-24|03:41:35.981] Chain ID:  1337 (unknown)
INFO [03-24|03:41:35.981] Consensus: unknown
INFO [03-24|03:41:35.981] 
INFO [03-24|03:41:35.981] Pre-Merge hard forks (block based):
INFO [03-24|03:41:35.981]  - Homestead:                   #0       
INFO [03-24|03:41:35.981]  - Tangerine Whistle (EIP 150): #0       
INFO [03-24|03:41:35.981]  - Spurious Dragon/1 (EIP 155): #0       
INFO [03-24|03:41:35.981]  - Spurious Dragon/2 (EIP 158): #0       
INFO [03-24|03:41:35.981]  - Byzantium:                   #0       
INFO [03-24|03:41:35.981]  - Constantinople:              #0       
INFO [03-24|03:41:35.981]  - Petersburg:                  #0       
INFO [03-24|03:41:35.981]  - Istanbul:                    #0       
INFO [03-24|03:41:35.981]  - Muir Glacier:                #0       
INFO [03-24|03:41:35.981]  - Berlin:                      #0       
INFO [03-24|03:41:35.981]  - London:                      #0       
INFO [03-24|03:41:35.981]  - Arrow Glacier:               #0       
INFO [03-24|03:41:35.981]  - Gray Glacier:                #0       
INFO [03-24|03:41:35.981] 
INFO [03-24|03:41:35.981] Merge configured:
INFO [03-24|03:41:35.981]  - Total terminal difficulty:  0
INFO [03-24|03:41:35.981]  - Merge netsplit block:       #0       
INFO [03-24|03:41:35.981] 
INFO [03-24|03:41:35.981] Post-Merge hard forks (timestamp based):
INFO [03-24|03:41:35.981]  - Shanghai:                    @0         
INFO [03-24|03:41:35.981]  - Cancun:                      @0          blob: (target: 3, max: 6, fraction: 3338477)
INFO [03-24|03:41:35.981]  - Prague:                      @0          blob: (target: 6, max: 9, fraction: 5225352)
INFO [03-24|03:41:35.981]  - Verkle:                      @0          blob: (nil)
INFO [03-24|03:41:35.981] 
INFO [03-24|03:41:35.981] All fork specifications can be found at https://ethereum.github.io/execution-specs/src/ethereum/forks/
INFO [03-24|03:41:35.981] 
INFO [03-24|03:41:35.981] ---------------------------------------------------------------------------------------------------------------------------------------------------------
INFO [03-24|03:41:35.981] 
INFO [03-24|03:41:35.981] Loaded most recent local block           number=25153 hash=bd1370..07073b age=1m1s
INFO [03-24|03:41:35.981] Loaded most recent local finalized block number=25152 hash=3683c5..01b479 age=1m11s
INFO [03-24|03:41:35.982] Initialized transaction indexer          range="last 2350000 blocks"
INFO [03-24|03:41:35.982] Initialized log indexer                  firstblock=0 lastblock=25153 firstmap=0 lastmap=4 headindexed=true
INFO [03-24|03:41:35.987] Enabled full-sync                        head=25153 hash=bd1370..07073b
INFO [03-24|03:41:35.987] Unprotected transactions allowed
INFO [03-24|03:41:35.987] Gasprice oracle is ignoring threshold set threshold=2
WARN [03-24|03:41:35.988] Unclean shutdown detected                booted=2026-03-24T02:10:37+0100 age=1h30m58s
INFO [03-24|03:41:35.988] Registered sync override service
WARN [03-24|03:41:35.988] You are running Geth in --dev mode. Please note the following:
WARN [03-24|03:41:35.988] 
WARN [03-24|03:41:35.988]   1. This mode is only intended for fast, iterative development without assumptions on
WARN [03-24|03:41:35.988]      security or persistence.
WARN [03-24|03:41:35.988]   2. The database is created in memory unless specified otherwise. Therefore, shutting down
WARN [03-24|03:41:35.988]      your computer or losing power will wipe your entire block data and chain state for
WARN [03-24|03:41:35.988]      your dev environment.
WARN [03-24|03:41:35.988]   3. A random, pre-allocated developer account will be available and unlocked as
WARN [03-24|03:41:35.988]      eth.coinbase, which can be used for testing. The random dev account is temporary,
WARN [03-24|03:41:35.988]      stored on a ramdisk, and will be lost if your machine is restarted.
WARN [03-24|03:41:35.988]   4. Mining is enabled by default. However, the client will only seal blocks if transactions
WARN [03-24|03:41:35.988]      are pending in the mempool. The miner's minimum accepted gas price is 1.
WARN [03-24|03:41:35.988]   5. Networking is disabled; there is no listen-address, the maximum number of peers is set
WARN [03-24|03:41:35.988]      to 0, and discovery is disabled.
WARN [03-24|03:41:35.988] 
INFO [03-24|03:41:35.988] Starting peer-to-peer node               instance=Geth/v1.17.2-unstable-991300c4-20260319/linux-amd64/go1.24.1
WARN [03-24|03:41:35.988] P2P server will be useless, neither dialing nor listening
INFO [03-24|03:41:35.992] IPC endpoint opened                      url=/home/CPerezz/bintrie-benchmarks/mpt-vs-bintrie/dbs/bt-gd5/geth.ipc
ERROR[03-24|03:41:35.993] Unavailable modules in HTTP API list     unavailable=[personal] available="[admin debug web3 eth txpool miner net dev testing]"
INFO [03-24|03:41:35.993] New local node record                    seq=1,774,173,716,176 id=5ca20ce916776c2d ip=127.0.0.1 udp=0 tcp=0
INFO [03-24|03:41:35.993] Started P2P networking                   self=enode://1077caac14890773549d39754d8c8bc5e612fe651148195d9a07a9cf579886d29513235e655b87f0a9b698489f0fa6ab6844ce86094074ef6793d42e9b0e3c5f@127.0.0.1:0
INFO [03-24|03:41:35.993] HTTP server started                      endpoint=[::]:8545 auth=false prefix= cors= vhosts=localhost
INFO [03-24|03:41:35.993] WebSocket enabled                        url=ws://[::]:8546
INFO [03-24|03:41:36.150] Loaded local transaction journal         transactions=2376 dropped=0
INFO [03-24|03:41:37.605] Submitted contract creation              hash=0xd8b98eef3bba0b931425cbf4fc58c3e07b2a54840a89ad92647fac91c5e7d8b3 from=0xf39Fd6e51aad88F6F4ce6aB8827279cffFb92266 nonce=138 contract=0xB0f05d25e41FbC2b52013099ED9616f1206Ae21B value=0
INFO [03-24|03:41:37.607] Submitted transaction                    hash=0x56aef8513d39f1d30efefa6a2c23d701db4f8573fc51a817681e8ce5be39a388 from=0xf39Fd6e51aad88F6F4ce6aB8827279cffFb92266 nonce=139 recipient=0x163d4fc806302d8bFA1A1DD39625b2F50efB6D17 value=600,000,001,200,000,000
INFO [03-24|03:41:37.624] Started log indexer
INFO [03-24|03:41:37.633] Starting work on payload                 id=0x0369915a10278213
INFO [03-24|03:41:37.638] Updated payload                          id=0x0369915a10278213 number=25154 hash=7134da..1c464b txs=2 withdrawals=0 gas=83662 fees=0.0005019720003 root=f0176e..a37a72 elapsed=4.631ms
INFO [03-24|03:41:37.638] Stopping work on payload                 id=0x0369915a10278213 reason=delivery
INFO [03-24|03:41:37.651] Paused snapshot generation
WARN [03-24|03:41:37.652] {"level":"warn","msg":"Slow block","block":{"number":25154,"hash":"0x7134da3244f17c38d6e615ac0ee46ece4a4dd81b916046a0832d35f9791c464b","gas_used":83662,"tx_count":2},"timing":{"execution_ms":0.06294,"state_read_ms":1.464302,"state_hash_ms":1.111894,"commit_ms":11.038599,"total_ms":13.882334},"throughput":{"mgas_per_sec":6.026508222608677},"state_reads":{"accounts":12,"storage_slots":0,"code":0,"code_bytes":0},"state_writes":{"accounts":3,"accounts_deleted":0,"storage_slots":0,"storage_slots_deleted":0,"code":1,"code_bytes":72},"cache":{"account":{"hits":7,"misses":5,"hit_rate":58.333333333333336},"storage":{"hits":0,"misses":0,"hit_rate":0},"code":{"hits":0,"misses":0,"hit_rate":0,"hit_bytes":0,"miss_bytes":0}}}
INFO [03-24|03:41:37.652] Imported new potential chain segment     number=25154 hash=7134da..1c464b blocks=1 txs=2 mgas=0.084 elapsed=14.027ms mgasps=5.964 triediffs=983.54MiB triedirty=0.00B
INFO [03-24|03:41:37.652] Chain head was updated                   number=25154 hash=7134da..1c464b root=f0176e..a37a72 elapsed="105.109µs"
WARN [03-24|03:41:37.729] Snapshot generation is not permitted
INFO [03-24|03:41:38.619] Submitted transaction                    hash=0xb4567cf649d65a0d4334d42b8eef51264c0b5b8e5ec397d490d2215caa5961cf from=0x163d4fc806302d8bFA1A1DD39625b2F50efB6D17 nonce=0   recipient=0xB0f05d25e41FbC2b52013099ED9616f1206Ae21B value=0
INFO [03-24|03:41:47.662] Starting work on payload                 id=0x03dd0ad5551b0609
WARN [03-24|03:42:06.947] Block building is interrupted            allowance=2s
INFO [03-24|03:42:06.948] Updated payload                          id=0x03dd0ad5551b0609 number=25155 hash=028008..ec8fad txs=1 withdrawals=0 gas=100,000,000 fees=0.6000000004    root=b2d4d8..76b019 elapsed=19.285s
WARN [03-24|03:42:17.426] Block building is interrupted            allowance=2s
INFO [03-24|03:42:17.427] Stopping work on payload                 id=0x03dd0ad5551b0609 reason=delivery
INFO [03-24|03:42:17.476] Paused snapshot generation
WARN [03-24|03:42:17.477] {"level":"warn","msg":"Slow block","block":{"number":25155,"hash":"0x02800867d150f0fec51ce23415d04a78eee2f18a4dcd1ab103700a90b6ec8fad","gas_used":100000000,"tx_count":1},"timing":{"execution_ms":1065.416543,"state_read_ms":9416.648087,"state_hash_ms":0.579816,"commit_ms":45.625158,"total_ms":10528.429535},"throughput":{"mgas_per_sec":9.498092727653898},"state_reads":{"accounts":8,"storage_slots":36741,"code":2,"code_bytes":1416},"state_writes":{"accounts":2,"accounts_deleted":0,"storage_slots":0,"storage_slots_deleted":0,"code":0,"code_bytes":0},"cache":{"account":{"hits":4,"misses":4,"hit_rate":50},"storage":{"hits":11435,"misses":25306,"hit_rate":31.123268283389127},"code":{"hits":2,"misses":0,"hit_rate":100,"hit_bytes":1416,"miss_bytes":0}}}
INFO [03-24|03:42:17.477] Imported new potential chain segment     number=25155 hash=028008..ec8fad blocks=1 txs=1 mgas=100.000 elapsed=10.528s     mgasps=9.498 triediffs=970.12MiB triedirty=0.00B
INFO [03-24|03:42:17.478] Chain head was updated                   number=25155 hash=028008..ec8fad root=b2d4d8..76b019 elapsed="68.779µs"
WARN [03-24|03:42:17.518] Snapshot generation is not permitted
