INFO [03-24|02:54:34.195] Starting Geth on Ethereum mainnet...
INFO [03-24|02:54:34.196] Maximum peer count                       ETH=0 total=0
INFO [03-24|02:54:34.197] Smartcard socket not found, disabling    err="stat /run/pcscd/pcscd.comm: no such file or directory"
WARN [03-24|02:54:34.198] Option --miner.etherbase is deprecated as the etherbase is set by the consensus client post-merge
WARN [03-24|02:54:34.199] Snap sync requested, resetting --cache.snapshot
INFO [03-24|02:54:34.200] Global gas cap disabled
INFO [03-24|02:54:34.851] Using developer account                  address=0xf39Fd6e51aad88F6F4ce6aB8827279cffFb92266
INFO [03-24|02:54:35.353] Using pebble as the backing database
INFO [03-24|02:54:35.353] Allocated cache and file handles         database=/home/CPerezz/bintrie-benchmarks/mpt-vs-bintrie/dbs/bt-gd5/geth/chaindata cache=16.00MiB handles=524,288
INFO [03-24|02:54:39.692] Opened ancient database                  database=/home/CPerezz/bintrie-benchmarks/mpt-vs-bintrie/dbs/bt-gd5/geth/chaindata/ancient/chain readonly=true
INFO [03-24|02:54:39.692] Opened Era store                         datadir=/home/CPerezz/bintrie-benchmarks/mpt-vs-bintrie/dbs/bt-gd5/geth/chaindata/ancient/chain/era
INFO [03-24|02:54:39.720] Initializing the KZG library             backend=gokzg
INFO [03-24|02:54:39.721] Allocated trie memory caches             clean=0.00B dirty=0.00B
INFO [03-24|02:54:39.895] Using pebble as the backing database
INFO [03-24|02:54:39.895] Allocated cache and file handles         database=/home/CPerezz/bintrie-benchmarks/mpt-vs-bintrie/dbs/bt-gd5/geth/chaindata cache=16.00MiB handles=524,288
INFO [03-24|02:54:42.663] Opened ancient database                  database=/home/CPerezz/bintrie-benchmarks/mpt-vs-bintrie/dbs/bt-gd5/geth/chaindata/ancient/chain readonly=false
INFO [03-24|02:54:42.663] Opened Era store                         datadir=/home/CPerezz/bintrie-benchmarks/mpt-vs-bintrie/dbs/bt-gd5/geth/chaindata/ancient/chain/era
INFO [03-24|02:54:42.666] State scheme set to already existing     scheme=path
INFO [03-24|02:54:42.666] Initialising Ethereum protocol           network=1337 dbversion=9
INFO [03-24|02:54:42.667] Load database journal from file          path=/home/CPerezz/bintrie-benchmarks/mpt-vs-bintrie/dbs/bt-gd5/geth/triedb/verkle.journal
INFO [03-24|02:54:47.485] Opened ancient database                  database=/home/CPerezz/bintrie-benchmarks/mpt-vs-bintrie/dbs/bt-gd5/geth/chaindata/ancient/state_verkle readonly=false
INFO [03-24|02:54:47.486] State snapshot generator is not found
INFO [03-24|02:54:47.486] Initialized path database                triecache=0.00B statecache=0.00B buffer=0.00B state-history="last 90000 blocks" journal-dir=/home/CPerezz/bintrie-benchmarks/mpt-vs-bintrie/dbs/bt-gd5/geth/triedb verkle=true
INFO [03-24|02:54:47.487] 
INFO [03-24|02:54:47.487] ---------------------------------------------------------------------------------------------------------------------------------------------------------
INFO [03-24|02:54:47.487] Chain ID:  1337 (unknown)
INFO [03-24|02:54:47.487] Consensus: unknown
INFO [03-24|02:54:47.487] 
INFO [03-24|02:54:47.487] Pre-Merge hard forks (block based):
INFO [03-24|02:54:47.487]  - Homestead:                   #0       
INFO [03-24|02:54:47.487]  - Tangerine Whistle (EIP 150): #0       
INFO [03-24|02:54:47.487]  - Spurious Dragon/1 (EIP 155): #0       
INFO [03-24|02:54:47.487]  - Spurious Dragon/2 (EIP 158): #0       
INFO [03-24|02:54:47.487]  - Byzantium:                   #0       
INFO [03-24|02:54:47.487]  - Constantinople:              #0       
INFO [03-24|02:54:47.487]  - Petersburg:                  #0       
INFO [03-24|02:54:47.487]  - Istanbul:                    #0       
INFO [03-24|02:54:47.487]  - Muir Glacier:                #0       
INFO [03-24|02:54:47.487]  - Berlin:                      #0       
INFO [03-24|02:54:47.487]  - London:                      #0       
INFO [03-24|02:54:47.487]  - Arrow Glacier:               #0       
INFO [03-24|02:54:47.487]  - Gray Glacier:                #0       
INFO [03-24|02:54:47.487] 
INFO [03-24|02:54:47.487] Merge configured:
INFO [03-24|02:54:47.487]  - Total terminal difficulty:  0
INFO [03-24|02:54:47.487]  - Merge netsplit block:       #0       
INFO [03-24|02:54:47.487] 
INFO [03-24|02:54:47.487] Post-Merge hard forks (timestamp based):
INFO [03-24|02:54:47.487]  - Shanghai:                    @0         
INFO [03-24|02:54:47.487]  - Cancun:                      @0          blob: (target: 3, max: 6, fraction: 3338477)
INFO [03-24|02:54:47.487]  - Prague:                      @0          blob: (target: 6, max: 9, fraction: 5225352)
INFO [03-24|02:54:47.487]  - Verkle:                      @0          blob: (nil)
INFO [03-24|02:54:47.487] 
INFO [03-24|02:54:47.487] All fork specifications can be found at https://ethereum.github.io/execution-specs/src/ethereum/forks/
INFO [03-24|02:54:47.487] 
INFO [03-24|02:54:47.487] ---------------------------------------------------------------------------------------------------------------------------------------------------------
INFO [03-24|02:54:47.487] 
INFO [03-24|02:54:47.488] Loaded most recent local block           number=25118 hash=84855f..3f5eed age=33s
INFO [03-24|02:54:47.488] Loaded most recent local finalized block number=25088 hash=20bf38..06c8b3 age=10m18s
INFO [03-24|02:54:47.489] Initialized transaction indexer          range="last 2350000 blocks"
INFO [03-24|02:54:47.489] Initialized log indexer                  firstblock=0 lastblock=25118 firstmap=0 lastmap=4 headindexed=true
INFO [03-24|02:54:47.493] Enabled full-sync                        head=25118 hash=84855f..3f5eed
INFO [03-24|02:54:47.494] Unprotected transactions allowed
INFO [03-24|02:54:47.494] Gasprice oracle is ignoring threshold set threshold=2
WARN [03-24|02:54:47.494] Unclean shutdown detected                booted=2026-03-24T02:10:37+0100 age=44m10s
INFO [03-24|02:54:47.494] Registered sync override service
WARN [03-24|02:54:47.494] You are running Geth in --dev mode. Please note the following:
WARN [03-24|02:54:47.494] 
WARN [03-24|02:54:47.494]   1. This mode is only intended for fast, iterative development without assumptions on
WARN [03-24|02:54:47.494]      security or persistence.
WARN [03-24|02:54:47.494]   2. The database is created in memory unless specified otherwise. Therefore, shutting down
WARN [03-24|02:54:47.494]      your computer or losing power will wipe your entire block data and chain state for
WARN [03-24|02:54:47.494]      your dev environment.
WARN [03-24|02:54:47.494]   3. A random, pre-allocated developer account will be available and unlocked as
WARN [03-24|02:54:47.494]      eth.coinbase, which can be used for testing. The random dev account is temporary,
WARN [03-24|02:54:47.494]      stored on a ramdisk, and will be lost if your machine is restarted.
WARN [03-24|02:54:47.494]   4. Mining is enabled by default. However, the client will only seal blocks if transactions
WARN [03-24|02:54:47.494]      are pending in the mempool. The miner's minimum accepted gas price is 1.
WARN [03-24|02:54:47.494]   5. Networking is disabled; there is no listen-address, the maximum number of peers is set
WARN [03-24|02:54:47.494]      to 0, and discovery is disabled.
WARN [03-24|02:54:47.494] 
INFO [03-24|02:54:47.494] Starting peer-to-peer node               instance=Geth/v1.17.2-unstable-991300c4-20260319/linux-amd64/go1.24.1
WARN [03-24|02:54:47.494] P2P server will be useless, neither dialing nor listening
INFO [03-24|02:54:47.499] IPC endpoint opened                      url=/home/CPerezz/bintrie-benchmarks/mpt-vs-bintrie/dbs/bt-gd5/geth.ipc
ERROR[03-24|02:54:47.499] Unavailable modules in HTTP API list     unavailable=[personal] available="[admin debug web3 eth txpool miner net dev testing]"
INFO [03-24|02:54:47.499] New local node record                    seq=1,774,173,716,161 id=5ca20ce916776c2d ip=127.0.0.1 udp=0 tcp=0
INFO [03-24|02:54:47.499] Started P2P networking                   self=enode://1077caac14890773549d39754d8c8bc5e612fe651148195d9a07a9cf579886d29513235e655b87f0a9b698489f0fa6ab6844ce86094074ef6793d42e9b0e3c5f@127.0.0.1:0
INFO [03-24|02:54:47.499] HTTP server started                      endpoint=[::]:8545 auth=false prefix= cors= vhosts=localhost
INFO [03-24|02:54:47.499] WebSocket enabled                        url=ws://[::]:8546
INFO [03-24|02:54:47.646] Loaded local transaction journal         transactions=2328 dropped=0
INFO [03-24|02:54:48.978] Started log indexer
INFO [03-24|02:54:48.988] Starting work on payload                 id=0x039d9ecc3085dc42
INFO [03-24|02:54:48.989] Updated payload                          id=0x039d9ecc3085dc42 number=25119 hash=f8efba..662a17 txs=0 withdrawals=0 gas=0 fees=0 root=c3826f..4f3eb4 elapsed="531.847µs"
INFO [03-24|02:54:48.989] Stopping work on payload                 id=0x039d9ecc3085dc42 reason=delivery
WARN [03-24|02:54:48.989] {"level":"warn","msg":"Slow block","block":{"number":25119,"hash":"0xf8efba43f287ae24517bc612fdbcd1be36d4c5a512e9dddbd015abbca9662a17","gas_used":0,"tx_count":0},"timing":{"execution_ms":0.010699,"state_read_ms":0.243419,"state_hash_ms":0.00061,"commit_ms":0.06815,"total_ms":0.440888},"throughput":{"mgas_per_sec":0},"state_reads":{"accounts":4,"storage_slots":0,"code":0,"code_bytes":0},"state_writes":{"accounts":0,"accounts_deleted":0,"storage_slots":0,"storage_slots_deleted":0,"code":0,"code_bytes":0},"cache":{"account":{"hits":0,"misses":4,"hit_rate":0},"storage":{"hits":0,"misses":0,"hit_rate":0},"code":{"hits":0,"misses":0,"hit_rate":0,"hit_bytes":0,"miss_bytes":0}}}
INFO [03-24|02:54:48.989] Imported new potential chain segment     number=25119 hash=f8efba..662a17 blocks=1 txs=0 mgas=0.000 elapsed="738.497µs" mgasps=0.000 triediffs=950.95MiB triedirty=0.00B
INFO [03-24|02:54:48.990] Chain head was updated                   number=25119 hash=f8efba..662a17 root=c3826f..4f3eb4 elapsed="27.22µs"
INFO [03-24|02:54:49.529] Submitted contract creation              hash=0x8743e9ca18e9ad7d145048f58525f366ce62fbe45c380bf5aab1ef65c5b4f839 from=0xf39Fd6e51aad88F6F4ce6aB8827279cffFb92266 nonce=108 contract=0xc96304e3c037f81dA488ed9dEa1D8F2a48278a75 value=0
INFO [03-24|02:54:49.531] Submitted transaction                    hash=0xf50bdc65571c60199cf6bc8f93952fb5a10a9f1c5344c0c096746304ccd770f0 from=0xf39Fd6e51aad88F6F4ce6aB8827279cffFb92266 nonce=109 recipient=0xAE5D62A85c6cdE687bE42391eE162627A0994Ec4 value=600,000,001,000,000,000
INFO [03-24|02:54:58.992] Starting work on payload                 id=0x03b64fff009d36ad
WARN [03-24|02:55:01.003] Block building is interrupted            allowance=2s
INFO [03-24|02:55:01.369] Updated payload                          id=0x03b64fff009d36ad number=25120 hash=b7f64e..fc2403 txs=5 withdrawals=0 gas=13,244,347 fees=0.026823726 root=8eba22..9d61b9 elapsed=2.377s
WARN [03-24|02:55:02.713] {"level":"warn","msg":"Slow block","block":{"number":25120,"hash":"0xb7f64eda73810d2781848a27ac945b03d12f18606cda2ea0d7845c24e2fc2403","gas_used":13244347,"tx_count":5},"timing":{"execution_ms":37.89375,"state_read_ms":841.018098,"state_hash_ms":420.821469,"commit_ms":41.067688,"total_ms":1341.069474},"throughput":{"mgas_per_sec":9.875958894579984},"state_reads":{"accounts":16,"storage_slots":2224,"code":1,"code_bytes":1344},"state_writes":{"accounts":7,"accounts_deleted":0,"storage_slots":0,"storage_slots_deleted":0,"code":1,"code_bytes":78},"cache":{"account":{"hits":10,"misses":6,"hit_rate":62.5},"storage":{"hits":1615,"misses":609,"hit_rate":72.61690647482014},"code":{"hits":1,"misses":0,"hit_rate":100,"hit_bytes":1344,"miss_bytes":0}}}
INFO [03-24|02:55:02.713] Imported new potential chain segment     number=25120 hash=b7f64e..fc2403 blocks=1 txs=5 mgas=13.244 elapsed=1.341s      mgasps=9.873 triediffs=959.67MiB triedirty=0.00B
INFO [03-24|02:55:02.715] Chain head was updated                   number=25120 hash=b7f64e..fc2403 root=8eba22..9d61b9 elapsed="231.929µs"
WARN [03-24|02:55:03.449] Block building is interrupted            allowance=2s
INFO [03-24|02:55:03.641] Submitted transaction                    hash=0x91ed323bba82c6c08bf19b3f4749b5885ec2ba6ab7d42cf030e9365145d87e15 from=0xAE5D62A85c6cdE687bE42391eE162627A0994Ec4 nonce=0   recipient=0xc96304e3c037f81dA488ed9dEa1D8F2a48278a75 value=0
INFO [03-24|02:55:04.093] Stopping work on payload                 id=0x03b64fff009d36ad reason=delivery
INFO [03-24|02:55:12.720] Starting work on payload                 id=0x03d459f4af2a5f87
WARN [03-24|02:55:15.548] Block building is interrupted            allowance=2s
INFO [03-24|02:55:16.272] Updated payload                          id=0x03d459f4af2a5f87 number=25121 hash=dc6772..50d6ed txs=1 withdrawals=0 gas=26,191,182 fees=0.1571470921 root=20157b..11eacb elapsed=3.551s
WARN [03-24|02:55:18.374] {"level":"warn","msg":"Slow block","block":{"number":25121,"hash":"0xdc6772fc4e53170672cead4f58b6c140a58c13c8c233c9939890e4932750d6ed","gas_used":26191182,"tx_count":1},"timing":{"execution_ms":155.22654,"state_read_ms":1059.080811,"state_hash_ms":821.264574,"commit_ms":63.906889,"total_ms":2099.641324},"throughput":{"mgas_per_sec":12.474121984846208},"state_reads":{"accounts":8,"storage_slots":4094,"code":2,"code_bytes":1422},"state_writes":{"accounts":3,"accounts_deleted":0,"storage_slots":0,"storage_slots_deleted":0,"code":0,"code_bytes":0},"cache":{"account":{"hits":3,"misses":5,"hit_rate":37.5},"storage":{"hits":1128,"misses":2966,"hit_rate":27.552515876893015},"code":{"hits":2,"misses":0,"hit_rate":100,"hit_bytes":1422,"miss_bytes":0}}}
INFO [03-24|02:55:18.374] Imported new potential chain segment     number=25121 hash=dc6772..50d6ed blocks=1 txs=1 mgas=26.191 elapsed=2.100s      mgasps=12.472 triediffs=974.90MiB triedirty=0.00B
INFO [03-24|02:55:18.375] Chain head was updated                   number=25121 hash=dc6772..50d6ed root=20157b..11eacb elapsed="67.85µs"
WARN [03-24|02:55:18.502] Block building is interrupted            allowance=2s
INFO [03-24|02:55:18.738] Submitted transaction                    hash=0x427bb2512a273b8663beb4d1986f49c68d85ba8d4c36295b7dfc127ff8a90391 from=0xAE5D62A85c6cdE687bE42391eE162627A0994Ec4 nonce=1   recipient=0xf39Fd6e51aad88F6F4ce6aB8827279cffFb92266 value=442,789,908,737,878,180
INFO [03-24|02:55:19.335] Stopping work on payload                 id=0x03d459f4af2a5f87 reason=delivery
INFO [03-24|02:55:28.380] Starting work on payload                 id=0x037a6581746a9fb7
WARN [03-24|02:55:30.637] Block building is interrupted            allowance=2s
INFO [03-24|02:55:31.255] Updated payload                          id=0x037a6581746a9fb7 number=25122 hash=e7d6f7..a66715 txs=8 withdrawals=0 gas=30,729,041 fees=0.061479082  root=fba518..b61afe elapsed=2.875s
WARN [03-24|02:55:33.406] Block building is interrupted            allowance=2s
INFO [03-24|02:55:34.574] Stopping work on payload                 id=0x037a6581746a9fb7 reason=delivery
WARN [03-24|02:55:34.641] {"level":"warn","msg":"Slow block","block":{"number":25122,"hash":"0xe7d6f79ca07b86fe7b3407c7f0e47101eedd036093e71790801539ad02a66715","gas_used":30729041,"tx_count":8},"timing":{"execution_ms":62.432287,"state_read_ms":2081.474016,"state_hash_ms":1171.113856,"commit_ms":67.893036,"total_ms":3383.084965},"throughput":{"mgas_per_sec":9.08314196004829},"state_reads":{"accounts":12,"storage_slots":5186,"code":1,"code_bytes":1344},"state_writes":{"accounts":8,"accounts_deleted":0,"storage_slots":0,"storage_slots_deleted":0,"code":0,"code_bytes":0},"cache":{"account":{"hits":8,"misses":4,"hit_rate":66.66666666666666},"storage":{"hits":4446,"misses":740,"hit_rate":85.73081372927112},"code":{"hits":1,"misses":0,"hit_rate":100,"hit_bytes":1344,"miss_bytes":0}}}
INFO [03-24|02:55:34.641] Imported new potential chain segment     number=25122 hash=e7d6f7..a66715 blocks=1 txs=8 mgas=30.729 elapsed=3.383s      mgasps=9.081  triediffs=993.86MiB triedirty=0.00B
INFO [03-24|02:55:34.642] Chain head was updated                   number=25122 hash=e7d6f7..a66715 root=fba518..b61afe elapsed="86.059µs"
