INFO [03-24|03:43:54.621] Starting Geth on Ethereum mainnet...
INFO [03-24|03:43:54.623] Maximum peer count                       ETH=0 total=0
INFO [03-24|03:43:54.624] Smartcard socket not found, disabling    err="stat /run/pcscd/pcscd.comm: no such file or directory"
WARN [03-24|03:43:54.625] Option --miner.etherbase is deprecated as the etherbase is set by the consensus client post-merge
WARN [03-24|03:43:54.626] Snap sync requested, resetting --cache.snapshot
INFO [03-24|03:43:54.627] Global gas cap disabled
INFO [03-24|03:43:55.270] Using developer account                  address=0xf39Fd6e51aad88F6F4ce6aB8827279cffFb92266
INFO [03-24|03:43:55.763] Using pebble as the backing database
INFO [03-24|03:43:55.764] Allocated cache and file handles         database=/home/CPerezz/bintrie-benchmarks/mpt-vs-bintrie/dbs/bt-gd5/geth/chaindata cache=16.00MiB handles=524,288
INFO [03-24|03:44:00.098] Opened ancient database                  database=/home/CPerezz/bintrie-benchmarks/mpt-vs-bintrie/dbs/bt-gd5/geth/chaindata/ancient/chain readonly=true
INFO [03-24|03:44:00.098] Opened Era store                         datadir=/home/CPerezz/bintrie-benchmarks/mpt-vs-bintrie/dbs/bt-gd5/geth/chaindata/ancient/chain/era
INFO [03-24|03:44:00.122] Initializing the KZG library             backend=gokzg
INFO [03-24|03:44:00.123] Allocated trie memory caches             clean=0.00B dirty=0.00B
INFO [03-24|03:44:00.294] Using pebble as the backing database
INFO [03-24|03:44:00.294] Allocated cache and file handles         database=/home/CPerezz/bintrie-benchmarks/mpt-vs-bintrie/dbs/bt-gd5/geth/chaindata cache=16.00MiB handles=524,288
INFO [03-24|03:44:03.125] Opened ancient database                  database=/home/CPerezz/bintrie-benchmarks/mpt-vs-bintrie/dbs/bt-gd5/geth/chaindata/ancient/chain readonly=false
INFO [03-24|03:44:03.125] Opened Era store                         datadir=/home/CPerezz/bintrie-benchmarks/mpt-vs-bintrie/dbs/bt-gd5/geth/chaindata/ancient/chain/era
INFO [03-24|03:44:03.127] State scheme set to already existing     scheme=path
INFO [03-24|03:44:03.127] Initialising Ethereum protocol           network=1337 dbversion=9
INFO [03-24|03:44:03.127] Load database journal from file          path=/home/CPerezz/bintrie-benchmarks/mpt-vs-bintrie/dbs/bt-gd5/geth/triedb/verkle.journal
INFO [03-24|03:44:07.984] Opened ancient database                  database=/home/CPerezz/bintrie-benchmarks/mpt-vs-bintrie/dbs/bt-gd5/geth/chaindata/ancient/state_verkle readonly=false
INFO [03-24|03:44:07.986] State snapshot generator is not found
INFO [03-24|03:44:07.986] Initialized path database                triecache=0.00B statecache=0.00B buffer=0.00B state-history="last 90000 blocks" journal-dir=/home/CPerezz/bintrie-benchmarks/mpt-vs-bintrie/dbs/bt-gd5/geth/triedb verkle=true
INFO [03-24|03:44:07.986] 
INFO [03-24|03:44:07.986] ---------------------------------------------------------------------------------------------------------------------------------------------------------
INFO [03-24|03:44:07.986] Chain ID:  1337 (unknown)
INFO [03-24|03:44:07.986] Consensus: unknown
INFO [03-24|03:44:07.986] 
INFO [03-24|03:44:07.986] Pre-Merge hard forks (block based):
INFO [03-24|03:44:07.986]  - Homestead:                   #0       
INFO [03-24|03:44:07.986]  - Tangerine Whistle (EIP 150): #0       
INFO [03-24|03:44:07.986]  - Spurious Dragon/1 (EIP 155): #0       
INFO [03-24|03:44:07.986]  - Spurious Dragon/2 (EIP 158): #0       
INFO [03-24|03:44:07.986]  - Byzantium:                   #0       
INFO [03-24|03:44:07.986]  - Constantinople:              #0       
INFO [03-24|03:44:07.986]  - Petersburg:                  #0       
INFO [03-24|03:44:07.986]  - Istanbul:                    #0       
INFO [03-24|03:44:07.986]  - Muir Glacier:                #0       
INFO [03-24|03:44:07.986]  - Berlin:                      #0       
INFO [03-24|03:44:07.986]  - London:                      #0       
INFO [03-24|03:44:07.986]  - Arrow Glacier:               #0       
INFO [03-24|03:44:07.986]  - Gray Glacier:                #0       
INFO [03-24|03:44:07.986] 
INFO [03-24|03:44:07.986] Merge configured:
INFO [03-24|03:44:07.986]  - Total terminal difficulty:  0
INFO [03-24|03:44:07.986]  - Merge netsplit block:       #0       
INFO [03-24|03:44:07.986] 
INFO [03-24|03:44:07.986] Post-Merge hard forks (timestamp based):
INFO [03-24|03:44:07.986]  - Shanghai:                    @0         
INFO [03-24|03:44:07.986]  - Cancun:                      @0          blob: (target: 3, max: 6, fraction: 3338477)
INFO [03-24|03:44:07.986]  - Prague:                      @0          blob: (target: 6, max: 9, fraction: 5225352)
INFO [03-24|03:44:07.986]  - Verkle:                      @0          blob: (nil)
INFO [03-24|03:44:07.986] 
INFO [03-24|03:44:07.986] All fork specifications can be found at https://ethereum.github.io/execution-specs/src/ethereum/forks/
INFO [03-24|03:44:07.986] 
INFO [03-24|03:44:07.986] ---------------------------------------------------------------------------------------------------------------------------------------------------------
INFO [03-24|03:44:07.986] 
INFO [03-24|03:44:07.987] Loaded most recent local block           number=25158 hash=96d940..d4b320 age=58s
INFO [03-24|03:44:07.987] Loaded most recent local finalized block number=25152 hash=3683c5..01b479 age=3m43s
INFO [03-24|03:44:07.988] Initialized transaction indexer          range="last 2350000 blocks"
INFO [03-24|03:44:07.989] Initialized log indexer                  firstblock=0 lastblock=25158 firstmap=0 lastmap=4 headindexed=true
INFO [03-24|03:44:07.992] Enabled full-sync                        head=25158 hash=96d940..d4b320
INFO [03-24|03:44:07.992] Unprotected transactions allowed
INFO [03-24|03:44:07.992] Gasprice oracle is ignoring threshold set threshold=2
WARN [03-24|03:44:07.993] Unclean shutdown detected                booted=2026-03-24T02:10:37+0100 age=1h33m30s
INFO [03-24|03:44:07.993] Registered sync override service
WARN [03-24|03:44:07.993] You are running Geth in --dev mode. Please note the following:
WARN [03-24|03:44:07.993] 
WARN [03-24|03:44:07.993]   1. This mode is only intended for fast, iterative development without assumptions on
WARN [03-24|03:44:07.993]      security or persistence.
WARN [03-24|03:44:07.993]   2. The database is created in memory unless specified otherwise. Therefore, shutting down
WARN [03-24|03:44:07.993]      your computer or losing power will wipe your entire block data and chain state for
WARN [03-24|03:44:07.993]      your dev environment.
WARN [03-24|03:44:07.993]   3. A random, pre-allocated developer account will be available and unlocked as
WARN [03-24|03:44:07.993]      eth.coinbase, which can be used for testing. The random dev account is temporary,
WARN [03-24|03:44:07.993]      stored on a ramdisk, and will be lost if your machine is restarted.
WARN [03-24|03:44:07.993]   4. Mining is enabled by default. However, the client will only seal blocks if transactions
WARN [03-24|03:44:07.993]      are pending in the mempool. The miner's minimum accepted gas price is 1.
WARN [03-24|03:44:07.993]   5. Networking is disabled; there is no listen-address, the maximum number of peers is set
WARN [03-24|03:44:07.993]      to 0, and discovery is disabled.
WARN [03-24|03:44:07.993] 
INFO [03-24|03:44:07.993] Starting peer-to-peer node               instance=Geth/v1.17.2-unstable-991300c4-20260319/linux-amd64/go1.24.1
WARN [03-24|03:44:07.993] P2P server will be useless, neither dialing nor listening
INFO [03-24|03:44:07.998] IPC endpoint opened                      url=/home/CPerezz/bintrie-benchmarks/mpt-vs-bintrie/dbs/bt-gd5/geth.ipc
ERROR[03-24|03:44:07.998] Unavailable modules in HTTP API list     unavailable=[personal] available="[admin debug web3 eth txpool miner net dev testing]"
INFO [03-24|03:44:07.998] New local node record                    seq=1,774,173,716,178 id=5ca20ce916776c2d ip=127.0.0.1 udp=0 tcp=0
INFO [03-24|03:44:07.998] Started P2P networking                   self=enode://1077caac14890773549d39754d8c8bc5e612fe651148195d9a07a9cf579886d29513235e655b87f0a9b698489f0fa6ab6844ce86094074ef6793d42e9b0e3c5f@127.0.0.1:0
INFO [03-24|03:44:07.998] HTTP server started                      endpoint=[::]:8545 auth=false prefix= cors= vhosts=localhost
INFO [03-24|03:44:07.998] WebSocket enabled                        url=ws://[::]:8546
INFO [03-24|03:44:08.138] Loaded local transaction journal         transactions=2382 dropped=0
INFO [03-24|03:44:09.953] Submitted contract creation              hash=0xb9920afab2933c11b170f40b3e367433710e41eaa3b1d35960a4547ab6fada69 from=0xf39Fd6e51aad88F6F4ce6aB8827279cffFb92266 nonce=142 contract=0xD42912755319665397FF090fBB63B1a31aE87Cee value=0
INFO [03-24|03:44:09.955] Submitted transaction                    hash=0x17fbcea68538b081a8b260d2bcfe62e81513100880d0de9abba4b5eb877a2bc4 from=0xf39Fd6e51aad88F6F4ce6aB8827279cffFb92266 nonce=143 recipient=0xdB1e130b14eA79263A41CF01DEE7CAC729094dc7 value=600,000,001,200,000,000
INFO [03-24|03:44:09.976] Started log indexer
INFO [03-24|03:44:09.986] Starting work on payload                 id=0x03c0e1c361987968
INFO [03-24|03:44:09.992] Updated payload                          id=0x03c0e1c361987968 number=25159 hash=811df7..5839f9 txs=2 withdrawals=0 gas=83662 fees=0.0005019720003 root=4f55bf..e17dbd elapsed=5.888ms
INFO [03-24|03:44:09.992] Stopping work on payload                 id=0x03c0e1c361987968 reason=delivery
INFO [03-24|03:44:10.004] Paused snapshot generation
WARN [03-24|03:44:10.005] {"level":"warn","msg":"Slow block","block":{"number":25159,"hash":"0x811df7616c9adcf7660e617120bf8e39b19251df2b7c69ce4e40e693a75839f9","gas_used":83662,"tx_count":2},"timing":{"execution_ms":0.211921,"state_read_ms":1.839787,"state_hash_ms":1.164764,"commit_ms":9.450807,"total_ms":13.017698},"throughput":{"mgas_per_sec":6.426789129690979},"state_reads":{"accounts":12,"storage_slots":0,"code":0,"code_bytes":0},"state_writes":{"accounts":3,"accounts_deleted":0,"storage_slots":0,"storage_slots_deleted":0,"code":1,"code_bytes":72},"cache":{"account":{"hits":6,"misses":6,"hit_rate":50},"storage":{"hits":0,"misses":0,"hit_rate":0},"code":{"hits":0,"misses":0,"hit_rate":0,"hit_bytes":0,"miss_bytes":0}}}
INFO [03-24|03:44:10.005] Imported new potential chain segment     number=25159 hash=811df7..5839f9 blocks=1 txs=2 mgas=0.084 elapsed=13.214ms mgasps=6.331 triediffs=930.94MiB triedirty=0.00B
INFO [03-24|03:44:10.005] Chain head was updated                   number=25159 hash=811df7..5839f9 root=4f55bf..e17dbd elapsed="115.2µs"
WARN [03-24|03:44:10.078] Snapshot generation is not permitted
INFO [03-24|03:44:10.969] Submitted transaction                    hash=0x8cde102f999249fa8c85a659a0e83ec82d41d9845113da73a64e38439f942e0c from=0xdB1e130b14eA79263A41CF01DEE7CAC729094dc7 nonce=0   recipient=0xD42912755319665397FF090fBB63B1a31aE87Cee value=0
INFO [03-24|03:44:20.011] Starting work on payload                 id=0x03f1a205fa8fa0e1
WARN [03-24|03:44:39.377] Block building is interrupted            allowance=2s
INFO [03-24|03:44:39.378] Updated payload                          id=0x03f1a205fa8fa0e1 number=25160 hash=ed599b..dd83a2 txs=1 withdrawals=0 gas=100,000,000 fees=0.6000000004    root=671822..fde208 elapsed=19.367s
WARN [03-24|03:44:49.513] Block building is interrupted            allowance=2s
INFO [03-24|03:44:49.514] Stopping work on payload                 id=0x03f1a205fa8fa0e1 reason=timeout
INFO [03-24|03:44:49.545] Paused snapshot generation
WARN [03-24|03:44:49.546] {"level":"warn","msg":"Slow block","block":{"number":25160,"hash":"0xed599bf38abca9f20c389121c4bb43c7ba11cd2597b1b4b318154b5614dd83a2","gas_used":100000000,"tx_count":1},"timing":{"execution_ms":965.664028,"state_read_ms":9168.51673,"state_hash_ms":0.134069,"commit_ms":32.231081,"total_ms":10166.734839},"throughput":{"mgas_per_sec":9.835999618716917},"state_reads":{"accounts":8,"storage_slots":36741,"code":2,"code_bytes":1416},"state_writes":{"accounts":2,"accounts_deleted":0,"storage_slots":0,"storage_slots_deleted":0,"code":0,"code_bytes":0},"cache":{"account":{"hits":4,"misses":4,"hit_rate":50},"storage":{"hits":12408,"misses":24333,"hit_rate":33.77153588633951},"code":{"hits":2,"misses":0,"hit_rate":100,"hit_bytes":1416,"miss_bytes":0}}}
INFO [03-24|03:44:49.546] Imported new potential chain segment     number=25160 hash=ed599b..dd83a2 blocks=1 txs=1 mgas=100.000 elapsed=10.167s   mgasps=9.836 triediffs=915.05MiB triedirty=0.00B
INFO [03-24|03:44:49.547] Chain head was updated                   number=25160 hash=ed599b..dd83a2 root=671822..fde208 elapsed="42.16µs"
WARN [03-24|03:44:49.591] Snapshot generation is not permitted
