INFO [03-24|02:55:47.278] Starting Geth on Ethereum mainnet...
INFO [03-24|02:55:47.280] Maximum peer count                       ETH=0 total=0
INFO [03-24|02:55:47.281] Smartcard socket not found, disabling    err="stat /run/pcscd/pcscd.comm: no such file or directory"
WARN [03-24|02:55:47.282] Option --miner.etherbase is deprecated as the etherbase is set by the consensus client post-merge
WARN [03-24|02:55:47.283] Snap sync requested, resetting --cache.snapshot
INFO [03-24|02:55:47.283] Global gas cap disabled
INFO [03-24|02:55:47.980] Using developer account                  address=0xf39Fd6e51aad88F6F4ce6aB8827279cffFb92266
INFO [03-24|02:55:48.479] Using pebble as the backing database
INFO [03-24|02:55:48.479] Allocated cache and file handles         database=/home/CPerezz/bintrie-benchmarks/mpt-vs-bintrie/dbs/bt-gd5/geth/chaindata cache=16.00MiB handles=524,288
INFO [03-24|02:55:52.810] Opened ancient database                  database=/home/CPerezz/bintrie-benchmarks/mpt-vs-bintrie/dbs/bt-gd5/geth/chaindata/ancient/chain readonly=true
INFO [03-24|02:55:52.810] Opened Era store                         datadir=/home/CPerezz/bintrie-benchmarks/mpt-vs-bintrie/dbs/bt-gd5/geth/chaindata/ancient/chain/era
INFO [03-24|02:55:52.837] Initializing the KZG library             backend=gokzg
INFO [03-24|02:55:52.838] Allocated trie memory caches             clean=0.00B dirty=0.00B
INFO [03-24|02:55:53.011] Using pebble as the backing database
INFO [03-24|02:55:53.011] Allocated cache and file handles         database=/home/CPerezz/bintrie-benchmarks/mpt-vs-bintrie/dbs/bt-gd5/geth/chaindata cache=16.00MiB handles=524,288
INFO [03-24|02:55:55.812] Opened ancient database                  database=/home/CPerezz/bintrie-benchmarks/mpt-vs-bintrie/dbs/bt-gd5/geth/chaindata/ancient/chain readonly=false
INFO [03-24|02:55:55.812] Opened Era store                         datadir=/home/CPerezz/bintrie-benchmarks/mpt-vs-bintrie/dbs/bt-gd5/geth/chaindata/ancient/chain/era
INFO [03-24|02:55:55.814] State scheme set to already existing     scheme=path
INFO [03-24|02:55:55.817] Initialising Ethereum protocol           network=1337 dbversion=9
INFO [03-24|02:55:55.818] Load database journal from file          path=/home/CPerezz/bintrie-benchmarks/mpt-vs-bintrie/dbs/bt-gd5/geth/triedb/verkle.journal
INFO [03-24|02:56:00.861] Opened ancient database                  database=/home/CPerezz/bintrie-benchmarks/mpt-vs-bintrie/dbs/bt-gd5/geth/chaindata/ancient/state_verkle readonly=false
INFO [03-24|02:56:00.863] State snapshot generator is not found
INFO [03-24|02:56:00.863] Initialized path database                triecache=0.00B statecache=0.00B buffer=0.00B state-history="last 90000 blocks" journal-dir=/home/CPerezz/bintrie-benchmarks/mpt-vs-bintrie/dbs/bt-gd5/geth/triedb verkle=true
INFO [03-24|02:56:00.863] 
INFO [03-24|02:56:00.863] ---------------------------------------------------------------------------------------------------------------------------------------------------------
INFO [03-24|02:56:00.864] Chain ID:  1337 (unknown)
INFO [03-24|02:56:00.864] Consensus: unknown
INFO [03-24|02:56:00.864] 
INFO [03-24|02:56:00.864] Pre-Merge hard forks (block based):
INFO [03-24|02:56:00.864]  - Homestead:                   #0       
INFO [03-24|02:56:00.864]  - Tangerine Whistle (EIP 150): #0       
INFO [03-24|02:56:00.864]  - Spurious Dragon/1 (EIP 155): #0       
INFO [03-24|02:56:00.864]  - Spurious Dragon/2 (EIP 158): #0       
INFO [03-24|02:56:00.864]  - Byzantium:                   #0       
INFO [03-24|02:56:00.864]  - Constantinople:              #0       
INFO [03-24|02:56:00.864]  - Petersburg:                  #0       
INFO [03-24|02:56:00.864]  - Istanbul:                    #0       
INFO [03-24|02:56:00.864]  - Muir Glacier:                #0       
INFO [03-24|02:56:00.864]  - Berlin:                      #0       
INFO [03-24|02:56:00.864]  - London:                      #0       
INFO [03-24|02:56:00.864]  - Arrow Glacier:               #0       
INFO [03-24|02:56:00.864]  - Gray Glacier:                #0       
INFO [03-24|02:56:00.864] 
INFO [03-24|02:56:00.864] Merge configured:
INFO [03-24|02:56:00.864]  - Total terminal difficulty:  0
INFO [03-24|02:56:00.864]  - Merge netsplit block:       #0       
INFO [03-24|02:56:00.864] 
INFO [03-24|02:56:00.864] Post-Merge hard forks (timestamp based):
INFO [03-24|02:56:00.864]  - Shanghai:                    @0         
INFO [03-24|02:56:00.864]  - Cancun:                      @0          blob: (target: 3, max: 6, fraction: 3338477)
INFO [03-24|02:56:00.864]  - Prague:                      @0          blob: (target: 6, max: 9, fraction: 5225352)
INFO [03-24|02:56:00.864]  - Verkle:                      @0          blob: (nil)
INFO [03-24|02:56:00.864] 
INFO [03-24|02:56:00.864] All fork specifications can be found at https://ethereum.github.io/execution-specs/src/ethereum/forks/
INFO [03-24|02:56:00.864] 
INFO [03-24|02:56:00.864] ---------------------------------------------------------------------------------------------------------------------------------------------------------
INFO [03-24|02:56:00.864] 
INFO [03-24|02:56:00.864] Loaded most recent local block           number=25122 hash=e7d6f7..a66715 age=32s
INFO [03-24|02:56:00.864] Loaded most recent local finalized block number=25120 hash=b7f64e..fc2403 age=1m2s
INFO [03-24|02:56:00.865] Initialized transaction indexer          range="last 2350000 blocks"
INFO [03-24|02:56:00.865] Initialized log indexer                  firstblock=0 lastblock=25122 firstmap=0 lastmap=4 headindexed=true
INFO [03-24|02:56:00.868] Enabled full-sync                        head=25122 hash=e7d6f7..a66715
INFO [03-24|02:56:00.869] Unprotected transactions allowed
INFO [03-24|02:56:00.869] Gasprice oracle is ignoring threshold set threshold=2
WARN [03-24|02:56:00.869] Unclean shutdown detected                booted=2026-03-24T02:10:37+0100 age=45m23s
INFO [03-24|02:56:00.869] Registered sync override service
WARN [03-24|02:56:00.869] You are running Geth in --dev mode. Please note the following:
WARN [03-24|02:56:00.869] 
WARN [03-24|02:56:00.869]   1. This mode is only intended for fast, iterative development without assumptions on
WARN [03-24|02:56:00.869]      security or persistence.
WARN [03-24|02:56:00.869]   2. The database is created in memory unless specified otherwise. Therefore, shutting down
WARN [03-24|02:56:00.869]      your computer or losing power will wipe your entire block data and chain state for
WARN [03-24|02:56:00.869]      your dev environment.
WARN [03-24|02:56:00.869]   3. A random, pre-allocated developer account will be available and unlocked as
WARN [03-24|02:56:00.869]      eth.coinbase, which can be used for testing. The random dev account is temporary,
WARN [03-24|02:56:00.869]      stored on a ramdisk, and will be lost if your machine is restarted.
WARN [03-24|02:56:00.869]   4. Mining is enabled by default. However, the client will only seal blocks if transactions
WARN [03-24|02:56:00.869]      are pending in the mempool. The miner's minimum accepted gas price is 1.
WARN [03-24|02:56:00.869]   5. Networking is disabled; there is no listen-address, the maximum number of peers is set
WARN [03-24|02:56:00.869]      to 0, and discovery is disabled.
WARN [03-24|02:56:00.869] 
INFO [03-24|02:56:00.869] Starting peer-to-peer node               instance=Geth/v1.17.2-unstable-991300c4-20260319/linux-amd64/go1.24.1
WARN [03-24|02:56:00.869] P2P server will be useless, neither dialing nor listening
INFO [03-24|02:56:00.887] New local node record                    seq=1,774,173,716,162 id=5ca20ce916776c2d ip=127.0.0.1 udp=0 tcp=0
INFO [03-24|02:56:00.887] Started P2P networking                   self=enode://1077caac14890773549d39754d8c8bc5e612fe651148195d9a07a9cf579886d29513235e655b87f0a9b698489f0fa6ab6844ce86094074ef6793d42e9b0e3c5f@127.0.0.1:0
INFO [03-24|02:56:00.887] IPC endpoint opened                      url=/home/CPerezz/bintrie-benchmarks/mpt-vs-bintrie/dbs/bt-gd5/geth.ipc
ERROR[03-24|02:56:00.888] Unavailable modules in HTTP API list     unavailable=[personal] available="[admin debug web3 eth txpool miner net dev testing]"
INFO [03-24|02:56:00.889] HTTP server started                      endpoint=[::]:8545 auth=false prefix= cors= vhosts=localhost
INFO [03-24|02:56:00.889] WebSocket enabled                        url=ws://[::]:8546
INFO [03-24|02:56:01.007] Loaded local transaction journal         transactions=2332 dropped=0
INFO [03-24|02:56:02.066] Started log indexer
INFO [03-24|02:56:02.076] Starting work on payload                 id=0x039897d4c59d8722
INFO [03-24|02:56:02.077] Updated payload                          id=0x039897d4c59d8722 number=25123 hash=ee1992..c5d505 txs=0 withdrawals=0 gas=0 fees=0 root=fba518..b61afe elapsed="666.787µs"
INFO [03-24|02:56:02.077] Stopping work on payload                 id=0x039897d4c59d8722 reason=delivery
WARN [03-24|02:56:02.078] {"level":"warn","msg":"Slow block","block":{"number":25123,"hash":"0xee199282bd4d6d89d9752332d225c063c0c1f41aa14efd16b4e0d7692ac5d505","gas_used":0,"tx_count":0},"timing":{"execution_ms":0.00912,"state_read_ms":0.492918,"state_hash_ms":0.00047,"commit_ms":0.09294,"total_ms":0.668657},"throughput":{"mgas_per_sec":0},"state_reads":{"accounts":4,"storage_slots":0,"code":0,"code_bytes":0},"state_writes":{"accounts":0,"accounts_deleted":0,"storage_slots":0,"storage_slots_deleted":0,"code":0,"code_bytes":0},"cache":{"account":{"hits":0,"misses":4,"hit_rate":0},"storage":{"hits":0,"misses":0,"hit_rate":0},"code":{"hits":0,"misses":0,"hit_rate":0,"hit_bytes":0,"miss_bytes":0}}}
INFO [03-24|02:56:02.078] Imported new potential chain segment     number=25123 hash=ee1992..c5d505 blocks=1 txs=0 mgas=0.000 elapsed="790.716µs" mgasps=0.000 triediffs=992.41MiB triedirty=0.00B
INFO [03-24|02:56:02.078] Chain head was updated                   number=25123 hash=ee1992..c5d505 root=fba518..b61afe elapsed="22.1µs"
INFO [03-24|02:56:02.601] Submitted contract creation              hash=0x41ec4ef8a96dfdd1ab36115c7745b28a43641c1310940250991759e649c7553c from=0xf39Fd6e51aad88F6F4ce6aB8827279cffFb92266 nonce=110 contract=0xD0141E899a65C95a556fE2B27e5982A6DE7fDD7A value=0
INFO [03-24|02:56:02.605] Submitted transaction                    hash=0x6b0d6638c959b3fe1af3bf10e999bedc5b59ea67ac479bcaed1f45cb7f121526 from=0xf39Fd6e51aad88F6F4ce6aB8827279cffFb92266 nonce=111 recipient=0xEefc281500b0682A56cA7af3E6305E1a9435AaA9 value=600,000,001,000,000,000
INFO [03-24|02:56:12.082] Starting work on payload                 id=0x0309475c5afb37ef
WARN [03-24|02:56:14.140] Block building is interrupted            allowance=2s
INFO [03-24|02:56:14.551] Updated payload                          id=0x0309475c5afb37ef number=25124 hash=c4bc3d..b97a88 txs=5 withdrawals=0 gas=13,244,347 fees=0.026823726 root=b883f6..5e6b5e elapsed=2.469s
WARN [03-24|02:56:15.910] {"level":"warn","msg":"Slow block","block":{"number":25124,"hash":"0xc4bc3d55872fcf6770da7a3078a2228515333e16f71289d4fba86de194b97a88","gas_used":13244347,"tx_count":5},"timing":{"execution_ms":31.702719,"state_read_ms":873.176024,"state_hash_ms":416.768933,"commit_ms":33.726649,"total_ms":1355.623394},"throughput":{"mgas_per_sec":9.769930984239123},"state_reads":{"accounts":16,"storage_slots":2224,"code":1,"code_bytes":1344},"state_writes":{"accounts":7,"accounts_deleted":0,"storage_slots":0,"storage_slots_deleted":0,"code":1,"code_bytes":78},"cache":{"account":{"hits":10,"misses":6,"hit_rate":62.5},"storage":{"hits":1622,"misses":602,"hit_rate":72.931654676259},"code":{"hits":1,"misses":0,"hit_rate":100,"hit_bytes":1344,"miss_bytes":0}}}
INFO [03-24|02:56:15.911] Imported new potential chain segment     number=25124 hash=c4bc3d..b97a88 blocks=1 txs=5 mgas=13.244 elapsed=1.355s      mgasps=9.768 triediffs=1001.16MiB triedirty=0.00B
INFO [03-24|02:56:15.912] Chain head was updated                   number=25124 hash=c4bc3d..b97a88 root=b883f6..5e6b5e elapsed="142.699µs"
WARN [03-24|02:56:16.661] Block building is interrupted            allowance=2s
INFO [03-24|02:56:16.734] Submitted transaction                    hash=0x4b9ed828254e1505fb38efec103b66b6bc2c6e3ec18153578fd3c0f8c34dedb6 from=0xEefc281500b0682A56cA7af3E6305E1a9435AaA9 nonce=0   recipient=0xD0141E899a65C95a556fE2B27e5982A6DE7fDD7A value=0
INFO [03-24|02:56:17.302] Stopping work on payload                 id=0x0309475c5afb37ef reason=delivery
INFO [03-24|02:56:25.918] Starting work on payload                 id=0x03a8ba3ca364f9d0
WARN [03-24|02:56:28.768] Block building is interrupted            allowance=2s
INFO [03-24|02:56:29.400] Updated payload                          id=0x03a8ba3ca364f9d0 number=25125 hash=4f7a97..57e756 txs=1 withdrawals=0 gas=26,191,182 fees=0.1571470921 root=fabfcd..e6e1d4 elapsed=3.482s
WARN [03-24|02:56:31.402] {"level":"warn","msg":"Slow block","block":{"number":25125,"hash":"0x4f7a970a4a2b85c618678f71bfad608c52cc85ff3cfdae569986b5626a57e756","gas_used":26191182,"tx_count":1},"timing":{"execution_ms":139.115375,"state_read_ms":1063.803902,"state_hash_ms":737.512839,"commit_ms":58.611979,"total_ms":1999.286174},"throughput":{"mgas_per_sec":13.100266655472804},"state_reads":{"accounts":8,"storage_slots":4094,"code":2,"code_bytes":1422},"state_writes":{"accounts":3,"accounts_deleted":0,"storage_slots":0,"storage_slots_deleted":0,"code":0,"code_bytes":0},"cache":{"account":{"hits":3,"misses":5,"hit_rate":37.5},"storage":{"hits":1024,"misses":3070,"hit_rate":25.01221299462628},"code":{"hits":2,"misses":0,"hit_rate":100,"hit_bytes":1422,"miss_bytes":0}}}
INFO [03-24|02:56:31.402] Imported new potential chain segment     number=25125 hash=4f7a97..57e756 blocks=1 txs=1 mgas=26.191 elapsed=1.999s      mgasps=13.098 triediffs=1016.39MiB triedirty=0.00B
INFO [03-24|02:56:31.404] Chain head was updated                   number=25125 hash=4f7a97..57e756 root=fabfcd..e6e1d4 elapsed="85.33µs"
WARN [03-24|02:56:31.535] Block building is interrupted            allowance=2s
INFO [03-24|02:56:31.833] Submitted transaction                    hash=0x4066ce02d2fb66f756d3f1bb6344dc72bc892140a7b5eb9b7852d5df4ee2875a from=0xEefc281500b0682A56cA7af3E6305E1a9435AaA9 nonce=1   recipient=0xf39Fd6e51aad88F6F4ce6aB8827279cffFb92266 value=442,789,908,737,878,180
INFO [03-24|02:56:32.467] Stopping work on payload                 id=0x03a8ba3ca364f9d0 reason=delivery
INFO [03-24|02:56:41.409] Starting work on payload                 id=0x03be99d71bc19805
WARN [03-24|02:56:43.803] Block building is interrupted            allowance=2s
INFO [03-24|02:56:44.503] Updated payload                          id=0x03be99d71bc19805 number=25126 hash=076826..d7d142 txs=8 withdrawals=0 gas=30,729,041 fees=0.061479082  root=6135d0..238e5c elapsed=3.093s
WARN [03-24|02:56:46.784] Block building is interrupted            allowance=2s
INFO [03-24|02:56:47.803] Stopping work on payload                 id=0x03be99d71bc19805 reason=delivery
WARN [03-24|02:56:47.879] {"level":"warn","msg":"Slow block","block":{"number":25126,"hash":"0x076826ebd3ecdbfabbfaae31d484419bb75d12f39201962df0e572b712d7d142","gas_used":30729041,"tx_count":8},"timing":{"execution_ms":64.965874,"state_read_ms":2175.370317,"state_hash_ms":1059.35239,"commit_ms":73.363056,"total_ms":3373.223656},"throughput":{"mgas_per_sec":9.109695689860892},"state_reads":{"accounts":12,"storage_slots":5186,"code":1,"code_bytes":1344},"state_writes":{"accounts":8,"accounts_deleted":0,"storage_slots":0,"storage_slots_deleted":0,"code":0,"code_bytes":0},"cache":{"account":{"hits":8,"misses":4,"hit_rate":66.66666666666666},"storage":{"hits":4446,"misses":740,"hit_rate":85.73081372927112},"code":{"hits":1,"misses":0,"hit_rate":100,"hit_bytes":1344,"miss_bytes":0}}}
INFO [03-24|02:56:47.879] Imported new potential chain segment     number=25126 hash=076826..d7d142 blocks=1 txs=8 mgas=30.729 elapsed=3.373s      mgasps=9.109  triediffs=1.01GiB    triedirty=0.00B
INFO [03-24|02:56:47.880] Chain head was updated                   number=25126 hash=076826..d7d142 root=6135d0..238e5c elapsed="112.159µs"
