INFO [03-24|03:29:33.843] Starting Geth on Ethereum mainnet...
INFO [03-24|03:29:33.844] Maximum peer count                       ETH=0 total=0
INFO [03-24|03:29:33.845] Smartcard socket not found, disabling    err="stat /run/pcscd/pcscd.comm: no such file or directory"
WARN [03-24|03:29:33.846] Option --miner.etherbase is deprecated as the etherbase is set by the consensus client post-merge
WARN [03-24|03:29:33.848] Snap sync requested, resetting --cache.snapshot
INFO [03-24|03:29:33.848] Global gas cap disabled
INFO [03-24|03:29:34.498] Using developer account                  address=0xf39Fd6e51aad88F6F4ce6aB8827279cffFb92266
INFO [03-24|03:29:34.995] Using pebble as the backing database
INFO [03-24|03:29:34.995] Allocated cache and file handles         database=/home/CPerezz/bintrie-benchmarks/mpt-vs-bintrie/dbs/bt-gd5/geth/chaindata cache=16.00MiB handles=524,288
INFO [03-24|03:29:39.358] Opened ancient database                  database=/home/CPerezz/bintrie-benchmarks/mpt-vs-bintrie/dbs/bt-gd5/geth/chaindata/ancient/chain readonly=true
INFO [03-24|03:29:39.358] Opened Era store                         datadir=/home/CPerezz/bintrie-benchmarks/mpt-vs-bintrie/dbs/bt-gd5/geth/chaindata/ancient/chain/era
INFO [03-24|03:29:39.387] Initializing the KZG library             backend=gokzg
INFO [03-24|03:29:39.388] Allocated trie memory caches             clean=0.00B dirty=0.00B
INFO [03-24|03:29:39.550] Using pebble as the backing database
INFO [03-24|03:29:39.551] Allocated cache and file handles         database=/home/CPerezz/bintrie-benchmarks/mpt-vs-bintrie/dbs/bt-gd5/geth/chaindata cache=16.00MiB handles=524,288
INFO [03-24|03:29:42.372] Opened ancient database                  database=/home/CPerezz/bintrie-benchmarks/mpt-vs-bintrie/dbs/bt-gd5/geth/chaindata/ancient/chain readonly=false
INFO [03-24|03:29:42.372] Opened Era store                         datadir=/home/CPerezz/bintrie-benchmarks/mpt-vs-bintrie/dbs/bt-gd5/geth/chaindata/ancient/chain/era
INFO [03-24|03:29:42.374] State scheme set to already existing     scheme=path
INFO [03-24|03:29:42.374] Initialising Ethereum protocol           network=1337 dbversion=9
INFO [03-24|03:29:42.375] Load database journal from file          path=/home/CPerezz/bintrie-benchmarks/mpt-vs-bintrie/dbs/bt-gd5/geth/triedb/verkle.journal
INFO [03-24|03:29:47.807] Opened ancient database                  database=/home/CPerezz/bintrie-benchmarks/mpt-vs-bintrie/dbs/bt-gd5/geth/chaindata/ancient/state_verkle readonly=false
INFO [03-24|03:29:47.809] State snapshot generator is not found
INFO [03-24|03:29:47.810] Initialized path database                triecache=0.00B statecache=0.00B buffer=0.00B state-history="last 90000 blocks" journal-dir=/home/CPerezz/bintrie-benchmarks/mpt-vs-bintrie/dbs/bt-gd5/geth/triedb verkle=true
INFO [03-24|03:29:47.810] 
INFO [03-24|03:29:47.810] ---------------------------------------------------------------------------------------------------------------------------------------------------------
INFO [03-24|03:29:47.810] Chain ID:  1337 (unknown)
INFO [03-24|03:29:47.810] Consensus: unknown
INFO [03-24|03:29:47.810] 
INFO [03-24|03:29:47.810] Pre-Merge hard forks (block based):
INFO [03-24|03:29:47.810]  - Homestead:                   #0       
INFO [03-24|03:29:47.810]  - Tangerine Whistle (EIP 150): #0       
INFO [03-24|03:29:47.810]  - Spurious Dragon/1 (EIP 155): #0       
INFO [03-24|03:29:47.810]  - Spurious Dragon/2 (EIP 158): #0       
INFO [03-24|03:29:47.810]  - Byzantium:                   #0       
INFO [03-24|03:29:47.810]  - Constantinople:              #0       
INFO [03-24|03:29:47.810]  - Petersburg:                  #0       
INFO [03-24|03:29:47.810]  - Istanbul:                    #0       
INFO [03-24|03:29:47.810]  - Muir Glacier:                #0       
INFO [03-24|03:29:47.810]  - Berlin:                      #0       
INFO [03-24|03:29:47.810]  - London:                      #0       
INFO [03-24|03:29:47.810]  - Arrow Glacier:               #0       
INFO [03-24|03:29:47.810]  - Gray Glacier:                #0       
INFO [03-24|03:29:47.810] 
INFO [03-24|03:29:47.810] Merge configured:
INFO [03-24|03:29:47.810]  - Total terminal difficulty:  0
INFO [03-24|03:29:47.810]  - Merge netsplit block:       #0       
INFO [03-24|03:29:47.810] 
INFO [03-24|03:29:47.810] Post-Merge hard forks (timestamp based):
INFO [03-24|03:29:47.810]  - Shanghai:                    @0         
INFO [03-24|03:29:47.810]  - Cancun:                      @0          blob: (target: 3, max: 6, fraction: 3338477)
INFO [03-24|03:29:47.810]  - Prague:                      @0          blob: (target: 6, max: 9, fraction: 5225352)
INFO [03-24|03:29:47.810]  - Verkle:                      @0          blob: (nil)
INFO [03-24|03:29:47.810] 
INFO [03-24|03:29:47.810] All fork specifications can be found at https://ethereum.github.io/execution-specs/src/ethereum/forks/
INFO [03-24|03:29:47.810] 
INFO [03-24|03:29:47.810] ---------------------------------------------------------------------------------------------------------------------------------------------------------
INFO [03-24|03:29:47.810] 
INFO [03-24|03:29:47.811] Loaded most recent local block           number=25133 hash=c02e6c..eb06c9 age=57s
INFO [03-24|03:29:47.811] Loaded most recent local finalized block number=25120 hash=b7f64e..fc2403 age=34m49s
INFO [03-24|03:29:47.812] Initialized transaction indexer          range="last 2350000 blocks"
INFO [03-24|03:29:47.812] Initialized log indexer                  firstblock=0 lastblock=25133 firstmap=0 lastmap=4 headindexed=true
INFO [03-24|03:29:47.818] Enabled full-sync                        head=25133 hash=c02e6c..eb06c9
INFO [03-24|03:29:47.819] Unprotected transactions allowed
INFO [03-24|03:29:47.819] Gasprice oracle is ignoring threshold set threshold=2
WARN [03-24|03:29:47.819] Unclean shutdown detected                booted=2026-03-24T02:10:37+0100 age=1h19m10s
INFO [03-24|03:29:47.819] Registered sync override service
WARN [03-24|03:29:47.819] You are running Geth in --dev mode. Please note the following:
WARN [03-24|03:29:47.819] 
WARN [03-24|03:29:47.819]   1. This mode is only intended for fast, iterative development without assumptions on
WARN [03-24|03:29:47.819]      security or persistence.
WARN [03-24|03:29:47.819]   2. The database is created in memory unless specified otherwise. Therefore, shutting down
WARN [03-24|03:29:47.819]      your computer or losing power will wipe your entire block data and chain state for
WARN [03-24|03:29:47.819]      your dev environment.
WARN [03-24|03:29:47.819]   3. A random, pre-allocated developer account will be available and unlocked as
WARN [03-24|03:29:47.819]      eth.coinbase, which can be used for testing. The random dev account is temporary,
WARN [03-24|03:29:47.819]      stored on a ramdisk, and will be lost if your machine is restarted.
WARN [03-24|03:29:47.819]   4. Mining is enabled by default. However, the client will only seal blocks if transactions
WARN [03-24|03:29:47.819]      are pending in the mempool. The miner's minimum accepted gas price is 1.
WARN [03-24|03:29:47.819]   5. Networking is disabled; there is no listen-address, the maximum number of peers is set
WARN [03-24|03:29:47.819]      to 0, and discovery is disabled.
WARN [03-24|03:29:47.819] 
INFO [03-24|03:29:47.819] Starting peer-to-peer node               instance=Geth/v1.17.2-unstable-991300c4-20260319/linux-amd64/go1.24.1
WARN [03-24|03:29:47.819] P2P server will be useless, neither dialing nor listening
INFO [03-24|03:29:47.823] IPC endpoint opened                      url=/home/CPerezz/bintrie-benchmarks/mpt-vs-bintrie/dbs/bt-gd5/geth.ipc
ERROR[03-24|03:29:47.823] Unavailable modules in HTTP API list     unavailable=[personal] available="[admin debug web3 eth txpool miner net dev testing]"
INFO [03-24|03:29:47.823] HTTP server started                      endpoint=[::]:8545 auth=false prefix= cors= vhosts=localhost
INFO [03-24|03:29:47.823] WebSocket enabled                        url=ws://[::]:8546
INFO [03-24|03:29:47.824] New local node record                    seq=1,774,173,716,166 id=5ca20ce916776c2d ip=127.0.0.1 udp=0 tcp=0
INFO [03-24|03:29:47.824] Started P2P networking                   self=enode://1077caac14890773549d39754d8c8bc5e612fe651148195d9a07a9cf579886d29513235e655b87f0a9b698489f0fa6ab6844ce86094074ef6793d42e9b0e3c5f@127.0.0.1:0
INFO [03-24|03:29:47.933] Loaded local transaction journal         transactions=2346 dropped=0
INFO [03-24|03:29:49.172] Submitted contract creation              hash=0xbd14161ef3d893fd0765773bac8d23e325f34e660a58651a5b29833b118b8ee3 from=0xf39Fd6e51aad88F6F4ce6aB8827279cffFb92266 nonce=118 contract=0x5bf5b11053e734690269C6B9D438F8C9d48F528A value=0
INFO [03-24|03:29:49.174] Submitted transaction                    hash=0xf53cfea09ab875665f1ecf0d387cc18614db32322433fb042a5ff27e782dd0ee from=0xf39Fd6e51aad88F6F4ce6aB8827279cffFb92266 nonce=119 recipient=0xba9493a36d9964C051F261C395724e6b45C2b08b value=600,000,001,200,000,000
INFO [03-24|03:29:49.406] Started log indexer
INFO [03-24|03:29:49.417] Starting work on payload                 id=0x03f67bb020d955fe
INFO [03-24|03:29:49.422] Updated payload                          id=0x03f67bb020d955fe number=25134 hash=672266..d5903a txs=2 withdrawals=0 gas=83662 fees=0.0005019720003 root=f56a62..1eb4e3 elapsed=5.382ms
INFO [03-24|03:29:49.422] Stopping work on payload                 id=0x03f67bb020d955fe reason=delivery
WARN [03-24|03:29:49.427] {"level":"warn","msg":"Slow block","block":{"number":25134,"hash":"0x6722665b6e5ac5b12ef7dcf32678a0e44395ccef29c8fcb0325f667200d5903a","gas_used":83662,"tx_count":2},"timing":{"execution_ms":0.18077,"state_read_ms":1.838958,"state_hash_ms":1.258263,"commit_ms":0.478117,"total_ms":4.074958},"throughput":{"mgas_per_sec":20.530763752657084},"state_reads":{"accounts":12,"storage_slots":0,"code":0,"code_bytes":0},"state_writes":{"accounts":3,"accounts_deleted":0,"storage_slots":0,"storage_slots_deleted":0,"code":1,"code_bytes":72},"cache":{"account":{"hits":6,"misses":6,"hit_rate":50},"storage":{"hits":0,"misses":0,"hit_rate":0},"code":{"hits":0,"misses":0,"hit_rate":0,"hit_bytes":0,"miss_bytes":0}}}
INFO [03-24|03:29:49.427] Imported new potential chain segment     number=25134 hash=672266..d5903a blocks=1 txs=2 mgas=0.084 elapsed=4.460ms mgasps=18.755 triediffs=1.04GiB triedirty=0.00B
INFO [03-24|03:29:49.427] Chain head was updated                   number=25134 hash=672266..d5903a root=f56a62..1eb4e3 elapsed="251.678µs"
INFO [03-24|03:29:50.191] Submitted transaction                    hash=0xef18b02292ba8dd1011a25ac4b17eab734421f24c10c8d53e31e5b9b085d2fcc from=0xba9493a36d9964C051F261C395724e6b45C2b08b nonce=0   recipient=0x5bf5b11053e734690269C6B9D438F8C9d48F528A value=0
INFO [03-24|03:29:59.431] Starting work on payload                 id=0x0332f893aaf45a81
WARN [03-24|03:30:19.308] Block building is interrupted            allowance=2s
INFO [03-24|03:30:19.308] Updated payload                          id=0x0332f893aaf45a81 number=25135 hash=2dba37..2b0570 txs=1 withdrawals=0 gas=100,000,000 fees=0.6000000004    root=25a553..3074fc elapsed=19.877s
INFO [03-24|03:30:19.308] Stopping work on payload                 id=0x0332f893aaf45a81 reason=timeout
WARN [03-24|03:30:34.266] {"level":"warn","msg":"Slow block","block":{"number":25135,"hash":"0x2dba3760e6b3ef90d4ecae388c08e04e0df7fad379a23d7032a71534a52b0570","gas_used":100000000,"tx_count":1},"timing":{"execution_ms":1589.408505,"state_read_ms":13337.43049,"state_hash_ms":0.430598,"commit_ms":28.561175,"total_ms":14955.983708},"throughput":{"mgas_per_sec":6.6862870375092545},"state_reads":{"accounts":8,"storage_slots":36741,"code":2,"code_bytes":1416},"state_writes":{"accounts":2,"accounts_deleted":0,"storage_slots":0,"storage_slots_deleted":0,"code":0,"code_bytes":0},"cache":{"account":{"hits":3,"misses":5,"hit_rate":37.5},"storage":{"hits":7133,"misses":29608,"hit_rate":19.414278326665034},"code":{"hits":2,"misses":0,"hit_rate":100,"hit_bytes":1416,"miss_bytes":0}}}
INFO [03-24|03:30:34.266] Imported new potential chain segment     number=25135 hash=2dba37..2b0570 blocks=1 txs=1 mgas=100.000 elapsed=14.956s     mgasps=6.686  triediffs=1.04GiB triedirty=0.00B
INFO [03-24|03:30:34.266] Chain head was updated                   number=25135 hash=2dba37..2b0570 root=25a553..3074fc elapsed="40.25µs"
