INFO [03-24|03:34:19.373] Starting Geth on Ethereum mainnet...
INFO [03-24|03:34:19.374] Maximum peer count                       ETH=0 total=0
INFO [03-24|03:34:19.375] Smartcard socket not found, disabling    err="stat /run/pcscd/pcscd.comm: no such file or directory"
WARN [03-24|03:34:19.377] Option --miner.etherbase is deprecated as the etherbase is set by the consensus client post-merge
WARN [03-24|03:34:19.378] Snap sync requested, resetting --cache.snapshot
INFO [03-24|03:34:19.378] Global gas cap disabled
INFO [03-24|03:34:20.020] Using developer account                  address=0xf39Fd6e51aad88F6F4ce6aB8827279cffFb92266
INFO [03-24|03:34:20.521] Using pebble as the backing database
INFO [03-24|03:34:20.521] Allocated cache and file handles         database=/home/CPerezz/bintrie-benchmarks/mpt-vs-bintrie/dbs/bt-gd5/geth/chaindata cache=16.00MiB handles=524,288
INFO [03-24|03:34:24.882] Opened ancient database                  database=/home/CPerezz/bintrie-benchmarks/mpt-vs-bintrie/dbs/bt-gd5/geth/chaindata/ancient/chain readonly=true
INFO [03-24|03:34:24.882] Opened Era store                         datadir=/home/CPerezz/bintrie-benchmarks/mpt-vs-bintrie/dbs/bt-gd5/geth/chaindata/ancient/chain/era
INFO [03-24|03:34:24.907] Initializing the KZG library             backend=gokzg
INFO [03-24|03:34:24.908] Allocated trie memory caches             clean=0.00B dirty=0.00B
INFO [03-24|03:34:25.081] Using pebble as the backing database
INFO [03-24|03:34:25.081] Allocated cache and file handles         database=/home/CPerezz/bintrie-benchmarks/mpt-vs-bintrie/dbs/bt-gd5/geth/chaindata cache=16.00MiB handles=524,288
INFO [03-24|03:34:27.789] Opened ancient database                  database=/home/CPerezz/bintrie-benchmarks/mpt-vs-bintrie/dbs/bt-gd5/geth/chaindata/ancient/chain readonly=false
INFO [03-24|03:34:27.789] Opened Era store                         datadir=/home/CPerezz/bintrie-benchmarks/mpt-vs-bintrie/dbs/bt-gd5/geth/chaindata/ancient/chain/era
INFO [03-24|03:34:27.792] State scheme set to already existing     scheme=path
INFO [03-24|03:34:27.792] Initialising Ethereum protocol           network=1337 dbversion=9
INFO [03-24|03:34:27.793] Load database journal from file          path=/home/CPerezz/bintrie-benchmarks/mpt-vs-bintrie/dbs/bt-gd5/geth/triedb/verkle.journal
INFO [03-24|03:34:33.154] Opened ancient database                  database=/home/CPerezz/bintrie-benchmarks/mpt-vs-bintrie/dbs/bt-gd5/geth/chaindata/ancient/state_verkle readonly=false
INFO [03-24|03:34:33.156] State snapshot generator is not found
INFO [03-24|03:34:33.156] Initialized path database                triecache=0.00B statecache=0.00B buffer=0.00B state-history="last 90000 blocks" journal-dir=/home/CPerezz/bintrie-benchmarks/mpt-vs-bintrie/dbs/bt-gd5/geth/triedb verkle=true
INFO [03-24|03:34:33.157] 
INFO [03-24|03:34:33.157] ---------------------------------------------------------------------------------------------------------------------------------------------------------
INFO [03-24|03:34:33.157] Chain ID:  1337 (unknown)
INFO [03-24|03:34:33.157] Consensus: unknown
INFO [03-24|03:34:33.157] 
INFO [03-24|03:34:33.157] Pre-Merge hard forks (block based):
INFO [03-24|03:34:33.157]  - Homestead:                   #0       
INFO [03-24|03:34:33.157]  - Tangerine Whistle (EIP 150): #0       
INFO [03-24|03:34:33.157]  - Spurious Dragon/1 (EIP 155): #0       
INFO [03-24|03:34:33.157]  - Spurious Dragon/2 (EIP 158): #0       
INFO [03-24|03:34:33.157]  - Byzantium:                   #0       
INFO [03-24|03:34:33.157]  - Constantinople:              #0       
INFO [03-24|03:34:33.157]  - Petersburg:                  #0       
INFO [03-24|03:34:33.157]  - Istanbul:                    #0       
INFO [03-24|03:34:33.157]  - Muir Glacier:                #0       
INFO [03-24|03:34:33.157]  - Berlin:                      #0       
INFO [03-24|03:34:33.157]  - London:                      #0       
INFO [03-24|03:34:33.157]  - Arrow Glacier:               #0       
INFO [03-24|03:34:33.157]  - Gray Glacier:                #0       
INFO [03-24|03:34:33.157] 
INFO [03-24|03:34:33.157] Merge configured:
INFO [03-24|03:34:33.157]  - Total terminal difficulty:  0
INFO [03-24|03:34:33.157]  - Merge netsplit block:       #0       
INFO [03-24|03:34:33.157] 
INFO [03-24|03:34:33.157] Post-Merge hard forks (timestamp based):
INFO [03-24|03:34:33.157]  - Shanghai:                    @0         
INFO [03-24|03:34:33.157]  - Cancun:                      @0          blob: (target: 3, max: 6, fraction: 3338477)
INFO [03-24|03:34:33.157]  - Prague:                      @0          blob: (target: 6, max: 9, fraction: 5225352)
INFO [03-24|03:34:33.157]  - Verkle:                      @0          blob: (nil)
INFO [03-24|03:34:33.157] 
INFO [03-24|03:34:33.157] All fork specifications can be found at https://ethereum.github.io/execution-specs/src/ethereum/forks/
INFO [03-24|03:34:33.157] 
INFO [03-24|03:34:33.157] ---------------------------------------------------------------------------------------------------------------------------------------------------------
INFO [03-24|03:34:33.157] 
INFO [03-24|03:34:33.158] Loaded most recent local block           number=25141 hash=69a495..475c14 age=57s
INFO [03-24|03:34:33.158] Loaded most recent local finalized block number=25120 hash=b7f64e..fc2403 age=39m35s
INFO [03-24|03:34:33.159] Initialized transaction indexer          range="last 2350000 blocks"
INFO [03-24|03:34:33.159] Initialized log indexer                  firstblock=0 lastblock=25141 firstmap=0 lastmap=4 headindexed=true
INFO [03-24|03:34:33.162] Enabled full-sync                        head=25141 hash=69a495..475c14
INFO [03-24|03:34:33.163] Unprotected transactions allowed
INFO [03-24|03:34:33.163] Gasprice oracle is ignoring threshold set threshold=2
WARN [03-24|03:34:33.163] Unclean shutdown detected                booted=2026-03-24T02:10:37+0100 age=1h23m56s
INFO [03-24|03:34:33.163] Registered sync override service
WARN [03-24|03:34:33.163] You are running Geth in --dev mode. Please note the following:
WARN [03-24|03:34:33.163] 
WARN [03-24|03:34:33.163]   1. This mode is only intended for fast, iterative development without assumptions on
WARN [03-24|03:34:33.163]      security or persistence.
WARN [03-24|03:34:33.163]   2. The database is created in memory unless specified otherwise. Therefore, shutting down
WARN [03-24|03:34:33.163]      your computer or losing power will wipe your entire block data and chain state for
WARN [03-24|03:34:33.163]      your dev environment.
WARN [03-24|03:34:33.163]   3. A random, pre-allocated developer account will be available and unlocked as
WARN [03-24|03:34:33.163]      eth.coinbase, which can be used for testing. The random dev account is temporary,
WARN [03-24|03:34:33.163]      stored on a ramdisk, and will be lost if your machine is restarted.
WARN [03-24|03:34:33.163]   4. Mining is enabled by default. However, the client will only seal blocks if transactions
WARN [03-24|03:34:33.163]      are pending in the mempool. The miner's minimum accepted gas price is 1.
WARN [03-24|03:34:33.163]   5. Networking is disabled; there is no listen-address, the maximum number of peers is set
WARN [03-24|03:34:33.163]      to 0, and discovery is disabled.
WARN [03-24|03:34:33.163] 
INFO [03-24|03:34:33.163] Starting peer-to-peer node               instance=Geth/v1.17.2-unstable-991300c4-20260319/linux-amd64/go1.24.1
WARN [03-24|03:34:33.163] P2P server will be useless, neither dialing nor listening
INFO [03-24|03:34:33.167] IPC endpoint opened                      url=/home/CPerezz/bintrie-benchmarks/mpt-vs-bintrie/dbs/bt-gd5/geth.ipc
ERROR[03-24|03:34:33.167] Unavailable modules in HTTP API list     unavailable=[personal] available="[admin debug web3 eth txpool miner net dev testing]"
INFO [03-24|03:34:33.168] HTTP server started                      endpoint=[::]:8545 auth=false prefix= cors= vhosts=localhost
INFO [03-24|03:34:33.168] WebSocket enabled                        url=ws://[::]:8546
INFO [03-24|03:34:33.168] New local node record                    seq=1,774,173,716,170 id=5ca20ce916776c2d ip=127.0.0.1 udp=0 tcp=0
INFO [03-24|03:34:33.168] Started P2P networking                   self=enode://1077caac14890773549d39754d8c8bc5e612fe651148195d9a07a9cf579886d29513235e655b87f0a9b698489f0fa6ab6844ce86094074ef6793d42e9b0e3c5f@127.0.0.1:0
INFO [03-24|03:34:33.312] Loaded local transaction journal         transactions=2358 dropped=0
INFO [03-24|03:34:34.711] Submitted contract creation              hash=0xefe40e9dd8da77461f06455c6ba1a4d20a6aed3388dc38e1031e0bf40054b7a4 from=0xf39Fd6e51aad88F6F4ce6aB8827279cffFb92266 nonce=126 contract=0x38a024C0b412B9d1db8BC398140D00F5Af3093D4 value=0
INFO [03-24|03:34:34.713] Submitted transaction                    hash=0xdf6ca0d6de18e68be9f123da867f72974bb29d0c27a335116fd9ffb27082709d from=0xf39Fd6e51aad88F6F4ce6aB8827279cffFb92266 nonce=127 recipient=0xBfd6b42f68095d6D2838af16976841f9934999FF value=600,000,001,200,000,000
INFO [03-24|03:34:34.971] Started log indexer
INFO [03-24|03:34:34.981] Starting work on payload                 id=0x039c8b6fe5f92e63
INFO [03-24|03:34:34.987] Updated payload                          id=0x039c8b6fe5f92e63 number=25142 hash=58edf7..4279d0 txs=2 withdrawals=0 gas=83662 fees=0.0005019720003 root=4b859e..1bd8de elapsed=5.509ms
INFO [03-24|03:34:34.987] Stopping work on payload                 id=0x039c8b6fe5f92e63 reason=delivery
WARN [03-24|03:34:34.992] {"level":"warn","msg":"Slow block","block":{"number":25142,"hash":"0x58edf7730fe7482894569cab2e77b8fad7094babd1c76011f5d2253f5b4279d0","gas_used":83662,"tx_count":2},"timing":{"execution_ms":0.233109,"state_read_ms":2.441887,"state_hash_ms":1.373433,"commit_ms":0.495337,"total_ms":4.857975},"throughput":{"mgas_per_sec":17.221578950076935},"state_reads":{"accounts":12,"storage_slots":0,"code":0,"code_bytes":0},"state_writes":{"accounts":3,"accounts_deleted":0,"storage_slots":0,"storage_slots_deleted":0,"code":1,"code_bytes":72},"cache":{"account":{"hits":6,"misses":6,"hit_rate":50},"storage":{"hits":0,"misses":0,"hit_rate":0},"code":{"hits":0,"misses":0,"hit_rate":0,"hit_bytes":0,"miss_bytes":0}}}
INFO [03-24|03:34:34.992] Imported new potential chain segment     number=25142 hash=58edf7..4279d0 blocks=1 txs=2 mgas=0.084 elapsed=5.164ms mgasps=16.201 triediffs=1.04GiB triedirty=0.00B
INFO [03-24|03:34:34.993] Chain head was updated                   number=25142 hash=58edf7..4279d0 root=4b859e..1bd8de elapsed="260.029µs"
INFO [03-24|03:34:35.728] Submitted transaction                    hash=0x03d7460258dc24dcd7784b05e33803ae1012d04f3ed69f8926d1984429ea1bd6 from=0xBfd6b42f68095d6D2838af16976841f9934999FF nonce=0   recipient=0x38a024C0b412B9d1db8BC398140D00F5Af3093D4 value=0
INFO [03-24|03:34:44.998] Starting work on payload                 id=0x03e252266018460b
WARN [03-24|03:35:04.568] Block building is interrupted            allowance=2s
INFO [03-24|03:35:04.569] Updated payload                          id=0x03e252266018460b number=25143 hash=a25e9e..6f6839 txs=1 withdrawals=0 gas=100,000,000 fees=0.6000000004    root=b5f000..6b9e3c elapsed=19.571s
WARN [03-24|03:35:14.797] Block building is interrupted            allowance=2s
INFO [03-24|03:35:14.797] Stopping work on payload                 id=0x03e252266018460b reason=delivery
WARN [03-24|03:35:14.825] {"level":"warn","msg":"Slow block","block":{"number":25143,"hash":"0xa25e9e6061710b7032adf289f66a3471a2ab2ffa3f11f01da3528036346f6839","gas_used":100000000,"tx_count":1},"timing":{"execution_ms":939.173447,"state_read_ms":9287.055904,"state_hash_ms":0.140859,"commit_ms":27.861473,"total_ms":10254.366803},"throughput":{"mgas_per_sec":9.75194294500409},"state_reads":{"accounts":8,"storage_slots":36741,"code":2,"code_bytes":1416},"state_writes":{"accounts":2,"accounts_deleted":0,"storage_slots":0,"storage_slots_deleted":0,"code":0,"code_bytes":0},"cache":{"account":{"hits":4,"misses":4,"hit_rate":50},"storage":{"hits":15351,"misses":21390,"hit_rate":41.78166081489344},"code":{"hits":2,"misses":0,"hit_rate":100,"hit_bytes":1416,"miss_bytes":0}}}
INFO [03-24|03:35:14.825] Imported new potential chain segment     number=25143 hash=a25e9e..6f6839 blocks=1 txs=1 mgas=100.000 elapsed=10.254s     mgasps=9.752  triediffs=1.04GiB triedirty=0.00B
INFO [03-24|03:35:14.826] Chain head was updated                   number=25143 hash=a25e9e..6f6839 root=b5f000..6b9e3c elapsed="46.79µs"
