INFO [03-24|03:27:16.624] Starting Geth on Ethereum mainnet...
INFO [03-24|03:27:16.626] Maximum peer count                       ETH=0 total=0
INFO [03-24|03:27:16.627] Smartcard socket not found, disabling    err="stat /run/pcscd/pcscd.comm: no such file or directory"
WARN [03-24|03:27:16.628] Option --miner.etherbase is deprecated as the etherbase is set by the consensus client post-merge
WARN [03-24|03:27:16.630] Snap sync requested, resetting --cache.snapshot
INFO [03-24|03:27:16.630] Global gas cap disabled
INFO [03-24|03:27:17.289] Using developer account                  address=0xf39Fd6e51aad88F6F4ce6aB8827279cffFb92266
INFO [03-24|03:27:17.785] Using pebble as the backing database
INFO [03-24|03:27:17.785] Allocated cache and file handles         database=/home/CPerezz/bintrie-benchmarks/mpt-vs-bintrie/dbs/bt-gd5/geth/chaindata cache=16.00MiB handles=524,288
INFO [03-24|03:27:22.149] Opened ancient database                  database=/home/CPerezz/bintrie-benchmarks/mpt-vs-bintrie/dbs/bt-gd5/geth/chaindata/ancient/chain readonly=true
INFO [03-24|03:27:22.149] Opened Era store                         datadir=/home/CPerezz/bintrie-benchmarks/mpt-vs-bintrie/dbs/bt-gd5/geth/chaindata/ancient/chain/era
INFO [03-24|03:27:22.174] Initializing the KZG library             backend=gokzg
INFO [03-24|03:27:22.175] Allocated trie memory caches             clean=0.00B dirty=0.00B
INFO [03-24|03:27:22.348] Using pebble as the backing database
INFO [03-24|03:27:22.348] Allocated cache and file handles         database=/home/CPerezz/bintrie-benchmarks/mpt-vs-bintrie/dbs/bt-gd5/geth/chaindata cache=16.00MiB handles=524,288
INFO [03-24|03:27:25.193] Opened ancient database                  database=/home/CPerezz/bintrie-benchmarks/mpt-vs-bintrie/dbs/bt-gd5/geth/chaindata/ancient/chain readonly=false
INFO [03-24|03:27:25.193] Opened Era store                         datadir=/home/CPerezz/bintrie-benchmarks/mpt-vs-bintrie/dbs/bt-gd5/geth/chaindata/ancient/chain/era
INFO [03-24|03:27:25.195] State scheme set to already existing     scheme=path
INFO [03-24|03:27:25.195] Initialising Ethereum protocol           network=1337 dbversion=9
INFO [03-24|03:27:25.196] Load database journal from file          path=/home/CPerezz/bintrie-benchmarks/mpt-vs-bintrie/dbs/bt-gd5/geth/triedb/verkle.journal
INFO [03-24|03:27:30.593] Opened ancient database                  database=/home/CPerezz/bintrie-benchmarks/mpt-vs-bintrie/dbs/bt-gd5/geth/chaindata/ancient/state_verkle readonly=false
INFO [03-24|03:27:30.595] State snapshot generator is not found
INFO [03-24|03:27:30.595] Initialized path database                triecache=0.00B statecache=0.00B buffer=0.00B state-history="last 90000 blocks" journal-dir=/home/CPerezz/bintrie-benchmarks/mpt-vs-bintrie/dbs/bt-gd5/geth/triedb verkle=true
INFO [03-24|03:27:30.595] 
INFO [03-24|03:27:30.595] ---------------------------------------------------------------------------------------------------------------------------------------------------------
INFO [03-24|03:27:30.595] Chain ID:  1337 (unknown)
INFO [03-24|03:27:30.595] Consensus: unknown
INFO [03-24|03:27:30.595] 
INFO [03-24|03:27:30.595] Pre-Merge hard forks (block based):
INFO [03-24|03:27:30.595]  - Homestead:                   #0       
INFO [03-24|03:27:30.595]  - Tangerine Whistle (EIP 150): #0       
INFO [03-24|03:27:30.595]  - Spurious Dragon/1 (EIP 155): #0       
INFO [03-24|03:27:30.595]  - Spurious Dragon/2 (EIP 158): #0       
INFO [03-24|03:27:30.595]  - Byzantium:                   #0       
INFO [03-24|03:27:30.595]  - Constantinople:              #0       
INFO [03-24|03:27:30.595]  - Petersburg:                  #0       
INFO [03-24|03:27:30.595]  - Istanbul:                    #0       
INFO [03-24|03:27:30.595]  - Muir Glacier:                #0       
INFO [03-24|03:27:30.595]  - Berlin:                      #0       
INFO [03-24|03:27:30.595]  - London:                      #0       
INFO [03-24|03:27:30.595]  - Arrow Glacier:               #0       
INFO [03-24|03:27:30.595]  - Gray Glacier:                #0       
INFO [03-24|03:27:30.596] 
INFO [03-24|03:27:30.596] Merge configured:
INFO [03-24|03:27:30.596]  - Total terminal difficulty:  0
INFO [03-24|03:27:30.596]  - Merge netsplit block:       #0       
INFO [03-24|03:27:30.596] 
INFO [03-24|03:27:30.596] Post-Merge hard forks (timestamp based):
INFO [03-24|03:27:30.596]  - Shanghai:                    @0         
INFO [03-24|03:27:30.596]  - Cancun:                      @0          blob: (target: 3, max: 6, fraction: 3338477)
INFO [03-24|03:27:30.596]  - Prague:                      @0          blob: (target: 6, max: 9, fraction: 5225352)
INFO [03-24|03:27:30.596]  - Verkle:                      @0          blob: (nil)
INFO [03-24|03:27:30.596] 
INFO [03-24|03:27:30.596] All fork specifications can be found at https://ethereum.github.io/execution-specs/src/ethereum/forks/
INFO [03-24|03:27:30.596] 
INFO [03-24|03:27:30.596] ---------------------------------------------------------------------------------------------------------------------------------------------------------
INFO [03-24|03:27:30.596] 
INFO [03-24|03:27:30.597] Loaded most recent local block           number=25129 hash=d70627..4215ab age=29m48s
INFO [03-24|03:27:30.597] Loaded most recent local finalized block number=25120 hash=b7f64e..fc2403 age=32m32s
INFO [03-24|03:27:30.598] Initialized transaction indexer          range="last 2350000 blocks"
INFO [03-24|03:27:30.598] Initialized log indexer                  firstblock=0 lastblock=25129 firstmap=0 lastmap=4 headindexed=true
INFO [03-24|03:27:30.603] Enabled full-sync                        head=25129 hash=d70627..4215ab
INFO [03-24|03:27:30.604] Unprotected transactions allowed
INFO [03-24|03:27:30.604] Gasprice oracle is ignoring threshold set threshold=2
WARN [03-24|03:27:30.604] Unclean shutdown detected                booted=2026-03-24T02:10:37+0100 age=1h16m53s
INFO [03-24|03:27:30.604] Registered sync override service
WARN [03-24|03:27:30.604] You are running Geth in --dev mode. Please note the following:
WARN [03-24|03:27:30.604] 
WARN [03-24|03:27:30.604]   1. This mode is only intended for fast, iterative development without assumptions on
WARN [03-24|03:27:30.604]      security or persistence.
WARN [03-24|03:27:30.604]   2. The database is created in memory unless specified otherwise. Therefore, shutting down
WARN [03-24|03:27:30.604]      your computer or losing power will wipe your entire block data and chain state for
WARN [03-24|03:27:30.604]      your dev environment.
WARN [03-24|03:27:30.604]   3. A random, pre-allocated developer account will be available and unlocked as
WARN [03-24|03:27:30.604]      eth.coinbase, which can be used for testing. The random dev account is temporary,
WARN [03-24|03:27:30.604]      stored on a ramdisk, and will be lost if your machine is restarted.
WARN [03-24|03:27:30.604]   4. Mining is enabled by default. However, the client will only seal blocks if transactions
WARN [03-24|03:27:30.604]      are pending in the mempool. The miner's minimum accepted gas price is 1.
WARN [03-24|03:27:30.604]   5. Networking is disabled; there is no listen-address, the maximum number of peers is set
WARN [03-24|03:27:30.604]      to 0, and discovery is disabled.
WARN [03-24|03:27:30.604] 
INFO [03-24|03:27:30.604] Starting peer-to-peer node               instance=Geth/v1.17.2-unstable-991300c4-20260319/linux-amd64/go1.24.1
WARN [03-24|03:27:30.604] P2P server will be useless, neither dialing nor listening
INFO [03-24|03:27:30.611] New local node record                    seq=1,774,173,716,164 id=5ca20ce916776c2d ip=127.0.0.1 udp=0 tcp=0
INFO [03-24|03:27:30.611] Started P2P networking                   self=enode://1077caac14890773549d39754d8c8bc5e612fe651148195d9a07a9cf579886d29513235e655b87f0a9b698489f0fa6ab6844ce86094074ef6793d42e9b0e3c5f@127.0.0.1:0
INFO [03-24|03:27:30.612] IPC endpoint opened                      url=/home/CPerezz/bintrie-benchmarks/mpt-vs-bintrie/dbs/bt-gd5/geth.ipc
ERROR[03-24|03:27:30.612] Unavailable modules in HTTP API list     unavailable=[personal] available="[admin debug web3 eth txpool miner net dev testing]"
INFO [03-24|03:27:30.613] HTTP server started                      endpoint=[::]:8545 auth=false prefix= cors= vhosts=localhost
INFO [03-24|03:27:30.613] WebSocket enabled                        url=ws://[::]:8546
INFO [03-24|03:27:30.722] Loaded local transaction journal         transactions=2340 dropped=0
INFO [03-24|03:27:31.952] Submitted contract creation              hash=0x420375d3588dbfae65fead977fa9eb75e3b0d6b410e089ef38954c2db8eba5fe from=0xf39Fd6e51aad88F6F4ce6aB8827279cffFb92266 nonce=114 contract=0xfaAddC93baf78e89DCf37bA67943E1bE8F37Bb8c value=0
INFO [03-24|03:27:31.953] Submitted transaction                    hash=0x759dd4bd4cd9596c5b82c813e9551dff506e4ed30457ccda342cff41a8a7af34 from=0xf39Fd6e51aad88F6F4ce6aB8827279cffFb92266 nonce=115 recipient=0xDA779B4940e15863D70Bf0A28fC568958a2db929 value=600,000,001,000,000,000
INFO [03-24|03:27:32.167] Started log indexer
INFO [03-24|03:27:32.176] Starting work on payload                 id=0x03ad2d496f6b082b
INFO [03-24|03:27:32.182] Updated payload                          id=0x03ad2d496f6b082b number=25130 hash=6f1927..fb4c2b txs=2 withdrawals=0 gas=83662 fees=0.0005019720003 root=a05877..80514c elapsed=5.516ms
INFO [03-24|03:27:32.182] Stopping work on payload                 id=0x03ad2d496f6b082b reason=delivery
WARN [03-24|03:27:32.187] {"level":"warn","msg":"Slow block","block":{"number":25130,"hash":"0x6f1927d639040258bd3499106a37aa295b5c9bcef291fa6762cb38fdd8fb4c2b","gas_used":83662,"tx_count":2},"timing":{"execution_ms":0.196237,"state_read_ms":1.9637,"state_hash_ms":1.441032,"commit_ms":0.498167,"total_ms":4.470575},"throughput":{"mgas_per_sec":18.713923824116584},"state_reads":{"accounts":12,"storage_slots":0,"code":0,"code_bytes":0},"state_writes":{"accounts":3,"accounts_deleted":0,"storage_slots":0,"storage_slots_deleted":0,"code":1,"code_bytes":72},"cache":{"account":{"hits":6,"misses":6,"hit_rate":50},"storage":{"hits":0,"misses":0,"hit_rate":0},"code":{"hits":0,"misses":0,"hit_rate":0,"hit_bytes":0,"miss_bytes":0}}}
INFO [03-24|03:27:32.187] Imported new potential chain segment     number=25130 hash=6f1927..fb4c2b blocks=1 txs=2 mgas=0.084 elapsed=4.753ms mgasps=17.598 triediffs=1.04GiB triedirty=0.00B
INFO [03-24|03:27:32.188] Chain head was updated                   number=25130 hash=6f1927..fb4c2b root=a05877..80514c elapsed="354.837µs"
INFO [03-24|03:27:32.966] Submitted transaction                    hash=0xaadea0ba49a0badd645c0ed1f0218111679181fd0554813007eebe4f88d09253 from=0xDA779B4940e15863D70Bf0A28fC568958a2db929 nonce=0   recipient=0xfaAddC93baf78e89DCf37bA67943E1bE8F37Bb8c value=0
INFO [03-24|03:27:42.191] Starting work on payload                 id=0x03e69fc53a4309de
WARN [03-24|03:28:01.977] Block building is interrupted            allowance=2s
INFO [03-24|03:28:01.977] Updated payload                          id=0x03e69fc53a4309de number=25131 hash=accc0e..588549 txs=1 withdrawals=0 gas=100,000,000 fees=0.6000000003    root=4887bc..6e8c85 elapsed=19.786s
WARN [03-24|03:28:11.870] Block building is interrupted            allowance=2s
INFO [03-24|03:28:11.871] Stopping work on payload                 id=0x03e69fc53a4309de reason=delivery
WARN [03-24|03:28:11.902] {"level":"warn","msg":"Slow block","block":{"number":25131,"hash":"0xaccc0eca0f3287a5adc9077c3fc135f6f94d472a6b5a6838d2b89f6568588549","gas_used":100000000,"tx_count":1},"timing":{"execution_ms":948.05851,"state_read_ms":8948.743387,"state_hash_ms":0.663556,"commit_ms":24.990615,"total_ms":9922.641379},"throughput":{"mgas_per_sec":10.077961722131487},"state_reads":{"accounts":8,"storage_slots":36741,"code":2,"code_bytes":1416},"state_writes":{"accounts":2,"accounts_deleted":0,"storage_slots":0,"storage_slots_deleted":0,"code":0,"code_bytes":0},"cache":{"account":{"hits":3,"misses":5,"hit_rate":37.5},"storage":{"hits":12874,"misses":23867,"hit_rate":35.03987371056858},"code":{"hits":2,"misses":0,"hit_rate":100,"hit_bytes":1416,"miss_bytes":0}}}
INFO [03-24|03:28:11.902] Imported new potential chain segment     number=25131 hash=accc0e..588549 blocks=1 txs=1 mgas=100.000 elapsed=9.922s      mgasps=10.078 triediffs=1.04GiB triedirty=0.00B
INFO [03-24|03:28:11.903] Chain head was updated                   number=25131 hash=accc0e..588549 root=4887bc..6e8c85 elapsed="67.01µs"
