INFO [03-24|03:30:47.001] Starting Geth on Ethereum mainnet...
INFO [03-24|03:30:47.002] Maximum peer count                       ETH=0 total=0
INFO [03-24|03:30:47.003] Smartcard socket not found, disabling    err="stat /run/pcscd/pcscd.comm: no such file or directory"
WARN [03-24|03:30:47.005] Option --miner.etherbase is deprecated as the etherbase is set by the consensus client post-merge
WARN [03-24|03:30:47.007] Snap sync requested, resetting --cache.snapshot
INFO [03-24|03:30:47.007] Global gas cap disabled
INFO [03-24|03:30:47.670] Using developer account                  address=0xf39Fd6e51aad88F6F4ce6aB8827279cffFb92266
INFO [03-24|03:30:48.170] Using pebble as the backing database
INFO [03-24|03:30:48.170] Allocated cache and file handles         database=/home/CPerezz/bintrie-benchmarks/mpt-vs-bintrie/dbs/bt-gd5/geth/chaindata cache=16.00MiB handles=524,288
INFO [03-24|03:30:52.554] Opened ancient database                  database=/home/CPerezz/bintrie-benchmarks/mpt-vs-bintrie/dbs/bt-gd5/geth/chaindata/ancient/chain readonly=true
INFO [03-24|03:30:52.554] Opened Era store                         datadir=/home/CPerezz/bintrie-benchmarks/mpt-vs-bintrie/dbs/bt-gd5/geth/chaindata/ancient/chain/era
INFO [03-24|03:30:52.570] Initializing the KZG library             backend=gokzg
INFO [03-24|03:30:52.571] Allocated trie memory caches             clean=0.00B dirty=0.00B
INFO [03-24|03:30:52.729] Using pebble as the backing database
INFO [03-24|03:30:52.729] Allocated cache and file handles         database=/home/CPerezz/bintrie-benchmarks/mpt-vs-bintrie/dbs/bt-gd5/geth/chaindata cache=16.00MiB handles=524,288
INFO [03-24|03:30:55.553] Opened ancient database                  database=/home/CPerezz/bintrie-benchmarks/mpt-vs-bintrie/dbs/bt-gd5/geth/chaindata/ancient/chain readonly=false
INFO [03-24|03:30:55.553] Opened Era store                         datadir=/home/CPerezz/bintrie-benchmarks/mpt-vs-bintrie/dbs/bt-gd5/geth/chaindata/ancient/chain/era
INFO [03-24|03:30:55.555] State scheme set to already existing     scheme=path
INFO [03-24|03:30:55.556] Initialising Ethereum protocol           network=1337 dbversion=9
INFO [03-24|03:30:55.556] Load database journal from file          path=/home/CPerezz/bintrie-benchmarks/mpt-vs-bintrie/dbs/bt-gd5/geth/triedb/verkle.journal
INFO [03-24|03:31:00.951] Opened ancient database                  database=/home/CPerezz/bintrie-benchmarks/mpt-vs-bintrie/dbs/bt-gd5/geth/chaindata/ancient/state_verkle readonly=false
INFO [03-24|03:31:00.953] State snapshot generator is not found
INFO [03-24|03:31:00.953] Initialized path database                triecache=0.00B statecache=0.00B buffer=0.00B state-history="last 90000 blocks" journal-dir=/home/CPerezz/bintrie-benchmarks/mpt-vs-bintrie/dbs/bt-gd5/geth/triedb verkle=true
INFO [03-24|03:31:00.953] 
INFO [03-24|03:31:00.953] ---------------------------------------------------------------------------------------------------------------------------------------------------------
INFO [03-24|03:31:00.953] Chain ID:  1337 (unknown)
INFO [03-24|03:31:00.953] Consensus: unknown
INFO [03-24|03:31:00.953] 
INFO [03-24|03:31:00.953] Pre-Merge hard forks (block based):
INFO [03-24|03:31:00.953]  - Homestead:                   #0       
INFO [03-24|03:31:00.953]  - Tangerine Whistle (EIP 150): #0       
INFO [03-24|03:31:00.953]  - Spurious Dragon/1 (EIP 155): #0       
INFO [03-24|03:31:00.953]  - Spurious Dragon/2 (EIP 158): #0       
INFO [03-24|03:31:00.953]  - Byzantium:                   #0       
INFO [03-24|03:31:00.953]  - Constantinople:              #0       
INFO [03-24|03:31:00.953]  - Petersburg:                  #0       
INFO [03-24|03:31:00.953]  - Istanbul:                    #0       
INFO [03-24|03:31:00.953]  - Muir Glacier:                #0       
INFO [03-24|03:31:00.953]  - Berlin:                      #0       
INFO [03-24|03:31:00.953]  - London:                      #0       
INFO [03-24|03:31:00.953]  - Arrow Glacier:               #0       
INFO [03-24|03:31:00.953]  - Gray Glacier:                #0       
INFO [03-24|03:31:00.953] 
INFO [03-24|03:31:00.953] Merge configured:
INFO [03-24|03:31:00.953]  - Total terminal difficulty:  0
INFO [03-24|03:31:00.953]  - Merge netsplit block:       #0       
INFO [03-24|03:31:00.953] 
INFO [03-24|03:31:00.953] Post-Merge hard forks (timestamp based):
INFO [03-24|03:31:00.953]  - Shanghai:                    @0         
INFO [03-24|03:31:00.953]  - Cancun:                      @0          blob: (target: 3, max: 6, fraction: 3338477)
INFO [03-24|03:31:00.953]  - Prague:                      @0          blob: (target: 6, max: 9, fraction: 5225352)
INFO [03-24|03:31:00.953]  - Verkle:                      @0          blob: (nil)
INFO [03-24|03:31:00.953] 
INFO [03-24|03:31:00.953] All fork specifications can be found at https://ethereum.github.io/execution-specs/src/ethereum/forks/
INFO [03-24|03:31:00.953] 
INFO [03-24|03:31:00.953] ---------------------------------------------------------------------------------------------------------------------------------------------------------
INFO [03-24|03:31:00.953] 
INFO [03-24|03:31:00.955] Loaded most recent local block           number=25135 hash=2dba37..2b0570 age=1m1s
INFO [03-24|03:31:00.955] Loaded most recent local finalized block number=25120 hash=b7f64e..fc2403 age=36m2s
INFO [03-24|03:31:00.955] Initialized transaction indexer          range="last 2350000 blocks"
INFO [03-24|03:31:00.955] Initialized log indexer                  firstblock=0 lastblock=25135 firstmap=0 lastmap=4 headindexed=true
INFO [03-24|03:31:00.960] Enabled full-sync                        head=25135 hash=2dba37..2b0570
INFO [03-24|03:31:00.960] Unprotected transactions allowed
INFO [03-24|03:31:00.960] Gasprice oracle is ignoring threshold set threshold=2
WARN [03-24|03:31:00.961] Unclean shutdown detected                booted=2026-03-24T02:10:37+0100 age=1h20m23s
INFO [03-24|03:31:00.961] Registered sync override service
WARN [03-24|03:31:00.961] You are running Geth in --dev mode. Please note the following:
WARN [03-24|03:31:00.961] 
WARN [03-24|03:31:00.961]   1. This mode is only intended for fast, iterative development without assumptions on
WARN [03-24|03:31:00.961]      security or persistence.
WARN [03-24|03:31:00.961]   2. The database is created in memory unless specified otherwise. Therefore, shutting down
WARN [03-24|03:31:00.961]      your computer or losing power will wipe your entire block data and chain state for
WARN [03-24|03:31:00.961]      your dev environment.
WARN [03-24|03:31:00.961]   3. A random, pre-allocated developer account will be available and unlocked as
WARN [03-24|03:31:00.961]      eth.coinbase, which can be used for testing. The random dev account is temporary,
WARN [03-24|03:31:00.961]      stored on a ramdisk, and will be lost if your machine is restarted.
WARN [03-24|03:31:00.961]   4. Mining is enabled by default. However, the client will only seal blocks if transactions
WARN [03-24|03:31:00.961]      are pending in the mempool. The miner's minimum accepted gas price is 1.
WARN [03-24|03:31:00.961]   5. Networking is disabled; there is no listen-address, the maximum number of peers is set
WARN [03-24|03:31:00.961]      to 0, and discovery is disabled.
WARN [03-24|03:31:00.961] 
INFO [03-24|03:31:00.961] Starting peer-to-peer node               instance=Geth/v1.17.2-unstable-991300c4-20260319/linux-amd64/go1.24.1
WARN [03-24|03:31:00.961] P2P server will be useless, neither dialing nor listening
INFO [03-24|03:31:00.965] IPC endpoint opened                      url=/home/CPerezz/bintrie-benchmarks/mpt-vs-bintrie/dbs/bt-gd5/geth.ipc
ERROR[03-24|03:31:00.965] Unavailable modules in HTTP API list     unavailable=[personal] available="[admin debug web3 eth txpool miner net dev testing]"
INFO [03-24|03:31:00.965] New local node record                    seq=1,774,173,716,167 id=5ca20ce916776c2d ip=127.0.0.1 udp=0 tcp=0
INFO [03-24|03:31:00.965] Started P2P networking                   self=enode://1077caac14890773549d39754d8c8bc5e612fe651148195d9a07a9cf579886d29513235e655b87f0a9b698489f0fa6ab6844ce86094074ef6793d42e9b0e3c5f@127.0.0.1:0
INFO [03-24|03:31:00.965] HTTP server started                      endpoint=[::]:8545 auth=false prefix= cors= vhosts=localhost
INFO [03-24|03:31:00.965] WebSocket enabled                        url=ws://[::]:8546
INFO [03-24|03:31:01.106] Loaded local transaction journal         transactions=2349 dropped=0
INFO [03-24|03:31:02.333] Submitted contract creation              hash=0x0ec495eb4b6599ca8e34d228188260334e4cfb1e58971ebc08e62effda52c00b from=0xf39Fd6e51aad88F6F4ce6aB8827279cffFb92266 nonce=120 contract=0x3aAde2dCD2Df6a8cAc689EE797591b2913658659 value=0
INFO [03-24|03:31:02.335] Submitted transaction                    hash=0x0a124d14b231a03c8e6ebb895a0952cf69ad2f790c1c1eaf0c339ed19be87c33 from=0xf39Fd6e51aad88F6F4ce6aB8827279cffFb92266 nonce=121 recipient=0xb9E8AF60Eb0A87Ea1A8e9693992ff7590Fbb8baC value=600,000,001,200,000,000
INFO [03-24|03:31:02.477] Started log indexer
INFO [03-24|03:31:02.486] Starting work on payload                 id=0x0368fff2b144e180
INFO [03-24|03:31:02.492] Updated payload                          id=0x0368fff2b144e180 number=25136 hash=d852fe..838a65 txs=2 withdrawals=0 gas=83662 fees=0.0005019720003 root=d72277..cb09c4 elapsed=5.897ms
INFO [03-24|03:31:02.492] Stopping work on payload                 id=0x0368fff2b144e180 reason=delivery
WARN [03-24|03:31:02.496] {"level":"warn","msg":"Slow block","block":{"number":25136,"hash":"0xd852fe27f223936e552d908d7e0787dc89ccc15a18e85eb807c4417448838a65","gas_used":83662,"tx_count":2},"timing":{"execution_ms":0.222607,"state_read_ms":1.915671,"state_hash_ms":1.102854,"commit_ms":0.317078,"total_ms":3.801659},"throughput":{"mgas_per_sec":22.00670812400586},"state_reads":{"accounts":12,"storage_slots":0,"code":0,"code_bytes":0},"state_writes":{"accounts":3,"accounts_deleted":0,"storage_slots":0,"storage_slots_deleted":0,"code":1,"code_bytes":72},"cache":{"account":{"hits":6,"misses":6,"hit_rate":50},"storage":{"hits":0,"misses":0,"hit_rate":0},"code":{"hits":0,"misses":0,"hit_rate":0,"hit_bytes":0,"miss_bytes":0}}}
INFO [03-24|03:31:02.496] Imported new potential chain segment     number=25136 hash=d852fe..838a65 blocks=1 txs=2 mgas=0.084 elapsed=3.967ms mgasps=21.087 triediffs=1.04GiB triedirty=0.00B
INFO [03-24|03:31:02.497] Chain head was updated                   number=25136 hash=d852fe..838a65 root=d72277..cb09c4 elapsed="107.34µs"
INFO [03-24|03:31:03.351] Submitted transaction                    hash=0x1268b99eaf275208e0c81b54bc2f8b61fd1c3e1679b3892b67d09f54bcd2e1d1 from=0xb9E8AF60Eb0A87Ea1A8e9693992ff7590Fbb8baC nonce=0   recipient=0x3aAde2dCD2Df6a8cAc689EE797591b2913658659 value=0
INFO [03-24|03:31:12.499] Starting work on payload                 id=0x034a48f82b2fede0
WARN [03-24|03:31:32.323] Block building is interrupted            allowance=2s
INFO [03-24|03:31:32.324] Updated payload                          id=0x034a48f82b2fede0 number=25137 hash=761142..676883 txs=1 withdrawals=0 gas=100,000,000 fees=0.6000000004    root=2002a2..16d380 elapsed=19.825s
INFO [03-24|03:31:32.324] Stopping work on payload                 id=0x034a48f82b2fede0 reason=timeout
WARN [03-24|03:31:47.434] {"level":"warn","msg":"Slow block","block":{"number":25137,"hash":"0x7611422ed0dc3e6336f21f0d751a9dc83d00ad06d0a4d2314427d53fa8676883","gas_used":100000000,"tx_count":1},"timing":{"execution_ms":1605.900031,"state_read_ms":13462.236523,"state_hash_ms":0.445629,"commit_ms":39.344703,"total_ms":15108.114275},"throughput":{"mgas_per_sec":6.618959731160757},"state_reads":{"accounts":8,"storage_slots":36741,"code":2,"code_bytes":1416},"state_writes":{"accounts":2,"accounts_deleted":0,"storage_slots":0,"storage_slots_deleted":0,"code":0,"code_bytes":0},"cache":{"account":{"hits":4,"misses":4,"hit_rate":50},"storage":{"hits":15565,"misses":21176,"hit_rate":42.364116382243274},"code":{"hits":2,"misses":0,"hit_rate":100,"hit_bytes":1416,"miss_bytes":0}}}
INFO [03-24|03:31:47.434] Imported new potential chain segment     number=25137 hash=761142..676883 blocks=1 txs=1 mgas=100.000 elapsed=15.108s    mgasps=6.619  triediffs=1.04GiB triedirty=0.00B
INFO [03-24|03:31:47.435] Chain head was updated                   number=25137 hash=761142..676883 root=2002a2..16d380 elapsed="61.11µs"
