INFO [03-24|03:38:53.905] Starting Geth on Ethereum mainnet...
INFO [03-24|03:38:53.906] Maximum peer count                       ETH=0 total=0
INFO [03-24|03:38:53.907] Smartcard socket not found, disabling    err="stat /run/pcscd/pcscd.comm: no such file or directory"
WARN [03-24|03:38:53.908] Option --miner.etherbase is deprecated as the etherbase is set by the consensus client post-merge
WARN [03-24|03:38:53.909] Snap sync requested, resetting --cache.snapshot
INFO [03-24|03:38:53.910] Global gas cap disabled
INFO [03-24|03:38:54.619] Using developer account                  address=0xf39Fd6e51aad88F6F4ce6aB8827279cffFb92266
INFO [03-24|03:38:55.112] Using pebble as the backing database
INFO [03-24|03:38:55.112] Allocated cache and file handles         database=/home/CPerezz/bintrie-benchmarks/mpt-vs-bintrie/dbs/bt-gd5/geth/chaindata cache=16.00MiB handles=524,288
INFO [03-24|03:38:59.492] Opened ancient database                  database=/home/CPerezz/bintrie-benchmarks/mpt-vs-bintrie/dbs/bt-gd5/geth/chaindata/ancient/chain readonly=true
INFO [03-24|03:38:59.492] Opened Era store                         datadir=/home/CPerezz/bintrie-benchmarks/mpt-vs-bintrie/dbs/bt-gd5/geth/chaindata/ancient/chain/era
INFO [03-24|03:38:59.516] Initializing the KZG library             backend=gokzg
INFO [03-24|03:38:59.518] Allocated trie memory caches             clean=0.00B dirty=0.00B
INFO [03-24|03:38:59.679] Using pebble as the backing database
INFO [03-24|03:38:59.679] Allocated cache and file handles         database=/home/CPerezz/bintrie-benchmarks/mpt-vs-bintrie/dbs/bt-gd5/geth/chaindata cache=16.00MiB handles=524,288
INFO [03-24|03:39:02.507] Opened ancient database                  database=/home/CPerezz/bintrie-benchmarks/mpt-vs-bintrie/dbs/bt-gd5/geth/chaindata/ancient/chain readonly=false
INFO [03-24|03:39:02.507] Opened Era store                         datadir=/home/CPerezz/bintrie-benchmarks/mpt-vs-bintrie/dbs/bt-gd5/geth/chaindata/ancient/chain/era
INFO [03-24|03:39:02.509] State scheme set to already existing     scheme=path
INFO [03-24|03:39:02.509] Initialising Ethereum protocol           network=1337 dbversion=9
INFO [03-24|03:39:02.509] Load database journal from file          path=/home/CPerezz/bintrie-benchmarks/mpt-vs-bintrie/dbs/bt-gd5/geth/triedb/verkle.journal
INFO [03-24|03:39:07.777] Opened ancient database                  database=/home/CPerezz/bintrie-benchmarks/mpt-vs-bintrie/dbs/bt-gd5/geth/chaindata/ancient/state_verkle readonly=false
INFO [03-24|03:39:07.778] State snapshot generator is not found
INFO [03-24|03:39:07.778] Initialized path database                triecache=0.00B statecache=0.00B buffer=0.00B state-history="last 90000 blocks" journal-dir=/home/CPerezz/bintrie-benchmarks/mpt-vs-bintrie/dbs/bt-gd5/geth/triedb verkle=true
INFO [03-24|03:39:07.779] 
INFO [03-24|03:39:07.779] ---------------------------------------------------------------------------------------------------------------------------------------------------------
INFO [03-24|03:39:07.779] Chain ID:  1337 (unknown)
INFO [03-24|03:39:07.779] Consensus: unknown
INFO [03-24|03:39:07.779] 
INFO [03-24|03:39:07.779] Pre-Merge hard forks (block based):
INFO [03-24|03:39:07.779]  - Homestead:                   #0       
INFO [03-24|03:39:07.779]  - Tangerine Whistle (EIP 150): #0       
INFO [03-24|03:39:07.779]  - Spurious Dragon/1 (EIP 155): #0       
INFO [03-24|03:39:07.779]  - Spurious Dragon/2 (EIP 158): #0       
INFO [03-24|03:39:07.779]  - Byzantium:                   #0       
INFO [03-24|03:39:07.779]  - Constantinople:              #0       
INFO [03-24|03:39:07.779]  - Petersburg:                  #0       
INFO [03-24|03:39:07.779]  - Istanbul:                    #0       
INFO [03-24|03:39:07.779]  - Muir Glacier:                #0       
INFO [03-24|03:39:07.779]  - Berlin:                      #0       
INFO [03-24|03:39:07.779]  - London:                      #0       
INFO [03-24|03:39:07.779]  - Arrow Glacier:               #0       
INFO [03-24|03:39:07.779]  - Gray Glacier:                #0       
INFO [03-24|03:39:07.779] 
INFO [03-24|03:39:07.779] Merge configured:
INFO [03-24|03:39:07.779]  - Total terminal difficulty:  0
INFO [03-24|03:39:07.779]  - Merge netsplit block:       #0       
INFO [03-24|03:39:07.779] 
INFO [03-24|03:39:07.779] Post-Merge hard forks (timestamp based):
INFO [03-24|03:39:07.779]  - Shanghai:                    @0         
INFO [03-24|03:39:07.779]  - Cancun:                      @0          blob: (target: 3, max: 6, fraction: 3338477)
INFO [03-24|03:39:07.779]  - Prague:                      @0          blob: (target: 6, max: 9, fraction: 5225352)
INFO [03-24|03:39:07.779]  - Verkle:                      @0          blob: (nil)
INFO [03-24|03:39:07.779] 
INFO [03-24|03:39:07.779] All fork specifications can be found at https://ethereum.github.io/execution-specs/src/ethereum/forks/
INFO [03-24|03:39:07.779] 
INFO [03-24|03:39:07.779] ---------------------------------------------------------------------------------------------------------------------------------------------------------
INFO [03-24|03:39:07.779] 
INFO [03-24|03:39:07.779] Loaded most recent local block           number=25149 hash=5533eb..576d3f age=56s
INFO [03-24|03:39:07.780] Loaded most recent local finalized block number=25120 hash=b7f64e..fc2403 age=44m9s
INFO [03-24|03:39:07.780] Initialized transaction indexer          range="last 2350000 blocks"
INFO [03-24|03:39:07.780] Initialized log indexer                  firstblock=0 lastblock=25149 firstmap=0 lastmap=4 headindexed=true
INFO [03-24|03:39:07.784] Enabled full-sync                        head=25149 hash=5533eb..576d3f
INFO [03-24|03:39:07.784] Unprotected transactions allowed
INFO [03-24|03:39:07.784] Gasprice oracle is ignoring threshold set threshold=2
WARN [03-24|03:39:07.785] Unclean shutdown detected                booted=2026-03-24T02:10:37+0100 age=1h28m30s
INFO [03-24|03:39:07.785] Registered sync override service
WARN [03-24|03:39:07.785] You are running Geth in --dev mode. Please note the following:
WARN [03-24|03:39:07.785] 
WARN [03-24|03:39:07.785]   1. This mode is only intended for fast, iterative development without assumptions on
WARN [03-24|03:39:07.785]      security or persistence.
WARN [03-24|03:39:07.785]   2. The database is created in memory unless specified otherwise. Therefore, shutting down
WARN [03-24|03:39:07.785]      your computer or losing power will wipe your entire block data and chain state for
WARN [03-24|03:39:07.785]      your dev environment.
WARN [03-24|03:39:07.785]   3. A random, pre-allocated developer account will be available and unlocked as
WARN [03-24|03:39:07.785]      eth.coinbase, which can be used for testing. The random dev account is temporary,
WARN [03-24|03:39:07.785]      stored on a ramdisk, and will be lost if your machine is restarted.
WARN [03-24|03:39:07.785]   4. Mining is enabled by default. However, the client will only seal blocks if transactions
WARN [03-24|03:39:07.785]      are pending in the mempool. The miner's minimum accepted gas price is 1.
WARN [03-24|03:39:07.785]   5. Networking is disabled; there is no listen-address, the maximum number of peers is set
WARN [03-24|03:39:07.785]      to 0, and discovery is disabled.
WARN [03-24|03:39:07.785] 
INFO [03-24|03:39:07.785] Starting peer-to-peer node               instance=Geth/v1.17.2-unstable-991300c4-20260319/linux-amd64/go1.24.1
WARN [03-24|03:39:07.785] P2P server will be useless, neither dialing nor listening
INFO [03-24|03:39:07.789] IPC endpoint opened                      url=/home/CPerezz/bintrie-benchmarks/mpt-vs-bintrie/dbs/bt-gd5/geth.ipc
ERROR[03-24|03:39:07.789] Unavailable modules in HTTP API list     unavailable=[personal] available="[admin debug web3 eth txpool miner net dev testing]"
INFO [03-24|03:39:07.789] New local node record                    seq=1,774,173,716,174 id=5ca20ce916776c2d ip=127.0.0.1 udp=0 tcp=0
INFO [03-24|03:39:07.789] HTTP server started                      endpoint=[::]:8545 auth=false prefix= cors= vhosts=localhost
INFO [03-24|03:39:07.789] Started P2P networking                   self=enode://1077caac14890773549d39754d8c8bc5e612fe651148195d9a07a9cf579886d29513235e655b87f0a9b698489f0fa6ab6844ce86094074ef6793d42e9b0e3c5f@127.0.0.1:0
INFO [03-24|03:39:07.789] WebSocket enabled                        url=ws://[::]:8546
INFO [03-24|03:39:07.906] Loaded local transaction journal         transactions=2370 dropped=0
INFO [03-24|03:39:09.226] Submitted contract creation              hash=0xa1aba84321856429b80360ca07bb9ef89d9766b209590297fc25b83fdb405bd7 from=0xf39Fd6e51aad88F6F4ce6aB8827279cffFb92266 nonce=134 contract=0xd6e1afe5cA8D00A2EFC01B89997abE2De47fdfAf value=0
INFO [03-24|03:39:09.229] Submitted transaction                    hash=0x25321537a5f1fa2ff8d9d0d919e99d51f6f4a0966e11b1478a4b049f4d4fcabc from=0xf39Fd6e51aad88F6F4ce6aB8827279cffFb92266 nonce=135 recipient=0x0B4680446EfFF4E63f4a5Ff3cdba096BbFBE1216 value=600,000,001,200,000,000
INFO [03-24|03:39:09.564] Started log indexer
INFO [03-24|03:39:09.574] Starting work on payload                 id=0x03bb977d8051cb10
INFO [03-24|03:39:09.581] Updated payload                          id=0x03bb977d8051cb10 number=25150 hash=76cfa5..25ac11 txs=2 withdrawals=0 gas=83662 fees=0.0005019720003 root=53192f..a4c189 elapsed=6.820ms
INFO [03-24|03:39:09.581] Stopping work on payload                 id=0x03bb977d8051cb10 reason=delivery
INFO [03-24|03:39:09.586] Paused snapshot generation
WARN [03-24|03:39:09.586] {"level":"warn","msg":"Slow block","block":{"number":25150,"hash":"0x76cfa51c11bf0d43904167e72ecc18a4fd5995e8c94fdc305c0397d5c125ac11","gas_used":83662,"tx_count":2},"timing":{"execution_ms":0.082449,"state_read_ms":1.384973,"state_hash_ms":1.205593,"commit_ms":1.336433,"total_ms":4.292918},"throughput":{"mgas_per_sec":19.48837597177491},"state_reads":{"accounts":12,"storage_slots":0,"code":0,"code_bytes":0},"state_writes":{"accounts":3,"accounts_deleted":0,"storage_slots":0,"storage_slots_deleted":0,"code":1,"code_bytes":72},"cache":{"account":{"hits":6,"misses":6,"hit_rate":50},"storage":{"hits":0,"misses":0,"hit_rate":0},"code":{"hits":0,"misses":0,"hit_rate":0,"hit_bytes":0,"miss_bytes":0}}}
INFO [03-24|03:39:09.586] Imported new potential chain segment     number=25150 hash=76cfa5..25ac11 blocks=1 txs=2 mgas=0.084 elapsed=4.552ms mgasps=18.377 triediffs=1.02GiB triedirty=0.00B
INFO [03-24|03:39:09.586] Chain head was updated                   number=25150 hash=76cfa5..25ac11 root=53192f..a4c189 elapsed="110.01µs"
WARN [03-24|03:39:09.588] Snapshot generation is not permitted
INFO [03-24|03:39:10.243] Submitted transaction                    hash=0x45cb8eab70c197b03d7e759425cd93485b56c7736b3b0b8e3cf6e17efb1d8e63 from=0x0B4680446EfFF4E63f4a5Ff3cdba096BbFBE1216 nonce=0   recipient=0xd6e1afe5cA8D00A2EFC01B89997abE2De47fdfAf value=0
INFO [03-24|03:39:19.590] Starting work on payload                 id=0x0323ef26a21b033f
WARN [03-24|03:39:39.201] Block building is interrupted            allowance=2s
INFO [03-24|03:39:39.202] Updated payload                          id=0x0323ef26a21b033f number=25151 hash=2b0084..634e87 txs=1 withdrawals=0 gas=100,000,000 fees=0.6000000004    root=de5363..ab7a51 elapsed=19.611s
INFO [03-24|03:39:39.202] Stopping work on payload                 id=0x0323ef26a21b033f reason=timeout
INFO [03-24|03:39:56.273] Paused snapshot generation
WARN [03-24|03:39:56.274] {"level":"warn","msg":"Slow block","block":{"number":25151,"hash":"0x2b0084cd5f95810662265a054c9066dbb4348259fbc1fdd7700fbb0318634e87","gas_used":100000000,"tx_count":1},"timing":{"execution_ms":1809.933029,"state_read_ms":15222.591442,"state_hash_ms":0.453877,"commit_ms":37.999823,"total_ms":17071.111632},"throughput":{"mgas_per_sec":5.857849339614699},"state_reads":{"accounts":8,"storage_slots":36741,"code":2,"code_bytes":1416},"state_writes":{"accounts":2,"accounts_deleted":0,"storage_slots":0,"storage_slots_deleted":0,"code":0,"code_bytes":0},"cache":{"account":{"hits":4,"misses":4,"hit_rate":50},"storage":{"hits":13531,"misses":23210,"hit_rate":36.828066737432295},"code":{"hits":2,"misses":0,"hit_rate":100,"hit_bytes":1416,"miss_bytes":0}}}
INFO [03-24|03:39:56.274] Imported new potential chain segment     number=25151 hash=2b0084..634e87 blocks=1 txs=1 mgas=100.000 elapsed=17.071s    mgasps=5.858  triediffs=1.01GiB triedirty=0.00B
INFO [03-24|03:39:56.275] Chain head was updated                   number=25151 hash=2b0084..634e87 root=de5363..ab7a51 elapsed="79.399µs"
WARN [03-24|03:39:56.322] Snapshot generation is not permitted
