INFO [03-24|02:57:00.379] Starting Geth on Ethereum mainnet...
INFO [03-24|02:57:00.380] Maximum peer count                       ETH=0 total=0
INFO [03-24|02:57:00.381] Smartcard socket not found, disabling    err="stat /run/pcscd/pcscd.comm: no such file or directory"
WARN [03-24|02:57:00.382] Option --miner.etherbase is deprecated as the etherbase is set by the consensus client post-merge
WARN [03-24|02:57:00.383] Snap sync requested, resetting --cache.snapshot
INFO [03-24|02:57:00.383] Global gas cap disabled
INFO [03-24|02:57:01.075] Using developer account                  address=0xf39Fd6e51aad88F6F4ce6aB8827279cffFb92266
INFO [03-24|02:57:01.574] Using pebble as the backing database
INFO [03-24|02:57:01.574] Allocated cache and file handles         database=/home/CPerezz/bintrie-benchmarks/mpt-vs-bintrie/dbs/bt-gd5/geth/chaindata cache=16.00MiB handles=524,288
INFO [03-24|02:57:05.906] Opened ancient database                  database=/home/CPerezz/bintrie-benchmarks/mpt-vs-bintrie/dbs/bt-gd5/geth/chaindata/ancient/chain readonly=true
INFO [03-24|02:57:05.906] Opened Era store                         datadir=/home/CPerezz/bintrie-benchmarks/mpt-vs-bintrie/dbs/bt-gd5/geth/chaindata/ancient/chain/era
INFO [03-24|02:57:05.932] Initializing the KZG library             backend=gokzg
INFO [03-24|02:57:05.934] Allocated trie memory caches             clean=0.00B dirty=0.00B
INFO [03-24|02:57:06.103] Using pebble as the backing database
INFO [03-24|02:57:06.103] Allocated cache and file handles         database=/home/CPerezz/bintrie-benchmarks/mpt-vs-bintrie/dbs/bt-gd5/geth/chaindata cache=16.00MiB handles=524,288
INFO [03-24|02:57:08.979] Opened ancient database                  database=/home/CPerezz/bintrie-benchmarks/mpt-vs-bintrie/dbs/bt-gd5/geth/chaindata/ancient/chain readonly=false
INFO [03-24|02:57:08.979] Opened Era store                         datadir=/home/CPerezz/bintrie-benchmarks/mpt-vs-bintrie/dbs/bt-gd5/geth/chaindata/ancient/chain/era
INFO [03-24|02:57:08.981] State scheme set to already existing     scheme=path
INFO [03-24|02:57:08.981] Initialising Ethereum protocol           network=1337 dbversion=9
INFO [03-24|02:57:08.982] Load database journal from file          path=/home/CPerezz/bintrie-benchmarks/mpt-vs-bintrie/dbs/bt-gd5/geth/triedb/verkle.journal
INFO [03-24|02:57:14.294] Opened ancient database                  database=/home/CPerezz/bintrie-benchmarks/mpt-vs-bintrie/dbs/bt-gd5/geth/chaindata/ancient/state_verkle readonly=false
INFO [03-24|02:57:14.296] State snapshot generator is not found
INFO [03-24|02:57:14.296] Initialized path database                triecache=0.00B statecache=0.00B buffer=0.00B state-history="last 90000 blocks" journal-dir=/home/CPerezz/bintrie-benchmarks/mpt-vs-bintrie/dbs/bt-gd5/geth/triedb verkle=true
INFO [03-24|02:57:14.296] 
INFO [03-24|02:57:14.296] ---------------------------------------------------------------------------------------------------------------------------------------------------------
INFO [03-24|02:57:14.296] Chain ID:  1337 (unknown)
INFO [03-24|02:57:14.296] Consensus: unknown
INFO [03-24|02:57:14.296] 
INFO [03-24|02:57:14.296] Pre-Merge hard forks (block based):
INFO [03-24|02:57:14.296]  - Homestead:                   #0       
INFO [03-24|02:57:14.296]  - Tangerine Whistle (EIP 150): #0       
INFO [03-24|02:57:14.296]  - Spurious Dragon/1 (EIP 155): #0       
INFO [03-24|02:57:14.296]  - Spurious Dragon/2 (EIP 158): #0       
INFO [03-24|02:57:14.296]  - Byzantium:                   #0       
INFO [03-24|02:57:14.296]  - Constantinople:              #0       
INFO [03-24|02:57:14.296]  - Petersburg:                  #0       
INFO [03-24|02:57:14.296]  - Istanbul:                    #0       
INFO [03-24|02:57:14.296]  - Muir Glacier:                #0       
INFO [03-24|02:57:14.296]  - Berlin:                      #0       
INFO [03-24|02:57:14.296]  - London:                      #0       
INFO [03-24|02:57:14.296]  - Arrow Glacier:               #0       
INFO [03-24|02:57:14.296]  - Gray Glacier:                #0       
INFO [03-24|02:57:14.296] 
INFO [03-24|02:57:14.296] Merge configured:
INFO [03-24|02:57:14.296]  - Total terminal difficulty:  0
INFO [03-24|02:57:14.296]  - Merge netsplit block:       #0       
INFO [03-24|02:57:14.296] 
INFO [03-24|02:57:14.296] Post-Merge hard forks (timestamp based):
INFO [03-24|02:57:14.296]  - Shanghai:                    @0         
INFO [03-24|02:57:14.296]  - Cancun:                      @0          blob: (target: 3, max: 6, fraction: 3338477)
INFO [03-24|02:57:14.296]  - Prague:                      @0          blob: (target: 6, max: 9, fraction: 5225352)
INFO [03-24|02:57:14.296]  - Verkle:                      @0          blob: (nil)
INFO [03-24|02:57:14.296] 
INFO [03-24|02:57:14.296] All fork specifications can be found at https://ethereum.github.io/execution-specs/src/ethereum/forks/
INFO [03-24|02:57:14.296] 
INFO [03-24|02:57:14.296] ---------------------------------------------------------------------------------------------------------------------------------------------------------
INFO [03-24|02:57:14.296] 
INFO [03-24|02:57:14.298] Loaded most recent local block           number=25126 hash=076826..d7d142 age=33s
INFO [03-24|02:57:14.298] Loaded most recent local finalized block number=25120 hash=b7f64e..fc2403 age=2m16s
INFO [03-24|02:57:14.298] Initialized transaction indexer          range="last 2350000 blocks"
INFO [03-24|02:57:14.298] Initialized log indexer                  firstblock=0 lastblock=25126 firstmap=0 lastmap=4 headindexed=true
INFO [03-24|02:57:14.302] Enabled full-sync                        head=25126 hash=076826..d7d142
INFO [03-24|02:57:14.302] Unprotected transactions allowed
INFO [03-24|02:57:14.302] Gasprice oracle is ignoring threshold set threshold=2
WARN [03-24|02:57:14.303] Unclean shutdown detected                booted=2026-03-24T02:10:37+0100 age=46m37s
INFO [03-24|02:57:14.303] Registered sync override service
WARN [03-24|02:57:14.303] You are running Geth in --dev mode. Please note the following:
WARN [03-24|02:57:14.303] 
WARN [03-24|02:57:14.303]   1. This mode is only intended for fast, iterative development without assumptions on
WARN [03-24|02:57:14.303]      security or persistence.
WARN [03-24|02:57:14.303]   2. The database is created in memory unless specified otherwise. Therefore, shutting down
WARN [03-24|02:57:14.303]      your computer or losing power will wipe your entire block data and chain state for
WARN [03-24|02:57:14.303]      your dev environment.
WARN [03-24|02:57:14.303]   3. A random, pre-allocated developer account will be available and unlocked as
WARN [03-24|02:57:14.303]      eth.coinbase, which can be used for testing. The random dev account is temporary,
WARN [03-24|02:57:14.303]      stored on a ramdisk, and will be lost if your machine is restarted.
WARN [03-24|02:57:14.303]   4. Mining is enabled by default. However, the client will only seal blocks if transactions
WARN [03-24|02:57:14.303]      are pending in the mempool. The miner's minimum accepted gas price is 1.
WARN [03-24|02:57:14.303]   5. Networking is disabled; there is no listen-address, the maximum number of peers is set
WARN [03-24|02:57:14.303]      to 0, and discovery is disabled.
WARN [03-24|02:57:14.303] 
INFO [03-24|02:57:14.303] Starting peer-to-peer node               instance=Geth/v1.17.2-unstable-991300c4-20260319/linux-amd64/go1.24.1
WARN [03-24|02:57:14.303] P2P server will be useless, neither dialing nor listening
INFO [03-24|02:57:14.307] IPC endpoint opened                      url=/home/CPerezz/bintrie-benchmarks/mpt-vs-bintrie/dbs/bt-gd5/geth.ipc
ERROR[03-24|02:57:14.307] Unavailable modules in HTTP API list     unavailable=[personal] available="[admin debug web3 eth txpool miner net dev testing]"
INFO [03-24|02:57:14.308] HTTP server started                      endpoint=[::]:8545 auth=false prefix= cors= vhosts=localhost
INFO [03-24|02:57:14.308] WebSocket enabled                        url=ws://[::]:8546
INFO [03-24|02:57:14.308] New local node record                    seq=1,774,173,716,163 id=5ca20ce916776c2d ip=127.0.0.1 udp=0 tcp=0
INFO [03-24|02:57:14.308] Started P2P networking                   self=enode://1077caac14890773549d39754d8c8bc5e612fe651148195d9a07a9cf579886d29513235e655b87f0a9b698489f0fa6ab6844ce86094074ef6793d42e9b0e3c5f@127.0.0.1:0
INFO [03-24|02:57:14.420] Loaded local transaction journal         transactions=2336 dropped=0
INFO [03-24|02:57:15.721] Submitted contract creation              hash=0x841c31fc6fba79669d8f6d7bf5eef5417bf0815eb546f7b5ee0654587b9a3f94 from=0xf39Fd6e51aad88F6F4ce6aB8827279cffFb92266 nonce=112 contract=0x22753E4264FDDc6181dc7cce468904A80a363E44 value=0
INFO [03-24|02:57:15.723] Submitted transaction                    hash=0xf83e106b14af8f5a06b550cd326b0421bbfd91fca7f2237000622644b58e8018 from=0xf39Fd6e51aad88F6F4ce6aB8827279cffFb92266 nonce=113 recipient=0x9E1B5DB9B58b6E12a1A2e92686797D38e9e3Be3e value=600,000,001,000,000,000
INFO [03-24|02:57:16.074] Started log indexer
INFO [03-24|02:57:16.084] Starting work on payload                 id=0x03493cfd85bb54fe
INFO [03-24|02:57:16.090] Updated payload                          id=0x03493cfd85bb54fe number=25127 hash=19b1b0..bda554 txs=2 withdrawals=0 gas=83758 fees=0.0005025480003 root=b2adc7..5518ee elapsed=5.439ms
INFO [03-24|02:57:16.090] Stopping work on payload                 id=0x03493cfd85bb54fe reason=delivery
WARN [03-24|02:57:16.093] {"level":"warn","msg":"Slow block","block":{"number":25127,"hash":"0x19b1b0c7588966355ce698e95a3aa7d0aac59cbaea931b0441e4db5461bda554","gas_used":83758,"tx_count":2},"timing":{"execution_ms":0.149839,"state_read_ms":1.296662,"state_hash_ms":1.315022,"commit_ms":0.264619,"total_ms":3.321403},"throughput":{"mgas_per_sec":25.2176565144308},"state_reads":{"accounts":12,"storage_slots":0,"code":0,"code_bytes":0},"state_writes":{"accounts":3,"accounts_deleted":0,"storage_slots":0,"storage_slots_deleted":0,"code":1,"code_bytes":78},"cache":{"account":{"hits":6,"misses":6,"hit_rate":50},"storage":{"hits":0,"misses":0,"hit_rate":0},"code":{"hits":0,"misses":0,"hit_rate":0,"hit_bytes":0,"miss_bytes":0}}}
INFO [03-24|02:57:16.093] Imported new potential chain segment     number=25127 hash=19b1b0..bda554 blocks=1 txs=2 mgas=0.084 elapsed=3.506ms mgasps=23.883 triediffs=1.01GiB triedirty=0.00B
INFO [03-24|02:57:16.094] Chain head was updated                   number=25127 hash=19b1b0..bda554 root=b2adc7..5518ee elapsed="101.789µs"
INFO [03-24|02:57:16.736] Submitted transaction                    hash=0x79fe8b7215ce84074ce72dbbc96ff2fdb445cd883c6eac93e196decbc929dc54 from=0x9E1B5DB9B58b6E12a1A2e92686797D38e9e3Be3e nonce=0   recipient=0x22753E4264FDDc6181dc7cce468904A80a363E44 value=0
INFO [03-24|02:57:26.098] Starting work on payload                 id=0x03dd9957e0dc1992
WARN [03-24|02:57:29.620] Block building is interrupted            allowance=2s
INFO [03-24|02:57:30.327] Updated payload                          id=0x03dd9957e0dc1992 number=25128 hash=7dcae0..eebf36 txs=1 withdrawals=0 gas=26,191,182 fees=0.1571470921    root=bb385b..70ca32 elapsed=4.229s
WARN [03-24|02:57:32.151] {"level":"warn","msg":"Slow block","block":{"number":25128,"hash":"0x7dcae01b1e0c1e7872986d8f8540abf328106ed287e9f6cb2a01042b4deebf36","gas_used":26191182,"tx_count":1},"timing":{"execution_ms":120.728533,"state_read_ms":968.536248,"state_hash_ms":669.318035,"commit_ms":62.817635,"total_ms":1821.529292},"throughput":{"mgas_per_sec":14.378677364689889},"state_reads":{"accounts":8,"storage_slots":4094,"code":2,"code_bytes":1422},"state_writes":{"accounts":3,"accounts_deleted":0,"storage_slots":0,"storage_slots_deleted":0,"code":0,"code_bytes":0},"cache":{"account":{"hits":3,"misses":5,"hit_rate":37.5},"storage":{"hits":1419,"misses":2675,"hit_rate":34.66047874938935},"code":{"hits":2,"misses":0,"hit_rate":100,"hit_bytes":1422,"miss_bytes":0}}}
INFO [03-24|02:57:32.151] Imported new potential chain segment     number=25128 hash=7dcae0..eebf36 blocks=1 txs=1 mgas=26.191 elapsed=1.821s      mgasps=14.377 triediffs=1.02GiB triedirty=0.00B
INFO [03-24|02:57:32.153] Chain head was updated                   number=25128 hash=7dcae0..eebf36 root=bb385b..70ca32 elapsed="51.7µs"
WARN [03-24|02:57:32.544] Block building is interrupted            allowance=2s
INFO [03-24|02:57:32.831] Submitted transaction                    hash=0xa6f2ea45ed056fcf22490889d1c8e4fbd727985ca562d571d1af4a845c19783e from=0x9E1B5DB9B58b6E12a1A2e92686797D38e9e3Be3e nonce=1   recipient=0xf39Fd6e51aad88F6F4ce6aB8827279cffFb92266 value=442,789,908,737,878,180
INFO [03-24|02:57:33.414] Stopping work on payload                 id=0x03dd9957e0dc1992 reason=delivery
INFO [03-24|02:57:42.159] Starting work on payload                 id=0x03f8bafe66e07fe7
WARN [03-24|02:57:44.478] Block building is interrupted            allowance=2s
INFO [03-24|02:57:45.200] Updated payload                          id=0x03f8bafe66e07fe7 number=25129 hash=d70627..4215ab txs=7 withdrawals=0 gas=26,342,178 fees=0.052705356     root=fe6f9d..aa97e3 elapsed=3.041s
WARN [03-24|02:57:47.353] Block building is interrupted            allowance=2s
WARN [03-24|02:57:47.649] {"level":"warn","msg":"Slow block","block":{"number":25129,"hash":"0xd7062786d05c5cbf0005c2090c0641e85aba42886422f144d27150da234215ab","gas_used":26342178,"tx_count":7},"timing":{"execution_ms":41.187649,"state_read_ms":1544.323857,"state_hash_ms":795.758821,"commit_ms":64.897543,"total_ms":2446.345789},"throughput":{"mgas_per_sec":10.767969973193352},"state_reads":{"accounts":12,"storage_slots":4446,"code":1,"code_bytes":1344},"state_writes":{"accounts":8,"accounts_deleted":0,"storage_slots":0,"storage_slots_deleted":0,"code":0,"code_bytes":0},"cache":{"account":{"hits":8,"misses":4,"hit_rate":66.66666666666666},"storage":{"hits":3712,"misses":734,"hit_rate":83.49077822762034},"code":{"hits":1,"misses":0,"hit_rate":100,"hit_bytes":1344,"miss_bytes":0}}}
INFO [03-24|02:57:47.650] Imported new potential chain segment     number=25129 hash=d70627..4215ab blocks=1 txs=7 mgas=26.342 elapsed=2.446s      mgasps=10.767 triediffs=1.04GiB triedirty=0.00B
INFO [03-24|02:57:47.650] Chain head was updated                   number=25129 hash=d70627..4215ab root=fe6f9d..aa97e3 elapsed="119.069µs"
