INFO [03-24|03:37:45.767] Starting Geth on Ethereum mainnet...
INFO [03-24|03:37:45.768] Maximum peer count                       ETH=0 total=0
INFO [03-24|03:37:45.769] Smartcard socket not found, disabling    err="stat /run/pcscd/pcscd.comm: no such file or directory"
WARN [03-24|03:37:45.770] Option --miner.etherbase is deprecated as the etherbase is set by the consensus client post-merge
WARN [03-24|03:37:45.771] Snap sync requested, resetting --cache.snapshot
INFO [03-24|03:37:45.772] Global gas cap disabled
INFO [03-24|03:37:46.415] Using developer account                  address=0xf39Fd6e51aad88F6F4ce6aB8827279cffFb92266
INFO [03-24|03:37:46.907] Using pebble as the backing database
INFO [03-24|03:37:46.907] Allocated cache and file handles         database=/home/CPerezz/bintrie-benchmarks/mpt-vs-bintrie/dbs/bt-gd5/geth/chaindata cache=16.00MiB handles=524,288
INFO [03-24|03:37:51.257] Opened ancient database                  database=/home/CPerezz/bintrie-benchmarks/mpt-vs-bintrie/dbs/bt-gd5/geth/chaindata/ancient/chain readonly=true
INFO [03-24|03:37:51.257] Opened Era store                         datadir=/home/CPerezz/bintrie-benchmarks/mpt-vs-bintrie/dbs/bt-gd5/geth/chaindata/ancient/chain/era
INFO [03-24|03:37:51.275] Initializing the KZG library             backend=gokzg
INFO [03-24|03:37:51.276] Allocated trie memory caches             clean=0.00B dirty=0.00B
INFO [03-24|03:37:51.449] Using pebble as the backing database
INFO [03-24|03:37:51.449] Allocated cache and file handles         database=/home/CPerezz/bintrie-benchmarks/mpt-vs-bintrie/dbs/bt-gd5/geth/chaindata cache=16.00MiB handles=524,288
INFO [03-24|03:37:54.226] Opened ancient database                  database=/home/CPerezz/bintrie-benchmarks/mpt-vs-bintrie/dbs/bt-gd5/geth/chaindata/ancient/chain readonly=false
INFO [03-24|03:37:54.226] Opened Era store                         datadir=/home/CPerezz/bintrie-benchmarks/mpt-vs-bintrie/dbs/bt-gd5/geth/chaindata/ancient/chain/era
INFO [03-24|03:37:54.228] State scheme set to already existing     scheme=path
INFO [03-24|03:37:54.228] Initialising Ethereum protocol           network=1337 dbversion=9
INFO [03-24|03:37:54.228] Load database journal from file          path=/home/CPerezz/bintrie-benchmarks/mpt-vs-bintrie/dbs/bt-gd5/geth/triedb/verkle.journal
INFO [03-24|03:37:59.608] Opened ancient database                  database=/home/CPerezz/bintrie-benchmarks/mpt-vs-bintrie/dbs/bt-gd5/geth/chaindata/ancient/state_verkle readonly=false
INFO [03-24|03:37:59.610] State snapshot generator is not found
INFO [03-24|03:37:59.610] Initialized path database                triecache=0.00B statecache=0.00B buffer=0.00B state-history="last 90000 blocks" journal-dir=/home/CPerezz/bintrie-benchmarks/mpt-vs-bintrie/dbs/bt-gd5/geth/triedb verkle=true
INFO [03-24|03:37:59.611] 
INFO [03-24|03:37:59.611] ---------------------------------------------------------------------------------------------------------------------------------------------------------
INFO [03-24|03:37:59.611] Chain ID:  1337 (unknown)
INFO [03-24|03:37:59.611] Consensus: unknown
INFO [03-24|03:37:59.611] 
INFO [03-24|03:37:59.611] Pre-Merge hard forks (block based):
INFO [03-24|03:37:59.611]  - Homestead:                   #0       
INFO [03-24|03:37:59.611]  - Tangerine Whistle (EIP 150): #0       
INFO [03-24|03:37:59.611]  - Spurious Dragon/1 (EIP 155): #0       
INFO [03-24|03:37:59.611]  - Spurious Dragon/2 (EIP 158): #0       
INFO [03-24|03:37:59.611]  - Byzantium:                   #0       
INFO [03-24|03:37:59.611]  - Constantinople:              #0       
INFO [03-24|03:37:59.611]  - Petersburg:                  #0       
INFO [03-24|03:37:59.611]  - Istanbul:                    #0       
INFO [03-24|03:37:59.611]  - Muir Glacier:                #0       
INFO [03-24|03:37:59.611]  - Berlin:                      #0       
INFO [03-24|03:37:59.611]  - London:                      #0       
INFO [03-24|03:37:59.611]  - Arrow Glacier:               #0       
INFO [03-24|03:37:59.611]  - Gray Glacier:                #0       
INFO [03-24|03:37:59.611] 
INFO [03-24|03:37:59.611] Merge configured:
INFO [03-24|03:37:59.611]  - Total terminal difficulty:  0
INFO [03-24|03:37:59.611]  - Merge netsplit block:       #0       
INFO [03-24|03:37:59.611] 
INFO [03-24|03:37:59.611] Post-Merge hard forks (timestamp based):
INFO [03-24|03:37:59.611]  - Shanghai:                    @0         
INFO [03-24|03:37:59.611]  - Cancun:                      @0          blob: (target: 3, max: 6, fraction: 3338477)
INFO [03-24|03:37:59.611]  - Prague:                      @0          blob: (target: 6, max: 9, fraction: 5225352)
INFO [03-24|03:37:59.611]  - Verkle:                      @0          blob: (nil)
INFO [03-24|03:37:59.611] 
INFO [03-24|03:37:59.611] All fork specifications can be found at https://ethereum.github.io/execution-specs/src/ethereum/forks/
INFO [03-24|03:37:59.611] 
INFO [03-24|03:37:59.611] ---------------------------------------------------------------------------------------------------------------------------------------------------------
INFO [03-24|03:37:59.611] 
INFO [03-24|03:37:59.612] Loaded most recent local block           number=25147 hash=897f3a..62979d age=57s
INFO [03-24|03:37:59.612] Loaded most recent local finalized block number=25120 hash=b7f64e..fc2403 age=43m1s
INFO [03-24|03:37:59.612] Initialized transaction indexer          range="last 2350000 blocks"
INFO [03-24|03:37:59.612] Initialized log indexer                  firstblock=0 lastblock=25147 firstmap=0 lastmap=4 headindexed=true
INFO [03-24|03:37:59.617] Enabled full-sync                        head=25147 hash=897f3a..62979d
INFO [03-24|03:37:59.617] Unprotected transactions allowed
INFO [03-24|03:37:59.617] Gasprice oracle is ignoring threshold set threshold=2
WARN [03-24|03:37:59.617] Unclean shutdown detected                booted=2026-03-24T02:10:37+0100 age=1h27m22s
INFO [03-24|03:37:59.618] Registered sync override service
WARN [03-24|03:37:59.618] You are running Geth in --dev mode. Please note the following:
WARN [03-24|03:37:59.618] 
WARN [03-24|03:37:59.618]   1. This mode is only intended for fast, iterative development without assumptions on
WARN [03-24|03:37:59.618]      security or persistence.
WARN [03-24|03:37:59.618]   2. The database is created in memory unless specified otherwise. Therefore, shutting down
WARN [03-24|03:37:59.618]      your computer or losing power will wipe your entire block data and chain state for
WARN [03-24|03:37:59.618]      your dev environment.
WARN [03-24|03:37:59.618]   3. A random, pre-allocated developer account will be available and unlocked as
WARN [03-24|03:37:59.618]      eth.coinbase, which can be used for testing. The random dev account is temporary,
WARN [03-24|03:37:59.618]      stored on a ramdisk, and will be lost if your machine is restarted.
WARN [03-24|03:37:59.618]   4. Mining is enabled by default. However, the client will only seal blocks if transactions
WARN [03-24|03:37:59.618]      are pending in the mempool. The miner's minimum accepted gas price is 1.
WARN [03-24|03:37:59.618]   5. Networking is disabled; there is no listen-address, the maximum number of peers is set
WARN [03-24|03:37:59.618]      to 0, and discovery is disabled.
WARN [03-24|03:37:59.618] 
INFO [03-24|03:37:59.618] Starting peer-to-peer node               instance=Geth/v1.17.2-unstable-991300c4-20260319/linux-amd64/go1.24.1
WARN [03-24|03:37:59.618] P2P server will be useless, neither dialing nor listening
INFO [03-24|03:37:59.622] IPC endpoint opened                      url=/home/CPerezz/bintrie-benchmarks/mpt-vs-bintrie/dbs/bt-gd5/geth.ipc
ERROR[03-24|03:37:59.622] Unavailable modules in HTTP API list     unavailable=[personal] available="[admin debug web3 eth txpool miner net dev testing]"
INFO [03-24|03:37:59.623] HTTP server started                      endpoint=[::]:8545 auth=false prefix= cors= vhosts=localhost
INFO [03-24|03:37:59.623] WebSocket enabled                        url=ws://[::]:8546
INFO [03-24|03:37:59.623] New local node record                    seq=1,774,173,716,173 id=5ca20ce916776c2d ip=127.0.0.1 udp=0 tcp=0
INFO [03-24|03:37:59.623] Started P2P networking                   self=enode://1077caac14890773549d39754d8c8bc5e612fe651148195d9a07a9cf579886d29513235e655b87f0a9b698489f0fa6ab6844ce86094074ef6793d42e9b0e3c5f@127.0.0.1:0
INFO [03-24|03:37:59.733] Loaded local transaction journal         transactions=2367 dropped=0
INFO [03-24|03:38:01.095] Submitted contract creation              hash=0xde890f9f619dabd0938706903e622cf3daa7b1a4aaec1836d46d77abd533d20e from=0xf39Fd6e51aad88F6F4ce6aB8827279cffFb92266 nonce=132 contract=0x40918Ba7f132E0aCba2CE4de4c4baF9BD2D7D849 value=0
INFO [03-24|03:38:01.096] Submitted transaction                    hash=0x3389e977eb9d3234041f47ef7f32e8cfb06bbc4f3e7d8465b50d59e0b22c1b91 from=0xf39Fd6e51aad88F6F4ce6aB8827279cffFb92266 nonce=133 recipient=0x1d48ab147C64026A8ACb9FcCa7906EaB569D411d value=600,000,001,200,000,000
INFO [03-24|03:38:01.120] Started log indexer
INFO [03-24|03:38:01.129] Starting work on payload                 id=0x03bb51f19aec946b
INFO [03-24|03:38:01.135] Updated payload                          id=0x03bb51f19aec946b number=25148 hash=5dc93e..8e9d54 txs=2 withdrawals=0 gas=83662 fees=0.0005019720003 root=94b364..411cc6 elapsed=5.588ms
INFO [03-24|03:38:01.135] Stopping work on payload                 id=0x03bb51f19aec946b reason=delivery
INFO [03-24|03:38:01.140] Paused snapshot generation
WARN [03-24|03:38:01.141] {"level":"warn","msg":"Slow block","block":{"number":25148,"hash":"0x5dc93ec5afd4aea130cbe737e56e5a60bedb72de2c6c43ea91c65ebeae8e9d54","gas_used":83662,"tx_count":2},"timing":{"execution_ms":0.164756,"state_read_ms":1.972832,"state_hash_ms":1.334103,"commit_ms":1.621991,"total_ms":5.352912},"throughput":{"mgas_per_sec":15.629250023164962},"state_reads":{"accounts":12,"storage_slots":0,"code":0,"code_bytes":0},"state_writes":{"accounts":3,"accounts_deleted":0,"storage_slots":0,"storage_slots_deleted":0,"code":1,"code_bytes":72},"cache":{"account":{"hits":6,"misses":6,"hit_rate":50},"storage":{"hits":0,"misses":0,"hit_rate":0},"code":{"hits":0,"misses":0,"hit_rate":0,"hit_bytes":0,"miss_bytes":0}}}
INFO [03-24|03:38:01.141] Imported new potential chain segment     number=25148 hash=5dc93e..8e9d54 blocks=1 txs=2 mgas=0.084 elapsed=5.862ms mgasps=14.270 triediffs=1.02GiB triedirty=0.00B
INFO [03-24|03:38:01.141] Chain head was updated                   number=25148 hash=5dc93e..8e9d54 root=94b364..411cc6 elapsed="260.028µs"
WARN [03-24|03:38:01.142] Snapshot generation is not permitted
INFO [03-24|03:38:02.110] Submitted transaction                    hash=0x1f591080482c279320bb3b6b338d3c8f74cffca2e425ec2b293d1dce4cb147ca from=0x1d48ab147C64026A8ACb9FcCa7906EaB569D411d nonce=0   recipient=0x40918Ba7f132E0aCba2CE4de4c4baF9BD2D7D849 value=0
INFO [03-24|03:38:11.145] Starting work on payload                 id=0x03eb18eaf2ddf177
WARN [03-24|03:38:30.886] Block building is interrupted            allowance=2s
INFO [03-24|03:38:30.886] Updated payload                          id=0x03eb18eaf2ddf177 number=25149 hash=5533eb..576d3f txs=1 withdrawals=0 gas=100,000,000 fees=0.6000000004    root=81746c..8af6f0 elapsed=19.741s
WARN [03-24|03:38:40.788] Block building is interrupted            allowance=2s
INFO [03-24|03:38:40.789] Stopping work on payload                 id=0x03eb18eaf2ddf177 reason=timeout
INFO [03-24|03:38:40.823] Paused snapshot generation
WARN [03-24|03:38:40.824] {"level":"warn","msg":"Slow block","block":{"number":25149,"hash":"0x5533eb414a358a5295b1b487236bb2ae33f35eafec6ad4ea9ab39c9008576d3f","gas_used":100000000,"tx_count":1},"timing":{"execution_ms":932.788707,"state_read_ms":8968.267199,"state_hash_ms":0.372848,"commit_ms":34.788661,"total_ms":9936.327756},"throughput":{"mgas_per_sec":10.064080257378338},"state_reads":{"accounts":8,"storage_slots":36741,"code":2,"code_bytes":1416},"state_writes":{"accounts":2,"accounts_deleted":0,"storage_slots":0,"storage_slots_deleted":0,"code":0,"code_bytes":0},"cache":{"account":{"hits":4,"misses":4,"hit_rate":50},"storage":{"hits":15861,"misses":20880,"hit_rate":43.169755858577616},"code":{"hits":2,"misses":0,"hit_rate":100,"hit_bytes":1416,"miss_bytes":0}}}
INFO [03-24|03:38:40.824] Imported new potential chain segment     number=25149 hash=5533eb..576d3f blocks=1 txs=1 mgas=100.000 elapsed=9.936s      mgasps=10.064 triediffs=1.02GiB triedirty=0.00B
INFO [03-24|03:38:40.825] Chain head was updated                   number=25149 hash=5533eb..576d3f root=81746c..8af6f0 elapsed="43.65µs"
WARN [03-24|03:38:40.853] Snapshot generation is not permitted
