INFO [03-24|03:45:02.773] Starting Geth on Ethereum mainnet...
INFO [03-24|03:45:02.775] Maximum peer count                       ETH=0 total=0
INFO [03-24|03:45:02.776] Smartcard socket not found, disabling    err="stat /run/pcscd/pcscd.comm: no such file or directory"
WARN [03-24|03:45:02.777] Option --miner.etherbase is deprecated as the etherbase is set by the consensus client post-merge
WARN [03-24|03:45:02.778] Snap sync requested, resetting --cache.snapshot
INFO [03-24|03:45:02.778] Global gas cap disabled
INFO [03-24|03:45:03.506] Using developer account                  address=0xf39Fd6e51aad88F6F4ce6aB8827279cffFb92266
INFO [03-24|03:45:03.998] Using pebble as the backing database
INFO [03-24|03:45:03.998] Allocated cache and file handles         database=/home/CPerezz/bintrie-benchmarks/mpt-vs-bintrie/dbs/bt-gd5/geth/chaindata cache=16.00MiB handles=524,288
INFO [03-24|03:45:08.367] Opened ancient database                  database=/home/CPerezz/bintrie-benchmarks/mpt-vs-bintrie/dbs/bt-gd5/geth/chaindata/ancient/chain readonly=true
INFO [03-24|03:45:08.367] Opened Era store                         datadir=/home/CPerezz/bintrie-benchmarks/mpt-vs-bintrie/dbs/bt-gd5/geth/chaindata/ancient/chain/era
INFO [03-24|03:45:08.396] Initializing the KZG library             backend=gokzg
INFO [03-24|03:45:08.398] Allocated trie memory caches             clean=0.00B dirty=0.00B
INFO [03-24|03:45:08.582] Using pebble as the backing database
INFO [03-24|03:45:08.582] Allocated cache and file handles         database=/home/CPerezz/bintrie-benchmarks/mpt-vs-bintrie/dbs/bt-gd5/geth/chaindata cache=16.00MiB handles=524,288
INFO [03-24|03:45:11.401] Opened ancient database                  database=/home/CPerezz/bintrie-benchmarks/mpt-vs-bintrie/dbs/bt-gd5/geth/chaindata/ancient/chain readonly=false
INFO [03-24|03:45:11.401] Opened Era store                         datadir=/home/CPerezz/bintrie-benchmarks/mpt-vs-bintrie/dbs/bt-gd5/geth/chaindata/ancient/chain/era
INFO [03-24|03:45:11.403] State scheme set to already existing     scheme=path
INFO [03-24|03:45:11.403] Initialising Ethereum protocol           network=1337 dbversion=9
INFO [03-24|03:45:11.404] Load database journal from file          path=/home/CPerezz/bintrie-benchmarks/mpt-vs-bintrie/dbs/bt-gd5/geth/triedb/verkle.journal
INFO [03-24|03:45:16.040] Opened ancient database                  database=/home/CPerezz/bintrie-benchmarks/mpt-vs-bintrie/dbs/bt-gd5/geth/chaindata/ancient/state_verkle readonly=false
INFO [03-24|03:45:16.042] State snapshot generator is not found
INFO [03-24|03:45:16.042] Initialized path database                triecache=0.00B statecache=0.00B buffer=0.00B state-history="last 90000 blocks" journal-dir=/home/CPerezz/bintrie-benchmarks/mpt-vs-bintrie/dbs/bt-gd5/geth/triedb verkle=true
INFO [03-24|03:45:16.042] 
INFO [03-24|03:45:16.042] ---------------------------------------------------------------------------------------------------------------------------------------------------------
INFO [03-24|03:45:16.042] Chain ID:  1337 (unknown)
INFO [03-24|03:45:16.042] Consensus: unknown
INFO [03-24|03:45:16.042] 
INFO [03-24|03:45:16.042] Pre-Merge hard forks (block based):
INFO [03-24|03:45:16.042]  - Homestead:                   #0       
INFO [03-24|03:45:16.042]  - Tangerine Whistle (EIP 150): #0       
INFO [03-24|03:45:16.042]  - Spurious Dragon/1 (EIP 155): #0       
INFO [03-24|03:45:16.042]  - Spurious Dragon/2 (EIP 158): #0       
INFO [03-24|03:45:16.042]  - Byzantium:                   #0       
INFO [03-24|03:45:16.042]  - Constantinople:              #0       
INFO [03-24|03:45:16.042]  - Petersburg:                  #0       
INFO [03-24|03:45:16.042]  - Istanbul:                    #0       
INFO [03-24|03:45:16.042]  - Muir Glacier:                #0       
INFO [03-24|03:45:16.042]  - Berlin:                      #0       
INFO [03-24|03:45:16.042]  - London:                      #0       
INFO [03-24|03:45:16.043]  - Arrow Glacier:               #0       
INFO [03-24|03:45:16.043]  - Gray Glacier:                #0       
INFO [03-24|03:45:16.043] 
INFO [03-24|03:45:16.043] Merge configured:
INFO [03-24|03:45:16.043]  - Total terminal difficulty:  0
INFO [03-24|03:45:16.043]  - Merge netsplit block:       #0       
INFO [03-24|03:45:16.043] 
INFO [03-24|03:45:16.043] Post-Merge hard forks (timestamp based):
INFO [03-24|03:45:16.043]  - Shanghai:                    @0         
INFO [03-24|03:45:16.043]  - Cancun:                      @0          blob: (target: 3, max: 6, fraction: 3338477)
INFO [03-24|03:45:16.043]  - Prague:                      @0          blob: (target: 6, max: 9, fraction: 5225352)
INFO [03-24|03:45:16.043]  - Verkle:                      @0          blob: (nil)
INFO [03-24|03:45:16.043] 
INFO [03-24|03:45:16.043] All fork specifications can be found at https://ethereum.github.io/execution-specs/src/ethereum/forks/
INFO [03-24|03:45:16.043] 
INFO [03-24|03:45:16.043] ---------------------------------------------------------------------------------------------------------------------------------------------------------
INFO [03-24|03:45:16.043] 
INFO [03-24|03:45:16.044] Loaded most recent local block           number=25160 hash=ed599b..dd83a2 age=56s
INFO [03-24|03:45:16.044] Loaded most recent local finalized block number=25152 hash=3683c5..01b479 age=4m52s
INFO [03-24|03:45:16.045] Initialized transaction indexer          range="last 2350000 blocks"
INFO [03-24|03:45:16.046] Initialized log indexer                  firstblock=0 lastblock=25160 firstmap=0 lastmap=4 headindexed=true
INFO [03-24|03:45:16.049] Enabled full-sync                        head=25160 hash=ed599b..dd83a2
INFO [03-24|03:45:16.050] Unprotected transactions allowed
INFO [03-24|03:45:16.050] Gasprice oracle is ignoring threshold set threshold=2
WARN [03-24|03:45:16.051] Unclean shutdown detected                booted=2026-03-24T02:10:37+0100 age=1h34m39s
INFO [03-24|03:45:16.051] Registered sync override service
WARN [03-24|03:45:16.051] You are running Geth in --dev mode. Please note the following:
WARN [03-24|03:45:16.051] 
WARN [03-24|03:45:16.051]   1. This mode is only intended for fast, iterative development without assumptions on
WARN [03-24|03:45:16.051]      security or persistence.
WARN [03-24|03:45:16.051]   2. The database is created in memory unless specified otherwise. Therefore, shutting down
WARN [03-24|03:45:16.051]      your computer or losing power will wipe your entire block data and chain state for
WARN [03-24|03:45:16.051]      your dev environment.
WARN [03-24|03:45:16.051]   3. A random, pre-allocated developer account will be available and unlocked as
WARN [03-24|03:45:16.051]      eth.coinbase, which can be used for testing. The random dev account is temporary,
WARN [03-24|03:45:16.051]      stored on a ramdisk, and will be lost if your machine is restarted.
WARN [03-24|03:45:16.051]   4. Mining is enabled by default. However, the client will only seal blocks if transactions
WARN [03-24|03:45:16.051]      are pending in the mempool. The miner's minimum accepted gas price is 1.
WARN [03-24|03:45:16.051]   5. Networking is disabled; there is no listen-address, the maximum number of peers is set
WARN [03-24|03:45:16.051]      to 0, and discovery is disabled.
WARN [03-24|03:45:16.051] 
INFO [03-24|03:45:16.051] Starting peer-to-peer node               instance=Geth/v1.17.2-unstable-991300c4-20260319/linux-amd64/go1.24.1
WARN [03-24|03:45:16.051] P2P server will be useless, neither dialing nor listening
INFO [03-24|03:45:16.055] IPC endpoint opened                      url=/home/CPerezz/bintrie-benchmarks/mpt-vs-bintrie/dbs/bt-gd5/geth.ipc
ERROR[03-24|03:45:16.055] Unavailable modules in HTTP API list     unavailable=[personal] available="[admin debug web3 eth txpool miner net dev testing]"
INFO [03-24|03:45:16.056] HTTP server started                      endpoint=[::]:8545 auth=false prefix= cors= vhosts=localhost
INFO [03-24|03:45:16.056] WebSocket enabled                        url=ws://[::]:8546
INFO [03-24|03:45:16.056] New local node record                    seq=1,774,173,716,179 id=5ca20ce916776c2d ip=127.0.0.1 udp=0 tcp=0
INFO [03-24|03:45:16.056] Started P2P networking                   self=enode://1077caac14890773549d39754d8c8bc5e612fe651148195d9a07a9cf579886d29513235e655b87f0a9b698489f0fa6ab6844ce86094074ef6793d42e9b0e3c5f@127.0.0.1:0
INFO [03-24|03:45:16.195] Loaded local transaction journal         transactions=2385 dropped=0
INFO [03-24|03:45:17.851] Started log indexer
INFO [03-24|03:45:17.860] Starting work on payload                 id=0x03a4c609cb70d117
INFO [03-24|03:45:17.860] Updated payload                          id=0x03a4c609cb70d117 number=25161 hash=a704fb..8e721e txs=0 withdrawals=0 gas=0 fees=0 root=671822..fde208 elapsed="434.677µs"
INFO [03-24|03:45:17.860] Stopping work on payload                 id=0x03a4c609cb70d117 reason=delivery
WARN [03-24|03:45:17.861] {"level":"warn","msg":"Slow block","block":{"number":25161,"hash":"0xa704fba9c7b22d57d598e1614c47c6758a93627bd98a755d469012bbd48e721e","gas_used":0,"tx_count":0},"timing":{"execution_ms":0.01435,"state_read_ms":0.272648,"state_hash_ms":0.00062,"commit_ms":0.07763,"total_ms":0.456539},"throughput":{"mgas_per_sec":0},"state_reads":{"accounts":4,"storage_slots":0,"code":0,"code_bytes":0},"state_writes":{"accounts":0,"accounts_deleted":0,"storage_slots":0,"storage_slots_deleted":0,"code":0,"code_bytes":0},"cache":{"account":{"hits":0,"misses":4,"hit_rate":0},"storage":{"hits":0,"misses":0,"hit_rate":0},"code":{"hits":0,"misses":0,"hit_rate":0,"hit_bytes":0,"miss_bytes":0}}}
INFO [03-24|03:45:17.861] Imported new potential chain segment     number=25161 hash=a704fb..8e721e blocks=1 txs=0 mgas=0.000 elapsed="754.947µs" mgasps=0.000 triediffs=915.05MiB triedirty=0.00B
INFO [03-24|03:45:17.861] Chain head was updated                   number=25161 hash=a704fb..8e721e root=671822..fde208 elapsed="22.109µs"
INFO [03-24|03:45:18.126] Submitted contract creation              hash=0xb4e8a12f575f68bbcf136546db363777c8f7ee004a5f9967dd71b7fd489d6b11 from=0xf39Fd6e51aad88F6F4ce6aB8827279cffFb92266 nonce=144 contract=0x927b167526bAbB9be047421db732C663a0b77B11 value=0
INFO [03-24|03:45:18.128] Submitted transaction                    hash=0x85742e87e425eedb7ef52c091ea0e6d104928adf11a89cf81892b9a0c4bea51a from=0xf39Fd6e51aad88F6F4ce6aB8827279cffFb92266 nonce=145 recipient=0x9F14adaA339D57A63Ee9a1204F64Ceb931190D35 value=600,000,001,300,000,000
INFO [03-24|03:45:27.865] Starting work on payload                 id=0x038c2922285ffa44
WARN [03-24|03:45:29.919] Block building is interrupted            allowance=2s
INFO [03-24|03:45:30.367] Updated payload                          id=0x038c2922285ffa44 number=25162 hash=dbe6aa..a3d73c txs=5 withdrawals=0 gas=13,244,251 fees=0.02682315 root=eee55e..4148bb elapsed=2.502s
INFO [03-24|03:45:31.684] Paused snapshot generation
WARN [03-24|03:45:31.685] {"level":"warn","msg":"Slow block","block":{"number":25162,"hash":"0xdbe6aa7aeca94e1ad4dda35b720225ee5df8ed61900eeb9be0402ed6c4a3d73c","gas_used":13244251,"tx_count":5},"timing":{"execution_ms":30.671899,"state_read_ms":809.332331,"state_hash_ms":424.501455,"commit_ms":50.545288,"total_ms":1315.370292},"throughput":{"mgas_per_sec":10.068838471227995},"state_reads":{"accounts":16,"storage_slots":2224,"code":1,"code_bytes":1344},"state_writes":{"accounts":7,"accounts_deleted":0,"storage_slots":0,"storage_slots_deleted":0,"code":1,"code_bytes":72},"cache":{"account":{"hits":10,"misses":6,"hit_rate":62.5},"storage":{"hits":1606,"misses":618,"hit_rate":72.21223021582733},"code":{"hits":1,"misses":0,"hit_rate":100,"hit_bytes":1344,"miss_bytes":0}}}
INFO [03-24|03:45:31.685] Imported new potential chain segment     number=25162 hash=dbe6aa..a3d73c blocks=1 txs=5 mgas=13.244 elapsed=1.315s      mgasps=10.067 triediffs=907.91MiB triedirty=0.00B
INFO [03-24|03:45:31.686] Chain head was updated                   number=25162 hash=dbe6aa..a3d73c root=eee55e..4148bb elapsed="172.619µs"
WARN [03-24|03:45:31.749] Snapshot generation is not permitted
INFO [03-24|03:45:32.244] Submitted transaction                    hash=0xe675b6fed1d1d9d6ad4fa7b9432921e59b08430aca2bbfd3d686ffd4d8238573 from=0x9F14adaA339D57A63Ee9a1204F64Ceb931190D35 nonce=0   recipient=0x927b167526bAbB9be047421db732C663a0b77B11 value=0
WARN [03-24|03:45:32.505] Block building is interrupted            allowance=2s
INFO [03-24|03:45:33.160] Stopping work on payload                 id=0x038c2922285ffa44 reason=delivery
INFO [03-24|03:45:41.693] Starting work on payload                 id=0x0359629f37ef2162
WARN [03-24|03:46:00.199] Block building is interrupted            allowance=2s
INFO [03-24|03:46:00.200] Updated payload                          id=0x0359629f37ef2162 number=25163 hash=fe3701..af8273 txs=1 withdrawals=0 gas=100,000,000 fees=0.6000000005 root=8d6087..541ae9 elapsed=18.506s
INFO [03-24|03:46:00.200] Stopping work on payload                 id=0x0359629f37ef2162 reason=timeout
INFO [03-24|03:46:16.500] Paused snapshot generation
WARN [03-24|03:46:16.501] {"level":"warn","msg":"Slow block","block":{"number":25163,"hash":"0xfe3701127abb942ab5f1c60f1f8e33dc51fd626d118fb76cedb2ac130daf8273","gas_used":100000000,"tx_count":1},"timing":{"execution_ms":1827.345243,"state_read_ms":14409.166735,"state_hash_ms":0.540487,"commit_ms":62.301022,"total_ms":16299.494097},"throughput":{"mgas_per_sec":6.13515974206865},"state_reads":{"accounts":8,"storage_slots":36741,"code":2,"code_bytes":1416},"state_writes":{"accounts":2,"accounts_deleted":0,"storage_slots":0,"storage_slots_deleted":0,"code":0,"code_bytes":0},"cache":{"account":{"hits":3,"misses":5,"hit_rate":37.5},"storage":{"hits":8266,"misses":28475,"hit_rate":22.49802672763398},"code":{"hits":2,"misses":0,"hit_rate":100,"hit_bytes":1416,"miss_bytes":0}}}
INFO [03-24|03:46:16.501] Imported new potential chain segment     number=25163 hash=fe3701..af8273 blocks=1 txs=1 mgas=100.000 elapsed=16.300s     mgasps=6.135  triediffs=891.99MiB triedirty=0.00B
INFO [03-24|03:46:16.503] Chain head was updated                   number=25163 hash=fe3701..af8273 root=8d6087..541ae9 elapsed="71.19µs"
WARN [03-24|03:46:16.558] Snapshot generation is not permitted
