INFO [03-24|03:33:11.220] Starting Geth on Ethereum mainnet...
INFO [03-24|03:33:11.221] Maximum peer count                       ETH=0 total=0
INFO [03-24|03:33:11.222] Smartcard socket not found, disabling    err="stat /run/pcscd/pcscd.comm: no such file or directory"
WARN [03-24|03:33:11.224] Option --miner.etherbase is deprecated as the etherbase is set by the consensus client post-merge
WARN [03-24|03:33:11.225] Snap sync requested, resetting --cache.snapshot
INFO [03-24|03:33:11.225] Global gas cap disabled
INFO [03-24|03:33:11.869] Using developer account                  address=0xf39Fd6e51aad88F6F4ce6aB8827279cffFb92266
INFO [03-24|03:33:12.368] Using pebble as the backing database
INFO [03-24|03:33:12.368] Allocated cache and file handles         database=/home/CPerezz/bintrie-benchmarks/mpt-vs-bintrie/dbs/bt-gd5/geth/chaindata cache=16.00MiB handles=524,288
INFO [03-24|03:33:16.695] Opened ancient database                  database=/home/CPerezz/bintrie-benchmarks/mpt-vs-bintrie/dbs/bt-gd5/geth/chaindata/ancient/chain readonly=true
INFO [03-24|03:33:16.695] Opened Era store                         datadir=/home/CPerezz/bintrie-benchmarks/mpt-vs-bintrie/dbs/bt-gd5/geth/chaindata/ancient/chain/era
INFO [03-24|03:33:16.724] Initializing the KZG library             backend=gokzg
INFO [03-24|03:33:16.727] Allocated trie memory caches             clean=0.00B dirty=0.00B
INFO [03-24|03:33:16.918] Using pebble as the backing database
INFO [03-24|03:33:16.918] Allocated cache and file handles         database=/home/CPerezz/bintrie-benchmarks/mpt-vs-bintrie/dbs/bt-gd5/geth/chaindata cache=16.00MiB handles=524,288
INFO [03-24|03:33:19.694] Opened ancient database                  database=/home/CPerezz/bintrie-benchmarks/mpt-vs-bintrie/dbs/bt-gd5/geth/chaindata/ancient/chain readonly=false
INFO [03-24|03:33:19.694] Opened Era store                         datadir=/home/CPerezz/bintrie-benchmarks/mpt-vs-bintrie/dbs/bt-gd5/geth/chaindata/ancient/chain/era
INFO [03-24|03:33:19.697] State scheme set to already existing     scheme=path
INFO [03-24|03:33:19.697] Initialising Ethereum protocol           network=1337 dbversion=9
INFO [03-24|03:33:19.697] Load database journal from file          path=/home/CPerezz/bintrie-benchmarks/mpt-vs-bintrie/dbs/bt-gd5/geth/triedb/verkle.journal
INFO [03-24|03:33:25.203] Opened ancient database                  database=/home/CPerezz/bintrie-benchmarks/mpt-vs-bintrie/dbs/bt-gd5/geth/chaindata/ancient/state_verkle readonly=false
INFO [03-24|03:33:25.205] State snapshot generator is not found
INFO [03-24|03:33:25.205] Initialized path database                triecache=0.00B statecache=0.00B buffer=0.00B state-history="last 90000 blocks" journal-dir=/home/CPerezz/bintrie-benchmarks/mpt-vs-bintrie/dbs/bt-gd5/geth/triedb verkle=true
INFO [03-24|03:33:25.205] 
INFO [03-24|03:33:25.205] ---------------------------------------------------------------------------------------------------------------------------------------------------------
INFO [03-24|03:33:25.205] Chain ID:  1337 (unknown)
INFO [03-24|03:33:25.205] Consensus: unknown
INFO [03-24|03:33:25.205] 
INFO [03-24|03:33:25.205] Pre-Merge hard forks (block based):
INFO [03-24|03:33:25.205]  - Homestead:                   #0       
INFO [03-24|03:33:25.205]  - Tangerine Whistle (EIP 150): #0       
INFO [03-24|03:33:25.205]  - Spurious Dragon/1 (EIP 155): #0       
INFO [03-24|03:33:25.205]  - Spurious Dragon/2 (EIP 158): #0       
INFO [03-24|03:33:25.205]  - Byzantium:                   #0       
INFO [03-24|03:33:25.205]  - Constantinople:              #0       
INFO [03-24|03:33:25.205]  - Petersburg:                  #0       
INFO [03-24|03:33:25.205]  - Istanbul:                    #0       
INFO [03-24|03:33:25.205]  - Muir Glacier:                #0       
INFO [03-24|03:33:25.205]  - Berlin:                      #0       
INFO [03-24|03:33:25.205]  - London:                      #0       
INFO [03-24|03:33:25.205]  - Arrow Glacier:               #0       
INFO [03-24|03:33:25.205]  - Gray Glacier:                #0       
INFO [03-24|03:33:25.205] 
INFO [03-24|03:33:25.205] Merge configured:
INFO [03-24|03:33:25.205]  - Total terminal difficulty:  0
INFO [03-24|03:33:25.205]  - Merge netsplit block:       #0       
INFO [03-24|03:33:25.205] 
INFO [03-24|03:33:25.205] Post-Merge hard forks (timestamp based):
INFO [03-24|03:33:25.205]  - Shanghai:                    @0         
INFO [03-24|03:33:25.205]  - Cancun:                      @0          blob: (target: 3, max: 6, fraction: 3338477)
INFO [03-24|03:33:25.205]  - Prague:                      @0          blob: (target: 6, max: 9, fraction: 5225352)
INFO [03-24|03:33:25.205]  - Verkle:                      @0          blob: (nil)
INFO [03-24|03:33:25.205] 
INFO [03-24|03:33:25.205] All fork specifications can be found at https://ethereum.github.io/execution-specs/src/ethereum/forks/
INFO [03-24|03:33:25.205] 
INFO [03-24|03:33:25.205] ---------------------------------------------------------------------------------------------------------------------------------------------------------
INFO [03-24|03:33:25.205] 
INFO [03-24|03:33:25.206] Loaded most recent local block           number=25139 hash=4a559c..1ea340 age=1m
INFO [03-24|03:33:25.206] Loaded most recent local finalized block number=25120 hash=b7f64e..fc2403 age=38m27s
INFO [03-24|03:33:25.207] Initialized transaction indexer          range="last 2350000 blocks"
INFO [03-24|03:33:25.207] Initialized log indexer                  firstblock=0 lastblock=25139 firstmap=0 lastmap=4 headindexed=true
INFO [03-24|03:33:25.211] Enabled full-sync                        head=25139 hash=4a559c..1ea340
INFO [03-24|03:33:25.211] Unprotected transactions allowed
INFO [03-24|03:33:25.211] Gasprice oracle is ignoring threshold set threshold=2
WARN [03-24|03:33:25.211] Unclean shutdown detected                booted=2026-03-24T02:10:37+0100 age=1h22m48s
INFO [03-24|03:33:25.212] Registered sync override service
WARN [03-24|03:33:25.212] You are running Geth in --dev mode. Please note the following:
WARN [03-24|03:33:25.212] 
WARN [03-24|03:33:25.212]   1. This mode is only intended for fast, iterative development without assumptions on
WARN [03-24|03:33:25.212]      security or persistence.
WARN [03-24|03:33:25.212]   2. The database is created in memory unless specified otherwise. Therefore, shutting down
WARN [03-24|03:33:25.212]      your computer or losing power will wipe your entire block data and chain state for
WARN [03-24|03:33:25.212]      your dev environment.
WARN [03-24|03:33:25.212]   3. A random, pre-allocated developer account will be available and unlocked as
WARN [03-24|03:33:25.212]      eth.coinbase, which can be used for testing. The random dev account is temporary,
WARN [03-24|03:33:25.212]      stored on a ramdisk, and will be lost if your machine is restarted.
WARN [03-24|03:33:25.212]   4. Mining is enabled by default. However, the client will only seal blocks if transactions
WARN [03-24|03:33:25.212]      are pending in the mempool. The miner's minimum accepted gas price is 1.
WARN [03-24|03:33:25.212]   5. Networking is disabled; there is no listen-address, the maximum number of peers is set
WARN [03-24|03:33:25.212]      to 0, and discovery is disabled.
WARN [03-24|03:33:25.212] 
INFO [03-24|03:33:25.212] Starting peer-to-peer node               instance=Geth/v1.17.2-unstable-991300c4-20260319/linux-amd64/go1.24.1
WARN [03-24|03:33:25.212] P2P server will be useless, neither dialing nor listening
INFO [03-24|03:33:25.216] IPC endpoint opened                      url=/home/CPerezz/bintrie-benchmarks/mpt-vs-bintrie/dbs/bt-gd5/geth.ipc
ERROR[03-24|03:33:25.216] Unavailable modules in HTTP API list     unavailable=[personal] available="[admin debug web3 eth txpool miner net dev testing]"
INFO [03-24|03:33:25.217] New local node record                    seq=1,774,173,716,169 id=5ca20ce916776c2d ip=127.0.0.1 udp=0 tcp=0
INFO [03-24|03:33:25.217] Started P2P networking                   self=enode://1077caac14890773549d39754d8c8bc5e612fe651148195d9a07a9cf579886d29513235e655b87f0a9b698489f0fa6ab6844ce86094074ef6793d42e9b0e3c5f@127.0.0.1:0
INFO [03-24|03:33:25.217] HTTP server started                      endpoint=[::]:8545 auth=false prefix= cors= vhosts=localhost
INFO [03-24|03:33:25.218] WebSocket enabled                        url=ws://[::]:8546
INFO [03-24|03:33:25.435] Loaded local transaction journal         transactions=2355 dropped=0
INFO [03-24|03:33:26.571] Submitted contract creation              hash=0x272875a23549812986a88765cd2f12166e55ddca0c59a27f7801b96e3c8ccebb from=0xf39Fd6e51aad88F6F4ce6aB8827279cffFb92266 nonce=124 contract=0x457cCf29090fe5A24c19c1bc95F492168C0EaFdb value=0
INFO [03-24|03:33:26.573] Submitted transaction                    hash=0xd539fec92338496377a4abb31b62480c9416675cb0a7c2593718f08aa551a080 from=0xf39Fd6e51aad88F6F4ce6aB8827279cffFb92266 nonce=125 recipient=0x835FED60112741a226906F5Ce337017D83b21cb9 value=600,000,001,200,000,000
INFO [03-24|03:33:26.668] Started log indexer
INFO [03-24|03:33:26.678] Starting work on payload                 id=0x03c4fd35a781f1c9
INFO [03-24|03:33:26.684] Updated payload                          id=0x03c4fd35a781f1c9 number=25140 hash=4b2c67..5f38c2 txs=2 withdrawals=0 gas=83662 fees=0.0005019720003 root=abcfea..815faa elapsed=5.704ms
INFO [03-24|03:33:26.684] Stopping work on payload                 id=0x03c4fd35a781f1c9 reason=delivery
WARN [03-24|03:33:26.688] {"level":"warn","msg":"Slow block","block":{"number":25140,"hash":"0x4b2c67aaa8de3e04d27973075c1fe6c134094e93c6a2e2ccb7ece0db7b5f38c2","gas_used":83662,"tx_count":2},"timing":{"execution_ms":0.1755,"state_read_ms":1.919848,"state_hash_ms":1.151574,"commit_ms":0.265798,"total_ms":3.82411},"throughput":{"mgas_per_sec":21.87750875367079},"state_reads":{"accounts":12,"storage_slots":0,"code":0,"code_bytes":0},"state_writes":{"accounts":3,"accounts_deleted":0,"storage_slots":0,"storage_slots_deleted":0,"code":1,"code_bytes":72},"cache":{"account":{"hits":6,"misses":6,"hit_rate":50},"storage":{"hits":0,"misses":0,"hit_rate":0},"code":{"hits":0,"misses":0,"hit_rate":0,"hit_bytes":0,"miss_bytes":0}}}
INFO [03-24|03:33:26.688] Imported new potential chain segment     number=25140 hash=4b2c67..5f38c2 blocks=1 txs=2 mgas=0.084 elapsed=4.037ms mgasps=20.720 triediffs=1.04GiB triedirty=0.00B
INFO [03-24|03:33:26.688] Chain head was updated                   number=25140 hash=4b2c67..5f38c2 root=abcfea..815faa elapsed="123.74µs"
INFO [03-24|03:33:27.588] Submitted transaction                    hash=0x5bfa2669d7f767527f58112ad1eb4be34cda79b62174e5fbac89619ec9ae52d3 from=0x835FED60112741a226906F5Ce337017D83b21cb9 nonce=0   recipient=0x457cCf29090fe5A24c19c1bc95F492168C0EaFdb value=0
INFO [03-24|03:33:36.692] Starting work on payload                 id=0x034777d625385761
WARN [03-24|03:33:56.519] Block building is interrupted            allowance=2s
INFO [03-24|03:33:56.520] Updated payload                          id=0x034777d625385761 number=25141 hash=69a495..475c14 txs=1 withdrawals=0 gas=100,000,000 fees=0.6000000004    root=4f500e..a4b6df elapsed=19.828s
WARN [03-24|03:34:06.588] Block building is interrupted            allowance=2s
INFO [03-24|03:34:06.589] Stopping work on payload                 id=0x034777d625385761 reason=timeout
WARN [03-24|03:34:06.612] {"level":"warn","msg":"Slow block","block":{"number":25141,"hash":"0x69a495a192bd6bb9e9ba51b0806fad60e685bf69c83a46707a27585314475c14","gas_used":100000000,"tx_count":1},"timing":{"execution_ms":925.087639,"state_read_ms":9141.810259,"state_hash_ms":0.171639,"commit_ms":21.052629,"total_ms":10088.327016},"throughput":{"mgas_per_sec":9.912446319533542},"state_reads":{"accounts":8,"storage_slots":36741,"code":2,"code_bytes":1416},"state_writes":{"accounts":2,"accounts_deleted":0,"storage_slots":0,"storage_slots_deleted":0,"code":0,"code_bytes":0},"cache":{"account":{"hits":4,"misses":4,"hit_rate":50},"storage":{"hits":17515,"misses":19226,"hit_rate":47.6715386080945},"code":{"hits":2,"misses":0,"hit_rate":100,"hit_bytes":1416,"miss_bytes":0}}}
INFO [03-24|03:34:06.612] Imported new potential chain segment     number=25141 hash=69a495..475c14 blocks=1 txs=1 mgas=100.000 elapsed=10.088s    mgasps=9.912  triediffs=1.04GiB triedirty=0.00B
INFO [03-24|03:34:06.612] Chain head was updated                   number=25141 hash=69a495..475c14 root=4f500e..a4b6df elapsed="44.599µs"
