INFO [03-24|02:48:41.986] Starting Geth on Ethereum mainnet...
INFO [03-24|02:48:41.987] Maximum peer count                       ETH=0 total=0
INFO [03-24|02:48:41.988] Smartcard socket not found, disabling    err="stat /run/pcscd/pcscd.comm: no such file or directory"
WARN [03-24|02:48:41.989] Option --miner.etherbase is deprecated as the etherbase is set by the consensus client post-merge
WARN [03-24|02:48:41.990] Snap sync requested, resetting --cache.snapshot
INFO [03-24|02:48:41.991] Global gas cap disabled
INFO [03-24|02:48:42.632] Using developer account                  address=0xf39Fd6e51aad88F6F4ce6aB8827279cffFb92266
INFO [03-24|02:48:43.132] Using pebble as the backing database
INFO [03-24|02:48:43.132] Allocated cache and file handles         database=/home/CPerezz/bintrie-benchmarks/mpt-vs-bintrie/dbs/bt-gd5/geth/chaindata cache=16.00MiB handles=524,288
INFO [03-24|02:48:47.492] Opened ancient database                  database=/home/CPerezz/bintrie-benchmarks/mpt-vs-bintrie/dbs/bt-gd5/geth/chaindata/ancient/chain readonly=true
INFO [03-24|02:48:47.492] Opened Era store                         datadir=/home/CPerezz/bintrie-benchmarks/mpt-vs-bintrie/dbs/bt-gd5/geth/chaindata/ancient/chain/era
INFO [03-24|02:48:47.517] Initializing the KZG library             backend=gokzg
INFO [03-24|02:48:47.518] Allocated trie memory caches             clean=0.00B dirty=0.00B
INFO [03-24|02:48:47.704] Using pebble as the backing database
INFO [03-24|02:48:47.704] Allocated cache and file handles         database=/home/CPerezz/bintrie-benchmarks/mpt-vs-bintrie/dbs/bt-gd5/geth/chaindata cache=16.00MiB handles=524,288
INFO [03-24|02:48:50.518] Opened ancient database                  database=/home/CPerezz/bintrie-benchmarks/mpt-vs-bintrie/dbs/bt-gd5/geth/chaindata/ancient/chain readonly=false
INFO [03-24|02:48:50.518] Opened Era store                         datadir=/home/CPerezz/bintrie-benchmarks/mpt-vs-bintrie/dbs/bt-gd5/geth/chaindata/ancient/chain/era
INFO [03-24|02:48:50.521] State scheme set to already existing     scheme=path
INFO [03-24|02:48:50.521] Initialising Ethereum protocol           network=1337 dbversion=9
INFO [03-24|02:48:50.521] Load database journal from file          path=/home/CPerezz/bintrie-benchmarks/mpt-vs-bintrie/dbs/bt-gd5/geth/triedb/verkle.journal
INFO [03-24|02:48:54.315] Opened ancient database                  database=/home/CPerezz/bintrie-benchmarks/mpt-vs-bintrie/dbs/bt-gd5/geth/chaindata/ancient/state_verkle readonly=false
INFO [03-24|02:48:54.317] State snapshot generator is not found
INFO [03-24|02:48:54.317] Initialized path database                triecache=0.00B statecache=0.00B buffer=0.00B state-history="last 90000 blocks" journal-dir=/home/CPerezz/bintrie-benchmarks/mpt-vs-bintrie/dbs/bt-gd5/geth/triedb verkle=true
INFO [03-24|02:48:54.318] 
INFO [03-24|02:48:54.318] ---------------------------------------------------------------------------------------------------------------------------------------------------------
INFO [03-24|02:48:54.318] Chain ID:  1337 (unknown)
INFO [03-24|02:48:54.318] Consensus: unknown
INFO [03-24|02:48:54.318] 
INFO [03-24|02:48:54.318] Pre-Merge hard forks (block based):
INFO [03-24|02:48:54.318]  - Homestead:                   #0       
INFO [03-24|02:48:54.318]  - Tangerine Whistle (EIP 150): #0       
INFO [03-24|02:48:54.318]  - Spurious Dragon/1 (EIP 155): #0       
INFO [03-24|02:48:54.318]  - Spurious Dragon/2 (EIP 158): #0       
INFO [03-24|02:48:54.318]  - Byzantium:                   #0       
INFO [03-24|02:48:54.318]  - Constantinople:              #0       
INFO [03-24|02:48:54.318]  - Petersburg:                  #0       
INFO [03-24|02:48:54.318]  - Istanbul:                    #0       
INFO [03-24|02:48:54.318]  - Muir Glacier:                #0       
INFO [03-24|02:48:54.318]  - Berlin:                      #0       
INFO [03-24|02:48:54.318]  - London:                      #0       
INFO [03-24|02:48:54.318]  - Arrow Glacier:               #0       
INFO [03-24|02:48:54.318]  - Gray Glacier:                #0       
INFO [03-24|02:48:54.318] 
INFO [03-24|02:48:54.318] Merge configured:
INFO [03-24|02:48:54.318]  - Total terminal difficulty:  0
INFO [03-24|02:48:54.318]  - Merge netsplit block:       #0       
INFO [03-24|02:48:54.318] 
INFO [03-24|02:48:54.318] Post-Merge hard forks (timestamp based):
INFO [03-24|02:48:54.318]  - Shanghai:                    @0         
INFO [03-24|02:48:54.318]  - Cancun:                      @0          blob: (target: 3, max: 6, fraction: 3338477)
INFO [03-24|02:48:54.318]  - Prague:                      @0          blob: (target: 6, max: 9, fraction: 5225352)
INFO [03-24|02:48:54.318]  - Verkle:                      @0          blob: (nil)
INFO [03-24|02:48:54.318] 
INFO [03-24|02:48:54.318] All fork specifications can be found at https://ethereum.github.io/execution-specs/src/ethereum/forks/
INFO [03-24|02:48:54.318] 
INFO [03-24|02:48:54.318] ---------------------------------------------------------------------------------------------------------------------------------------------------------
INFO [03-24|02:48:54.318] 
INFO [03-24|02:48:54.319] Loaded most recent local block           number=25099 hash=5c4a64..33c1fb age=32s
INFO [03-24|02:48:54.319] Loaded most recent local finalized block number=25088 hash=20bf38..06c8b3 age=4m25s
INFO [03-24|02:48:54.320] Initialized transaction indexer          range="last 2350000 blocks"
INFO [03-24|02:48:54.320] Initialized log indexer                  firstblock=0 lastblock=25099 firstmap=0 lastmap=4 headindexed=true
INFO [03-24|02:48:54.324] Enabled full-sync                        head=25099 hash=5c4a64..33c1fb
INFO [03-24|02:48:54.324] Unprotected transactions allowed
INFO [03-24|02:48:54.324] Gasprice oracle is ignoring threshold set threshold=2
WARN [03-24|02:48:54.324] Unclean shutdown detected                booted=2026-03-24T02:10:37+0100 age=38m17s
INFO [03-24|02:48:54.324] Registered sync override service
WARN [03-24|02:48:54.325] You are running Geth in --dev mode. Please note the following:
WARN [03-24|02:48:54.325] 
WARN [03-24|02:48:54.325]   1. This mode is only intended for fast, iterative development without assumptions on
WARN [03-24|02:48:54.325]      security or persistence.
WARN [03-24|02:48:54.325]   2. The database is created in memory unless specified otherwise. Therefore, shutting down
WARN [03-24|02:48:54.325]      your computer or losing power will wipe your entire block data and chain state for
WARN [03-24|02:48:54.325]      your dev environment.
WARN [03-24|02:48:54.325]   3. A random, pre-allocated developer account will be available and unlocked as
WARN [03-24|02:48:54.325]      eth.coinbase, which can be used for testing. The random dev account is temporary,
WARN [03-24|02:48:54.325]      stored on a ramdisk, and will be lost if your machine is restarted.
WARN [03-24|02:48:54.325]   4. Mining is enabled by default. However, the client will only seal blocks if transactions
WARN [03-24|02:48:54.325]      are pending in the mempool. The miner's minimum accepted gas price is 1.
WARN [03-24|02:48:54.325]   5. Networking is disabled; there is no listen-address, the maximum number of peers is set
WARN [03-24|02:48:54.325]      to 0, and discovery is disabled.
WARN [03-24|02:48:54.325] 
INFO [03-24|02:48:54.325] Starting peer-to-peer node               instance=Geth/v1.17.2-unstable-991300c4-20260319/linux-amd64/go1.24.1
WARN [03-24|02:48:54.325] P2P server will be useless, neither dialing nor listening
INFO [03-24|02:48:54.331] New local node record                    seq=1,774,173,716,156 id=5ca20ce916776c2d ip=127.0.0.1 udp=0 tcp=0
INFO [03-24|02:48:54.331] Started P2P networking                   self=enode://1077caac14890773549d39754d8c8bc5e612fe651148195d9a07a9cf579886d29513235e655b87f0a9b698489f0fa6ab6844ce86094074ef6793d42e9b0e3c5f@127.0.0.1:0
INFO [03-24|02:48:54.331] IPC endpoint opened                      url=/home/CPerezz/bintrie-benchmarks/mpt-vs-bintrie/dbs/bt-gd5/geth.ipc
ERROR[03-24|02:48:54.331] Unavailable modules in HTTP API list     unavailable=[personal] available="[admin debug web3 eth txpool miner net dev testing]"
INFO [03-24|02:48:54.332] HTTP server started                      endpoint=[::]:8545 auth=false prefix= cors= vhosts=localhost
INFO [03-24|02:48:54.333] WebSocket enabled                        url=ws://[::]:8546
INFO [03-24|02:48:54.444] Loaded local transaction journal         transactions=2308 dropped=0
INFO [03-24|02:48:56.056] Started log indexer
INFO [03-24|02:48:56.066] Starting work on payload                 id=0x03dfd91cd11a3ff6
INFO [03-24|02:48:56.067] Updated payload                          id=0x03dfd91cd11a3ff6 number=25100 hash=4d4ec9..d6c988 txs=0 withdrawals=0 gas=0 fees=0 root=f67391..18013f elapsed="707.126µs"
INFO [03-24|02:48:56.067] Stopping work on payload                 id=0x03dfd91cd11a3ff6 reason=delivery
WARN [03-24|02:48:56.068] {"level":"warn","msg":"Slow block","block":{"number":25100,"hash":"0x4d4ec9653992cb0353c245f9452a45e0b3cef331bacb937b962bd38f68d6c988","gas_used":0,"tx_count":0},"timing":{"execution_ms":0.01061,"state_read_ms":0.563096,"state_hash_ms":0.00056,"commit_ms":0.08135,"total_ms":0.731437},"throughput":{"mgas_per_sec":0},"state_reads":{"accounts":4,"storage_slots":0,"code":0,"code_bytes":0},"state_writes":{"accounts":0,"accounts_deleted":0,"storage_slots":0,"storage_slots_deleted":0,"code":0,"code_bytes":0},"cache":{"account":{"hits":0,"misses":4,"hit_rate":0},"storage":{"hits":0,"misses":0,"hit_rate":0},"code":{"hits":0,"misses":0,"hit_rate":0,"hit_bytes":0,"miss_bytes":0}}}
INFO [03-24|02:48:56.068] Imported new potential chain segment     number=25100 hash=4d4ec9..d6c988 blocks=1 txs=0 mgas=0.000 elapsed="966.705µs" mgasps=0.000 triediffs=749.53MiB triedirty=0.00B
INFO [03-24|02:48:56.068] Chain head was updated                   number=25100 hash=4d4ec9..d6c988 root=f67391..18013f elapsed="27.1µs"
INFO [03-24|02:48:56.312] Submitted contract creation              hash=0xa0233a99c1a8797b68210b7729e15896d15b4c9215f7a284375e60ece48fe024 from=0xf39Fd6e51aad88F6F4ce6aB8827279cffFb92266 nonce=98 contract=0x5c74c94173F05dA1720953407cbb920F3DF9f887 value=0
INFO [03-24|02:48:56.314] Submitted transaction                    hash=0x00284f8096318fc921c2a5efc851552ae66905207870df7895ac53ef659d24a0 from=0xf39Fd6e51aad88F6F4ce6aB8827279cffFb92266 nonce=99 recipient=0x5A7A66Ba98d510184e0444BE5DC03aBBC1Aaa74d value=600,000,001,000,000,000
INFO [03-24|02:49:06.073] Starting work on payload                 id=0x03c4e80bc1c1be37
WARN [03-24|02:49:08.105] Block building is interrupted            allowance=2s
INFO [03-24|02:49:08.437] Updated payload                          id=0x03c4e80bc1c1be37 number=25101 hash=afd4f0..480210 txs=5 withdrawals=0 gas=13,244,347 fees=0.026823726 root=0a4c63..95244a elapsed=2.363s
WARN [03-24|02:49:09.717] {"level":"warn","msg":"Slow block","block":{"number":25101,"hash":"0xafd4f0d4d49ada1f74f8bd9b0372c4c4ba11cb71f3e2a71a6403143c40480210","gas_used":13244347,"tx_count":5},"timing":{"execution_ms":32.626067,"state_read_ms":808.802593,"state_hash_ms":391.891918,"commit_ms":43.021066,"total_ms":1276.554605},"throughput":{"mgas_per_sec":10.375072831294984},"state_reads":{"accounts":16,"storage_slots":2224,"code":1,"code_bytes":1344},"state_writes":{"accounts":7,"accounts_deleted":0,"storage_slots":0,"storage_slots_deleted":0,"code":1,"code_bytes":78},"cache":{"account":{"hits":10,"misses":6,"hit_rate":62.5},"storage":{"hits":1631,"misses":593,"hit_rate":73.33633093525181},"code":{"hits":1,"misses":0,"hit_rate":100,"hit_bytes":1344,"miss_bytes":0}}}
INFO [03-24|02:49:09.717] Imported new potential chain segment     number=25101 hash=afd4f0..480210 blocks=1 txs=5 mgas=13.244 elapsed=1.276s      mgasps=10.372 triediffs=758.25MiB triedirty=0.00B
INFO [03-24|02:49:09.719] Chain head was updated                   number=25101 hash=afd4f0..480210 root=0a4c63..95244a elapsed="194.849µs"
INFO [03-24|02:49:10.436] Submitted transaction                    hash=0x50524711d87ece5d391ae1202cf77d63a6ac0615c85c64fcae34e9e200fd8b61 from=0x5A7A66Ba98d510184e0444BE5DC03aBBC1Aaa74d nonce=0  recipient=0x5c74c94173F05dA1720953407cbb920F3DF9f887 value=0
WARN [03-24|02:49:10.947] Block building is interrupted            allowance=2s
INFO [03-24|02:49:11.586] Stopping work on payload                 id=0x03c4e80bc1c1be37 reason=delivery
INFO [03-24|02:49:19.724] Starting work on payload                 id=0x0359e31ce22a1117
WARN [03-24|02:49:22.538] Block building is interrupted            allowance=2s
INFO [03-24|02:49:23.199] Updated payload                          id=0x0359e31ce22a1117 number=25102 hash=af0a73..8a59a0 txs=1 withdrawals=0 gas=26,191,182 fees=0.1571470921 root=a79f96..970331 elapsed=3.474s
WARN [03-24|02:49:25.344] {"level":"warn","msg":"Slow block","block":{"number":25102,"hash":"0xaf0a7313cce9960fd6a6ed5accaf09533cbdc25bcfad6ca92e8ec7bccc8a59a0","gas_used":26191182,"tx_count":1},"timing":{"execution_ms":167.767615,"state_read_ms":1086.370567,"state_hash_ms":786.8587,"commit_ms":102.148761,"total_ms":2143.318453},"throughput":{"mgas_per_sec":12.219920919049727},"state_reads":{"accounts":8,"storage_slots":4094,"code":2,"code_bytes":1422},"state_writes":{"accounts":3,"accounts_deleted":0,"storage_slots":0,"storage_slots_deleted":0,"code":0,"code_bytes":0},"cache":{"account":{"hits":3,"misses":5,"hit_rate":37.5},"storage":{"hits":1391,"misses":2703,"hit_rate":33.97655105031754},"code":{"hits":2,"misses":0,"hit_rate":100,"hit_bytes":1422,"miss_bytes":0}}}
INFO [03-24|02:49:25.344] Imported new potential chain segment     number=25102 hash=af0a73..8a59a0 blocks=1 txs=1 mgas=26.191 elapsed=2.143s      mgasps=12.219 triediffs=773.46MiB triedirty=0.00B
INFO [03-24|02:49:25.345] Chain head was updated                   number=25102 hash=af0a73..8a59a0 root=a79f96..970331 elapsed="56.66µs"
INFO [03-24|02:49:25.530] Submitted transaction                    hash=0xd1b60114b8f8df63717309fa576093260d551046f698935acb8ad8515f1ebfb0 from=0x5A7A66Ba98d510184e0444BE5DC03aBBC1Aaa74d nonce=1  recipient=0xf39Fd6e51aad88F6F4ce6aB8827279cffFb92266 value=442,789,908,737,878,180
WARN [03-24|02:49:25.606] Block building is interrupted            allowance=2s
INFO [03-24|02:49:26.543] Stopping work on payload                 id=0x0359e31ce22a1117 reason=delivery
INFO [03-24|02:49:35.350] Starting work on payload                 id=0x035ca44a2ac6cb30
WARN [03-24|02:49:37.710] Block building is interrupted            allowance=2s
INFO [03-24|02:49:38.512] Updated payload                          id=0x035ca44a2ac6cb30 number=25103 hash=8deaff..6cb351 txs=9 withdrawals=0 gas=35,115,904 fees=0.070252808  root=58dd8f..03c1ef elapsed=3.162s
WARN [03-24|02:49:40.594] Block building is interrupted            allowance=2s
INFO [03-24|02:49:41.737] Stopping work on payload                 id=0x035ca44a2ac6cb30 reason=delivery
WARN [03-24|02:49:42.064] {"level":"warn","msg":"Slow block","block":{"number":25103,"hash":"0x8deaff5ad219303b961bb87e679a3e09b122a5da02b4fa6c22fab0d9436cb351","gas_used":35115904,"tx_count":9},"timing":{"execution_ms":66.931734,"state_read_ms":2250.701692,"state_hash_ms":1124.218599,"commit_ms":107.313902,"total_ms":3549.535486},"throughput":{"mgas_per_sec":9.89309844583985},"state_reads":{"accounts":12,"storage_slots":5926,"code":1,"code_bytes":1344},"state_writes":{"accounts":8,"accounts_deleted":0,"storage_slots":0,"storage_slots_deleted":0,"code":0,"code_bytes":0},"cache":{"account":{"hits":8,"misses":4,"hit_rate":66.66666666666666},"storage":{"hits":5186,"misses":740,"hit_rate":87.51265609179886},"code":{"hits":1,"misses":0,"hit_rate":100,"hit_bytes":1344,"miss_bytes":0}}}
INFO [03-24|02:49:42.064] Imported new potential chain segment     number=25103 hash=8deaff..6cb351 blocks=1 txs=9 mgas=35.116 elapsed=3.549s      mgasps=9.892  triediffs=794.90MiB triedirty=0.00B
INFO [03-24|02:49:42.065] Chain head was updated                   number=25103 hash=8deaff..6cb351 root=58dd8f..03c1ef elapsed="97.32µs"
