INFO [03-24|02:49:55.016] Starting Geth on Ethereum mainnet...
INFO [03-24|02:49:55.018] Maximum peer count                       ETH=0 total=0
INFO [03-24|02:49:55.019] Smartcard socket not found, disabling    err="stat /run/pcscd/pcscd.comm: no such file or directory"
WARN [03-24|02:49:55.020] Option --miner.etherbase is deprecated as the etherbase is set by the consensus client post-merge
WARN [03-24|02:49:55.022] Snap sync requested, resetting --cache.snapshot
INFO [03-24|02:49:55.022] Global gas cap disabled
INFO [03-24|02:49:55.666] Using developer account                  address=0xf39Fd6e51aad88F6F4ce6aB8827279cffFb92266
INFO [03-24|02:49:56.166] Using pebble as the backing database
INFO [03-24|02:49:56.166] Allocated cache and file handles         database=/home/CPerezz/bintrie-benchmarks/mpt-vs-bintrie/dbs/bt-gd5/geth/chaindata cache=16.00MiB handles=524,288
INFO [03-24|02:50:00.491] Opened ancient database                  database=/home/CPerezz/bintrie-benchmarks/mpt-vs-bintrie/dbs/bt-gd5/geth/chaindata/ancient/chain readonly=true
INFO [03-24|02:50:00.491] Opened Era store                         datadir=/home/CPerezz/bintrie-benchmarks/mpt-vs-bintrie/dbs/bt-gd5/geth/chaindata/ancient/chain/era
INFO [03-24|02:50:00.520] Initializing the KZG library             backend=gokzg
INFO [03-24|02:50:00.521] Allocated trie memory caches             clean=0.00B dirty=0.00B
INFO [03-24|02:50:00.688] Using pebble as the backing database
INFO [03-24|02:50:00.688] Allocated cache and file handles         database=/home/CPerezz/bintrie-benchmarks/mpt-vs-bintrie/dbs/bt-gd5/geth/chaindata cache=16.00MiB handles=524,288
INFO [03-24|02:50:03.473] Opened ancient database                  database=/home/CPerezz/bintrie-benchmarks/mpt-vs-bintrie/dbs/bt-gd5/geth/chaindata/ancient/chain readonly=false
INFO [03-24|02:50:03.473] Opened Era store                         datadir=/home/CPerezz/bintrie-benchmarks/mpt-vs-bintrie/dbs/bt-gd5/geth/chaindata/ancient/chain/era
INFO [03-24|02:50:03.476] State scheme set to already existing     scheme=path
INFO [03-24|02:50:03.476] Initialising Ethereum protocol           network=1337 dbversion=9
INFO [03-24|02:50:03.477] Load database journal from file          path=/home/CPerezz/bintrie-benchmarks/mpt-vs-bintrie/dbs/bt-gd5/geth/triedb/verkle.journal
INFO [03-24|02:50:07.442] Opened ancient database                  database=/home/CPerezz/bintrie-benchmarks/mpt-vs-bintrie/dbs/bt-gd5/geth/chaindata/ancient/state_verkle readonly=false
INFO [03-24|02:50:07.444] State snapshot generator is not found
INFO [03-24|02:50:07.444] Initialized path database                triecache=0.00B statecache=0.00B buffer=0.00B state-history="last 90000 blocks" journal-dir=/home/CPerezz/bintrie-benchmarks/mpt-vs-bintrie/dbs/bt-gd5/geth/triedb verkle=true
INFO [03-24|02:50:07.444] 
INFO [03-24|02:50:07.444] ---------------------------------------------------------------------------------------------------------------------------------------------------------
INFO [03-24|02:50:07.444] Chain ID:  1337 (unknown)
INFO [03-24|02:50:07.444] Consensus: unknown
INFO [03-24|02:50:07.444] 
INFO [03-24|02:50:07.444] Pre-Merge hard forks (block based):
INFO [03-24|02:50:07.444]  - Homestead:                   #0       
INFO [03-24|02:50:07.444]  - Tangerine Whistle (EIP 150): #0       
INFO [03-24|02:50:07.444]  - Spurious Dragon/1 (EIP 155): #0       
INFO [03-24|02:50:07.444]  - Spurious Dragon/2 (EIP 158): #0       
INFO [03-24|02:50:07.444]  - Byzantium:                   #0       
INFO [03-24|02:50:07.444]  - Constantinople:              #0       
INFO [03-24|02:50:07.444]  - Petersburg:                  #0       
INFO [03-24|02:50:07.444]  - Istanbul:                    #0       
INFO [03-24|02:50:07.444]  - Muir Glacier:                #0       
INFO [03-24|02:50:07.444]  - Berlin:                      #0       
INFO [03-24|02:50:07.444]  - London:                      #0       
INFO [03-24|02:50:07.444]  - Arrow Glacier:               #0       
INFO [03-24|02:50:07.444]  - Gray Glacier:                #0       
INFO [03-24|02:50:07.444] 
INFO [03-24|02:50:07.444] Merge configured:
INFO [03-24|02:50:07.444]  - Total terminal difficulty:  0
INFO [03-24|02:50:07.444]  - Merge netsplit block:       #0       
INFO [03-24|02:50:07.444] 
INFO [03-24|02:50:07.444] Post-Merge hard forks (timestamp based):
INFO [03-24|02:50:07.444]  - Shanghai:                    @0         
INFO [03-24|02:50:07.444]  - Cancun:                      @0          blob: (target: 3, max: 6, fraction: 3338477)
INFO [03-24|02:50:07.444]  - Prague:                      @0          blob: (target: 6, max: 9, fraction: 5225352)
INFO [03-24|02:50:07.444]  - Verkle:                      @0          blob: (nil)
INFO [03-24|02:50:07.444] 
INFO [03-24|02:50:07.444] All fork specifications can be found at https://ethereum.github.io/execution-specs/src/ethereum/forks/
INFO [03-24|02:50:07.444] 
INFO [03-24|02:50:07.444] ---------------------------------------------------------------------------------------------------------------------------------------------------------
INFO [03-24|02:50:07.444] 
INFO [03-24|02:50:07.445] Loaded most recent local block           number=25103 hash=8deaff..6cb351 age=32s
INFO [03-24|02:50:07.445] Loaded most recent local finalized block number=25088 hash=20bf38..06c8b3 age=5m38s
INFO [03-24|02:50:07.447] Initialized transaction indexer          range="last 2350000 blocks"
INFO [03-24|02:50:07.447] Initialized log indexer                  firstblock=0 lastblock=25103 firstmap=0 lastmap=4 headindexed=true
INFO [03-24|02:50:07.450] Enabled full-sync                        head=25103 hash=8deaff..6cb351
INFO [03-24|02:50:07.450] Unprotected transactions allowed
INFO [03-24|02:50:07.450] Gasprice oracle is ignoring threshold set threshold=2
WARN [03-24|02:50:07.451] Unclean shutdown detected                booted=2026-03-24T02:10:37+0100 age=39m30s
INFO [03-24|02:50:07.451] Registered sync override service
WARN [03-24|02:50:07.451] You are running Geth in --dev mode. Please note the following:
WARN [03-24|02:50:07.451] 
WARN [03-24|02:50:07.451]   1. This mode is only intended for fast, iterative development without assumptions on
WARN [03-24|02:50:07.451]      security or persistence.
WARN [03-24|02:50:07.451]   2. The database is created in memory unless specified otherwise. Therefore, shutting down
WARN [03-24|02:50:07.451]      your computer or losing power will wipe your entire block data and chain state for
WARN [03-24|02:50:07.451]      your dev environment.
WARN [03-24|02:50:07.451]   3. A random, pre-allocated developer account will be available and unlocked as
WARN [03-24|02:50:07.451]      eth.coinbase, which can be used for testing. The random dev account is temporary,
WARN [03-24|02:50:07.451]      stored on a ramdisk, and will be lost if your machine is restarted.
WARN [03-24|02:50:07.451]   4. Mining is enabled by default. However, the client will only seal blocks if transactions
WARN [03-24|02:50:07.451]      are pending in the mempool. The miner's minimum accepted gas price is 1.
WARN [03-24|02:50:07.451]   5. Networking is disabled; there is no listen-address, the maximum number of peers is set
WARN [03-24|02:50:07.451]      to 0, and discovery is disabled.
WARN [03-24|02:50:07.451] 
INFO [03-24|02:50:07.451] Starting peer-to-peer node               instance=Geth/v1.17.2-unstable-991300c4-20260319/linux-amd64/go1.24.1
WARN [03-24|02:50:07.451] P2P server will be useless, neither dialing nor listening
INFO [03-24|02:50:07.456] IPC endpoint opened                      url=/home/CPerezz/bintrie-benchmarks/mpt-vs-bintrie/dbs/bt-gd5/geth.ipc
ERROR[03-24|02:50:07.456] Unavailable modules in HTTP API list     unavailable=[personal] available="[admin debug web3 eth txpool miner net dev testing]"
INFO [03-24|02:50:07.456] HTTP server started                      endpoint=[::]:8545 auth=false prefix= cors= vhosts=localhost
INFO [03-24|02:50:07.456] WebSocket enabled                        url=ws://[::]:8546
INFO [03-24|02:50:07.456] New local node record                    seq=1,774,173,716,157 id=5ca20ce916776c2d ip=127.0.0.1 udp=0 tcp=0
INFO [03-24|02:50:07.457] Started P2P networking                   self=enode://1077caac14890773549d39754d8c8bc5e612fe651148195d9a07a9cf579886d29513235e655b87f0a9b698489f0fa6ab6844ce86094074ef6793d42e9b0e3c5f@127.0.0.1:0
INFO [03-24|02:50:07.567] Loaded local transaction journal         transactions=2312 dropped=0
INFO [03-24|02:50:09.267] Started log indexer
INFO [03-24|02:50:09.277] Starting work on payload                 id=0x0360bcd7e88d29c0
INFO [03-24|02:50:09.278] Updated payload                          id=0x0360bcd7e88d29c0 number=25104 hash=5b3299..2b46fb txs=0 withdrawals=0 gas=0 fees=0 root=58dd8f..03c1ef elapsed="812.275µs"
INFO [03-24|02:50:09.278] Stopping work on payload                 id=0x0360bcd7e88d29c0 reason=delivery
WARN [03-24|02:50:09.280] {"level":"warn","msg":"Slow block","block":{"number":25104,"hash":"0x5b329976f384488cd6edcff0a870039ff44ad9f3b824a457af596f8b4d2b46fb","gas_used":0,"tx_count":0},"timing":{"execution_ms":0.01746,"state_read_ms":0.601726,"state_hash_ms":0.00078,"commit_ms":0.100779,"total_ms":0.814626},"throughput":{"mgas_per_sec":0},"state_reads":{"accounts":4,"storage_slots":0,"code":0,"code_bytes":0},"state_writes":{"accounts":0,"accounts_deleted":0,"storage_slots":0,"storage_slots_deleted":0,"code":0,"code_bytes":0},"cache":{"account":{"hits":0,"misses":4,"hit_rate":0},"storage":{"hits":0,"misses":0,"hit_rate":0},"code":{"hits":0,"misses":0,"hit_rate":0,"hit_bytes":0,"miss_bytes":0}}}
INFO [03-24|02:50:09.280] Imported new potential chain segment     number=25104 hash=5b3299..2b46fb blocks=1 txs=0 mgas=0.000 elapsed=1.109ms     mgasps=0.000 triediffs=793.35MiB triedirty=0.00B
INFO [03-24|02:50:09.280] Chain head was updated                   number=25104 hash=5b3299..2b46fb root=58dd8f..03c1ef elapsed="26.92µs"
INFO [03-24|02:50:09.339] Submitted contract creation              hash=0xb433e873336ef1c26dd1e6564d3a36db93953ea2cc1163fbfac4a415b5718157 from=0xf39Fd6e51aad88F6F4ce6aB8827279cffFb92266 nonce=100 contract=0xe8D2A1E88c91DCd5433208d4152Cc4F399a7e91d value=0
INFO [03-24|02:50:09.341] Submitted transaction                    hash=0x9a9574bc0f6f29afdab567b5edb8a3cb41be7dfc8d928121005e7c88a8a4ddd5 from=0xf39Fd6e51aad88F6F4ce6aB8827279cffFb92266 nonce=101 recipient=0xC11143BA98b2BB24210F7f1ABa1Bb5CEd445Ca1A value=600,000,001,000,000,000
INFO [03-24|02:50:19.282] Starting work on payload                 id=0x03bc0386f94ae90d
WARN [03-24|02:50:21.838] Block building is interrupted            allowance=2s
INFO [03-24|02:50:22.251] Updated payload                          id=0x03bc0386f94ae90d number=25105 hash=789c07..cae9e3 txs=6 withdrawals=0 gas=17,631,210 fees=0.035597452 root=a8cce2..f30bf2 elapsed=2.968s
WARN [03-24|02:50:23.908] {"level":"warn","msg":"Slow block","block":{"number":25105,"hash":"0x789c07542616f3ef73f4d51e8040fa2b5779f03f3678a41f423347ccd4cae9e3","gas_used":17631210,"tx_count":6},"timing":{"execution_ms":36.945613,"state_read_ms":1021.949458,"state_hash_ms":497.412452,"commit_ms":96.740002,"total_ms":1653.247175},"throughput":{"mgas_per_sec":10.664594058659135},"state_reads":{"accounts":16,"storage_slots":2964,"code":1,"code_bytes":1344},"state_writes":{"accounts":7,"accounts_deleted":0,"storage_slots":0,"storage_slots_deleted":0,"code":1,"code_bytes":78},"cache":{"account":{"hits":10,"misses":6,"hit_rate":62.5},"storage":{"hits":2328,"misses":636,"hit_rate":78.54251012145748},"code":{"hits":1,"misses":0,"hit_rate":100,"hit_bytes":1344,"miss_bytes":0}}}
INFO [03-24|02:50:23.908] Imported new potential chain segment     number=25105 hash=789c07..cae9e3 blocks=1 txs=6 mgas=17.631 elapsed=1.653s      mgasps=10.662 triediffs=804.69MiB triedirty=0.00B
INFO [03-24|02:50:23.909] Chain head was updated                   number=25105 hash=789c07..cae9e3 root=a8cce2..f30bf2 elapsed="439.387µs"
WARN [03-24|02:50:24.464] Block building is interrupted            allowance=2s
INFO [03-24|02:50:24.469] Submitted transaction                    hash=0xb4efe33ac38971510aa5ef77266b24eec4da6bc14acc6398bb4292de0bb1f0f4 from=0xC11143BA98b2BB24210F7f1ABa1Bb5CEd445Ca1A nonce=0   recipient=0xe8D2A1E88c91DCd5433208d4152Cc4F399a7e91d value=0
INFO [03-24|02:50:25.203] Stopping work on payload                 id=0x03bc0386f94ae90d reason=delivery
INFO [03-24|02:50:33.916] Starting work on payload                 id=0x03df34879da92c8f
WARN [03-24|02:50:36.724] Block building is interrupted            allowance=2s
INFO [03-24|02:50:37.379] Updated payload                          id=0x03df34879da92c8f number=25106 hash=a473d3..fdbdc7 txs=1 withdrawals=0 gas=26,191,182 fees=0.1571470921 root=8da344..3d16ee elapsed=3.463s
WARN [03-24|02:50:39.333] {"level":"warn","msg":"Slow block","block":{"number":25106,"hash":"0xa473d307dcfd2d8fe86f2dad3613eb36b985aa0fae77fbda54e008e11bfdbdc7","gas_used":26191182,"tx_count":1},"timing":{"execution_ms":139.527676,"state_read_ms":1016.044649,"state_hash_ms":746.900679,"commit_ms":49.35543,"total_ms":1952.077883},"throughput":{"mgas_per_sec":13.417078400452324},"state_reads":{"accounts":8,"storage_slots":4094,"code":2,"code_bytes":1422},"state_writes":{"accounts":3,"accounts_deleted":0,"storage_slots":0,"storage_slots_deleted":0,"code":0,"code_bytes":0},"cache":{"account":{"hits":3,"misses":5,"hit_rate":37.5},"storage":{"hits":2566,"misses":1528,"hit_rate":62.6770884220811},"code":{"hits":2,"misses":0,"hit_rate":100,"hit_bytes":1422,"miss_bytes":0}}}
INFO [03-24|02:50:39.333] Imported new potential chain segment     number=25106 hash=a473d3..fdbdc7 blocks=1 txs=1 mgas=26.191 elapsed=1.952s      mgasps=13.415 triediffs=819.92MiB triedirty=0.00B
INFO [03-24|02:50:39.335] Chain head was updated                   number=25106 hash=a473d3..fdbdc7 root=8da344..3d16ee elapsed="107.879µs"
WARN [03-24|02:50:39.507] Block building is interrupted            allowance=2s
INFO [03-24|02:50:39.572] Submitted transaction                    hash=0x2b109c8f73a73fda6697197e816e6ca3b8d409f660aa6d978b49d045c6481c41 from=0xC11143BA98b2BB24210F7f1ABa1Bb5CEd445Ca1A nonce=1   recipient=0xf39Fd6e51aad88F6F4ce6aB8827279cffFb92266 value=442,789,908,737,878,180
INFO [03-24|02:50:40.379] Stopping work on payload                 id=0x03df34879da92c8f reason=delivery
INFO [03-24|02:50:49.341] Starting work on payload                 id=0x032de8e6245ecaf5
WARN [03-24|02:50:51.713] Block building is interrupted            allowance=2s
INFO [03-24|02:50:52.297] Updated payload                          id=0x032de8e6245ecaf5 number=25107 hash=843196..7a841e txs=8 withdrawals=0 gas=30,729,041 fees=0.061479082  root=0385d1..e4d6bc elapsed=2.956s
WARN [03-24|02:50:54.502] Block building is interrupted            allowance=2s
INFO [03-24|02:50:55.617] Stopping work on payload                 id=0x032de8e6245ecaf5 reason=delivery
WARN [03-24|02:50:55.724] {"level":"warn","msg":"Slow block","block":{"number":25107,"hash":"0x843196f74dbf36c056333b9dac48ee8cdef63acacb9d206074043345027a841e","gas_used":30729041,"tx_count":8},"timing":{"execution_ms":68.896709,"state_read_ms":2130.181006,"state_hash_ms":1118.761504,"commit_ms":106.605646,"total_ms":3424.771363},"throughput":{"mgas_per_sec":8.972581741363971},"state_reads":{"accounts":12,"storage_slots":5186,"code":1,"code_bytes":1344},"state_writes":{"accounts":8,"accounts_deleted":0,"storage_slots":0,"storage_slots_deleted":0,"code":0,"code_bytes":0},"cache":{"account":{"hits":8,"misses":4,"hit_rate":66.66666666666666},"storage":{"hits":4446,"misses":740,"hit_rate":85.73081372927112},"code":{"hits":1,"misses":0,"hit_rate":100,"hit_bytes":1344,"miss_bytes":0}}}
INFO [03-24|02:50:55.724] Imported new potential chain segment     number=25107 hash=843196..7a841e blocks=1 txs=8 mgas=30.729 elapsed=3.425s      mgasps=8.972  triediffs=838.87MiB triedirty=0.00B
INFO [03-24|02:50:55.725] Chain head was updated                   number=25107 hash=843196..7a841e root=0385d1..e4d6bc elapsed="145.289µs"
