INFO [03-24|02:42:51.960] Starting Geth on Ethereum mainnet...
INFO [03-24|02:42:51.961] Maximum peer count                       ETH=0 total=0
INFO [03-24|02:42:51.962] Smartcard socket not found, disabling    err="stat /run/pcscd/pcscd.comm: no such file or directory"
WARN [03-24|02:42:51.963] Option --miner.etherbase is deprecated as the etherbase is set by the consensus client post-merge
WARN [03-24|02:42:51.966] Snap sync requested, resetting --cache.snapshot
INFO [03-24|02:42:51.966] Global gas cap disabled
INFO [03-24|02:42:52.611] Using developer account                  address=0xf39Fd6e51aad88F6F4ce6aB8827279cffFb92266
INFO [03-24|02:42:53.111] Using pebble as the backing database
INFO [03-24|02:42:53.111] Allocated cache and file handles         database=/home/CPerezz/bintrie-benchmarks/mpt-vs-bintrie/dbs/bt-gd5/geth/chaindata cache=16.00MiB handles=524,288
INFO [03-24|02:42:57.478] Opened ancient database                  database=/home/CPerezz/bintrie-benchmarks/mpt-vs-bintrie/dbs/bt-gd5/geth/chaindata/ancient/chain readonly=true
INFO [03-24|02:42:57.478] Opened Era store                         datadir=/home/CPerezz/bintrie-benchmarks/mpt-vs-bintrie/dbs/bt-gd5/geth/chaindata/ancient/chain/era
INFO [03-24|02:42:57.501] Initializing the KZG library             backend=gokzg
INFO [03-24|02:42:57.503] Allocated trie memory caches             clean=0.00B dirty=0.00B
INFO [03-24|02:42:57.710] Using pebble as the backing database
INFO [03-24|02:42:57.710] Allocated cache and file handles         database=/home/CPerezz/bintrie-benchmarks/mpt-vs-bintrie/dbs/bt-gd5/geth/chaindata cache=16.00MiB handles=524,288
INFO [03-24|02:43:00.649] Opened ancient database                  database=/home/CPerezz/bintrie-benchmarks/mpt-vs-bintrie/dbs/bt-gd5/geth/chaindata/ancient/chain readonly=false
INFO [03-24|02:43:00.649] Opened Era store                         datadir=/home/CPerezz/bintrie-benchmarks/mpt-vs-bintrie/dbs/bt-gd5/geth/chaindata/ancient/chain/era
INFO [03-24|02:43:00.651] State scheme set to already existing     scheme=path
INFO [03-24|02:43:00.652] Initialising Ethereum protocol           network=1337 dbversion=9
INFO [03-24|02:43:00.652] Load database journal from file          path=/home/CPerezz/bintrie-benchmarks/mpt-vs-bintrie/dbs/bt-gd5/geth/triedb/verkle.journal
INFO [03-24|02:43:03.738] Opened ancient database                  database=/home/CPerezz/bintrie-benchmarks/mpt-vs-bintrie/dbs/bt-gd5/geth/chaindata/ancient/state_verkle readonly=false
INFO [03-24|02:43:03.739] State snapshot generator is not found
INFO [03-24|02:43:03.739] Initialized path database                triecache=0.00B statecache=0.00B buffer=0.00B state-history="last 90000 blocks" journal-dir=/home/CPerezz/bintrie-benchmarks/mpt-vs-bintrie/dbs/bt-gd5/geth/triedb verkle=true
INFO [03-24|02:43:03.740] 
INFO [03-24|02:43:03.740] ---------------------------------------------------------------------------------------------------------------------------------------------------------
INFO [03-24|02:43:03.740] Chain ID:  1337 (unknown)
INFO [03-24|02:43:03.740] Consensus: unknown
INFO [03-24|02:43:03.740] 
INFO [03-24|02:43:03.740] Pre-Merge hard forks (block based):
INFO [03-24|02:43:03.740]  - Homestead:                   #0       
INFO [03-24|02:43:03.740]  - Tangerine Whistle (EIP 150): #0       
INFO [03-24|02:43:03.740]  - Spurious Dragon/1 (EIP 155): #0       
INFO [03-24|02:43:03.740]  - Spurious Dragon/2 (EIP 158): #0       
INFO [03-24|02:43:03.740]  - Byzantium:                   #0       
INFO [03-24|02:43:03.740]  - Constantinople:              #0       
INFO [03-24|02:43:03.740]  - Petersburg:                  #0       
INFO [03-24|02:43:03.740]  - Istanbul:                    #0       
INFO [03-24|02:43:03.740]  - Muir Glacier:                #0       
INFO [03-24|02:43:03.740]  - Berlin:                      #0       
INFO [03-24|02:43:03.740]  - London:                      #0       
INFO [03-24|02:43:03.740]  - Arrow Glacier:               #0       
INFO [03-24|02:43:03.740]  - Gray Glacier:                #0       
INFO [03-24|02:43:03.740] 
INFO [03-24|02:43:03.740] Merge configured:
INFO [03-24|02:43:03.740]  - Total terminal difficulty:  0
INFO [03-24|02:43:03.740]  - Merge netsplit block:       #0       
INFO [03-24|02:43:03.740] 
INFO [03-24|02:43:03.740] Post-Merge hard forks (timestamp based):
INFO [03-24|02:43:03.740]  - Shanghai:                    @0         
INFO [03-24|02:43:03.740]  - Cancun:                      @0          blob: (target: 3, max: 6, fraction: 3338477)
INFO [03-24|02:43:03.740]  - Prague:                      @0          blob: (target: 6, max: 9, fraction: 5225352)
INFO [03-24|02:43:03.740]  - Verkle:                      @0          blob: (nil)
INFO [03-24|02:43:03.740] 
INFO [03-24|02:43:03.740] All fork specifications can be found at https://ethereum.github.io/execution-specs/src/ethereum/forks/
INFO [03-24|02:43:03.740] 
INFO [03-24|02:43:03.740] ---------------------------------------------------------------------------------------------------------------------------------------------------------
INFO [03-24|02:43:03.740] 
INFO [03-24|02:43:03.741] Loaded most recent local block           number=25083 hash=d1131e..b2ecf1 age=29s
INFO [03-24|02:43:03.741] Loaded most recent local finalized block number=25056 hash=37bdc2..a63c19 age=11m48s
INFO [03-24|02:43:03.742] Initialized transaction indexer          range="last 2350000 blocks"
INFO [03-24|02:43:03.742] Initialized log indexer                  firstblock=0 lastblock=25083 firstmap=0 lastmap=4 headindexed=true
INFO [03-24|02:43:03.746] Enabled full-sync                        head=25083 hash=d1131e..b2ecf1
INFO [03-24|02:43:03.746] Unprotected transactions allowed
INFO [03-24|02:43:03.746] Gasprice oracle is ignoring threshold set threshold=2
WARN [03-24|02:43:03.746] Unclean shutdown detected                booted=2026-03-24T02:10:37+0100 age=32m26s
INFO [03-24|02:43:03.746] Registered sync override service
WARN [03-24|02:43:03.746] You are running Geth in --dev mode. Please note the following:
WARN [03-24|02:43:03.746] 
WARN [03-24|02:43:03.746]   1. This mode is only intended for fast, iterative development without assumptions on
WARN [03-24|02:43:03.746]      security or persistence.
WARN [03-24|02:43:03.746]   2. The database is created in memory unless specified otherwise. Therefore, shutting down
WARN [03-24|02:43:03.746]      your computer or losing power will wipe your entire block data and chain state for
WARN [03-24|02:43:03.746]      your dev environment.
WARN [03-24|02:43:03.746]   3. A random, pre-allocated developer account will be available and unlocked as
WARN [03-24|02:43:03.746]      eth.coinbase, which can be used for testing. The random dev account is temporary,
WARN [03-24|02:43:03.746]      stored on a ramdisk, and will be lost if your machine is restarted.
WARN [03-24|02:43:03.746]   4. Mining is enabled by default. However, the client will only seal blocks if transactions
WARN [03-24|02:43:03.746]      are pending in the mempool. The miner's minimum accepted gas price is 1.
WARN [03-24|02:43:03.746]   5. Networking is disabled; there is no listen-address, the maximum number of peers is set
WARN [03-24|02:43:03.746]      to 0, and discovery is disabled.
WARN [03-24|02:43:03.746] 
INFO [03-24|02:43:03.746] Starting peer-to-peer node               instance=Geth/v1.17.2-unstable-991300c4-20260319/linux-amd64/go1.24.1
WARN [03-24|02:43:03.747] P2P server will be useless, neither dialing nor listening
INFO [03-24|02:43:03.751] IPC endpoint opened                      url=/home/CPerezz/bintrie-benchmarks/mpt-vs-bintrie/dbs/bt-gd5/geth.ipc
ERROR[03-24|02:43:03.751] Unavailable modules in HTTP API list     unavailable=[personal] available="[admin debug web3 eth txpool miner net dev testing]"
INFO [03-24|02:43:03.752] HTTP server started                      endpoint=[::]:8545 auth=false prefix= cors= vhosts=localhost
INFO [03-24|02:43:03.752] WebSocket enabled                        url=ws://[::]:8546
INFO [03-24|02:43:03.752] New local node record                    seq=1,774,173,716,151 id=5ca20ce916776c2d ip=127.0.0.1 udp=0 tcp=0
INFO [03-24|02:43:03.752] Started P2P networking                   self=enode://1077caac14890773549d39754d8c8bc5e612fe651148195d9a07a9cf579886d29513235e655b87f0a9b698489f0fa6ab6844ce86094074ef6793d42e9b0e3c5f@127.0.0.1:0
INFO [03-24|02:43:03.871] Loaded local transaction journal         transactions=2288 dropped=0
INFO [03-24|02:43:05.291] Submitted contract creation              hash=0xf495b8f9cc045fe22e089df0808caaad4d3b6c814c0dadb55ada5b0692fedc8b from=0xf39Fd6e51aad88F6F4ce6aB8827279cffFb92266 nonce=88 contract=0x1c85638e118b37167e9298c2268758e058DdfDA0 value=0
INFO [03-24|02:43:05.294] Submitted transaction                    hash=0x49a2a158243b0b3ddcf285b936daa9bc7acd323f0ba71cf9f87b3b3215f2dbdc from=0xf39Fd6e51aad88F6F4ce6aB8827279cffFb92266 nonce=89 recipient=0xde3641A7e7D2E4F4f1A58D12820605EeD3C5EcaA value=600,000,001,300,000,000
INFO [03-24|02:43:05.886] Started log indexer
INFO [03-24|02:43:05.897] Starting work on payload                 id=0x03a0a4d250377476
INFO [03-24|02:43:05.902] Updated payload                          id=0x03a0a4d250377476 number=25084 hash=53f357..174fc0 txs=2 withdrawals=0 gas=86226 fees=0.0005173560003 root=bc172a..06abd7 elapsed=5.091ms
INFO [03-24|02:43:05.903] Stopping work on payload                 id=0x03a0a4d250377476 reason=delivery
WARN [03-24|02:43:05.907] {"level":"warn","msg":"Slow block","block":{"number":25084,"hash":"0x53f3579e408f045a857da2df3f08a9264d9731e404499ee4077bd8a3bc174fc0","gas_used":86226,"tx_count":2},"timing":{"execution_ms":0.137651,"state_read_ms":1.555879,"state_hash_ms":0.725166,"commit_ms":0.866575,"total_ms":3.903008},"throughput":{"mgas_per_sec":22.092191458485352},"state_reads":{"accounts":12,"storage_slots":0,"code":0,"code_bytes":0},"state_writes":{"accounts":3,"accounts_deleted":0,"storage_slots":0,"storage_slots_deleted":0,"code":1,"code_bytes":149},"cache":{"account":{"hits":6,"misses":6,"hit_rate":50},"storage":{"hits":0,"misses":0,"hit_rate":0},"code":{"hits":0,"misses":0,"hit_rate":0,"hit_bytes":0,"miss_bytes":0}}}
INFO [03-24|02:43:05.907] Imported new potential chain segment     number=25084 hash=53f357..174fc0 blocks=1 txs=2 mgas=0.086 elapsed=4.215ms mgasps=20.456 triediffs=611.19MiB triedirty=0.00B
INFO [03-24|02:43:05.908] Chain head was updated                   number=25084 hash=53f357..174fc0 root=bc172a..06abd7 elapsed="228.899µs"
INFO [03-24|02:43:06.308] Submitted transaction                    hash=0xb7b06685a69b9f2f8545ea953bd3f115752bb8088bfd666070916214b22dfc5a from=0xde3641A7e7D2E4F4f1A58D12820605EeD3C5EcaA nonce=0  recipient=0x1c85638e118b37167e9298c2268758e058DdfDA0 value=0
INFO [03-24|02:43:15.912] Starting work on payload                 id=0x03c4154325606d28
WARN [03-24|02:43:29.069] Block building is interrupted            allowance=2s
INFO [03-24|02:43:29.366] Updated payload                          id=0x03c4154325606d28 number=25085 hash=472aaf..7207c6 txs=1 withdrawals=0 gas=71,938,443 fees=0.4316306584    root=5d68da..e45d0f elapsed=13.453s
INFO [03-24|02:43:29.366] Stopping work on payload                 id=0x03c4154325606d28 reason=timeout
WARN [03-24|02:43:38.168] {"level":"warn","msg":"Slow block","block":{"number":25085,"hash":"0x472aaf5747cb7436fb56d50d13cdd2dc92a4ddbc9afecbbd32c7e7fe177207c6","gas_used":71938443,"tx_count":1},"timing":{"execution_ms":977.748654,"state_read_ms":7380.883393,"state_hash_ms":371.226248,"commit_ms":69.693663,"total_ms":8799.696879},"throughput":{"mgas_per_sec":8.175104664306927},"state_reads":{"accounts":8,"storage_slots":23667,"code":2,"code_bytes":1493},"state_writes":{"accounts":3,"accounts_deleted":0,"storage_slots":0,"storage_slots_deleted":0,"code":0,"code_bytes":0},"cache":{"account":{"hits":3,"misses":5,"hit_rate":37.5},"storage":{"hits":6618,"misses":17049,"hit_rate":27.96298643681075},"code":{"hits":2,"misses":0,"hit_rate":100,"hit_bytes":1493,"miss_bytes":0}}}
INFO [03-24|02:43:38.168] Imported new potential chain segment     number=25085 hash=472aaf..7207c6 blocks=1 txs=1 mgas=71.938 elapsed=8.799s      mgasps=8.175  triediffs=619.26MiB triedirty=0.00B
INFO [03-24|02:43:38.169] Chain head was updated                   number=25085 hash=472aaf..7207c6 root=5d68da..e45d0f elapsed="69.739µs"
INFO [03-24|02:43:38.463] Submitted transaction                    hash=0xd3af465eb7503f531379ac5775e4af2d3e5a8b97753fa08e526572a615f9f450 from=0xde3641A7e7D2E4F4f1A58D12820605EeD3C5EcaA nonce=1  recipient=0xf39Fd6e51aad88F6F4ce6aB8827279cffFb92266 value=168,306,342,364,527,241
INFO [03-24|02:43:48.174] Starting work on payload                 id=0x039a9cf1e76982b0
WARN [03-24|02:43:50.254] Block building is interrupted            allowance=2s
INFO [03-24|02:43:50.735] Updated payload                          id=0x039a9cf1e76982b0 number=25086 hash=7a9633..77cfa0 txs=6 withdrawals=0 gas=21,955,315 fees=0.04393163      root=dc6155..e6bed3 elapsed=2.561s
WARN [03-24|02:43:52.839] Block building is interrupted            allowance=2s
WARN [03-24|02:43:53.116] {"level":"warn","msg":"Slow block","block":{"number":25086,"hash":"0x7a9633dca8671a19708a0a0d3b248171f170c7b7917fd1b2fdcc22ee6077cfa0","gas_used":21955315,"tx_count":6},"timing":{"execution_ms":55.332615,"state_read_ms":1546.678883,"state_hash_ms":719.02649,"commit_ms":56.581218,"total_ms":2377.893417},"throughput":{"mgas_per_sec":9.233094655562521},"state_reads":{"accounts":11,"storage_slots":3705,"code":1,"code_bytes":1344},"state_writes":{"accounts":7,"accounts_deleted":0,"storage_slots":0,"storage_slots_deleted":0,"code":0,"code_bytes":0},"cache":{"account":{"hits":7,"misses":4,"hit_rate":63.63636363636363},"storage":{"hits":2966,"misses":739,"hit_rate":80.05398110661268},"code":{"hits":1,"misses":0,"hit_rate":100,"hit_bytes":1344,"miss_bytes":0}}}
INFO [03-24|02:43:53.116] Imported new potential chain segment     number=25086 hash=7a9633..77cfa0 blocks=1 txs=6 mgas=21.955 elapsed=2.378s      mgasps=9.232  triediffs=633.16MiB triedirty=0.00B
INFO [03-24|02:43:53.118] Chain head was updated                   number=25086 hash=7a9633..77cfa0 root=dc6155..e6bed3 elapsed="187.569µs"
INFO [03-24|02:43:53.506] Stopping work on payload                 id=0x039a9cf1e76982b0 reason=delivery
