INFO [03-24|02:36:23.630] Starting Geth on Ethereum mainnet...
INFO [03-24|02:36:23.631] Maximum peer count                       ETH=0 total=0
INFO [03-24|02:36:23.632] Smartcard socket not found, disabling    err="stat /run/pcscd/pcscd.comm: no such file or directory"
WARN [03-24|02:36:23.633] Option --miner.etherbase is deprecated as the etherbase is set by the consensus client post-merge
WARN [03-24|02:36:23.634] Snap sync requested, resetting --cache.snapshot
INFO [03-24|02:36:23.635] Global gas cap disabled
INFO [03-24|02:36:24.278] Using developer account                  address=0xf39Fd6e51aad88F6F4ce6aB8827279cffFb92266
INFO [03-24|02:36:24.778] Using pebble as the backing database
INFO [03-24|02:36:24.778] Allocated cache and file handles         database=/home/CPerezz/bintrie-benchmarks/mpt-vs-bintrie/dbs/bt-gd5/geth/chaindata cache=16.00MiB handles=524,288
INFO [03-24|02:36:29.104] Opened ancient database                  database=/home/CPerezz/bintrie-benchmarks/mpt-vs-bintrie/dbs/bt-gd5/geth/chaindata/ancient/chain readonly=true
INFO [03-24|02:36:29.104] Opened Era store                         datadir=/home/CPerezz/bintrie-benchmarks/mpt-vs-bintrie/dbs/bt-gd5/geth/chaindata/ancient/chain/era
INFO [03-24|02:36:29.130] Initializing the KZG library             backend=gokzg
INFO [03-24|02:36:29.132] Allocated trie memory caches             clean=0.00B dirty=0.00B
INFO [03-24|02:36:29.315] Using pebble as the backing database
INFO [03-24|02:36:29.315] Allocated cache and file handles         database=/home/CPerezz/bintrie-benchmarks/mpt-vs-bintrie/dbs/bt-gd5/geth/chaindata cache=16.00MiB handles=524,288
INFO [03-24|02:36:32.092] Opened ancient database                  database=/home/CPerezz/bintrie-benchmarks/mpt-vs-bintrie/dbs/bt-gd5/geth/chaindata/ancient/chain readonly=false
INFO [03-24|02:36:32.092] Opened Era store                         datadir=/home/CPerezz/bintrie-benchmarks/mpt-vs-bintrie/dbs/bt-gd5/geth/chaindata/ancient/chain/era
INFO [03-24|02:36:32.096] State scheme set to already existing     scheme=path
INFO [03-24|02:36:32.096] Initialising Ethereum protocol           network=1337 dbversion=9
INFO [03-24|02:36:32.097] Load database journal from file          path=/home/CPerezz/bintrie-benchmarks/mpt-vs-bintrie/dbs/bt-gd5/geth/triedb/verkle.journal
INFO [03-24|02:36:34.472] Opened ancient database                  database=/home/CPerezz/bintrie-benchmarks/mpt-vs-bintrie/dbs/bt-gd5/geth/chaindata/ancient/state_verkle readonly=false
INFO [03-24|02:36:34.474] State snapshot generator is not found
INFO [03-24|02:36:34.474] Initialized path database                triecache=0.00B statecache=0.00B buffer=0.00B state-history="last 90000 blocks" journal-dir=/home/CPerezz/bintrie-benchmarks/mpt-vs-bintrie/dbs/bt-gd5/geth/triedb verkle=true
INFO [03-24|02:36:34.475] 
INFO [03-24|02:36:34.475] ---------------------------------------------------------------------------------------------------------------------------------------------------------
INFO [03-24|02:36:34.475] Chain ID:  1337 (unknown)
INFO [03-24|02:36:34.475] Consensus: unknown
INFO [03-24|02:36:34.475] 
INFO [03-24|02:36:34.475] Pre-Merge hard forks (block based):
INFO [03-24|02:36:34.475]  - Homestead:                   #0       
INFO [03-24|02:36:34.475]  - Tangerine Whistle (EIP 150): #0       
INFO [03-24|02:36:34.475]  - Spurious Dragon/1 (EIP 155): #0       
INFO [03-24|02:36:34.475]  - Spurious Dragon/2 (EIP 158): #0       
INFO [03-24|02:36:34.475]  - Byzantium:                   #0       
INFO [03-24|02:36:34.475]  - Constantinople:              #0       
INFO [03-24|02:36:34.475]  - Petersburg:                  #0       
INFO [03-24|02:36:34.475]  - Istanbul:                    #0       
INFO [03-24|02:36:34.475]  - Muir Glacier:                #0       
INFO [03-24|02:36:34.475]  - Berlin:                      #0       
INFO [03-24|02:36:34.475]  - London:                      #0       
INFO [03-24|02:36:34.475]  - Arrow Glacier:               #0       
INFO [03-24|02:36:34.475]  - Gray Glacier:                #0       
INFO [03-24|02:36:34.475] 
INFO [03-24|02:36:34.475] Merge configured:
INFO [03-24|02:36:34.475]  - Total terminal difficulty:  0
INFO [03-24|02:36:34.475]  - Merge netsplit block:       #0       
INFO [03-24|02:36:34.475] 
INFO [03-24|02:36:34.475] Post-Merge hard forks (timestamp based):
INFO [03-24|02:36:34.475]  - Shanghai:                    @0         
INFO [03-24|02:36:34.475]  - Cancun:                      @0          blob: (target: 3, max: 6, fraction: 3338477)
INFO [03-24|02:36:34.475]  - Prague:                      @0          blob: (target: 6, max: 9, fraction: 5225352)
INFO [03-24|02:36:34.475]  - Verkle:                      @0          blob: (nil)
INFO [03-24|02:36:34.475] 
INFO [03-24|02:36:34.475] All fork specifications can be found at https://ethereum.github.io/execution-specs/src/ethereum/forks/
INFO [03-24|02:36:34.475] 
INFO [03-24|02:36:34.475] ---------------------------------------------------------------------------------------------------------------------------------------------------------
INFO [03-24|02:36:34.475] 
INFO [03-24|02:36:34.476] Loaded most recent local block           number=25066 hash=d98f30..c297ce age=29s
INFO [03-24|02:36:34.476] Loaded most recent local finalized block number=25056 hash=37bdc2..a63c19 age=5m19s
INFO [03-24|02:36:34.477] Initialized transaction indexer          range="last 2350000 blocks"
INFO [03-24|02:36:34.477] Initialized log indexer                  firstblock=0 lastblock=25066 firstmap=0 lastmap=4 headindexed=true
INFO [03-24|02:36:34.483] Enabled full-sync                        head=25066 hash=d98f30..c297ce
INFO [03-24|02:36:34.483] Unprotected transactions allowed
INFO [03-24|02:36:34.483] Gasprice oracle is ignoring threshold set threshold=2
WARN [03-24|02:36:34.483] Unclean shutdown detected                booted=2026-03-24T02:10:37+0100 age=25m57s
INFO [03-24|02:36:34.484] Registered sync override service
WARN [03-24|02:36:34.484] You are running Geth in --dev mode. Please note the following:
WARN [03-24|02:36:34.484] 
WARN [03-24|02:36:34.484]   1. This mode is only intended for fast, iterative development without assumptions on
WARN [03-24|02:36:34.484]      security or persistence.
WARN [03-24|02:36:34.484]   2. The database is created in memory unless specified otherwise. Therefore, shutting down
WARN [03-24|02:36:34.484]      your computer or losing power will wipe your entire block data and chain state for
WARN [03-24|02:36:34.484]      your dev environment.
WARN [03-24|02:36:34.484]   3. A random, pre-allocated developer account will be available and unlocked as
WARN [03-24|02:36:34.484]      eth.coinbase, which can be used for testing. The random dev account is temporary,
WARN [03-24|02:36:34.484]      stored on a ramdisk, and will be lost if your machine is restarted.
WARN [03-24|02:36:34.484]   4. Mining is enabled by default. However, the client will only seal blocks if transactions
WARN [03-24|02:36:34.484]      are pending in the mempool. The miner's minimum accepted gas price is 1.
WARN [03-24|02:36:34.484]   5. Networking is disabled; there is no listen-address, the maximum number of peers is set
WARN [03-24|02:36:34.484]      to 0, and discovery is disabled.
WARN [03-24|02:36:34.484] 
INFO [03-24|02:36:34.484] Starting peer-to-peer node               instance=Geth/v1.17.2-unstable-991300c4-20260319/linux-amd64/go1.24.1
WARN [03-24|02:36:34.484] P2P server will be useless, neither dialing nor listening
INFO [03-24|02:36:34.488] IPC endpoint opened                      url=/home/CPerezz/bintrie-benchmarks/mpt-vs-bintrie/dbs/bt-gd5/geth.ipc
ERROR[03-24|02:36:34.488] Unavailable modules in HTTP API list     unavailable=[personal] available="[admin debug web3 eth txpool miner net dev testing]"
INFO [03-24|02:36:34.489] New local node record                    seq=1,774,173,716,146 id=5ca20ce916776c2d ip=127.0.0.1 udp=0 tcp=0
INFO [03-24|02:36:34.489] Started P2P networking                   self=enode://1077caac14890773549d39754d8c8bc5e612fe651148195d9a07a9cf579886d29513235e655b87f0a9b698489f0fa6ab6844ce86094074ef6793d42e9b0e3c5f@127.0.0.1:0
INFO [03-24|02:36:34.489] HTTP server started                      endpoint=[::]:8545 auth=false prefix= cors= vhosts=localhost
INFO [03-24|02:36:34.489] WebSocket enabled                        url=ws://[::]:8546
INFO [03-24|02:36:34.595] Loaded local transaction journal         transactions=2268 dropped=0
INFO [03-24|02:36:35.940] Submitted contract creation              hash=0x0e1fdb0c5d43326906e7166d7e56e82ce1dc6f541f55f98835ba40db5a9b1482 from=0xf39Fd6e51aad88F6F4ce6aB8827279cffFb92266 nonce=78 contract=0x202CCe504e04bEd6fC0521238dDf04Bc9E8E15aB value=0
INFO [03-24|02:36:35.943] Submitted transaction                    hash=0x7798a2cc54249bcbcf7a5e89dc99c4f66299f76a3f5b561000d270ca00349b8c from=0xf39Fd6e51aad88F6F4ce6aB8827279cffFb92266 nonce=79 recipient=0x779150b55bFdb5FB84Ee9e4428a0c93080B35662 value=600,000,001,300,000,000
INFO [03-24|02:36:36.455] Started log indexer
INFO [03-24|02:36:36.465] Starting work on payload                 id=0x033dbcc2fcfaaae0
INFO [03-24|02:36:36.469] Updated payload                          id=0x033dbcc2fcfaaae0 number=25067 hash=669650..5cc332 txs=2 withdrawals=0 gas=86226 fees=0.0005173560003 root=421ea1..bff528 elapsed=3.871ms
INFO [03-24|02:36:36.469] Stopping work on payload                 id=0x033dbcc2fcfaaae0 reason=delivery
WARN [03-24|02:36:36.473] {"level":"warn","msg":"Slow block","block":{"number":25067,"hash":"0x669650778fa8feb92d06f82338f254f183255253228f422ba9c172bb2f5cc332","gas_used":86226,"tx_count":2},"timing":{"execution_ms":0.247679,"state_read_ms":1.613041,"state_hash_ms":1.158914,"commit_ms":0.418398,"total_ms":3.6739},"throughput":{"mgas_per_sec":23.469882141593402},"state_reads":{"accounts":12,"storage_slots":0,"code":0,"code_bytes":0},"state_writes":{"accounts":3,"accounts_deleted":0,"storage_slots":0,"storage_slots_deleted":0,"code":1,"code_bytes":149},"cache":{"account":{"hits":6,"misses":6,"hit_rate":50},"storage":{"hits":0,"misses":0,"hit_rate":0},"code":{"hits":0,"misses":0,"hit_rate":0,"hit_bytes":0,"miss_bytes":0}}}
INFO [03-24|02:36:36.473] Imported new potential chain segment     number=25067 hash=669650..5cc332 blocks=1 txs=2 mgas=0.086 elapsed=3.895ms mgasps=22.132 triediffs=475.83MiB triedirty=0.00B
INFO [03-24|02:36:36.473] Chain head was updated                   number=25067 hash=669650..5cc332 root=421ea1..bff528 elapsed="99.999µs"
INFO [03-24|02:36:36.960] Submitted transaction                    hash=0xc2085d80f0d40f7e7322abd5df019d53e71281a62b890fb96e366cc9b238a1ef from=0x779150b55bFdb5FB84Ee9e4428a0c93080B35662 nonce=0  recipient=0x202CCe504e04bEd6fC0521238dDf04Bc9E8E15aB value=0
INFO [03-24|02:36:46.476] Starting work on payload                 id=0x0382ea1d76f103e6
WARN [03-24|02:36:59.539] Block building is interrupted            allowance=2s
INFO [03-24|02:36:59.830] Updated payload                          id=0x0382ea1d76f103e6 number=25068 hash=3c42cc..30bf79 txs=1 withdrawals=0 gas=71,938,443 fees=0.4316306584    root=5a18b0..32c5e5 elapsed=13.353s
INFO [03-24|02:36:59.830] Stopping work on payload                 id=0x0382ea1d76f103e6 reason=timeout
WARN [03-24|02:37:07.676] {"level":"warn","msg":"Slow block","block":{"number":25068,"hash":"0x3c42ccb533ab2fb8a68859214256e5f12eba8fa8d3e007b9ae7d0718dc30bf79","gas_used":71938443,"tx_count":1},"timing":{"execution_ms":847.011725,"state_read_ms":6636.56816,"state_hash_ms":293.447446,"commit_ms":66.516108,"total_ms":7843.72145},"throughput":{"mgas_per_sec":9.17146834682662},"state_reads":{"accounts":8,"storage_slots":23667,"code":2,"code_bytes":1493},"state_writes":{"accounts":3,"accounts_deleted":0,"storage_slots":0,"storage_slots_deleted":0,"code":0,"code_bytes":0},"cache":{"account":{"hits":4,"misses":4,"hit_rate":50},"storage":{"hits":11732,"misses":11935,"hit_rate":49.571132800946465},"code":{"hits":2,"misses":0,"hit_rate":100,"hit_bytes":1493,"miss_bytes":0}}}
INFO [03-24|02:37:07.677] Imported new potential chain segment     number=25068 hash=3c42cc..30bf79 blocks=1 txs=1 mgas=71.938 elapsed=7.843s     mgasps=9.171  triediffs=483.90MiB triedirty=0.00B
INFO [03-24|02:37:07.679] Chain head was updated                   number=25068 hash=3c42cc..30bf79 root=5a18b0..32c5e5 elapsed="94.879µs"
INFO [03-24|02:37:08.118] Submitted transaction                    hash=0x98b17c413bc6b0519d51c9aa41c23c763804c9a3290cc4d9d7b776d3e4eae3c7 from=0x779150b55bFdb5FB84Ee9e4428a0c93080B35662 nonce=1  recipient=0xf39Fd6e51aad88F6F4ce6aB8827279cffFb92266 value=168,306,342,364,527,241
INFO [03-24|02:37:17.685] Starting work on payload                 id=0x03b18ab403fccc9e
WARN [03-24|02:37:19.811] Block building is interrupted            allowance=2s
INFO [03-24|02:37:20.301] Updated payload                          id=0x03b18ab403fccc9e number=25069 hash=65309c..81c951 txs=6 withdrawals=0 gas=21,955,315 fees=0.04393163      root=f0f5b1..ea68e1 elapsed=2.615s
WARN [03-24|02:37:22.284] {"level":"warn","msg":"Slow block","block":{"number":25069,"hash":"0x65309c183e2f731c6b89699233a973b870237888351c2e97a064e1e6e481c951","gas_used":21955315,"tx_count":6},"timing":{"execution_ms":48.47288,"state_read_ms":1240.208929,"state_hash_ms":636.014262,"commit_ms":55.565401,"total_ms":1980.605391},"throughput":{"mgas_per_sec":11.085153609985301},"state_reads":{"accounts":11,"storage_slots":3705,"code":1,"code_bytes":1344},"state_writes":{"accounts":7,"accounts_deleted":0,"storage_slots":0,"storage_slots_deleted":0,"code":0,"code_bytes":0},"cache":{"account":{"hits":7,"misses":4,"hit_rate":63.63636363636363},"storage":{"hits":2987,"misses":718,"hit_rate":80.62078272604587},"code":{"hits":1,"misses":0,"hit_rate":100,"hit_bytes":1344,"miss_bytes":0}}}
INFO [03-24|02:37:22.284] Imported new potential chain segment     number=25069 hash=65309c..81c951 blocks=1 txs=6 mgas=21.955 elapsed=1.981s     mgasps=11.082 triediffs=497.83MiB triedirty=0.00B
INFO [03-24|02:37:22.285] Chain head was updated                   number=25069 hash=65309c..81c951 root=f0f5b1..ea68e1 elapsed="134.969µs"
WARN [03-24|02:37:22.496] Block building is interrupted            allowance=2s
INFO [03-24|02:37:23.060] Stopping work on payload                 id=0x03b18ab403fccc9e reason=delivery
