INFO [03-24|02:38:45.605] Starting Geth on Ethereum mainnet...
INFO [03-24|02:38:45.606] Maximum peer count                       ETH=0 total=0
INFO [03-24|02:38:45.607] Smartcard socket not found, disabling    err="stat /run/pcscd/pcscd.comm: no such file or directory"
WARN [03-24|02:38:45.608] Option --miner.etherbase is deprecated as the etherbase is set by the consensus client post-merge
WARN [03-24|02:38:45.609] Snap sync requested, resetting --cache.snapshot
INFO [03-24|02:38:45.610] Global gas cap disabled
INFO [03-24|02:38:46.269] Using developer account                  address=0xf39Fd6e51aad88F6F4ce6aB8827279cffFb92266
INFO [03-24|02:38:46.769] Using pebble as the backing database
INFO [03-24|02:38:46.770] Allocated cache and file handles         database=/home/CPerezz/bintrie-benchmarks/mpt-vs-bintrie/dbs/bt-gd5/geth/chaindata cache=16.00MiB handles=524,288
INFO [03-24|02:38:51.154] Opened ancient database                  database=/home/CPerezz/bintrie-benchmarks/mpt-vs-bintrie/dbs/bt-gd5/geth/chaindata/ancient/chain readonly=true
INFO [03-24|02:38:51.154] Opened Era store                         datadir=/home/CPerezz/bintrie-benchmarks/mpt-vs-bintrie/dbs/bt-gd5/geth/chaindata/ancient/chain/era
INFO [03-24|02:38:51.180] Initializing the KZG library             backend=gokzg
INFO [03-24|02:38:51.181] Allocated trie memory caches             clean=0.00B dirty=0.00B
INFO [03-24|02:38:51.356] Using pebble as the backing database
INFO [03-24|02:38:51.356] Allocated cache and file handles         database=/home/CPerezz/bintrie-benchmarks/mpt-vs-bintrie/dbs/bt-gd5/geth/chaindata cache=16.00MiB handles=524,288
INFO [03-24|02:38:54.224] Opened ancient database                  database=/home/CPerezz/bintrie-benchmarks/mpt-vs-bintrie/dbs/bt-gd5/geth/chaindata/ancient/chain readonly=false
INFO [03-24|02:38:54.224] Opened Era store                         datadir=/home/CPerezz/bintrie-benchmarks/mpt-vs-bintrie/dbs/bt-gd5/geth/chaindata/ancient/chain/era
INFO [03-24|02:38:54.226] State scheme set to already existing     scheme=path
INFO [03-24|02:38:54.227] Initialising Ethereum protocol           network=1337 dbversion=9
INFO [03-24|02:38:54.227] Load database journal from file          path=/home/CPerezz/bintrie-benchmarks/mpt-vs-bintrie/dbs/bt-gd5/geth/triedb/verkle.journal
INFO [03-24|02:38:56.988] Opened ancient database                  database=/home/CPerezz/bintrie-benchmarks/mpt-vs-bintrie/dbs/bt-gd5/geth/chaindata/ancient/state_verkle readonly=false
INFO [03-24|02:38:56.991] State snapshot generator is not found
INFO [03-24|02:38:56.991] Initialized path database                triecache=0.00B statecache=0.00B buffer=0.00B state-history="last 90000 blocks" journal-dir=/home/CPerezz/bintrie-benchmarks/mpt-vs-bintrie/dbs/bt-gd5/geth/triedb verkle=true
INFO [03-24|02:38:56.991] 
INFO [03-24|02:38:56.991] ---------------------------------------------------------------------------------------------------------------------------------------------------------
INFO [03-24|02:38:56.991] Chain ID:  1337 (unknown)
INFO [03-24|02:38:56.991] Consensus: unknown
INFO [03-24|02:38:56.991] 
INFO [03-24|02:38:56.991] Pre-Merge hard forks (block based):
INFO [03-24|02:38:56.991]  - Homestead:                   #0       
INFO [03-24|02:38:56.991]  - Tangerine Whistle (EIP 150): #0       
INFO [03-24|02:38:56.991]  - Spurious Dragon/1 (EIP 155): #0       
INFO [03-24|02:38:56.991]  - Spurious Dragon/2 (EIP 158): #0       
INFO [03-24|02:38:56.991]  - Byzantium:                   #0       
INFO [03-24|02:38:56.991]  - Constantinople:              #0       
INFO [03-24|02:38:56.991]  - Petersburg:                  #0       
INFO [03-24|02:38:56.991]  - Istanbul:                    #0       
INFO [03-24|02:38:56.991]  - Muir Glacier:                #0       
INFO [03-24|02:38:56.991]  - Berlin:                      #0       
INFO [03-24|02:38:56.991]  - London:                      #0       
INFO [03-24|02:38:56.991]  - Arrow Glacier:               #0       
INFO [03-24|02:38:56.991]  - Gray Glacier:                #0       
INFO [03-24|02:38:56.991] 
INFO [03-24|02:38:56.991] Merge configured:
INFO [03-24|02:38:56.991]  - Total terminal difficulty:  0
INFO [03-24|02:38:56.991]  - Merge netsplit block:       #0       
INFO [03-24|02:38:56.991] 
INFO [03-24|02:38:56.991] Post-Merge hard forks (timestamp based):
INFO [03-24|02:38:56.991]  - Shanghai:                    @0         
INFO [03-24|02:38:56.991]  - Cancun:                      @0          blob: (target: 3, max: 6, fraction: 3338477)
INFO [03-24|02:38:56.991]  - Prague:                      @0          blob: (target: 6, max: 9, fraction: 5225352)
INFO [03-24|02:38:56.991]  - Verkle:                      @0          blob: (nil)
INFO [03-24|02:38:56.991] 
INFO [03-24|02:38:56.991] All fork specifications can be found at https://ethereum.github.io/execution-specs/src/ethereum/forks/
INFO [03-24|02:38:56.991] 
INFO [03-24|02:38:56.991] ---------------------------------------------------------------------------------------------------------------------------------------------------------
INFO [03-24|02:38:56.991] 
INFO [03-24|02:38:56.992] Loaded most recent local block           number=25072 hash=329f72..d92fa3 age=28s
INFO [03-24|02:38:56.992] Loaded most recent local finalized block number=25056 hash=37bdc2..a63c19 age=7m41s
INFO [03-24|02:38:56.993] Initialized transaction indexer          range="last 2350000 blocks"
INFO [03-24|02:38:56.993] Initialized log indexer                  firstblock=0 lastblock=25072 firstmap=0 lastmap=4 headindexed=true
INFO [03-24|02:38:56.997] Enabled full-sync                        head=25072 hash=329f72..d92fa3
INFO [03-24|02:38:56.997] Unprotected transactions allowed
INFO [03-24|02:38:56.997] Gasprice oracle is ignoring threshold set threshold=2
WARN [03-24|02:38:56.997] Unclean shutdown detected                booted=2026-03-24T02:10:37+0100 age=28m19s
INFO [03-24|02:38:56.998] Registered sync override service
WARN [03-24|02:38:56.998] You are running Geth in --dev mode. Please note the following:
WARN [03-24|02:38:56.998] 
WARN [03-24|02:38:56.998]   1. This mode is only intended for fast, iterative development without assumptions on
WARN [03-24|02:38:56.998]      security or persistence.
WARN [03-24|02:38:56.998]   2. The database is created in memory unless specified otherwise. Therefore, shutting down
WARN [03-24|02:38:56.998]      your computer or losing power will wipe your entire block data and chain state for
WARN [03-24|02:38:56.998]      your dev environment.
WARN [03-24|02:38:56.998]   3. A random, pre-allocated developer account will be available and unlocked as
WARN [03-24|02:38:56.998]      eth.coinbase, which can be used for testing. The random dev account is temporary,
WARN [03-24|02:38:56.998]      stored on a ramdisk, and will be lost if your machine is restarted.
WARN [03-24|02:38:56.998]   4. Mining is enabled by default. However, the client will only seal blocks if transactions
WARN [03-24|02:38:56.998]      are pending in the mempool. The miner's minimum accepted gas price is 1.
WARN [03-24|02:38:56.998]   5. Networking is disabled; there is no listen-address, the maximum number of peers is set
WARN [03-24|02:38:56.998]      to 0, and discovery is disabled.
WARN [03-24|02:38:56.998] 
INFO [03-24|02:38:56.998] Starting peer-to-peer node               instance=Geth/v1.17.2-unstable-991300c4-20260319/linux-amd64/go1.24.1
WARN [03-24|02:38:56.998] P2P server will be useless, neither dialing nor listening
INFO [03-24|02:38:57.003] IPC endpoint opened                      url=/home/CPerezz/bintrie-benchmarks/mpt-vs-bintrie/dbs/bt-gd5/geth.ipc
ERROR[03-24|02:38:57.003] Unavailable modules in HTTP API list     unavailable=[personal] available="[admin debug web3 eth txpool miner net dev testing]"
INFO [03-24|02:38:57.004] New local node record                    seq=1,774,173,716,148 id=5ca20ce916776c2d ip=127.0.0.1 udp=0 tcp=0
INFO [03-24|02:38:57.004] Started P2P networking                   self=enode://1077caac14890773549d39754d8c8bc5e612fe651148195d9a07a9cf579886d29513235e655b87f0a9b698489f0fa6ab6844ce86094074ef6793d42e9b0e3c5f@127.0.0.1:0
INFO [03-24|02:38:57.004] HTTP server started                      endpoint=[::]:8545 auth=false prefix= cors= vhosts=localhost
INFO [03-24|02:38:57.004] WebSocket enabled                        url=ws://[::]:8546
INFO [03-24|02:38:57.147] Loaded local transaction journal         transactions=2276 dropped=0
INFO [03-24|02:38:58.690] Started log indexer
INFO [03-24|02:38:58.700] Starting work on payload                 id=0x030f81040f4e8d57
INFO [03-24|02:38:58.701] Updated payload                          id=0x030f81040f4e8d57 number=25073 hash=5ec5a2..ac9dda txs=0 withdrawals=0 gas=0 fees=0 root=58bc9e..ec51f5 elapsed="672.946µs"
INFO [03-24|02:38:58.701] Stopping work on payload                 id=0x030f81040f4e8d57 reason=delivery
WARN [03-24|02:38:58.702] {"level":"warn","msg":"Slow block","block":{"number":25073,"hash":"0x5ec5a2fb0ac32fe6d039f9b293adac06ee99b06498da5d04c6632d1d00ac9dda","gas_used":0,"tx_count":0},"timing":{"execution_ms":0.011408,"state_read_ms":0.515559,"state_hash_ms":0.00052,"commit_ms":0.071369,"total_ms":0.686717},"throughput":{"mgas_per_sec":0},"state_reads":{"accounts":4,"storage_slots":0,"code":0,"code_bytes":0},"state_writes":{"accounts":0,"accounts_deleted":0,"storage_slots":0,"storage_slots_deleted":0,"code":0,"code_bytes":0},"cache":{"account":{"hits":0,"misses":4,"hit_rate":0},"storage":{"hits":0,"misses":0,"hit_rate":0},"code":{"hits":0,"misses":0,"hit_rate":0,"hit_bytes":0,"miss_bytes":0}}}
INFO [03-24|02:38:58.702] Imported new potential chain segment     number=25073 hash=5ec5a2..ac9dda blocks=1 txs=0 mgas=0.000 elapsed="982.236µs" mgasps=0.000 triediffs=518.40MiB triedirty=0.00B
INFO [03-24|02:38:58.702] Chain head was updated                   number=25073 hash=5ec5a2..ac9dda root=58bc9e..ec51f5 elapsed="25.879µs"
INFO [03-24|02:38:58.929] Submitted contract creation              hash=0xdd4068b83cb88e29fcc0398439469702ad5e5d317f100e7d254b156f09e7e2c8 from=0xf39Fd6e51aad88F6F4ce6aB8827279cffFb92266 nonce=82 contract=0xBEc49fA140aCaA83533fB00A2BB19bDdd0290f25 value=0
INFO [03-24|02:38:58.931] Submitted transaction                    hash=0x200a5d2186e44491af841dd6f8cafc5c6a1f54f1e8ff5260e0b1531bcf35e0e3 from=0xf39Fd6e51aad88F6F4ce6aB8827279cffFb92266 nonce=83 recipient=0xC13F17d28D0370d147415cc222620b13e6A70eD0 value=600,000,001,300,000,000
INFO [03-24|02:39:08.706] Starting work on payload                 id=0x0397c603974f3951
WARN [03-24|02:39:10.769] Block building is interrupted            allowance=2s
INFO [03-24|02:39:11.081] Updated payload                          id=0x0397c603974f3951 number=25074 hash=a65bf0..799ae1 txs=5 withdrawals=0 gas=13,246,815 fees=0.026838534 root=a629e7..5bceeb elapsed=2.375s
WARN [03-24|02:39:12.447] {"level":"warn","msg":"Slow block","block":{"number":25074,"hash":"0xa65bf010a7d1b6d6c7b226670ef342d6a0a59da9b22f42d93c01ebccbd799ae1","gas_used":13246815,"tx_count":5},"timing":{"execution_ms":29.952278,"state_read_ms":845.110078,"state_hash_ms":446.526937,"commit_ms":39.660263,"total_ms":1361.566266},"throughput":{"mgas_per_sec":9.729100471118752},"state_reads":{"accounts":15,"storage_slots":2223,"code":1,"code_bytes":1344},"state_writes":{"accounts":6,"accounts_deleted":0,"storage_slots":0,"storage_slots_deleted":0,"code":1,"code_bytes":149},"cache":{"account":{"hits":10,"misses":5,"hit_rate":66.66666666666666},"storage":{"hits":1629,"misses":594,"hit_rate":73.27935222672065},"code":{"hits":1,"misses":0,"hit_rate":100,"hit_bytes":1344,"miss_bytes":0}}}
INFO [03-24|02:39:12.447] Imported new potential chain segment     number=25074 hash=a65bf0..799ae1 blocks=1 txs=5 mgas=13.247 elapsed=1.361s      mgasps=9.727 triediffs=527.12MiB triedirty=0.00B
INFO [03-24|02:39:12.448] Chain head was updated                   number=25074 hash=a65bf0..799ae1 root=a629e7..5bceeb elapsed="158.009µs"
INFO [03-24|02:39:13.040] Submitted transaction                    hash=0x839629ce2f6980d1345bdfb7d882754e08a46faa0ed8c2cd9ec729709af9f64c from=0xC13F17d28D0370d147415cc222620b13e6A70eD0 nonce=0  recipient=0xBEc49fA140aCaA83533fB00A2BB19bDdd0290f25 value=0
WARN [03-24|02:39:13.193] Block building is interrupted            allowance=2s
INFO [03-24|02:39:13.681] Stopping work on payload                 id=0x0397c603974f3951 reason=delivery
INFO [03-24|02:39:22.454] Starting work on payload                 id=0x03aacf0bfe938b33
WARN [03-24|02:39:34.629] Block building is interrupted            allowance=2s
INFO [03-24|02:39:34.946] Updated payload                          id=0x03aacf0bfe938b33 number=25075 hash=1bfa57..ac9cc1 txs=1 withdrawals=0 gas=71,938,443 fees=0.4316306584 root=a59206..18b59c elapsed=12.492s
INFO [03-24|02:39:34.947] Stopping work on payload                 id=0x03aacf0bfe938b33 reason=timeout
WARN [03-24|02:39:43.364] {"level":"warn","msg":"Slow block","block":{"number":25075,"hash":"0x1bfa577c83764e3df85007aee7b5a9f798300a1ea5e63cfb273321f4a6ac9cc1","gas_used":71938443,"tx_count":1},"timing":{"execution_ms":926.673408,"state_read_ms":7108.841995,"state_hash_ms":328.529002,"commit_ms":51.713684,"total_ms":8415.96456},"throughput":{"mgas_per_sec":8.54785479277256},"state_reads":{"accounts":8,"storage_slots":23667,"code":2,"code_bytes":1493},"state_writes":{"accounts":3,"accounts_deleted":0,"storage_slots":0,"storage_slots_deleted":0,"code":0,"code_bytes":0},"cache":{"account":{"hits":3,"misses":5,"hit_rate":37.5},"storage":{"hits":8015,"misses":15652,"hit_rate":33.86572020112393},"code":{"hits":2,"misses":0,"hit_rate":100,"hit_bytes":1493,"miss_bytes":0}}}
INFO [03-24|02:39:43.364] Imported new potential chain segment     number=25075 hash=1bfa57..ac9cc1 blocks=1 txs=1 mgas=71.938 elapsed=8.416s      mgasps=8.548 triediffs=535.20MiB triedirty=0.00B
INFO [03-24|02:39:43.365] Chain head was updated                   number=25075 hash=1bfa57..ac9cc1 root=a59206..18b59c elapsed="72.219µs"
INFO [03-24|02:39:44.204] Submitted transaction                    hash=0xb47b331425fa84a932e966fe293f0f197152c9c9a2bb9943caec6609f751bd58 from=0xC13F17d28D0370d147415cc222620b13e6A70eD0 nonce=1  recipient=0xf39Fd6e51aad88F6F4ce6aB8827279cffFb92266 value=168,306,342,364,527,241
INFO [03-24|02:39:53.369] Starting work on payload                 id=0x03479966acf31c3c
WARN [03-24|02:39:55.561] Block building is interrupted            allowance=2s
INFO [03-24|02:39:56.098] Updated payload                          id=0x03479966acf31c3c number=25076 hash=7e9d2f..2eac5d txs=8 withdrawals=0 gas=30,729,041 fees=0.061479082  root=c2acc6..3a5ed1 elapsed=2.729s
WARN [03-24|02:39:58.327] Block building is interrupted            allowance=2s
INFO [03-24|02:39:59.122] Stopping work on payload                 id=0x03479966acf31c3c reason=delivery
WARN [03-24|02:39:59.212] {"level":"warn","msg":"Slow block","block":{"number":25076,"hash":"0x7e9d2f813138053dac12e0e9eedf4e5cf8d6986db83d5a447c102b7f8f2eac5d","gas_used":30729041,"tx_count":8},"timing":{"execution_ms":60.480379,"state_read_ms":2162.659683,"state_hash_ms":795.358757,"commit_ms":92.266813,"total_ms":3110.984092},"throughput":{"mgas_per_sec":9.877595028216557},"state_reads":{"accounts":11,"storage_slots":5185,"code":1,"code_bytes":1344},"state_writes":{"accounts":7,"accounts_deleted":0,"storage_slots":0,"storage_slots_deleted":0,"code":0,"code_bytes":0},"cache":{"account":{"hits":7,"misses":4,"hit_rate":63.63636363636363},"storage":{"hits":4445,"misses":740,"hit_rate":85.72806171648988},"code":{"hits":1,"misses":0,"hit_rate":100,"hit_bytes":1344,"miss_bytes":0}}}
INFO [03-24|02:39:59.212] Imported new potential chain segment     number=25076 hash=7e9d2f..2eac5d blocks=1 txs=8 mgas=30.729 elapsed=3.111s      mgasps=9.876 triediffs=554.17MiB triedirty=0.00B
INFO [03-24|02:39:59.213] Chain head was updated                   number=25076 hash=7e9d2f..2eac5d root=c2acc6..3a5ed1 elapsed="206.749µs"
