INFO [03-24|02:37:35.616] Starting Geth on Ethereum mainnet...
INFO [03-24|02:37:35.617] Maximum peer count                       ETH=0 total=0
INFO [03-24|02:37:35.618] Smartcard socket not found, disabling    err="stat /run/pcscd/pcscd.comm: no such file or directory"
WARN [03-24|02:37:35.619] Option --miner.etherbase is deprecated as the etherbase is set by the consensus client post-merge
WARN [03-24|02:37:35.621] Snap sync requested, resetting --cache.snapshot
INFO [03-24|02:37:35.622] Global gas cap disabled
INFO [03-24|02:37:36.281] Using developer account                  address=0xf39Fd6e51aad88F6F4ce6aB8827279cffFb92266
INFO [03-24|02:37:36.780] Using pebble as the backing database
INFO [03-24|02:37:36.780] Allocated cache and file handles         database=/home/CPerezz/bintrie-benchmarks/mpt-vs-bintrie/dbs/bt-gd5/geth/chaindata cache=16.00MiB handles=524,288
INFO [03-24|02:37:41.124] Opened ancient database                  database=/home/CPerezz/bintrie-benchmarks/mpt-vs-bintrie/dbs/bt-gd5/geth/chaindata/ancient/chain readonly=true
INFO [03-24|02:37:41.124] Opened Era store                         datadir=/home/CPerezz/bintrie-benchmarks/mpt-vs-bintrie/dbs/bt-gd5/geth/chaindata/ancient/chain/era
INFO [03-24|02:37:41.151] Initializing the KZG library             backend=gokzg
INFO [03-24|02:37:41.152] Allocated trie memory caches             clean=0.00B dirty=0.00B
INFO [03-24|02:37:41.325] Using pebble as the backing database
INFO [03-24|02:37:41.325] Allocated cache and file handles         database=/home/CPerezz/bintrie-benchmarks/mpt-vs-bintrie/dbs/bt-gd5/geth/chaindata cache=16.00MiB handles=524,288
INFO [03-24|02:37:44.117] Opened ancient database                  database=/home/CPerezz/bintrie-benchmarks/mpt-vs-bintrie/dbs/bt-gd5/geth/chaindata/ancient/chain readonly=false
INFO [03-24|02:37:44.117] Opened Era store                         datadir=/home/CPerezz/bintrie-benchmarks/mpt-vs-bintrie/dbs/bt-gd5/geth/chaindata/ancient/chain/era
INFO [03-24|02:37:44.119] State scheme set to already existing     scheme=path
INFO [03-24|02:37:44.120] Initialising Ethereum protocol           network=1337 dbversion=9
INFO [03-24|02:37:44.120] Load database journal from file          path=/home/CPerezz/bintrie-benchmarks/mpt-vs-bintrie/dbs/bt-gd5/geth/triedb/verkle.journal
INFO [03-24|02:37:46.588] Opened ancient database                  database=/home/CPerezz/bintrie-benchmarks/mpt-vs-bintrie/dbs/bt-gd5/geth/chaindata/ancient/state_verkle readonly=false
INFO [03-24|02:37:46.590] State snapshot generator is not found
INFO [03-24|02:37:46.590] Initialized path database                triecache=0.00B statecache=0.00B buffer=0.00B state-history="last 90000 blocks" journal-dir=/home/CPerezz/bintrie-benchmarks/mpt-vs-bintrie/dbs/bt-gd5/geth/triedb verkle=true
INFO [03-24|02:37:46.591] 
INFO [03-24|02:37:46.591] ---------------------------------------------------------------------------------------------------------------------------------------------------------
INFO [03-24|02:37:46.591] Chain ID:  1337 (unknown)
INFO [03-24|02:37:46.591] Consensus: unknown
INFO [03-24|02:37:46.591] 
INFO [03-24|02:37:46.591] Pre-Merge hard forks (block based):
INFO [03-24|02:37:46.591]  - Homestead:                   #0       
INFO [03-24|02:37:46.591]  - Tangerine Whistle (EIP 150): #0       
INFO [03-24|02:37:46.592]  - Spurious Dragon/1 (EIP 155): #0       
INFO [03-24|02:37:46.592]  - Spurious Dragon/2 (EIP 158): #0       
INFO [03-24|02:37:46.592]  - Byzantium:                   #0       
INFO [03-24|02:37:46.592]  - Constantinople:              #0       
INFO [03-24|02:37:46.592]  - Petersburg:                  #0       
INFO [03-24|02:37:46.592]  - Istanbul:                    #0       
INFO [03-24|02:37:46.592]  - Muir Glacier:                #0       
INFO [03-24|02:37:46.592]  - Berlin:                      #0       
INFO [03-24|02:37:46.592]  - London:                      #0       
INFO [03-24|02:37:46.592]  - Arrow Glacier:               #0       
INFO [03-24|02:37:46.592]  - Gray Glacier:                #0       
INFO [03-24|02:37:46.592] 
INFO [03-24|02:37:46.592] Merge configured:
INFO [03-24|02:37:46.592]  - Total terminal difficulty:  0
INFO [03-24|02:37:46.592]  - Merge netsplit block:       #0       
INFO [03-24|02:37:46.592] 
INFO [03-24|02:37:46.592] Post-Merge hard forks (timestamp based):
INFO [03-24|02:37:46.592]  - Shanghai:                    @0         
INFO [03-24|02:37:46.592]  - Cancun:                      @0          blob: (target: 3, max: 6, fraction: 3338477)
INFO [03-24|02:37:46.592]  - Prague:                      @0          blob: (target: 6, max: 9, fraction: 5225352)
INFO [03-24|02:37:46.592]  - Verkle:                      @0          blob: (nil)
INFO [03-24|02:37:46.592] 
INFO [03-24|02:37:46.592] All fork specifications can be found at https://ethereum.github.io/execution-specs/src/ethereum/forks/
INFO [03-24|02:37:46.592] 
INFO [03-24|02:37:46.592] ---------------------------------------------------------------------------------------------------------------------------------------------------------
INFO [03-24|02:37:46.592] 
INFO [03-24|02:37:46.593] Loaded most recent local block           number=25069 hash=65309c..81c951 age=29s
INFO [03-24|02:37:46.593] Loaded most recent local finalized block number=25056 hash=37bdc2..a63c19 age=6m31s
INFO [03-24|02:37:46.594] Initialized transaction indexer          range="last 2350000 blocks"
INFO [03-24|02:37:46.594] Initialized log indexer                  firstblock=0 lastblock=25069 firstmap=0 lastmap=4 headindexed=true
INFO [03-24|02:37:46.597] Enabled full-sync                        head=25069 hash=65309c..81c951
INFO [03-24|02:37:46.598] Unprotected transactions allowed
INFO [03-24|02:37:46.598] Gasprice oracle is ignoring threshold set threshold=2
WARN [03-24|02:37:46.598] Unclean shutdown detected                booted=2026-03-24T02:10:37+0100 age=27m9s
INFO [03-24|02:37:46.598] Registered sync override service
WARN [03-24|02:37:46.598] You are running Geth in --dev mode. Please note the following:
WARN [03-24|02:37:46.598] 
WARN [03-24|02:37:46.598]   1. This mode is only intended for fast, iterative development without assumptions on
WARN [03-24|02:37:46.598]      security or persistence.
WARN [03-24|02:37:46.598]   2. The database is created in memory unless specified otherwise. Therefore, shutting down
WARN [03-24|02:37:46.598]      your computer or losing power will wipe your entire block data and chain state for
WARN [03-24|02:37:46.598]      your dev environment.
WARN [03-24|02:37:46.598]   3. A random, pre-allocated developer account will be available and unlocked as
WARN [03-24|02:37:46.598]      eth.coinbase, which can be used for testing. The random dev account is temporary,
WARN [03-24|02:37:46.598]      stored on a ramdisk, and will be lost if your machine is restarted.
WARN [03-24|02:37:46.598]   4. Mining is enabled by default. However, the client will only seal blocks if transactions
WARN [03-24|02:37:46.598]      are pending in the mempool. The miner's minimum accepted gas price is 1.
WARN [03-24|02:37:46.598]   5. Networking is disabled; there is no listen-address, the maximum number of peers is set
WARN [03-24|02:37:46.598]      to 0, and discovery is disabled.
WARN [03-24|02:37:46.598] 
INFO [03-24|02:37:46.598] Starting peer-to-peer node               instance=Geth/v1.17.2-unstable-991300c4-20260319/linux-amd64/go1.24.1
WARN [03-24|02:37:46.599] P2P server will be useless, neither dialing nor listening
INFO [03-24|02:37:46.602] IPC endpoint opened                      url=/home/CPerezz/bintrie-benchmarks/mpt-vs-bintrie/dbs/bt-gd5/geth.ipc
ERROR[03-24|02:37:46.603] Unavailable modules in HTTP API list     unavailable=[personal] available="[admin debug web3 eth txpool miner net dev testing]"
INFO [03-24|02:37:46.603] HTTP server started                      endpoint=[::]:8545 auth=false prefix= cors= vhosts=localhost
INFO [03-24|02:37:46.603] WebSocket enabled                        url=ws://[::]:8546
INFO [03-24|02:37:46.604] New local node record                    seq=1,774,173,716,147 id=5ca20ce916776c2d ip=127.0.0.1 udp=0 tcp=0
INFO [03-24|02:37:46.604] Started P2P networking                   self=enode://1077caac14890773549d39754d8c8bc5e612fe651148195d9a07a9cf579886d29513235e655b87f0a9b698489f0fa6ab6844ce86094074ef6793d42e9b0e3c5f@127.0.0.1:0
INFO [03-24|02:37:46.714] Loaded local transaction journal         transactions=2272 dropped=0
INFO [03-24|02:37:47.918] Submitted contract creation              hash=0x9bf26f838ca4cccc2c9679c07e4a6b4162b25caf411c50a62dfe81ac4dc86b7b from=0xf39Fd6e51aad88F6F4ce6aB8827279cffFb92266 nonce=80 contract=0x172076E0166D1F9Cc711C77Adf8488051744980C value=0
INFO [03-24|02:37:47.921] Submitted transaction                    hash=0x01f75dc533fe6e143aa34a1c2ca7ff0afe2857287bbae015610f3ae5727d4a31 from=0xf39Fd6e51aad88F6F4ce6aB8827279cffFb92266 nonce=81 recipient=0x459C1f1C8e5933f6A18e91F669d2Df6254C59CE6 value=600,000,001,300,000,000
INFO [03-24|02:37:48.680] Started log indexer
INFO [03-24|02:37:48.690] Starting work on payload                 id=0x03b26e63e5b9c023
INFO [03-24|02:37:48.694] Updated payload                          id=0x03b26e63e5b9c023 number=25070 hash=cbcc89..624198 txs=2 withdrawals=0 gas=86226 fees=0.0005173560003 root=ad78b5..714ce2 elapsed=4.444ms
INFO [03-24|02:37:48.694] Stopping work on payload                 id=0x03b26e63e5b9c023 reason=delivery
WARN [03-24|02:37:48.697] {"level":"warn","msg":"Slow block","block":{"number":25070,"hash":"0xcbcc89f1f06e04d50580b82303b84006e409a277d335c21f25e9912ba1624198","gas_used":86226,"tx_count":2},"timing":{"execution_ms":0.197878,"state_read_ms":0.946966,"state_hash_ms":0.450278,"commit_ms":0.316058,"total_ms":2.069829},"throughput":{"mgas_per_sec":41.658513819257536},"state_reads":{"accounts":12,"storage_slots":0,"code":0,"code_bytes":0},"state_writes":{"accounts":3,"accounts_deleted":0,"storage_slots":0,"storage_slots_deleted":0,"code":1,"code_bytes":149},"cache":{"account":{"hits":6,"misses":6,"hit_rate":50},"storage":{"hits":0,"misses":0,"hit_rate":0},"code":{"hits":0,"misses":0,"hit_rate":0,"hit_bytes":0,"miss_bytes":0}}}
INFO [03-24|02:37:48.697] Imported new potential chain segment     number=25070 hash=cbcc89..624198 blocks=1 txs=2 mgas=0.086 elapsed=2.208ms mgasps=39.038 triediffs=497.12MiB triedirty=0.00B
INFO [03-24|02:37:48.697] Chain head was updated                   number=25070 hash=cbcc89..624198 root=ad78b5..714ce2 elapsed="117.379µs"
INFO [03-24|02:37:48.934] Submitted transaction                    hash=0x355498745747a34a77b1f7bab4dbde1dcf244c521d272ee2f65ad49bd23c07b4 from=0x459C1f1C8e5933f6A18e91F669d2Df6254C59CE6 nonce=0  recipient=0x172076E0166D1F9Cc711C77Adf8488051744980C value=0
INFO [03-24|02:37:58.700] Starting work on payload                 id=0x03e29387992b160a
WARN [03-24|02:38:11.669] Block building is interrupted            allowance=2s
INFO [03-24|02:38:11.960] Updated payload                          id=0x03e29387992b160a number=25071 hash=53eff8..65eb0b txs=1 withdrawals=0 gas=71,938,443 fees=0.4316306584    root=e4b05c..d3ffa8 elapsed=13.259s
WARN [03-24|02:38:18.044] Block building is interrupted            allowance=2s
INFO [03-24|02:38:18.418] Stopping work on payload                 id=0x03e29387992b160a reason=timeout
WARN [03-24|02:38:18.472] {"level":"warn","msg":"Slow block","block":{"number":25071,"hash":"0x53eff8a08c57042ca52037e8105a2dd1f32f40ffc00b882f1ef107865265eb0b","gas_used":71938443,"tx_count":1},"timing":{"execution_ms":660.766658,"state_read_ms":5419.714453,"state_hash_ms":372.630917,"commit_ms":55.083675,"total_ms":6508.517221},"throughput":{"mgas_per_sec":11.052969602337017},"state_reads":{"accounts":8,"storage_slots":23667,"code":2,"code_bytes":1493},"state_writes":{"accounts":3,"accounts_deleted":0,"storage_slots":0,"storage_slots_deleted":0,"code":0,"code_bytes":0},"cache":{"account":{"hits":4,"misses":4,"hit_rate":50},"storage":{"hits":11613,"misses":12054,"hit_rate":49.06832298136646},"code":{"hits":2,"misses":0,"hit_rate":100,"hit_bytes":1493,"miss_bytes":0}}}
INFO [03-24|02:38:18.472] Imported new potential chain segment     number=25071 hash=53eff8..65eb0b blocks=1 txs=1 mgas=71.938 elapsed=6.508s      mgasps=11.053 triediffs=505.21MiB triedirty=0.00B
INFO [03-24|02:38:18.473] Chain head was updated                   number=25071 hash=53eff8..65eb0b root=e4b05c..d3ffa8 elapsed="64.949µs"
INFO [03-24|02:38:19.096] Submitted transaction                    hash=0x93dd77ae7f6918d133df7729c18a26f537f487c1bc3d41f5409210862dbeb362 from=0x459C1f1C8e5933f6A18e91F669d2Df6254C59CE6 nonce=1  recipient=0xf39Fd6e51aad88F6F4ce6aB8827279cffFb92266 value=168,306,342,364,527,241
INFO [03-24|02:38:28.479] Starting work on payload                 id=0x03a4655290c680ad
WARN [03-24|02:38:30.579] Block building is interrupted            allowance=2s
INFO [03-24|02:38:31.061] Updated payload                          id=0x03a4655290c680ad number=25072 hash=329f72..d92fa3 txs=6 withdrawals=0 gas=21,955,315 fees=0.04393163      root=58bc9e..ec51f5 elapsed=2.581s
WARN [03-24|02:38:32.926] {"level":"warn","msg":"Slow block","block":{"number":25072,"hash":"0x329f724fa15884d1cc092c0901ecff0b283e7c0eb01f010cf177946545d92fa3","gas_used":21955315,"tx_count":6},"timing":{"execution_ms":31.833461,"state_read_ms":1238.576018,"state_hash_ms":551.126876,"commit_ms":41.782601,"total_ms":1863.512475},"throughput":{"mgas_per_sec":11.781683940699136},"state_reads":{"accounts":11,"storage_slots":3705,"code":1,"code_bytes":1344},"state_writes":{"accounts":7,"accounts_deleted":0,"storage_slots":0,"storage_slots_deleted":0,"code":0,"code_bytes":0},"cache":{"account":{"hits":7,"misses":4,"hit_rate":63.63636363636363},"storage":{"hits":3003,"misses":702,"hit_rate":81.05263157894737},"code":{"hits":1,"misses":0,"hit_rate":100,"hit_bytes":1344,"miss_bytes":0}}}
INFO [03-24|02:38:32.926] Imported new potential chain segment     number=25072 hash=329f72..d92fa3 blocks=1 txs=6 mgas=21.955 elapsed=1.863s      mgasps=11.780 triediffs=519.12MiB triedirty=0.00B
INFO [03-24|02:38:32.927] Chain head was updated                   number=25072 hash=329f72..d92fa3 root=58bc9e..ec51f5 elapsed="106.429µs"
WARN [03-24|02:38:33.229] Block building is interrupted            allowance=2s
