INFO [03-24|02:35:13.592] Starting Geth on Ethereum mainnet...
INFO [03-24|02:35:13.593] Maximum peer count                       ETH=0 total=0
INFO [03-24|02:35:13.594] Smartcard socket not found, disabling    err="stat /run/pcscd/pcscd.comm: no such file or directory"
WARN [03-24|02:35:13.595] Option --miner.etherbase is deprecated as the etherbase is set by the consensus client post-merge
WARN [03-24|02:35:13.596] Snap sync requested, resetting --cache.snapshot
INFO [03-24|02:35:13.596] Global gas cap disabled
INFO [03-24|02:35:14.240] Using developer account                  address=0xf39Fd6e51aad88F6F4ce6aB8827279cffFb92266
INFO [03-24|02:35:14.739] Using pebble as the backing database
INFO [03-24|02:35:14.739] Allocated cache and file handles         database=/home/CPerezz/bintrie-benchmarks/mpt-vs-bintrie/dbs/bt-gd5/geth/chaindata cache=16.00MiB handles=524,288
INFO [03-24|02:35:19.068] Opened ancient database                  database=/home/CPerezz/bintrie-benchmarks/mpt-vs-bintrie/dbs/bt-gd5/geth/chaindata/ancient/chain readonly=true
INFO [03-24|02:35:19.068] Opened Era store                         datadir=/home/CPerezz/bintrie-benchmarks/mpt-vs-bintrie/dbs/bt-gd5/geth/chaindata/ancient/chain/era
INFO [03-24|02:35:19.094] Initializing the KZG library             backend=gokzg
INFO [03-24|02:35:19.096] Allocated trie memory caches             clean=0.00B dirty=0.00B
INFO [03-24|02:35:19.286] Using pebble as the backing database
INFO [03-24|02:35:19.286] Allocated cache and file handles         database=/home/CPerezz/bintrie-benchmarks/mpt-vs-bintrie/dbs/bt-gd5/geth/chaindata cache=16.00MiB handles=524,288
INFO [03-24|02:35:22.110] Opened ancient database                  database=/home/CPerezz/bintrie-benchmarks/mpt-vs-bintrie/dbs/bt-gd5/geth/chaindata/ancient/chain readonly=false
INFO [03-24|02:35:22.110] Opened Era store                         datadir=/home/CPerezz/bintrie-benchmarks/mpt-vs-bintrie/dbs/bt-gd5/geth/chaindata/ancient/chain/era
INFO [03-24|02:35:22.112] State scheme set to already existing     scheme=path
INFO [03-24|02:35:22.113] Initialising Ethereum protocol           network=1337 dbversion=9
INFO [03-24|02:35:22.113] Load database journal from file          path=/home/CPerezz/bintrie-benchmarks/mpt-vs-bintrie/dbs/bt-gd5/geth/triedb/verkle.journal
INFO [03-24|02:35:24.373] Opened ancient database                  database=/home/CPerezz/bintrie-benchmarks/mpt-vs-bintrie/dbs/bt-gd5/geth/chaindata/ancient/state_verkle readonly=false
INFO [03-24|02:35:24.375] State snapshot generator is not found
INFO [03-24|02:35:24.375] Initialized path database                triecache=0.00B statecache=0.00B buffer=0.00B state-history="last 90000 blocks" journal-dir=/home/CPerezz/bintrie-benchmarks/mpt-vs-bintrie/dbs/bt-gd5/geth/triedb verkle=true
INFO [03-24|02:35:24.376] 
INFO [03-24|02:35:24.376] ---------------------------------------------------------------------------------------------------------------------------------------------------------
INFO [03-24|02:35:24.376] Chain ID:  1337 (unknown)
INFO [03-24|02:35:24.376] Consensus: unknown
INFO [03-24|02:35:24.376] 
INFO [03-24|02:35:24.376] Pre-Merge hard forks (block based):
INFO [03-24|02:35:24.376]  - Homestead:                   #0       
INFO [03-24|02:35:24.376]  - Tangerine Whistle (EIP 150): #0       
INFO [03-24|02:35:24.376]  - Spurious Dragon/1 (EIP 155): #0       
INFO [03-24|02:35:24.376]  - Spurious Dragon/2 (EIP 158): #0       
INFO [03-24|02:35:24.376]  - Byzantium:                   #0       
INFO [03-24|02:35:24.376]  - Constantinople:              #0       
INFO [03-24|02:35:24.376]  - Petersburg:                  #0       
INFO [03-24|02:35:24.376]  - Istanbul:                    #0       
INFO [03-24|02:35:24.376]  - Muir Glacier:                #0       
INFO [03-24|02:35:24.376]  - Berlin:                      #0       
INFO [03-24|02:35:24.376]  - London:                      #0       
INFO [03-24|02:35:24.376]  - Arrow Glacier:               #0       
INFO [03-24|02:35:24.376]  - Gray Glacier:                #0       
INFO [03-24|02:35:24.376] 
INFO [03-24|02:35:24.376] Merge configured:
INFO [03-24|02:35:24.376]  - Total terminal difficulty:  0
INFO [03-24|02:35:24.376]  - Merge netsplit block:       #0       
INFO [03-24|02:35:24.376] 
INFO [03-24|02:35:24.376] Post-Merge hard forks (timestamp based):
INFO [03-24|02:35:24.376]  - Shanghai:                    @0         
INFO [03-24|02:35:24.376]  - Cancun:                      @0          blob: (target: 3, max: 6, fraction: 3338477)
INFO [03-24|02:35:24.376]  - Prague:                      @0          blob: (target: 6, max: 9, fraction: 5225352)
INFO [03-24|02:35:24.376]  - Verkle:                      @0          blob: (nil)
INFO [03-24|02:35:24.376] 
INFO [03-24|02:35:24.376] All fork specifications can be found at https://ethereum.github.io/execution-specs/src/ethereum/forks/
INFO [03-24|02:35:24.376] 
INFO [03-24|02:35:24.376] ---------------------------------------------------------------------------------------------------------------------------------------------------------
INFO [03-24|02:35:24.376] 
INFO [03-24|02:35:24.377] Loaded most recent local block           number=25063 hash=50b351..c1bed4 age=29s
INFO [03-24|02:35:24.377] Loaded most recent local finalized block number=25056 hash=37bdc2..a63c19 age=4m9s
INFO [03-24|02:35:24.377] Initialized transaction indexer          range="last 2350000 blocks"
INFO [03-24|02:35:24.377] Initialized log indexer                  firstblock=0 lastblock=25063 firstmap=0 lastmap=4 headindexed=true
INFO [03-24|02:35:24.381] Enabled full-sync                        head=25063 hash=50b351..c1bed4
INFO [03-24|02:35:24.381] Unprotected transactions allowed
INFO [03-24|02:35:24.381] Gasprice oracle is ignoring threshold set threshold=2
WARN [03-24|02:35:24.382] Unclean shutdown detected                booted=2026-03-24T02:10:37+0100 age=24m47s
INFO [03-24|02:35:24.382] Registered sync override service
WARN [03-24|02:35:24.382] You are running Geth in --dev mode. Please note the following:
WARN [03-24|02:35:24.382] 
WARN [03-24|02:35:24.382]   1. This mode is only intended for fast, iterative development without assumptions on
WARN [03-24|02:35:24.382]      security or persistence.
WARN [03-24|02:35:24.382]   2. The database is created in memory unless specified otherwise. Therefore, shutting down
WARN [03-24|02:35:24.382]      your computer or losing power will wipe your entire block data and chain state for
WARN [03-24|02:35:24.382]      your dev environment.
WARN [03-24|02:35:24.382]   3. A random, pre-allocated developer account will be available and unlocked as
WARN [03-24|02:35:24.382]      eth.coinbase, which can be used for testing. The random dev account is temporary,
WARN [03-24|02:35:24.382]      stored on a ramdisk, and will be lost if your machine is restarted.
WARN [03-24|02:35:24.382]   4. Mining is enabled by default. However, the client will only seal blocks if transactions
WARN [03-24|02:35:24.382]      are pending in the mempool. The miner's minimum accepted gas price is 1.
WARN [03-24|02:35:24.382]   5. Networking is disabled; there is no listen-address, the maximum number of peers is set
WARN [03-24|02:35:24.382]      to 0, and discovery is disabled.
WARN [03-24|02:35:24.382] 
INFO [03-24|02:35:24.382] Starting peer-to-peer node               instance=Geth/v1.17.2-unstable-991300c4-20260319/linux-amd64/go1.24.1
WARN [03-24|02:35:24.382] P2P server will be useless, neither dialing nor listening
INFO [03-24|02:35:24.386] IPC endpoint opened                      url=/home/CPerezz/bintrie-benchmarks/mpt-vs-bintrie/dbs/bt-gd5/geth.ipc
ERROR[03-24|02:35:24.386] Unavailable modules in HTTP API list     unavailable=[personal] available="[admin debug web3 eth txpool miner net dev testing]"
INFO [03-24|02:35:24.387] New local node record                    seq=1,774,173,716,145 id=5ca20ce916776c2d ip=127.0.0.1 udp=0 tcp=0
INFO [03-24|02:35:24.387] Started P2P networking                   self=enode://1077caac14890773549d39754d8c8bc5e612fe651148195d9a07a9cf579886d29513235e655b87f0a9b698489f0fa6ab6844ce86094074ef6793d42e9b0e3c5f@127.0.0.1:0
INFO [03-24|02:35:24.387] HTTP server started                      endpoint=[::]:8545 auth=false prefix= cors= vhosts=localhost
INFO [03-24|02:35:24.387] WebSocket enabled                        url=ws://[::]:8546
INFO [03-24|02:35:24.523] Loaded local transaction journal         transactions=2264 dropped=0
INFO [03-24|02:35:25.917] Submitted contract creation              hash=0xdc80022ed724a95ca7a7ce8fb4b670bf0d39b3b32e0a5a8c103e0fb9a2440689 from=0xf39Fd6e51aad88F6F4ce6aB8827279cffFb92266 nonce=76 contract=0x8198f5d8F8CfFE8f9C413d98a0A55aEB8ab9FbB7 value=0
INFO [03-24|02:35:25.918] Submitted transaction                    hash=0xb86c1186033d4dbb782b4e8730cc2ca1aa70cdb355da06a665f64a14961ff4dc from=0xf39Fd6e51aad88F6F4ce6aB8827279cffFb92266 nonce=77 recipient=0x63eD36760ABECa444fa5E5B20437A221a970b525 value=600,000,001,300,000,000
INFO [03-24|02:35:26.172] Started log indexer
INFO [03-24|02:35:26.182] Starting work on payload                 id=0x0348a296f741ca51
INFO [03-24|02:35:26.187] Updated payload                          id=0x0348a296f741ca51 number=25064 hash=c0aed4..c0599b txs=2 withdrawals=0 gas=86226 fees=0.0005173560003 root=6e468f..cbc7d6 elapsed=4.604ms
INFO [03-24|02:35:26.187] Stopping work on payload                 id=0x0348a296f741ca51 reason=delivery
WARN [03-24|02:35:26.191] {"level":"warn","msg":"Slow block","block":{"number":25064,"hash":"0xc0aed45f0554d4284020b37eec7cadab08ee5915dc61220468fca78be5c0599b","gas_used":86226,"tx_count":2},"timing":{"execution_ms":0.190141,"state_read_ms":1.828948,"state_hash_ms":0.490327,"commit_ms":0.534567,"total_ms":3.300042},"throughput":{"mgas_per_sec":26.12875836125722},"state_reads":{"accounts":12,"storage_slots":0,"code":0,"code_bytes":0},"state_writes":{"accounts":3,"accounts_deleted":0,"storage_slots":0,"storage_slots_deleted":0,"code":1,"code_bytes":149},"cache":{"account":{"hits":6,"misses":6,"hit_rate":50},"storage":{"hits":0,"misses":0,"hit_rate":0},"code":{"hits":0,"misses":0,"hit_rate":0,"hit_bytes":0,"miss_bytes":0}}}
INFO [03-24|02:35:26.191] Imported new potential chain segment     number=25064 hash=c0aed4..c0599b blocks=1 txs=2 mgas=0.086 elapsed=3.657ms mgasps=23.575 triediffs=454.60MiB triedirty=0.00B
INFO [03-24|02:35:26.192] Chain head was updated                   number=25064 hash=c0aed4..c0599b root=6e468f..cbc7d6 elapsed="231.799µs"
INFO [03-24|02:35:26.932] Submitted transaction                    hash=0x59012270e8daab5df94c8c5d53fba408f885f672da421a94bed2c7983b070153 from=0x63eD36760ABECa444fa5E5B20437A221a970b525 nonce=0  recipient=0x8198f5d8F8CfFE8f9C413d98a0A55aEB8ab9FbB7 value=0
INFO [03-24|02:35:36.195] Starting work on payload                 id=0x03aabbf67fb60a72
WARN [03-24|02:35:49.370] Block building is interrupted            allowance=2s
INFO [03-24|02:35:49.681] Updated payload                          id=0x03aabbf67fb60a72 number=25065 hash=49849c..108b8f txs=1 withdrawals=0 gas=71,938,443 fees=0.4316306584    root=628213..8c067e elapsed=13.486s
WARN [03-24|02:35:55.544] Block building is interrupted            allowance=2s
INFO [03-24|02:35:55.877] Stopping work on payload                 id=0x03aabbf67fb60a72 reason=delivery
WARN [03-24|02:35:55.932] {"level":"warn","msg":"Slow block","block":{"number":25065,"hash":"0x49849c15fc0f5740d8a5f69e77c6b1a161d648dfea6ac7bf63832f8a54108b8f","gas_used":71938443,"tx_count":1},"timing":{"execution_ms":632.967359,"state_read_ms":5227.068492,"state_hash_ms":328.66403,"commit_ms":58.831132,"total_ms":6247.738952},"throughput":{"mgas_per_sec":11.514316387526302},"state_reads":{"accounts":8,"storage_slots":23667,"code":2,"code_bytes":1493},"state_writes":{"accounts":3,"accounts_deleted":0,"storage_slots":0,"storage_slots_deleted":0,"code":0,"code_bytes":0},"cache":{"account":{"hits":4,"misses":4,"hit_rate":50},"storage":{"hits":6664,"misses":17003,"hit_rate":28.157349896480333},"code":{"hits":2,"misses":0,"hit_rate":100,"hit_bytes":1493,"miss_bytes":0}}}
INFO [03-24|02:35:55.932] Imported new potential chain segment     number=25065 hash=49849c..108b8f blocks=1 txs=1 mgas=71.938 elapsed=6.248s      mgasps=11.514 triediffs=462.64MiB triedirty=0.00B
INFO [03-24|02:35:55.933] Chain head was updated                   number=25065 hash=49849c..108b8f root=628213..8c067e elapsed="53.5µs"
INFO [03-24|02:35:56.088] Submitted transaction                    hash=0xb181b3bbfbe18232ff5bb4b925622e1bcd6fbc3136c16cc978edad3d2772ab3a from=0x63eD36760ABECa444fa5E5B20437A221a970b525 nonce=1  recipient=0xf39Fd6e51aad88F6F4ce6aB8827279cffFb92266 value=168,306,342,364,527,241
INFO [03-24|02:36:05.937] Starting work on payload                 id=0x0345c29cba9629e2
WARN [03-24|02:36:08.047] Block building is interrupted            allowance=2s
INFO [03-24|02:36:08.539] Updated payload                          id=0x0345c29cba9629e2 number=25066 hash=d98f30..c297ce txs=6 withdrawals=0 gas=21,955,315 fees=0.04393163      root=6219d8..429aa4 elapsed=2.601s
WARN [03-24|02:36:10.568] {"level":"warn","msg":"Slow block","block":{"number":25066,"hash":"0xd98f306f26d53759bd6aea2fd0b11aba814c6b50cec7bd40dee3314b73c297ce","gas_used":21955315,"tx_count":6},"timing":{"execution_ms":48.984475,"state_read_ms":1326.879145,"state_hash_ms":576.253798,"commit_ms":73.848785,"total_ms":2026.401942},"throughput":{"mgas_per_sec":10.834629865351758},"state_reads":{"accounts":10,"storage_slots":3704,"code":1,"code_bytes":1344},"state_writes":{"accounts":6,"accounts_deleted":0,"storage_slots":0,"storage_slots_deleted":0,"code":0,"code_bytes":0},"cache":{"account":{"hits":6,"misses":4,"hit_rate":60},"storage":{"hits":2982,"misses":722,"hit_rate":80.50755939524838},"code":{"hits":1,"misses":0,"hit_rate":100,"hit_bytes":1344,"miss_bytes":0}}}
INFO [03-24|02:36:10.569] Imported new potential chain segment     number=25066 hash=d98f30..c297ce blocks=1 txs=6 mgas=21.955 elapsed=2.026s      mgasps=10.833 triediffs=476.54MiB triedirty=0.00B
INFO [03-24|02:36:10.570] Chain head was updated                   number=25066 hash=d98f30..c297ce root=6219d8..429aa4 elapsed="103.599µs"
WARN [03-24|02:36:10.834] Block building is interrupted            allowance=2s
