INFO [03-24|02:45:20.056] Starting Geth on Ethereum mainnet...
INFO [03-24|02:45:20.058] Maximum peer count                       ETH=0 total=0
INFO [03-24|02:45:20.059] Smartcard socket not found, disabling    err="stat /run/pcscd/pcscd.comm: no such file or directory"
WARN [03-24|02:45:20.060] Option --miner.etherbase is deprecated as the etherbase is set by the consensus client post-merge
WARN [03-24|02:45:20.061] Snap sync requested, resetting --cache.snapshot
INFO [03-24|02:45:20.061] Global gas cap disabled
INFO [03-24|02:45:20.705] Using developer account                  address=0xf39Fd6e51aad88F6F4ce6aB8827279cffFb92266
INFO [03-24|02:45:21.205] Using pebble as the backing database
INFO [03-24|02:45:21.205] Allocated cache and file handles         database=/home/CPerezz/bintrie-benchmarks/mpt-vs-bintrie/dbs/bt-gd5/geth/chaindata cache=16.00MiB handles=524,288
INFO [03-24|02:45:25.577] Opened ancient database                  database=/home/CPerezz/bintrie-benchmarks/mpt-vs-bintrie/dbs/bt-gd5/geth/chaindata/ancient/chain readonly=true
INFO [03-24|02:45:25.577] Opened Era store                         datadir=/home/CPerezz/bintrie-benchmarks/mpt-vs-bintrie/dbs/bt-gd5/geth/chaindata/ancient/chain/era
INFO [03-24|02:45:25.603] Initializing the KZG library             backend=gokzg
INFO [03-24|02:45:25.604] Allocated trie memory caches             clean=0.00B dirty=0.00B
INFO [03-24|02:45:25.778] Using pebble as the backing database
INFO [03-24|02:45:25.778] Allocated cache and file handles         database=/home/CPerezz/bintrie-benchmarks/mpt-vs-bintrie/dbs/bt-gd5/geth/chaindata cache=16.00MiB handles=524,288
INFO [03-24|02:45:28.553] Opened ancient database                  database=/home/CPerezz/bintrie-benchmarks/mpt-vs-bintrie/dbs/bt-gd5/geth/chaindata/ancient/chain readonly=false
INFO [03-24|02:45:28.553] Opened Era store                         datadir=/home/CPerezz/bintrie-benchmarks/mpt-vs-bintrie/dbs/bt-gd5/geth/chaindata/ancient/chain/era
INFO [03-24|02:45:28.555] State scheme set to already existing     scheme=path
INFO [03-24|02:45:28.558] Initialising Ethereum protocol           network=1337 dbversion=9
INFO [03-24|02:45:28.558] Load database journal from file          path=/home/CPerezz/bintrie-benchmarks/mpt-vs-bintrie/dbs/bt-gd5/geth/triedb/verkle.journal
INFO [03-24|02:45:31.850] Opened ancient database                  database=/home/CPerezz/bintrie-benchmarks/mpt-vs-bintrie/dbs/bt-gd5/geth/chaindata/ancient/state_verkle readonly=false
INFO [03-24|02:45:31.852] State snapshot generator is not found
INFO [03-24|02:45:31.852] Initialized path database                triecache=0.00B statecache=0.00B buffer=0.00B state-history="last 90000 blocks" journal-dir=/home/CPerezz/bintrie-benchmarks/mpt-vs-bintrie/dbs/bt-gd5/geth/triedb verkle=true
INFO [03-24|02:45:31.853] 
INFO [03-24|02:45:31.853] ---------------------------------------------------------------------------------------------------------------------------------------------------------
INFO [03-24|02:45:31.853] Chain ID:  1337 (unknown)
INFO [03-24|02:45:31.853] Consensus: unknown
INFO [03-24|02:45:31.853] 
INFO [03-24|02:45:31.853] Pre-Merge hard forks (block based):
INFO [03-24|02:45:31.853]  - Homestead:                   #0       
INFO [03-24|02:45:31.853]  - Tangerine Whistle (EIP 150): #0       
INFO [03-24|02:45:31.853]  - Spurious Dragon/1 (EIP 155): #0       
INFO [03-24|02:45:31.853]  - Spurious Dragon/2 (EIP 158): #0       
INFO [03-24|02:45:31.853]  - Byzantium:                   #0       
INFO [03-24|02:45:31.853]  - Constantinople:              #0       
INFO [03-24|02:45:31.853]  - Petersburg:                  #0       
INFO [03-24|02:45:31.853]  - Istanbul:                    #0       
INFO [03-24|02:45:31.853]  - Muir Glacier:                #0       
INFO [03-24|02:45:31.853]  - Berlin:                      #0       
INFO [03-24|02:45:31.853]  - London:                      #0       
INFO [03-24|02:45:31.853]  - Arrow Glacier:               #0       
INFO [03-24|02:45:31.853]  - Gray Glacier:                #0       
INFO [03-24|02:45:31.853] 
INFO [03-24|02:45:31.853] Merge configured:
INFO [03-24|02:45:31.853]  - Total terminal difficulty:  0
INFO [03-24|02:45:31.853]  - Merge netsplit block:       #0       
INFO [03-24|02:45:31.853] 
INFO [03-24|02:45:31.853] Post-Merge hard forks (timestamp based):
INFO [03-24|02:45:31.853]  - Shanghai:                    @0         
INFO [03-24|02:45:31.853]  - Cancun:                      @0          blob: (target: 3, max: 6, fraction: 3338477)
INFO [03-24|02:45:31.853]  - Prague:                      @0          blob: (target: 6, max: 9, fraction: 5225352)
INFO [03-24|02:45:31.853]  - Verkle:                      @0          blob: (nil)
INFO [03-24|02:45:31.853] 
INFO [03-24|02:45:31.853] All fork specifications can be found at https://ethereum.github.io/execution-specs/src/ethereum/forks/
INFO [03-24|02:45:31.853] 
INFO [03-24|02:45:31.853] ---------------------------------------------------------------------------------------------------------------------------------------------------------
INFO [03-24|02:45:31.853] 
INFO [03-24|02:45:31.853] Loaded most recent local block           number=25089 hash=2be86a..312f2a age=30s
INFO [03-24|02:45:31.854] Loaded most recent local finalized block number=25088 hash=20bf38..06c8b3 age=1m2s
INFO [03-24|02:45:31.854] Initialized transaction indexer          range="last 2350000 blocks"
INFO [03-24|02:45:31.854] Initialized log indexer                  firstblock=0 lastblock=25089 firstmap=0 lastmap=4 headindexed=true
INFO [03-24|02:45:31.859] Enabled full-sync                        head=25089 hash=2be86a..312f2a
INFO [03-24|02:45:31.859] Unprotected transactions allowed
INFO [03-24|02:45:31.859] Gasprice oracle is ignoring threshold set threshold=2
WARN [03-24|02:45:31.859] Unclean shutdown detected                booted=2026-03-24T02:10:37+0100 age=34m54s
INFO [03-24|02:45:31.859] Registered sync override service
WARN [03-24|02:45:31.859] You are running Geth in --dev mode. Please note the following:
WARN [03-24|02:45:31.859] 
WARN [03-24|02:45:31.859]   1. This mode is only intended for fast, iterative development without assumptions on
WARN [03-24|02:45:31.859]      security or persistence.
WARN [03-24|02:45:31.859]   2. The database is created in memory unless specified otherwise. Therefore, shutting down
WARN [03-24|02:45:31.859]      your computer or losing power will wipe your entire block data and chain state for
WARN [03-24|02:45:31.859]      your dev environment.
WARN [03-24|02:45:31.859]   3. A random, pre-allocated developer account will be available and unlocked as
WARN [03-24|02:45:31.859]      eth.coinbase, which can be used for testing. The random dev account is temporary,
WARN [03-24|02:45:31.859]      stored on a ramdisk, and will be lost if your machine is restarted.
WARN [03-24|02:45:31.859]   4. Mining is enabled by default. However, the client will only seal blocks if transactions
WARN [03-24|02:45:31.859]      are pending in the mempool. The miner's minimum accepted gas price is 1.
WARN [03-24|02:45:31.859]   5. Networking is disabled; there is no listen-address, the maximum number of peers is set
WARN [03-24|02:45:31.859]      to 0, and discovery is disabled.
WARN [03-24|02:45:31.859] 
INFO [03-24|02:45:31.859] Starting peer-to-peer node               instance=Geth/v1.17.2-unstable-991300c4-20260319/linux-amd64/go1.24.1
WARN [03-24|02:45:31.859] P2P server will be useless, neither dialing nor listening
INFO [03-24|02:45:31.864] IPC endpoint opened                      url=/home/CPerezz/bintrie-benchmarks/mpt-vs-bintrie/dbs/bt-gd5/geth.ipc
ERROR[03-24|02:45:31.864] Unavailable modules in HTTP API list     unavailable=[personal] available="[admin debug web3 eth txpool miner net dev testing]"
INFO [03-24|02:45:31.864] New local node record                    seq=1,774,173,716,153 id=5ca20ce916776c2d ip=127.0.0.1 udp=0 tcp=0
INFO [03-24|02:45:31.864] Started P2P networking                   self=enode://1077caac14890773549d39754d8c8bc5e612fe651148195d9a07a9cf579886d29513235e655b87f0a9b698489f0fa6ab6844ce86094074ef6793d42e9b0e3c5f@127.0.0.1:0
INFO [03-24|02:45:31.865] HTTP server started                      endpoint=[::]:8545 auth=false prefix= cors= vhosts=localhost
INFO [03-24|02:45:31.865] WebSocket enabled                        url=ws://[::]:8546
INFO [03-24|02:45:31.985] Loaded local transaction journal         transactions=2296 dropped=0
INFO [03-24|02:45:33.383] Submitted contract creation              hash=0xc10b1866296c503c193ce30807d8df0d974b1408e8a64d1c12c471bf861661c0 from=0xf39Fd6e51aad88F6F4ce6aB8827279cffFb92266 nonce=92 contract=0x49fd2BE640DB2910c2fAb69bB8531Ab6E76127ff value=0
INFO [03-24|02:45:33.385] Submitted transaction                    hash=0x7fa1a8a61f18d57980e3606bdde71bb7b57b4333efc355c3fceb4ab7f715ebc6 from=0xf39Fd6e51aad88F6F4ce6aB8827279cffFb92266 nonce=93 recipient=0x06b7E3e4dA72ec17981d12e455898f26fE46D08b value=600,000,001,300,000,000
INFO [03-24|02:45:34.070] Started log indexer
INFO [03-24|02:45:34.080] Starting work on payload                 id=0x03f9a16acb44604f
INFO [03-24|02:45:34.086] Updated payload                          id=0x03f9a16acb44604f number=25090 hash=ea8da2..6e1186 txs=2 withdrawals=0 gas=86226 fees=0.0005173560003 root=bf9f9e..772456 elapsed=6.491ms
INFO [03-24|02:45:34.086] Stopping work on payload                 id=0x03f9a16acb44604f reason=delivery
WARN [03-24|02:45:34.089] {"level":"warn","msg":"Slow block","block":{"number":25090,"hash":"0xea8da2d40ba2447a0f320feed72cd09e3d1a4ac9aff30649750892fbac6e1186","gas_used":86226,"tx_count":2},"timing":{"execution_ms":0.058699,"state_read_ms":0.811396,"state_hash_ms":0.672776,"commit_ms":0.206959,"total_ms":2.542367},"throughput":{"mgas_per_sec":33.915638458176964},"state_reads":{"accounts":12,"storage_slots":0,"code":0,"code_bytes":0},"state_writes":{"accounts":3,"accounts_deleted":0,"storage_slots":0,"storage_slots_deleted":0,"code":1,"code_bytes":149},"cache":{"account":{"hits":6,"misses":6,"hit_rate":50},"storage":{"hits":0,"misses":0,"hit_rate":0},"code":{"hits":0,"misses":0,"hit_rate":0,"hit_bytes":0,"miss_bytes":0}}}
INFO [03-24|02:45:34.089] Imported new potential chain segment     number=25090 hash=ea8da2..6e1186 blocks=1 txs=2 mgas=0.086 elapsed=2.671ms mgasps=32.278 triediffs=653.73MiB triedirty=0.00B
INFO [03-24|02:45:34.089] Chain head was updated                   number=25090 hash=ea8da2..6e1186 root=bf9f9e..772456 elapsed="103.609µs"
INFO [03-24|02:45:34.398] Submitted transaction                    hash=0x152c51e1b394f91ba72f8e39de7632558361e584e81c7983e23a452d541c762c from=0x06b7E3e4dA72ec17981d12e455898f26fE46D08b nonce=0  recipient=0x49fd2BE640DB2910c2fAb69bB8531Ab6E76127ff value=0
INFO [03-24|02:45:44.092] Starting work on payload                 id=0x037a6f2ce443b43d
WARN [03-24|02:45:57.179] Block building is interrupted            allowance=2s
INFO [03-24|02:45:57.540] Updated payload                          id=0x037a6f2ce443b43d number=25091 hash=854b1c..14db52 txs=1 withdrawals=0 gas=71,938,443 fees=0.4316306584    root=2af1f6..a31e18 elapsed=13.448s
WARN [03-24|02:46:03.805] Block building is interrupted            allowance=2s
INFO [03-24|02:46:04.188] Stopping work on payload                 id=0x037a6f2ce443b43d reason=delivery
WARN [03-24|02:46:04.244] {"level":"warn","msg":"Slow block","block":{"number":25091,"hash":"0x854b1cb26bee57093995249372b1d1948bea963fad100837db7639b8c014db52","gas_used":71938443,"tx_count":1},"timing":{"execution_ms":657.712874,"state_read_ms":5611.386169,"state_hash_ms":377.335537,"commit_ms":55.851033,"total_ms":6702.526743},"throughput":{"mgas_per_sec":10.733033340766784},"state_reads":{"accounts":8,"storage_slots":23667,"code":2,"code_bytes":1493},"state_writes":{"accounts":3,"accounts_deleted":0,"storage_slots":0,"storage_slots_deleted":0,"code":0,"code_bytes":0},"cache":{"account":{"hits":3,"misses":5,"hit_rate":37.5},"storage":{"hits":9702,"misses":13965,"hit_rate":40.993788819875775},"code":{"hits":2,"misses":0,"hit_rate":100,"hit_bytes":1493,"miss_bytes":0}}}
INFO [03-24|02:46:04.245] Imported new potential chain segment     number=25091 hash=854b1c..14db52 blocks=1 txs=1 mgas=71.938 elapsed=6.702s      mgasps=10.733 triediffs=661.81MiB triedirty=0.00B
INFO [03-24|02:46:04.246] Chain head was updated                   number=25091 hash=854b1c..14db52 root=2af1f6..a31e18 elapsed="57.21µs"
INFO [03-24|02:46:04.559] Submitted transaction                    hash=0x786d2d6189c14730bd620b4288a6564fc09d015e351070efcee3c9d9c7058cdc from=0x06b7E3e4dA72ec17981d12e455898f26fE46D08b nonce=1  recipient=0xf39Fd6e51aad88F6F4ce6aB8827279cffFb92266 value=168,306,342,364,527,241
INFO [03-24|02:46:14.250] Starting work on payload                 id=0x0318fb874932f34c
WARN [03-24|02:46:16.362] Block building is interrupted            allowance=2s
INFO [03-24|02:46:16.894] Updated payload                          id=0x0318fb874932f34c number=25092 hash=e77f1a..5f6d95 txs=6 withdrawals=0 gas=21,955,315 fees=0.04393163      root=57e8ef..d629b8 elapsed=2.643s
WARN [03-24|02:46:19.149] {"level":"warn","msg":"Slow block","block":{"number":25092,"hash":"0xe77f1abc6d4d836f8932465ec5491795ca6f0e2124b7f8bfe465a13bf45f6d95","gas_used":21955315,"tx_count":6},"timing":{"execution_ms":61.536713,"state_read_ms":1417.083802,"state_hash_ms":697.069934,"commit_ms":75.416862,"total_ms":2251.390799},"throughput":{"mgas_per_sec":9.751889813954952},"state_reads":{"accounts":11,"storage_slots":3705,"code":1,"code_bytes":1344},"state_writes":{"accounts":7,"accounts_deleted":0,"storage_slots":0,"storage_slots_deleted":0,"code":0,"code_bytes":0},"cache":{"account":{"hits":7,"misses":4,"hit_rate":63.63636363636363},"storage":{"hits":2981,"misses":724,"hit_rate":80.45883940620783},"code":{"hits":1,"misses":0,"hit_rate":100,"hit_bytes":1344,"miss_bytes":0}}}
INFO [03-24|02:46:19.149] Imported new potential chain segment     number=25092 hash=e77f1a..5f6d95 blocks=1 txs=6 mgas=21.955 elapsed=2.251s      mgasps=9.750  triediffs=675.73MiB triedirty=0.00B
INFO [03-24|02:46:19.150] Chain head was updated                   number=25092 hash=e77f1a..5f6d95 root=57e8ef..d629b8 elapsed="129.56µs"
WARN [03-24|02:46:19.289] Block building is interrupted            allowance=2s
