INFO [03-26|17:37:44.576] Starting Geth on Ethereum mainnet...
INFO [03-26|17:37:44.577] Maximum peer count                       ETH=0 total=0
INFO [03-26|17:37:44.578] Smartcard socket not found, disabling    err="stat /run/pcscd/pcscd.comm: no such file or directory"
WARN [03-26|17:37:44.580] Option --miner.etherbase is deprecated as the etherbase is set by the consensus client post-merge
WARN [03-26|17:37:44.582] Snap sync requested, resetting --cache.snapshot
INFO [03-26|17:37:44.582] Global gas cap disabled
INFO [03-26|17:37:45.231] Using developer account                  address=0xf39Fd6e51aad88F6F4ce6aB8827279cffFb92266
INFO [03-26|17:37:45.473] Using pebble as the backing database
INFO [03-26|17:37:45.473] Allocated cache and file handles         database=/home/CPerezz/bintrie-benchmarks/mpt-vs-bintrie/dbs/mpt/geth/chaindata cache=16.00MiB handles=524,288
INFO [03-26|17:37:47.689] Opened ancient database                  database=/home/CPerezz/bintrie-benchmarks/mpt-vs-bintrie/dbs/mpt/geth/chaindata/ancient/chain readonly=true
INFO [03-26|17:37:47.689] Opened Era store                         datadir=/home/CPerezz/bintrie-benchmarks/mpt-vs-bintrie/dbs/mpt/geth/chaindata/ancient/chain/era
INFO [03-26|17:37:47.699] Initializing the KZG library             backend=gokzg
INFO [03-26|17:37:47.699] Allocated trie memory caches             clean=0.00B dirty=0.00B
INFO [03-26|17:37:47.777] Using pebble as the backing database
INFO [03-26|17:37:47.777] Allocated cache and file handles         database=/home/CPerezz/bintrie-benchmarks/mpt-vs-bintrie/dbs/mpt/geth/chaindata cache=16.00MiB handles=524,288
INFO [03-26|17:37:49.097] Opened ancient database                  database=/home/CPerezz/bintrie-benchmarks/mpt-vs-bintrie/dbs/mpt/geth/chaindata/ancient/chain readonly=false
INFO [03-26|17:37:49.097] Opened Era store                         datadir=/home/CPerezz/bintrie-benchmarks/mpt-vs-bintrie/dbs/mpt/geth/chaindata/ancient/chain/era
INFO [03-26|17:37:49.099] State scheme set to already existing     scheme=path
INFO [03-26|17:37:49.101] Initialising Ethereum protocol           network=1337 dbversion=9
INFO [03-26|17:37:49.101] Load database journal from file          path=/home/CPerezz/bintrie-benchmarks/mpt-vs-bintrie/dbs/mpt/geth/triedb/merkle.journal
INFO [03-26|17:37:51.089] Opened ancient database                  database=/home/CPerezz/bintrie-benchmarks/mpt-vs-bintrie/dbs/mpt/geth/chaindata/ancient/state readonly=false
INFO [03-26|17:37:51.090] Initialized path database                triecache=0.00B statecache=0.00B buffer=0.00B state-history="last 90000 blocks" journal-dir=/home/CPerezz/bintrie-benchmarks/mpt-vs-bintrie/dbs/mpt/geth/triedb
INFO [03-26|17:37:51.090] 
INFO [03-26|17:37:51.090] ---------------------------------------------------------------------------------------------------------------------------------------------------------
INFO [03-26|17:37:51.090] Chain ID:  1337 (unknown)
INFO [03-26|17:37:51.090] Consensus: unknown
INFO [03-26|17:37:51.090] 
INFO [03-26|17:37:51.090] Pre-Merge hard forks (block based):
INFO [03-26|17:37:51.090]  - Homestead:                   #0       
INFO [03-26|17:37:51.090]  - Tangerine Whistle (EIP 150): #0       
INFO [03-26|17:37:51.090]  - Spurious Dragon/1 (EIP 155): #0       
INFO [03-26|17:37:51.090]  - Spurious Dragon/2 (EIP 158): #0       
INFO [03-26|17:37:51.090]  - Byzantium:                   #0       
INFO [03-26|17:37:51.090]  - Constantinople:              #0       
INFO [03-26|17:37:51.090]  - Petersburg:                  #0       
INFO [03-26|17:37:51.090]  - Istanbul:                    #0       
INFO [03-26|17:37:51.090]  - Muir Glacier:                #0       
INFO [03-26|17:37:51.090]  - Berlin:                      #0       
INFO [03-26|17:37:51.090]  - London:                      #0       
INFO [03-26|17:37:51.090]  - Arrow Glacier:               #0       
INFO [03-26|17:37:51.090]  - Gray Glacier:                #0       
INFO [03-26|17:37:51.090] 
INFO [03-26|17:37:51.090] Merge configured:
INFO [03-26|17:37:51.090]  - Total terminal difficulty:  0
INFO [03-26|17:37:51.090]  - Merge netsplit block:       #0       
INFO [03-26|17:37:51.090] 
INFO [03-26|17:37:51.090] Post-Merge hard forks (timestamp based):
INFO [03-26|17:37:51.090]  - Shanghai:                    @0         
INFO [03-26|17:37:51.090]  - Cancun:                      @0          blob: (target: 3, max: 6, fraction: 3338477)
INFO [03-26|17:37:51.090]  - Prague:                      @0          blob: (target: 6, max: 9, fraction: 5225352)
INFO [03-26|17:37:51.090]  - Osaka:                       @4294967295 blob: (target: 9, max: 12, fraction: 5225352)
INFO [03-26|17:37:51.090] 
INFO [03-26|17:37:51.090] All fork specifications can be found at https://ethereum.github.io/execution-specs/src/ethereum/forks/
INFO [03-26|17:37:51.090] 
INFO [03-26|17:37:51.090] ---------------------------------------------------------------------------------------------------------------------------------------------------------
INFO [03-26|17:37:51.090] 
INFO [03-26|17:37:51.091] Loaded most recent local block           number=64034 hash=eafe32..63e8bd age=26s
INFO [03-26|17:37:51.091] Loaded most recent local finalized block number=64032 hash=cbcc68..28addb age=46s
INFO [03-26|17:37:51.091] Initialized transaction indexer          range="last 2350000 blocks"
INFO [03-26|17:37:51.091] Initialized log indexer                  firstblock=0 lastblock=64034 firstmap=0 lastmap=4 headindexed=true
INFO [03-26|17:37:51.098] Enabled full-sync                        head=64034 hash=eafe32..63e8bd
INFO [03-26|17:37:51.098] Unprotected transactions allowed
INFO [03-26|17:37:51.098] Gasprice oracle is ignoring threshold set threshold=2
INFO [03-26|17:37:51.099] Registered sync override service
WARN [03-26|17:37:51.099] You are running Geth in --dev mode. Please note the following:
WARN [03-26|17:37:51.099] 
WARN [03-26|17:37:51.099]   1. This mode is only intended for fast, iterative development without assumptions on
WARN [03-26|17:37:51.099]      security or persistence.
WARN [03-26|17:37:51.099]   2. The database is created in memory unless specified otherwise. Therefore, shutting down
WARN [03-26|17:37:51.099]      your computer or losing power will wipe your entire block data and chain state for
WARN [03-26|17:37:51.099]      your dev environment.
WARN [03-26|17:37:51.099]   3. A random, pre-allocated developer account will be available and unlocked as
WARN [03-26|17:37:51.099]      eth.coinbase, which can be used for testing. The random dev account is temporary,
WARN [03-26|17:37:51.099]      stored on a ramdisk, and will be lost if your machine is restarted.
WARN [03-26|17:37:51.099]   4. Mining is enabled by default. However, the client will only seal blocks if transactions
WARN [03-26|17:37:51.099]      are pending in the mempool. The miner's minimum accepted gas price is 1.
WARN [03-26|17:37:51.099]   5. Networking is disabled; there is no listen-address, the maximum number of peers is set
WARN [03-26|17:37:51.099]      to 0, and discovery is disabled.
WARN [03-26|17:37:51.099] 
INFO [03-26|17:37:51.099] Starting peer-to-peer node               instance=Geth/v1.17.2-unstable-5d0e18f7-20260325/linux-amd64/go1.24.1
WARN [03-26|17:37:51.099] P2P server will be useless, neither dialing nor listening
INFO [03-26|17:37:51.102] IPC endpoint opened                      url=/home/CPerezz/bintrie-benchmarks/mpt-vs-bintrie/dbs/mpt/geth.ipc
ERROR[03-26|17:37:51.103] Unavailable modules in HTTP API list     unavailable=[personal] available="[admin debug web3 eth txpool miner net dev testing]"
INFO [03-26|17:37:51.103] HTTP server started                      endpoint=[::]:8545 auth=false prefix= cors= vhosts=localhost
INFO [03-26|17:37:51.103] WebSocket enabled                        url=ws://[::]:8546
INFO [03-26|17:37:51.103] New local node record                    seq=1,774,465,405,926 id=9566f6e861acb2c3 ip=127.0.0.1 udp=0 tcp=0
INFO [03-26|17:37:51.103] Started P2P networking                   self=enode://7bcb27e0859fe4ed7072e298a58918cc0b55d08376b1207f77d84f6d0d34ded7448b64ab16dd00733b489383beff49c04f662afae4dd1dc102807640ff82a1cd@127.0.0.1:0
INFO [03-26|17:37:51.107] Loaded local transaction journal         transactions=54 dropped=0
INFO [03-26|17:37:52.489] Started log indexer
INFO [03-26|17:37:52.496] Starting work on payload                 id=0x0326323952943a68
INFO [03-26|17:37:52.496] Updated payload                          id=0x0326323952943a68 number=64035 hash=1bf1ed..d108f4 txs=0 withdrawals=0 gas=0 fees=0 root=ac7cce..4c9bd8 elapsed="139.699µs"
INFO [03-26|17:37:52.497] Stopping work on payload                 id=0x0326323952943a68 reason=delivery
WARN [03-26|17:37:52.499] {"level":"warn","msg":"Slow block","block":{"number":64035,"hash":"0x1bf1eddfbf21a509d4af0a5fa5acb1b0fff23d067489dde83ad7768140d108f4","gas_used":0,"tx_count":0},"timing":{"execution_ms":0.039379,"state_read_ms":0.04686,"state_hash_ms":0.00909,"commit_ms":0.05778,"total_ms":0.18317},"throughput":{"mgas_per_sec":0},"state_reads":{"accounts":4,"storage_slots":0,"code":0,"code_bytes":0},"state_writes":{"accounts":0,"accounts_deleted":0,"storage_slots":0,"storage_slots_deleted":0,"code":0,"code_bytes":0},"cache":{"account":{"hits":0,"misses":4,"hit_rate":0},"storage":{"hits":0,"misses":0,"hit_rate":0},"code":{"hits":0,"misses":0,"hit_rate":0,"hit_bytes":0,"miss_bytes":0}}}
INFO [03-26|17:37:52.499] Imported new potential chain segment     number=64035 hash=1bf1ed..d108f4 blocks=1 txs=0 mgas=0.000 elapsed=2.174ms     mgasps=0.000 triediffs=329.08MiB triedirty=0.00B
INFO [03-26|17:37:52.499] Ready for fork activation                fork=Osaka date="07 Feb 06 07:28 CET" remaining=700117h50m23s timestamp=4,294,967,295
INFO [03-26|17:37:52.499] Chain head was updated                   number=64035 hash=1bf1ed..d108f4 root=ac7cce..4c9bd8 elapsed="26.979µs"
INFO [03-26|17:37:52.846] Submitted contract creation              hash=0x9820841b5beae34e405e5be92937316b7d74d70fd42456dae40297da0140f55d from=0xf39Fd6e51aad88F6F4ce6aB8827279cffFb92266 nonce=114 contract=0xfaAddC93baf78e89DCf37bA67943E1bE8F37Bb8c value=0
INFO [03-26|17:37:52.848] Submitted transaction                    hash=0xa303a261e617f7a4e4c4a747e6340dfc1781ceede6ecb23d85b88061ec62d80d from=0xf39Fd6e51aad88F6F4ce6aB8827279cffFb92266 nonce=115 recipient=0xbC97A005c8537c9C0eDBAB7AD00A10852Db6FC73 value=1,600,000,000
INFO [03-26|17:38:02.501] Starting work on payload                 id=0x03c4348c5e7a9a1b
INFO [03-26|17:38:02.511] Updated payload                          id=0x03c4348c5e7a9a1b number=64036 hash=5b346d..a75f1d txs=2 withdrawals=0 gas=89662 fees=7.17296e-13 root=dcb44a..c7befe elapsed=9.368ms
INFO [03-26|17:38:02.511] Stopping work on payload                 id=0x03c4348c5e7a9a1b reason=delivery
WARN [03-26|17:38:02.518] {"level":"warn","msg":"Slow block","block":{"number":64036,"hash":"0x5b346ddc5426f44f5af82cefbbcc5ee14705890b55d00c93ad20b6ca2fa75f1d","gas_used":89662,"tx_count":2},"timing":{"execution_ms":0.048531,"state_read_ms":0.116628,"state_hash_ms":0.936515,"commit_ms":5.005242,"total_ms":6.145466},"throughput":{"mgas_per_sec":14.589943219928317},"state_reads":{"accounts":11,"storage_slots":0,"code":0,"code_bytes":0},"state_writes":{"accounts":3,"accounts_deleted":0,"storage_slots":0,"storage_slots_deleted":0,"code":1,"code_bytes":72},"cache":{"account":{"hits":4,"misses":7,"hit_rate":36.36363636363637},"storage":{"hits":0,"misses":0,"hit_rate":0},"code":{"hits":0,"misses":0,"hit_rate":0,"hit_bytes":0,"miss_bytes":0}}}
INFO [03-26|17:38:02.518] Imported new potential chain segment     number=64036 hash=5b346d..a75f1d blocks=1 txs=2 mgas=0.090 elapsed=6.272ms     mgasps=14.295 triediffs=324.87MiB triedirty=0.00B
INFO [03-26|17:38:02.518] Chain head was updated                   number=64036 hash=5b346d..a75f1d root=dcb44a..c7befe elapsed="116.559µs"
INFO [03-26|17:38:02.928] Submitted transaction                    hash=0xf0f6b7afcaa4e3f7b1afe89fa0934a2160ba4c2f18c864b40d712c6330642a86 from=0xbC97A005c8537c9C0eDBAB7AD00A10852Db6FC73 nonce=0   recipient=0xfaAddC93baf78e89DCf37bA67943E1bE8F37Bb8c value=0
INFO [03-26|17:38:12.522] Starting work on payload                 id=0x03dd46d2500451b9
WARN [03-26|17:38:19.826] Block building is interrupted            allowance=2s
INFO [03-26|17:38:19.827] Updated payload                          id=0x03dd46d2500451b9 number=64037 hash=6b0f16..d0d403 txs=1 withdrawals=0 gas=100,000,000 fees=8e-10       root=5f65a8..b1781c elapsed=7.304s
WARN [03-26|17:38:25.088] Block building is interrupted            allowance=2s
INFO [03-26|17:38:25.088] Stopping work on payload                 id=0x03dd46d2500451b9 reason=delivery
WARN [03-26|17:38:25.123] {"level":"warn","msg":"Slow block","block":{"number":64037,"hash":"0x6b0f161a6ac0fff572e51b7418fb877e060e238fae4185d496fa9986eed0d403","gas_used":100000000,"tx_count":1},"timing":{"execution_ms":283.861545,"state_read_ms":4978.417082,"state_hash_ms":0.05507,"commit_ms":32.164917,"total_ms":5294.683694},"throughput":{"mgas_per_sec":18.8868695052211},"state_reads":{"accounts":8,"storage_slots":36742,"code":2,"code_bytes":1416},"state_writes":{"accounts":2,"accounts_deleted":0,"storage_slots":0,"storage_slots_deleted":0,"code":0,"code_bytes":0},"cache":{"account":{"hits":3,"misses":5,"hit_rate":37.5},"storage":{"hits":1819,"misses":34923,"hit_rate":4.950737575526645},"code":{"hits":2,"misses":0,"hit_rate":100,"hit_bytes":1416,"miss_bytes":0}}}
INFO [03-26|17:38:25.123] Imported new potential chain segment     number=64037 hash=6b0f16..d0d403 blocks=1 txs=1 mgas=100.000 elapsed=5.295s      mgasps=18.883 triediffs=321.95MiB triedirty=0.00B
INFO [03-26|17:38:25.124] Chain head was updated                   number=64037 hash=6b0f16..d0d403 root=5f65a8..b1781c elapsed="42.119µs"
