INFO [03-26|18:09:14.498] Starting Geth on Ethereum mainnet...
INFO [03-26|18:09:14.499] Maximum peer count                       ETH=0 total=0
INFO [03-26|18:09:14.500] Smartcard socket not found, disabling    err="stat /run/pcscd/pcscd.comm: no such file or directory"
WARN [03-26|18:09:14.502] Option --miner.etherbase is deprecated as the etherbase is set by the consensus client post-merge
WARN [03-26|18:09:14.504] Snap sync requested, resetting --cache.snapshot
INFO [03-26|18:09:14.504] Global gas cap disabled
INFO [03-26|18:09:15.148] Using developer account                  address=0xf39Fd6e51aad88F6F4ce6aB8827279cffFb92266
INFO [03-26|18:09:15.400] Using pebble as the backing database
INFO [03-26|18:09:15.400] Allocated cache and file handles         database=/home/CPerezz/bintrie-benchmarks/mpt-vs-bintrie/dbs/mpt/geth/chaindata cache=16.00MiB handles=524,288
INFO [03-26|18:09:17.636] Opened ancient database                  database=/home/CPerezz/bintrie-benchmarks/mpt-vs-bintrie/dbs/mpt/geth/chaindata/ancient/chain readonly=true
INFO [03-26|18:09:17.636] Opened Era store                         datadir=/home/CPerezz/bintrie-benchmarks/mpt-vs-bintrie/dbs/mpt/geth/chaindata/ancient/chain/era
INFO [03-26|18:09:17.645] Initializing the KZG library             backend=gokzg
INFO [03-26|18:09:17.647] Allocated trie memory caches             clean=0.00B dirty=0.00B
INFO [03-26|18:09:17.727] Using pebble as the backing database
INFO [03-26|18:09:17.727] Allocated cache and file handles         database=/home/CPerezz/bintrie-benchmarks/mpt-vs-bintrie/dbs/mpt/geth/chaindata cache=16.00MiB handles=524,288
INFO [03-26|18:09:19.018] Opened ancient database                  database=/home/CPerezz/bintrie-benchmarks/mpt-vs-bintrie/dbs/mpt/geth/chaindata/ancient/chain readonly=false
INFO [03-26|18:09:19.018] Opened Era store                         datadir=/home/CPerezz/bintrie-benchmarks/mpt-vs-bintrie/dbs/mpt/geth/chaindata/ancient/chain/era
INFO [03-26|18:09:19.020] State scheme set to already existing     scheme=path
INFO [03-26|18:09:19.022] Initialising Ethereum protocol           network=1337 dbversion=9
INFO [03-26|18:09:19.023] Load database journal from file          path=/home/CPerezz/bintrie-benchmarks/mpt-vs-bintrie/dbs/mpt/geth/triedb/merkle.journal
INFO [03-26|18:09:19.182] Opened ancient database                  database=/home/CPerezz/bintrie-benchmarks/mpt-vs-bintrie/dbs/mpt/geth/chaindata/ancient/state readonly=false
INFO [03-26|18:09:19.184] Initialized path database                triecache=0.00B statecache=0.00B buffer=0.00B state-history="last 90000 blocks" journal-dir=/home/CPerezz/bintrie-benchmarks/mpt-vs-bintrie/dbs/mpt/geth/triedb
INFO [03-26|18:09:19.184] 
INFO [03-26|18:09:19.184] ---------------------------------------------------------------------------------------------------------------------------------------------------------
INFO [03-26|18:09:19.184] Chain ID:  1337 (unknown)
INFO [03-26|18:09:19.184] Consensus: unknown
INFO [03-26|18:09:19.184] 
INFO [03-26|18:09:19.184] Pre-Merge hard forks (block based):
INFO [03-26|18:09:19.184]  - Homestead:                   #0       
INFO [03-26|18:09:19.184]  - Tangerine Whistle (EIP 150): #0       
INFO [03-26|18:09:19.184]  - Spurious Dragon/1 (EIP 155): #0       
INFO [03-26|18:09:19.184]  - Spurious Dragon/2 (EIP 158): #0       
INFO [03-26|18:09:19.184]  - Byzantium:                   #0       
INFO [03-26|18:09:19.184]  - Constantinople:              #0       
INFO [03-26|18:09:19.184]  - Petersburg:                  #0       
INFO [03-26|18:09:19.184]  - Istanbul:                    #0       
INFO [03-26|18:09:19.184]  - Muir Glacier:                #0       
INFO [03-26|18:09:19.184]  - Berlin:                      #0       
INFO [03-26|18:09:19.184]  - London:                      #0       
INFO [03-26|18:09:19.184]  - Arrow Glacier:               #0       
INFO [03-26|18:09:19.184]  - Gray Glacier:                #0       
INFO [03-26|18:09:19.184] 
INFO [03-26|18:09:19.184] Merge configured:
INFO [03-26|18:09:19.184]  - Total terminal difficulty:  0
INFO [03-26|18:09:19.184]  - Merge netsplit block:       #0       
INFO [03-26|18:09:19.184] 
INFO [03-26|18:09:19.184] Post-Merge hard forks (timestamp based):
INFO [03-26|18:09:19.184]  - Shanghai:                    @0         
INFO [03-26|18:09:19.184]  - Cancun:                      @0          blob: (target: 3, max: 6, fraction: 3338477)
INFO [03-26|18:09:19.184]  - Prague:                      @0          blob: (target: 6, max: 9, fraction: 5225352)
INFO [03-26|18:09:19.184]  - Osaka:                       @4294967295 blob: (target: 9, max: 12, fraction: 5225352)
INFO [03-26|18:09:19.184] 
INFO [03-26|18:09:19.184] All fork specifications can be found at https://ethereum.github.io/execution-specs/src/ethereum/forks/
INFO [03-26|18:09:19.184] 
INFO [03-26|18:09:19.184] ---------------------------------------------------------------------------------------------------------------------------------------------------------
INFO [03-26|18:09:19.184] 
INFO [03-26|18:09:19.184] Loaded most recent local block           number=64161 hash=04bfca..93987c age=21s
INFO [03-26|18:09:19.184] Loaded most recent local finalized block number=64160 hash=7f8934..6c63f7 age=31s
INFO [03-26|18:09:19.185] Initialized transaction indexer          range="last 2350000 blocks"
INFO [03-26|18:09:19.185] Initialized log indexer                  firstblock=0 lastblock=64161 firstmap=0 lastmap=4 headindexed=true
INFO [03-26|18:09:19.196] Enabled full-sync                        head=64161 hash=04bfca..93987c
INFO [03-26|18:09:19.196] Unprotected transactions allowed
INFO [03-26|18:09:19.196] Gasprice oracle is ignoring threshold set threshold=2
INFO [03-26|18:09:19.197] Registered sync override service
WARN [03-26|18:09:19.197] You are running Geth in --dev mode. Please note the following:
WARN [03-26|18:09:19.197] 
WARN [03-26|18:09:19.197]   1. This mode is only intended for fast, iterative development without assumptions on
WARN [03-26|18:09:19.197]      security or persistence.
WARN [03-26|18:09:19.197]   2. The database is created in memory unless specified otherwise. Therefore, shutting down
WARN [03-26|18:09:19.197]      your computer or losing power will wipe your entire block data and chain state for
WARN [03-26|18:09:19.197]      your dev environment.
WARN [03-26|18:09:19.197]   3. A random, pre-allocated developer account will be available and unlocked as
WARN [03-26|18:09:19.197]      eth.coinbase, which can be used for testing. The random dev account is temporary,
WARN [03-26|18:09:19.197]      stored on a ramdisk, and will be lost if your machine is restarted.
WARN [03-26|18:09:19.197]   4. Mining is enabled by default. However, the client will only seal blocks if transactions
WARN [03-26|18:09:19.197]      are pending in the mempool. The miner's minimum accepted gas price is 1.
WARN [03-26|18:09:19.197]   5. Networking is disabled; there is no listen-address, the maximum number of peers is set
WARN [03-26|18:09:19.197]      to 0, and discovery is disabled.
WARN [03-26|18:09:19.197] 
INFO [03-26|18:09:19.197] Starting peer-to-peer node               instance=Geth/v1.17.2-unstable-5d0e18f7-20260325/linux-amd64/go1.24.1
WARN [03-26|18:09:19.197] P2P server will be useless, neither dialing nor listening
INFO [03-26|18:09:19.201] IPC endpoint opened                      url=/home/CPerezz/bintrie-benchmarks/mpt-vs-bintrie/dbs/mpt/geth.ipc
ERROR[03-26|18:09:19.201] Unavailable modules in HTTP API list     unavailable=[personal] available="[admin debug web3 eth txpool miner net dev testing]"
INFO [03-26|18:09:19.201] HTTP server started                      endpoint=[::]:8545 auth=false prefix= cors= vhosts=localhost
INFO [03-26|18:09:19.201] WebSocket enabled                        url=ws://[::]:8546
INFO [03-26|18:09:19.201] New local node record                    seq=1,774,465,405,969 id=9566f6e861acb2c3 ip=127.0.0.1 udp=0 tcp=0
INFO [03-26|18:09:19.202] Started P2P networking                   self=enode://7bcb27e0859fe4ed7072e298a58918cc0b55d08376b1207f77d84f6d0d34ded7448b64ab16dd00733b489383beff49c04f662afae4dd1dc102807640ff82a1cd@127.0.0.1:0
INFO [03-26|18:09:19.210] Loaded local transaction journal         transactions=183 dropped=0
INFO [03-26|18:09:20.298] Started log indexer
INFO [03-26|18:09:20.306] Starting work on payload                 id=0x03bad65fc84fdd20
INFO [03-26|18:09:20.307] Updated payload                          id=0x03bad65fc84fdd20 number=64162 hash=167e4f..076e2e txs=0 withdrawals=0 gas=0 fees=0 root=a929cb..cd9fe5 elapsed="339.608µs"
INFO [03-26|18:09:20.307] Stopping work on payload                 id=0x03bad65fc84fdd20 reason=delivery
WARN [03-26|18:09:20.309] {"level":"warn","msg":"Slow block","block":{"number":64162,"hash":"0x167e4f0ffb1d29eea1976778fd316cb3d9b6f2171c991034ff596e726a076e2e","gas_used":0,"tx_count":0},"timing":{"execution_ms":0.01015,"state_read_ms":0.04254,"state_hash_ms":0.00928,"commit_ms":0.04281,"total_ms":0.16137},"throughput":{"mgas_per_sec":0},"state_reads":{"accounts":4,"storage_slots":0,"code":0,"code_bytes":0},"state_writes":{"accounts":0,"accounts_deleted":0,"storage_slots":0,"storage_slots_deleted":0,"code":0,"code_bytes":0},"cache":{"account":{"hits":0,"misses":4,"hit_rate":0},"storage":{"hits":0,"misses":0,"hit_rate":0},"code":{"hits":0,"misses":0,"hit_rate":0,"hit_bytes":0,"miss_bytes":0}}}
INFO [03-26|18:09:20.309] Imported new potential chain segment     number=64162 hash=167e4f..076e2e blocks=1 txs=0 mgas=0.000 elapsed=2.110ms     mgasps=0.000 triediffs=22.55MiB triedirty=0.00B
INFO [03-26|18:09:20.309] Ready for fork activation                fork=Osaka date="07 Feb 06 07:28 CET" remaining=700117h18m55s timestamp=4,294,967,295
INFO [03-26|18:09:20.309] Chain head was updated                   number=64162 hash=167e4f..076e2e root=a929cb..cd9fe5 elapsed="21.17µs"
INFO [03-26|18:09:20.760] Submitted contract creation              hash=0xa4b9859a36886ff8cb8231b112c208b7a97589250fbffb663414d7cdd619537e from=0xf39Fd6e51aad88F6F4ce6aB8827279cffFb92266 nonce=200 contract=0x56D13Eb21a625EdA8438F55DF2C31dC3632034f5 value=0
INFO [03-26|18:09:20.763] Submitted transaction                    hash=0xc9374fadfa4a2ba0d7e652eb77c6aa12a31f57b071706484f008b34ad70690db from=0xf39Fd6e51aad88F6F4ce6aB8827279cffFb92266 nonce=201 recipient=0xc3Ebbcf85af2BCb57123c90C05D5E157ff49f22A value=1,600,000,000
INFO [03-26|18:09:30.313] Starting work on payload                 id=0x036470dd97af4db4
INFO [03-26|18:09:30.323] Updated payload                          id=0x036470dd97af4db4 number=64163 hash=78b276..544602 txs=2 withdrawals=0 gas=89662 fees=7.17296e-13 root=b107ca..e402aa elapsed=10.004ms
INFO [03-26|18:09:30.323] Stopping work on payload                 id=0x036470dd97af4db4 reason=delivery
WARN [03-26|18:09:30.329] {"level":"warn","msg":"Slow block","block":{"number":64163,"hash":"0x78b27680e469f80daa35297d811d337648e48c9e30ad94c0cdb8e6014c544602","gas_used":89662,"tx_count":2},"timing":{"execution_ms":0.122609,"state_read_ms":0.172419,"state_hash_ms":0.388628,"commit_ms":4.116646,"total_ms":4.858543},"throughput":{"mgas_per_sec":18.45450374731684},"state_reads":{"accounts":11,"storage_slots":0,"code":0,"code_bytes":0},"state_writes":{"accounts":3,"accounts_deleted":0,"storage_slots":0,"storage_slots_deleted":0,"code":1,"code_bytes":72},"cache":{"account":{"hits":4,"misses":7,"hit_rate":36.36363636363637},"storage":{"hits":0,"misses":0,"hit_rate":0},"code":{"hits":0,"misses":0,"hit_rate":0,"hit_bytes":0,"miss_bytes":0}}}
INFO [03-26|18:09:30.329] Imported new potential chain segment     number=64163 hash=78b276..544602 blocks=1 txs=2 mgas=0.090 elapsed=5.329ms     mgasps=16.823 triediffs=18.35MiB triedirty=0.00B
INFO [03-26|18:09:30.329] Chain head was updated                   number=64163 hash=78b276..544602 root=b107ca..e402aa elapsed="124.599µs"
INFO [03-26|18:09:30.849] Submitted transaction                    hash=0xefe1c22f3c9429f92a0c16766bbab216486707d525726f4a0dda86d8a348dbd4 from=0xc3Ebbcf85af2BCb57123c90C05D5E157ff49f22A nonce=0   recipient=0x56D13Eb21a625EdA8438F55DF2C31dC3632034f5 value=0
INFO [03-26|18:09:40.334] Starting work on payload                 id=0x03ad976a1e289176
WARN [03-26|18:09:47.918] Block building is interrupted            allowance=2s
INFO [03-26|18:09:47.919] Updated payload                          id=0x03ad976a1e289176 number=64164 hash=20fca2..d91e16 txs=1 withdrawals=0 gas=100,000,000 fees=8e-10       root=3e1243..b7b233 elapsed=7.585s
WARN [03-26|18:09:53.445] {"level":"warn","msg":"Slow block","block":{"number":64164,"hash":"0x20fca2dafa6f680643cbf3e8bedee92098644d4ccfd68a5b7bed6d70b2d91e16","gas_used":100000000,"tx_count":1},"timing":{"execution_ms":295.306987,"state_read_ms":5199.584145,"state_hash_ms":0.0674,"commit_ms":29.004728,"total_ms":5524.038141},"throughput":{"mgas_per_sec":18.102699048688557},"state_reads":{"accounts":8,"storage_slots":36742,"code":2,"code_bytes":1416},"state_writes":{"accounts":2,"accounts_deleted":0,"storage_slots":0,"storage_slots_deleted":0,"code":0,"code_bytes":0},"cache":{"account":{"hits":3,"misses":5,"hit_rate":37.5},"storage":{"hits":2455,"misses":34287,"hit_rate":6.681726634369387},"code":{"hits":2,"misses":0,"hit_rate":100,"hit_bytes":1416,"miss_bytes":0}}}
INFO [03-26|18:09:53.445] Imported new potential chain segment     number=64164 hash=20fca2..d91e16 blocks=1 txs=1 mgas=100.000 elapsed=5.525s      mgasps=18.098 triediffs=15.44MiB triedirty=0.00B
INFO [03-26|18:09:53.446] Chain head was updated                   number=64164 hash=20fca2..d91e16 root=3e1243..b7b233 elapsed="73.72µs"
WARN [03-26|18:09:53.506] Block building is interrupted            allowance=2s
INFO [03-26|18:09:53.507] Stopping work on payload                 id=0x03ad976a1e289176 reason=delivery
