INFO [03-26|17:28:42.842] Starting Geth on Ethereum mainnet...
INFO [03-26|17:28:42.844] Maximum peer count                       ETH=0 total=0
INFO [03-26|17:28:42.845] Smartcard socket not found, disabling    err="stat /run/pcscd/pcscd.comm: no such file or directory"
WARN [03-26|17:28:42.846] Option --miner.etherbase is deprecated as the etherbase is set by the consensus client post-merge
WARN [03-26|17:28:42.847] Snap sync requested, resetting --cache.snapshot
INFO [03-26|17:28:42.847] Global gas cap disabled
INFO [03-26|17:28:43.487] Using developer account                  address=0xf39Fd6e51aad88F6F4ce6aB8827279cffFb92266
INFO [03-26|17:28:43.727] Using pebble as the backing database
INFO [03-26|17:28:43.727] Allocated cache and file handles         database=/home/CPerezz/bintrie-benchmarks/mpt-vs-bintrie/dbs/mpt/geth/chaindata cache=16.00MiB handles=524,288
INFO [03-26|17:28:45.929] Opened ancient database                  database=/home/CPerezz/bintrie-benchmarks/mpt-vs-bintrie/dbs/mpt/geth/chaindata/ancient/chain readonly=true
INFO [03-26|17:28:45.929] Opened Era store                         datadir=/home/CPerezz/bintrie-benchmarks/mpt-vs-bintrie/dbs/mpt/geth/chaindata/ancient/chain/era
INFO [03-26|17:28:45.939] Initializing the KZG library             backend=gokzg
INFO [03-26|17:28:45.942] Allocated trie memory caches             clean=0.00B dirty=0.00B
INFO [03-26|17:28:46.027] Using pebble as the backing database
INFO [03-26|17:28:46.027] Allocated cache and file handles         database=/home/CPerezz/bintrie-benchmarks/mpt-vs-bintrie/dbs/mpt/geth/chaindata cache=16.00MiB handles=524,288
INFO [03-26|17:28:47.323] Opened ancient database                  database=/home/CPerezz/bintrie-benchmarks/mpt-vs-bintrie/dbs/mpt/geth/chaindata/ancient/chain readonly=false
INFO [03-26|17:28:47.323] Opened Era store                         datadir=/home/CPerezz/bintrie-benchmarks/mpt-vs-bintrie/dbs/mpt/geth/chaindata/ancient/chain/era
INFO [03-26|17:28:47.324] State scheme set to already existing     scheme=path
INFO [03-26|17:28:47.326] Initialising Ethereum protocol           network=1337 dbversion=9
INFO [03-26|17:28:47.328] Load database journal from file          path=/home/CPerezz/bintrie-benchmarks/mpt-vs-bintrie/dbs/mpt/geth/triedb/merkle.journal
INFO [03-26|17:28:49.786] Opened ancient database                  database=/home/CPerezz/bintrie-benchmarks/mpt-vs-bintrie/dbs/mpt/geth/chaindata/ancient/state readonly=false
INFO [03-26|17:28:49.787] Initialized path database                triecache=0.00B statecache=0.00B buffer=0.00B state-history="last 90000 blocks" journal-dir=/home/CPerezz/bintrie-benchmarks/mpt-vs-bintrie/dbs/mpt/geth/triedb
INFO [03-26|17:28:49.787] 
INFO [03-26|17:28:49.787] ---------------------------------------------------------------------------------------------------------------------------------------------------------
INFO [03-26|17:28:49.788] Chain ID:  1337 (unknown)
INFO [03-26|17:28:49.788] Consensus: unknown
INFO [03-26|17:28:49.788] 
INFO [03-26|17:28:49.788] Pre-Merge hard forks (block based):
INFO [03-26|17:28:49.788]  - Homestead:                   #0       
INFO [03-26|17:28:49.788]  - Tangerine Whistle (EIP 150): #0       
INFO [03-26|17:28:49.788]  - Spurious Dragon/1 (EIP 155): #0       
INFO [03-26|17:28:49.788]  - Spurious Dragon/2 (EIP 158): #0       
INFO [03-26|17:28:49.788]  - Byzantium:                   #0       
INFO [03-26|17:28:49.788]  - Constantinople:              #0       
INFO [03-26|17:28:49.788]  - Petersburg:                  #0       
INFO [03-26|17:28:49.788]  - Istanbul:                    #0       
INFO [03-26|17:28:49.788]  - Muir Glacier:                #0       
INFO [03-26|17:28:49.788]  - Berlin:                      #0       
INFO [03-26|17:28:49.788]  - London:                      #0       
INFO [03-26|17:28:49.788]  - Arrow Glacier:               #0       
INFO [03-26|17:28:49.788]  - Gray Glacier:                #0       
INFO [03-26|17:28:49.788] 
INFO [03-26|17:28:49.788] Merge configured:
INFO [03-26|17:28:49.788]  - Total terminal difficulty:  0
INFO [03-26|17:28:49.788]  - Merge netsplit block:       #0       
INFO [03-26|17:28:49.788] 
INFO [03-26|17:28:49.788] Post-Merge hard forks (timestamp based):
INFO [03-26|17:28:49.788]  - Shanghai:                    @0         
INFO [03-26|17:28:49.788]  - Cancun:                      @0          blob: (target: 3, max: 6, fraction: 3338477)
INFO [03-26|17:28:49.788]  - Prague:                      @0          blob: (target: 6, max: 9, fraction: 5225352)
INFO [03-26|17:28:49.788]  - Osaka:                       @4294967295 blob: (target: 9, max: 12, fraction: 5225352)
INFO [03-26|17:28:49.788] 
INFO [03-26|17:28:49.788] All fork specifications can be found at https://ethereum.github.io/execution-specs/src/ethereum/forks/
INFO [03-26|17:28:49.788] 
INFO [03-26|17:28:49.788] ---------------------------------------------------------------------------------------------------------------------------------------------------------
INFO [03-26|17:28:49.788] 
INFO [03-26|17:28:49.788] Loaded most recent local block           number=64001 hash=272643..29500b age=26s
INFO [03-26|17:28:49.788] Loaded most recent local finalized block number=64000 hash=c1425e..2acdcd age=36s
INFO [03-26|17:28:49.788] Initialized transaction indexer          range="last 2350000 blocks"
INFO [03-26|17:28:49.788] Initialized log indexer                  firstblock=0 lastblock=64001 firstmap=0 lastmap=4 headindexed=true
INFO [03-26|17:28:49.796] Enabled full-sync                        head=64001 hash=272643..29500b
INFO [03-26|17:28:49.796] Unprotected transactions allowed
INFO [03-26|17:28:49.796] Gasprice oracle is ignoring threshold set threshold=2
INFO [03-26|17:28:49.797] Registered sync override service
WARN [03-26|17:28:49.797] You are running Geth in --dev mode. Please note the following:
WARN [03-26|17:28:49.797] 
WARN [03-26|17:28:49.797]   1. This mode is only intended for fast, iterative development without assumptions on
WARN [03-26|17:28:49.797]      security or persistence.
WARN [03-26|17:28:49.797]   2. The database is created in memory unless specified otherwise. Therefore, shutting down
WARN [03-26|17:28:49.797]      your computer or losing power will wipe your entire block data and chain state for
WARN [03-26|17:28:49.797]      your dev environment.
WARN [03-26|17:28:49.797]   3. A random, pre-allocated developer account will be available and unlocked as
WARN [03-26|17:28:49.797]      eth.coinbase, which can be used for testing. The random dev account is temporary,
WARN [03-26|17:28:49.797]      stored on a ramdisk, and will be lost if your machine is restarted.
WARN [03-26|17:28:49.797]   4. Mining is enabled by default. However, the client will only seal blocks if transactions
WARN [03-26|17:28:49.797]      are pending in the mempool. The miner's minimum accepted gas price is 1.
WARN [03-26|17:28:49.797]   5. Networking is disabled; there is no listen-address, the maximum number of peers is set
WARN [03-26|17:28:49.797]      to 0, and discovery is disabled.
WARN [03-26|17:28:49.797] 
INFO [03-26|17:28:49.797] Starting peer-to-peer node               instance=Geth/v1.17.2-unstable-5d0e18f7-20260325/linux-amd64/go1.24.1
WARN [03-26|17:28:49.797] P2P server will be useless, neither dialing nor listening
INFO [03-26|17:28:49.800] IPC endpoint opened                      url=/home/CPerezz/bintrie-benchmarks/mpt-vs-bintrie/dbs/mpt/geth.ipc
ERROR[03-26|17:28:49.800] Unavailable modules in HTTP API list     unavailable=[personal] available="[admin debug web3 eth txpool miner net dev testing]"
INFO [03-26|17:28:49.801] HTTP server started                      endpoint=[::]:8545 auth=false prefix= cors= vhosts=localhost
INFO [03-26|17:28:49.801] New local node record                    seq=1,774,465,405,914 id=9566f6e861acb2c3 ip=127.0.0.1 udp=0 tcp=0
INFO [03-26|17:28:49.801] Started P2P networking                   self=enode://7bcb27e0859fe4ed7072e298a58918cc0b55d08376b1207f77d84f6d0d34ded7448b64ab16dd00733b489383beff49c04f662afae4dd1dc102807640ff82a1cd@127.0.0.1:0
INFO [03-26|17:28:49.801] WebSocket enabled                        url=ws://[::]:8546
INFO [03-26|17:28:49.803] Loaded local transaction journal         transactions=18 dropped=0
INFO [03-26|17:28:51.096] Started log indexer
INFO [03-26|17:28:51.104] Starting work on payload                 id=0x03b8e076313e1add
INFO [03-26|17:28:51.105] Updated payload                          id=0x03b8e076313e1add number=64002 hash=0568cc..875d11 txs=0 withdrawals=0 gas=0 fees=0 root=7069d4..d28b31 elapsed="274.428µs"
INFO [03-26|17:28:51.105] Stopping work on payload                 id=0x03b8e076313e1add reason=delivery
WARN [03-26|17:28:51.110] {"level":"warn","msg":"Slow block","block":{"number":64002,"hash":"0x0568cca9d76f805da9cfb16c38b2ffe0d7a80f32ca9b2962d1077bc837875d11","gas_used":0,"tx_count":0},"timing":{"execution_ms":0.01746,"state_read_ms":1.338373,"state_hash_ms":0.008618,"commit_ms":0.14676,"total_ms":1.582681},"throughput":{"mgas_per_sec":0},"state_reads":{"accounts":4,"storage_slots":0,"code":0,"code_bytes":0},"state_writes":{"accounts":0,"accounts_deleted":0,"storage_slots":0,"storage_slots_deleted":0,"code":0,"code_bytes":0},"cache":{"account":{"hits":0,"misses":4,"hit_rate":0},"storage":{"hits":0,"misses":0,"hit_rate":0},"code":{"hits":0,"misses":0,"hit_rate":0,"hit_bytes":0,"miss_bytes":0}}}
INFO [03-26|17:28:51.110] Imported new potential chain segment     number=64002 hash=0568cc..875d11 blocks=1 txs=0 mgas=0.000 elapsed=3.890ms     mgasps=0.000 triediffs=414.58MiB triedirty=0.00B
INFO [03-26|17:28:51.110] Ready for fork activation                fork=Osaka date="07 Feb 06 07:28 CET" remaining=700117h59m24s timestamp=4,294,967,295
INFO [03-26|17:28:51.110] Chain head was updated                   number=64002 hash=0568cc..875d11 root=7069d4..d28b31 elapsed="61.77µs"
INFO [03-26|17:28:51.128] Submitted contract creation              hash=0x18c2594e419dca62e1e8c4d7eae4ff64aa852772985d10533af118f465c9a306 from=0xf39Fd6e51aad88F6F4ce6aB8827279cffFb92266 nonce=90 contract=0x4C2F7092C2aE51D986bEFEe378e50BD4dB99C901 value=0
INFO [03-26|17:28:51.129] Submitted transaction                    hash=0x33d15054ceecb46bb173cc81e5a2f79d7b9ccc7b184b64a778d2a780dfa95c26 from=0xf39Fd6e51aad88F6F4ce6aB8827279cffFb92266 nonce=91 recipient=0x8679a6b75143350a3CA588D49FF865470Baf38Ad value=1,400,000,000
INFO [03-26|17:29:01.112] Starting work on payload                 id=0x03ae3a15aa55868e
INFO [03-26|17:29:01.119] Updated payload                          id=0x03ae3a15aa55868e number=64003 hash=42b7e1..4d46f1 txs=2 withdrawals=0 gas=89662 fees=5.37972e-13 root=578b18..734c63 elapsed=7.455ms
INFO [03-26|17:29:01.119] Stopping work on payload                 id=0x03ae3a15aa55868e reason=delivery
WARN [03-26|17:29:01.126] {"level":"warn","msg":"Slow block","block":{"number":64003,"hash":"0x42b7e13baf0f091b329ce6db1fe964958dc5288380fe933c99f6a337d04d46f1","gas_used":89662,"tx_count":2},"timing":{"execution_ms":0.045289,"state_read_ms":0.08192,"state_hash_ms":0.475567,"commit_ms":5.915337,"total_ms":6.544175},"throughput":{"mgas_per_sec":13.70103947403607},"state_reads":{"accounts":11,"storage_slots":0,"code":0,"code_bytes":0},"state_writes":{"accounts":3,"accounts_deleted":0,"storage_slots":0,"storage_slots_deleted":0,"code":1,"code_bytes":72},"cache":{"account":{"hits":4,"misses":7,"hit_rate":36.36363636363637},"storage":{"hits":0,"misses":0,"hit_rate":0},"code":{"hits":0,"misses":0,"hit_rate":0,"hit_bytes":0,"miss_bytes":0}}}
INFO [03-26|17:29:01.126] Imported new potential chain segment     number=64003 hash=42b7e1..4d46f1 blocks=1 txs=2 mgas=0.090 elapsed=6.668ms     mgasps=13.445 triediffs=410.37MiB triedirty=0.00B
INFO [03-26|17:29:01.127] Chain head was updated                   number=64003 hash=42b7e1..4d46f1 root=578b18..734c63 elapsed="108µs"
INFO [03-26|17:29:01.208] Submitted transaction                    hash=0x25a5ae6c2b4793e756286d80ec9bfc2108093561357c0c8ccd3556b70a7145a7 from=0x8679a6b75143350a3CA588D49FF865470Baf38Ad nonce=0  recipient=0x4C2F7092C2aE51D986bEFEe378e50BD4dB99C901 value=0
INFO [03-26|17:29:11.130] Starting work on payload                 id=0x03fe3456e1af7a09
WARN [03-26|17:29:18.393] Block building is interrupted            allowance=2s
INFO [03-26|17:29:18.394] Updated payload                          id=0x03fe3456e1af7a09 number=64004 hash=17cc79..ef8ecf txs=1 withdrawals=0 gas=100,000,000 fees=6e-10       root=8b345e..16150f elapsed=7.263s
WARN [03-26|17:29:23.767] {"level":"warn","msg":"Slow block","block":{"number":64004,"hash":"0x17cc790caf47d42c8a5940eea5f450a4d27052b28b037a81ba8b2e4562ef8ecf","gas_used":100000000,"tx_count":1},"timing":{"execution_ms":282.111956,"state_read_ms":5061.101499,"state_hash_ms":0.06431,"commit_ms":28.095753,"total_ms":5371.437278},"throughput":{"mgas_per_sec":18.616991100235648},"state_reads":{"accounts":8,"storage_slots":36742,"code":2,"code_bytes":1416},"state_writes":{"accounts":2,"accounts_deleted":0,"storage_slots":0,"storage_slots_deleted":0,"code":0,"code_bytes":0},"cache":{"account":{"hits":4,"misses":4,"hit_rate":50},"storage":{"hits":2303,"misses":34439,"hit_rate":6.268031136029611},"code":{"hits":2,"misses":0,"hit_rate":100,"hit_bytes":1416,"miss_bytes":0}}}
INFO [03-26|17:29:23.767] Imported new potential chain segment     number=64004 hash=17cc79..ef8ecf blocks=1 txs=1 mgas=100.000 elapsed=5.372s      mgasps=18.614 triediffs=407.45MiB triedirty=0.00B
INFO [03-26|17:29:23.768] Chain head was updated                   number=64004 hash=17cc79..ef8ecf root=8b345e..16150f elapsed="54.9µs"
WARN [03-26|17:29:24.163] Block building is interrupted            allowance=2s
INFO [03-26|17:29:24.163] Stopping work on payload                 id=0x03fe3456e1af7a09 reason=delivery
