INFO [03-26|20:19:46.398] Starting Geth on Ethereum mainnet...
INFO [03-26|20:19:46.399] Maximum peer count                       ETH=0 total=0
INFO [03-26|20:19:46.400] Smartcard socket not found, disabling    err="stat /run/pcscd/pcscd.comm: no such file or directory"
WARN [03-26|20:19:46.403] Option --miner.etherbase is deprecated as the etherbase is set by the consensus client post-merge
WARN [03-26|20:19:46.404] Snap sync requested, resetting --cache.snapshot
INFO [03-26|20:19:46.404] Global gas cap disabled
INFO [03-26|20:19:47.048] Using developer account                  address=0xf39Fd6e51aad88F6F4ce6aB8827279cffFb92266
INFO [03-26|20:19:47.215] Using pebble as the backing database
INFO [03-26|20:19:47.215] Allocated cache and file handles         database=/home/CPerezz/bintrie-benchmarks/mpt-vs-bintrie/dbs/mpt/geth/chaindata cache=16.00MiB handles=524,288
INFO [03-26|20:19:48.359] Opened ancient database                  database=/home/CPerezz/bintrie-benchmarks/mpt-vs-bintrie/dbs/mpt/geth/chaindata/ancient/chain readonly=true
INFO [03-26|20:19:48.359] Opened Era store                         datadir=/home/CPerezz/bintrie-benchmarks/mpt-vs-bintrie/dbs/mpt/geth/chaindata/ancient/chain/era
INFO [03-26|20:19:48.370] Initializing the KZG library             backend=gokzg
INFO [03-26|20:19:48.372] Allocated trie memory caches             clean=0.00B dirty=0.00B
INFO [03-26|20:19:48.473] Using pebble as the backing database
INFO [03-26|20:19:48.473] Allocated cache and file handles         database=/home/CPerezz/bintrie-benchmarks/mpt-vs-bintrie/dbs/mpt/geth/chaindata cache=16.00MiB handles=524,288
INFO [03-26|20:19:49.871] Opened ancient database                  database=/home/CPerezz/bintrie-benchmarks/mpt-vs-bintrie/dbs/mpt/geth/chaindata/ancient/chain readonly=false
INFO [03-26|20:19:49.871] Opened Era store                         datadir=/home/CPerezz/bintrie-benchmarks/mpt-vs-bintrie/dbs/mpt/geth/chaindata/ancient/chain/era
INFO [03-26|20:19:49.871] State scheme set to already existing     scheme=path
INFO [03-26|20:19:49.873] Initialising Ethereum protocol           network=1337 dbversion=9
INFO [03-26|20:19:49.873] Load database journal from file          path=/home/CPerezz/bintrie-benchmarks/mpt-vs-bintrie/dbs/mpt/geth/triedb/merkle.journal
INFO [03-26|20:19:51.748] Opened ancient database                  database=/home/CPerezz/bintrie-benchmarks/mpt-vs-bintrie/dbs/mpt/geth/chaindata/ancient/state readonly=false
INFO [03-26|20:19:51.749] Initialized path database                triecache=0.00B statecache=0.00B buffer=0.00B state-history="last 90000 blocks" journal-dir=/home/CPerezz/bintrie-benchmarks/mpt-vs-bintrie/dbs/mpt/geth/triedb
INFO [03-26|20:19:51.751] 
INFO [03-26|20:19:51.751] ---------------------------------------------------------------------------------------------------------------------------------------------------------
INFO [03-26|20:19:51.751] Chain ID:  1337 (unknown)
INFO [03-26|20:19:51.751] Consensus: unknown
INFO [03-26|20:19:51.751] 
INFO [03-26|20:19:51.751] Pre-Merge hard forks (block based):
INFO [03-26|20:19:51.751]  - Homestead:                   #0       
INFO [03-26|20:19:51.751]  - Tangerine Whistle (EIP 150): #0       
INFO [03-26|20:19:51.751]  - Spurious Dragon/1 (EIP 155): #0       
INFO [03-26|20:19:51.751]  - Spurious Dragon/2 (EIP 158): #0       
INFO [03-26|20:19:51.751]  - Byzantium:                   #0       
INFO [03-26|20:19:51.751]  - Constantinople:              #0       
INFO [03-26|20:19:51.751]  - Petersburg:                  #0       
INFO [03-26|20:19:51.751]  - Istanbul:                    #0       
INFO [03-26|20:19:51.751]  - Muir Glacier:                #0       
INFO [03-26|20:19:51.751]  - Berlin:                      #0       
INFO [03-26|20:19:51.751]  - London:                      #0       
INFO [03-26|20:19:51.751]  - Arrow Glacier:               #0       
INFO [03-26|20:19:51.751]  - Gray Glacier:                #0       
INFO [03-26|20:19:51.751] 
INFO [03-26|20:19:51.751] Merge configured:
INFO [03-26|20:19:51.751]  - Total terminal difficulty:  0
INFO [03-26|20:19:51.751]  - Merge netsplit block:       #0       
INFO [03-26|20:19:51.751] 
INFO [03-26|20:19:51.751] Post-Merge hard forks (timestamp based):
INFO [03-26|20:19:51.751]  - Shanghai:                    @0         
INFO [03-26|20:19:51.751]  - Cancun:                      @0          blob: (target: 3, max: 6, fraction: 3338477)
INFO [03-26|20:19:51.751]  - Prague:                      @0          blob: (target: 6, max: 9, fraction: 5225352)
INFO [03-26|20:19:51.751]  - Osaka:                       @4294967295 blob: (target: 9, max: 12, fraction: 5225352)
INFO [03-26|20:19:51.751] 
INFO [03-26|20:19:51.751] All fork specifications can be found at https://ethereum.github.io/execution-specs/src/ethereum/forks/
INFO [03-26|20:19:51.751] 
INFO [03-26|20:19:51.751] ---------------------------------------------------------------------------------------------------------------------------------------------------------
INFO [03-26|20:19:51.751] 
INFO [03-26|20:19:51.752] Loaded most recent local block           number=64823 hash=662968..361e24 age=10s
INFO [03-26|20:19:51.753] Loaded most recent local finalized block number=64800 hash=175909..0a02a7 age=4m29s
INFO [03-26|20:19:51.754] Initialized transaction indexer          range="last 2350000 blocks"
INFO [03-26|20:19:51.754] Initialized log indexer                  firstblock=0 lastblock=64823 firstmap=0 lastmap=4 headindexed=true
INFO [03-26|20:19:51.755] Enabled full-sync                        head=64823 hash=662968..361e24
INFO [03-26|20:19:51.755] Unprotected transactions allowed
INFO [03-26|20:19:51.755] Gasprice oracle is ignoring threshold set threshold=2
INFO [03-26|20:19:51.756] Registered sync override service
WARN [03-26|20:19:51.756] You are running Geth in --dev mode. Please note the following:
WARN [03-26|20:19:51.756] 
WARN [03-26|20:19:51.756]   1. This mode is only intended for fast, iterative development without assumptions on
WARN [03-26|20:19:51.756]      security or persistence.
WARN [03-26|20:19:51.756]   2. The database is created in memory unless specified otherwise. Therefore, shutting down
WARN [03-26|20:19:51.756]      your computer or losing power will wipe your entire block data and chain state for
WARN [03-26|20:19:51.756]      your dev environment.
WARN [03-26|20:19:51.756]   3. A random, pre-allocated developer account will be available and unlocked as
WARN [03-26|20:19:51.756]      eth.coinbase, which can be used for testing. The random dev account is temporary,
WARN [03-26|20:19:51.756]      stored on a ramdisk, and will be lost if your machine is restarted.
WARN [03-26|20:19:51.756]   4. Mining is enabled by default. However, the client will only seal blocks if transactions
WARN [03-26|20:19:51.756]      are pending in the mempool. The miner's minimum accepted gas price is 1.
WARN [03-26|20:19:51.756]   5. Networking is disabled; there is no listen-address, the maximum number of peers is set
WARN [03-26|20:19:51.756]      to 0, and discovery is disabled.
WARN [03-26|20:19:51.756] 
INFO [03-26|20:19:51.756] Starting peer-to-peer node               instance=Geth/v1.17.2-unstable-5d0e18f7-20260325/linux-amd64/go1.24.1
WARN [03-26|20:19:51.756] P2P server will be useless, neither dialing nor listening
INFO [03-26|20:19:51.759] IPC endpoint opened                      url=/home/CPerezz/bintrie-benchmarks/mpt-vs-bintrie/dbs/mpt/geth.ipc
ERROR[03-26|20:19:51.759] Unavailable modules in HTTP API list     unavailable=[personal] available="[admin debug web3 eth txpool miner net dev testing]"
INFO [03-26|20:19:51.759] HTTP server started                      endpoint=[::]:8545 auth=false prefix= cors= vhosts=localhost
INFO [03-26|20:19:51.759] WebSocket enabled                        url=ws://[::]:8546
INFO [03-26|20:19:51.760] New local node record                    seq=1,774,465,406,210 id=9566f6e861acb2c3 ip=127.0.0.1 udp=0 tcp=0
INFO [03-26|20:19:51.760] Started P2P networking                   self=enode://7bcb27e0859fe4ed7072e298a58918cc0b55d08376b1207f77d84f6d0d34ded7448b64ab16dd00733b489383beff49c04f662afae4dd1dc102807640ff82a1cd@127.0.0.1:0
INFO [03-26|20:19:51.807] Loaded local transaction journal         transactions=1005 dropped=0
INFO [03-26|20:19:53.371] Submitted contract creation              hash=0x26f3b0a431f0339246f1a018099252c8379e7d1dfc73bb2eac3141c2bbdaca8d from=0xf39Fd6e51aad88F6F4ce6aB8827279cffFb92266 nonce=682 contract=0x725314746e727f586E9FCA65AeD5dBe45aA71B99 value=0
INFO [03-26|20:19:53.372] Submitted transaction                    hash=0xd6010cc4ae0d14aef8feea4f5dd931ac24fb62d603f8bd6295701a73ef29bf0a from=0xf39Fd6e51aad88F6F4ce6aB8827279cffFb92266 nonce=683 recipient=0xc3321F089612324C6f30765cdE70202228072895 value=266,561,800,000,000
INFO [03-26|20:19:53.653] Started log indexer
INFO [03-26|20:19:53.656] Starting work on payload                 id=0x03b76973b3727628
INFO [03-26|20:19:53.662] Updated payload                          id=0x03b76973b3727628 number=64824 hash=a0f6d7..cb0e9d txs=2 withdrawals=0 gas=90958 fees=2.424585544e-07 root=4eeb41..3b62a5 elapsed=5.465ms
INFO [03-26|20:19:53.662] Stopping work on payload                 id=0x03b76973b3727628 reason=delivery
WARN [03-26|20:19:53.670] {"level":"warn","msg":"Slow block","block":{"number":64824,"hash":"0xa0f6d7afbfcdaa6bdeb7ef107ceea68a2708827c71e3286a4c98b47a0ccb0e9d","gas_used":90958,"tx_count":2},"timing":{"execution_ms":0.055379,"state_read_ms":0.10584,"state_hash_ms":0.658425,"commit_ms":6.305093,"total_ms":7.180859},"throughput":{"mgas_per_sec":12.66672970462169},"state_reads":{"accounts":11,"storage_slots":0,"code":0,"code_bytes":0},"state_writes":{"accounts":3,"accounts_deleted":0,"storage_slots":0,"storage_slots_deleted":0,"code":1,"code_bytes":78},"cache":{"account":{"hits":5,"misses":6,"hit_rate":45.45454545454545},"storage":{"hits":0,"misses":0,"hit_rate":0},"code":{"hits":0,"misses":0,"hit_rate":0,"hit_bytes":0,"miss_bytes":0}}}
INFO [03-26|20:19:53.670] Imported new potential chain segment     number=64824 hash=a0f6d7..cb0e9d blocks=1 txs=2 mgas=0.091 elapsed=7.351ms mgasps=12.372 triediffs=306.41MiB triedirty=0.00B
INFO [03-26|20:19:53.670] Ready for fork activation                fork=Osaka date="07 Feb 06 07:28 CET" remaining=700115h8m21s timestamp=4,294,967,295
INFO [03-26|20:19:53.670] Chain head was updated                   number=64824 hash=a0f6d7..cb0e9d root=4eeb41..3b62a5 elapsed="121.27µs"
INFO [03-26|20:19:54.386] Submitted transaction                    hash=0x663987993899e13297160d20ce3ecbf95885060f23010385f1c1e193b810d90d from=0xc3321F089612324C6f30765cdE70202228072895 nonce=0   recipient=0x725314746e727f586E9FCA65AeD5dBe45aA71B99 value=0
INFO [03-26|20:20:03.674] Starting work on payload                 id=0x033a0e6a246292fe
INFO [03-26|20:20:04.492] Updated payload                          id=0x033a0e6a246292fe number=64825 hash=56f053..0ffb89 txs=1 withdrawals=0 gas=93,739,282 fees=0.0002498723675 root=3e7024..7df7b8 elapsed=817.218ms
INFO [03-26|20:20:04.492] Stopping work on payload                 id=0x033a0e6a246292fe reason=delivery
WARN [03-26|20:20:05.397] {"level":"warn","msg":"Slow block","block":{"number":64825,"hash":"0x56f053c5017120610976dcfedde5486ae5013f7dab302a0d4e12cb95fc0ffb89","gas_used":93739282,"tx_count":1},"timing":{"execution_ms":43.697947,"state_read_ms":542.245163,"state_hash_ms":285.500514,"commit_ms":30.308472,"total_ms":901.865227},"throughput":{"mgas_per_sec":103.93934613913216},"state_reads":{"accounts":8,"storage_slots":4094,"code":2,"code_bytes":1422},"state_writes":{"accounts":3,"accounts_deleted":0,"storage_slots":4094,"storage_slots_deleted":0,"code":0,"code_bytes":0},"cache":{"account":{"hits":4,"misses":4,"hit_rate":50},"storage":{"hits":490,"misses":3604,"hit_rate":11.968734733756717},"code":{"hits":2,"misses":0,"hit_rate":100,"hit_bytes":1422,"miss_bytes":0}}}
INFO [03-26|20:20:05.397] Imported new potential chain segment     number=64825 hash=56f053..0ffb89 blocks=1 txs=1 mgas=93.739 elapsed=904.372ms  mgasps=103.651 triediffs=314.20MiB triedirty=0.00B
INFO [03-26|20:20:05.399] Chain head was updated                   number=64825 hash=56f053..0ffb89 root=3e7024..7df7b8 elapsed="101.22µs"
INFO [03-26|20:20:05.464] Submitted transaction                    hash=0xd2e9bfc8779db6fe0219905a5a23bf50c2a6843b406ce6ba4ea09fa6cb3e1f42 from=0xc3321F089612324C6f30765cdE70202228072895 nonce=1   recipient=0xf39Fd6e51aad88F6F4ce6aB8827279cffFb92266 value=16,660,693,457,724
INFO [03-26|20:20:15.401] Starting work on payload                 id=0x035fa4ed15444fb9
INFO [03-26|20:20:15.402] Updated payload                          id=0x035fa4ed15444fb9 number=64826 hash=a9a518..d32d91 txs=1 withdrawals=0 gas=21000      fees=2.7988842e-08   root=e1ba27..82324c elapsed=1.121ms
INFO [03-26|20:20:15.402] Stopping work on payload                 id=0x035fa4ed15444fb9 reason=delivery
WARN [03-26|20:20:15.404] {"level":"warn","msg":"Slow block","block":{"number":64826,"hash":"0xa9a518ba62c088b5d5abcf0d656e2f2aa05600513ac60272066ec37216d32d91","gas_used":21000,"tx_count":1},"timing":{"execution_ms":0.054169,"state_read_ms":0.218299,"state_hash_ms":0.093369,"commit_ms":0.530947,"total_ms":0.977955},"throughput":{"mgas_per_sec":21.473380677025016},"state_reads":{"accounts":6,"storage_slots":0,"code":0,"code_bytes":0},"state_writes":{"accounts":2,"accounts_deleted":0,"storage_slots":0,"storage_slots_deleted":0,"code":0,"code_bytes":0},"cache":{"account":{"hits":0,"misses":6,"hit_rate":0},"storage":{"hits":0,"misses":0,"hit_rate":0},"code":{"hits":0,"misses":0,"hit_rate":0,"hit_bytes":0,"miss_bytes":0}}}
INFO [03-26|20:20:15.405] Imported new potential chain segment     number=64826 hash=a9a518..d32d91 blocks=1 txs=1 mgas=0.021  elapsed=1.115ms    mgasps=18.825  triediffs=314.20MiB triedirty=0.00B
INFO [03-26|20:20:15.405] Chain head was updated                   number=64826 hash=a9a518..d32d91 root=e1ba27..82324c elapsed="65.17µs"
