INFO [03-26|19:50:22.294] Starting Geth on Ethereum mainnet...
INFO [03-26|19:50:22.295] Maximum peer count                       ETH=0 total=0
INFO [03-26|19:50:22.296] Smartcard socket not found, disabling    err="stat /run/pcscd/pcscd.comm: no such file or directory"
WARN [03-26|19:50:22.297] Option --miner.etherbase is deprecated as the etherbase is set by the consensus client post-merge
WARN [03-26|19:50:22.298] Snap sync requested, resetting --cache.snapshot
INFO [03-26|19:50:22.298] Global gas cap disabled
INFO [03-26|19:50:22.942] Using developer account                  address=0xf39Fd6e51aad88F6F4ce6aB8827279cffFb92266
INFO [03-26|19:50:23.110] Using pebble as the backing database
INFO [03-26|19:50:23.110] Allocated cache and file handles         database=/home/CPerezz/bintrie-benchmarks/mpt-vs-bintrie/dbs/mpt/geth/chaindata cache=16.00MiB handles=524,288
INFO [03-26|19:50:24.230] Opened ancient database                  database=/home/CPerezz/bintrie-benchmarks/mpt-vs-bintrie/dbs/mpt/geth/chaindata/ancient/chain readonly=true
INFO [03-26|19:50:24.230] Opened Era store                         datadir=/home/CPerezz/bintrie-benchmarks/mpt-vs-bintrie/dbs/mpt/geth/chaindata/ancient/chain/era
INFO [03-26|19:50:24.236] Initializing the KZG library             backend=gokzg
INFO [03-26|19:50:24.237] Allocated trie memory caches             clean=0.00B dirty=0.00B
INFO [03-26|19:50:24.324] Using pebble as the backing database
INFO [03-26|19:50:24.324] Allocated cache and file handles         database=/home/CPerezz/bintrie-benchmarks/mpt-vs-bintrie/dbs/mpt/geth/chaindata cache=16.00MiB handles=524,288
INFO [03-26|19:50:25.615] Opened ancient database                  database=/home/CPerezz/bintrie-benchmarks/mpt-vs-bintrie/dbs/mpt/geth/chaindata/ancient/chain readonly=false
INFO [03-26|19:50:25.615] Opened Era store                         datadir=/home/CPerezz/bintrie-benchmarks/mpt-vs-bintrie/dbs/mpt/geth/chaindata/ancient/chain/era
INFO [03-26|19:50:25.615] State scheme set to already existing     scheme=path
INFO [03-26|19:50:25.616] Initialising Ethereum protocol           network=1337 dbversion=9
INFO [03-26|19:50:25.616] Load database journal from file          path=/home/CPerezz/bintrie-benchmarks/mpt-vs-bintrie/dbs/mpt/geth/triedb/merkle.journal
INFO [03-26|19:50:27.483] Opened ancient database                  database=/home/CPerezz/bintrie-benchmarks/mpt-vs-bintrie/dbs/mpt/geth/chaindata/ancient/state readonly=false
INFO [03-26|19:50:27.483] Initialized path database                triecache=0.00B statecache=0.00B buffer=0.00B state-history="last 90000 blocks" journal-dir=/home/CPerezz/bintrie-benchmarks/mpt-vs-bintrie/dbs/mpt/geth/triedb
INFO [03-26|19:50:27.485] 
INFO [03-26|19:50:27.485] ---------------------------------------------------------------------------------------------------------------------------------------------------------
INFO [03-26|19:50:27.485] Chain ID:  1337 (unknown)
INFO [03-26|19:50:27.485] Consensus: unknown
INFO [03-26|19:50:27.485] 
INFO [03-26|19:50:27.485] Pre-Merge hard forks (block based):
INFO [03-26|19:50:27.485]  - Homestead:                   #0       
INFO [03-26|19:50:27.485]  - Tangerine Whistle (EIP 150): #0       
INFO [03-26|19:50:27.485]  - Spurious Dragon/1 (EIP 155): #0       
INFO [03-26|19:50:27.485]  - Spurious Dragon/2 (EIP 158): #0       
INFO [03-26|19:50:27.485]  - Byzantium:                   #0       
INFO [03-26|19:50:27.485]  - Constantinople:              #0       
INFO [03-26|19:50:27.485]  - Petersburg:                  #0       
INFO [03-26|19:50:27.485]  - Istanbul:                    #0       
INFO [03-26|19:50:27.485]  - Muir Glacier:                #0       
INFO [03-26|19:50:27.485]  - Berlin:                      #0       
INFO [03-26|19:50:27.485]  - London:                      #0       
INFO [03-26|19:50:27.485]  - Arrow Glacier:               #0       
INFO [03-26|19:50:27.485]  - Gray Glacier:                #0       
INFO [03-26|19:50:27.485] 
INFO [03-26|19:50:27.485] Merge configured:
INFO [03-26|19:50:27.485]  - Total terminal difficulty:  0
INFO [03-26|19:50:27.485]  - Merge netsplit block:       #0       
INFO [03-26|19:50:27.485] 
INFO [03-26|19:50:27.485] Post-Merge hard forks (timestamp based):
INFO [03-26|19:50:27.485]  - Shanghai:                    @0         
INFO [03-26|19:50:27.485]  - Cancun:                      @0          blob: (target: 3, max: 6, fraction: 3338477)
INFO [03-26|19:50:27.485]  - Prague:                      @0          blob: (target: 6, max: 9, fraction: 5225352)
INFO [03-26|19:50:27.485]  - Osaka:                       @4294967295 blob: (target: 9, max: 12, fraction: 5225352)
INFO [03-26|19:50:27.485] 
INFO [03-26|19:50:27.485] All fork specifications can be found at https://ethereum.github.io/execution-specs/src/ethereum/forks/
INFO [03-26|19:50:27.485] 
INFO [03-26|19:50:27.485] ---------------------------------------------------------------------------------------------------------------------------------------------------------
INFO [03-26|19:50:27.485] 
INFO [03-26|19:50:27.486] Loaded most recent local block           number=64667 hash=d5f78a..33e541 age=10s
INFO [03-26|19:50:27.486] Loaded most recent local finalized block number=64640 hash=cf89e6..b1000e age=5m7s
INFO [03-26|19:50:27.487] Initialized transaction indexer          range="last 2350000 blocks"
INFO [03-26|19:50:27.487] Initialized log indexer                  firstblock=0 lastblock=64667 firstmap=0 lastmap=4 headindexed=true
INFO [03-26|19:50:27.489] Enabled full-sync                        head=64667 hash=d5f78a..33e541
INFO [03-26|19:50:27.489] Unprotected transactions allowed
INFO [03-26|19:50:27.489] Gasprice oracle is ignoring threshold set threshold=2
INFO [03-26|19:50:27.490] Registered sync override service
WARN [03-26|19:50:27.490] You are running Geth in --dev mode. Please note the following:
WARN [03-26|19:50:27.490] 
WARN [03-26|19:50:27.490]   1. This mode is only intended for fast, iterative development without assumptions on
WARN [03-26|19:50:27.490]      security or persistence.
WARN [03-26|19:50:27.490]   2. The database is created in memory unless specified otherwise. Therefore, shutting down
WARN [03-26|19:50:27.490]      your computer or losing power will wipe your entire block data and chain state for
WARN [03-26|19:50:27.490]      your dev environment.
WARN [03-26|19:50:27.490]   3. A random, pre-allocated developer account will be available and unlocked as
WARN [03-26|19:50:27.490]      eth.coinbase, which can be used for testing. The random dev account is temporary,
WARN [03-26|19:50:27.490]      stored on a ramdisk, and will be lost if your machine is restarted.
WARN [03-26|19:50:27.490]   4. Mining is enabled by default. However, the client will only seal blocks if transactions
WARN [03-26|19:50:27.490]      are pending in the mempool. The miner's minimum accepted gas price is 1.
WARN [03-26|19:50:27.490]   5. Networking is disabled; there is no listen-address, the maximum number of peers is set
WARN [03-26|19:50:27.490]      to 0, and discovery is disabled.
WARN [03-26|19:50:27.490] 
INFO [03-26|19:50:27.490] Starting peer-to-peer node               instance=Geth/v1.17.2-unstable-5d0e18f7-20260325/linux-amd64/go1.24.1
WARN [03-26|19:50:27.490] P2P server will be useless, neither dialing nor listening
INFO [03-26|19:50:27.495] New local node record                    seq=1,774,465,406,158 id=9566f6e861acb2c3 ip=127.0.0.1 udp=0 tcp=0
INFO [03-26|19:50:27.495] Started P2P networking                   self=enode://7bcb27e0859fe4ed7072e298a58918cc0b55d08376b1207f77d84f6d0d34ded7448b64ab16dd00733b489383beff49c04f662afae4dd1dc102807640ff82a1cd@127.0.0.1:0
INFO [03-26|19:50:27.495] IPC endpoint opened                      url=/home/CPerezz/bintrie-benchmarks/mpt-vs-bintrie/dbs/mpt/geth.ipc
ERROR[03-26|19:50:27.495] Unavailable modules in HTTP API list     unavailable=[personal] available="[admin debug web3 eth txpool miner net dev testing]"
INFO [03-26|19:50:27.496] HTTP server started                      endpoint=[::]:8545 auth=false prefix= cors= vhosts=localhost
INFO [03-26|19:50:27.496] WebSocket enabled                        url=ws://[::]:8546
INFO [03-26|19:50:27.591] Loaded local transaction journal         transactions=797 dropped=0
INFO [03-26|19:50:29.259] Submitted contract creation              hash=0xf2e8048fdf425d85f722c00c92f7882395727fe15148bb0211d720045bb8b819 from=0xf39Fd6e51aad88F6F4ce6aB8827279cffFb92266 nonce=578 contract=0xa8fcCF4D0e2f2c4451123fF2F9ddFc9be465Fa1d value=0
INFO [03-26|19:50:29.261] Submitted transaction                    hash=0xfe74dbdf90ad11d72050ced712c1e41c66b2f9be0d00b42fe7f6181ab7f08654 from=0xf39Fd6e51aad88F6F4ce6aB8827279cffFb92266 nonce=579 recipient=0xf2ec5EfC77beAB7d8b13e26c084BE46cFEa28C7E value=2,952,400,000,000
INFO [03-26|19:50:29.589] Started log indexer
INFO [03-26|19:50:29.593] Starting work on payload                 id=0x03067e34480ec1d2
INFO [03-26|19:50:29.600] Updated payload                          id=0x03067e34480ec1d2 number=64668 hash=e0ef94..e5dc65 txs=2 withdrawals=0 gas=90958 fees=2.684716328e-09 root=e6bfe5..be2f7a elapsed=6.545ms
INFO [03-26|19:50:29.600] Stopping work on payload                 id=0x03067e34480ec1d2 reason=delivery
WARN [03-26|19:50:29.606] {"level":"warn","msg":"Slow block","block":{"number":64668,"hash":"0xe0ef94b3b771c585c1f66e0cc0da3f8e8993282c071a88be14c3e540d3e5dc65","gas_used":90958,"tx_count":2},"timing":{"execution_ms":0.04072,"state_read_ms":0.165369,"state_hash_ms":0.622076,"commit_ms":4.838211,"total_ms":5.717437},"throughput":{"mgas_per_sec":15.908876652248201},"state_reads":{"accounts":11,"storage_slots":0,"code":0,"code_bytes":0},"state_writes":{"accounts":3,"accounts_deleted":0,"storage_slots":0,"storage_slots_deleted":0,"code":1,"code_bytes":78},"cache":{"account":{"hits":6,"misses":5,"hit_rate":54.54545454545454},"storage":{"hits":0,"misses":0,"hit_rate":0},"code":{"hits":0,"misses":0,"hit_rate":0,"hit_bytes":0,"miss_bytes":0}}}
INFO [03-26|19:50:29.606] Imported new potential chain segment     number=64668 hash=e0ef94..e5dc65 blocks=1 txs=2 mgas=0.091 elapsed=5.874ms mgasps=15.482 triediffs=306.56MiB triedirty=0.00B
INFO [03-26|19:50:29.606] Ready for fork activation                fork=Osaka date="07 Feb 06 07:28 CET" remaining=700115h37m45s timestamp=4,294,967,295
INFO [03-26|19:50:29.606] Chain head was updated                   number=64668 hash=e0ef94..e5dc65 root=e6bfe5..be2f7a elapsed="107.319µs"
INFO [03-26|19:50:30.276] Submitted transaction                    hash=0x98eb696ffb712320de1e85da6e83804a0a8ba5f279ecf4cbd24b3201b04df335 from=0xf2ec5EfC77beAB7d8b13e26c084BE46cFEa28C7E nonce=0   recipient=0xa8fcCF4D0e2f2c4451123fF2F9ddFc9be465Fa1d value=0
INFO [03-26|19:50:39.612] Starting work on payload                 id=0x03d481eefbe3798c
INFO [03-26|19:50:40.472] Updated payload                          id=0x03d481eefbe3798c number=64669 hash=1a82b6..5c1957 txs=1 withdrawals=0 gas=93,739,282 fees=2.766808648e-06 root=25e9ad..12e125 elapsed=860.489ms
INFO [03-26|19:50:40.473] Stopping work on payload                 id=0x03d481eefbe3798c reason=delivery
WARN [03-26|19:50:41.471] {"level":"warn","msg":"Slow block","block":{"number":64669,"hash":"0x1a82b66304f5110f5d089376734304de163013f98f674fd054d27d96e15c1957","gas_used":93739282,"tx_count":1},"timing":{"execution_ms":52.173301,"state_read_ms":636.400517,"state_hash_ms":283.813242,"commit_ms":24.724952,"total_ms":997.229391},"throughput":{"mgas_per_sec":93.99971846597931},"state_reads":{"accounts":8,"storage_slots":4094,"code":2,"code_bytes":1422},"state_writes":{"accounts":3,"accounts_deleted":0,"storage_slots":4094,"storage_slots_deleted":0,"code":0,"code_bytes":0},"cache":{"account":{"hits":4,"misses":4,"hit_rate":50},"storage":{"hits":738,"misses":3356,"hit_rate":18.02638006839277},"code":{"hits":2,"misses":0,"hit_rate":100,"hit_bytes":1422,"miss_bytes":0}}}
INFO [03-26|19:50:41.471] Imported new potential chain segment     number=64669 hash=1a82b6..5c1957 blocks=1 txs=1 mgas=93.739 elapsed=998.487ms   mgasps=93.881 triediffs=314.33MiB triedirty=0.00B
INFO [03-26|19:50:41.473] Chain head was updated                   number=64669 hash=1a82b6..5c1957 root=25e9ad..12e125 elapsed="110.129µs"
INFO [03-26|19:50:42.384] Submitted transaction                    hash=0x4f5d0acf2959688538d904247b8c9be9aa3e2c69cf39cc570e49b03041caf667 from=0xf2ec5EfC77beAB7d8b13e26c084BE46cFEa28C7E nonce=1   recipient=0xf39Fd6e51aad88F6F4ce6aB8827279cffFb92266 value=184,531,289,232
INFO [03-26|19:50:51.477] Starting work on payload                 id=0x036938108b31d009
INFO [03-26|19:50:51.478] Updated payload                          id=0x036938108b31d009 number=64670 hash=df2810..9ad168 txs=1 withdrawals=0 gas=21000      fees=3.09855e-10     root=70b432..49747c elapsed=1.458ms
INFO [03-26|19:50:51.478] Stopping work on payload                 id=0x036938108b31d009 reason=delivery
WARN [03-26|19:50:51.481] {"level":"warn","msg":"Slow block","block":{"number":64670,"hash":"0xdf28102d915eeaab9109725078b51c8980445ea2666516070fcc86d97b9ad168","gas_used":21000,"tx_count":1},"timing":{"execution_ms":0.05272,"state_read_ms":1.050823,"state_hash_ms":0.092909,"commit_ms":0.580287,"total_ms":1.85661},"throughput":{"mgas_per_sec":11.310937676733401},"state_reads":{"accounts":6,"storage_slots":0,"code":0,"code_bytes":0},"state_writes":{"accounts":2,"accounts_deleted":0,"storage_slots":0,"storage_slots_deleted":0,"code":0,"code_bytes":0},"cache":{"account":{"hits":1,"misses":5,"hit_rate":16.666666666666664},"storage":{"hits":0,"misses":0,"hit_rate":0},"code":{"hits":0,"misses":0,"hit_rate":0,"hit_bytes":0,"miss_bytes":0}}}
INFO [03-26|19:50:51.481] Imported new potential chain segment     number=64670 hash=df2810..9ad168 blocks=1 txs=1 mgas=0.021  elapsed=2.015ms     mgasps=10.419 triediffs=314.32MiB triedirty=0.00B
INFO [03-26|19:50:51.481] Chain head was updated                   number=64670 hash=df2810..9ad168 root=70b432..49747c elapsed="61.189µs"
