INFO [03-26|17:57:48.666] Starting Geth on Ethereum mainnet...
INFO [03-26|17:57:48.668] Maximum peer count                       ETH=0 total=0
INFO [03-26|17:57:48.669] Smartcard socket not found, disabling    err="stat /run/pcscd/pcscd.comm: no such file or directory"
WARN [03-26|17:57:48.670] Option --miner.etherbase is deprecated as the etherbase is set by the consensus client post-merge
WARN [03-26|17:57:48.672] Snap sync requested, resetting --cache.snapshot
INFO [03-26|17:57:48.672] Global gas cap disabled
INFO [03-26|17:57:49.319] Using developer account                  address=0xf39Fd6e51aad88F6F4ce6aB8827279cffFb92266
INFO [03-26|17:57:49.558] Using pebble as the backing database
INFO [03-26|17:57:49.558] Allocated cache and file handles         database=/home/CPerezz/bintrie-benchmarks/mpt-vs-bintrie/dbs/mpt/geth/chaindata cache=16.00MiB handles=524,288
INFO [03-26|17:57:51.756] Opened ancient database                  database=/home/CPerezz/bintrie-benchmarks/mpt-vs-bintrie/dbs/mpt/geth/chaindata/ancient/chain readonly=true
INFO [03-26|17:57:51.756] Opened Era store                         datadir=/home/CPerezz/bintrie-benchmarks/mpt-vs-bintrie/dbs/mpt/geth/chaindata/ancient/chain/era
INFO [03-26|17:57:51.766] Initializing the KZG library             backend=gokzg
INFO [03-26|17:57:51.768] Allocated trie memory caches             clean=0.00B dirty=0.00B
INFO [03-26|17:57:51.869] Using pebble as the backing database
INFO [03-26|17:57:51.869] Allocated cache and file handles         database=/home/CPerezz/bintrie-benchmarks/mpt-vs-bintrie/dbs/mpt/geth/chaindata cache=16.00MiB handles=524,288
INFO [03-26|17:57:53.231] Opened ancient database                  database=/home/CPerezz/bintrie-benchmarks/mpt-vs-bintrie/dbs/mpt/geth/chaindata/ancient/chain readonly=false
INFO [03-26|17:57:53.231] Opened Era store                         datadir=/home/CPerezz/bintrie-benchmarks/mpt-vs-bintrie/dbs/mpt/geth/chaindata/ancient/chain/era
INFO [03-26|17:57:53.233] State scheme set to already existing     scheme=path
INFO [03-26|17:57:53.235] Initialising Ethereum protocol           network=1337 dbversion=9
INFO [03-26|17:57:53.235] Load database journal from file          path=/home/CPerezz/bintrie-benchmarks/mpt-vs-bintrie/dbs/mpt/geth/triedb/merkle.journal
INFO [03-26|17:57:54.076] Opened ancient database                  database=/home/CPerezz/bintrie-benchmarks/mpt-vs-bintrie/dbs/mpt/geth/chaindata/ancient/state readonly=false
INFO [03-26|17:57:54.077] Initialized path database                triecache=0.00B statecache=0.00B buffer=0.00B state-history="last 90000 blocks" journal-dir=/home/CPerezz/bintrie-benchmarks/mpt-vs-bintrie/dbs/mpt/geth/triedb
INFO [03-26|17:57:54.077] 
INFO [03-26|17:57:54.077] ---------------------------------------------------------------------------------------------------------------------------------------------------------
INFO [03-26|17:57:54.077] Chain ID:  1337 (unknown)
INFO [03-26|17:57:54.077] Consensus: unknown
INFO [03-26|17:57:54.077] 
INFO [03-26|17:57:54.077] Pre-Merge hard forks (block based):
INFO [03-26|17:57:54.077]  - Homestead:                   #0       
INFO [03-26|17:57:54.077]  - Tangerine Whistle (EIP 150): #0       
INFO [03-26|17:57:54.077]  - Spurious Dragon/1 (EIP 155): #0       
INFO [03-26|17:57:54.077]  - Spurious Dragon/2 (EIP 158): #0       
INFO [03-26|17:57:54.077]  - Byzantium:                   #0       
INFO [03-26|17:57:54.077]  - Constantinople:              #0       
INFO [03-26|17:57:54.077]  - Petersburg:                  #0       
INFO [03-26|17:57:54.077]  - Istanbul:                    #0       
INFO [03-26|17:57:54.077]  - Muir Glacier:                #0       
INFO [03-26|17:57:54.077]  - Berlin:                      #0       
INFO [03-26|17:57:54.077]  - London:                      #0       
INFO [03-26|17:57:54.077]  - Arrow Glacier:               #0       
INFO [03-26|17:57:54.077]  - Gray Glacier:                #0       
INFO [03-26|17:57:54.077] 
INFO [03-26|17:57:54.077] Merge configured:
INFO [03-26|17:57:54.077]  - Total terminal difficulty:  0
INFO [03-26|17:57:54.077]  - Merge netsplit block:       #0       
INFO [03-26|17:57:54.077] 
INFO [03-26|17:57:54.077] Post-Merge hard forks (timestamp based):
INFO [03-26|17:57:54.077]  - Shanghai:                    @0         
INFO [03-26|17:57:54.077]  - Cancun:                      @0          blob: (target: 3, max: 6, fraction: 3338477)
INFO [03-26|17:57:54.077]  - Prague:                      @0          blob: (target: 6, max: 9, fraction: 5225352)
INFO [03-26|17:57:54.077]  - Osaka:                       @4294967295 blob: (target: 9, max: 12, fraction: 5225352)
INFO [03-26|17:57:54.077] 
INFO [03-26|17:57:54.077] All fork specifications can be found at https://ethereum.github.io/execution-specs/src/ethereum/forks/
INFO [03-26|17:57:54.077] 
INFO [03-26|17:57:54.077] ---------------------------------------------------------------------------------------------------------------------------------------------------------
INFO [03-26|17:57:54.077] 
INFO [03-26|17:57:54.078] Loaded most recent local block           number=64113 hash=fc3a41..0e9ca3 age=23s
INFO [03-26|17:57:54.078] Loaded most recent local finalized block number=64096 hash=02abd1..e363ff age=4m25s
INFO [03-26|17:57:54.079] Initialized transaction indexer          range="last 2350000 blocks"
INFO [03-26|17:57:54.079] Initialized log indexer                  firstblock=0 lastblock=64113 firstmap=0 lastmap=4 headindexed=true
INFO [03-26|17:57:54.097] Enabled full-sync                        head=64113 hash=fc3a41..0e9ca3
INFO [03-26|17:57:54.098] Unprotected transactions allowed
INFO [03-26|17:57:54.098] Gasprice oracle is ignoring threshold set threshold=2
INFO [03-26|17:57:54.099] Registered sync override service
WARN [03-26|17:57:54.099] You are running Geth in --dev mode. Please note the following:
WARN [03-26|17:57:54.099] 
WARN [03-26|17:57:54.099]   1. This mode is only intended for fast, iterative development without assumptions on
WARN [03-26|17:57:54.099]      security or persistence.
WARN [03-26|17:57:54.099]   2. The database is created in memory unless specified otherwise. Therefore, shutting down
WARN [03-26|17:57:54.099]      your computer or losing power will wipe your entire block data and chain state for
WARN [03-26|17:57:54.099]      your dev environment.
WARN [03-26|17:57:54.099]   3. A random, pre-allocated developer account will be available and unlocked as
WARN [03-26|17:57:54.099]      eth.coinbase, which can be used for testing. The random dev account is temporary,
WARN [03-26|17:57:54.099]      stored on a ramdisk, and will be lost if your machine is restarted.
WARN [03-26|17:57:54.099]   4. Mining is enabled by default. However, the client will only seal blocks if transactions
WARN [03-26|17:57:54.099]      are pending in the mempool. The miner's minimum accepted gas price is 1.
WARN [03-26|17:57:54.099]   5. Networking is disabled; there is no listen-address, the maximum number of peers is set
WARN [03-26|17:57:54.099]      to 0, and discovery is disabled.
WARN [03-26|17:57:54.099] 
INFO [03-26|17:57:54.099] Starting peer-to-peer node               instance=Geth/v1.17.2-unstable-5d0e18f7-20260325/linux-amd64/go1.24.1
WARN [03-26|17:57:54.099] P2P server will be useless, neither dialing nor listening
INFO [03-26|17:57:54.111] IPC endpoint opened                      url=/home/CPerezz/bintrie-benchmarks/mpt-vs-bintrie/dbs/mpt/geth.ipc
ERROR[03-26|17:57:54.111] Unavailable modules in HTTP API list     unavailable=[personal] available="[admin debug web3 eth txpool miner net dev testing]"
INFO [03-26|17:57:54.111] HTTP server started                      endpoint=[::]:8545 auth=false prefix= cors= vhosts=localhost
INFO [03-26|17:57:54.111] WebSocket enabled                        url=ws://[::]:8546
INFO [03-26|17:57:54.111] New local node record                    seq=1,774,465,405,953 id=9566f6e861acb2c3 ip=127.0.0.1 udp=0 tcp=0
INFO [03-26|17:57:54.111] Started P2P networking                   self=enode://7bcb27e0859fe4ed7072e298a58918cc0b55d08376b1207f77d84f6d0d34ded7448b64ab16dd00733b489383beff49c04f662afae4dd1dc102807640ff82a1cd@127.0.0.1:0
INFO [03-26|17:57:54.118] Loaded local transaction journal         transactions=135 dropped=0
INFO [03-26|17:57:55.240] Started log indexer
INFO [03-26|17:57:55.250] Starting work on payload                 id=0x03d8baf536f7f1e7
INFO [03-26|17:57:55.250] Updated payload                          id=0x03d8baf536f7f1e7 number=64114 hash=b0cbe0..983006 txs=0 withdrawals=0 gas=0 fees=0 root=5d7206..308f45 elapsed="284.539µs"
INFO [03-26|17:57:55.250] Stopping work on payload                 id=0x03d8baf536f7f1e7 reason=delivery
WARN [03-26|17:57:55.253] {"level":"warn","msg":"Slow block","block":{"number":64114,"hash":"0xb0cbe0bf725d5bdaba855e310663a7ba0bb55cfa7b79615e12cf005055983006","gas_used":0,"tx_count":0},"timing":{"execution_ms":0.00968,"state_read_ms":0.04586,"state_hash_ms":0.0097,"commit_ms":0.051949,"total_ms":0.15275},"throughput":{"mgas_per_sec":0},"state_reads":{"accounts":4,"storage_slots":0,"code":0,"code_bytes":0},"state_writes":{"accounts":0,"accounts_deleted":0,"storage_slots":0,"storage_slots_deleted":0,"code":0,"code_bytes":0},"cache":{"account":{"hits":0,"misses":4,"hit_rate":0},"storage":{"hits":0,"misses":0,"hit_rate":0},"code":{"hits":0,"misses":0,"hit_rate":0,"hit_bytes":0,"miss_bytes":0}}}
INFO [03-26|17:57:55.253] Imported new potential chain segment     number=64114 hash=b0cbe0..983006 blocks=1 txs=0 mgas=0.000 elapsed=2.734ms     mgasps=0.000 triediffs=136.55MiB triedirty=0.00B
INFO [03-26|17:57:55.253] Ready for fork activation                fork=Osaka date="07 Feb 06 07:28 CET" remaining=700117h30m20s timestamp=4,294,967,295
INFO [03-26|17:57:55.253] Chain head was updated                   number=64114 hash=b0cbe0..983006 root=5d7206..308f45 elapsed="24.19µs"
INFO [03-26|17:57:55.936] Submitted contract creation              hash=0x2de7db25ee9b61303d6431a61a75082be8362a9f471412879c6467a0c9ffaf6d from=0xf39Fd6e51aad88F6F4ce6aB8827279cffFb92266 nonce=168 contract=0x74Cf9087AD26D541930BaC724B7ab21bA8F00a27 value=0
INFO [03-26|17:57:55.939] Submitted transaction                    hash=0x765f54b61f13821edc24e02831a378b59551ae6e7c8900640e7ab7d490004365 from=0xf39Fd6e51aad88F6F4ce6aB8827279cffFb92266 nonce=169 recipient=0x268d1Be9Be74cC0C3D307957E84fEE08003C7183 value=1,600,000,000
INFO [03-26|17:58:05.256] Starting work on payload                 id=0x038db1f0cbd6a07e
INFO [03-26|17:58:05.266] Updated payload                          id=0x038db1f0cbd6a07e number=64115 hash=1d154f..6b190e txs=2 withdrawals=0 gas=89662 fees=7.17296e-13 root=47d264..350b6b elapsed=10.595ms
INFO [03-26|17:58:05.267] Stopping work on payload                 id=0x038db1f0cbd6a07e reason=delivery
WARN [03-26|17:58:05.273] {"level":"warn","msg":"Slow block","block":{"number":64115,"hash":"0x1d154f6afdf7a16e2051d8019fab20ce9c6854743c2efeab06b291efd26b190e","gas_used":89662,"tx_count":2},"timing":{"execution_ms":0.15696,"state_read_ms":0.098918,"state_hash_ms":0.822526,"commit_ms":4.311266,"total_ms":5.42468},"throughput":{"mgas_per_sec":16.528532558602535},"state_reads":{"accounts":11,"storage_slots":0,"code":0,"code_bytes":0},"state_writes":{"accounts":3,"accounts_deleted":0,"storage_slots":0,"storage_slots_deleted":0,"code":1,"code_bytes":72},"cache":{"account":{"hits":4,"misses":7,"hit_rate":36.36363636363637},"storage":{"hits":0,"misses":0,"hit_rate":0},"code":{"hits":0,"misses":0,"hit_rate":0,"hit_bytes":0,"miss_bytes":0}}}
INFO [03-26|17:58:05.273] Imported new potential chain segment     number=64115 hash=1d154f..6b190e blocks=1 txs=2 mgas=0.090 elapsed=5.566ms     mgasps=16.107 triediffs=132.35MiB triedirty=0.00B
INFO [03-26|17:58:05.273] Chain head was updated                   number=64115 hash=1d154f..6b190e root=47d264..350b6b elapsed="100.45µs"
INFO [03-26|17:58:06.020] Submitted transaction                    hash=0xe5ee9b56b669ed1a92457fcb938bc7e6ad0813681c88717ce917713e509b9166 from=0x268d1Be9Be74cC0C3D307957E84fEE08003C7183 nonce=0   recipient=0x74Cf9087AD26D541930BaC724B7ab21bA8F00a27 value=0
INFO [03-26|17:58:15.276] Starting work on payload                 id=0x03cc7d134233a8c4
WARN [03-26|17:58:22.618] Block building is interrupted            allowance=2s
INFO [03-26|17:58:22.618] Updated payload                          id=0x03cc7d134233a8c4 number=64116 hash=0292b1..db74e7 txs=1 withdrawals=0 gas=100,000,000 fees=8e-10       root=cd9bde..3fa51e elapsed=7.342s
WARN [03-26|17:58:27.936] {"level":"warn","msg":"Slow block","block":{"number":64116,"hash":"0x0292b1c467e2305040cff1de8410c01ca9e66b9fe56c8527278397f312db74e7","gas_used":100000000,"tx_count":1},"timing":{"execution_ms":278.396726,"state_read_ms":4987.398084,"state_hash_ms":0.125769,"commit_ms":49.644442,"total_ms":5315.665861},"throughput":{"mgas_per_sec":18.81231864735525},"state_reads":{"accounts":8,"storage_slots":36742,"code":2,"code_bytes":1416},"state_writes":{"accounts":2,"accounts_deleted":0,"storage_slots":0,"storage_slots_deleted":0,"code":0,"code_bytes":0},"cache":{"account":{"hits":4,"misses":4,"hit_rate":50},"storage":{"hits":2085,"misses":34657,"hit_rate":5.674704697621251},"code":{"hits":2,"misses":0,"hit_rate":100,"hit_bytes":1416,"miss_bytes":0}}}
INFO [03-26|17:58:27.936] Imported new potential chain segment     number=64116 hash=0292b1..db74e7 blocks=1 txs=1 mgas=100.000 elapsed=5.317s      mgasps=18.807 triediffs=129.42MiB triedirty=0.00B
INFO [03-26|17:58:27.937] Chain head was updated                   number=64116 hash=0292b1..db74e7 root=cd9bde..3fa51e elapsed="56.52µs"
WARN [03-26|17:58:28.148] Block building is interrupted            allowance=2s
INFO [03-26|17:58:28.149] Stopping work on payload                 id=0x03cc7d134233a8c4 reason=timeout
