INFO [03-26|18:11:20.731] Starting Geth on Ethereum mainnet...
INFO [03-26|18:11:20.733] Maximum peer count                       ETH=0 total=0
INFO [03-26|18:11:20.733] Smartcard socket not found, disabling    err="stat /run/pcscd/pcscd.comm: no such file or directory"
WARN [03-26|18:11:20.735] Option --miner.etherbase is deprecated as the etherbase is set by the consensus client post-merge
WARN [03-26|18:11:20.737] Snap sync requested, resetting --cache.snapshot
INFO [03-26|18:11:20.737] Global gas cap disabled
INFO [03-26|18:11:21.381] Using developer account                  address=0xf39Fd6e51aad88F6F4ce6aB8827279cffFb92266
INFO [03-26|18:11:21.620] Using pebble as the backing database
INFO [03-26|18:11:21.620] Allocated cache and file handles         database=/home/CPerezz/bintrie-benchmarks/mpt-vs-bintrie/dbs/mpt/geth/chaindata cache=16.00MiB handles=524,288
INFO [03-26|18:11:23.831] Opened ancient database                  database=/home/CPerezz/bintrie-benchmarks/mpt-vs-bintrie/dbs/mpt/geth/chaindata/ancient/chain readonly=true
INFO [03-26|18:11:23.831] Opened Era store                         datadir=/home/CPerezz/bintrie-benchmarks/mpt-vs-bintrie/dbs/mpt/geth/chaindata/ancient/chain/era
INFO [03-26|18:11:23.840] Initializing the KZG library             backend=gokzg
INFO [03-26|18:11:23.841] Allocated trie memory caches             clean=0.00B dirty=0.00B
INFO [03-26|18:11:23.936] Using pebble as the backing database
INFO [03-26|18:11:23.936] Allocated cache and file handles         database=/home/CPerezz/bintrie-benchmarks/mpt-vs-bintrie/dbs/mpt/geth/chaindata cache=16.00MiB handles=524,288
INFO [03-26|18:11:25.281] Opened ancient database                  database=/home/CPerezz/bintrie-benchmarks/mpt-vs-bintrie/dbs/mpt/geth/chaindata/ancient/chain readonly=false
INFO [03-26|18:11:25.281] Opened Era store                         datadir=/home/CPerezz/bintrie-benchmarks/mpt-vs-bintrie/dbs/mpt/geth/chaindata/ancient/chain/era
INFO [03-26|18:11:25.283] State scheme set to already existing     scheme=path
INFO [03-26|18:11:25.285] Initialising Ethereum protocol           network=1337 dbversion=9
INFO [03-26|18:11:25.285] Load database journal from file          path=/home/CPerezz/bintrie-benchmarks/mpt-vs-bintrie/dbs/mpt/geth/triedb/merkle.journal
INFO [03-26|18:11:25.301] Opened ancient database                  database=/home/CPerezz/bintrie-benchmarks/mpt-vs-bintrie/dbs/mpt/geth/chaindata/ancient/state readonly=false
INFO [03-26|18:11:25.302] Initialized path database                triecache=0.00B statecache=0.00B buffer=0.00B state-history="last 90000 blocks" journal-dir=/home/CPerezz/bintrie-benchmarks/mpt-vs-bintrie/dbs/mpt/geth/triedb
INFO [03-26|18:11:25.303] 
INFO [03-26|18:11:25.303] ---------------------------------------------------------------------------------------------------------------------------------------------------------
INFO [03-26|18:11:25.303] Chain ID:  1337 (unknown)
INFO [03-26|18:11:25.303] Consensus: unknown
INFO [03-26|18:11:25.303] 
INFO [03-26|18:11:25.303] Pre-Merge hard forks (block based):
INFO [03-26|18:11:25.303]  - Homestead:                   #0       
INFO [03-26|18:11:25.303]  - Tangerine Whistle (EIP 150): #0       
INFO [03-26|18:11:25.303]  - Spurious Dragon/1 (EIP 155): #0       
INFO [03-26|18:11:25.303]  - Spurious Dragon/2 (EIP 158): #0       
INFO [03-26|18:11:25.303]  - Byzantium:                   #0       
INFO [03-26|18:11:25.303]  - Constantinople:              #0       
INFO [03-26|18:11:25.303]  - Petersburg:                  #0       
INFO [03-26|18:11:25.303]  - Istanbul:                    #0       
INFO [03-26|18:11:25.303]  - Muir Glacier:                #0       
INFO [03-26|18:11:25.303]  - Berlin:                      #0       
INFO [03-26|18:11:25.303]  - London:                      #0       
INFO [03-26|18:11:25.303]  - Arrow Glacier:               #0       
INFO [03-26|18:11:25.303]  - Gray Glacier:                #0       
INFO [03-26|18:11:25.303] 
INFO [03-26|18:11:25.303] Merge configured:
INFO [03-26|18:11:25.303]  - Total terminal difficulty:  0
INFO [03-26|18:11:25.303]  - Merge netsplit block:       #0       
INFO [03-26|18:11:25.303] 
INFO [03-26|18:11:25.303] Post-Merge hard forks (timestamp based):
INFO [03-26|18:11:25.303]  - Shanghai:                    @0         
INFO [03-26|18:11:25.303]  - Cancun:                      @0          blob: (target: 3, max: 6, fraction: 3338477)
INFO [03-26|18:11:25.303]  - Prague:                      @0          blob: (target: 6, max: 9, fraction: 5225352)
INFO [03-26|18:11:25.303]  - Osaka:                       @4294967295 blob: (target: 9, max: 12, fraction: 5225352)
INFO [03-26|18:11:25.303] 
INFO [03-26|18:11:25.303] All fork specifications can be found at https://ethereum.github.io/execution-specs/src/ethereum/forks/
INFO [03-26|18:11:25.303] 
INFO [03-26|18:11:25.303] ---------------------------------------------------------------------------------------------------------------------------------------------------------
INFO [03-26|18:11:25.303] 
INFO [03-26|18:11:25.303] Loaded most recent local block           number=64170 hash=e3b64a..0f1903 age=21s
INFO [03-26|18:11:25.303] Loaded most recent local finalized block number=64160 hash=7f8934..6c63f7 age=2m37s
INFO [03-26|18:11:25.304] Initialized transaction indexer          range="last 2350000 blocks"
INFO [03-26|18:11:25.304] Initialized log indexer                  firstblock=0 lastblock=64170 firstmap=0 lastmap=4 headindexed=true
INFO [03-26|18:11:25.318] Enabled full-sync                        head=64170 hash=e3b64a..0f1903
INFO [03-26|18:11:25.319] Unprotected transactions allowed
INFO [03-26|18:11:25.319] Gasprice oracle is ignoring threshold set threshold=2
INFO [03-26|18:11:25.320] Registered sync override service
WARN [03-26|18:11:25.320] You are running Geth in --dev mode. Please note the following:
WARN [03-26|18:11:25.320] 
WARN [03-26|18:11:25.320]   1. This mode is only intended for fast, iterative development without assumptions on
WARN [03-26|18:11:25.320]      security or persistence.
WARN [03-26|18:11:25.320]   2. The database is created in memory unless specified otherwise. Therefore, shutting down
WARN [03-26|18:11:25.320]      your computer or losing power will wipe your entire block data and chain state for
WARN [03-26|18:11:25.320]      your dev environment.
WARN [03-26|18:11:25.320]   3. A random, pre-allocated developer account will be available and unlocked as
WARN [03-26|18:11:25.320]      eth.coinbase, which can be used for testing. The random dev account is temporary,
WARN [03-26|18:11:25.320]      stored on a ramdisk, and will be lost if your machine is restarted.
WARN [03-26|18:11:25.320]   4. Mining is enabled by default. However, the client will only seal blocks if transactions
WARN [03-26|18:11:25.320]      are pending in the mempool. The miner's minimum accepted gas price is 1.
WARN [03-26|18:11:25.320]   5. Networking is disabled; there is no listen-address, the maximum number of peers is set
WARN [03-26|18:11:25.320]      to 0, and discovery is disabled.
WARN [03-26|18:11:25.320] 
INFO [03-26|18:11:25.320] Starting peer-to-peer node               instance=Geth/v1.17.2-unstable-5d0e18f7-20260325/linux-amd64/go1.24.1
WARN [03-26|18:11:25.320] P2P server will be useless, neither dialing nor listening
INFO [03-26|18:11:25.334] IPC endpoint opened                      url=/home/CPerezz/bintrie-benchmarks/mpt-vs-bintrie/dbs/mpt/geth.ipc
ERROR[03-26|18:11:25.334] Unavailable modules in HTTP API list     unavailable=[personal] available="[admin debug web3 eth txpool miner net dev testing]"
INFO [03-26|18:11:25.334] New local node record                    seq=1,774,465,405,972 id=9566f6e861acb2c3 ip=127.0.0.1 udp=0 tcp=0
INFO [03-26|18:11:25.335] Started P2P networking                   self=enode://7bcb27e0859fe4ed7072e298a58918cc0b55d08376b1207f77d84f6d0d34ded7448b64ab16dd00733b489383beff49c04f662afae4dd1dc102807640ff82a1cd@127.0.0.1:0
INFO [03-26|18:11:25.335] HTTP server started                      endpoint=[::]:8545 auth=false prefix= cors= vhosts=localhost
INFO [03-26|18:11:25.335] WebSocket enabled                        url=ws://[::]:8546
INFO [03-26|18:11:25.345] Loaded local transaction journal         transactions=192 dropped=0
INFO [03-26|18:11:26.369] Started log indexer
INFO [03-26|18:11:26.378] Starting work on payload                 id=0x03d4806cdf6ee371
INFO [03-26|18:11:26.380] Updated payload                          id=0x03d4806cdf6ee371 number=64171 hash=8267e1..54421c txs=0 withdrawals=0 gas=0 fees=0 root=d9be9b..761d83 elapsed=2.076ms
INFO [03-26|18:11:26.380] Stopping work on payload                 id=0x03d4806cdf6ee371 reason=delivery
WARN [03-26|18:11:26.384] {"level":"warn","msg":"Slow block","block":{"number":64171,"hash":"0x8267e1a10a931599020cb5225546c1473724aeeca014c5a4ad75efa80e54421c","gas_used":0,"tx_count":0},"timing":{"execution_ms":0.01149,"state_read_ms":0.07812,"state_hash_ms":0.011891,"commit_ms":0.05758,"total_ms":0.20726},"throughput":{"mgas_per_sec":0},"state_reads":{"accounts":4,"storage_slots":0,"code":0,"code_bytes":0},"state_writes":{"accounts":0,"accounts_deleted":0,"storage_slots":0,"storage_slots_deleted":0,"code":0,"code_bytes":0},"cache":{"account":{"hits":0,"misses":4,"hit_rate":0},"storage":{"hits":0,"misses":0,"hit_rate":0},"code":{"hits":0,"misses":0,"hit_rate":0,"hit_bytes":0,"miss_bytes":0}}}
INFO [03-26|18:11:26.384] Imported new potential chain segment     number=64171 hash=8267e1..54421c blocks=1 txs=0 mgas=0.000 elapsed=3.787ms mgasps=0.000 triediffs=1.20MiB triedirty=0.00B
INFO [03-26|18:11:26.384] Ready for fork activation                fork=Osaka date="07 Feb 06 07:28 CET" remaining=700117h16m49s timestamp=4,294,967,295
INFO [03-26|18:11:26.384] Chain head was updated                   number=64171 hash=8267e1..54421c root=d9be9b..761d83 elapsed="24.92µs"
INFO [03-26|18:11:27.013] Submitted contract creation              hash=0x30cebe3ddc06fc0c4b2bf3762ac66495680f9f6deec7b891a69f5dd1d427ad08 from=0xf39Fd6e51aad88F6F4ce6aB8827279cffFb92266 nonce=206 contract=0xccf1769D8713099172642EB55DDFFC0c5A444FE9 value=0
INFO [03-26|18:11:27.015] Submitted transaction                    hash=0x696551000b835c46b7e0c1919f75d05ae52633db6e6c99211334ad611c555469 from=0xf39Fd6e51aad88F6F4ce6aB8827279cffFb92266 nonce=207 recipient=0x4F422E23E148a6F3c1Cfb4f224c2C841204f28D7 value=1,600,000,000
INFO [03-26|18:11:36.388] Starting work on payload                 id=0x03460ea8504f8825
INFO [03-26|18:11:36.396] Updated payload                          id=0x03460ea8504f8825 number=64172 hash=2ea0d3..795032 txs=2 withdrawals=0 gas=89662 fees=7.17296e-13 root=9c7705..7427c2 elapsed=7.571ms
INFO [03-26|18:11:36.396] Stopping work on payload                 id=0x03460ea8504f8825 reason=delivery
WARN [03-26|18:11:36.399] {"level":"warn","msg":"Slow block","block":{"number":64172,"hash":"0x2ea0d3d7ff96144f2d91c6cf9bd101260fd0c39201e997d2cc9844079c795032","gas_used":89662,"tx_count":2},"timing":{"execution_ms":0.133499,"state_read_ms":0.233099,"state_hash_ms":0.19986,"commit_ms":1.64292,"total_ms":2.301338},"throughput":{"mgas_per_sec":38.96081323125938},"state_reads":{"accounts":11,"storage_slots":0,"code":0,"code_bytes":0},"state_writes":{"accounts":3,"accounts_deleted":0,"storage_slots":0,"storage_slots_deleted":0,"code":1,"code_bytes":72},"cache":{"account":{"hits":6,"misses":5,"hit_rate":54.54545454545454},"storage":{"hits":0,"misses":0,"hit_rate":0},"code":{"hits":0,"misses":0,"hit_rate":0,"hit_bytes":0,"miss_bytes":0}}}
INFO [03-26|18:11:36.399] Imported new potential chain segment     number=64172 hash=2ea0d3..795032 blocks=1 txs=2 mgas=0.090 elapsed=2.835ms   mgasps=31.617 triediffs=1.20MiB triedirty=0.00B
INFO [03-26|18:11:36.400] Chain head was updated                   number=64172 hash=2ea0d3..795032 root=9c7705..7427c2 elapsed="269.768µs"
INFO [03-26|18:11:37.100] Submitted transaction                    hash=0x2284744cb2ae052d890d6997fa71d82f0c9b3ec924041e3d7ba6c11ccb9c546e from=0x4F422E23E148a6F3c1Cfb4f224c2C841204f28D7 nonce=0   recipient=0xccf1769D8713099172642EB55DDFFC0c5A444FE9 value=0
INFO [03-26|18:11:46.401] Starting work on payload                 id=0x03af96339ec51579
WARN [03-26|18:11:53.845] Block building is interrupted            allowance=2s
INFO [03-26|18:11:53.846] Updated payload                          id=0x03af96339ec51579 number=64173 hash=b2587e..75c08e txs=1 withdrawals=0 gas=100,000,000 fees=8e-10       root=751951..0cc9ab elapsed=7.444s
WARN [03-26|18:11:59.294] {"level":"warn","msg":"Slow block","block":{"number":64173,"hash":"0xb2587efea8d98cb97b2c6796cea0546a1682971ec5c724361e2e89b41575c08e","gas_used":100000000,"tx_count":1},"timing":{"execution_ms":272.76546,"state_read_ms":5140.946799,"state_hash_ms":0.1179,"commit_ms":32.648647,"total_ms":5446.582986},"throughput":{"mgas_per_sec":18.360135199820125},"state_reads":{"accounts":8,"storage_slots":36742,"code":2,"code_bytes":1416},"state_writes":{"accounts":2,"accounts_deleted":0,"storage_slots":0,"storage_slots_deleted":0,"code":0,"code_bytes":0},"cache":{"account":{"hits":3,"misses":5,"hit_rate":37.5},"storage":{"hits":3429,"misses":33313,"hit_rate":9.3326438408361},"code":{"hits":2,"misses":0,"hit_rate":100,"hit_bytes":1416,"miss_bytes":0}}}
INFO [03-26|18:11:59.294] Imported new potential chain segment     number=64173 hash=b2587e..75c08e blocks=1 txs=1 mgas=100.000 elapsed=5.447s      mgasps=18.357 triediffs=1.20MiB triedirty=0.00B
INFO [03-26|18:11:59.295] Chain head was updated                   number=64173 hash=b2587e..75c08e root=751951..0cc9ab elapsed="43.609µs"
WARN [03-26|18:11:59.616] Block building is interrupted            allowance=2s
INFO [03-26|18:11:59.616] Stopping work on payload                 id=0x03af96339ec51579 reason=timeout
