INFO [03-26|19:57:10.054] Starting Geth on Ethereum mainnet...
INFO [03-26|19:57:10.055] Maximum peer count                       ETH=0 total=0
INFO [03-26|19:57:10.056] Smartcard socket not found, disabling    err="stat /run/pcscd/pcscd.comm: no such file or directory"
WARN [03-26|19:57:10.057] Option --miner.etherbase is deprecated as the etherbase is set by the consensus client post-merge
WARN [03-26|19:57:10.058] Snap sync requested, resetting --cache.snapshot
INFO [03-26|19:57:10.058] Global gas cap disabled
INFO [03-26|19:57:10.711] Using developer account                  address=0xf39Fd6e51aad88F6F4ce6aB8827279cffFb92266
INFO [03-26|19:57:10.877] Using pebble as the backing database
INFO [03-26|19:57:10.877] Allocated cache and file handles         database=/home/CPerezz/bintrie-benchmarks/mpt-vs-bintrie/dbs/mpt/geth/chaindata cache=16.00MiB handles=524,288
INFO [03-26|19:57:11.993] Opened ancient database                  database=/home/CPerezz/bintrie-benchmarks/mpt-vs-bintrie/dbs/mpt/geth/chaindata/ancient/chain readonly=true
INFO [03-26|19:57:11.993] Opened Era store                         datadir=/home/CPerezz/bintrie-benchmarks/mpt-vs-bintrie/dbs/mpt/geth/chaindata/ancient/chain/era
INFO [03-26|19:57:12.004] Initializing the KZG library             backend=gokzg
INFO [03-26|19:57:12.006] Allocated trie memory caches             clean=0.00B dirty=0.00B
INFO [03-26|19:57:12.084] Using pebble as the backing database
INFO [03-26|19:57:12.084] Allocated cache and file handles         database=/home/CPerezz/bintrie-benchmarks/mpt-vs-bintrie/dbs/mpt/geth/chaindata cache=16.00MiB handles=524,288
INFO [03-26|19:57:13.413] Opened ancient database                  database=/home/CPerezz/bintrie-benchmarks/mpt-vs-bintrie/dbs/mpt/geth/chaindata/ancient/chain readonly=false
INFO [03-26|19:57:13.413] Opened Era store                         datadir=/home/CPerezz/bintrie-benchmarks/mpt-vs-bintrie/dbs/mpt/geth/chaindata/ancient/chain/era
INFO [03-26|19:57:13.415] State scheme set to already existing     scheme=path
INFO [03-26|19:57:13.415] Initialising Ethereum protocol           network=1337 dbversion=9
INFO [03-26|19:57:13.415] Load database journal from file          path=/home/CPerezz/bintrie-benchmarks/mpt-vs-bintrie/dbs/mpt/geth/triedb/merkle.journal
INFO [03-26|19:57:15.300] Opened ancient database                  database=/home/CPerezz/bintrie-benchmarks/mpt-vs-bintrie/dbs/mpt/geth/chaindata/ancient/state readonly=false
INFO [03-26|19:57:15.300] Initialized path database                triecache=0.00B statecache=0.00B buffer=0.00B state-history="last 90000 blocks" journal-dir=/home/CPerezz/bintrie-benchmarks/mpt-vs-bintrie/dbs/mpt/geth/triedb
INFO [03-26|19:57:15.300] 
INFO [03-26|19:57:15.300] ---------------------------------------------------------------------------------------------------------------------------------------------------------
INFO [03-26|19:57:15.301] Chain ID:  1337 (unknown)
INFO [03-26|19:57:15.301] Consensus: unknown
INFO [03-26|19:57:15.301] 
INFO [03-26|19:57:15.301] Pre-Merge hard forks (block based):
INFO [03-26|19:57:15.301]  - Homestead:                   #0       
INFO [03-26|19:57:15.301]  - Tangerine Whistle (EIP 150): #0       
INFO [03-26|19:57:15.301]  - Spurious Dragon/1 (EIP 155): #0       
INFO [03-26|19:57:15.301]  - Spurious Dragon/2 (EIP 158): #0       
INFO [03-26|19:57:15.301]  - Byzantium:                   #0       
INFO [03-26|19:57:15.301]  - Constantinople:              #0       
INFO [03-26|19:57:15.301]  - Petersburg:                  #0       
INFO [03-26|19:57:15.301]  - Istanbul:                    #0       
INFO [03-26|19:57:15.301]  - Muir Glacier:                #0       
INFO [03-26|19:57:15.301]  - Berlin:                      #0       
INFO [03-26|19:57:15.301]  - London:                      #0       
INFO [03-26|19:57:15.301]  - Arrow Glacier:               #0       
INFO [03-26|19:57:15.301]  - Gray Glacier:                #0       
INFO [03-26|19:57:15.301] 
INFO [03-26|19:57:15.301] Merge configured:
INFO [03-26|19:57:15.301]  - Total terminal difficulty:  0
INFO [03-26|19:57:15.301]  - Merge netsplit block:       #0       
INFO [03-26|19:57:15.301] 
INFO [03-26|19:57:15.301] Post-Merge hard forks (timestamp based):
INFO [03-26|19:57:15.301]  - Shanghai:                    @0         
INFO [03-26|19:57:15.301]  - Cancun:                      @0          blob: (target: 3, max: 6, fraction: 3338477)
INFO [03-26|19:57:15.301]  - Prague:                      @0          blob: (target: 6, max: 9, fraction: 5225352)
INFO [03-26|19:57:15.301]  - Osaka:                       @4294967295 blob: (target: 9, max: 12, fraction: 5225352)
INFO [03-26|19:57:15.301] 
INFO [03-26|19:57:15.301] All fork specifications can be found at https://ethereum.github.io/execution-specs/src/ethereum/forks/
INFO [03-26|19:57:15.301] 
INFO [03-26|19:57:15.301] ---------------------------------------------------------------------------------------------------------------------------------------------------------
INFO [03-26|19:57:15.301] 
INFO [03-26|19:57:15.301] Loaded most recent local block           number=64703 hash=08763a..3807a1 age=11s
INFO [03-26|19:57:15.301] Loaded most recent local finalized block number=64672 hash=98967e..d2d907 age=6m1s
INFO [03-26|19:57:15.302] Initialized transaction indexer          range="last 2350000 blocks"
INFO [03-26|19:57:15.302] Initialized log indexer                  firstblock=0 lastblock=64703 firstmap=0 lastmap=4 headindexed=true
INFO [03-26|19:57:15.303] Enabled full-sync                        head=64703 hash=08763a..3807a1
INFO [03-26|19:57:15.303] Unprotected transactions allowed
INFO [03-26|19:57:15.303] Gasprice oracle is ignoring threshold set threshold=2
INFO [03-26|19:57:15.303] Registered sync override service
WARN [03-26|19:57:15.303] You are running Geth in --dev mode. Please note the following:
WARN [03-26|19:57:15.303] 
WARN [03-26|19:57:15.303]   1. This mode is only intended for fast, iterative development without assumptions on
WARN [03-26|19:57:15.303]      security or persistence.
WARN [03-26|19:57:15.303]   2. The database is created in memory unless specified otherwise. Therefore, shutting down
WARN [03-26|19:57:15.303]      your computer or losing power will wipe your entire block data and chain state for
WARN [03-26|19:57:15.303]      your dev environment.
WARN [03-26|19:57:15.303]   3. A random, pre-allocated developer account will be available and unlocked as
WARN [03-26|19:57:15.303]      eth.coinbase, which can be used for testing. The random dev account is temporary,
WARN [03-26|19:57:15.303]      stored on a ramdisk, and will be lost if your machine is restarted.
WARN [03-26|19:57:15.303]   4. Mining is enabled by default. However, the client will only seal blocks if transactions
WARN [03-26|19:57:15.303]      are pending in the mempool. The miner's minimum accepted gas price is 1.
WARN [03-26|19:57:15.303]   5. Networking is disabled; there is no listen-address, the maximum number of peers is set
WARN [03-26|19:57:15.303]      to 0, and discovery is disabled.
WARN [03-26|19:57:15.303] 
INFO [03-26|19:57:15.303] Starting peer-to-peer node               instance=Geth/v1.17.2-unstable-5d0e18f7-20260325/linux-amd64/go1.24.1
WARN [03-26|19:57:15.303] P2P server will be useless, neither dialing nor listening
INFO [03-26|19:57:15.306] IPC endpoint opened                      url=/home/CPerezz/bintrie-benchmarks/mpt-vs-bintrie/dbs/mpt/geth.ipc
ERROR[03-26|19:57:15.306] Unavailable modules in HTTP API list     unavailable=[personal] available="[admin debug web3 eth txpool miner net dev testing]"
INFO [03-26|19:57:15.306] HTTP server started                      endpoint=[::]:8545 auth=false prefix= cors= vhosts=localhost
INFO [03-26|19:57:15.307] WebSocket enabled                        url=ws://[::]:8546
INFO [03-26|19:57:15.307] New local node record                    seq=1,774,465,406,170 id=9566f6e861acb2c3 ip=127.0.0.1 udp=0 tcp=0
INFO [03-26|19:57:15.307] Started P2P networking                   self=enode://7bcb27e0859fe4ed7072e298a58918cc0b55d08376b1207f77d84f6d0d34ded7448b64ab16dd00733b489383beff49c04f662afae4dd1dc102807640ff82a1cd@127.0.0.1:0
INFO [03-26|19:57:15.347] Loaded local transaction journal         transactions=845 dropped=0
INFO [03-26|19:57:17.015] Submitted contract creation              hash=0xb184b6018716c94c9175006a849a3019d5911cf4d9cdf20d8d90798c509c1f2d from=0xf39Fd6e51aad88F6F4ce6aB8827279cffFb92266 nonce=602 contract=0x82BBAA3B0982D88741B275aE1752DB85CAfe3c65 value=0
INFO [03-26|19:57:17.017] Submitted transaction                    hash=0x1afc01828072141ca3a68402658fca5ad4f34f47124ec80de0795be4a76bb306 from=0xf39Fd6e51aad88F6F4ce6aB8827279cffFb92266 nonce=603 recipient=0x7Ca7f9C90ece8074F805732dbd28ed9744549034 value=8,856,100,000,000
INFO [03-26|19:57:17.192] Started log indexer
INFO [03-26|19:57:17.196] Starting work on payload                 id=0x03d24934ad4e9c35
INFO [03-26|19:57:17.203] Updated payload                          id=0x03d24934ad4e9c35 number=64704 hash=3f6559..2da836 txs=2 withdrawals=0 gas=90958 fees=8.054603774e-09 root=536e93..9e1cce elapsed=7.232ms
INFO [03-26|19:57:17.204] Stopping work on payload                 id=0x03d24934ad4e9c35 reason=delivery
WARN [03-26|19:57:17.212] {"level":"warn","msg":"Slow block","block":{"number":64704,"hash":"0x3f65595b3a693c2e5600fdc47d7456cb2f3acd5260d95ec9145864d5bf2da836","gas_used":90958,"tx_count":2},"timing":{"execution_ms":0.184807,"state_read_ms":0.30491,"state_hash_ms":0.730716,"commit_ms":6.334684,"total_ms":7.613898},"throughput":{"mgas_per_sec":11.946311862859208},"state_reads":{"accounts":11,"storage_slots":0,"code":0,"code_bytes":0},"state_writes":{"accounts":3,"accounts_deleted":0,"storage_slots":0,"storage_slots_deleted":0,"code":1,"code_bytes":78},"cache":{"account":{"hits":4,"misses":7,"hit_rate":36.36363636363637},"storage":{"hits":0,"misses":0,"hit_rate":0},"code":{"hits":0,"misses":0,"hit_rate":0,"hit_bytes":0,"miss_bytes":0}}}
INFO [03-26|19:57:17.212] Imported new potential chain segment     number=64704 hash=3f6559..2da836 blocks=1 txs=2 mgas=0.091 elapsed=7.786ms mgasps=11.682 triediffs=306.47MiB triedirty=0.00B
INFO [03-26|19:57:17.212] Ready for fork activation                fork=Osaka date="07 Feb 06 07:28 CET" remaining=700115h30m58s timestamp=4,294,967,295
INFO [03-26|19:57:17.212] Chain head was updated                   number=64704 hash=3f6559..2da836 root=536e93..9e1cce elapsed="247.219µs"
INFO [03-26|19:57:18.034] Submitted transaction                    hash=0xbb4397d65607c1e4cba861db847d53d7395a560dbabeb6a27f7d932c0a0310a5 from=0x7Ca7f9C90ece8074F805732dbd28ed9744549034 nonce=0   recipient=0x82BBAA3B0982D88741B275aE1752DB85CAfe3c65 value=0
INFO [03-26|19:57:27.218] Starting work on payload                 id=0x03b4b5ec2453521c
INFO [03-26|19:57:28.040] Updated payload                          id=0x03b4b5ec2453521c number=64705 hash=de8620..36d9b3 txs=1 withdrawals=0 gas=93,739,282 fees=8.300894639e-06 root=dc3413..8e41dc elapsed=822.350ms
INFO [03-26|19:57:28.041] Stopping work on payload                 id=0x03b4b5ec2453521c reason=delivery
WARN [03-26|19:57:29.002] {"level":"warn","msg":"Slow block","block":{"number":64705,"hash":"0xde862024eb291ad969a7a4725a4a8f450063b76ce54b38af43e2b7b53536d9b3","gas_used":93739282,"tx_count":1},"timing":{"execution_ms":45.523401,"state_read_ms":571.440094,"state_hash_ms":316.888129,"commit_ms":24.834911,"total_ms":958.771397},"throughput":{"mgas_per_sec":97.770211223771},"state_reads":{"accounts":8,"storage_slots":4094,"code":2,"code_bytes":1422},"state_writes":{"accounts":3,"accounts_deleted":0,"storage_slots":4094,"storage_slots_deleted":0,"code":0,"code_bytes":0},"cache":{"account":{"hits":4,"misses":4,"hit_rate":50},"storage":{"hits":761,"misses":3333,"hit_rate":18.58817782120176},"code":{"hits":2,"misses":0,"hit_rate":100,"hit_bytes":1422,"miss_bytes":0}}}
INFO [03-26|19:57:29.002] Imported new potential chain segment     number=64705 hash=de8620..36d9b3 blocks=1 txs=1 mgas=93.739 elapsed=960.662ms   mgasps=97.578 triediffs=314.28MiB triedirty=0.00B
INFO [03-26|19:57:29.005] Chain head was updated                   number=64705 hash=de8620..36d9b3 root=dc3413..8e41dc elapsed="90.059µs"
INFO [03-26|19:57:29.107] Submitted transaction                    hash=0x20b3f61e109d3d8afb920ecbb06951d813554b60adc8bae6283f7cba889aa887 from=0x7Ca7f9C90ece8074F805732dbd28ed9744549034 nonce=1   recipient=0xf39Fd6e51aad88F6F4ce6aB8827279cffFb92266 value=553,525,419,798
INFO [03-26|19:57:39.007] Starting work on payload                 id=0x035e123f67e1bd58
INFO [03-26|19:57:39.008] Updated payload                          id=0x035e123f67e1bd58 number=64706 hash=9a5201..58f495 txs=1 withdrawals=0 gas=21000      fees=9.29754e-10     root=4991c2..ed0c89 elapsed="871.625µs"
INFO [03-26|19:57:39.008] Stopping work on payload                 id=0x035e123f67e1bd58 reason=delivery
WARN [03-26|19:57:39.010] {"level":"warn","msg":"Slow block","block":{"number":64706,"hash":"0x9a520180812dc4fc5d7ac4b84e7afe32d0a74fa2948eadc301c2c291f258f495","gas_used":21000,"tx_count":1},"timing":{"execution_ms":0.04321,"state_read_ms":0.106939,"state_hash_ms":0.094489,"commit_ms":0.496747,"total_ms":0.800676},"throughput":{"mgas_per_sec":26.227837477331654},"state_reads":{"accounts":6,"storage_slots":0,"code":0,"code_bytes":0},"state_writes":{"accounts":2,"accounts_deleted":0,"storage_slots":0,"storage_slots_deleted":0,"code":0,"code_bytes":0},"cache":{"account":{"hits":2,"misses":4,"hit_rate":33.33333333333333},"storage":{"hits":0,"misses":0,"hit_rate":0},"code":{"hits":0,"misses":0,"hit_rate":0,"hit_bytes":0,"miss_bytes":0}}}
INFO [03-26|19:57:39.010] Imported new potential chain segment     number=64706 hash=9a5201..58f495 blocks=1 txs=1 mgas=0.021  elapsed=1.306ms     mgasps=16.074 triediffs=314.28MiB triedirty=0.00B
INFO [03-26|19:57:39.011] Chain head was updated                   number=64706 hash=9a5201..58f495 root=4991c2..ed0c89 elapsed="65.119µs"
