INFO [03-26|17:46:50.021] Starting Geth on Ethereum mainnet...
INFO [03-26|17:46:50.022] Maximum peer count                       ETH=0 total=0
INFO [03-26|17:46:50.023] Smartcard socket not found, disabling    err="stat /run/pcscd/pcscd.comm: no such file or directory"
WARN [03-26|17:46:50.025] Option --miner.etherbase is deprecated as the etherbase is set by the consensus client post-merge
WARN [03-26|17:46:50.026] Snap sync requested, resetting --cache.snapshot
INFO [03-26|17:46:50.026] Global gas cap disabled
INFO [03-26|17:46:50.669] Using developer account                  address=0xf39Fd6e51aad88F6F4ce6aB8827279cffFb92266
INFO [03-26|17:46:50.910] Using pebble as the backing database
INFO [03-26|17:46:50.910] Allocated cache and file handles         database=/home/CPerezz/bintrie-benchmarks/mpt-vs-bintrie/dbs/mpt/geth/chaindata cache=16.00MiB handles=524,288
INFO [03-26|17:46:53.142] Opened ancient database                  database=/home/CPerezz/bintrie-benchmarks/mpt-vs-bintrie/dbs/mpt/geth/chaindata/ancient/chain readonly=true
INFO [03-26|17:46:53.142] Opened Era store                         datadir=/home/CPerezz/bintrie-benchmarks/mpt-vs-bintrie/dbs/mpt/geth/chaindata/ancient/chain/era
INFO [03-26|17:46:53.151] Initializing the KZG library             backend=gokzg
INFO [03-26|17:46:53.154] Allocated trie memory caches             clean=0.00B dirty=0.00B
INFO [03-26|17:46:53.272] Using pebble as the backing database
INFO [03-26|17:46:53.272] Allocated cache and file handles         database=/home/CPerezz/bintrie-benchmarks/mpt-vs-bintrie/dbs/mpt/geth/chaindata cache=16.00MiB handles=524,288
INFO [03-26|17:46:54.546] Opened ancient database                  database=/home/CPerezz/bintrie-benchmarks/mpt-vs-bintrie/dbs/mpt/geth/chaindata/ancient/chain readonly=false
INFO [03-26|17:46:54.546] Opened Era store                         datadir=/home/CPerezz/bintrie-benchmarks/mpt-vs-bintrie/dbs/mpt/geth/chaindata/ancient/chain/era
INFO [03-26|17:46:54.548] State scheme set to already existing     scheme=path
INFO [03-26|17:46:54.550] Initialising Ethereum protocol           network=1337 dbversion=9
INFO [03-26|17:46:54.550] Load database journal from file          path=/home/CPerezz/bintrie-benchmarks/mpt-vs-bintrie/dbs/mpt/geth/triedb/merkle.journal
INFO [03-26|17:46:56.022] Opened ancient database                  database=/home/CPerezz/bintrie-benchmarks/mpt-vs-bintrie/dbs/mpt/geth/chaindata/ancient/state readonly=false
INFO [03-26|17:46:56.023] Initialized path database                triecache=0.00B statecache=0.00B buffer=0.00B state-history="last 90000 blocks" journal-dir=/home/CPerezz/bintrie-benchmarks/mpt-vs-bintrie/dbs/mpt/geth/triedb
INFO [03-26|17:46:56.023] 
INFO [03-26|17:46:56.023] ---------------------------------------------------------------------------------------------------------------------------------------------------------
INFO [03-26|17:46:56.023] Chain ID:  1337 (unknown)
INFO [03-26|17:46:56.023] Consensus: unknown
INFO [03-26|17:46:56.023] 
INFO [03-26|17:46:56.023] Pre-Merge hard forks (block based):
INFO [03-26|17:46:56.023]  - Homestead:                   #0       
INFO [03-26|17:46:56.023]  - Tangerine Whistle (EIP 150): #0       
INFO [03-26|17:46:56.023]  - Spurious Dragon/1 (EIP 155): #0       
INFO [03-26|17:46:56.023]  - Spurious Dragon/2 (EIP 158): #0       
INFO [03-26|17:46:56.023]  - Byzantium:                   #0       
INFO [03-26|17:46:56.023]  - Constantinople:              #0       
INFO [03-26|17:46:56.023]  - Petersburg:                  #0       
INFO [03-26|17:46:56.023]  - Istanbul:                    #0       
INFO [03-26|17:46:56.023]  - Muir Glacier:                #0       
INFO [03-26|17:46:56.023]  - Berlin:                      #0       
INFO [03-26|17:46:56.023]  - London:                      #0       
INFO [03-26|17:46:56.023]  - Arrow Glacier:               #0       
INFO [03-26|17:46:56.023]  - Gray Glacier:                #0       
INFO [03-26|17:46:56.023] 
INFO [03-26|17:46:56.023] Merge configured:
INFO [03-26|17:46:56.023]  - Total terminal difficulty:  0
INFO [03-26|17:46:56.023]  - Merge netsplit block:       #0       
INFO [03-26|17:46:56.023] 
INFO [03-26|17:46:56.023] Post-Merge hard forks (timestamp based):
INFO [03-26|17:46:56.023]  - Shanghai:                    @0         
INFO [03-26|17:46:56.023]  - Cancun:                      @0          blob: (target: 3, max: 6, fraction: 3338477)
INFO [03-26|17:46:56.023]  - Prague:                      @0          blob: (target: 6, max: 9, fraction: 5225352)
INFO [03-26|17:46:56.023]  - Osaka:                       @4294967295 blob: (target: 9, max: 12, fraction: 5225352)
INFO [03-26|17:46:56.023] 
INFO [03-26|17:46:56.023] All fork specifications can be found at https://ethereum.github.io/execution-specs/src/ethereum/forks/
INFO [03-26|17:46:56.023] 
INFO [03-26|17:46:56.023] ---------------------------------------------------------------------------------------------------------------------------------------------------------
INFO [03-26|17:46:56.023] 
INFO [03-26|17:46:56.024] Loaded most recent local block           number=64069 hash=c9ae7e..fa47bd age=24s
INFO [03-26|17:46:56.024] Loaded most recent local finalized block number=64064 hash=a4f6df..2e07cb age=1m45s
INFO [03-26|17:46:56.025] Initialized transaction indexer          range="last 2350000 blocks"
INFO [03-26|17:46:56.025] Initialized log indexer                  firstblock=0 lastblock=64069 firstmap=0 lastmap=4 headindexed=true
INFO [03-26|17:46:56.029] Enabled full-sync                        head=64069 hash=c9ae7e..fa47bd
INFO [03-26|17:46:56.029] Unprotected transactions allowed
INFO [03-26|17:46:56.029] Gasprice oracle is ignoring threshold set threshold=2
INFO [03-26|17:46:56.030] Registered sync override service
WARN [03-26|17:46:56.030] You are running Geth in --dev mode. Please note the following:
WARN [03-26|17:46:56.030] 
WARN [03-26|17:46:56.030]   1. This mode is only intended for fast, iterative development without assumptions on
WARN [03-26|17:46:56.030]      security or persistence.
WARN [03-26|17:46:56.030]   2. The database is created in memory unless specified otherwise. Therefore, shutting down
WARN [03-26|17:46:56.030]      your computer or losing power will wipe your entire block data and chain state for
WARN [03-26|17:46:56.030]      your dev environment.
WARN [03-26|17:46:56.030]   3. A random, pre-allocated developer account will be available and unlocked as
WARN [03-26|17:46:56.030]      eth.coinbase, which can be used for testing. The random dev account is temporary,
WARN [03-26|17:46:56.030]      stored on a ramdisk, and will be lost if your machine is restarted.
WARN [03-26|17:46:56.030]   4. Mining is enabled by default. However, the client will only seal blocks if transactions
WARN [03-26|17:46:56.030]      are pending in the mempool. The miner's minimum accepted gas price is 1.
WARN [03-26|17:46:56.030]   5. Networking is disabled; there is no listen-address, the maximum number of peers is set
WARN [03-26|17:46:56.030]      to 0, and discovery is disabled.
WARN [03-26|17:46:56.030] 
INFO [03-26|17:46:56.030] Starting peer-to-peer node               instance=Geth/v1.17.2-unstable-5d0e18f7-20260325/linux-amd64/go1.24.1
WARN [03-26|17:46:56.030] P2P server will be useless, neither dialing nor listening
INFO [03-26|17:46:56.034] IPC endpoint opened                      url=/home/CPerezz/bintrie-benchmarks/mpt-vs-bintrie/dbs/mpt/geth.ipc
ERROR[03-26|17:46:56.034] Unavailable modules in HTTP API list     unavailable=[personal] available="[admin debug web3 eth txpool miner net dev testing]"
INFO [03-26|17:46:56.034] HTTP server started                      endpoint=[::]:8545 auth=false prefix= cors= vhosts=localhost
INFO [03-26|17:46:56.034] WebSocket enabled                        url=ws://[::]:8546
INFO [03-26|17:46:56.034] New local node record                    seq=1,774,465,405,938 id=9566f6e861acb2c3 ip=127.0.0.1 udp=0 tcp=0
INFO [03-26|17:46:56.034] Started P2P networking                   self=enode://7bcb27e0859fe4ed7072e298a58918cc0b55d08376b1207f77d84f6d0d34ded7448b64ab16dd00733b489383beff49c04f662afae4dd1dc102807640ff82a1cd@127.0.0.1:0
INFO [03-26|17:46:56.039] Loaded local transaction journal         transactions=90 dropped=0
INFO [03-26|17:46:57.203] Started log indexer
INFO [03-26|17:46:57.215] Starting work on payload                 id=0x0346b4ddc9cf3e8b
INFO [03-26|17:46:57.215] Updated payload                          id=0x0346b4ddc9cf3e8b number=64070 hash=75ae0e..0c0336 txs=0 withdrawals=0 gas=0 fees=0 root=baa05d..af38b8 elapsed="221.969µs"
INFO [03-26|17:46:57.215] Stopping work on payload                 id=0x0346b4ddc9cf3e8b reason=delivery
WARN [03-26|17:46:57.219] {"level":"warn","msg":"Slow block","block":{"number":64070,"hash":"0x75ae0ead88c5e2ee26f4242216bf487dc8c6825c92dc6f289c081a3db90c0336","gas_used":0,"tx_count":0},"timing":{"execution_ms":0.009671,"state_read_ms":0.053559,"state_hash_ms":0.010511,"commit_ms":0.0654,"total_ms":0.18452},"throughput":{"mgas_per_sec":0},"state_reads":{"accounts":4,"storage_slots":0,"code":0,"code_bytes":0},"state_writes":{"accounts":0,"accounts_deleted":0,"storage_slots":0,"storage_slots_deleted":0,"code":0,"code_bytes":0},"cache":{"account":{"hits":0,"misses":4,"hit_rate":0},"storage":{"hits":0,"misses":0,"hit_rate":0},"code":{"hits":0,"misses":0,"hit_rate":0,"hit_bytes":0,"miss_bytes":0}}}
INFO [03-26|17:46:57.219] Imported new potential chain segment     number=64070 hash=75ae0e..0c0336 blocks=1 txs=0 mgas=0.000 elapsed=3.549ms     mgasps=0.000 triediffs=243.50MiB triedirty=0.00B
INFO [03-26|17:46:57.219] Ready for fork activation                fork=Osaka date="07 Feb 06 07:28 CET" remaining=700117h41m18s timestamp=4,294,967,295
INFO [03-26|17:46:57.219] Chain head was updated                   number=64070 hash=75ae0e..0c0336 root=baa05d..af38b8 elapsed="123.419µs"
INFO [03-26|17:46:57.294] Submitted contract creation              hash=0x116bf646c6a47d011e2160312d6c2aa9d7b6daf915c6730848f9aef017aaa7b6 from=0xf39Fd6e51aad88F6F4ce6aB8827279cffFb92266 nonce=138 contract=0xB0f05d25e41FbC2b52013099ED9616f1206Ae21B value=0
INFO [03-26|17:46:57.296] Submitted transaction                    hash=0xec3bfc68147d2d8a97385bad20492a11cbd0ff92e70c312371ce3d502d784df4 from=0xf39Fd6e51aad88F6F4ce6aB8827279cffFb92266 nonce=139 recipient=0x7591Bfd54010E7d48e0CCA28fF5Af564D51eAfE6 value=1,600,000,000
INFO [03-26|17:47:07.221] Starting work on payload                 id=0x0300669398502fa8
INFO [03-26|17:47:07.229] Updated payload                          id=0x0300669398502fa8 number=64071 hash=1dc629..e6394f txs=2 withdrawals=0 gas=89662 fees=7.17296e-13 root=d5c084..49d6b1 elapsed=8.513ms
INFO [03-26|17:47:07.229] Stopping work on payload                 id=0x0300669398502fa8 reason=delivery
WARN [03-26|17:47:07.239] {"level":"warn","msg":"Slow block","block":{"number":64071,"hash":"0x1dc629f79b5c5d4ab1d1c96850457bbb0b788b3c9771ab69b967c49605e6394f","gas_used":89662,"tx_count":2},"timing":{"execution_ms":0.185999,"state_read_ms":0.332388,"state_hash_ms":0.778456,"commit_ms":7.555808,"total_ms":8.927881},"throughput":{"mgas_per_sec":10.042920598964077},"state_reads":{"accounts":11,"storage_slots":0,"code":0,"code_bytes":0},"state_writes":{"accounts":3,"accounts_deleted":0,"storage_slots":0,"storage_slots_deleted":0,"code":1,"code_bytes":72},"cache":{"account":{"hits":7,"misses":4,"hit_rate":63.63636363636363},"storage":{"hits":0,"misses":0,"hit_rate":0},"code":{"hits":0,"misses":0,"hit_rate":0,"hit_bytes":0,"miss_bytes":0}}}
INFO [03-26|17:47:07.239] Imported new potential chain segment     number=64071 hash=1dc629..e6394f blocks=1 txs=2 mgas=0.090 elapsed=9.236ms     mgasps=9.707 triediffs=239.28MiB triedirty=0.00B
INFO [03-26|17:47:07.240] Chain head was updated                   number=64071 hash=1dc629..e6394f root=d5c084..49d6b1 elapsed="175.089µs"
INFO [03-26|17:47:07.383] Submitted transaction                    hash=0x4ac74c7eec41ed896dc7b4f034da162239202e07b53723aeda5277d1f20645b7 from=0x7591Bfd54010E7d48e0CCA28fF5Af564D51eAfE6 nonce=0   recipient=0xB0f05d25e41FbC2b52013099ED9616f1206Ae21B value=0
INFO [03-26|17:47:17.243] Starting work on payload                 id=0x035c2be90042a088
WARN [03-26|17:47:24.274] Block building is interrupted            allowance=2s
INFO [03-26|17:47:24.274] Updated payload                          id=0x035c2be90042a088 number=64072 hash=565946..b143e0 txs=1 withdrawals=0 gas=100,000,000 fees=8e-10       root=ff7008..97b9ec elapsed=7.031s
WARN [03-26|17:47:29.254] Block building is interrupted            allowance=2s
INFO [03-26|17:47:29.255] Stopping work on payload                 id=0x035c2be90042a088 reason=delivery
WARN [03-26|17:47:29.286] {"level":"warn","msg":"Slow block","block":{"number":64072,"hash":"0x5659467aa3f198e8923aa084d333e8c256fa187d8249d043ba0f163173b143e0","gas_used":100000000,"tx_count":1},"timing":{"execution_ms":289.263564,"state_read_ms":4688.926722,"state_hash_ms":0.05176,"commit_ms":30.646568,"total_ms":5008.991944},"throughput":{"mgas_per_sec":19.964096791927282},"state_reads":{"accounts":8,"storage_slots":36742,"code":2,"code_bytes":1416},"state_writes":{"accounts":2,"accounts_deleted":0,"storage_slots":0,"storage_slots_deleted":0,"code":0,"code_bytes":0},"cache":{"account":{"hits":3,"misses":5,"hit_rate":37.5},"storage":{"hits":2277,"misses":34465,"hit_rate":6.19726743236623},"code":{"hits":2,"misses":0,"hit_rate":100,"hit_bytes":1416,"miss_bytes":0}}}
INFO [03-26|17:47:29.286] Imported new potential chain segment     number=64072 hash=565946..b143e0 blocks=1 txs=1 mgas=100.000 elapsed=5.010s      mgasps=19.960 triediffs=236.36MiB triedirty=0.00B
INFO [03-26|17:47:29.287] Chain head was updated                   number=64072 hash=565946..b143e0 root=ff7008..97b9ec elapsed="96.249µs"
