INFO [03-26|19:44:40.089] Starting Geth on Ethereum mainnet...
INFO [03-26|19:44:40.091] Maximum peer count                       ETH=0 total=0
INFO [03-26|19:44:40.092] Smartcard socket not found, disabling    err="stat /run/pcscd/pcscd.comm: no such file or directory"
WARN [03-26|19:44:40.093] Option --miner.etherbase is deprecated as the etherbase is set by the consensus client post-merge
WARN [03-26|19:44:40.094] Snap sync requested, resetting --cache.snapshot
INFO [03-26|19:44:40.094] Global gas cap disabled
INFO [03-26|19:44:40.738] Using developer account                  address=0xf39Fd6e51aad88F6F4ce6aB8827279cffFb92266
INFO [03-26|19:44:40.905] Using pebble as the backing database
INFO [03-26|19:44:40.905] Allocated cache and file handles         database=/home/CPerezz/bintrie-benchmarks/mpt-vs-bintrie/dbs/mpt/geth/chaindata cache=16.00MiB handles=524,288
INFO [03-26|19:44:42.056] Opened ancient database                  database=/home/CPerezz/bintrie-benchmarks/mpt-vs-bintrie/dbs/mpt/geth/chaindata/ancient/chain readonly=true
INFO [03-26|19:44:42.056] Opened Era store                         datadir=/home/CPerezz/bintrie-benchmarks/mpt-vs-bintrie/dbs/mpt/geth/chaindata/ancient/chain/era
INFO [03-26|19:44:42.067] Initializing the KZG library             backend=gokzg
INFO [03-26|19:44:42.070] Allocated trie memory caches             clean=0.00B dirty=0.00B
INFO [03-26|19:44:42.167] Using pebble as the backing database
INFO [03-26|19:44:42.167] Allocated cache and file handles         database=/home/CPerezz/bintrie-benchmarks/mpt-vs-bintrie/dbs/mpt/geth/chaindata cache=16.00MiB handles=524,288
INFO [03-26|19:44:43.474] Opened ancient database                  database=/home/CPerezz/bintrie-benchmarks/mpt-vs-bintrie/dbs/mpt/geth/chaindata/ancient/chain readonly=false
INFO [03-26|19:44:43.474] Opened Era store                         datadir=/home/CPerezz/bintrie-benchmarks/mpt-vs-bintrie/dbs/mpt/geth/chaindata/ancient/chain/era
INFO [03-26|19:44:43.475] State scheme set to already existing     scheme=path
INFO [03-26|19:44:43.475] Initialising Ethereum protocol           network=1337 dbversion=9
INFO [03-26|19:44:43.476] Load database journal from file          path=/home/CPerezz/bintrie-benchmarks/mpt-vs-bintrie/dbs/mpt/geth/triedb/merkle.journal
INFO [03-26|19:44:45.175] Opened ancient database                  database=/home/CPerezz/bintrie-benchmarks/mpt-vs-bintrie/dbs/mpt/geth/chaindata/ancient/state readonly=false
INFO [03-26|19:44:45.176] Initialized path database                triecache=0.00B statecache=0.00B buffer=0.00B state-history="last 90000 blocks" journal-dir=/home/CPerezz/bintrie-benchmarks/mpt-vs-bintrie/dbs/mpt/geth/triedb
INFO [03-26|19:44:45.177] 
INFO [03-26|19:44:45.177] ---------------------------------------------------------------------------------------------------------------------------------------------------------
INFO [03-26|19:44:45.178] Chain ID:  1337 (unknown)
INFO [03-26|19:44:45.178] Consensus: unknown
INFO [03-26|19:44:45.178] 
INFO [03-26|19:44:45.178] Pre-Merge hard forks (block based):
INFO [03-26|19:44:45.178]  - Homestead:                   #0       
INFO [03-26|19:44:45.178]  - Tangerine Whistle (EIP 150): #0       
INFO [03-26|19:44:45.178]  - Spurious Dragon/1 (EIP 155): #0       
INFO [03-26|19:44:45.178]  - Spurious Dragon/2 (EIP 158): #0       
INFO [03-26|19:44:45.178]  - Byzantium:                   #0       
INFO [03-26|19:44:45.178]  - Constantinople:              #0       
INFO [03-26|19:44:45.178]  - Petersburg:                  #0       
INFO [03-26|19:44:45.178]  - Istanbul:                    #0       
INFO [03-26|19:44:45.178]  - Muir Glacier:                #0       
INFO [03-26|19:44:45.178]  - Berlin:                      #0       
INFO [03-26|19:44:45.178]  - London:                      #0       
INFO [03-26|19:44:45.178]  - Arrow Glacier:               #0       
INFO [03-26|19:44:45.178]  - Gray Glacier:                #0       
INFO [03-26|19:44:45.178] 
INFO [03-26|19:44:45.178] Merge configured:
INFO [03-26|19:44:45.178]  - Total terminal difficulty:  0
INFO [03-26|19:44:45.178]  - Merge netsplit block:       #0       
INFO [03-26|19:44:45.178] 
INFO [03-26|19:44:45.178] Post-Merge hard forks (timestamp based):
INFO [03-26|19:44:45.178]  - Shanghai:                    @0         
INFO [03-26|19:44:45.178]  - Cancun:                      @0          blob: (target: 3, max: 6, fraction: 3338477)
INFO [03-26|19:44:45.178]  - Prague:                      @0          blob: (target: 6, max: 9, fraction: 5225352)
INFO [03-26|19:44:45.178]  - Osaka:                       @4294967295 blob: (target: 9, max: 12, fraction: 5225352)
INFO [03-26|19:44:45.178] 
INFO [03-26|19:44:45.178] All fork specifications can be found at https://ethereum.github.io/execution-specs/src/ethereum/forks/
INFO [03-26|19:44:45.178] 
INFO [03-26|19:44:45.178] ---------------------------------------------------------------------------------------------------------------------------------------------------------
INFO [03-26|19:44:45.178] 
INFO [03-26|19:44:45.178] Loaded most recent local block           number=64636 hash=48dc20..cb6281 age=10s
INFO [03-26|19:44:45.178] Loaded most recent local finalized block number=64608 hash=a6c6e8..1d4107 age=5m17s
INFO [03-26|19:44:45.180] Initialized transaction indexer          range="last 2350000 blocks"
INFO [03-26|19:44:45.180] Initialized log indexer                  firstblock=0 lastblock=64636 firstmap=0 lastmap=4 headindexed=true
INFO [03-26|19:44:45.184] Enabled full-sync                        head=64636 hash=48dc20..cb6281
INFO [03-26|19:44:45.185] Unprotected transactions allowed
INFO [03-26|19:44:45.185] Gasprice oracle is ignoring threshold set threshold=2
INFO [03-26|19:44:45.185] Registered sync override service
WARN [03-26|19:44:45.185] You are running Geth in --dev mode. Please note the following:
WARN [03-26|19:44:45.185] 
WARN [03-26|19:44:45.185]   1. This mode is only intended for fast, iterative development without assumptions on
WARN [03-26|19:44:45.185]      security or persistence.
WARN [03-26|19:44:45.185]   2. The database is created in memory unless specified otherwise. Therefore, shutting down
WARN [03-26|19:44:45.185]      your computer or losing power will wipe your entire block data and chain state for
WARN [03-26|19:44:45.185]      your dev environment.
WARN [03-26|19:44:45.185]   3. A random, pre-allocated developer account will be available and unlocked as
WARN [03-26|19:44:45.185]      eth.coinbase, which can be used for testing. The random dev account is temporary,
WARN [03-26|19:44:45.185]      stored on a ramdisk, and will be lost if your machine is restarted.
WARN [03-26|19:44:45.185]   4. Mining is enabled by default. However, the client will only seal blocks if transactions
WARN [03-26|19:44:45.185]      are pending in the mempool. The miner's minimum accepted gas price is 1.
WARN [03-26|19:44:45.185]   5. Networking is disabled; there is no listen-address, the maximum number of peers is set
WARN [03-26|19:44:45.185]      to 0, and discovery is disabled.
WARN [03-26|19:44:45.185] 
INFO [03-26|19:44:45.185] Starting peer-to-peer node               instance=Geth/v1.17.2-unstable-5d0e18f7-20260325/linux-amd64/go1.24.1
WARN [03-26|19:44:45.185] P2P server will be useless, neither dialing nor listening
INFO [03-26|19:44:45.190] IPC endpoint opened                      url=/home/CPerezz/bintrie-benchmarks/mpt-vs-bintrie/dbs/mpt/geth.ipc
ERROR[03-26|19:44:45.190] Unavailable modules in HTTP API list     unavailable=[personal] available="[admin debug web3 eth txpool miner net dev testing]"
INFO [03-26|19:44:45.190] New local node record                    seq=1,774,465,406,149 id=9566f6e861acb2c3 ip=127.0.0.1 udp=0 tcp=0
INFO [03-26|19:44:45.190] Started P2P networking                   self=enode://7bcb27e0859fe4ed7072e298a58918cc0b55d08376b1207f77d84f6d0d34ded7448b64ab16dd00733b489383beff49c04f662afae4dd1dc102807640ff82a1cd@127.0.0.1:0
INFO [03-26|19:44:45.190] HTTP server started                      endpoint=[::]:8545 auth=false prefix= cors= vhosts=localhost
INFO [03-26|19:44:45.190] WebSocket enabled                        url=ws://[::]:8546
INFO [03-26|19:44:45.232] Loaded local transaction journal         transactions=761 dropped=0
INFO [03-26|19:44:47.052] Submitted contract creation              hash=0xeb8cb4d565b8a62f0d9ad488f0bcb4bd6d7969c7af2cea858078c35c487f4c27 from=0xf39Fd6e51aad88F6F4ce6aB8827279cffFb92266 nonce=560 contract=0xf18774574148852771c2631d7d06E2A6c8b44fCA value=0
INFO [03-26|19:44:47.054] Submitted transaction                    hash=0x79e0aca06e30e549dc0b7daae1f65f024f6d68f4cf206f03fd5286e402a85878 from=0xf39Fd6e51aad88F6F4ce6aB8827279cffFb92266 nonce=561 recipient=0x409F82036630876B1A32b72aaf810596C4FCBd0a value=1,462,900,000,000
INFO [03-26|19:44:47.215] Started log indexer
INFO [03-26|19:44:47.219] Starting work on payload                 id=0x0315004cdd5cfa6a
INFO [03-26|19:44:47.225] Updated payload                          id=0x0315004cdd5cfa6a number=64637 hash=524811..4d30e5 txs=2 withdrawals=0 gas=90958 fees=1.329896918e-09 root=aa6411..d464b1 elapsed=5.905ms
INFO [03-26|19:44:47.226] Stopping work on payload                 id=0x0315004cdd5cfa6a reason=delivery
WARN [03-26|19:44:47.228] {"level":"warn","msg":"Slow block","block":{"number":64637,"hash":"0x524811164e94ce29c123e56c36e095891fb0fe8fe47811ba4bcf3568e44d30e5","gas_used":90958,"tx_count":2},"timing":{"execution_ms":0.157739,"state_read_ms":0.367038,"state_hash_ms":0.981634,"commit_ms":0.491997,"total_ms":2.058829},"throughput":{"mgas_per_sec":44.179482608803355},"state_reads":{"accounts":11,"storage_slots":0,"code":0,"code_bytes":0},"state_writes":{"accounts":3,"accounts_deleted":0,"storage_slots":0,"storage_slots_deleted":0,"code":1,"code_bytes":78},"cache":{"account":{"hits":4,"misses":7,"hit_rate":36.36363636363637},"storage":{"hits":0,"misses":0,"hit_rate":0},"code":{"hits":0,"misses":0,"hit_rate":0,"hit_bytes":0,"miss_bytes":0}}}
INFO [03-26|19:44:47.228] Imported new potential chain segment     number=64637 hash=524811..4d30e5 blocks=1 txs=2 mgas=0.091 elapsed=2.429ms mgasps=37.434 triediffs=277.54MiB triedirty=0.00B
INFO [03-26|19:44:47.228] Ready for fork activation                fork=Osaka date="07 Feb 06 07:28 CET" remaining=700115h43m28s timestamp=4,294,967,295
INFO [03-26|19:44:47.229] Chain head was updated                   number=64637 hash=524811..4d30e5 root=aa6411..d464b1 elapsed="296.218µs"
INFO [03-26|19:44:48.068] Submitted transaction                    hash=0x8f7186c511999251e8c0ef90d2c3382be8887dec20c8ee7d5cd3f31a0e221b73 from=0x409F82036630876B1A32b72aaf810596C4FCBd0a nonce=0   recipient=0xf18774574148852771c2631d7d06E2A6c8b44fCA value=0
INFO [03-26|19:44:57.231] Starting work on payload                 id=0x0304ec3adc9baa2a
INFO [03-26|19:44:58.045] Updated payload                          id=0x0304ec3adc9baa2a number=64638 hash=b5ff86..4be647 txs=1 withdrawals=0 gas=93,739,282 fees=1.370562042e-06 root=7c377e..64f1ea elapsed=814.019ms
INFO [03-26|19:44:58.045] Stopping work on payload                 id=0x0304ec3adc9baa2a reason=delivery
WARN [03-26|19:44:58.991] {"level":"warn","msg":"Slow block","block":{"number":64638,"hash":"0xb5ff8698a76a2f521ba994052c966a0d613abfd7ab88cdf025cc6c82134be647","gas_used":93739282,"tx_count":1},"timing":{"execution_ms":44.646091,"state_read_ms":589.322064,"state_hash_ms":267.325929,"commit_ms":42.772394,"total_ms":944.140739},"throughput":{"mgas_per_sec":99.28528462746485},"state_reads":{"accounts":8,"storage_slots":4094,"code":2,"code_bytes":1422},"state_writes":{"accounts":3,"accounts_deleted":0,"storage_slots":4094,"storage_slots_deleted":0,"code":0,"code_bytes":0},"cache":{"account":{"hits":3,"misses":5,"hit_rate":37.5},"storage":{"hits":614,"misses":3480,"hit_rate":14.997557401074744},"code":{"hits":2,"misses":0,"hit_rate":100,"hit_bytes":1422,"miss_bytes":0}}}
INFO [03-26|19:44:58.991] Imported new potential chain segment     number=64638 hash=b5ff86..4be647 blocks=1 txs=1 mgas=93.739 elapsed=945.861ms   mgasps=99.105 triediffs=285.33MiB triedirty=0.00B
INFO [03-26|19:44:58.993] Chain head was updated                   number=64638 hash=b5ff86..4be647 root=7c377e..64f1ea elapsed="91.92µs"
INFO [03-26|19:44:59.140] Submitted transaction                    hash=0x85e8755c6c9e9d39cb4392e8edb119f8162ce6c4fac2e03e1e6183de27ae4dad from=0x409F82036630876B1A32b72aaf810596C4FCBd0a nonce=1   recipient=0xf39Fd6e51aad88F6F4ce6aB8827279cffFb92266 value=91,434,302,622
INFO [03-26|19:45:08.997] Starting work on payload                 id=0x03a83d2c83e3521b
INFO [03-26|19:45:08.998] Updated payload                          id=0x03a83d2c83e3521b number=64639 hash=e836e1..10991e txs=1 withdrawals=0 gas=21000      fees=1.53468e-10     root=a97b87..a15d03 elapsed="678.986µs"
INFO [03-26|19:45:08.998] Stopping work on payload                 id=0x03a83d2c83e3521b reason=delivery
WARN [03-26|19:45:09.000] {"level":"warn","msg":"Slow block","block":{"number":64639,"hash":"0xe836e10133d221d26b975a4777a9db74bb2fcd049d69e592eb398c428a10991e","gas_used":21000,"tx_count":1},"timing":{"execution_ms":0.07629,"state_read_ms":0.108828,"state_hash_ms":0.10429,"commit_ms":0.611486,"total_ms":0.973635},"throughput":{"mgas_per_sec":21.568657659184396},"state_reads":{"accounts":6,"storage_slots":0,"code":0,"code_bytes":0},"state_writes":{"accounts":2,"accounts_deleted":0,"storage_slots":0,"storage_slots_deleted":0,"code":0,"code_bytes":0},"cache":{"account":{"hits":0,"misses":6,"hit_rate":0},"storage":{"hits":0,"misses":0,"hit_rate":0},"code":{"hits":0,"misses":0,"hit_rate":0,"hit_bytes":0,"miss_bytes":0}}}
INFO [03-26|19:45:09.000] Imported new potential chain segment     number=64639 hash=e836e1..10991e blocks=1 txs=1 mgas=0.021  elapsed=1.157ms     mgasps=18.147 triediffs=285.32MiB triedirty=0.00B
INFO [03-26|19:45:09.000] Chain head was updated                   number=64639 hash=e836e1..10991e root=a97b87..a15d03 elapsed="61.429µs"
