INFO [03-26|19:33:51.015] Starting Geth on Ethereum mainnet...
INFO [03-26|19:33:51.016] Maximum peer count                       ETH=0 total=0
INFO [03-26|19:33:51.017] Smartcard socket not found, disabling    err="stat /run/pcscd/pcscd.comm: no such file or directory"
WARN [03-26|19:33:51.019] Option --miner.etherbase is deprecated as the etherbase is set by the consensus client post-merge
WARN [03-26|19:33:51.021] Snap sync requested, resetting --cache.snapshot
INFO [03-26|19:33:51.021] Global gas cap disabled
INFO [03-26|19:33:51.661] Using developer account                  address=0xf39Fd6e51aad88F6F4ce6aB8827279cffFb92266
INFO [03-26|19:33:51.828] Using pebble as the backing database
INFO [03-26|19:33:51.828] Allocated cache and file handles         database=/home/CPerezz/bintrie-benchmarks/mpt-vs-bintrie/dbs/mpt/geth/chaindata cache=16.00MiB handles=524,288
INFO [03-26|19:33:52.950] Opened ancient database                  database=/home/CPerezz/bintrie-benchmarks/mpt-vs-bintrie/dbs/mpt/geth/chaindata/ancient/chain readonly=true
INFO [03-26|19:33:52.950] Opened Era store                         datadir=/home/CPerezz/bintrie-benchmarks/mpt-vs-bintrie/dbs/mpt/geth/chaindata/ancient/chain/era
INFO [03-26|19:33:52.962] Initializing the KZG library             backend=gokzg
INFO [03-26|19:33:52.964] Allocated trie memory caches             clean=0.00B dirty=0.00B
INFO [03-26|19:33:53.062] Using pebble as the backing database
INFO [03-26|19:33:53.062] Allocated cache and file handles         database=/home/CPerezz/bintrie-benchmarks/mpt-vs-bintrie/dbs/mpt/geth/chaindata cache=16.00MiB handles=524,288
INFO [03-26|19:33:54.427] Opened ancient database                  database=/home/CPerezz/bintrie-benchmarks/mpt-vs-bintrie/dbs/mpt/geth/chaindata/ancient/chain readonly=false
INFO [03-26|19:33:54.427] Opened Era store                         datadir=/home/CPerezz/bintrie-benchmarks/mpt-vs-bintrie/dbs/mpt/geth/chaindata/ancient/chain/era
INFO [03-26|19:33:54.429] State scheme set to already existing     scheme=path
INFO [03-26|19:33:54.431] Initialising Ethereum protocol           network=1337 dbversion=9
INFO [03-26|19:33:54.432] Load database journal from file          path=/home/CPerezz/bintrie-benchmarks/mpt-vs-bintrie/dbs/mpt/geth/triedb/merkle.journal
INFO [03-26|19:33:55.217] Opened ancient database                  database=/home/CPerezz/bintrie-benchmarks/mpt-vs-bintrie/dbs/mpt/geth/chaindata/ancient/state readonly=false
INFO [03-26|19:33:55.218] Initialized path database                triecache=0.00B statecache=0.00B buffer=0.00B state-history="last 90000 blocks" journal-dir=/home/CPerezz/bintrie-benchmarks/mpt-vs-bintrie/dbs/mpt/geth/triedb
INFO [03-26|19:33:55.218] 
INFO [03-26|19:33:55.218] ---------------------------------------------------------------------------------------------------------------------------------------------------------
INFO [03-26|19:33:55.218] Chain ID:  1337 (unknown)
INFO [03-26|19:33:55.218] Consensus: unknown
INFO [03-26|19:33:55.218] 
INFO [03-26|19:33:55.218] Pre-Merge hard forks (block based):
INFO [03-26|19:33:55.218]  - Homestead:                   #0       
INFO [03-26|19:33:55.218]  - Tangerine Whistle (EIP 150): #0       
INFO [03-26|19:33:55.218]  - Spurious Dragon/1 (EIP 155): #0       
INFO [03-26|19:33:55.218]  - Spurious Dragon/2 (EIP 158): #0       
INFO [03-26|19:33:55.218]  - Byzantium:                   #0       
INFO [03-26|19:33:55.218]  - Constantinople:              #0       
INFO [03-26|19:33:55.218]  - Petersburg:                  #0       
INFO [03-26|19:33:55.218]  - Istanbul:                    #0       
INFO [03-26|19:33:55.218]  - Muir Glacier:                #0       
INFO [03-26|19:33:55.218]  - Berlin:                      #0       
INFO [03-26|19:33:55.218]  - London:                      #0       
INFO [03-26|19:33:55.218]  - Arrow Glacier:               #0       
INFO [03-26|19:33:55.218]  - Gray Glacier:                #0       
INFO [03-26|19:33:55.218] 
INFO [03-26|19:33:55.218] Merge configured:
INFO [03-26|19:33:55.218]  - Total terminal difficulty:  0
INFO [03-26|19:33:55.218]  - Merge netsplit block:       #0       
INFO [03-26|19:33:55.218] 
INFO [03-26|19:33:55.218] Post-Merge hard forks (timestamp based):
INFO [03-26|19:33:55.218]  - Shanghai:                    @0         
INFO [03-26|19:33:55.218]  - Cancun:                      @0          blob: (target: 3, max: 6, fraction: 3338477)
INFO [03-26|19:33:55.218]  - Prague:                      @0          blob: (target: 6, max: 9, fraction: 5225352)
INFO [03-26|19:33:55.218]  - Osaka:                       @4294967295 blob: (target: 9, max: 12, fraction: 5225352)
INFO [03-26|19:33:55.218] 
INFO [03-26|19:33:55.218] All fork specifications can be found at https://ethereum.github.io/execution-specs/src/ethereum/forks/
INFO [03-26|19:33:55.218] 
INFO [03-26|19:33:55.218] ---------------------------------------------------------------------------------------------------------------------------------------------------------
INFO [03-26|19:33:55.218] 
INFO [03-26|19:33:55.219] Loaded most recent local block           number=64576 hash=760e77..5513a7 age=7s
INFO [03-26|19:33:55.219] Loaded most recent local finalized block number=64576 hash=760e77..5513a7 age=7s
INFO [03-26|19:33:55.219] Initialized transaction indexer          range="last 2350000 blocks"
INFO [03-26|19:33:55.219] Initialized log indexer                  firstblock=0 lastblock=64576 firstmap=0 lastmap=4 headindexed=true
INFO [03-26|19:33:55.233] Enabled full-sync                        head=64576 hash=760e77..5513a7
INFO [03-26|19:33:55.233] Unprotected transactions allowed
INFO [03-26|19:33:55.233] Gasprice oracle is ignoring threshold set threshold=2
INFO [03-26|19:33:55.239] Registered sync override service
WARN [03-26|19:33:55.239] You are running Geth in --dev mode. Please note the following:
WARN [03-26|19:33:55.239] 
WARN [03-26|19:33:55.239]   1. This mode is only intended for fast, iterative development without assumptions on
WARN [03-26|19:33:55.239]      security or persistence.
WARN [03-26|19:33:55.239]   2. The database is created in memory unless specified otherwise. Therefore, shutting down
WARN [03-26|19:33:55.239]      your computer or losing power will wipe your entire block data and chain state for
WARN [03-26|19:33:55.239]      your dev environment.
WARN [03-26|19:33:55.239]   3. A random, pre-allocated developer account will be available and unlocked as
WARN [03-26|19:33:55.239]      eth.coinbase, which can be used for testing. The random dev account is temporary,
WARN [03-26|19:33:55.239]      stored on a ramdisk, and will be lost if your machine is restarted.
WARN [03-26|19:33:55.239]   4. Mining is enabled by default. However, the client will only seal blocks if transactions
WARN [03-26|19:33:55.239]      are pending in the mempool. The miner's minimum accepted gas price is 1.
WARN [03-26|19:33:55.239]   5. Networking is disabled; there is no listen-address, the maximum number of peers is set
WARN [03-26|19:33:55.239]      to 0, and discovery is disabled.
WARN [03-26|19:33:55.239] 
INFO [03-26|19:33:55.239] Starting peer-to-peer node               instance=Geth/v1.17.2-unstable-5d0e18f7-20260325/linux-amd64/go1.24.1
WARN [03-26|19:33:55.239] P2P server will be useless, neither dialing nor listening
INFO [03-26|19:33:55.251] New local node record                    seq=1,774,465,406,129 id=9566f6e861acb2c3 ip=127.0.0.1 udp=0 tcp=0
INFO [03-26|19:33:55.251] Started P2P networking                   self=enode://7bcb27e0859fe4ed7072e298a58918cc0b55d08376b1207f77d84f6d0d34ded7448b64ab16dd00733b489383beff49c04f662afae4dd1dc102807640ff82a1cd@127.0.0.1:0
INFO [03-26|19:33:55.251] IPC endpoint opened                      url=/home/CPerezz/bintrie-benchmarks/mpt-vs-bintrie/dbs/mpt/geth.ipc
ERROR[03-26|19:33:55.252] Unavailable modules in HTTP API list     unavailable=[personal] available="[admin debug web3 eth txpool miner net dev testing]"
INFO [03-26|19:33:55.253] HTTP server started                      endpoint=[::]:8545 auth=false prefix= cors= vhosts=localhost
INFO [03-26|19:33:55.253] WebSocket enabled                        url=ws://[::]:8546
INFO [03-26|19:33:55.317] Loaded local transaction journal         transactions=681 dropped=0
INFO [03-26|19:33:56.966] Submitted contract creation              hash=0x66771e77f6363255eea35b86da58da9dafa0dbdfb2184e77fb6ff35e29069ced from=0xf39Fd6e51aad88F6F4ce6aB8827279cffFb92266 nonce=520 contract=0x6345e50859b0Ce82D8A495ba9894C6C81de385F3 value=0
INFO [03-26|19:33:56.967] Submitted transaction                    hash=0xd940ff0570c48dfc29342f1df8fa468ea2f1512d6b355a6aa5dc2bb31c04af7e from=0xf39Fd6e51aad88F6F4ce6aB8827279cffFb92266 nonce=521 recipient=0x3edc022e5664C1c70325aFeE0930AF124EcB7f5D value=291,700,000,000
INFO [03-26|19:33:57.497] Started log indexer
INFO [03-26|19:33:57.502] Starting work on payload                 id=0x034d1180859373d8
INFO [03-26|19:33:57.506] Updated payload                          id=0x034d1180859373d8 number=64577 hash=2ffaaa..250d54 txs=2 withdrawals=0 gas=90958 fees=2.64596822e-10 root=5242b1..0e4b6f elapsed=4.386ms
INFO [03-26|19:33:57.506] Stopping work on payload                 id=0x034d1180859373d8 reason=delivery
WARN [03-26|19:33:57.508] {"level":"warn","msg":"Slow block","block":{"number":64577,"hash":"0x2ffaaa43265eeeba3044257d587671010fa6c0d08045eb3a01edbee46d250d54","gas_used":90958,"tx_count":2},"timing":{"execution_ms":0.126749,"state_read_ms":0.229879,"state_hash_ms":0.721946,"commit_ms":0.469228,"total_ms":1.644292},"throughput":{"mgas_per_sec":55.31742537213585},"state_reads":{"accounts":11,"storage_slots":0,"code":0,"code_bytes":0},"state_writes":{"accounts":3,"accounts_deleted":0,"storage_slots":0,"storage_slots_deleted":0,"code":1,"code_bytes":78},"cache":{"account":{"hits":6,"misses":5,"hit_rate":54.54545454545454},"storage":{"hits":0,"misses":0,"hit_rate":0},"code":{"hits":0,"misses":0,"hit_rate":0,"hit_bytes":0,"miss_bytes":0}}}
INFO [03-26|19:33:57.509] Imported new potential chain segment     number=64577 hash=2ffaaa..250d54 blocks=1 txs=2 mgas=0.091 elapsed=2.612ms mgasps=34.817 triediffs=132.13MiB triedirty=0.00B
INFO [03-26|19:33:57.509] Ready for fork activation                fork=Osaka date="07 Feb 06 07:28 CET" remaining=700115h54m17s timestamp=4,294,967,295
INFO [03-26|19:33:57.509] Chain head was updated                   number=64577 hash=2ffaaa..250d54 root=5242b1..0e4b6f elapsed="236.129µs"
INFO [03-26|19:33:57.981] Submitted transaction                    hash=0x1fa46b25e7a1ba9f0093ba6c9e52eeebfde50cb45c4fe08382bd196b0c17de01 from=0x3edc022e5664C1c70325aFeE0930AF124EcB7f5D nonce=0   recipient=0x6345e50859b0Ce82D8A495ba9894C6C81de385F3 value=0
INFO [03-26|19:34:07.511] Starting work on payload                 id=0x038fa2d4e66aba98
INFO [03-26|19:34:08.394] Updated payload                          id=0x038fa2d4e66aba98 number=64578 hash=12b877..f9407e txs=1 withdrawals=0 gas=93,739,282 fees=2.726875713e-07 root=da85da..7efcf6 elapsed=883.677ms
INFO [03-26|19:34:08.395] Stopping work on payload                 id=0x038fa2d4e66aba98 reason=delivery
WARN [03-26|19:34:09.362] {"level":"warn","msg":"Slow block","block":{"number":64578,"hash":"0x12b877433cb24f0253e155d05e05bf35fb12fbb11683c3ec198a6fe2a8f9407e","gas_used":93739282,"tx_count":1},"timing":{"execution_ms":45.028779,"state_read_ms":572.865143,"state_hash_ms":306.685874,"commit_ms":41.053874,"total_ms":965.714621},"throughput":{"mgas_per_sec":97.06727014543151},"state_reads":{"accounts":8,"storage_slots":4094,"code":2,"code_bytes":1422},"state_writes":{"accounts":3,"accounts_deleted":0,"storage_slots":4094,"storage_slots_deleted":0,"code":0,"code_bytes":0},"cache":{"account":{"hits":3,"misses":5,"hit_rate":37.5},"storage":{"hits":464,"misses":3630,"hit_rate":11.333659013190033},"code":{"hits":2,"misses":0,"hit_rate":100,"hit_bytes":1422,"miss_bytes":0}}}
INFO [03-26|19:34:09.362] Imported new potential chain segment     number=64578 hash=12b877..f9407e blocks=1 txs=1 mgas=93.739 elapsed=966.880ms   mgasps=96.950 triediffs=139.89MiB triedirty=0.00B
INFO [03-26|19:34:09.366] Chain head was updated                   number=64578 hash=12b877..f9407e root=da85da..7efcf6 elapsed="118.209µs"
INFO [03-26|19:34:10.061] Submitted transaction                    hash=0x9917e8d8203f11618386a2ac285bcc2d45c1c664c0b85d9491c0971e6b31c136 from=0x3edc022e5664C1c70325aFeE0930AF124EcB7f5D nonce=1   recipient=0xf39Fd6e51aad88F6F4ce6aB8827279cffFb92266 value=18,231,749,406
INFO [03-26|19:34:19.370] Starting work on payload                 id=0x038d0395a207f76f
INFO [03-26|19:34:19.371] Updated payload                          id=0x038d0395a207f76f number=64579 hash=35195c..1926e2 txs=1 withdrawals=0 gas=21000      fees=3.0492e-11      root=cd8802..1957fc elapsed=1.409ms
INFO [03-26|19:34:19.371] Stopping work on payload                 id=0x038d0395a207f76f reason=delivery
WARN [03-26|19:34:19.374] {"level":"warn","msg":"Slow block","block":{"number":64579,"hash":"0x35195ca1271063635e213a0e27302831e7fb7c048345311b6307926be31926e2","gas_used":21000,"tx_count":1},"timing":{"execution_ms":0.0488,"state_read_ms":0.121659,"state_hash_ms":0.091071,"commit_ms":0.468057,"total_ms":0.784796},"throughput":{"mgas_per_sec":26.75854616996009},"state_reads":{"accounts":6,"storage_slots":0,"code":0,"code_bytes":0},"state_writes":{"accounts":2,"accounts_deleted":0,"storage_slots":0,"storage_slots_deleted":0,"code":0,"code_bytes":0},"cache":{"account":{"hits":1,"misses":5,"hit_rate":16.666666666666664},"storage":{"hits":0,"misses":0,"hit_rate":0},"code":{"hits":0,"misses":0,"hit_rate":0,"hit_bytes":0,"miss_bytes":0}}}
INFO [03-26|19:34:19.374] Imported new potential chain segment     number=64579 hash=35195c..1926e2 blocks=1 txs=1 mgas=0.021  elapsed="933.746µs" mgasps=22.490 triediffs=139.89MiB triedirty=0.00B
INFO [03-26|19:34:19.374] Chain head was updated                   number=64579 hash=35195c..1926e2 root=cd8802..1957fc elapsed="95.789µs"
