INFO [03-26|19:38:06.424] Starting Geth on Ethereum mainnet...
INFO [03-26|19:38:06.425] Maximum peer count                       ETH=0 total=0
INFO [03-26|19:38:06.426] Smartcard socket not found, disabling    err="stat /run/pcscd/pcscd.comm: no such file or directory"
WARN [03-26|19:38:06.427] Option --miner.etherbase is deprecated as the etherbase is set by the consensus client post-merge
WARN [03-26|19:38:06.428] Snap sync requested, resetting --cache.snapshot
INFO [03-26|19:38:06.428] Global gas cap disabled
INFO [03-26|19:38:07.072] Using developer account                  address=0xf39Fd6e51aad88F6F4ce6aB8827279cffFb92266
INFO [03-26|19:38:07.239] Using pebble as the backing database
INFO [03-26|19:38:07.239] Allocated cache and file handles         database=/home/CPerezz/bintrie-benchmarks/mpt-vs-bintrie/dbs/mpt/geth/chaindata cache=16.00MiB handles=524,288
INFO [03-26|19:38:08.397] Opened ancient database                  database=/home/CPerezz/bintrie-benchmarks/mpt-vs-bintrie/dbs/mpt/geth/chaindata/ancient/chain readonly=true
INFO [03-26|19:38:08.398] Opened Era store                         datadir=/home/CPerezz/bintrie-benchmarks/mpt-vs-bintrie/dbs/mpt/geth/chaindata/ancient/chain/era
INFO [03-26|19:38:08.412] Initializing the KZG library             backend=gokzg
INFO [03-26|19:38:08.413] Allocated trie memory caches             clean=0.00B dirty=0.00B
INFO [03-26|19:38:08.491] Using pebble as the backing database
INFO [03-26|19:38:08.491] Allocated cache and file handles         database=/home/CPerezz/bintrie-benchmarks/mpt-vs-bintrie/dbs/mpt/geth/chaindata cache=16.00MiB handles=524,288
INFO [03-26|19:38:09.771] Opened ancient database                  database=/home/CPerezz/bintrie-benchmarks/mpt-vs-bintrie/dbs/mpt/geth/chaindata/ancient/chain readonly=false
INFO [03-26|19:38:09.771] Opened Era store                         datadir=/home/CPerezz/bintrie-benchmarks/mpt-vs-bintrie/dbs/mpt/geth/chaindata/ancient/chain/era
INFO [03-26|19:38:09.772] State scheme set to already existing     scheme=path
INFO [03-26|19:38:09.773] Initialising Ethereum protocol           network=1337 dbversion=9
INFO [03-26|19:38:09.773] Load database journal from file          path=/home/CPerezz/bintrie-benchmarks/mpt-vs-bintrie/dbs/mpt/geth/triedb/merkle.journal
INFO [03-26|19:38:10.929] Opened ancient database                  database=/home/CPerezz/bintrie-benchmarks/mpt-vs-bintrie/dbs/mpt/geth/chaindata/ancient/state readonly=false
INFO [03-26|19:38:10.930] Initialized path database                triecache=0.00B statecache=0.00B buffer=0.00B state-history="last 90000 blocks" journal-dir=/home/CPerezz/bintrie-benchmarks/mpt-vs-bintrie/dbs/mpt/geth/triedb
INFO [03-26|19:38:10.932] 
INFO [03-26|19:38:10.932] ---------------------------------------------------------------------------------------------------------------------------------------------------------
INFO [03-26|19:38:10.933] Chain ID:  1337 (unknown)
INFO [03-26|19:38:10.933] Consensus: unknown
INFO [03-26|19:38:10.933] 
INFO [03-26|19:38:10.933] Pre-Merge hard forks (block based):
INFO [03-26|19:38:10.933]  - Homestead:                   #0       
INFO [03-26|19:38:10.933]  - Tangerine Whistle (EIP 150): #0       
INFO [03-26|19:38:10.933]  - Spurious Dragon/1 (EIP 155): #0       
INFO [03-26|19:38:10.933]  - Spurious Dragon/2 (EIP 158): #0       
INFO [03-26|19:38:10.933]  - Byzantium:                   #0       
INFO [03-26|19:38:10.933]  - Constantinople:              #0       
INFO [03-26|19:38:10.933]  - Petersburg:                  #0       
INFO [03-26|19:38:10.933]  - Istanbul:                    #0       
INFO [03-26|19:38:10.933]  - Muir Glacier:                #0       
INFO [03-26|19:38:10.933]  - Berlin:                      #0       
INFO [03-26|19:38:10.933]  - London:                      #0       
INFO [03-26|19:38:10.933]  - Arrow Glacier:               #0       
INFO [03-26|19:38:10.933]  - Gray Glacier:                #0       
INFO [03-26|19:38:10.933] 
INFO [03-26|19:38:10.933] Merge configured:
INFO [03-26|19:38:10.933]  - Total terminal difficulty:  0
INFO [03-26|19:38:10.933]  - Merge netsplit block:       #0       
INFO [03-26|19:38:10.933] 
INFO [03-26|19:38:10.933] Post-Merge hard forks (timestamp based):
INFO [03-26|19:38:10.933]  - Shanghai:                    @0         
INFO [03-26|19:38:10.933]  - Cancun:                      @0          blob: (target: 3, max: 6, fraction: 3338477)
INFO [03-26|19:38:10.933]  - Prague:                      @0          blob: (target: 6, max: 9, fraction: 5225352)
INFO [03-26|19:38:10.933]  - Osaka:                       @4294967295 blob: (target: 9, max: 12, fraction: 5225352)
INFO [03-26|19:38:10.933] 
INFO [03-26|19:38:10.933] All fork specifications can be found at https://ethereum.github.io/execution-specs/src/ethereum/forks/
INFO [03-26|19:38:10.933] 
INFO [03-26|19:38:10.933] ---------------------------------------------------------------------------------------------------------------------------------------------------------
INFO [03-26|19:38:10.933] 
INFO [03-26|19:38:10.933] Loaded most recent local block           number=64600 hash=5ba07e..ceae91 age=8s
INFO [03-26|19:38:10.933] Loaded most recent local finalized block number=64576 hash=760e77..5513a7 age=4m22s
INFO [03-26|19:38:10.935] Initialized transaction indexer          range="last 2350000 blocks"
INFO [03-26|19:38:10.935] Initialized log indexer                  firstblock=0 lastblock=64600 firstmap=0 lastmap=4 headindexed=true
INFO [03-26|19:38:10.937] Enabled full-sync                        head=64600 hash=5ba07e..ceae91
INFO [03-26|19:38:10.937] Unprotected transactions allowed
INFO [03-26|19:38:10.938] Gasprice oracle is ignoring threshold set threshold=2
INFO [03-26|19:38:10.938] Registered sync override service
WARN [03-26|19:38:10.938] You are running Geth in --dev mode. Please note the following:
WARN [03-26|19:38:10.938] 
WARN [03-26|19:38:10.938]   1. This mode is only intended for fast, iterative development without assumptions on
WARN [03-26|19:38:10.938]      security or persistence.
WARN [03-26|19:38:10.938]   2. The database is created in memory unless specified otherwise. Therefore, shutting down
WARN [03-26|19:38:10.938]      your computer or losing power will wipe your entire block data and chain state for
WARN [03-26|19:38:10.938]      your dev environment.
WARN [03-26|19:38:10.938]   3. A random, pre-allocated developer account will be available and unlocked as
WARN [03-26|19:38:10.938]      eth.coinbase, which can be used for testing. The random dev account is temporary,
WARN [03-26|19:38:10.938]      stored on a ramdisk, and will be lost if your machine is restarted.
WARN [03-26|19:38:10.938]   4. Mining is enabled by default. However, the client will only seal blocks if transactions
WARN [03-26|19:38:10.938]      are pending in the mempool. The miner's minimum accepted gas price is 1.
WARN [03-26|19:38:10.938]   5. Networking is disabled; there is no listen-address, the maximum number of peers is set
WARN [03-26|19:38:10.938]      to 0, and discovery is disabled.
WARN [03-26|19:38:10.938] 
INFO [03-26|19:38:10.938] Starting peer-to-peer node               instance=Geth/v1.17.2-unstable-5d0e18f7-20260325/linux-amd64/go1.24.1
WARN [03-26|19:38:10.938] P2P server will be useless, neither dialing nor listening
INFO [03-26|19:38:10.944] IPC endpoint opened                      url=/home/CPerezz/bintrie-benchmarks/mpt-vs-bintrie/dbs/mpt/geth.ipc
ERROR[03-26|19:38:10.944] Unavailable modules in HTTP API list     unavailable=[personal] available="[admin debug web3 eth txpool miner net dev testing]"
INFO [03-26|19:38:10.944] New local node record                    seq=1,774,465,406,137 id=9566f6e861acb2c3 ip=127.0.0.1 udp=0 tcp=0
INFO [03-26|19:38:10.944] Started P2P networking                   self=enode://7bcb27e0859fe4ed7072e298a58918cc0b55d08376b1207f77d84f6d0d34ded7448b64ab16dd00733b489383beff49c04f662afae4dd1dc102807640ff82a1cd@127.0.0.1:0
INFO [03-26|19:38:10.945] HTTP server started                      endpoint=[::]:8545 auth=false prefix= cors= vhosts=localhost
INFO [03-26|19:38:10.945] WebSocket enabled                        url=ws://[::]:8546
INFO [03-26|19:38:11.007] Loaded local transaction journal         transactions=713 dropped=0
INFO [03-26|19:38:12.375] Submitted contract creation              hash=0xf20a3ccc95078009c0229baa4f28ca2a4715d976b317dcc6431849bf99af876a from=0xf39Fd6e51aad88F6F4ce6aB8827279cffFb92266 nonce=536 contract=0x6Da3D07a6BF01F02fB41c02984a49B5d9Aa6ea92 value=0
INFO [03-26|19:38:12.379] Submitted transaction                    hash=0x9c8be5b3c46a2d5c2d9811d093957393888ab28c58287f784fc1d3278f6b06f3 from=0xf39Fd6e51aad88F6F4ce6aB8827279cffFb92266 nonce=537 recipient=0xB93D8375a14aa8D12867b2D614053aE8F15d60ed value=584,200,000,000
INFO [03-26|19:38:13.092] Started log indexer
INFO [03-26|19:38:13.099] Starting work on payload                 id=0x03c941d2f1a030ce
INFO [03-26|19:38:13.106] Updated payload                          id=0x03c941d2f1a030ce number=64601 hash=ad1b70..b883cc txs=2 withdrawals=0 gas=90958 fees=5.30648972e-10 root=b1a3c2..3e0059 elapsed=6.562ms
INFO [03-26|19:38:13.106] Stopping work on payload                 id=0x03c941d2f1a030ce reason=delivery
WARN [03-26|19:38:13.108] {"level":"warn","msg":"Slow block","block":{"number":64601,"hash":"0xad1b709f22e9c5fb7d3cf28ebec39b79875c4745cd4d34c506d8172b1db883cc","gas_used":90958,"tx_count":2},"timing":{"execution_ms":0.078561,"state_read_ms":0.397297,"state_hash_ms":0.440387,"commit_ms":0.829416,"total_ms":1.83201},"throughput":{"mgas_per_sec":49.649292307356404},"state_reads":{"accounts":11,"storage_slots":0,"code":0,"code_bytes":0},"state_writes":{"accounts":3,"accounts_deleted":0,"storage_slots":0,"storage_slots_deleted":0,"code":1,"code_bytes":78},"cache":{"account":{"hits":4,"misses":7,"hit_rate":36.36363636363637},"storage":{"hits":0,"misses":0,"hit_rate":0},"code":{"hits":0,"misses":0,"hit_rate":0,"hit_bytes":0,"miss_bytes":0}}}
INFO [03-26|19:38:13.108] Imported new potential chain segment     number=64601 hash=ad1b70..b883cc blocks=1 txs=2 mgas=0.091 elapsed=2.101ms mgasps=43.279 triediffs=190.28MiB triedirty=0.00B
INFO [03-26|19:38:13.108] Ready for fork activation                fork=Osaka date="07 Feb 06 07:28 CET" remaining=700115h50m2s timestamp=4,294,967,295
INFO [03-26|19:38:13.109] Chain head was updated                   number=64601 hash=ad1b70..b883cc root=b1a3c2..3e0059 elapsed="261.689µs"
INFO [03-26|19:38:13.395] Submitted transaction                    hash=0xe307926eaf964e1dfc55a2420c9a4ff04ff80ea34d0a232b48dfe2ff1e33490d from=0xB93D8375a14aa8D12867b2D614053aE8F15d60ed nonce=0   recipient=0x6Da3D07a6BF01F02fB41c02984a49B5d9Aa6ea92 value=0
INFO [03-26|19:38:23.110] Starting work on payload                 id=0x035c6d59306ddec9
INFO [03-26|19:38:23.963] Updated payload                          id=0x035c6d59306ddec9 number=64602 hash=de7678..6d92f7 txs=1 withdrawals=0 gas=93,739,282 fees=5.468749712e-07 root=5cf8a7..ed5aa1 elapsed=853.289ms
INFO [03-26|19:38:23.964] Stopping work on payload                 id=0x035c6d59306ddec9 reason=delivery
WARN [03-26|19:38:24.978] {"level":"warn","msg":"Slow block","block":{"number":64602,"hash":"0xde767821eac2f2e004832f6a9e2e2c8f8176c879d80aa6ff9f12158ec06d92f7","gas_used":93739282,"tx_count":1},"timing":{"execution_ms":55.592497,"state_read_ms":616.109512,"state_hash_ms":311.916183,"commit_ms":27.772724,"total_ms":1011.478777},"throughput":{"mgas_per_sec":92.67548082227334},"state_reads":{"accounts":8,"storage_slots":4094,"code":2,"code_bytes":1422},"state_writes":{"accounts":3,"accounts_deleted":0,"storage_slots":4094,"storage_slots_deleted":0,"code":0,"code_bytes":0},"cache":{"account":{"hits":4,"misses":4,"hit_rate":50},"storage":{"hits":499,"misses":3595,"hit_rate":12.1885686370298},"code":{"hits":2,"misses":0,"hit_rate":100,"hit_bytes":1422,"miss_bytes":0}}}
INFO [03-26|19:38:24.978] Imported new potential chain segment     number=64602 hash=de7678..6d92f7 blocks=1 txs=1 mgas=93.739 elapsed=1.013s      mgasps=92.476 triediffs=198.09MiB triedirty=0.00B
INFO [03-26|19:38:24.979] Chain head was updated                   number=64602 hash=de7678..6d92f7 root=5cf8a7..ed5aa1 elapsed="103.279µs"
INFO [03-26|19:38:25.480] Submitted transaction                    hash=0xd3aa15ff76df1c83ba9a23817913d80cf5f9da191cbf3a693722a5ea087dea2d from=0xB93D8375a14aa8D12867b2D614053aE8F15d60ed nonce=1   recipient=0xf39Fd6e51aad88F6F4ce6aB8827279cffFb92266 value=36,513,626,556
INFO [03-26|19:38:34.981] Starting work on payload                 id=0x031355a01a480a2f
INFO [03-26|19:38:34.982] Updated payload                          id=0x031355a01a480a2f number=64603 hash=eb242f..11adea txs=1 withdrawals=0 gas=21000      fees=6.1194e-11      root=702d12..4d78a9 elapsed="794.835µs"
INFO [03-26|19:38:34.982] Stopping work on payload                 id=0x031355a01a480a2f reason=delivery
WARN [03-26|19:38:34.984] {"level":"warn","msg":"Slow block","block":{"number":64603,"hash":"0xeb242f1f96fbdea105a0ceb4e37d75ad1c114b5a5fc044477e652f7af811adea","gas_used":21000,"tx_count":1},"timing":{"execution_ms":0.047879,"state_read_ms":0.10096,"state_hash_ms":0.101159,"commit_ms":0.593277,"total_ms":0.924726},"throughput":{"mgas_per_sec":22.70942960401243},"state_reads":{"accounts":6,"storage_slots":0,"code":0,"code_bytes":0},"state_writes":{"accounts":2,"accounts_deleted":0,"storage_slots":0,"storage_slots_deleted":0,"code":0,"code_bytes":0},"cache":{"account":{"hits":2,"misses":4,"hit_rate":33.33333333333333},"storage":{"hits":0,"misses":0,"hit_rate":0},"code":{"hits":0,"misses":0,"hit_rate":0,"hit_bytes":0,"miss_bytes":0}}}
INFO [03-26|19:38:34.984] Imported new potential chain segment     number=64603 hash=eb242f..11adea blocks=1 txs=1 mgas=0.021  elapsed=1.103ms     mgasps=19.030 triediffs=198.09MiB triedirty=0.00B
INFO [03-26|19:38:34.984] Chain head was updated                   number=64603 hash=eb242f..11adea root=702d12..4d78a9 elapsed="72.459µs"
