INFO [03-26|20:02:49.657] Starting Geth on Ethereum mainnet...
INFO [03-26|20:02:49.658] Maximum peer count                       ETH=0 total=0
INFO [03-26|20:02:49.659] Smartcard socket not found, disabling    err="stat /run/pcscd/pcscd.comm: no such file or directory"
WARN [03-26|20:02:49.660] Option --miner.etherbase is deprecated as the etherbase is set by the consensus client post-merge
WARN [03-26|20:02:49.662] Snap sync requested, resetting --cache.snapshot
INFO [03-26|20:02:49.662] Global gas cap disabled
INFO [03-26|20:02:50.306] Using developer account                  address=0xf39Fd6e51aad88F6F4ce6aB8827279cffFb92266
INFO [03-26|20:02:50.472] Using pebble as the backing database
INFO [03-26|20:02:50.472] Allocated cache and file handles         database=/home/CPerezz/bintrie-benchmarks/mpt-vs-bintrie/dbs/mpt/geth/chaindata cache=16.00MiB handles=524,288
INFO [03-26|20:02:51.580] Opened ancient database                  database=/home/CPerezz/bintrie-benchmarks/mpt-vs-bintrie/dbs/mpt/geth/chaindata/ancient/chain readonly=true
INFO [03-26|20:02:51.580] Opened Era store                         datadir=/home/CPerezz/bintrie-benchmarks/mpt-vs-bintrie/dbs/mpt/geth/chaindata/ancient/chain/era
INFO [03-26|20:02:51.586] Initializing the KZG library             backend=gokzg
INFO [03-26|20:02:51.587] Allocated trie memory caches             clean=0.00B dirty=0.00B
INFO [03-26|20:02:51.663] Using pebble as the backing database
INFO [03-26|20:02:51.663] Allocated cache and file handles         database=/home/CPerezz/bintrie-benchmarks/mpt-vs-bintrie/dbs/mpt/geth/chaindata cache=16.00MiB handles=524,288
INFO [03-26|20:02:53.046] Opened ancient database                  database=/home/CPerezz/bintrie-benchmarks/mpt-vs-bintrie/dbs/mpt/geth/chaindata/ancient/chain readonly=false
INFO [03-26|20:02:53.046] Opened Era store                         datadir=/home/CPerezz/bintrie-benchmarks/mpt-vs-bintrie/dbs/mpt/geth/chaindata/ancient/chain/era
INFO [03-26|20:02:53.047] State scheme set to already existing     scheme=path
INFO [03-26|20:02:53.048] Initialising Ethereum protocol           network=1337 dbversion=9
INFO [03-26|20:02:53.048] Load database journal from file          path=/home/CPerezz/bintrie-benchmarks/mpt-vs-bintrie/dbs/mpt/geth/triedb/merkle.journal
INFO [03-26|20:02:54.822] Opened ancient database                  database=/home/CPerezz/bintrie-benchmarks/mpt-vs-bintrie/dbs/mpt/geth/chaindata/ancient/state readonly=false
INFO [03-26|20:02:54.823] Initialized path database                triecache=0.00B statecache=0.00B buffer=0.00B state-history="last 90000 blocks" journal-dir=/home/CPerezz/bintrie-benchmarks/mpt-vs-bintrie/dbs/mpt/geth/triedb
INFO [03-26|20:02:54.825] 
INFO [03-26|20:02:54.825] ---------------------------------------------------------------------------------------------------------------------------------------------------------
INFO [03-26|20:02:54.825] Chain ID:  1337 (unknown)
INFO [03-26|20:02:54.825] Consensus: unknown
INFO [03-26|20:02:54.825] 
INFO [03-26|20:02:54.825] Pre-Merge hard forks (block based):
INFO [03-26|20:02:54.825]  - Homestead:                   #0       
INFO [03-26|20:02:54.825]  - Tangerine Whistle (EIP 150): #0       
INFO [03-26|20:02:54.825]  - Spurious Dragon/1 (EIP 155): #0       
INFO [03-26|20:02:54.825]  - Spurious Dragon/2 (EIP 158): #0       
INFO [03-26|20:02:54.825]  - Byzantium:                   #0       
INFO [03-26|20:02:54.825]  - Constantinople:              #0       
INFO [03-26|20:02:54.825]  - Petersburg:                  #0       
INFO [03-26|20:02:54.825]  - Istanbul:                    #0       
INFO [03-26|20:02:54.825]  - Muir Glacier:                #0       
INFO [03-26|20:02:54.825]  - Berlin:                      #0       
INFO [03-26|20:02:54.825]  - London:                      #0       
INFO [03-26|20:02:54.825]  - Arrow Glacier:               #0       
INFO [03-26|20:02:54.825]  - Gray Glacier:                #0       
INFO [03-26|20:02:54.825] 
INFO [03-26|20:02:54.825] Merge configured:
INFO [03-26|20:02:54.825]  - Total terminal difficulty:  0
INFO [03-26|20:02:54.825]  - Merge netsplit block:       #0       
INFO [03-26|20:02:54.825] 
INFO [03-26|20:02:54.825] Post-Merge hard forks (timestamp based):
INFO [03-26|20:02:54.825]  - Shanghai:                    @0         
INFO [03-26|20:02:54.825]  - Cancun:                      @0          blob: (target: 3, max: 6, fraction: 3338477)
INFO [03-26|20:02:54.825]  - Prague:                      @0          blob: (target: 6, max: 9, fraction: 5225352)
INFO [03-26|20:02:54.825]  - Osaka:                       @4294967295 blob: (target: 9, max: 12, fraction: 5225352)
INFO [03-26|20:02:54.825] 
INFO [03-26|20:02:54.825] All fork specifications can be found at https://ethereum.github.io/execution-specs/src/ethereum/forks/
INFO [03-26|20:02:54.825] 
INFO [03-26|20:02:54.825] ---------------------------------------------------------------------------------------------------------------------------------------------------------
INFO [03-26|20:02:54.825] 
INFO [03-26|20:02:54.825] Loaded most recent local block           number=64733 hash=71ee2c..4a2a93 age=10s
INFO [03-26|20:02:54.825] Loaded most recent local finalized block number=64704 hash=3f6559..2da836 age=5m37s
INFO [03-26|20:02:54.827] Initialized transaction indexer          range="last 2350000 blocks"
INFO [03-26|20:02:54.827] Initialized log indexer                  firstblock=0 lastblock=64733 firstmap=0 lastmap=4 headindexed=true
INFO [03-26|20:02:54.828] Enabled full-sync                        head=64733 hash=71ee2c..4a2a93
INFO [03-26|20:02:54.828] Unprotected transactions allowed
INFO [03-26|20:02:54.828] Gasprice oracle is ignoring threshold set threshold=2
INFO [03-26|20:02:54.828] Registered sync override service
WARN [03-26|20:02:54.828] You are running Geth in --dev mode. Please note the following:
WARN [03-26|20:02:54.828] 
WARN [03-26|20:02:54.828]   1. This mode is only intended for fast, iterative development without assumptions on
WARN [03-26|20:02:54.828]      security or persistence.
WARN [03-26|20:02:54.828]   2. The database is created in memory unless specified otherwise. Therefore, shutting down
WARN [03-26|20:02:54.828]      your computer or losing power will wipe your entire block data and chain state for
WARN [03-26|20:02:54.828]      your dev environment.
WARN [03-26|20:02:54.828]   3. A random, pre-allocated developer account will be available and unlocked as
WARN [03-26|20:02:54.828]      eth.coinbase, which can be used for testing. The random dev account is temporary,
WARN [03-26|20:02:54.828]      stored on a ramdisk, and will be lost if your machine is restarted.
WARN [03-26|20:02:54.828]   4. Mining is enabled by default. However, the client will only seal blocks if transactions
WARN [03-26|20:02:54.828]      are pending in the mempool. The miner's minimum accepted gas price is 1.
WARN [03-26|20:02:54.828]   5. Networking is disabled; there is no listen-address, the maximum number of peers is set
WARN [03-26|20:02:54.828]      to 0, and discovery is disabled.
WARN [03-26|20:02:54.828] 
INFO [03-26|20:02:54.828] Starting peer-to-peer node               instance=Geth/v1.17.2-unstable-5d0e18f7-20260325/linux-amd64/go1.24.1
WARN [03-26|20:02:54.828] P2P server will be useless, neither dialing nor listening
INFO [03-26|20:02:54.833] IPC endpoint opened                      url=/home/CPerezz/bintrie-benchmarks/mpt-vs-bintrie/dbs/mpt/geth.ipc
ERROR[03-26|20:02:54.833] Unavailable modules in HTTP API list     unavailable=[personal] available="[admin debug web3 eth txpool miner net dev testing]"
INFO [03-26|20:02:54.833] New local node record                    seq=1,774,465,406,180 id=9566f6e861acb2c3 ip=127.0.0.1 udp=0 tcp=0
INFO [03-26|20:02:54.833] Started P2P networking                   self=enode://7bcb27e0859fe4ed7072e298a58918cc0b55d08376b1207f77d84f6d0d34ded7448b64ab16dd00733b489383beff49c04f662afae4dd1dc102807640ff82a1cd@127.0.0.1:0
INFO [03-26|20:02:54.834] HTTP server started                      endpoint=[::]:8545 auth=false prefix= cors= vhosts=localhost
INFO [03-26|20:02:54.834] WebSocket enabled                        url=ws://[::]:8546
INFO [03-26|20:02:54.916] Loaded local transaction journal         transactions=885 dropped=0
INFO [03-26|20:02:56.621] Submitted contract creation              hash=0xbab02a419c2d9efad29cad65e6b2b44ffc65d03531ecc4e70335f9a27bfa8cf2 from=0xf39Fd6e51aad88F6F4ce6aB8827279cffFb92266 nonce=622 contract=0xad203b3144f8c09a20532957174fc0366291643c value=0
INFO [03-26|20:02:56.622] Submitted transaction                    hash=0x363935ac18e26a9b9d7a675603b1a62447714a3ad725a655165e831389b3e588 from=0xf39Fd6e51aad88F6F4ce6aB8827279cffFb92266 nonce=623 recipient=0xC30496AE6aF11DD128267dA143da1E4807745060 value=19,922,800,000,000
INFO [03-26|20:02:57.042] Started log indexer
INFO [03-26|20:02:57.048] Starting work on payload                 id=0x039aefe0adcca83d
INFO [03-26|20:02:57.054] Updated payload                          id=0x039aefe0adcca83d number=64734 hash=d825cf..93d7c2 txs=2 withdrawals=0 gas=90958 fees=1.812065276e-08 root=a93a37..9a2424 elapsed=5.461ms
INFO [03-26|20:02:57.054] Stopping work on payload                 id=0x039aefe0adcca83d reason=delivery
WARN [03-26|20:02:57.068] {"level":"warn","msg":"Slow block","block":{"number":64734,"hash":"0xd825cfabf98a7b1542403d3660c5f4107c1ce2fe6b477983e370b0a15c93d7c2","gas_used":90958,"tx_count":2},"timing":{"execution_ms":0.057528,"state_read_ms":0.101391,"state_hash_ms":1.119143,"commit_ms":12.30363,"total_ms":13.623163},"throughput":{"mgas_per_sec":6.676716706685518},"state_reads":{"accounts":11,"storage_slots":0,"code":0,"code_bytes":0},"state_writes":{"accounts":3,"accounts_deleted":0,"storage_slots":0,"storage_slots_deleted":0,"code":1,"code_bytes":78},"cache":{"account":{"hits":5,"misses":6,"hit_rate":45.45454545454545},"storage":{"hits":0,"misses":0,"hit_rate":0},"code":{"hits":0,"misses":0,"hit_rate":0,"hit_bytes":0,"miss_bytes":0}}}
INFO [03-26|20:02:57.068] Imported new potential chain segment     number=64734 hash=d825cf..93d7c2 blocks=1 txs=2 mgas=0.091 elapsed=13.924ms mgasps=6.532 triediffs=306.50MiB triedirty=0.00B
INFO [03-26|20:02:57.068] Ready for fork activation                fork=Osaka date="07 Feb 06 07:28 CET" remaining=700115h25m18s timestamp=4,294,967,295
INFO [03-26|20:02:57.069] Chain head was updated                   number=64734 hash=d825cf..93d7c2 root=a93a37..9a2424 elapsed="241.768µs"
INFO [03-26|20:02:57.638] Submitted transaction                    hash=0xdda5d2a6c2d77ae11b3fdca555b9932971004db1075e2ab1cf24947f0f8eb0ad from=0xC30496AE6aF11DD128267dA143da1E4807745060 nonce=0   recipient=0xad203b3144f8c09a20532957174fc0366291643c value=0
INFO [03-26|20:03:07.074] Starting work on payload                 id=0x0320e72ef0b3358a
INFO [03-26|20:03:07.877] Updated payload                          id=0x0320e72ef0b3358a number=64735 hash=e48179..102f92 txs=1 withdrawals=0 gas=93,739,282 fees=1.867473976e-05 root=26dc5b..fd69e3 elapsed=803.247ms
INFO [03-26|20:03:07.877] Stopping work on payload                 id=0x0320e72ef0b3358a reason=delivery
WARN [03-26|20:03:08.794] {"level":"warn","msg":"Slow block","block":{"number":64735,"hash":"0xe481790689eb3fd7db7c079409a119abdc323a0c01a25d952aefc60ee2102f92","gas_used":93739282,"tx_count":1},"timing":{"execution_ms":42.963981,"state_read_ms":584.271853,"state_hash_ms":265.551274,"commit_ms":21.402367,"total_ms":914.271346},"throughput":{"mgas_per_sec":102.52895096200467},"state_reads":{"accounts":8,"storage_slots":4094,"code":2,"code_bytes":1422},"state_writes":{"accounts":3,"accounts_deleted":0,"storage_slots":4094,"storage_slots_deleted":0,"code":0,"code_bytes":0},"cache":{"account":{"hits":4,"misses":4,"hit_rate":50},"storage":{"hits":565,"misses":3529,"hit_rate":13.800683927699072},"code":{"hits":2,"misses":0,"hit_rate":100,"hit_bytes":1422,"miss_bytes":0}}}
INFO [03-26|20:03:08.794] Imported new potential chain segment     number=64735 hash=e48179..102f92 blocks=1 txs=1 mgas=93.739 elapsed=916.468ms   mgasps=102.283 triediffs=314.27MiB triedirty=0.00B
INFO [03-26|20:03:08.797] Chain head was updated                   number=64735 hash=e48179..102f92 root=26dc5b..fd69e3 elapsed="92.34µs"
INFO [03-26|20:03:09.722] Submitted transaction                    hash=0x670492c1bef339455cf34a1c5e3b2efe2288dfcafb93a13b7cff6befe2c6d529 from=0xC30496AE6aF11DD128267dA143da1E4807745060 nonce=1   recipient=0xf39Fd6e51aad88F6F4ce6aB8827279cffFb92266 value=1,245,218,284,704
INFO [03-26|20:03:18.800] Starting work on payload                 id=0x039a324f6f520d5e
INFO [03-26|20:03:18.801] Updated payload                          id=0x039a324f6f520d5e number=64736 hash=f47186..bc1cb6 txs=1 withdrawals=0 gas=21000      fees=2.091747e-09    root=42439c..0b47b7 elapsed=1.455ms
INFO [03-26|20:03:18.801] Stopping work on payload                 id=0x039a324f6f520d5e reason=delivery
WARN [03-26|20:03:18.803] {"level":"warn","msg":"Slow block","block":{"number":64736,"hash":"0xf47186c7f3933e0df742d5a0d6ca8550cf5534c1e4e7c7b7cb5d5e3809bc1cb6","gas_used":21000,"tx_count":1},"timing":{"execution_ms":0.052418,"state_read_ms":0.36961,"state_hash_ms":0.09346,"commit_ms":0.541807,"total_ms":1.115565},"throughput":{"mgas_per_sec":18.8245418240981},"state_reads":{"accounts":6,"storage_slots":0,"code":0,"code_bytes":0},"state_writes":{"accounts":2,"accounts_deleted":0,"storage_slots":0,"storage_slots_deleted":0,"code":0,"code_bytes":0},"cache":{"account":{"hits":0,"misses":6,"hit_rate":0},"storage":{"hits":0,"misses":0,"hit_rate":0},"code":{"hits":0,"misses":0,"hit_rate":0,"hit_bytes":0,"miss_bytes":0}}}
INFO [03-26|20:03:18.803] Imported new potential chain segment     number=64736 hash=f47186..bc1cb6 blocks=1 txs=1 mgas=0.021  elapsed=1.281ms     mgasps=16.382  triediffs=314.27MiB triedirty=0.00B
INFO [03-26|20:03:18.803] Chain head was updated                   number=64736 hash=f47186..bc1cb6 root=42439c..0b47b7 elapsed="63.129µs"
