INFO [03-26|20:07:54.784] Starting Geth on Ethereum mainnet...
INFO [03-26|20:07:54.785] Maximum peer count                       ETH=0 total=0
INFO [03-26|20:07:54.786] Smartcard socket not found, disabling    err="stat /run/pcscd/pcscd.comm: no such file or directory"
WARN [03-26|20:07:54.787] Option --miner.etherbase is deprecated as the etherbase is set by the consensus client post-merge
WARN [03-26|20:07:54.789] Snap sync requested, resetting --cache.snapshot
INFO [03-26|20:07:54.789] Global gas cap disabled
INFO [03-26|20:07:55.433] Using developer account                  address=0xf39Fd6e51aad88F6F4ce6aB8827279cffFb92266
INFO [03-26|20:07:55.599] Using pebble as the backing database
INFO [03-26|20:07:55.599] Allocated cache and file handles         database=/home/CPerezz/bintrie-benchmarks/mpt-vs-bintrie/dbs/mpt/geth/chaindata cache=16.00MiB handles=524,288
INFO [03-26|20:07:56.768] Opened ancient database                  database=/home/CPerezz/bintrie-benchmarks/mpt-vs-bintrie/dbs/mpt/geth/chaindata/ancient/chain readonly=true
INFO [03-26|20:07:56.768] Opened Era store                         datadir=/home/CPerezz/bintrie-benchmarks/mpt-vs-bintrie/dbs/mpt/geth/chaindata/ancient/chain/era
INFO [03-26|20:07:56.775] Initializing the KZG library             backend=gokzg
INFO [03-26|20:07:56.776] Allocated trie memory caches             clean=0.00B dirty=0.00B
INFO [03-26|20:07:56.853] Using pebble as the backing database
INFO [03-26|20:07:56.853] Allocated cache and file handles         database=/home/CPerezz/bintrie-benchmarks/mpt-vs-bintrie/dbs/mpt/geth/chaindata cache=16.00MiB handles=524,288
INFO [03-26|20:07:58.125] Opened ancient database                  database=/home/CPerezz/bintrie-benchmarks/mpt-vs-bintrie/dbs/mpt/geth/chaindata/ancient/chain readonly=false
INFO [03-26|20:07:58.125] Opened Era store                         datadir=/home/CPerezz/bintrie-benchmarks/mpt-vs-bintrie/dbs/mpt/geth/chaindata/ancient/chain/era
INFO [03-26|20:07:58.126] State scheme set to already existing     scheme=path
INFO [03-26|20:07:58.127] Initialising Ethereum protocol           network=1337 dbversion=9
INFO [03-26|20:07:58.127] Load database journal from file          path=/home/CPerezz/bintrie-benchmarks/mpt-vs-bintrie/dbs/mpt/geth/triedb/merkle.journal
INFO [03-26|20:08:00.104] Opened ancient database                  database=/home/CPerezz/bintrie-benchmarks/mpt-vs-bintrie/dbs/mpt/geth/chaindata/ancient/state readonly=false
INFO [03-26|20:08:00.105] Initialized path database                triecache=0.00B statecache=0.00B buffer=0.00B state-history="last 90000 blocks" journal-dir=/home/CPerezz/bintrie-benchmarks/mpt-vs-bintrie/dbs/mpt/geth/triedb
INFO [03-26|20:08:00.108] 
INFO [03-26|20:08:00.108] ---------------------------------------------------------------------------------------------------------------------------------------------------------
INFO [03-26|20:08:00.108] Chain ID:  1337 (unknown)
INFO [03-26|20:08:00.108] Consensus: unknown
INFO [03-26|20:08:00.108] 
INFO [03-26|20:08:00.108] Pre-Merge hard forks (block based):
INFO [03-26|20:08:00.108]  - Homestead:                   #0       
INFO [03-26|20:08:00.108]  - Tangerine Whistle (EIP 150): #0       
INFO [03-26|20:08:00.108]  - Spurious Dragon/1 (EIP 155): #0       
INFO [03-26|20:08:00.108]  - Spurious Dragon/2 (EIP 158): #0       
INFO [03-26|20:08:00.108]  - Byzantium:                   #0       
INFO [03-26|20:08:00.108]  - Constantinople:              #0       
INFO [03-26|20:08:00.108]  - Petersburg:                  #0       
INFO [03-26|20:08:00.108]  - Istanbul:                    #0       
INFO [03-26|20:08:00.108]  - Muir Glacier:                #0       
INFO [03-26|20:08:00.108]  - Berlin:                      #0       
INFO [03-26|20:08:00.108]  - London:                      #0       
INFO [03-26|20:08:00.108]  - Arrow Glacier:               #0       
INFO [03-26|20:08:00.108]  - Gray Glacier:                #0       
INFO [03-26|20:08:00.108] 
INFO [03-26|20:08:00.108] Merge configured:
INFO [03-26|20:08:00.108]  - Total terminal difficulty:  0
INFO [03-26|20:08:00.108]  - Merge netsplit block:       #0       
INFO [03-26|20:08:00.108] 
INFO [03-26|20:08:00.108] Post-Merge hard forks (timestamp based):
INFO [03-26|20:08:00.108]  - Shanghai:                    @0         
INFO [03-26|20:08:00.108]  - Cancun:                      @0          blob: (target: 3, max: 6, fraction: 3338477)
INFO [03-26|20:08:00.108]  - Prague:                      @0          blob: (target: 6, max: 9, fraction: 5225352)
INFO [03-26|20:08:00.108]  - Osaka:                       @4294967295 blob: (target: 9, max: 12, fraction: 5225352)
INFO [03-26|20:08:00.108] 
INFO [03-26|20:08:00.108] All fork specifications can be found at https://ethereum.github.io/execution-specs/src/ethereum/forks/
INFO [03-26|20:08:00.108] 
INFO [03-26|20:08:00.108] ---------------------------------------------------------------------------------------------------------------------------------------------------------
INFO [03-26|20:08:00.108] 
INFO [03-26|20:08:00.109] Loaded most recent local block           number=64760 hash=c34fae..6ed37f age=10s
INFO [03-26|20:08:00.109] Loaded most recent local finalized block number=64736 hash=f47186..bc1cb6 age=4m42s
INFO [03-26|20:08:00.109] Initialized transaction indexer          range="last 2350000 blocks"
INFO [03-26|20:08:00.110] Initialized log indexer                  firstblock=0 lastblock=64760 firstmap=0 lastmap=4 headindexed=true
INFO [03-26|20:08:00.115] Enabled full-sync                        head=64760 hash=c34fae..6ed37f
INFO [03-26|20:08:00.115] Unprotected transactions allowed
INFO [03-26|20:08:00.115] Gasprice oracle is ignoring threshold set threshold=2
INFO [03-26|20:08:00.116] Registered sync override service
WARN [03-26|20:08:00.116] You are running Geth in --dev mode. Please note the following:
WARN [03-26|20:08:00.116] 
WARN [03-26|20:08:00.116]   1. This mode is only intended for fast, iterative development without assumptions on
WARN [03-26|20:08:00.116]      security or persistence.
WARN [03-26|20:08:00.116]   2. The database is created in memory unless specified otherwise. Therefore, shutting down
WARN [03-26|20:08:00.116]      your computer or losing power will wipe your entire block data and chain state for
WARN [03-26|20:08:00.116]      your dev environment.
WARN [03-26|20:08:00.116]   3. A random, pre-allocated developer account will be available and unlocked as
WARN [03-26|20:08:00.116]      eth.coinbase, which can be used for testing. The random dev account is temporary,
WARN [03-26|20:08:00.116]      stored on a ramdisk, and will be lost if your machine is restarted.
WARN [03-26|20:08:00.116]   4. Mining is enabled by default. However, the client will only seal blocks if transactions
WARN [03-26|20:08:00.116]      are pending in the mempool. The miner's minimum accepted gas price is 1.
WARN [03-26|20:08:00.116]   5. Networking is disabled; there is no listen-address, the maximum number of peers is set
WARN [03-26|20:08:00.116]      to 0, and discovery is disabled.
WARN [03-26|20:08:00.116] 
INFO [03-26|20:08:00.116] Starting peer-to-peer node               instance=Geth/v1.17.2-unstable-5d0e18f7-20260325/linux-amd64/go1.24.1
WARN [03-26|20:08:00.116] P2P server will be useless, neither dialing nor listening
INFO [03-26|20:08:00.121] New local node record                    seq=1,774,465,406,189 id=9566f6e861acb2c3 ip=127.0.0.1 udp=0 tcp=0
INFO [03-26|20:08:00.121] Started P2P networking                   self=enode://7bcb27e0859fe4ed7072e298a58918cc0b55d08376b1207f77d84f6d0d34ded7448b64ab16dd00733b489383beff49c04f662afae4dd1dc102807640ff82a1cd@127.0.0.1:0
INFO [03-26|20:08:00.121] IPC endpoint opened                      url=/home/CPerezz/bintrie-benchmarks/mpt-vs-bintrie/dbs/mpt/geth.ipc
ERROR[03-26|20:08:00.121] Unavailable modules in HTTP API list     unavailable=[personal] available="[admin debug web3 eth txpool miner net dev testing]"
INFO [03-26|20:08:00.122] HTTP server started                      endpoint=[::]:8545 auth=false prefix= cors= vhosts=localhost
INFO [03-26|20:08:00.122] WebSocket enabled                        url=ws://[::]:8546
INFO [03-26|20:08:00.165] Loaded local transaction journal         transactions=921 dropped=0
INFO [03-26|20:08:01.741] Submitted contract creation              hash=0x88380fa2fdd84cdb356339be28f709d4bfa8389581a7508cb9a101e043b16010 from=0xf39Fd6e51aad88F6F4ce6aB8827279cffFb92266 nonce=640 contract=0x11632F9766Ee9d9317F95562a6bD529652ead78f value=0
INFO [03-26|20:08:01.743] Submitted transaction                    hash=0x62108411050f76755a18f23c35d6c072801547f2c1a69fe33ca67a285e104e0e from=0xf39Fd6e51aad88F6F4ce6aB8827279cffFb92266 nonce=641 recipient=0x1fEDF10e889Dc6994eC8fF1Db8b186E3a29D115D value=44,424,400,000,000
INFO [03-26|20:08:02.121] Started log indexer
INFO [03-26|20:08:02.124] Starting work on payload                 id=0x0385e2cf86728a85
INFO [03-26|20:08:02.129] Updated payload                          id=0x0385e2cf86728a85 number=64761 hash=a3ebb1..6568b5 txs=2 withdrawals=0 gas=90958 fees=4.040681809e-08 root=7581aa..519f45 elapsed=4.418ms
INFO [03-26|20:08:02.129] Stopping work on payload                 id=0x0385e2cf86728a85 reason=delivery
WARN [03-26|20:08:02.145] {"level":"warn","msg":"Slow block","block":{"number":64761,"hash":"0xa3ebb1ffcc6658ec1cf51b262a13558a69a78dfde4109b5bfb0c933edb6568b5","gas_used":90958,"tx_count":2},"timing":{"execution_ms":0.151029,"state_read_ms":0.08844,"state_hash_ms":1.078245,"commit_ms":14.639004,"total_ms":16.012068},"throughput":{"mgas_per_sec":5.6805904146797275},"state_reads":{"accounts":11,"storage_slots":0,"code":0,"code_bytes":0},"state_writes":{"accounts":3,"accounts_deleted":0,"storage_slots":0,"storage_slots_deleted":0,"code":1,"code_bytes":78},"cache":{"account":{"hits":4,"misses":7,"hit_rate":36.36363636363637},"storage":{"hits":0,"misses":0,"hit_rate":0},"code":{"hits":0,"misses":0,"hit_rate":0,"hit_bytes":0,"miss_bytes":0}}}
INFO [03-26|20:08:02.145] Imported new potential chain segment     number=64761 hash=a3ebb1..6568b5 blocks=1 txs=2 mgas=0.091 elapsed=16.346ms mgasps=5.564 triediffs=306.47MiB triedirty=0.00B
INFO [03-26|20:08:02.145] Ready for fork activation                fork=Osaka date="07 Feb 06 07:28 CET" remaining=700115h20m13s timestamp=4,294,967,295
INFO [03-26|20:08:02.146] Chain head was updated                   number=64761 hash=a3ebb1..6568b5 root=7581aa..519f45 elapsed="186.829µs"
INFO [03-26|20:08:02.758] Submitted transaction                    hash=0xa8bb6582800c90f242f5590aec5a372364fb5a22c409d90cf7abb1d8b6ffef7e from=0x1fEDF10e889Dc6994eC8fF1Db8b186E3a29D115D nonce=0   recipient=0x11632F9766Ee9d9317F95562a6bD529652ead78f value=0
INFO [03-26|20:08:12.151] Starting work on payload                 id=0x0354c5b47e4ae2e1
INFO [03-26|20:08:12.972] Updated payload                          id=0x0354c5b47e4ae2e1 number=64762 hash=c90314..55322a txs=1 withdrawals=0 gas=93,739,282 fees=4.164236368e-05 root=ed59d1..514707 elapsed=821.498ms
INFO [03-26|20:08:12.972] Stopping work on payload                 id=0x0354c5b47e4ae2e1 reason=delivery
WARN [03-26|20:08:13.929] {"level":"warn","msg":"Slow block","block":{"number":64762,"hash":"0xc90314388d6c78a6c0099e585a6f263667d58f1177847022dfd2ee7b8155322a","gas_used":93739282,"tx_count":1},"timing":{"execution_ms":44.468212,"state_read_ms":598.361582,"state_hash_ms":289.612307,"commit_ms":22.736228,"total_ms":955.25602},"throughput":{"mgas_per_sec":98.13000916759468},"state_reads":{"accounts":8,"storage_slots":4094,"code":2,"code_bytes":1422},"state_writes":{"accounts":3,"accounts_deleted":0,"storage_slots":4094,"storage_slots_deleted":0,"code":0,"code_bytes":0},"cache":{"account":{"hits":3,"misses":5,"hit_rate":37.5},"storage":{"hits":513,"misses":3581,"hit_rate":12.530532486565708},"code":{"hits":2,"misses":0,"hit_rate":100,"hit_bytes":1422,"miss_bytes":0}}}
INFO [03-26|20:08:13.929] Imported new potential chain segment     number=64762 hash=c90314..55322a blocks=1 txs=1 mgas=93.739 elapsed=956.493ms   mgasps=98.003 triediffs=314.24MiB triedirty=0.00B
INFO [03-26|20:08:13.931] Chain head was updated                   number=64762 hash=c90314..55322a root=ed59d1..514707 elapsed="88.56µs"
INFO [03-26|20:08:14.843] Submitted transaction                    hash=0xbdc7f583d14002aad2494aa7c1fa1adb21687b8483cf87d53493322d01089024 from=0x1fEDF10e889Dc6994eC8fF1Db8b186E3a29D115D nonce=1   recipient=0xf39Fd6e51aad88F6F4ce6aB8827279cffFb92266 value=2,776,621,698,192
INFO [03-26|20:08:23.933] Starting work on payload                 id=0x037b098735a83601
INFO [03-26|20:08:23.934] Updated payload                          id=0x037b098735a83601 number=64763 hash=4bf928..638c76 txs=1 withdrawals=0 gas=21000      fees=4.664415e-09    root=17e3f5..449a99 elapsed="760.186µs"
INFO [03-26|20:08:23.934] Stopping work on payload                 id=0x037b098735a83601 reason=delivery
WARN [03-26|20:08:23.935] {"level":"warn","msg":"Slow block","block":{"number":64763,"hash":"0x4bf928c476c06cb7051db49a5d732111a8fd29003185257899e48065b6638c76","gas_used":21000,"tx_count":1},"timing":{"execution_ms":0.067638,"state_read_ms":0.20343,"state_hash_ms":0.154978,"commit_ms":0.518597,"total_ms":0.997985},"throughput":{"mgas_per_sec":21.042400436880314},"state_reads":{"accounts":6,"storage_slots":0,"code":0,"code_bytes":0},"state_writes":{"accounts":2,"accounts_deleted":0,"storage_slots":0,"storage_slots_deleted":0,"code":0,"code_bytes":0},"cache":{"account":{"hits":1,"misses":5,"hit_rate":16.666666666666664},"storage":{"hits":0,"misses":0,"hit_rate":0},"code":{"hits":0,"misses":0,"hit_rate":0,"hit_bytes":0,"miss_bytes":0}}}
INFO [03-26|20:08:23.935] Imported new potential chain segment     number=64763 hash=4bf928..638c76 blocks=1 txs=1 mgas=0.021  elapsed=1.174ms     mgasps=17.876 triediffs=314.24MiB triedirty=0.00B
INFO [03-26|20:08:23.936] Chain head was updated                   number=64763 hash=4bf928..638c76 root=17e3f5..449a99 elapsed="57.619µs"
