INFO [03-26|19:51:30.409] Starting Geth on Ethereum mainnet...
INFO [03-26|19:51:30.411] Maximum peer count                       ETH=0 total=0
INFO [03-26|19:51:30.412] Smartcard socket not found, disabling    err="stat /run/pcscd/pcscd.comm: no such file or directory"
WARN [03-26|19:51:30.413] Option --miner.etherbase is deprecated as the etherbase is set by the consensus client post-merge
WARN [03-26|19:51:30.414] Snap sync requested, resetting --cache.snapshot
INFO [03-26|19:51:30.414] Global gas cap disabled
INFO [03-26|19:51:31.077] Using developer account                  address=0xf39Fd6e51aad88F6F4ce6aB8827279cffFb92266
INFO [03-26|19:51:31.244] Using pebble as the backing database
INFO [03-26|19:51:31.244] Allocated cache and file handles         database=/home/CPerezz/bintrie-benchmarks/mpt-vs-bintrie/dbs/mpt/geth/chaindata cache=16.00MiB handles=524,288
INFO [03-26|19:51:32.347] Opened ancient database                  database=/home/CPerezz/bintrie-benchmarks/mpt-vs-bintrie/dbs/mpt/geth/chaindata/ancient/chain readonly=true
INFO [03-26|19:51:32.347] Opened Era store                         datadir=/home/CPerezz/bintrie-benchmarks/mpt-vs-bintrie/dbs/mpt/geth/chaindata/ancient/chain/era
INFO [03-26|19:51:32.352] Initializing the KZG library             backend=gokzg
INFO [03-26|19:51:32.353] Allocated trie memory caches             clean=0.00B dirty=0.00B
INFO [03-26|19:51:32.432] Using pebble as the backing database
INFO [03-26|19:51:32.432] Allocated cache and file handles         database=/home/CPerezz/bintrie-benchmarks/mpt-vs-bintrie/dbs/mpt/geth/chaindata cache=16.00MiB handles=524,288
INFO [03-26|19:51:33.758] Opened ancient database                  database=/home/CPerezz/bintrie-benchmarks/mpt-vs-bintrie/dbs/mpt/geth/chaindata/ancient/chain readonly=false
INFO [03-26|19:51:33.758] Opened Era store                         datadir=/home/CPerezz/bintrie-benchmarks/mpt-vs-bintrie/dbs/mpt/geth/chaindata/ancient/chain/era
INFO [03-26|19:51:33.760] State scheme set to already existing     scheme=path
INFO [03-26|19:51:33.760] Initialising Ethereum protocol           network=1337 dbversion=9
INFO [03-26|19:51:33.763] Load database journal from file          path=/home/CPerezz/bintrie-benchmarks/mpt-vs-bintrie/dbs/mpt/geth/triedb/merkle.journal
INFO [03-26|19:51:35.617] Opened ancient database                  database=/home/CPerezz/bintrie-benchmarks/mpt-vs-bintrie/dbs/mpt/geth/chaindata/ancient/state readonly=false
INFO [03-26|19:51:35.619] Initialized path database                triecache=0.00B statecache=0.00B buffer=0.00B state-history="last 90000 blocks" journal-dir=/home/CPerezz/bintrie-benchmarks/mpt-vs-bintrie/dbs/mpt/geth/triedb
INFO [03-26|19:51:35.619] 
INFO [03-26|19:51:35.619] ---------------------------------------------------------------------------------------------------------------------------------------------------------
INFO [03-26|19:51:35.619] Chain ID:  1337 (unknown)
INFO [03-26|19:51:35.619] Consensus: unknown
INFO [03-26|19:51:35.619] 
INFO [03-26|19:51:35.619] Pre-Merge hard forks (block based):
INFO [03-26|19:51:35.619]  - Homestead:                   #0       
INFO [03-26|19:51:35.619]  - Tangerine Whistle (EIP 150): #0       
INFO [03-26|19:51:35.619]  - Spurious Dragon/1 (EIP 155): #0       
INFO [03-26|19:51:35.619]  - Spurious Dragon/2 (EIP 158): #0       
INFO [03-26|19:51:35.619]  - Byzantium:                   #0       
INFO [03-26|19:51:35.619]  - Constantinople:              #0       
INFO [03-26|19:51:35.619]  - Petersburg:                  #0       
INFO [03-26|19:51:35.619]  - Istanbul:                    #0       
INFO [03-26|19:51:35.619]  - Muir Glacier:                #0       
INFO [03-26|19:51:35.619]  - Berlin:                      #0       
INFO [03-26|19:51:35.619]  - London:                      #0       
INFO [03-26|19:51:35.619]  - Arrow Glacier:               #0       
INFO [03-26|19:51:35.619]  - Gray Glacier:                #0       
INFO [03-26|19:51:35.619] 
INFO [03-26|19:51:35.619] Merge configured:
INFO [03-26|19:51:35.619]  - Total terminal difficulty:  0
INFO [03-26|19:51:35.619]  - Merge netsplit block:       #0       
INFO [03-26|19:51:35.619] 
INFO [03-26|19:51:35.619] Post-Merge hard forks (timestamp based):
INFO [03-26|19:51:35.619]  - Shanghai:                    @0         
INFO [03-26|19:51:35.619]  - Cancun:                      @0          blob: (target: 3, max: 6, fraction: 3338477)
INFO [03-26|19:51:35.619]  - Prague:                      @0          blob: (target: 6, max: 9, fraction: 5225352)
INFO [03-26|19:51:35.619]  - Osaka:                       @4294967295 blob: (target: 9, max: 12, fraction: 5225352)
INFO [03-26|19:51:35.619] 
INFO [03-26|19:51:35.619] All fork specifications can be found at https://ethereum.github.io/execution-specs/src/ethereum/forks/
INFO [03-26|19:51:35.619] 
INFO [03-26|19:51:35.619] ---------------------------------------------------------------------------------------------------------------------------------------------------------
INFO [03-26|19:51:35.619] 
INFO [03-26|19:51:35.620] Loaded most recent local block           number=64673 hash=f2d3bf..761ff4 age=10s
INFO [03-26|19:51:35.620] Loaded most recent local finalized block number=64672 hash=98967e..d2d907 age=21s
INFO [03-26|19:51:35.620] Initialized transaction indexer          range="last 2350000 blocks"
INFO [03-26|19:51:35.620] Initialized log indexer                  firstblock=0 lastblock=64673 firstmap=0 lastmap=4 headindexed=true
INFO [03-26|19:51:35.621] Enabled full-sync                        head=64673 hash=f2d3bf..761ff4
INFO [03-26|19:51:35.621] Unprotected transactions allowed
INFO [03-26|19:51:35.621] Gasprice oracle is ignoring threshold set threshold=2
INFO [03-26|19:51:35.622] Registered sync override service
WARN [03-26|19:51:35.622] You are running Geth in --dev mode. Please note the following:
WARN [03-26|19:51:35.622] 
WARN [03-26|19:51:35.622]   1. This mode is only intended for fast, iterative development without assumptions on
WARN [03-26|19:51:35.622]      security or persistence.
WARN [03-26|19:51:35.622]   2. The database is created in memory unless specified otherwise. Therefore, shutting down
WARN [03-26|19:51:35.622]      your computer or losing power will wipe your entire block data and chain state for
WARN [03-26|19:51:35.622]      your dev environment.
WARN [03-26|19:51:35.622]   3. A random, pre-allocated developer account will be available and unlocked as
WARN [03-26|19:51:35.622]      eth.coinbase, which can be used for testing. The random dev account is temporary,
WARN [03-26|19:51:35.622]      stored on a ramdisk, and will be lost if your machine is restarted.
WARN [03-26|19:51:35.622]   4. Mining is enabled by default. However, the client will only seal blocks if transactions
WARN [03-26|19:51:35.622]      are pending in the mempool. The miner's minimum accepted gas price is 1.
WARN [03-26|19:51:35.622]   5. Networking is disabled; there is no listen-address, the maximum number of peers is set
WARN [03-26|19:51:35.622]      to 0, and discovery is disabled.
WARN [03-26|19:51:35.622] 
INFO [03-26|19:51:35.622] Starting peer-to-peer node               instance=Geth/v1.17.2-unstable-5d0e18f7-20260325/linux-amd64/go1.24.1
WARN [03-26|19:51:35.622] P2P server will be useless, neither dialing nor listening
INFO [03-26|19:51:35.625] IPC endpoint opened                      url=/home/CPerezz/bintrie-benchmarks/mpt-vs-bintrie/dbs/mpt/geth.ipc
ERROR[03-26|19:51:35.625] Unavailable modules in HTTP API list     unavailable=[personal] available="[admin debug web3 eth txpool miner net dev testing]"
INFO [03-26|19:51:35.625] HTTP server started                      endpoint=[::]:8545 auth=false prefix= cors= vhosts=localhost
INFO [03-26|19:51:35.625] WebSocket enabled                        url=ws://[::]:8546
INFO [03-26|19:51:35.626] New local node record                    seq=1,774,465,406,160 id=9566f6e861acb2c3 ip=127.0.0.1 udp=0 tcp=0
INFO [03-26|19:51:35.626] Started P2P networking                   self=enode://7bcb27e0859fe4ed7072e298a58918cc0b55d08376b1207f77d84f6d0d34ded7448b64ab16dd00733b489383beff49c04f662afae4dd1dc102807640ff82a1cd@127.0.0.1:0
INFO [03-26|19:51:35.663] Loaded local transaction journal         transactions=805 dropped=0
INFO [03-26|19:51:37.369] Submitted contract creation              hash=0xa480b703b224dd608e13588511056601fbf8a21da2e3ffbd20962743e098bb3b from=0xf39Fd6e51aad88F6F4ce6aB8827279cffFb92266 nonce=582 contract=0xd6096fbEd8bCc461d06b0C468C8b1cF7d45dC92d value=0
INFO [03-26|19:51:37.371] Submitted transaction                    hash=0x4608df88548f4d680f21d75616c39d488d22600735e27b4a0b895be44d4a0566 from=0xf39Fd6e51aad88F6F4ce6aB8827279cffFb92266 nonce=583 recipient=0x124caABfbdEF074510e6334ceaD2297025015bf6 value=3,937,600,000,000
INFO [03-26|19:51:37.590] Started log indexer
INFO [03-26|19:51:37.595] Starting work on payload                 id=0x03db353ab315442f
INFO [03-26|19:51:37.603] Updated payload                          id=0x03db353ab315442f number=64674 hash=24b744..b1bbc0 txs=2 withdrawals=0 gas=90958 fees=3.580834544e-09 root=b3512f..80b839 elapsed=7.119ms
INFO [03-26|19:51:37.603] Stopping work on payload                 id=0x03db353ab315442f reason=delivery
WARN [03-26|19:51:37.610] {"level":"warn","msg":"Slow block","block":{"number":64674,"hash":"0x24b74456600dda8e18ec258fcc358c16f71c10f38b3220e02c4166a9e0b1bbc0","gas_used":90958,"tx_count":2},"timing":{"execution_ms":0.16725,"state_read_ms":0.311047,"state_hash_ms":0.309619,"commit_ms":6.054433,"total_ms":6.96118},"throughput":{"mgas_per_sec":13.06646286980081},"state_reads":{"accounts":11,"storage_slots":0,"code":0,"code_bytes":0},"state_writes":{"accounts":3,"accounts_deleted":0,"storage_slots":0,"storage_slots_deleted":0,"code":1,"code_bytes":78},"cache":{"account":{"hits":5,"misses":6,"hit_rate":45.45454545454545},"storage":{"hits":0,"misses":0,"hit_rate":0},"code":{"hits":0,"misses":0,"hit_rate":0,"hit_bytes":0,"miss_bytes":0}}}
INFO [03-26|19:51:37.610] Imported new potential chain segment     number=64674 hash=24b744..b1bbc0 blocks=1 txs=2 mgas=0.091 elapsed=7.297ms mgasps=12.464 triediffs=306.49MiB triedirty=0.00B
INFO [03-26|19:51:37.610] Ready for fork activation                fork=Osaka date="07 Feb 06 07:28 CET" remaining=700115h36m37s timestamp=4,294,967,295
INFO [03-26|19:51:37.610] Chain head was updated                   number=64674 hash=24b744..b1bbc0 root=b3512f..80b839 elapsed="105.869µs"
INFO [03-26|19:51:38.385] Submitted transaction                    hash=0x35c4333bbc0e9f628b567941c3fe0d8dbb1a2683510073e55960a3f4dfe03488 from=0x124caABfbdEF074510e6334ceaD2297025015bf6 nonce=0   recipient=0xd6096fbEd8bCc461d06b0C468C8b1cF7d45dC92d value=0
INFO [03-26|19:51:47.617] Starting work on payload                 id=0x0373272a1be899d2
INFO [03-26|19:51:48.464] Updated payload                          id=0x0373272a1be899d2 number=64675 hash=083661..743e6a txs=1 withdrawals=0 gas=93,739,282 fees=3.690328054e-06 root=a3f1e7..acd136 elapsed=847.701ms
INFO [03-26|19:51:48.465] Stopping work on payload                 id=0x0373272a1be899d2 reason=delivery
WARN [03-26|19:51:49.378] {"level":"warn","msg":"Slow block","block":{"number":64675,"hash":"0x083661014e0ea6703a05b50d1c9dff23419d724502ba7bcabd6b911689743e6a","gas_used":93739282,"tx_count":1},"timing":{"execution_ms":40.458516,"state_read_ms":568.973616,"state_hash_ms":280.545766,"commit_ms":21.182846,"total_ms":911.238155},"throughput":{"mgas_per_sec":102.87023374257194},"state_reads":{"accounts":8,"storage_slots":4094,"code":2,"code_bytes":1422},"state_writes":{"accounts":3,"accounts_deleted":0,"storage_slots":4094,"storage_slots_deleted":0,"code":0,"code_bytes":0},"cache":{"account":{"hits":3,"misses":5,"hit_rate":37.5},"storage":{"hits":600,"misses":3494,"hit_rate":14.655593551538837},"code":{"hits":2,"misses":0,"hit_rate":100,"hit_bytes":1422,"miss_bytes":0}}}
INFO [03-26|19:51:49.378] Imported new potential chain segment     number=64675 hash=083661..743e6a blocks=1 txs=1 mgas=93.739 elapsed=913.263ms   mgasps=102.642 triediffs=314.26MiB triedirty=0.00B
INFO [03-26|19:51:49.380] Chain head was updated                   number=64675 hash=083661..743e6a root=a3f1e7..acd136 elapsed="93.4µs"
INFO [03-26|19:51:49.475] Submitted transaction                    hash=0x2c6c0a572470768d97eabcb6889a57473bcd67b231c911c4bc4c304d2eaf3e4a from=0x124caABfbdEF074510e6334ceaD2297025015bf6 nonce=1   recipient=0xf39Fd6e51aad88F6F4ce6aB8827279cffFb92266 value=246,108,436,968
INFO [03-26|19:51:59.383] Starting work on payload                 id=0x03f4f2f9bd0ab80d
INFO [03-26|19:51:59.384] Updated payload                          id=0x03f4f2f9bd0ab80d number=64676 hash=0b63b8..a123b8 txs=1 withdrawals=0 gas=21000      fees=4.13301e-10     root=fbecc7..1f297c elapsed="807.396µs"
INFO [03-26|19:51:59.384] Stopping work on payload                 id=0x03f4f2f9bd0ab80d reason=delivery
WARN [03-26|19:51:59.386] {"level":"warn","msg":"Slow block","block":{"number":64676,"hash":"0x0b63b829cab4f9f9a1c9c4315d8ffa795717fa5f24324ec8690af744c1a123b8","gas_used":21000,"tx_count":1},"timing":{"execution_ms":0.06635,"state_read_ms":0.660226,"state_hash_ms":0.09591,"commit_ms":0.624226,"total_ms":1.514183},"throughput":{"mgas_per_sec":13.868865256048972},"state_reads":{"accounts":6,"storage_slots":0,"code":0,"code_bytes":0},"state_writes":{"accounts":2,"accounts_deleted":0,"storage_slots":0,"storage_slots_deleted":0,"code":0,"code_bytes":0},"cache":{"account":{"hits":2,"misses":4,"hit_rate":33.33333333333333},"storage":{"hits":0,"misses":0,"hit_rate":0},"code":{"hits":0,"misses":0,"hit_rate":0,"hit_bytes":0,"miss_bytes":0}}}
INFO [03-26|19:51:59.386] Imported new potential chain segment     number=64676 hash=0b63b8..a123b8 blocks=1 txs=1 mgas=0.021  elapsed=1.693ms     mgasps=12.400  triediffs=314.26MiB triedirty=0.00B
INFO [03-26|19:51:59.387] Chain head was updated                   number=64676 hash=0b63b8..a123b8 root=fbecc7..1f297c elapsed="69.309µs"
