INFO [03-26|18:16:50.192] Starting Geth on Ethereum mainnet...
INFO [03-26|18:16:50.193] Maximum peer count                       ETH=0 total=0
INFO [03-26|18:16:50.194] Smartcard socket not found, disabling    err="stat /run/pcscd/pcscd.comm: no such file or directory"
WARN [03-26|18:16:50.196] Option --miner.etherbase is deprecated as the etherbase is set by the consensus client post-merge
WARN [03-26|18:16:50.197] Snap sync requested, resetting --cache.snapshot
INFO [03-26|18:16:50.197] Global gas cap disabled
INFO [03-26|18:16:50.841] Using developer account                  address=0xf39Fd6e51aad88F6F4ce6aB8827279cffFb92266
INFO [03-26|18:16:51.085] Using pebble as the backing database
INFO [03-26|18:16:51.085] Allocated cache and file handles         database=/home/CPerezz/bintrie-benchmarks/mpt-vs-bintrie/dbs/mpt/geth/chaindata cache=16.00MiB handles=524,288
INFO [03-26|18:16:53.293] Opened ancient database                  database=/home/CPerezz/bintrie-benchmarks/mpt-vs-bintrie/dbs/mpt/geth/chaindata/ancient/chain readonly=true
INFO [03-26|18:16:53.293] Opened Era store                         datadir=/home/CPerezz/bintrie-benchmarks/mpt-vs-bintrie/dbs/mpt/geth/chaindata/ancient/chain/era
INFO [03-26|18:16:53.302] Initializing the KZG library             backend=gokzg
INFO [03-26|18:16:53.304] Allocated trie memory caches             clean=0.00B dirty=0.00B
INFO [03-26|18:16:53.383] Using pebble as the backing database
INFO [03-26|18:16:53.383] Allocated cache and file handles         database=/home/CPerezz/bintrie-benchmarks/mpt-vs-bintrie/dbs/mpt/geth/chaindata cache=16.00MiB handles=524,288
INFO [03-26|18:16:54.694] Opened ancient database                  database=/home/CPerezz/bintrie-benchmarks/mpt-vs-bintrie/dbs/mpt/geth/chaindata/ancient/chain readonly=false
INFO [03-26|18:16:54.694] Opened Era store                         datadir=/home/CPerezz/bintrie-benchmarks/mpt-vs-bintrie/dbs/mpt/geth/chaindata/ancient/chain/era
INFO [03-26|18:16:54.695] State scheme set to already existing     scheme=path
INFO [03-26|18:16:54.697] Initialising Ethereum protocol           network=1337 dbversion=9
INFO [03-26|18:16:54.698] Load database journal from file          path=/home/CPerezz/bintrie-benchmarks/mpt-vs-bintrie/dbs/mpt/geth/triedb/merkle.journal
INFO [03-26|18:16:54.713] Opened ancient database                  database=/home/CPerezz/bintrie-benchmarks/mpt-vs-bintrie/dbs/mpt/geth/chaindata/ancient/state readonly=false
INFO [03-26|18:16:54.714] Initialized path database                triecache=0.00B statecache=0.00B buffer=0.00B state-history="last 90000 blocks" journal-dir=/home/CPerezz/bintrie-benchmarks/mpt-vs-bintrie/dbs/mpt/geth/triedb
INFO [03-26|18:16:54.714] 
INFO [03-26|18:16:54.714] ---------------------------------------------------------------------------------------------------------------------------------------------------------
INFO [03-26|18:16:54.715] Chain ID:  1337 (unknown)
INFO [03-26|18:16:54.715] Consensus: unknown
INFO [03-26|18:16:54.715] 
INFO [03-26|18:16:54.715] Pre-Merge hard forks (block based):
INFO [03-26|18:16:54.715]  - Homestead:                   #0       
INFO [03-26|18:16:54.715]  - Tangerine Whistle (EIP 150): #0       
INFO [03-26|18:16:54.715]  - Spurious Dragon/1 (EIP 155): #0       
INFO [03-26|18:16:54.715]  - Spurious Dragon/2 (EIP 158): #0       
INFO [03-26|18:16:54.715]  - Byzantium:                   #0       
INFO [03-26|18:16:54.715]  - Constantinople:              #0       
INFO [03-26|18:16:54.715]  - Petersburg:                  #0       
INFO [03-26|18:16:54.715]  - Istanbul:                    #0       
INFO [03-26|18:16:54.715]  - Muir Glacier:                #0       
INFO [03-26|18:16:54.715]  - Berlin:                      #0       
INFO [03-26|18:16:54.715]  - London:                      #0       
INFO [03-26|18:16:54.715]  - Arrow Glacier:               #0       
INFO [03-26|18:16:54.715]  - Gray Glacier:                #0       
INFO [03-26|18:16:54.715] 
INFO [03-26|18:16:54.715] Merge configured:
INFO [03-26|18:16:54.715]  - Total terminal difficulty:  0
INFO [03-26|18:16:54.715]  - Merge netsplit block:       #0       
INFO [03-26|18:16:54.715] 
INFO [03-26|18:16:54.715] Post-Merge hard forks (timestamp based):
INFO [03-26|18:16:54.715]  - Shanghai:                    @0         
INFO [03-26|18:16:54.715]  - Cancun:                      @0          blob: (target: 3, max: 6, fraction: 3338477)
INFO [03-26|18:16:54.715]  - Prague:                      @0          blob: (target: 6, max: 9, fraction: 5225352)
INFO [03-26|18:16:54.715]  - Osaka:                       @4294967295 blob: (target: 9, max: 12, fraction: 5225352)
INFO [03-26|18:16:54.715] 
INFO [03-26|18:16:54.715] All fork specifications can be found at https://ethereum.github.io/execution-specs/src/ethereum/forks/
INFO [03-26|18:16:54.715] 
INFO [03-26|18:16:54.715] ---------------------------------------------------------------------------------------------------------------------------------------------------------
INFO [03-26|18:16:54.715] 
INFO [03-26|18:16:54.715] Loaded most recent local block           number=64194 hash=dc8f57..a57405 age=20s
INFO [03-26|18:16:54.715] Loaded most recent local finalized block number=64192 hash=77ddfb..528a26 age=40s
INFO [03-26|18:16:54.716] Initialized transaction indexer          range="last 2350000 blocks"
INFO [03-26|18:16:54.716] Initialized log indexer                  firstblock=0 lastblock=64194 firstmap=0 lastmap=4 headindexed=true
INFO [03-26|18:16:54.725] Enabled full-sync                        head=64194 hash=dc8f57..a57405
INFO [03-26|18:16:54.726] Unprotected transactions allowed
INFO [03-26|18:16:54.726] Gasprice oracle is ignoring threshold set threshold=2
INFO [03-26|18:16:54.726] Registered sync override service
WARN [03-26|18:16:54.726] You are running Geth in --dev mode. Please note the following:
WARN [03-26|18:16:54.726] 
WARN [03-26|18:16:54.726]   1. This mode is only intended for fast, iterative development without assumptions on
WARN [03-26|18:16:54.726]      security or persistence.
WARN [03-26|18:16:54.726]   2. The database is created in memory unless specified otherwise. Therefore, shutting down
WARN [03-26|18:16:54.726]      your computer or losing power will wipe your entire block data and chain state for
WARN [03-26|18:16:54.726]      your dev environment.
WARN [03-26|18:16:54.726]   3. A random, pre-allocated developer account will be available and unlocked as
WARN [03-26|18:16:54.726]      eth.coinbase, which can be used for testing. The random dev account is temporary,
WARN [03-26|18:16:54.726]      stored on a ramdisk, and will be lost if your machine is restarted.
WARN [03-26|18:16:54.726]   4. Mining is enabled by default. However, the client will only seal blocks if transactions
WARN [03-26|18:16:54.726]      are pending in the mempool. The miner's minimum accepted gas price is 1.
WARN [03-26|18:16:54.726]   5. Networking is disabled; there is no listen-address, the maximum number of peers is set
WARN [03-26|18:16:54.726]      to 0, and discovery is disabled.
WARN [03-26|18:16:54.726] 
INFO [03-26|18:16:54.726] Starting peer-to-peer node               instance=Geth/v1.17.2-unstable-5d0e18f7-20260325/linux-amd64/go1.24.1
WARN [03-26|18:16:54.727] P2P server will be useless, neither dialing nor listening
INFO [03-26|18:16:54.732] IPC endpoint opened                      url=/home/CPerezz/bintrie-benchmarks/mpt-vs-bintrie/dbs/mpt/geth.ipc
ERROR[03-26|18:16:54.732] Unavailable modules in HTTP API list     unavailable=[personal] available="[admin debug web3 eth txpool miner net dev testing]"
INFO [03-26|18:16:54.733] HTTP server started                      endpoint=[::]:8545 auth=false prefix= cors= vhosts=localhost
INFO [03-26|18:16:54.733] WebSocket enabled                        url=ws://[::]:8546
INFO [03-26|18:16:54.733] New local node record                    seq=1,774,465,405,980 id=9566f6e861acb2c3 ip=127.0.0.1 udp=0 tcp=0
INFO [03-26|18:16:54.733] Started P2P networking                   self=enode://7bcb27e0859fe4ed7072e298a58918cc0b55d08376b1207f77d84f6d0d34ded7448b64ab16dd00733b489383beff49c04f662afae4dd1dc102807640ff82a1cd@127.0.0.1:0
INFO [03-26|18:16:54.743] Loaded local transaction journal         transactions=216 dropped=0
INFO [03-26|18:16:55.833] Started log indexer
INFO [03-26|18:16:55.841] Starting work on payload                 id=0x037ede7ca4306760
INFO [03-26|18:16:55.842] Updated payload                          id=0x037ede7ca4306760 number=64195 hash=b1dc93..1cc1d2 txs=0 withdrawals=0 gas=0 fees=0 root=5d9625..cc96df elapsed="345.748µs"
INFO [03-26|18:16:55.842] Stopping work on payload                 id=0x037ede7ca4306760 reason=delivery
WARN [03-26|18:16:55.847] {"level":"warn","msg":"Slow block","block":{"number":64195,"hash":"0xb1dc939dabf67b1d7d70bbf1626315331ad9cc3f2183d563b6628f46471cc1d2","gas_used":0,"tx_count":0},"timing":{"execution_ms":0.031831,"state_read_ms":0.541386,"state_hash_ms":0.00772,"commit_ms":0.104769,"total_ms":0.795537},"throughput":{"mgas_per_sec":0},"state_reads":{"accounts":4,"storage_slots":0,"code":0,"code_bytes":0},"state_writes":{"accounts":0,"accounts_deleted":0,"storage_slots":0,"storage_slots_deleted":0,"code":0,"code_bytes":0},"cache":{"account":{"hits":0,"misses":4,"hit_rate":0},"storage":{"hits":0,"misses":0,"hit_rate":0},"code":{"hits":0,"misses":0,"hit_rate":0,"hit_bytes":0,"miss_bytes":0}}}
INFO [03-26|18:16:55.847] Imported new potential chain segment     number=64195 hash=b1dc93..1cc1d2 blocks=1 txs=0 mgas=0.000 elapsed=4.259ms     mgasps=0.000 triediffs=1.20MiB triedirty=0.00B
INFO [03-26|18:16:55.847] Ready for fork activation                fork=Osaka date="07 Feb 06 07:28 CET" remaining=700117h11m19s timestamp=4,294,967,295
INFO [03-26|18:16:55.847] Chain head was updated                   number=64195 hash=b1dc93..1cc1d2 root=5d9625..cc96df elapsed="48.09µs"
INFO [03-26|18:16:56.472] Submitted contract creation              hash=0xb53cfd2054eeac77c442ef424644a3c33fdc6e3d1184b0981b2e60e76937d8f9 from=0xf39Fd6e51aad88F6F4ce6aB8827279cffFb92266 nonce=222 contract=0x359570B3a0437805D0a71457D61AD26a28cAC9A2 value=0
INFO [03-26|18:16:56.474] Submitted transaction                    hash=0x81580e307821b07f7497a9eabad21bfcc0ed5261fef80bc229ba7a0bf8303e17 from=0xf39Fd6e51aad88F6F4ce6aB8827279cffFb92266 nonce=223 recipient=0x0BC5fa43117464CF76e816014f1608Efb479c54a value=1,600,000,000
INFO [03-26|18:17:05.851] Starting work on payload                 id=0x03bd5c2309638e1d
INFO [03-26|18:17:05.858] Updated payload                          id=0x03bd5c2309638e1d number=64196 hash=e01ddf..b69285 txs=2 withdrawals=0 gas=89662 fees=7.17296e-13 root=348e0a..836b68 elapsed=6.423ms
INFO [03-26|18:17:05.858] Stopping work on payload                 id=0x03bd5c2309638e1d reason=delivery
WARN [03-26|18:17:05.862] {"level":"warn","msg":"Slow block","block":{"number":64196,"hash":"0xe01ddf332d50a91b8b26f64301f5b039a8aea911404fc19e5ba70d39f6b69285","gas_used":89662,"tx_count":2},"timing":{"execution_ms":0.04362,"state_read_ms":0.080019,"state_hash_ms":1.106654,"commit_ms":1.72613,"total_ms":2.994624},"throughput":{"mgas_per_sec":29.940987583082215},"state_reads":{"accounts":11,"storage_slots":0,"code":0,"code_bytes":0},"state_writes":{"accounts":3,"accounts_deleted":0,"storage_slots":0,"storage_slots_deleted":0,"code":1,"code_bytes":72},"cache":{"account":{"hits":4,"misses":7,"hit_rate":36.36363636363637},"storage":{"hits":0,"misses":0,"hit_rate":0},"code":{"hits":0,"misses":0,"hit_rate":0,"hit_bytes":0,"miss_bytes":0}}}
INFO [03-26|18:17:05.862] Imported new potential chain segment     number=64196 hash=e01ddf..b69285 blocks=1 txs=2 mgas=0.090 elapsed=3.131ms     mgasps=28.630 triediffs=1.20MiB triedirty=0.00B
INFO [03-26|18:17:05.862] Chain head was updated                   number=64196 hash=e01ddf..b69285 root=348e0a..836b68 elapsed="218.688µs"
INFO [03-26|18:17:06.560] Submitted transaction                    hash=0x014b0843cba8f977e8ab278143c1a0bb89ea779e3a362fc6a3e68ce59960905d from=0x0BC5fa43117464CF76e816014f1608Efb479c54a nonce=0   recipient=0x359570B3a0437805D0a71457D61AD26a28cAC9A2 value=0
INFO [03-26|18:17:15.864] Starting work on payload                 id=0x03e99d244b4210d1
WARN [03-26|18:17:23.178] Block building is interrupted            allowance=2s
INFO [03-26|18:17:23.179] Updated payload                          id=0x03e99d244b4210d1 number=64197 hash=750c08..1c0cba txs=1 withdrawals=0 gas=100,000,000 fees=8e-10       root=6c827f..61ce25 elapsed=7.314s
WARN [03-26|18:17:28.218] {"level":"warn","msg":"Slow block","block":{"number":64197,"hash":"0x750c088cfc5fcfbaadd0128765d2b7d51fc120a30a9df985aaf88352011c0cba","gas_used":100000000,"tx_count":1},"timing":{"execution_ms":285.454619,"state_read_ms":4727.244785,"state_hash_ms":0.07074,"commit_ms":24.417453,"total_ms":5037.287658},"throughput":{"mgas_per_sec":19.851953429974238},"state_reads":{"accounts":8,"storage_slots":36742,"code":2,"code_bytes":1416},"state_writes":{"accounts":2,"accounts_deleted":0,"storage_slots":0,"storage_slots_deleted":0,"code":0,"code_bytes":0},"cache":{"account":{"hits":4,"misses":4,"hit_rate":50},"storage":{"hits":2514,"misses":34228,"hit_rate":6.842305808067062},"code":{"hits":2,"misses":0,"hit_rate":100,"hit_bytes":1416,"miss_bytes":0}}}
INFO [03-26|18:17:28.218] Imported new potential chain segment     number=64197 hash=750c08..1c0cba blocks=1 txs=1 mgas=100.000 elapsed=5.038s      mgasps=19.847 triediffs=1.20MiB triedirty=0.00B
INFO [03-26|18:17:28.219] Chain head was updated                   number=64197 hash=750c08..1c0cba root=6c827f..61ce25 elapsed="50.29µs"
WARN [03-26|18:17:28.241] Block building is interrupted            allowance=2s
INFO [03-26|18:17:28.242] Stopping work on payload                 id=0x03e99d244b4210d1 reason=timeout
