INFO [03-26|18:01:25.333] Starting Geth on Ethereum mainnet...
INFO [03-26|18:01:25.335] Maximum peer count                       ETH=0 total=0
INFO [03-26|18:01:25.337] Smartcard socket not found, disabling    err="stat /run/pcscd/pcscd.comm: no such file or directory"
WARN [03-26|18:01:25.339] Option --miner.etherbase is deprecated as the etherbase is set by the consensus client post-merge
WARN [03-26|18:01:25.342] Snap sync requested, resetting --cache.snapshot
INFO [03-26|18:01:25.342] Global gas cap disabled
INFO [03-26|18:01:25.980] Using developer account                  address=0xf39Fd6e51aad88F6F4ce6aB8827279cffFb92266
INFO [03-26|18:01:26.221] Using pebble as the backing database
INFO [03-26|18:01:26.221] Allocated cache and file handles         database=/home/CPerezz/bintrie-benchmarks/mpt-vs-bintrie/dbs/mpt/geth/chaindata cache=16.00MiB handles=524,288
INFO [03-26|18:01:28.438] Opened ancient database                  database=/home/CPerezz/bintrie-benchmarks/mpt-vs-bintrie/dbs/mpt/geth/chaindata/ancient/chain readonly=true
INFO [03-26|18:01:28.438] Opened Era store                         datadir=/home/CPerezz/bintrie-benchmarks/mpt-vs-bintrie/dbs/mpt/geth/chaindata/ancient/chain/era
INFO [03-26|18:01:28.443] Initializing the KZG library             backend=gokzg
INFO [03-26|18:01:28.444] Allocated trie memory caches             clean=0.00B dirty=0.00B
INFO [03-26|18:01:28.541] Using pebble as the backing database
INFO [03-26|18:01:28.541] Allocated cache and file handles         database=/home/CPerezz/bintrie-benchmarks/mpt-vs-bintrie/dbs/mpt/geth/chaindata cache=16.00MiB handles=524,288
INFO [03-26|18:01:29.889] Opened ancient database                  database=/home/CPerezz/bintrie-benchmarks/mpt-vs-bintrie/dbs/mpt/geth/chaindata/ancient/chain readonly=false
INFO [03-26|18:01:29.889] Opened Era store                         datadir=/home/CPerezz/bintrie-benchmarks/mpt-vs-bintrie/dbs/mpt/geth/chaindata/ancient/chain/era
INFO [03-26|18:01:29.890] State scheme set to already existing     scheme=path
INFO [03-26|18:01:29.892] Initialising Ethereum protocol           network=1337 dbversion=9
INFO [03-26|18:01:29.893] Load database journal from file          path=/home/CPerezz/bintrie-benchmarks/mpt-vs-bintrie/dbs/mpt/geth/triedb/merkle.journal
INFO [03-26|18:01:30.470] Opened ancient database                  database=/home/CPerezz/bintrie-benchmarks/mpt-vs-bintrie/dbs/mpt/geth/chaindata/ancient/state readonly=false
INFO [03-26|18:01:30.471] Initialized path database                triecache=0.00B statecache=0.00B buffer=0.00B state-history="last 90000 blocks" journal-dir=/home/CPerezz/bintrie-benchmarks/mpt-vs-bintrie/dbs/mpt/geth/triedb
INFO [03-26|18:01:30.471] 
INFO [03-26|18:01:30.471] ---------------------------------------------------------------------------------------------------------------------------------------------------------
INFO [03-26|18:01:30.471] Chain ID:  1337 (unknown)
INFO [03-26|18:01:30.471] Consensus: unknown
INFO [03-26|18:01:30.471] 
INFO [03-26|18:01:30.471] Pre-Merge hard forks (block based):
INFO [03-26|18:01:30.471]  - Homestead:                   #0       
INFO [03-26|18:01:30.471]  - Tangerine Whistle (EIP 150): #0       
INFO [03-26|18:01:30.471]  - Spurious Dragon/1 (EIP 155): #0       
INFO [03-26|18:01:30.471]  - Spurious Dragon/2 (EIP 158): #0       
INFO [03-26|18:01:30.471]  - Byzantium:                   #0       
INFO [03-26|18:01:30.471]  - Constantinople:              #0       
INFO [03-26|18:01:30.471]  - Petersburg:                  #0       
INFO [03-26|18:01:30.471]  - Istanbul:                    #0       
INFO [03-26|18:01:30.471]  - Muir Glacier:                #0       
INFO [03-26|18:01:30.471]  - Berlin:                      #0       
INFO [03-26|18:01:30.471]  - London:                      #0       
INFO [03-26|18:01:30.471]  - Arrow Glacier:               #0       
INFO [03-26|18:01:30.471]  - Gray Glacier:                #0       
INFO [03-26|18:01:30.471] 
INFO [03-26|18:01:30.471] Merge configured:
INFO [03-26|18:01:30.471]  - Total terminal difficulty:  0
INFO [03-26|18:01:30.471]  - Merge netsplit block:       #0       
INFO [03-26|18:01:30.471] 
INFO [03-26|18:01:30.471] Post-Merge hard forks (timestamp based):
INFO [03-26|18:01:30.472]  - Shanghai:                    @0         
INFO [03-26|18:01:30.472]  - Cancun:                      @0          blob: (target: 3, max: 6, fraction: 3338477)
INFO [03-26|18:01:30.472]  - Prague:                      @0          blob: (target: 6, max: 9, fraction: 5225352)
INFO [03-26|18:01:30.472]  - Osaka:                       @4294967295 blob: (target: 9, max: 12, fraction: 5225352)
INFO [03-26|18:01:30.472] 
INFO [03-26|18:01:30.472] All fork specifications can be found at https://ethereum.github.io/execution-specs/src/ethereum/forks/
INFO [03-26|18:01:30.472] 
INFO [03-26|18:01:30.472] ---------------------------------------------------------------------------------------------------------------------------------------------------------
INFO [03-26|18:01:30.472] 
INFO [03-26|18:01:30.472] Loaded most recent local block           number=64128 hash=04b738..bb55b3 age=23s
INFO [03-26|18:01:30.472] Loaded most recent local finalized block number=64128 hash=04b738..bb55b3 age=23s
INFO [03-26|18:01:30.472] Initialized transaction indexer          range="last 2350000 blocks"
INFO [03-26|18:01:30.472] Initialized log indexer                  firstblock=0 lastblock=64128 firstmap=0 lastmap=4 headindexed=true
INFO [03-26|18:01:30.496] Enabled full-sync                        head=64128 hash=04b738..bb55b3
INFO [03-26|18:01:30.496] Unprotected transactions allowed
INFO [03-26|18:01:30.496] Gasprice oracle is ignoring threshold set threshold=2
INFO [03-26|18:01:30.497] Registered sync override service
WARN [03-26|18:01:30.497] You are running Geth in --dev mode. Please note the following:
WARN [03-26|18:01:30.497] 
WARN [03-26|18:01:30.497]   1. This mode is only intended for fast, iterative development without assumptions on
WARN [03-26|18:01:30.497]      security or persistence.
WARN [03-26|18:01:30.497]   2. The database is created in memory unless specified otherwise. Therefore, shutting down
WARN [03-26|18:01:30.497]      your computer or losing power will wipe your entire block data and chain state for
WARN [03-26|18:01:30.497]      your dev environment.
WARN [03-26|18:01:30.497]   3. A random, pre-allocated developer account will be available and unlocked as
WARN [03-26|18:01:30.497]      eth.coinbase, which can be used for testing. The random dev account is temporary,
WARN [03-26|18:01:30.497]      stored on a ramdisk, and will be lost if your machine is restarted.
WARN [03-26|18:01:30.497]   4. Mining is enabled by default. However, the client will only seal blocks if transactions
WARN [03-26|18:01:30.497]      are pending in the mempool. The miner's minimum accepted gas price is 1.
WARN [03-26|18:01:30.497]   5. Networking is disabled; there is no listen-address, the maximum number of peers is set
WARN [03-26|18:01:30.497]      to 0, and discovery is disabled.
WARN [03-26|18:01:30.497] 
INFO [03-26|18:01:30.497] Starting peer-to-peer node               instance=Geth/v1.17.2-unstable-5d0e18f7-20260325/linux-amd64/go1.24.1
WARN [03-26|18:01:30.497] P2P server will be useless, neither dialing nor listening
INFO [03-26|18:01:30.505] IPC endpoint opened                      url=/home/CPerezz/bintrie-benchmarks/mpt-vs-bintrie/dbs/mpt/geth.ipc
ERROR[03-26|18:01:30.505] Unavailable modules in HTTP API list     unavailable=[personal] available="[admin debug web3 eth txpool miner net dev testing]"
INFO [03-26|18:01:30.505] HTTP server started                      endpoint=[::]:8545 auth=false prefix= cors= vhosts=localhost
INFO [03-26|18:01:30.505] WebSocket enabled                        url=ws://[::]:8546
INFO [03-26|18:01:30.506] New local node record                    seq=1,774,465,405,958 id=9566f6e861acb2c3 ip=127.0.0.1 udp=0 tcp=0
INFO [03-26|18:01:30.506] Started P2P networking                   self=enode://7bcb27e0859fe4ed7072e298a58918cc0b55d08376b1207f77d84f6d0d34ded7448b64ab16dd00733b489383beff49c04f662afae4dd1dc102807640ff82a1cd@127.0.0.1:0
INFO [03-26|18:01:30.513] Loaded local transaction journal         transactions=150 dropped=0
INFO [03-26|18:01:31.617] Started log indexer
INFO [03-26|18:01:31.627] Starting work on payload                 id=0x035991ce5873d365
INFO [03-26|18:01:31.627] Updated payload                          id=0x035991ce5873d365 number=64129 hash=0a548c..3abb7b txs=0 withdrawals=0 gas=0 fees=0 root=4bea40..36fd8b elapsed="346.319µs"
INFO [03-26|18:01:31.627] Stopping work on payload                 id=0x035991ce5873d365 reason=delivery
WARN [03-26|18:01:31.629] {"level":"warn","msg":"Slow block","block":{"number":64129,"hash":"0x0a548c37eb8328fcff8822d3963a0712f309a08d85ca5b7c68f94170c23abb7b","gas_used":0,"tx_count":0},"timing":{"execution_ms":0.00854,"state_read_ms":0.04514,"state_hash_ms":0.00854,"commit_ms":0.055999,"total_ms":0.167051},"throughput":{"mgas_per_sec":0},"state_reads":{"accounts":4,"storage_slots":0,"code":0,"code_bytes":0},"state_writes":{"accounts":0,"accounts_deleted":0,"storage_slots":0,"storage_slots_deleted":0,"code":0,"code_bytes":0},"cache":{"account":{"hits":0,"misses":4,"hit_rate":0},"storage":{"hits":0,"misses":0,"hit_rate":0},"code":{"hits":0,"misses":0,"hit_rate":0,"hit_bytes":0,"miss_bytes":0}}}
INFO [03-26|18:01:31.629] Imported new potential chain segment     number=64129 hash=0a548c..3abb7b blocks=1 txs=0 mgas=0.000 elapsed=2.136ms     mgasps=0.000 triediffs=100.96MiB triedirty=0.00B
INFO [03-26|18:01:31.629] Ready for fork activation                fork=Osaka date="07 Feb 06 07:28 CET" remaining=700117h26m43s timestamp=4,294,967,295
INFO [03-26|18:01:31.629] Chain head was updated                   number=64129 hash=0a548c..3abb7b root=4bea40..36fd8b elapsed="27.189µs"
INFO [03-26|18:01:32.617] Submitted contract creation              hash=0x1cf656a460eb3efdd2f0d607a677afb037f07b82b1ca3740e4ed7eec8c95aeda from=0xf39Fd6e51aad88F6F4ce6aB8827279cffFb92266 nonce=178 contract=0xAD523115cd35a8d4E60B3C0953E0E0ac10418309 value=0
INFO [03-26|18:01:32.619] Submitted transaction                    hash=0x176ac03c44e97ddfb63b3d2ccaf4224e0feefd9dcc4fa61708f5868dd4036de8 from=0xf39Fd6e51aad88F6F4ce6aB8827279cffFb92266 nonce=179 recipient=0x6055242FeddB6437AF5eaa5496975Ad154B41003 value=1,600,000,000
INFO [03-26|18:01:41.631] Starting work on payload                 id=0x038a68a135def460
INFO [03-26|18:01:41.640] Updated payload                          id=0x038a68a135def460 number=64130 hash=5d5af2..34facf txs=2 withdrawals=0 gas=89662 fees=7.17296e-13 root=972fa0..481dbe elapsed=8.960ms
INFO [03-26|18:01:41.640] Stopping work on payload                 id=0x038a68a135def460 reason=delivery
WARN [03-26|18:01:41.648] {"level":"warn","msg":"Slow block","block":{"number":64130,"hash":"0x5d5af23e34dffd61f3008ecfd2a93b6845793e207367ee096e27a2317434facf","gas_used":89662,"tx_count":2},"timing":{"execution_ms":0.04397,"state_read_ms":0.103629,"state_hash_ms":0.881985,"commit_ms":6.075906,"total_ms":7.143961},"throughput":{"mgas_per_sec":12.550740408577258},"state_reads":{"accounts":11,"storage_slots":0,"code":0,"code_bytes":0},"state_writes":{"accounts":3,"accounts_deleted":0,"storage_slots":0,"storage_slots_deleted":0,"code":1,"code_bytes":72},"cache":{"account":{"hits":4,"misses":7,"hit_rate":36.36363636363637},"storage":{"hits":0,"misses":0,"hit_rate":0},"code":{"hits":0,"misses":0,"hit_rate":0,"hit_bytes":0,"miss_bytes":0}}}
INFO [03-26|18:01:41.648] Imported new potential chain segment     number=64130 hash=5d5af2..34facf blocks=1 txs=2 mgas=0.090 elapsed=7.252ms     mgasps=12.364 triediffs=96.74MiB  triedirty=0.00B
INFO [03-26|18:01:41.648] Chain head was updated                   number=64130 hash=5d5af2..34facf root=972fa0..481dbe elapsed="96.869µs"
INFO [03-26|18:01:41.690] Submitted transaction                    hash=0x72a4c1c6ac85fa07041a4e1eb1b1ea7a422371df8c2fee28a182957c5b6a938d from=0x6055242FeddB6437AF5eaa5496975Ad154B41003 nonce=0   recipient=0xAD523115cd35a8d4E60B3C0953E0E0ac10418309 value=0
INFO [03-26|18:01:51.652] Starting work on payload                 id=0x03374033d0374b49
WARN [03-26|18:01:59.114] Block building is interrupted            allowance=2s
INFO [03-26|18:01:59.115] Updated payload                          id=0x03374033d0374b49 number=64131 hash=506896..1cf405 txs=1 withdrawals=0 gas=100,000,000 fees=8e-10       root=28c2b5..7d06a6 elapsed=7.462s
WARN [03-26|18:02:04.655] {"level":"warn","msg":"Slow block","block":{"number":64131,"hash":"0x5068968dd2fbcd2a66f31223f3e7c97480242da423b211f38a1a7c28141cf405","gas_used":100000000,"tx_count":1},"timing":{"execution_ms":285.579063,"state_read_ms":5211.645867,"state_hash_ms":0.120799,"commit_ms":41.050241,"total_ms":5538.539961},"throughput":{"mgas_per_sec":18.05529989927972},"state_reads":{"accounts":8,"storage_slots":36742,"code":2,"code_bytes":1416},"state_writes":{"accounts":2,"accounts_deleted":0,"storage_slots":0,"storage_slots_deleted":0,"code":0,"code_bytes":0},"cache":{"account":{"hits":4,"misses":4,"hit_rate":50},"storage":{"hits":2381,"misses":34361,"hit_rate":6.4803222470197595},"code":{"hits":2,"misses":0,"hit_rate":100,"hit_bytes":1416,"miss_bytes":0}}}
INFO [03-26|18:02:04.655] Imported new potential chain segment     number=64131 hash=506896..1cf405 blocks=1 txs=1 mgas=100.000 elapsed=5.539s      mgasps=18.052 triediffs=93.83MiB  triedirty=0.00B
INFO [03-26|18:02:04.656] Chain head was updated                   number=64131 hash=506896..1cf405 root=28c2b5..7d06a6 elapsed="82.08µs"
WARN [03-26|18:02:04.760] Block building is interrupted            allowance=2s
INFO [03-26|18:02:04.761] Stopping work on payload                 id=0x03374033d0374b49 reason=delivery
