INFO [03-26|17:46:04.896] Starting Geth on Ethereum mainnet...
INFO [03-26|17:46:04.898] Maximum peer count                       ETH=0 total=0
INFO [03-26|17:46:04.898] Smartcard socket not found, disabling    err="stat /run/pcscd/pcscd.comm: no such file or directory"
WARN [03-26|17:46:04.900] Option --miner.etherbase is deprecated as the etherbase is set by the consensus client post-merge
WARN [03-26|17:46:04.902] Snap sync requested, resetting --cache.snapshot
INFO [03-26|17:46:04.902] Global gas cap disabled
INFO [03-26|17:46:05.551] Using developer account                  address=0xf39Fd6e51aad88F6F4ce6aB8827279cffFb92266
INFO [03-26|17:46:05.791] Using pebble as the backing database
INFO [03-26|17:46:05.791] Allocated cache and file handles         database=/home/CPerezz/bintrie-benchmarks/mpt-vs-bintrie/dbs/mpt/geth/chaindata cache=16.00MiB handles=524,288
INFO [03-26|17:46:07.983] Opened ancient database                  database=/home/CPerezz/bintrie-benchmarks/mpt-vs-bintrie/dbs/mpt/geth/chaindata/ancient/chain readonly=true
INFO [03-26|17:46:07.983] Opened Era store                         datadir=/home/CPerezz/bintrie-benchmarks/mpt-vs-bintrie/dbs/mpt/geth/chaindata/ancient/chain/era
INFO [03-26|17:46:07.992] Initializing the KZG library             backend=gokzg
INFO [03-26|17:46:07.995] Allocated trie memory caches             clean=0.00B dirty=0.00B
INFO [03-26|17:46:08.111] Using pebble as the backing database
INFO [03-26|17:46:08.111] Allocated cache and file handles         database=/home/CPerezz/bintrie-benchmarks/mpt-vs-bintrie/dbs/mpt/geth/chaindata cache=16.00MiB handles=524,288
INFO [03-26|17:46:09.404] Opened ancient database                  database=/home/CPerezz/bintrie-benchmarks/mpt-vs-bintrie/dbs/mpt/geth/chaindata/ancient/chain readonly=false
INFO [03-26|17:46:09.404] Opened Era store                         datadir=/home/CPerezz/bintrie-benchmarks/mpt-vs-bintrie/dbs/mpt/geth/chaindata/ancient/chain/era
INFO [03-26|17:46:09.406] State scheme set to already existing     scheme=path
INFO [03-26|17:46:09.408] Initialising Ethereum protocol           network=1337 dbversion=9
INFO [03-26|17:46:09.408] Load database journal from file          path=/home/CPerezz/bintrie-benchmarks/mpt-vs-bintrie/dbs/mpt/geth/triedb/merkle.journal
INFO [03-26|17:46:10.886] Opened ancient database                  database=/home/CPerezz/bintrie-benchmarks/mpt-vs-bintrie/dbs/mpt/geth/chaindata/ancient/state readonly=false
INFO [03-26|17:46:10.887] Initialized path database                triecache=0.00B statecache=0.00B buffer=0.00B state-history="last 90000 blocks" journal-dir=/home/CPerezz/bintrie-benchmarks/mpt-vs-bintrie/dbs/mpt/geth/triedb
INFO [03-26|17:46:10.888] 
INFO [03-26|17:46:10.888] ---------------------------------------------------------------------------------------------------------------------------------------------------------
INFO [03-26|17:46:10.888] Chain ID:  1337 (unknown)
INFO [03-26|17:46:10.888] Consensus: unknown
INFO [03-26|17:46:10.888] 
INFO [03-26|17:46:10.888] Pre-Merge hard forks (block based):
INFO [03-26|17:46:10.888]  - Homestead:                   #0       
INFO [03-26|17:46:10.888]  - Tangerine Whistle (EIP 150): #0       
INFO [03-26|17:46:10.888]  - Spurious Dragon/1 (EIP 155): #0       
INFO [03-26|17:46:10.888]  - Spurious Dragon/2 (EIP 158): #0       
INFO [03-26|17:46:10.888]  - Byzantium:                   #0       
INFO [03-26|17:46:10.888]  - Constantinople:              #0       
INFO [03-26|17:46:10.888]  - Petersburg:                  #0       
INFO [03-26|17:46:10.888]  - Istanbul:                    #0       
INFO [03-26|17:46:10.888]  - Muir Glacier:                #0       
INFO [03-26|17:46:10.888]  - Berlin:                      #0       
INFO [03-26|17:46:10.888]  - London:                      #0       
INFO [03-26|17:46:10.888]  - Arrow Glacier:               #0       
INFO [03-26|17:46:10.888]  - Gray Glacier:                #0       
INFO [03-26|17:46:10.888] 
INFO [03-26|17:46:10.888] Merge configured:
INFO [03-26|17:46:10.888]  - Total terminal difficulty:  0
INFO [03-26|17:46:10.888]  - Merge netsplit block:       #0       
INFO [03-26|17:46:10.888] 
INFO [03-26|17:46:10.888] Post-Merge hard forks (timestamp based):
INFO [03-26|17:46:10.888]  - Shanghai:                    @0         
INFO [03-26|17:46:10.888]  - Cancun:                      @0          blob: (target: 3, max: 6, fraction: 3338477)
INFO [03-26|17:46:10.888]  - Prague:                      @0          blob: (target: 6, max: 9, fraction: 5225352)
INFO [03-26|17:46:10.888]  - Osaka:                       @4294967295 blob: (target: 9, max: 12, fraction: 5225352)
INFO [03-26|17:46:10.888] 
INFO [03-26|17:46:10.888] All fork specifications can be found at https://ethereum.github.io/execution-specs/src/ethereum/forks/
INFO [03-26|17:46:10.888] 
INFO [03-26|17:46:10.888] ---------------------------------------------------------------------------------------------------------------------------------------------------------
INFO [03-26|17:46:10.888] 
INFO [03-26|17:46:10.889] Loaded most recent local block           number=64066 hash=01d49a..19fb72 age=23s
INFO [03-26|17:46:10.889] Loaded most recent local finalized block number=64064 hash=a4f6df..2e07cb age=59s
INFO [03-26|17:46:10.889] Initialized transaction indexer          range="last 2350000 blocks"
INFO [03-26|17:46:10.889] Initialized log indexer                  firstblock=0 lastblock=64066 firstmap=0 lastmap=4 headindexed=true
INFO [03-26|17:46:10.893] Enabled full-sync                        head=64066 hash=01d49a..19fb72
INFO [03-26|17:46:10.893] Unprotected transactions allowed
INFO [03-26|17:46:10.893] Gasprice oracle is ignoring threshold set threshold=2
INFO [03-26|17:46:10.894] Registered sync override service
WARN [03-26|17:46:10.894] You are running Geth in --dev mode. Please note the following:
WARN [03-26|17:46:10.894] 
WARN [03-26|17:46:10.894]   1. This mode is only intended for fast, iterative development without assumptions on
WARN [03-26|17:46:10.894]      security or persistence.
WARN [03-26|17:46:10.894]   2. The database is created in memory unless specified otherwise. Therefore, shutting down
WARN [03-26|17:46:10.894]      your computer or losing power will wipe your entire block data and chain state for
WARN [03-26|17:46:10.894]      your dev environment.
WARN [03-26|17:46:10.894]   3. A random, pre-allocated developer account will be available and unlocked as
WARN [03-26|17:46:10.894]      eth.coinbase, which can be used for testing. The random dev account is temporary,
WARN [03-26|17:46:10.894]      stored on a ramdisk, and will be lost if your machine is restarted.
WARN [03-26|17:46:10.894]   4. Mining is enabled by default. However, the client will only seal blocks if transactions
WARN [03-26|17:46:10.894]      are pending in the mempool. The miner's minimum accepted gas price is 1.
WARN [03-26|17:46:10.894]   5. Networking is disabled; there is no listen-address, the maximum number of peers is set
WARN [03-26|17:46:10.894]      to 0, and discovery is disabled.
WARN [03-26|17:46:10.894] 
INFO [03-26|17:46:10.894] Starting peer-to-peer node               instance=Geth/v1.17.2-unstable-5d0e18f7-20260325/linux-amd64/go1.24.1
WARN [03-26|17:46:10.894] P2P server will be useless, neither dialing nor listening
INFO [03-26|17:46:10.898] IPC endpoint opened                      url=/home/CPerezz/bintrie-benchmarks/mpt-vs-bintrie/dbs/mpt/geth.ipc
ERROR[03-26|17:46:10.898] Unavailable modules in HTTP API list     unavailable=[personal] available="[admin debug web3 eth txpool miner net dev testing]"
INFO [03-26|17:46:10.899] HTTP server started                      endpoint=[::]:8545 auth=false prefix= cors= vhosts=localhost
INFO [03-26|17:46:10.899] WebSocket enabled                        url=ws://[::]:8546
INFO [03-26|17:46:10.899] New local node record                    seq=1,774,465,405,937 id=9566f6e861acb2c3 ip=127.0.0.1 udp=0 tcp=0
INFO [03-26|17:46:10.899] Started P2P networking                   self=enode://7bcb27e0859fe4ed7072e298a58918cc0b55d08376b1207f77d84f6d0d34ded7448b64ab16dd00733b489383beff49c04f662afae4dd1dc102807640ff82a1cd@127.0.0.1:0
INFO [03-26|17:46:10.903] Loaded local transaction journal         transactions=87 dropped=0
INFO [03-26|17:46:12.177] Started log indexer
INFO [03-26|17:46:12.187] Starting work on payload                 id=0x03599eca7f6f7a5e
INFO [03-26|17:46:12.187] Updated payload                          id=0x03599eca7f6f7a5e number=64067 hash=71adf2..b0ea50 txs=0 withdrawals=0 gas=0 fees=0 root=4644fb..5e72dd elapsed="137.15µs"
INFO [03-26|17:46:12.187] Stopping work on payload                 id=0x03599eca7f6f7a5e reason=delivery
INFO [03-26|17:46:12.187] Submitted contract creation              hash=0xe3c2a7661bb0128b7074176029087825681c86a1db27ecbeaf8b4ed51bbd9410 from=0xf39Fd6e51aad88F6F4ce6aB8827279cffFb92266 nonce=136 contract=0x6F6f570F45833E249e27022648a26F4076F48f78 value=0
INFO [03-26|17:46:12.189] Submitted transaction                    hash=0x15d9ccd375002f10f4101fd3404d8eb703984d64464fe52153d02d48f04f484b from=0xf39Fd6e51aad88F6F4ce6aB8827279cffFb92266 nonce=137 recipient=0xA480a5f596eCf90bF7a054fBf4bbC7A9Ba0eb42c value=1,400,000,000
WARN [03-26|17:46:12.190] {"level":"warn","msg":"Slow block","block":{"number":64067,"hash":"0x71adf223844d007ef46971062a4578837c0904556ed1557d75d068f636b0ea50","gas_used":0,"tx_count":0},"timing":{"execution_ms":0.009059,"state_read_ms":0.049201,"state_hash_ms":0.00742,"commit_ms":0.05128,"total_ms":0.15249},"throughput":{"mgas_per_sec":0},"state_reads":{"accounts":4,"storage_slots":0,"code":0,"code_bytes":0},"state_writes":{"accounts":0,"accounts_deleted":0,"storage_slots":0,"storage_slots_deleted":0,"code":0,"code_bytes":0},"cache":{"account":{"hits":0,"misses":4,"hit_rate":0},"storage":{"hits":0,"misses":0,"hit_rate":0},"code":{"hits":0,"misses":0,"hit_rate":0,"hit_bytes":0,"miss_bytes":0}}}
INFO [03-26|17:46:12.190] Imported new potential chain segment     number=64067 hash=71adf2..b0ea50 blocks=1 txs=0 mgas=0.000 elapsed=2.210ms    mgasps=0.000 triediffs=250.63MiB triedirty=0.00B
INFO [03-26|17:46:12.190] Ready for fork activation                fork=Osaka date="07 Feb 06 07:28 CET" remaining=700117h42m3s timestamp=4,294,967,295
INFO [03-26|17:46:12.190] Chain head was updated                   number=64067 hash=71adf2..b0ea50 root=4644fb..5e72dd elapsed="19.21µs"
INFO [03-26|17:46:22.191] Starting work on payload                 id=0x034ac02f376f18c1
INFO [03-26|17:46:22.199] Updated payload                          id=0x034ac02f376f18c1 number=64068 hash=614955..9e29b6 txs=2 withdrawals=0 gas=89662 fees=5.37972e-13 root=bff5f6..ce4626 elapsed=8.384ms
INFO [03-26|17:46:22.199] Stopping work on payload                 id=0x034ac02f376f18c1 reason=delivery
WARN [03-26|17:46:22.206] {"level":"warn","msg":"Slow block","block":{"number":64068,"hash":"0x61495512cf0eaf9fec937add2aac203c29eb0222ae911723014da48c199e29b6","gas_used":89662,"tx_count":2},"timing":{"execution_ms":0.095979,"state_read_ms":0.07616,"state_hash_ms":0.337078,"commit_ms":5.264491,"total_ms":5.811078},"throughput":{"mgas_per_sec":15.42949518144482},"state_reads":{"accounts":11,"storage_slots":0,"code":0,"code_bytes":0},"state_writes":{"accounts":3,"accounts_deleted":0,"storage_slots":0,"storage_slots_deleted":0,"code":1,"code_bytes":72},"cache":{"account":{"hits":5,"misses":6,"hit_rate":45.45454545454545},"storage":{"hits":0,"misses":0,"hit_rate":0},"code":{"hits":0,"misses":0,"hit_rate":0,"hit_bytes":0,"miss_bytes":0}}}
INFO [03-26|17:46:22.206] Imported new potential chain segment     number=64068 hash=614955..9e29b6 blocks=1 txs=2 mgas=0.090 elapsed=5.944ms    mgasps=15.083 triediffs=246.41MiB triedirty=0.00B
INFO [03-26|17:46:22.207] Chain head was updated                   number=64068 hash=614955..9e29b6 root=bff5f6..ce4626 elapsed="187.489µs"
INFO [03-26|17:46:22.273] Submitted transaction                    hash=0x36727da84d6ed0441845681c93f12f13dce2120b8716b48bf79cdcfbede0b516 from=0xA480a5f596eCf90bF7a054fBf4bbC7A9Ba0eb42c nonce=0   recipient=0x6F6f570F45833E249e27022648a26F4076F48f78 value=0
INFO [03-26|17:46:32.212] Starting work on payload                 id=0x0379ce28fe075e30
WARN [03-26|17:46:39.630] Block building is interrupted            allowance=2s
INFO [03-26|17:46:39.631] Updated payload                          id=0x0379ce28fe075e30 number=64069 hash=c9ae7e..fa47bd txs=1 withdrawals=0 gas=100,000,000 fees=6e-10       root=baa05d..af38b8 elapsed=7.418s
WARN [03-26|17:46:44.835] Block building is interrupted            allowance=2s
INFO [03-26|17:46:44.835] Stopping work on payload                 id=0x0379ce28fe075e30 reason=delivery
WARN [03-26|17:46:44.863] {"level":"warn","msg":"Slow block","block":{"number":64069,"hash":"0xc9ae7ec8828d7da131638101785ba8b1880be7dd857b2da46a5936cc82fa47bd","gas_used":100000000,"tx_count":1},"timing":{"execution_ms":297.397334,"state_read_ms":4905.305766,"state_hash_ms":0.07793,"commit_ms":27.773614,"total_ms":5230.614834},"throughput":{"mgas_per_sec":19.118211371630885},"state_reads":{"accounts":8,"storage_slots":36742,"code":2,"code_bytes":1416},"state_writes":{"accounts":2,"accounts_deleted":0,"storage_slots":0,"storage_slots_deleted":0,"code":0,"code_bytes":0},"cache":{"account":{"hits":4,"misses":4,"hit_rate":50},"storage":{"hits":1976,"misses":34766,"hit_rate":5.378041478417071},"code":{"hits":2,"misses":0,"hit_rate":100,"hit_bytes":1416,"miss_bytes":0}}}
INFO [03-26|17:46:44.863] Imported new potential chain segment     number=64069 hash=c9ae7e..fa47bd blocks=1 txs=1 mgas=100.000 elapsed=5.231s      mgasps=19.116 triediffs=243.50MiB triedirty=0.00B
INFO [03-26|17:46:44.864] Chain head was updated                   number=64069 hash=c9ae7e..fa47bd root=baa05d..af38b8 elapsed="40.59µs"
