INFO [03-26|18:18:12.337] Starting Geth on Ethereum mainnet...
INFO [03-26|18:18:12.339] Maximum peer count                       ETH=0 total=0
INFO [03-26|18:18:12.340] Smartcard socket not found, disabling    err="stat /run/pcscd/pcscd.comm: no such file or directory"
WARN [03-26|18:18:12.341] Option --miner.etherbase is deprecated as the etherbase is set by the consensus client post-merge
WARN [03-26|18:18:12.342] Snap sync requested, resetting --cache.snapshot
INFO [03-26|18:18:12.342] Global gas cap disabled
INFO [03-26|18:18:12.981] Using developer account                  address=0xf39Fd6e51aad88F6F4ce6aB8827279cffFb92266
INFO [03-26|18:18:13.224] Using pebble as the backing database
INFO [03-26|18:18:13.224] Allocated cache and file handles         database=/home/CPerezz/bintrie-benchmarks/mpt-vs-bintrie/dbs/mpt/geth/chaindata cache=16.00MiB handles=524,288
INFO [03-26|18:18:15.466] Opened ancient database                  database=/home/CPerezz/bintrie-benchmarks/mpt-vs-bintrie/dbs/mpt/geth/chaindata/ancient/chain readonly=true
INFO [03-26|18:18:15.466] Opened Era store                         datadir=/home/CPerezz/bintrie-benchmarks/mpt-vs-bintrie/dbs/mpt/geth/chaindata/ancient/chain/era
INFO [03-26|18:18:15.475] Initializing the KZG library             backend=gokzg
INFO [03-26|18:18:15.477] Allocated trie memory caches             clean=0.00B dirty=0.00B
INFO [03-26|18:18:15.576] Using pebble as the backing database
INFO [03-26|18:18:15.576] Allocated cache and file handles         database=/home/CPerezz/bintrie-benchmarks/mpt-vs-bintrie/dbs/mpt/geth/chaindata cache=16.00MiB handles=524,288
INFO [03-26|18:18:16.861] Opened ancient database                  database=/home/CPerezz/bintrie-benchmarks/mpt-vs-bintrie/dbs/mpt/geth/chaindata/ancient/chain readonly=false
INFO [03-26|18:18:16.861] Opened Era store                         datadir=/home/CPerezz/bintrie-benchmarks/mpt-vs-bintrie/dbs/mpt/geth/chaindata/ancient/chain/era
INFO [03-26|18:18:16.863] State scheme set to already existing     scheme=path
INFO [03-26|18:18:16.865] Initialising Ethereum protocol           network=1337 dbversion=9
INFO [03-26|18:18:16.865] Load database journal from file          path=/home/CPerezz/bintrie-benchmarks/mpt-vs-bintrie/dbs/mpt/geth/triedb/merkle.journal
INFO [03-26|18:18:16.880] Opened ancient database                  database=/home/CPerezz/bintrie-benchmarks/mpt-vs-bintrie/dbs/mpt/geth/chaindata/ancient/state readonly=false
INFO [03-26|18:18:16.881] Initialized path database                triecache=0.00B statecache=0.00B buffer=0.00B state-history="last 90000 blocks" journal-dir=/home/CPerezz/bintrie-benchmarks/mpt-vs-bintrie/dbs/mpt/geth/triedb
INFO [03-26|18:18:16.881] 
INFO [03-26|18:18:16.881] ---------------------------------------------------------------------------------------------------------------------------------------------------------
INFO [03-26|18:18:16.881] Chain ID:  1337 (unknown)
INFO [03-26|18:18:16.881] Consensus: unknown
INFO [03-26|18:18:16.881] 
INFO [03-26|18:18:16.881] Pre-Merge hard forks (block based):
INFO [03-26|18:18:16.882]  - Homestead:                   #0       
INFO [03-26|18:18:16.882]  - Tangerine Whistle (EIP 150): #0       
INFO [03-26|18:18:16.882]  - Spurious Dragon/1 (EIP 155): #0       
INFO [03-26|18:18:16.882]  - Spurious Dragon/2 (EIP 158): #0       
INFO [03-26|18:18:16.882]  - Byzantium:                   #0       
INFO [03-26|18:18:16.882]  - Constantinople:              #0       
INFO [03-26|18:18:16.882]  - Petersburg:                  #0       
INFO [03-26|18:18:16.882]  - Istanbul:                    #0       
INFO [03-26|18:18:16.882]  - Muir Glacier:                #0       
INFO [03-26|18:18:16.882]  - Berlin:                      #0       
INFO [03-26|18:18:16.882]  - London:                      #0       
INFO [03-26|18:18:16.882]  - Arrow Glacier:               #0       
INFO [03-26|18:18:16.882]  - Gray Glacier:                #0       
INFO [03-26|18:18:16.882] 
INFO [03-26|18:18:16.882] Merge configured:
INFO [03-26|18:18:16.882]  - Total terminal difficulty:  0
INFO [03-26|18:18:16.882]  - Merge netsplit block:       #0       
INFO [03-26|18:18:16.882] 
INFO [03-26|18:18:16.882] Post-Merge hard forks (timestamp based):
INFO [03-26|18:18:16.882]  - Shanghai:                    @0         
INFO [03-26|18:18:16.882]  - Cancun:                      @0          blob: (target: 3, max: 6, fraction: 3338477)
INFO [03-26|18:18:16.882]  - Prague:                      @0          blob: (target: 6, max: 9, fraction: 5225352)
INFO [03-26|18:18:16.882]  - Osaka:                       @4294967295 blob: (target: 9, max: 12, fraction: 5225352)
INFO [03-26|18:18:16.882] 
INFO [03-26|18:18:16.882] All fork specifications can be found at https://ethereum.github.io/execution-specs/src/ethereum/forks/
INFO [03-26|18:18:16.882] 
INFO [03-26|18:18:16.882] ---------------------------------------------------------------------------------------------------------------------------------------------------------
INFO [03-26|18:18:16.882] 
INFO [03-26|18:18:16.882] Loaded most recent local block           number=64200 hash=eb6305..bb99a9 age=20s
INFO [03-26|18:18:16.882] Loaded most recent local finalized block number=64192 hash=77ddfb..528a26 age=2m2s
INFO [03-26|18:18:16.883] Initialized transaction indexer          range="last 2350000 blocks"
INFO [03-26|18:18:16.883] Initialized log indexer                  firstblock=0 lastblock=64200 firstmap=0 lastmap=4 headindexed=true
INFO [03-26|18:18:16.897] Enabled full-sync                        head=64200 hash=eb6305..bb99a9
INFO [03-26|18:18:16.898] Unprotected transactions allowed
INFO [03-26|18:18:16.898] Gasprice oracle is ignoring threshold set threshold=2
INFO [03-26|18:18:16.898] Registered sync override service
WARN [03-26|18:18:16.898] You are running Geth in --dev mode. Please note the following:
WARN [03-26|18:18:16.898] 
WARN [03-26|18:18:16.898]   1. This mode is only intended for fast, iterative development without assumptions on
WARN [03-26|18:18:16.898]      security or persistence.
WARN [03-26|18:18:16.898]   2. The database is created in memory unless specified otherwise. Therefore, shutting down
WARN [03-26|18:18:16.898]      your computer or losing power will wipe your entire block data and chain state for
WARN [03-26|18:18:16.898]      your dev environment.
WARN [03-26|18:18:16.898]   3. A random, pre-allocated developer account will be available and unlocked as
WARN [03-26|18:18:16.898]      eth.coinbase, which can be used for testing. The random dev account is temporary,
WARN [03-26|18:18:16.898]      stored on a ramdisk, and will be lost if your machine is restarted.
WARN [03-26|18:18:16.898]   4. Mining is enabled by default. However, the client will only seal blocks if transactions
WARN [03-26|18:18:16.898]      are pending in the mempool. The miner's minimum accepted gas price is 1.
WARN [03-26|18:18:16.898]   5. Networking is disabled; there is no listen-address, the maximum number of peers is set
WARN [03-26|18:18:16.898]      to 0, and discovery is disabled.
WARN [03-26|18:18:16.898] 
INFO [03-26|18:18:16.898] Starting peer-to-peer node               instance=Geth/v1.17.2-unstable-5d0e18f7-20260325/linux-amd64/go1.24.1
WARN [03-26|18:18:16.898] P2P server will be useless, neither dialing nor listening
INFO [03-26|18:18:16.903] IPC endpoint opened                      url=/home/CPerezz/bintrie-benchmarks/mpt-vs-bintrie/dbs/mpt/geth.ipc
ERROR[03-26|18:18:16.903] Unavailable modules in HTTP API list     unavailable=[personal] available="[admin debug web3 eth txpool miner net dev testing]"
INFO [03-26|18:18:16.903] HTTP server started                      endpoint=[::]:8545 auth=false prefix= cors= vhosts=localhost
INFO [03-26|18:18:16.903] WebSocket enabled                        url=ws://[::]:8546
INFO [03-26|18:18:16.903] New local node record                    seq=1,774,465,405,982 id=9566f6e861acb2c3 ip=127.0.0.1 udp=0 tcp=0
INFO [03-26|18:18:16.903] Started P2P networking                   self=enode://7bcb27e0859fe4ed7072e298a58918cc0b55d08376b1207f77d84f6d0d34ded7448b64ab16dd00733b489383beff49c04f662afae4dd1dc102807640ff82a1cd@127.0.0.1:0
INFO [03-26|18:18:16.914] Loaded local transaction journal         transactions=222 dropped=0
INFO [03-26|18:18:17.863] Started log indexer
INFO [03-26|18:18:17.873] Starting work on payload                 id=0x038a33d9d609a2a7
INFO [03-26|18:18:17.873] Updated payload                          id=0x038a33d9d609a2a7 number=64201 hash=7e269e..47e800 txs=0 withdrawals=0 gas=0 fees=0 root=cea635..98ff83 elapsed="241.209µs"
INFO [03-26|18:18:17.874] Stopping work on payload                 id=0x038a33d9d609a2a7 reason=delivery
WARN [03-26|18:18:17.878] {"level":"warn","msg":"Slow block","block":{"number":64201,"hash":"0x7e269e11a67da3181010b9213e1f8ec7bef18974e7273217f6dc1a38c847e800","gas_used":0,"tx_count":0},"timing":{"execution_ms":0.024749,"state_read_ms":0.396238,"state_hash_ms":0.00959,"commit_ms":0.10533,"total_ms":0.612008},"throughput":{"mgas_per_sec":0},"state_reads":{"accounts":4,"storage_slots":0,"code":0,"code_bytes":0},"state_writes":{"accounts":0,"accounts_deleted":0,"storage_slots":0,"storage_slots_deleted":0,"code":0,"code_bytes":0},"cache":{"account":{"hits":0,"misses":4,"hit_rate":0},"storage":{"hits":0,"misses":0,"hit_rate":0},"code":{"hits":0,"misses":0,"hit_rate":0,"hit_bytes":0,"miss_bytes":0}}}
INFO [03-26|18:18:17.879] Imported new potential chain segment     number=64201 hash=7e269e..47e800 blocks=1 txs=0 mgas=0.000 elapsed=4.339ms     mgasps=0.000 triediffs=1.20MiB triedirty=0.00B
INFO [03-26|18:18:17.879] Ready for fork activation                fork=Osaka date="07 Feb 06 07:28 CET" remaining=700117h9m57s timestamp=4,294,967,295
INFO [03-26|18:18:17.879] Chain head was updated                   number=64201 hash=7e269e..47e800 root=cea635..98ff83 elapsed="82.5µs"
INFO [03-26|18:18:18.619] Submitted contract creation              hash=0x594733c309a11d15ca659a9cb9edcdd1ef9445ccd5f1ed91d114c93491128f29 from=0xf39Fd6e51aad88F6F4ce6aB8827279cffFb92266 nonce=226 contract=0x70eE76691Bdd9696552AF8d4fd634b3cF79DD529 value=0
INFO [03-26|18:18:18.620] Submitted transaction                    hash=0x3a12f2820728225aba1d42b1229ddbfd69f4a25d0861503349bffd3d2085307f from=0xf39Fd6e51aad88F6F4ce6aB8827279cffFb92266 nonce=227 recipient=0x7785400dD71AEeF46359CC770983dF933eE28A68 value=1,600,000,000
INFO [03-26|18:18:27.882] Starting work on payload                 id=0x03dd608fa8145c04
INFO [03-26|18:18:27.888] Updated payload                          id=0x03dd608fa8145c04 number=64202 hash=1b4c36..7a2bab txs=2 withdrawals=0 gas=89662 fees=7.17296e-13 root=006a01..da61af elapsed=6.082ms
INFO [03-26|18:18:27.889] Stopping work on payload                 id=0x03dd608fa8145c04 reason=delivery
WARN [03-26|18:18:27.892] {"level":"warn","msg":"Slow block","block":{"number":64202,"hash":"0x1b4c36d9e9618fe5993cc2947d20f9691859943da92da80dd0e7542a237a2bab","gas_used":89662,"tx_count":2},"timing":{"execution_ms":0.093348,"state_read_ms":0.532528,"state_hash_ms":0.598436,"commit_ms":1.95748,"total_ms":3.288682},"throughput":{"mgas_per_sec":27.26380963559262},"state_reads":{"accounts":11,"storage_slots":0,"code":0,"code_bytes":0},"state_writes":{"accounts":3,"accounts_deleted":0,"storage_slots":0,"storage_slots_deleted":0,"code":1,"code_bytes":72},"cache":{"account":{"hits":7,"misses":4,"hit_rate":63.63636363636363},"storage":{"hits":0,"misses":0,"hit_rate":0},"code":{"hits":0,"misses":0,"hit_rate":0,"hit_bytes":0,"miss_bytes":0}}}
INFO [03-26|18:18:27.892] Imported new potential chain segment     number=64202 hash=1b4c36..7a2bab blocks=1 txs=2 mgas=0.090 elapsed=3.474ms     mgasps=25.805 triediffs=1.20MiB triedirty=0.00B
INFO [03-26|18:18:27.893] Chain head was updated                   number=64202 hash=1b4c36..7a2bab root=006a01..da61af elapsed="244.889µs"
INFO [03-26|18:18:28.703] Submitted transaction                    hash=0xf547b026160dbb75b89383f7f1797441a4acbb239f2bb3c0d4e9e4e49d6b37bb from=0x7785400dD71AEeF46359CC770983dF933eE28A68 nonce=0   recipient=0x70eE76691Bdd9696552AF8d4fd634b3cF79DD529 value=0
INFO [03-26|18:18:37.894] Starting work on payload                 id=0x032e09e44214966e
WARN [03-26|18:18:45.240] Block building is interrupted            allowance=2s
INFO [03-26|18:18:45.241] Updated payload                          id=0x032e09e44214966e number=64203 hash=8a0a11..7bce67 txs=1 withdrawals=0 gas=100,000,000 fees=8e-10       root=6ff64d..f79948 elapsed=7.346s
WARN [03-26|18:18:50.713] {"level":"warn","msg":"Slow block","block":{"number":64203,"hash":"0x8a0a1199419afab1d89d657004bd2df9496fee6af7c3b2f787772aef2f7bce67","gas_used":100000000,"tx_count":1},"timing":{"execution_ms":299.396711,"state_read_ms":5145.675467,"state_hash_ms":0.077529,"commit_ms":24.611832,"total_ms":5469.859791},"throughput":{"mgas_per_sec":18.282004259878477},"state_reads":{"accounts":8,"storage_slots":36742,"code":2,"code_bytes":1416},"state_writes":{"accounts":2,"accounts_deleted":0,"storage_slots":0,"storage_slots_deleted":0,"code":0,"code_bytes":0},"cache":{"account":{"hits":3,"misses":5,"hit_rate":37.5},"storage":{"hits":2831,"misses":33911,"hit_rate":7.705078656578303},"code":{"hits":2,"misses":0,"hit_rate":100,"hit_bytes":1416,"miss_bytes":0}}}
INFO [03-26|18:18:50.713] Imported new potential chain segment     number=64203 hash=8a0a11..7bce67 blocks=1 txs=1 mgas=100.000 elapsed=5.471s      mgasps=18.278 triediffs=1.20MiB triedirty=0.00B
INFO [03-26|18:18:50.714] Chain head was updated                   number=64203 hash=8a0a11..7bce67 root=6ff64d..f79948 elapsed="45.01µs"
WARN [03-26|18:18:50.774] Block building is interrupted            allowance=2s
INFO [03-26|18:18:50.775] Stopping work on payload                 id=0x032e09e44214966e reason=delivery
