INFO [03-26|17:56:21.453] Starting Geth on Ethereum mainnet...
INFO [03-26|17:56:21.456] Maximum peer count                       ETH=0 total=0
INFO [03-26|17:56:21.458] Smartcard socket not found, disabling    err="stat /run/pcscd/pcscd.comm: no such file or directory"
WARN [03-26|17:56:21.460] Option --miner.etherbase is deprecated as the etherbase is set by the consensus client post-merge
WARN [03-26|17:56:21.463] Snap sync requested, resetting --cache.snapshot
INFO [03-26|17:56:21.463] Global gas cap disabled
INFO [03-26|17:56:22.116] Using developer account                  address=0xf39Fd6e51aad88F6F4ce6aB8827279cffFb92266
INFO [03-26|17:56:22.356] Using pebble as the backing database
INFO [03-26|17:56:22.356] Allocated cache and file handles         database=/home/CPerezz/bintrie-benchmarks/mpt-vs-bintrie/dbs/mpt/geth/chaindata cache=16.00MiB handles=524,288
INFO [03-26|17:56:24.561] Opened ancient database                  database=/home/CPerezz/bintrie-benchmarks/mpt-vs-bintrie/dbs/mpt/geth/chaindata/ancient/chain readonly=true
INFO [03-26|17:56:24.561] Opened Era store                         datadir=/home/CPerezz/bintrie-benchmarks/mpt-vs-bintrie/dbs/mpt/geth/chaindata/ancient/chain/era
INFO [03-26|17:56:24.574] Initializing the KZG library             backend=gokzg
INFO [03-26|17:56:24.576] Allocated trie memory caches             clean=0.00B dirty=0.00B
INFO [03-26|17:56:24.656] Using pebble as the backing database
INFO [03-26|17:56:24.656] Allocated cache and file handles         database=/home/CPerezz/bintrie-benchmarks/mpt-vs-bintrie/dbs/mpt/geth/chaindata cache=16.00MiB handles=524,288
INFO [03-26|17:56:26.002] Opened ancient database                  database=/home/CPerezz/bintrie-benchmarks/mpt-vs-bintrie/dbs/mpt/geth/chaindata/ancient/chain readonly=false
INFO [03-26|17:56:26.002] Opened Era store                         datadir=/home/CPerezz/bintrie-benchmarks/mpt-vs-bintrie/dbs/mpt/geth/chaindata/ancient/chain/era
INFO [03-26|17:56:26.004] State scheme set to already existing     scheme=path
INFO [03-26|17:56:26.006] Initialising Ethereum protocol           network=1337 dbversion=9
INFO [03-26|17:56:26.006] Load database journal from file          path=/home/CPerezz/bintrie-benchmarks/mpt-vs-bintrie/dbs/mpt/geth/triedb/merkle.journal
INFO [03-26|17:56:26.895] Opened ancient database                  database=/home/CPerezz/bintrie-benchmarks/mpt-vs-bintrie/dbs/mpt/geth/chaindata/ancient/state readonly=false
INFO [03-26|17:56:26.897] Initialized path database                triecache=0.00B statecache=0.00B buffer=0.00B state-history="last 90000 blocks" journal-dir=/home/CPerezz/bintrie-benchmarks/mpt-vs-bintrie/dbs/mpt/geth/triedb
INFO [03-26|17:56:26.897] 
INFO [03-26|17:56:26.897] ---------------------------------------------------------------------------------------------------------------------------------------------------------
INFO [03-26|17:56:26.897] Chain ID:  1337 (unknown)
INFO [03-26|17:56:26.897] Consensus: unknown
INFO [03-26|17:56:26.897] 
INFO [03-26|17:56:26.897] Pre-Merge hard forks (block based):
INFO [03-26|17:56:26.897]  - Homestead:                   #0       
INFO [03-26|17:56:26.897]  - Tangerine Whistle (EIP 150): #0       
INFO [03-26|17:56:26.897]  - Spurious Dragon/1 (EIP 155): #0       
INFO [03-26|17:56:26.897]  - Spurious Dragon/2 (EIP 158): #0       
INFO [03-26|17:56:26.897]  - Byzantium:                   #0       
INFO [03-26|17:56:26.897]  - Constantinople:              #0       
INFO [03-26|17:56:26.897]  - Petersburg:                  #0       
INFO [03-26|17:56:26.897]  - Istanbul:                    #0       
INFO [03-26|17:56:26.897]  - Muir Glacier:                #0       
INFO [03-26|17:56:26.897]  - Berlin:                      #0       
INFO [03-26|17:56:26.897]  - London:                      #0       
INFO [03-26|17:56:26.897]  - Arrow Glacier:               #0       
INFO [03-26|17:56:26.897]  - Gray Glacier:                #0       
INFO [03-26|17:56:26.897] 
INFO [03-26|17:56:26.897] Merge configured:
INFO [03-26|17:56:26.897]  - Total terminal difficulty:  0
INFO [03-26|17:56:26.897]  - Merge netsplit block:       #0       
INFO [03-26|17:56:26.897] 
INFO [03-26|17:56:26.897] Post-Merge hard forks (timestamp based):
INFO [03-26|17:56:26.897]  - Shanghai:                    @0         
INFO [03-26|17:56:26.897]  - Cancun:                      @0          blob: (target: 3, max: 6, fraction: 3338477)
INFO [03-26|17:56:26.897]  - Prague:                      @0          blob: (target: 6, max: 9, fraction: 5225352)
INFO [03-26|17:56:26.897]  - Osaka:                       @4294967295 blob: (target: 9, max: 12, fraction: 5225352)
INFO [03-26|17:56:26.897] 
INFO [03-26|17:56:26.897] All fork specifications can be found at https://ethereum.github.io/execution-specs/src/ethereum/forks/
INFO [03-26|17:56:26.897] 
INFO [03-26|17:56:26.897] ---------------------------------------------------------------------------------------------------------------------------------------------------------
INFO [03-26|17:56:26.897] 
INFO [03-26|17:56:26.898] Loaded most recent local block           number=64107 hash=d541d4..974268 age=22s
INFO [03-26|17:56:26.898] Loaded most recent local finalized block number=64096 hash=02abd1..e363ff age=2m57s
INFO [03-26|17:56:26.899] Initialized transaction indexer          range="last 2350000 blocks"
INFO [03-26|17:56:26.899] Initialized log indexer                  firstblock=0 lastblock=64107 firstmap=0 lastmap=4 headindexed=true
INFO [03-26|17:56:26.917] Enabled full-sync                        head=64107 hash=d541d4..974268
INFO [03-26|17:56:26.917] Unprotected transactions allowed
INFO [03-26|17:56:26.917] Gasprice oracle is ignoring threshold set threshold=2
INFO [03-26|17:56:26.918] Registered sync override service
WARN [03-26|17:56:26.918] You are running Geth in --dev mode. Please note the following:
WARN [03-26|17:56:26.918] 
WARN [03-26|17:56:26.918]   1. This mode is only intended for fast, iterative development without assumptions on
WARN [03-26|17:56:26.918]      security or persistence.
WARN [03-26|17:56:26.918]   2. The database is created in memory unless specified otherwise. Therefore, shutting down
WARN [03-26|17:56:26.918]      your computer or losing power will wipe your entire block data and chain state for
WARN [03-26|17:56:26.918]      your dev environment.
WARN [03-26|17:56:26.918]   3. A random, pre-allocated developer account will be available and unlocked as
WARN [03-26|17:56:26.918]      eth.coinbase, which can be used for testing. The random dev account is temporary,
WARN [03-26|17:56:26.918]      stored on a ramdisk, and will be lost if your machine is restarted.
WARN [03-26|17:56:26.918]   4. Mining is enabled by default. However, the client will only seal blocks if transactions
WARN [03-26|17:56:26.918]      are pending in the mempool. The miner's minimum accepted gas price is 1.
WARN [03-26|17:56:26.918]   5. Networking is disabled; there is no listen-address, the maximum number of peers is set
WARN [03-26|17:56:26.918]      to 0, and discovery is disabled.
WARN [03-26|17:56:26.918] 
INFO [03-26|17:56:26.918] Starting peer-to-peer node               instance=Geth/v1.17.2-unstable-5d0e18f7-20260325/linux-amd64/go1.24.1
WARN [03-26|17:56:26.918] P2P server will be useless, neither dialing nor listening
INFO [03-26|17:56:26.927] IPC endpoint opened                      url=/home/CPerezz/bintrie-benchmarks/mpt-vs-bintrie/dbs/mpt/geth.ipc
ERROR[03-26|17:56:26.927] Unavailable modules in HTTP API list     unavailable=[personal] available="[admin debug web3 eth txpool miner net dev testing]"
INFO [03-26|17:56:26.927] HTTP server started                      endpoint=[::]:8545 auth=false prefix= cors= vhosts=localhost
INFO [03-26|17:56:26.927] WebSocket enabled                        url=ws://[::]:8546
INFO [03-26|17:56:26.928] New local node record                    seq=1,774,465,405,951 id=9566f6e861acb2c3 ip=127.0.0.1 udp=0 tcp=0
INFO [03-26|17:56:26.928] Started P2P networking                   self=enode://7bcb27e0859fe4ed7072e298a58918cc0b55d08376b1207f77d84f6d0d34ded7448b64ab16dd00733b489383beff49c04f662afae4dd1dc102807640ff82a1cd@127.0.0.1:0
INFO [03-26|17:56:26.934] Loaded local transaction journal         transactions=129 dropped=0
INFO [03-26|17:56:28.023] Started log indexer
INFO [03-26|17:56:28.032] Starting work on payload                 id=0x035b95e04588d485
INFO [03-26|17:56:28.033] Updated payload                          id=0x035b95e04588d485 number=64108 hash=ff346e..238664 txs=0 withdrawals=0 gas=0 fees=0 root=670c97..2eab3d elapsed="215.049µs"
INFO [03-26|17:56:28.033] Stopping work on payload                 id=0x035b95e04588d485 reason=delivery
WARN [03-26|17:56:28.037] {"level":"warn","msg":"Slow block","block":{"number":64108,"hash":"0xff346ee6afa87c9f6cf0b34d05d9ba7d6f6cdccda4693e0ccd73b55662238664","gas_used":0,"tx_count":0},"timing":{"execution_ms":0.013931,"state_read_ms":0.123548,"state_hash_ms":0.00393,"commit_ms":0.08492,"total_ms":0.26803},"throughput":{"mgas_per_sec":0},"state_reads":{"accounts":4,"storage_slots":0,"code":0,"code_bytes":0},"state_writes":{"accounts":0,"accounts_deleted":0,"storage_slots":0,"storage_slots_deleted":0,"code":0,"code_bytes":0},"cache":{"account":{"hits":0,"misses":4,"hit_rate":0},"storage":{"hits":0,"misses":0,"hit_rate":0},"code":{"hits":0,"misses":0,"hit_rate":0,"hit_bytes":0,"miss_bytes":0}}}
INFO [03-26|17:56:28.037] Imported new potential chain segment     number=64108 hash=ff346e..238664 blocks=1 txs=0 mgas=0.000 elapsed=3.757ms     mgasps=0.000 triediffs=150.80MiB triedirty=0.00B
INFO [03-26|17:56:28.037] Ready for fork activation                fork=Osaka date="07 Feb 06 07:28 CET" remaining=700117h31m47s timestamp=4,294,967,295
INFO [03-26|17:56:28.038] Chain head was updated                   number=64108 hash=ff346e..238664 root=670c97..2eab3d elapsed="26.54µs"
INFO [03-26|17:56:28.736] Submitted contract creation              hash=0xc8a0b1ccc057e7c09c9750102e6759905d36840ed9dd76a07a2ec9c3ee15b882 from=0xf39Fd6e51aad88F6F4ce6aB8827279cffFb92266 nonce=164 contract=0xB2b580ce436E6F77A5713D80887e14788Ef49c9A value=0
INFO [03-26|17:56:28.737] Submitted transaction                    hash=0xdfbc7ee736f65e4f4fd8a38cfe64bc22df6b3cba076a68495878e8144f9d06ab from=0xf39Fd6e51aad88F6F4ce6aB8827279cffFb92266 nonce=165 recipient=0x59a88d7d97eF8a7C9fa030D727D21f69e694EC42 value=1,600,000,000
INFO [03-26|17:56:38.040] Starting work on payload                 id=0x03cc929b1e4477b8
INFO [03-26|17:56:38.049] Updated payload                          id=0x03cc929b1e4477b8 number=64109 hash=1493ab..bcccfb txs=2 withdrawals=0 gas=89662 fees=7.17296e-13 root=ceaf18..0a0828 elapsed=8.316ms
INFO [03-26|17:56:38.049] Stopping work on payload                 id=0x03cc929b1e4477b8 reason=delivery
WARN [03-26|17:56:38.056] {"level":"warn","msg":"Slow block","block":{"number":64109,"hash":"0x1493abc293add89a6150d20fed25a98ae25a8c0b2a35a2a86068cda113bcccfb","gas_used":89662,"tx_count":2},"timing":{"execution_ms":0.108499,"state_read_ms":0.249199,"state_hash_ms":0.607547,"commit_ms":4.865263,"total_ms":5.921618},"throughput":{"mgas_per_sec":15.14146978072547},"state_reads":{"accounts":11,"storage_slots":0,"code":0,"code_bytes":0},"state_writes":{"accounts":3,"accounts_deleted":0,"storage_slots":0,"storage_slots_deleted":0,"code":1,"code_bytes":72},"cache":{"account":{"hits":6,"misses":5,"hit_rate":54.54545454545454},"storage":{"hits":0,"misses":0,"hit_rate":0},"code":{"hits":0,"misses":0,"hit_rate":0,"hit_bytes":0,"miss_bytes":0}}}
INFO [03-26|17:56:38.056] Imported new potential chain segment     number=64109 hash=1493ab..bcccfb blocks=1 txs=2 mgas=0.090 elapsed=6.189ms     mgasps=14.486 triediffs=146.59MiB triedirty=0.00B
INFO [03-26|17:56:38.057] Chain head was updated                   number=64109 hash=1493ab..bcccfb root=ceaf18..0a0828 elapsed="283.869µs"
INFO [03-26|17:56:38.820] Submitted transaction                    hash=0xbcf940dcc8f9ed69f4d6de30cb70b99f542692e25fa51ab97af250a0bdcaa7bb from=0x59a88d7d97eF8a7C9fa030D727D21f69e694EC42 nonce=0   recipient=0xB2b580ce436E6F77A5713D80887e14788Ef49c9A value=0
INFO [03-26|17:56:48.060] Starting work on payload                 id=0x033e45c71dc984c8
WARN [03-26|17:56:55.298] Block building is interrupted            allowance=2s
INFO [03-26|17:56:55.299] Updated payload                          id=0x033e45c71dc984c8 number=64110 hash=c6f481..806920 txs=1 withdrawals=0 gas=100,000,000 fees=8e-10       root=bb1002..f00155 elapsed=7.239s
WARN [03-26|17:57:00.445] {"level":"warn","msg":"Slow block","block":{"number":64110,"hash":"0xc6f481d75d31e243a2b31520400972aeec2d5f457a0c3ef238d49cd83d806920","gas_used":100000000,"tx_count":1},"timing":{"execution_ms":290.017729,"state_read_ms":4825.887521,"state_hash_ms":0.06049,"commit_ms":28.104363,"total_ms":5144.162323},"throughput":{"mgas_per_sec":19.439510987608468},"state_reads":{"accounts":8,"storage_slots":36742,"code":2,"code_bytes":1416},"state_writes":{"accounts":2,"accounts_deleted":0,"storage_slots":0,"storage_slots_deleted":0,"code":0,"code_bytes":0},"cache":{"account":{"hits":4,"misses":4,"hit_rate":50},"storage":{"hits":2375,"misses":34367,"hit_rate":6.463992161558979},"code":{"hits":2,"misses":0,"hit_rate":100,"hit_bytes":1416,"miss_bytes":0}}}
INFO [03-26|17:57:00.445] Imported new potential chain segment     number=64110 hash=c6f481..806920 blocks=1 txs=1 mgas=100.000 elapsed=5.145s      mgasps=19.435 triediffs=143.68MiB triedirty=0.00B
INFO [03-26|17:57:00.446] Chain head was updated                   number=64110 hash=c6f481..806920 root=bb1002..f00155 elapsed="42.91µs"
WARN [03-26|17:57:00.559] Block building is interrupted            allowance=2s
INFO [03-26|17:57:00.560] Stopping work on payload                 id=0x033e45c71dc984c8 reason=timeout
