INFO [03-26|18:05:44.003] Starting Geth on Ethereum mainnet...
INFO [03-26|18:05:44.004] Maximum peer count                       ETH=0 total=0
INFO [03-26|18:05:44.005] Smartcard socket not found, disabling    err="stat /run/pcscd/pcscd.comm: no such file or directory"
WARN [03-26|18:05:44.006] Option --miner.etherbase is deprecated as the etherbase is set by the consensus client post-merge
WARN [03-26|18:05:44.007] Snap sync requested, resetting --cache.snapshot
INFO [03-26|18:05:44.007] Global gas cap disabled
INFO [03-26|18:05:44.653] Using developer account                  address=0xf39Fd6e51aad88F6F4ce6aB8827279cffFb92266
INFO [03-26|18:05:44.896] Using pebble as the backing database
INFO [03-26|18:05:44.896] Allocated cache and file handles         database=/home/CPerezz/bintrie-benchmarks/mpt-vs-bintrie/dbs/mpt/geth/chaindata cache=16.00MiB handles=524,288
INFO [03-26|18:05:47.104] Opened ancient database                  database=/home/CPerezz/bintrie-benchmarks/mpt-vs-bintrie/dbs/mpt/geth/chaindata/ancient/chain readonly=true
INFO [03-26|18:05:47.104] Opened Era store                         datadir=/home/CPerezz/bintrie-benchmarks/mpt-vs-bintrie/dbs/mpt/geth/chaindata/ancient/chain/era
INFO [03-26|18:05:47.111] Initializing the KZG library             backend=gokzg
INFO [03-26|18:05:47.114] Allocated trie memory caches             clean=0.00B dirty=0.00B
INFO [03-26|18:05:47.203] Using pebble as the backing database
INFO [03-26|18:05:47.203] Allocated cache and file handles         database=/home/CPerezz/bintrie-benchmarks/mpt-vs-bintrie/dbs/mpt/geth/chaindata cache=16.00MiB handles=524,288
INFO [03-26|18:05:48.461] Opened ancient database                  database=/home/CPerezz/bintrie-benchmarks/mpt-vs-bintrie/dbs/mpt/geth/chaindata/ancient/chain readonly=false
INFO [03-26|18:05:48.461] Opened Era store                         datadir=/home/CPerezz/bintrie-benchmarks/mpt-vs-bintrie/dbs/mpt/geth/chaindata/ancient/chain/era
INFO [03-26|18:05:48.463] State scheme set to already existing     scheme=path
INFO [03-26|18:05:48.465] Initialising Ethereum protocol           network=1337 dbversion=9
INFO [03-26|18:05:48.465] Load database journal from file          path=/home/CPerezz/bintrie-benchmarks/mpt-vs-bintrie/dbs/mpt/geth/triedb/merkle.journal
INFO [03-26|18:05:48.816] Opened ancient database                  database=/home/CPerezz/bintrie-benchmarks/mpt-vs-bintrie/dbs/mpt/geth/chaindata/ancient/state readonly=false
INFO [03-26|18:05:48.817] Initialized path database                triecache=0.00B statecache=0.00B buffer=0.00B state-history="last 90000 blocks" journal-dir=/home/CPerezz/bintrie-benchmarks/mpt-vs-bintrie/dbs/mpt/geth/triedb
INFO [03-26|18:05:48.818] 
INFO [03-26|18:05:48.818] ---------------------------------------------------------------------------------------------------------------------------------------------------------
INFO [03-26|18:05:48.818] Chain ID:  1337 (unknown)
INFO [03-26|18:05:48.818] Consensus: unknown
INFO [03-26|18:05:48.818] 
INFO [03-26|18:05:48.818] Pre-Merge hard forks (block based):
INFO [03-26|18:05:48.818]  - Homestead:                   #0       
INFO [03-26|18:05:48.818]  - Tangerine Whistle (EIP 150): #0       
INFO [03-26|18:05:48.818]  - Spurious Dragon/1 (EIP 155): #0       
INFO [03-26|18:05:48.818]  - Spurious Dragon/2 (EIP 158): #0       
INFO [03-26|18:05:48.818]  - Byzantium:                   #0       
INFO [03-26|18:05:48.818]  - Constantinople:              #0       
INFO [03-26|18:05:48.818]  - Petersburg:                  #0       
INFO [03-26|18:05:48.818]  - Istanbul:                    #0       
INFO [03-26|18:05:48.818]  - Muir Glacier:                #0       
INFO [03-26|18:05:48.818]  - Berlin:                      #0       
INFO [03-26|18:05:48.818]  - London:                      #0       
INFO [03-26|18:05:48.818]  - Arrow Glacier:               #0       
INFO [03-26|18:05:48.818]  - Gray Glacier:                #0       
INFO [03-26|18:05:48.818] 
INFO [03-26|18:05:48.818] Merge configured:
INFO [03-26|18:05:48.818]  - Total terminal difficulty:  0
INFO [03-26|18:05:48.818]  - Merge netsplit block:       #0       
INFO [03-26|18:05:48.818] 
INFO [03-26|18:05:48.818] Post-Merge hard forks (timestamp based):
INFO [03-26|18:05:48.818]  - Shanghai:                    @0         
INFO [03-26|18:05:48.818]  - Cancun:                      @0          blob: (target: 3, max: 6, fraction: 3338477)
INFO [03-26|18:05:48.818]  - Prague:                      @0          blob: (target: 6, max: 9, fraction: 5225352)
INFO [03-26|18:05:48.818]  - Osaka:                       @4294967295 blob: (target: 9, max: 12, fraction: 5225352)
INFO [03-26|18:05:48.818] 
INFO [03-26|18:05:48.818] All fork specifications can be found at https://ethereum.github.io/execution-specs/src/ethereum/forks/
INFO [03-26|18:05:48.818] 
INFO [03-26|18:05:48.818] ---------------------------------------------------------------------------------------------------------------------------------------------------------
INFO [03-26|18:05:48.818] 
INFO [03-26|18:05:48.818] Loaded most recent local block           number=64146 hash=460c71..55d671 age=21s
INFO [03-26|18:05:48.818] Loaded most recent local finalized block number=64128 hash=04b738..bb55b3 age=4m41s
INFO [03-26|18:05:48.819] Initialized transaction indexer          range="last 2350000 blocks"
INFO [03-26|18:05:48.819] Initialized log indexer                  firstblock=0 lastblock=64146 firstmap=0 lastmap=4 headindexed=true
INFO [03-26|18:05:48.829] Enabled full-sync                        head=64146 hash=460c71..55d671
INFO [03-26|18:05:48.829] Unprotected transactions allowed
INFO [03-26|18:05:48.829] Gasprice oracle is ignoring threshold set threshold=2
INFO [03-26|18:05:48.830] Registered sync override service
WARN [03-26|18:05:48.830] You are running Geth in --dev mode. Please note the following:
WARN [03-26|18:05:48.830] 
WARN [03-26|18:05:48.830]   1. This mode is only intended for fast, iterative development without assumptions on
WARN [03-26|18:05:48.830]      security or persistence.
WARN [03-26|18:05:48.830]   2. The database is created in memory unless specified otherwise. Therefore, shutting down
WARN [03-26|18:05:48.830]      your computer or losing power will wipe your entire block data and chain state for
WARN [03-26|18:05:48.830]      your dev environment.
WARN [03-26|18:05:48.830]   3. A random, pre-allocated developer account will be available and unlocked as
WARN [03-26|18:05:48.830]      eth.coinbase, which can be used for testing. The random dev account is temporary,
WARN [03-26|18:05:48.830]      stored on a ramdisk, and will be lost if your machine is restarted.
WARN [03-26|18:05:48.830]   4. Mining is enabled by default. However, the client will only seal blocks if transactions
WARN [03-26|18:05:48.830]      are pending in the mempool. The miner's minimum accepted gas price is 1.
WARN [03-26|18:05:48.830]   5. Networking is disabled; there is no listen-address, the maximum number of peers is set
WARN [03-26|18:05:48.830]      to 0, and discovery is disabled.
WARN [03-26|18:05:48.830] 
INFO [03-26|18:05:48.830] Starting peer-to-peer node               instance=Geth/v1.17.2-unstable-5d0e18f7-20260325/linux-amd64/go1.24.1
WARN [03-26|18:05:48.830] P2P server will be useless, neither dialing nor listening
INFO [03-26|18:05:48.840] New local node record                    seq=1,774,465,405,964 id=9566f6e861acb2c3 ip=127.0.0.1 udp=0 tcp=0
INFO [03-26|18:05:48.840] Started P2P networking                   self=enode://7bcb27e0859fe4ed7072e298a58918cc0b55d08376b1207f77d84f6d0d34ded7448b64ab16dd00733b489383beff49c04f662afae4dd1dc102807640ff82a1cd@127.0.0.1:0
INFO [03-26|18:05:48.840] IPC endpoint opened                      url=/home/CPerezz/bintrie-benchmarks/mpt-vs-bintrie/dbs/mpt/geth.ipc
ERROR[03-26|18:05:48.840] Unavailable modules in HTTP API list     unavailable=[personal] available="[admin debug web3 eth txpool miner net dev testing]"
INFO [03-26|18:05:48.841] HTTP server started                      endpoint=[::]:8545 auth=false prefix= cors= vhosts=localhost
INFO [03-26|18:05:48.841] WebSocket enabled                        url=ws://[::]:8546
INFO [03-26|18:05:48.862] Loaded local transaction journal         transactions=168 dropped=0
INFO [03-26|18:05:49.910] Started log indexer
INFO [03-26|18:05:49.919] Starting work on payload                 id=0x03087fd3fecd5b4e
INFO [03-26|18:05:49.919] Updated payload                          id=0x03087fd3fecd5b4e number=64147 hash=43557e..025999 txs=0 withdrawals=0 gas=0 fees=0 root=2051de..652e0c elapsed="128.979µs"
INFO [03-26|18:05:49.919] Stopping work on payload                 id=0x03087fd3fecd5b4e reason=delivery
WARN [03-26|18:05:49.922] {"level":"warn","msg":"Slow block","block":{"number":64147,"hash":"0x43557eae89a95b0958072b3e6ea839127c955912b2fdd0b3e4148453a1025999","gas_used":0,"tx_count":0},"timing":{"execution_ms":0.02488,"state_read_ms":0.655946,"state_hash_ms":0.01,"commit_ms":0.119369,"total_ms":0.875096},"throughput":{"mgas_per_sec":0},"state_reads":{"accounts":4,"storage_slots":0,"code":0,"code_bytes":0},"state_writes":{"accounts":0,"accounts_deleted":0,"storage_slots":0,"storage_slots_deleted":0,"code":0,"code_bytes":0},"cache":{"account":{"hits":0,"misses":4,"hit_rate":0},"storage":{"hits":0,"misses":0,"hit_rate":0},"code":{"hits":0,"misses":0,"hit_rate":0,"hit_bytes":0,"miss_bytes":0}}}
INFO [03-26|18:05:49.922] Imported new potential chain segment     number=64147 hash=43557e..025999 blocks=1 txs=0 mgas=0.000 elapsed=3.105ms     mgasps=0.000 triediffs=58.24MiB triedirty=0.00B
INFO [03-26|18:05:49.922] Ready for fork activation                fork=Osaka date="07 Feb 06 07:28 CET" remaining=700117h22m25s timestamp=4,294,967,295
INFO [03-26|18:05:49.922] Chain head was updated                   number=64147 hash=43557e..025999 root=2051de..652e0c elapsed="50.5µs"
INFO [03-26|18:05:50.268] Submitted contract creation              hash=0xbf0d22289aeddc7f05f35e37b5d9296168a40a0c4ebf666c78a25dd39b54d443 from=0xf39Fd6e51aad88F6F4ce6aB8827279cffFb92266 nonce=190 contract=0x12Bcb546bC60fF39F1Adfc7cE4605d5Bd6a6A876 value=0
INFO [03-26|18:05:50.270] Submitted transaction                    hash=0xee501da0052fde83103844560d42d42d6c94cb1c58d328adb670e3f118018c8a from=0xf39Fd6e51aad88F6F4ce6aB8827279cffFb92266 nonce=191 recipient=0x5D80405415F3CC6EbbaC2ca32D5Acd4adEaA37a9 value=1,600,000,000
INFO [03-26|18:05:59.925] Starting work on payload                 id=0x03fa2ff660720689
INFO [03-26|18:05:59.932] Updated payload                          id=0x03fa2ff660720689 number=64148 hash=192346..76c861 txs=2 withdrawals=0 gas=89662 fees=7.17296e-13 root=8ee51c..e31a93 elapsed=7.071ms
INFO [03-26|18:05:59.932] Stopping work on payload                 id=0x03fa2ff660720689 reason=delivery
WARN [03-26|18:05:59.939] {"level":"warn","msg":"Slow block","block":{"number":64148,"hash":"0x192346814908e72076ee9e5049d53f218f98f956ade64b94787d0a3ea876c861","gas_used":89662,"tx_count":2},"timing":{"execution_ms":0.058582,"state_read_ms":0.136967,"state_hash_ms":0.308509,"commit_ms":5.26475,"total_ms":5.804039},"throughput":{"mgas_per_sec":15.448207705013699},"state_reads":{"accounts":11,"storage_slots":0,"code":0,"code_bytes":0},"state_writes":{"accounts":3,"accounts_deleted":0,"storage_slots":0,"storage_slots_deleted":0,"code":1,"code_bytes":72},"cache":{"account":{"hits":4,"misses":7,"hit_rate":36.36363636363637},"storage":{"hits":0,"misses":0,"hit_rate":0},"code":{"hits":0,"misses":0,"hit_rate":0,"hit_bytes":0,"miss_bytes":0}}}
INFO [03-26|18:05:59.940] Imported new potential chain segment     number=64148 hash=192346..76c861 blocks=1 txs=2 mgas=0.090 elapsed=6.242ms     mgasps=14.363 triediffs=54.02MiB triedirty=0.00B
INFO [03-26|18:05:59.940] Chain head was updated                   number=64148 hash=192346..76c861 root=8ee51c..e31a93 elapsed="135.199µs"
INFO [03-26|18:06:00.355] Submitted transaction                    hash=0xd6f66988d31bd72f1bdc41746a206ccc59842ed5a0bf188cf5c457b491f4aa27 from=0x5D80405415F3CC6EbbaC2ca32D5Acd4adEaA37a9 nonce=0   recipient=0x12Bcb546bC60fF39F1Adfc7cE4605d5Bd6a6A876 value=0
INFO [03-26|18:06:09.942] Starting work on payload                 id=0x0381d893e60b19ef
WARN [03-26|18:06:11.493] Served eth_hashrate                      conn=167.94.146.60:33972 reqid=1 duration="23.72µs" err="the method eth_hashrate does not exist/is not available"
WARN [03-26|18:06:17.640] Block building is interrupted            allowance=2s
INFO [03-26|18:06:17.641] Updated payload                          id=0x0381d893e60b19ef number=64149 hash=24f0df..c44e53 txs=1 withdrawals=0 gas=100,000,000 fees=8e-10       root=55cb1f..49534d elapsed=7.698s
WARN [03-26|18:06:23.140] {"level":"warn","msg":"Slow block","block":{"number":64149,"hash":"0x24f0df2cb8fa01fddd661f4a2a73e791a794e12356965600178f8415d9c44e53","gas_used":100000000,"tx_count":1},"timing":{"execution_ms":294.56743,"state_read_ms":5175.345196,"state_hash_ms":0.07102,"commit_ms":27.166828,"total_ms":5497.258424},"throughput":{"mgas_per_sec":18.1908857628775},"state_reads":{"accounts":8,"storage_slots":36742,"code":2,"code_bytes":1416},"state_writes":{"accounts":2,"accounts_deleted":0,"storage_slots":0,"storage_slots_deleted":0,"code":0,"code_bytes":0},"cache":{"account":{"hits":4,"misses":4,"hit_rate":50},"storage":{"hits":2236,"misses":34506,"hit_rate":6.085678515050896},"code":{"hits":2,"misses":0,"hit_rate":100,"hit_bytes":1416,"miss_bytes":0}}}
INFO [03-26|18:06:23.140] Imported new potential chain segment     number=64149 hash=24f0df..c44e53 blocks=1 txs=1 mgas=100.000 elapsed=5.498s      mgasps=18.187 triediffs=51.10MiB triedirty=0.00B
INFO [03-26|18:06:23.141] Chain head was updated                   number=64149 hash=24f0df..c44e53 root=55cb1f..49534d elapsed="44.87µs"
WARN [03-26|18:06:23.234] Block building is interrupted            allowance=2s
INFO [03-26|18:06:23.234] Stopping work on payload                 id=0x0381d893e60b19ef reason=delivery
