INFO [03-26|19:53:12.103] Starting Geth on Ethereum mainnet...
INFO [03-26|19:53:12.104] Maximum peer count                       ETH=0 total=0
INFO [03-26|19:53:12.105] Smartcard socket not found, disabling    err="stat /run/pcscd/pcscd.comm: no such file or directory"
WARN [03-26|19:53:12.106] Option --miner.etherbase is deprecated as the etherbase is set by the consensus client post-merge
WARN [03-26|19:53:12.107] Snap sync requested, resetting --cache.snapshot
INFO [03-26|19:53:12.107] Global gas cap disabled
INFO [03-26|19:53:12.751] Using developer account                  address=0xf39Fd6e51aad88F6F4ce6aB8827279cffFb92266
INFO [03-26|19:53:12.919] Using pebble as the backing database
INFO [03-26|19:53:12.919] Allocated cache and file handles         database=/home/CPerezz/bintrie-benchmarks/mpt-vs-bintrie/dbs/mpt/geth/chaindata cache=16.00MiB handles=524,288
INFO [03-26|19:53:14.042] Opened ancient database                  database=/home/CPerezz/bintrie-benchmarks/mpt-vs-bintrie/dbs/mpt/geth/chaindata/ancient/chain readonly=true
INFO [03-26|19:53:14.042] Opened Era store                         datadir=/home/CPerezz/bintrie-benchmarks/mpt-vs-bintrie/dbs/mpt/geth/chaindata/ancient/chain/era
INFO [03-26|19:53:14.054] Initializing the KZG library             backend=gokzg
INFO [03-26|19:53:14.056] Allocated trie memory caches             clean=0.00B dirty=0.00B
INFO [03-26|19:53:14.157] Using pebble as the backing database
INFO [03-26|19:53:14.157] Allocated cache and file handles         database=/home/CPerezz/bintrie-benchmarks/mpt-vs-bintrie/dbs/mpt/geth/chaindata cache=16.00MiB handles=524,288
INFO [03-26|19:53:15.505] Opened ancient database                  database=/home/CPerezz/bintrie-benchmarks/mpt-vs-bintrie/dbs/mpt/geth/chaindata/ancient/chain readonly=false
INFO [03-26|19:53:15.506] Opened Era store                         datadir=/home/CPerezz/bintrie-benchmarks/mpt-vs-bintrie/dbs/mpt/geth/chaindata/ancient/chain/era
INFO [03-26|19:53:15.507] State scheme set to already existing     scheme=path
INFO [03-26|19:53:15.508] Initialising Ethereum protocol           network=1337 dbversion=9
INFO [03-26|19:53:15.508] Load database journal from file          path=/home/CPerezz/bintrie-benchmarks/mpt-vs-bintrie/dbs/mpt/geth/triedb/merkle.journal
INFO [03-26|19:53:17.446] Opened ancient database                  database=/home/CPerezz/bintrie-benchmarks/mpt-vs-bintrie/dbs/mpt/geth/chaindata/ancient/state readonly=false
INFO [03-26|19:53:17.447] Initialized path database                triecache=0.00B statecache=0.00B buffer=0.00B state-history="last 90000 blocks" journal-dir=/home/CPerezz/bintrie-benchmarks/mpt-vs-bintrie/dbs/mpt/geth/triedb
INFO [03-26|19:53:17.450] 
INFO [03-26|19:53:17.450] ---------------------------------------------------------------------------------------------------------------------------------------------------------
INFO [03-26|19:53:17.450] Chain ID:  1337 (unknown)
INFO [03-26|19:53:17.450] Consensus: unknown
INFO [03-26|19:53:17.450] 
INFO [03-26|19:53:17.450] Pre-Merge hard forks (block based):
INFO [03-26|19:53:17.450]  - Homestead:                   #0       
INFO [03-26|19:53:17.450]  - Tangerine Whistle (EIP 150): #0       
INFO [03-26|19:53:17.450]  - Spurious Dragon/1 (EIP 155): #0       
INFO [03-26|19:53:17.450]  - Spurious Dragon/2 (EIP 158): #0       
INFO [03-26|19:53:17.450]  - Byzantium:                   #0       
INFO [03-26|19:53:17.450]  - Constantinople:              #0       
INFO [03-26|19:53:17.450]  - Petersburg:                  #0       
INFO [03-26|19:53:17.450]  - Istanbul:                    #0       
INFO [03-26|19:53:17.450]  - Muir Glacier:                #0       
INFO [03-26|19:53:17.450]  - Berlin:                      #0       
INFO [03-26|19:53:17.450]  - London:                      #0       
INFO [03-26|19:53:17.450]  - Arrow Glacier:               #0       
INFO [03-26|19:53:17.450]  - Gray Glacier:                #0       
INFO [03-26|19:53:17.450] 
INFO [03-26|19:53:17.450] Merge configured:
INFO [03-26|19:53:17.450]  - Total terminal difficulty:  0
INFO [03-26|19:53:17.450]  - Merge netsplit block:       #0       
INFO [03-26|19:53:17.450] 
INFO [03-26|19:53:17.450] Post-Merge hard forks (timestamp based):
INFO [03-26|19:53:17.450]  - Shanghai:                    @0         
INFO [03-26|19:53:17.450]  - Cancun:                      @0          blob: (target: 3, max: 6, fraction: 3338477)
INFO [03-26|19:53:17.450]  - Prague:                      @0          blob: (target: 6, max: 9, fraction: 5225352)
INFO [03-26|19:53:17.450]  - Osaka:                       @4294967295 blob: (target: 9, max: 12, fraction: 5225352)
INFO [03-26|19:53:17.450] 
INFO [03-26|19:53:17.450] All fork specifications can be found at https://ethereum.github.io/execution-specs/src/ethereum/forks/
INFO [03-26|19:53:17.450] 
INFO [03-26|19:53:17.450] ---------------------------------------------------------------------------------------------------------------------------------------------------------
INFO [03-26|19:53:17.450] 
INFO [03-26|19:53:17.452] Loaded most recent local block           number=64682 hash=235066..5b8955 age=11s
INFO [03-26|19:53:17.452] Loaded most recent local finalized block number=64672 hash=98967e..d2d907 age=2m3s
INFO [03-26|19:53:17.453] Initialized transaction indexer          range="last 2350000 blocks"
INFO [03-26|19:53:17.453] Initialized log indexer                  firstblock=0 lastblock=64682 firstmap=0 lastmap=4 headindexed=true
INFO [03-26|19:53:17.461] Enabled full-sync                        head=64682 hash=235066..5b8955
INFO [03-26|19:53:17.461] Unprotected transactions allowed
INFO [03-26|19:53:17.461] Gasprice oracle is ignoring threshold set threshold=2
INFO [03-26|19:53:17.462] Registered sync override service
WARN [03-26|19:53:17.462] You are running Geth in --dev mode. Please note the following:
WARN [03-26|19:53:17.462] 
WARN [03-26|19:53:17.462]   1. This mode is only intended for fast, iterative development without assumptions on
WARN [03-26|19:53:17.462]      security or persistence.
WARN [03-26|19:53:17.462]   2. The database is created in memory unless specified otherwise. Therefore, shutting down
WARN [03-26|19:53:17.462]      your computer or losing power will wipe your entire block data and chain state for
WARN [03-26|19:53:17.462]      your dev environment.
WARN [03-26|19:53:17.462]   3. A random, pre-allocated developer account will be available and unlocked as
WARN [03-26|19:53:17.462]      eth.coinbase, which can be used for testing. The random dev account is temporary,
WARN [03-26|19:53:17.462]      stored on a ramdisk, and will be lost if your machine is restarted.
WARN [03-26|19:53:17.462]   4. Mining is enabled by default. However, the client will only seal blocks if transactions
WARN [03-26|19:53:17.462]      are pending in the mempool. The miner's minimum accepted gas price is 1.
WARN [03-26|19:53:17.462]   5. Networking is disabled; there is no listen-address, the maximum number of peers is set
WARN [03-26|19:53:17.462]      to 0, and discovery is disabled.
WARN [03-26|19:53:17.462] 
INFO [03-26|19:53:17.462] Starting peer-to-peer node               instance=Geth/v1.17.2-unstable-5d0e18f7-20260325/linux-amd64/go1.24.1
WARN [03-26|19:53:17.462] P2P server will be useless, neither dialing nor listening
INFO [03-26|19:53:17.476] New local node record                    seq=1,774,465,406,163 id=9566f6e861acb2c3 ip=127.0.0.1 udp=0 tcp=0
INFO [03-26|19:53:17.476] Started P2P networking                   self=enode://7bcb27e0859fe4ed7072e298a58918cc0b55d08376b1207f77d84f6d0d34ded7448b64ab16dd00733b489383beff49c04f662afae4dd1dc102807640ff82a1cd@127.0.0.1:0
INFO [03-26|19:53:17.477] IPC endpoint opened                      url=/home/CPerezz/bintrie-benchmarks/mpt-vs-bintrie/dbs/mpt/geth.ipc
ERROR[03-26|19:53:17.477] Unavailable modules in HTTP API list     unavailable=[personal] available="[admin debug web3 eth txpool miner net dev testing]"
INFO [03-26|19:53:17.478] HTTP server started                      endpoint=[::]:8545 auth=false prefix= cors= vhosts=localhost
INFO [03-26|19:53:17.478] WebSocket enabled                        url=ws://[::]:8546
INFO [03-26|19:53:17.550] Loaded local transaction journal         transactions=817 dropped=0
INFO [03-26|19:53:19.058] Submitted contract creation              hash=0x1dec6a12f413c97705f3aa0b3c16a4ce09d83e045de085df691cc7563ed94e7d from=0xf39Fd6e51aad88F6F4ce6aB8827279cffFb92266 nonce=588 contract=0x8d375dE3D5DDde8d8caAaD6a4c31bD291756180b value=0
INFO [03-26|19:53:19.059] Submitted transaction                    hash=0x3306ebdf118977da45fa7c1389c3fb19f73fe6a149e6b15ec886aa7c50548873 from=0xf39Fd6e51aad88F6F4ce6aB8827279cffFb92266 nonce=589 recipient=0x73d6A85fFeE13a9c91653CBcd6e24a32aaa5dA14 value=4,427,800,000,000
INFO [03-26|19:53:19.316] Started log indexer
INFO [03-26|19:53:19.321] Starting work on payload                 id=0x03af4690cb94e28f
INFO [03-26|19:53:19.329] Updated payload                          id=0x03af4690cb94e28f number=64683 hash=14e078..4e5f18 txs=2 withdrawals=0 gas=90958 fees=4.02671066e-09 root=a9f63c..126dc1 elapsed=7.968ms
INFO [03-26|19:53:19.329] Stopping work on payload                 id=0x03af4690cb94e28f reason=delivery
WARN [03-26|19:53:19.341] {"level":"warn","msg":"Slow block","block":{"number":64683,"hash":"0x14e0786eb539b0e99362dd8f9d4243b5949c4f4002d15f83bf4873ef904e5f18","gas_used":90958,"tx_count":2},"timing":{"execution_ms":0.05887,"state_read_ms":0.115359,"state_hash_ms":1.400782,"commit_ms":10.235014,"total_ms":11.872496},"throughput":{"mgas_per_sec":7.661236525158652},"state_reads":{"accounts":11,"storage_slots":0,"code":0,"code_bytes":0},"state_writes":{"accounts":3,"accounts_deleted":0,"storage_slots":0,"storage_slots_deleted":0,"code":1,"code_bytes":78},"cache":{"account":{"hits":6,"misses":5,"hit_rate":54.54545454545454},"storage":{"hits":0,"misses":0,"hit_rate":0},"code":{"hits":0,"misses":0,"hit_rate":0,"hit_bytes":0,"miss_bytes":0}}}
INFO [03-26|19:53:19.341] Imported new potential chain segment     number=64683 hash=14e078..4e5f18 blocks=1 txs=2 mgas=0.091 elapsed=12.132ms mgasps=7.497 triediffs=306.48MiB triedirty=0.00B
INFO [03-26|19:53:19.341] Ready for fork activation                fork=Osaka date="07 Feb 06 07:28 CET" remaining=700115h34m56s timestamp=4,294,967,295
INFO [03-26|19:53:19.342] Chain head was updated                   number=64683 hash=14e078..4e5f18 root=a9f63c..126dc1 elapsed="192.159µs"
INFO [03-26|19:53:20.073] Submitted transaction                    hash=0xec105a09bac4351b66e7a80ba632c80f5a945d6ed373f9576d80d5ada2ab4eb4 from=0x73d6A85fFeE13a9c91653CBcd6e24a32aaa5dA14 nonce=0   recipient=0x8d375dE3D5DDde8d8caAaD6a4c31bD291756180b value=0
INFO [03-26|19:53:29.346] Starting work on payload                 id=0x03ae0e1d367f373f
INFO [03-26|19:53:30.172] Updated payload                          id=0x03ae0e1d367f373f number=64684 hash=95888c..405ace txs=1 withdrawals=0 gas=93,739,282 fees=4.149838014e-06 root=1ee33f..e6b49a elapsed=825.822ms
INFO [03-26|19:53:30.172] Stopping work on payload                 id=0x03ae0e1d367f373f reason=delivery
WARN [03-26|19:53:31.101] {"level":"warn","msg":"Slow block","block":{"number":64684,"hash":"0x95888ca0c9af7ca58d95e92babf043451b9c2c66968cc0f47d39e869c8405ace","gas_used":93739282,"tx_count":1},"timing":{"execution_ms":36.346029,"state_read_ms":587.12436,"state_hash_ms":278.774579,"commit_ms":24.558606,"total_ms":926.901825},"throughput":{"mgas_per_sec":101.13183453921887},"state_reads":{"accounts":8,"storage_slots":4094,"code":2,"code_bytes":1422},"state_writes":{"accounts":3,"accounts_deleted":0,"storage_slots":4094,"storage_slots_deleted":0,"code":0,"code_bytes":0},"cache":{"account":{"hits":3,"misses":5,"hit_rate":37.5},"storage":{"hits":453,"misses":3641,"hit_rate":11.064973131411822},"code":{"hits":2,"misses":0,"hit_rate":100,"hit_bytes":1422,"miss_bytes":0}}}
INFO [03-26|19:53:31.101] Imported new potential chain segment     number=64684 hash=95888c..405ace blocks=1 txs=1 mgas=93.739 elapsed=928.609ms   mgasps=100.946 triediffs=314.25MiB triedirty=0.00B
INFO [03-26|19:53:31.102] Chain head was updated                   number=64684 hash=95888c..405ace root=1ee33f..e6b49a elapsed="72.54µs"
INFO [03-26|19:53:31.155] Submitted transaction                    hash=0x2424007490429664325bdd46c0cc11bb2f44a1cdeda784df8f2f8d2f91c74771 from=0x73d6A85fFeE13a9c91653CBcd6e24a32aaa5dA14 nonce=1   recipient=0xf39Fd6e51aad88F6F4ce6aB8827279cffFb92266 value=276,747,005,604
INFO [03-26|19:53:41.105] Starting work on payload                 id=0x03b560a5daa50287
INFO [03-26|19:53:41.106] Updated payload                          id=0x03b560a5daa50287 number=64685 hash=104f2d..02f43e txs=1 withdrawals=0 gas=21000      fees=4.64772e-10     root=9c8859..c28d99 elapsed=1.030ms
INFO [03-26|19:53:41.106] Stopping work on payload                 id=0x03b560a5daa50287 reason=delivery
WARN [03-26|19:53:41.108] {"level":"warn","msg":"Slow block","block":{"number":64685,"hash":"0x104f2d26314c3466b509aae10d0c12921bd76571dd9f6ad6d131cb2b0402f43e","gas_used":21000,"tx_count":1},"timing":{"execution_ms":0.062218,"state_read_ms":0.477479,"state_hash_ms":0.093179,"commit_ms":0.487227,"total_ms":1.188294},"throughput":{"mgas_per_sec":17.672394205474404},"state_reads":{"accounts":6,"storage_slots":0,"code":0,"code_bytes":0},"state_writes":{"accounts":2,"accounts_deleted":0,"storage_slots":0,"storage_slots_deleted":0,"code":0,"code_bytes":0},"cache":{"account":{"hits":2,"misses":4,"hit_rate":33.33333333333333},"storage":{"hits":0,"misses":0,"hit_rate":0},"code":{"hits":0,"misses":0,"hit_rate":0,"hit_bytes":0,"miss_bytes":0}}}
INFO [03-26|19:53:41.108] Imported new potential chain segment     number=64685 hash=104f2d..02f43e blocks=1 txs=1 mgas=0.021  elapsed=1.414ms     mgasps=14.847  triediffs=314.25MiB triedirty=0.00B
INFO [03-26|19:53:41.108] Chain head was updated                   number=64685 hash=104f2d..02f43e root=9c8859..c28d99 elapsed="78.87µs"
