INFO [03-26|17:43:57.634] Starting Geth on Ethereum mainnet...
INFO [03-26|17:43:57.636] Maximum peer count                       ETH=0 total=0
INFO [03-26|17:43:57.636] Smartcard socket not found, disabling    err="stat /run/pcscd/pcscd.comm: no such file or directory"
WARN [03-26|17:43:57.638] Option --miner.etherbase is deprecated as the etherbase is set by the consensus client post-merge
WARN [03-26|17:43:57.640] Snap sync requested, resetting --cache.snapshot
INFO [03-26|17:43:57.640] Global gas cap disabled
INFO [03-26|17:43:58.291] Using developer account                  address=0xf39Fd6e51aad88F6F4ce6aB8827279cffFb92266
INFO [03-26|17:43:58.532] Using pebble as the backing database
INFO [03-26|17:43:58.532] Allocated cache and file handles         database=/home/CPerezz/bintrie-benchmarks/mpt-vs-bintrie/dbs/mpt/geth/chaindata cache=16.00MiB handles=524,288
INFO [03-26|17:44:00.733] Opened ancient database                  database=/home/CPerezz/bintrie-benchmarks/mpt-vs-bintrie/dbs/mpt/geth/chaindata/ancient/chain readonly=true
INFO [03-26|17:44:00.733] Opened Era store                         datadir=/home/CPerezz/bintrie-benchmarks/mpt-vs-bintrie/dbs/mpt/geth/chaindata/ancient/chain/era
INFO [03-26|17:44:00.741] Initializing the KZG library             backend=gokzg
INFO [03-26|17:44:00.744] Allocated trie memory caches             clean=0.00B dirty=0.00B
INFO [03-26|17:44:00.850] Using pebble as the backing database
INFO [03-26|17:44:00.851] Allocated cache and file handles         database=/home/CPerezz/bintrie-benchmarks/mpt-vs-bintrie/dbs/mpt/geth/chaindata cache=16.00MiB handles=524,288
INFO [03-26|17:44:02.165] Opened ancient database                  database=/home/CPerezz/bintrie-benchmarks/mpt-vs-bintrie/dbs/mpt/geth/chaindata/ancient/chain readonly=false
INFO [03-26|17:44:02.165] Opened Era store                         datadir=/home/CPerezz/bintrie-benchmarks/mpt-vs-bintrie/dbs/mpt/geth/chaindata/ancient/chain/era
INFO [03-26|17:44:02.167] State scheme set to already existing     scheme=path
INFO [03-26|17:44:02.169] Initialising Ethereum protocol           network=1337 dbversion=9
INFO [03-26|17:44:02.169] Load database journal from file          path=/home/CPerezz/bintrie-benchmarks/mpt-vs-bintrie/dbs/mpt/geth/triedb/merkle.journal
INFO [03-26|17:44:03.794] Opened ancient database                  database=/home/CPerezz/bintrie-benchmarks/mpt-vs-bintrie/dbs/mpt/geth/chaindata/ancient/state readonly=false
INFO [03-26|17:44:03.795] Initialized path database                triecache=0.00B statecache=0.00B buffer=0.00B state-history="last 90000 blocks" journal-dir=/home/CPerezz/bintrie-benchmarks/mpt-vs-bintrie/dbs/mpt/geth/triedb
INFO [03-26|17:44:03.795] 
INFO [03-26|17:44:03.795] ---------------------------------------------------------------------------------------------------------------------------------------------------------
INFO [03-26|17:44:03.795] Chain ID:  1337 (unknown)
INFO [03-26|17:44:03.795] Consensus: unknown
INFO [03-26|17:44:03.795] 
INFO [03-26|17:44:03.795] Pre-Merge hard forks (block based):
INFO [03-26|17:44:03.795]  - Homestead:                   #0       
INFO [03-26|17:44:03.795]  - Tangerine Whistle (EIP 150): #0       
INFO [03-26|17:44:03.795]  - Spurious Dragon/1 (EIP 155): #0       
INFO [03-26|17:44:03.795]  - Spurious Dragon/2 (EIP 158): #0       
INFO [03-26|17:44:03.795]  - Byzantium:                   #0       
INFO [03-26|17:44:03.795]  - Constantinople:              #0       
INFO [03-26|17:44:03.795]  - Petersburg:                  #0       
INFO [03-26|17:44:03.795]  - Istanbul:                    #0       
INFO [03-26|17:44:03.795]  - Muir Glacier:                #0       
INFO [03-26|17:44:03.795]  - Berlin:                      #0       
INFO [03-26|17:44:03.795]  - London:                      #0       
INFO [03-26|17:44:03.795]  - Arrow Glacier:               #0       
INFO [03-26|17:44:03.795]  - Gray Glacier:                #0       
INFO [03-26|17:44:03.795] 
INFO [03-26|17:44:03.795] Merge configured:
INFO [03-26|17:44:03.795]  - Total terminal difficulty:  0
INFO [03-26|17:44:03.795]  - Merge netsplit block:       #0       
INFO [03-26|17:44:03.795] 
INFO [03-26|17:44:03.795] Post-Merge hard forks (timestamp based):
INFO [03-26|17:44:03.795]  - Shanghai:                    @0         
INFO [03-26|17:44:03.795]  - Cancun:                      @0          blob: (target: 3, max: 6, fraction: 3338477)
INFO [03-26|17:44:03.795]  - Prague:                      @0          blob: (target: 6, max: 9, fraction: 5225352)
INFO [03-26|17:44:03.795]  - Osaka:                       @4294967295 blob: (target: 9, max: 12, fraction: 5225352)
INFO [03-26|17:44:03.795] 
INFO [03-26|17:44:03.795] All fork specifications can be found at https://ethereum.github.io/execution-specs/src/ethereum/forks/
INFO [03-26|17:44:03.795] 
INFO [03-26|17:44:03.795] ---------------------------------------------------------------------------------------------------------------------------------------------------------
INFO [03-26|17:44:03.795] 
INFO [03-26|17:44:03.796] Loaded most recent local block           number=64058 hash=232d07..14353c age=25s
INFO [03-26|17:44:03.796] Loaded most recent local finalized block number=64032 hash=cbcc68..28addb age=6m58s
INFO [03-26|17:44:03.796] Initialized transaction indexer          range="last 2350000 blocks"
INFO [03-26|17:44:03.796] Initialized log indexer                  firstblock=0 lastblock=64058 firstmap=0 lastmap=4 headindexed=true
INFO [03-26|17:44:03.803] Enabled full-sync                        head=64058 hash=232d07..14353c
INFO [03-26|17:44:03.803] Unprotected transactions allowed
INFO [03-26|17:44:03.803] Gasprice oracle is ignoring threshold set threshold=2
INFO [03-26|17:44:03.803] Registered sync override service
WARN [03-26|17:44:03.803] You are running Geth in --dev mode. Please note the following:
WARN [03-26|17:44:03.803] 
WARN [03-26|17:44:03.803]   1. This mode is only intended for fast, iterative development without assumptions on
WARN [03-26|17:44:03.803]      security or persistence.
WARN [03-26|17:44:03.803]   2. The database is created in memory unless specified otherwise. Therefore, shutting down
WARN [03-26|17:44:03.803]      your computer or losing power will wipe your entire block data and chain state for
WARN [03-26|17:44:03.803]      your dev environment.
WARN [03-26|17:44:03.803]   3. A random, pre-allocated developer account will be available and unlocked as
WARN [03-26|17:44:03.803]      eth.coinbase, which can be used for testing. The random dev account is temporary,
WARN [03-26|17:44:03.803]      stored on a ramdisk, and will be lost if your machine is restarted.
WARN [03-26|17:44:03.803]   4. Mining is enabled by default. However, the client will only seal blocks if transactions
WARN [03-26|17:44:03.803]      are pending in the mempool. The miner's minimum accepted gas price is 1.
WARN [03-26|17:44:03.804]   5. Networking is disabled; there is no listen-address, the maximum number of peers is set
WARN [03-26|17:44:03.804]      to 0, and discovery is disabled.
WARN [03-26|17:44:03.804] 
INFO [03-26|17:44:03.804] Starting peer-to-peer node               instance=Geth/v1.17.2-unstable-5d0e18f7-20260325/linux-amd64/go1.24.1
WARN [03-26|17:44:03.804] P2P server will be useless, neither dialing nor listening
INFO [03-26|17:44:03.808] IPC endpoint opened                      url=/home/CPerezz/bintrie-benchmarks/mpt-vs-bintrie/dbs/mpt/geth.ipc
ERROR[03-26|17:44:03.808] Unavailable modules in HTTP API list     unavailable=[personal] available="[admin debug web3 eth txpool miner net dev testing]"
INFO [03-26|17:44:03.808] HTTP server started                      endpoint=[::]:8545 auth=false prefix= cors= vhosts=localhost
INFO [03-26|17:44:03.808] WebSocket enabled                        url=ws://[::]:8546
INFO [03-26|17:44:03.809] New local node record                    seq=1,774,465,405,934 id=9566f6e861acb2c3 ip=127.0.0.1 udp=0 tcp=0
INFO [03-26|17:44:03.809] Started P2P networking                   self=enode://7bcb27e0859fe4ed7072e298a58918cc0b55d08376b1207f77d84f6d0d34ded7448b64ab16dd00733b489383beff49c04f662afae4dd1dc102807640ff82a1cd@127.0.0.1:0
INFO [03-26|17:44:03.812] Loaded local transaction journal         transactions=78 dropped=0
INFO [03-26|17:44:05.218] Started log indexer
INFO [03-26|17:44:05.226] Starting work on payload                 id=0x03599035c4776f3b
INFO [03-26|17:44:05.226] Updated payload                          id=0x03599035c4776f3b number=64059 hash=8ba73e..3aa435 txs=0 withdrawals=0 gas=0 fees=0 root=3ef569..63451a elapsed="148.189µs"
INFO [03-26|17:44:05.226] Stopping work on payload                 id=0x03599035c4776f3b reason=delivery
WARN [03-26|17:44:05.229] {"level":"warn","msg":"Slow block","block":{"number":64059,"hash":"0x8ba73e87ef5e755edf4df29c5c5f9969cb88f4c7fff5c7cbc9db4ab4f73aa435","gas_used":0,"tx_count":0},"timing":{"execution_ms":0.014869,"state_read_ms":0.13384,"state_hash_ms":0.00572,"commit_ms":0.07008,"total_ms":0.27767},"throughput":{"mgas_per_sec":0},"state_reads":{"accounts":4,"storage_slots":0,"code":0,"code_bytes":0},"state_writes":{"accounts":0,"accounts_deleted":0,"storage_slots":0,"storage_slots_deleted":0,"code":0,"code_bytes":0},"cache":{"account":{"hits":0,"misses":4,"hit_rate":0},"storage":{"hits":0,"misses":0,"hit_rate":0},"code":{"hits":0,"misses":0,"hit_rate":0,"hit_bytes":0,"miss_bytes":0}}}
INFO [03-26|17:44:05.229] Imported new potential chain segment     number=64059 hash=8ba73e..3aa435 blocks=1 txs=0 mgas=0.000 elapsed=2.385ms     mgasps=0.000 triediffs=272.05MiB triedirty=0.00B
INFO [03-26|17:44:05.229] Ready for fork activation                fork=Osaka date="07 Feb 06 07:28 CET" remaining=700117h44m10s timestamp=4,294,967,295
INFO [03-26|17:44:05.230] Chain head was updated                   number=64059 hash=8ba73e..3aa435 root=3ef569..63451a elapsed="145.019µs"
INFO [03-26|17:44:05.914] Submitted contract creation              hash=0xf3ad7ad899ca07e67625c15f2afa0ad87dc8235832b4480a6a910778ee51d062 from=0xf39Fd6e51aad88F6F4ce6aB8827279cffFb92266 nonce=130 contract=0xb9bEECD1A582768711dE1EE7B0A1d582D9d72a6C value=0
INFO [03-26|17:44:05.916] Submitted transaction                    hash=0xab01eb070f48dfddf286a3d0c388c546804ad75d317b34e1b3116aeb14aceba1 from=0xf39Fd6e51aad88F6F4ce6aB8827279cffFb92266 nonce=131 recipient=0x3a56cFb4af93ea6650E3fe269DD0e15E386D5829 value=1,600,000,000
INFO [03-26|17:44:15.232] Starting work on payload                 id=0x032e21ead824da06
INFO [03-26|17:44:15.238] Updated payload                          id=0x032e21ead824da06 number=64060 hash=6d3060..7ceb90 txs=2 withdrawals=0 gas=89662 fees=7.17296e-13 root=714c53..960a43 elapsed=5.984ms
INFO [03-26|17:44:15.238] Stopping work on payload                 id=0x032e21ead824da06 reason=delivery
WARN [03-26|17:44:15.244] {"level":"warn","msg":"Slow block","block":{"number":64060,"hash":"0x6d30604673f5a03917a239f5fe79b621301f625d63b7db4f881654c3437ceb90","gas_used":89662,"tx_count":2},"timing":{"execution_ms":0.038739,"state_read_ms":0.07073,"state_hash_ms":0.336888,"commit_ms":5.120482,"total_ms":5.604319},"throughput":{"mgas_per_sec":15.998732406203144},"state_reads":{"accounts":11,"storage_slots":0,"code":0,"code_bytes":0},"state_writes":{"accounts":3,"accounts_deleted":0,"storage_slots":0,"storage_slots_deleted":0,"code":1,"code_bytes":72},"cache":{"account":{"hits":5,"misses":6,"hit_rate":45.45454545454545},"storage":{"hits":0,"misses":0,"hit_rate":0},"code":{"hits":0,"misses":0,"hit_rate":0,"hit_bytes":0,"miss_bytes":0}}}
INFO [03-26|17:44:15.245] Imported new potential chain segment     number=64060 hash=6d3060..7ceb90 blocks=1 txs=2 mgas=0.090 elapsed=6.001ms     mgasps=14.940 triediffs=267.83MiB triedirty=0.00B
INFO [03-26|17:44:15.245] Chain head was updated                   number=64060 hash=6d3060..7ceb90 root=714c53..960a43 elapsed="119.33µs"
INFO [03-26|17:44:16.001] Submitted transaction                    hash=0x1c749eb329123ef596d96a44d5df0c29783030c9fa02efe7f2a1aa34d759adaa from=0x3a56cFb4af93ea6650E3fe269DD0e15E386D5829 nonce=0   recipient=0xb9bEECD1A582768711dE1EE7B0A1d582D9d72a6C value=0
INFO [03-26|17:44:25.247] Starting work on payload                 id=0x03ba796c88e27a51
WARN [03-26|17:44:32.410] Block building is interrupted            allowance=2s
INFO [03-26|17:44:32.411] Updated payload                          id=0x03ba796c88e27a51 number=64061 hash=27f554..390f8c txs=1 withdrawals=0 gas=100,000,000 fees=8e-10       root=23f110..991f81 elapsed=7.163s
WARN [03-26|17:44:37.542] Block building is interrupted            allowance=2s
INFO [03-26|17:44:37.543] Stopping work on payload                 id=0x03ba796c88e27a51 reason=delivery
WARN [03-26|17:44:37.572] {"level":"warn","msg":"Slow block","block":{"number":64061,"hash":"0x27f5548869d14dc4a14c601d0a1e9f788c901e7a99a3c2756f8450f990390f8c","gas_used":100000000,"tx_count":1},"timing":{"execution_ms":282.228314,"state_read_ms":4847.145449,"state_hash_ms":0.05442,"commit_ms":28.942717,"total_ms":5158.4527},"throughput":{"mgas_per_sec":19.385658028811623},"state_reads":{"accounts":8,"storage_slots":36742,"code":2,"code_bytes":1416},"state_writes":{"accounts":2,"accounts_deleted":0,"storage_slots":0,"storage_slots_deleted":0,"code":0,"code_bytes":0},"cache":{"account":{"hits":3,"misses":5,"hit_rate":37.5},"storage":{"hits":2230,"misses":34512,"hit_rate":6.069348429590115},"code":{"hits":2,"misses":0,"hit_rate":100,"hit_bytes":1416,"miss_bytes":0}}}
INFO [03-26|17:44:37.572] Imported new potential chain segment     number=64061 hash=27f554..390f8c blocks=1 txs=1 mgas=100.000 elapsed=5.159s      mgasps=19.381 triediffs=264.89MiB triedirty=0.00B
INFO [03-26|17:44:37.573] Chain head was updated                   number=64061 hash=27f554..390f8c root=23f110..991f81 elapsed="66.51µs"
