INFO [03-26|18:25:02.953] Starting Geth on Ethereum mainnet...
INFO [03-26|18:25:02.954] Maximum peer count                       ETH=0 total=0
INFO [03-26|18:25:02.956] Smartcard socket not found, disabling    err="stat /run/pcscd/pcscd.comm: no such file or directory"
WARN [03-26|18:25:02.957] Option --miner.etherbase is deprecated as the etherbase is set by the consensus client post-merge
WARN [03-26|18:25:02.958] Snap sync requested, resetting --cache.snapshot
INFO [03-26|18:25:02.958] Global gas cap disabled
INFO [03-26|18:25:03.603] Using developer account                  address=0xf39Fd6e51aad88F6F4ce6aB8827279cffFb92266
INFO [03-26|18:25:03.846] Using pebble as the backing database
INFO [03-26|18:25:03.846] Allocated cache and file handles         database=/home/CPerezz/bintrie-benchmarks/mpt-vs-bintrie/dbs/mpt/geth/chaindata cache=16.00MiB handles=524,288
INFO [03-26|18:25:06.083] Opened ancient database                  database=/home/CPerezz/bintrie-benchmarks/mpt-vs-bintrie/dbs/mpt/geth/chaindata/ancient/chain readonly=true
INFO [03-26|18:25:06.083] Opened Era store                         datadir=/home/CPerezz/bintrie-benchmarks/mpt-vs-bintrie/dbs/mpt/geth/chaindata/ancient/chain/era
INFO [03-26|18:25:06.092] Initializing the KZG library             backend=gokzg
INFO [03-26|18:25:06.094] Allocated trie memory caches             clean=0.00B dirty=0.00B
INFO [03-26|18:25:06.183] Using pebble as the backing database
INFO [03-26|18:25:06.183] Allocated cache and file handles         database=/home/CPerezz/bintrie-benchmarks/mpt-vs-bintrie/dbs/mpt/geth/chaindata cache=16.00MiB handles=524,288
INFO [03-26|18:25:07.476] Opened ancient database                  database=/home/CPerezz/bintrie-benchmarks/mpt-vs-bintrie/dbs/mpt/geth/chaindata/ancient/chain readonly=false
INFO [03-26|18:25:07.476] Opened Era store                         datadir=/home/CPerezz/bintrie-benchmarks/mpt-vs-bintrie/dbs/mpt/geth/chaindata/ancient/chain/era
INFO [03-26|18:25:07.477] State scheme set to already existing     scheme=path
INFO [03-26|18:25:07.479] Initialising Ethereum protocol           network=1337 dbversion=9
INFO [03-26|18:25:07.479] Load database journal from file          path=/home/CPerezz/bintrie-benchmarks/mpt-vs-bintrie/dbs/mpt/geth/triedb/merkle.journal
INFO [03-26|18:25:07.496] Opened ancient database                  database=/home/CPerezz/bintrie-benchmarks/mpt-vs-bintrie/dbs/mpt/geth/chaindata/ancient/state readonly=false
INFO [03-26|18:25:07.497] Initialized path database                triecache=0.00B statecache=0.00B buffer=0.00B state-history="last 90000 blocks" journal-dir=/home/CPerezz/bintrie-benchmarks/mpt-vs-bintrie/dbs/mpt/geth/triedb
INFO [03-26|18:25:07.498] 
INFO [03-26|18:25:07.498] ---------------------------------------------------------------------------------------------------------------------------------------------------------
INFO [03-26|18:25:07.498] Chain ID:  1337 (unknown)
INFO [03-26|18:25:07.498] Consensus: unknown
INFO [03-26|18:25:07.498] 
INFO [03-26|18:25:07.498] Pre-Merge hard forks (block based):
INFO [03-26|18:25:07.498]  - Homestead:                   #0       
INFO [03-26|18:25:07.498]  - Tangerine Whistle (EIP 150): #0       
INFO [03-26|18:25:07.498]  - Spurious Dragon/1 (EIP 155): #0       
INFO [03-26|18:25:07.498]  - Spurious Dragon/2 (EIP 158): #0       
INFO [03-26|18:25:07.498]  - Byzantium:                   #0       
INFO [03-26|18:25:07.498]  - Constantinople:              #0       
INFO [03-26|18:25:07.498]  - Petersburg:                  #0       
INFO [03-26|18:25:07.498]  - Istanbul:                    #0       
INFO [03-26|18:25:07.498]  - Muir Glacier:                #0       
INFO [03-26|18:25:07.498]  - Berlin:                      #0       
INFO [03-26|18:25:07.498]  - London:                      #0       
INFO [03-26|18:25:07.498]  - Arrow Glacier:               #0       
INFO [03-26|18:25:07.498]  - Gray Glacier:                #0       
INFO [03-26|18:25:07.498] 
INFO [03-26|18:25:07.498] Merge configured:
INFO [03-26|18:25:07.498]  - Total terminal difficulty:  0
INFO [03-26|18:25:07.498]  - Merge netsplit block:       #0       
INFO [03-26|18:25:07.498] 
INFO [03-26|18:25:07.498] Post-Merge hard forks (timestamp based):
INFO [03-26|18:25:07.498]  - Shanghai:                    @0         
INFO [03-26|18:25:07.498]  - Cancun:                      @0          blob: (target: 3, max: 6, fraction: 3338477)
INFO [03-26|18:25:07.498]  - Prague:                      @0          blob: (target: 6, max: 9, fraction: 5225352)
INFO [03-26|18:25:07.498]  - Osaka:                       @4294967295 blob: (target: 9, max: 12, fraction: 5225352)
INFO [03-26|18:25:07.498] 
INFO [03-26|18:25:07.498] All fork specifications can be found at https://ethereum.github.io/execution-specs/src/ethereum/forks/
INFO [03-26|18:25:07.498] 
INFO [03-26|18:25:07.498] ---------------------------------------------------------------------------------------------------------------------------------------------------------
INFO [03-26|18:25:07.498] 
INFO [03-26|18:25:07.498] Loaded most recent local block           number=64230 hash=ce163c..78480b age=20s
INFO [03-26|18:25:07.498] Loaded most recent local finalized block number=64224 hash=3595e1..941170 age=1m42s
INFO [03-26|18:25:07.499] Initialized transaction indexer          range="last 2350000 blocks"
INFO [03-26|18:25:07.499] Initialized log indexer                  firstblock=0 lastblock=64230 firstmap=0 lastmap=4 headindexed=true
INFO [03-26|18:25:07.519] Enabled full-sync                        head=64230 hash=ce163c..78480b
INFO [03-26|18:25:07.520] Unprotected transactions allowed
INFO [03-26|18:25:07.520] Gasprice oracle is ignoring threshold set threshold=2
INFO [03-26|18:25:07.520] Registered sync override service
WARN [03-26|18:25:07.520] You are running Geth in --dev mode. Please note the following:
WARN [03-26|18:25:07.520] 
WARN [03-26|18:25:07.520]   1. This mode is only intended for fast, iterative development without assumptions on
WARN [03-26|18:25:07.520]      security or persistence.
WARN [03-26|18:25:07.520]   2. The database is created in memory unless specified otherwise. Therefore, shutting down
WARN [03-26|18:25:07.520]      your computer or losing power will wipe your entire block data and chain state for
WARN [03-26|18:25:07.520]      your dev environment.
WARN [03-26|18:25:07.520]   3. A random, pre-allocated developer account will be available and unlocked as
WARN [03-26|18:25:07.520]      eth.coinbase, which can be used for testing. The random dev account is temporary,
WARN [03-26|18:25:07.520]      stored on a ramdisk, and will be lost if your machine is restarted.
WARN [03-26|18:25:07.520]   4. Mining is enabled by default. However, the client will only seal blocks if transactions
WARN [03-26|18:25:07.520]      are pending in the mempool. The miner's minimum accepted gas price is 1.
WARN [03-26|18:25:07.520]   5. Networking is disabled; there is no listen-address, the maximum number of peers is set
WARN [03-26|18:25:07.520]      to 0, and discovery is disabled.
WARN [03-26|18:25:07.520] 
INFO [03-26|18:25:07.520] Starting peer-to-peer node               instance=Geth/v1.17.2-unstable-5d0e18f7-20260325/linux-amd64/go1.24.1
WARN [03-26|18:25:07.520] P2P server will be useless, neither dialing nor listening
INFO [03-26|18:25:07.526] IPC endpoint opened                      url=/home/CPerezz/bintrie-benchmarks/mpt-vs-bintrie/dbs/mpt/geth.ipc
ERROR[03-26|18:25:07.526] Unavailable modules in HTTP API list     unavailable=[personal] available="[admin debug web3 eth txpool miner net dev testing]"
INFO [03-26|18:25:07.526] HTTP server started                      endpoint=[::]:8545 auth=false prefix= cors= vhosts=localhost
INFO [03-26|18:25:07.527] WebSocket enabled                        url=ws://[::]:8546
INFO [03-26|18:25:07.527] New local node record                    seq=1,774,465,405,992 id=9566f6e861acb2c3 ip=127.0.0.1 udp=0 tcp=0
INFO [03-26|18:25:07.527] Started P2P networking                   self=enode://7bcb27e0859fe4ed7072e298a58918cc0b55d08376b1207f77d84f6d0d34ded7448b64ab16dd00733b489383beff49c04f662afae4dd1dc102807640ff82a1cd@127.0.0.1:0
INFO [03-26|18:25:07.538] Loaded local transaction journal         transactions=252 dropped=0
INFO [03-26|18:25:08.528] Started log indexer
INFO [03-26|18:25:08.537] Starting work on payload                 id=0x03f5c06e9f555eb8
INFO [03-26|18:25:08.537] Updated payload                          id=0x03f5c06e9f555eb8 number=64231 hash=b90ea2..639374 txs=0 withdrawals=0 gas=0 fees=0 root=6797b3..5dd97b elapsed="183.59µs"
INFO [03-26|18:25:08.537] Stopping work on payload                 id=0x03f5c06e9f555eb8 reason=delivery
WARN [03-26|18:25:08.542] {"level":"warn","msg":"Slow block","block":{"number":64231,"hash":"0xb90ea2cc5be6bc9157163a21bbbd04dca09fd377dd322296e88388c5d6639374","gas_used":0,"tx_count":0},"timing":{"execution_ms":0.018159,"state_read_ms":0.415108,"state_hash_ms":0.00626,"commit_ms":0.09675,"total_ms":0.595788},"throughput":{"mgas_per_sec":0},"state_reads":{"accounts":4,"storage_slots":0,"code":0,"code_bytes":0},"state_writes":{"accounts":0,"accounts_deleted":0,"storage_slots":0,"storage_slots_deleted":0,"code":0,"code_bytes":0},"cache":{"account":{"hits":0,"misses":4,"hit_rate":0},"storage":{"hits":0,"misses":0,"hit_rate":0},"code":{"hits":0,"misses":0,"hit_rate":0,"hit_bytes":0,"miss_bytes":0}}}
INFO [03-26|18:25:08.542] Imported new potential chain segment     number=64231 hash=b90ea2..639374 blocks=1 txs=0 mgas=0.000 elapsed=3.891ms    mgasps=0.000 triediffs=1.20MiB triedirty=0.00B
INFO [03-26|18:25:08.542] Ready for fork activation                fork=Osaka date="07 Feb 06 07:28 CET" remaining=700117h3m6s timestamp=4,294,967,295
INFO [03-26|18:25:08.542] Chain head was updated                   number=64231 hash=b90ea2..639374 root=6797b3..5dd97b elapsed="44.029µs"
INFO [03-26|18:25:09.237] Submitted contract creation              hash=0xd870b67a83ee232e32ff0e730b5cdf51aa6749e3ffda2930a8d2aaf24fd6a647 from=0xf39Fd6e51aad88F6F4ce6aB8827279cffFb92266 nonce=246 contract=0xC1e0A9DB9eA830c52603798481045688c8AE99C2 value=0
INFO [03-26|18:25:09.239] Submitted transaction                    hash=0x59e973c44b46c6b5cda21b1898864942972802870c78c2e711065286c4c73167 from=0xf39Fd6e51aad88F6F4ce6aB8827279cffFb92266 nonce=247 recipient=0xb13b75383ca6F96307F1AaFb3c823F6a3Df24414 value=1,600,000,000
INFO [03-26|18:25:18.546] Starting work on payload                 id=0x0349cf6cf2455912
INFO [03-26|18:25:18.557] Updated payload                          id=0x0349cf6cf2455912 number=64232 hash=51149b..cd627d txs=2 withdrawals=0 gas=89662 fees=7.17296e-13 root=222f79..ddadfd elapsed=10.673ms
INFO [03-26|18:25:18.557] Stopping work on payload                 id=0x0349cf6cf2455912 reason=delivery
WARN [03-26|18:25:18.561] {"level":"warn","msg":"Slow block","block":{"number":64232,"hash":"0x51149b41ed4c1234b35cba869a871feb905aff658b25bfc1d38363c8f0cd627d","gas_used":89662,"tx_count":2},"timing":{"execution_ms":0.074679,"state_read_ms":0.363419,"state_hash_ms":0.599326,"commit_ms":1.671461,"total_ms":2.755516},"throughput":{"mgas_per_sec":32.53909612573471},"state_reads":{"accounts":11,"storage_slots":0,"code":0,"code_bytes":0},"state_writes":{"accounts":3,"accounts_deleted":0,"storage_slots":0,"storage_slots_deleted":0,"code":1,"code_bytes":72},"cache":{"account":{"hits":5,"misses":6,"hit_rate":45.45454545454545},"storage":{"hits":0,"misses":0,"hit_rate":0},"code":{"hits":0,"misses":0,"hit_rate":0,"hit_bytes":0,"miss_bytes":0}}}
INFO [03-26|18:25:18.561] Imported new potential chain segment     number=64232 hash=51149b..cd627d blocks=1 txs=2 mgas=0.090 elapsed=2.989ms    mgasps=29.994 triediffs=1.20MiB triedirty=0.00B
INFO [03-26|18:25:18.562] Chain head was updated                   number=64232 hash=51149b..cd627d root=222f79..ddadfd elapsed="302.448µs"
INFO [03-26|18:25:19.326] Submitted transaction                    hash=0x71acd01f7c746feb05a9287a1c2cb558779730c118af30306ec069f3d5c153e1 from=0xb13b75383ca6F96307F1AaFb3c823F6a3Df24414 nonce=0   recipient=0xC1e0A9DB9eA830c52603798481045688c8AE99C2 value=0
INFO [03-26|18:25:28.563] Starting work on payload                 id=0x032768a259f117f0
WARN [03-26|18:25:35.729] Block building is interrupted            allowance=2s
INFO [03-26|18:25:35.729] Updated payload                          id=0x032768a259f117f0 number=64233 hash=298657..8e28bc txs=1 withdrawals=0 gas=100,000,000 fees=8e-10       root=abe78b..bf8a2c elapsed=7.166s
WARN [03-26|18:25:40.922] Block building is interrupted            allowance=2s
INFO [03-26|18:25:40.922] Stopping work on payload                 id=0x032768a259f117f0 reason=timeout
WARN [03-26|18:25:40.944] {"level":"warn","msg":"Slow block","block":{"number":64233,"hash":"0x2986575657518db9f86e839ea1faf5839454fdf5795defca56438dc8008e28bc","gas_used":100000000,"tx_count":1},"timing":{"execution_ms":281.937969,"state_read_ms":4908.349516,"state_hash_ms":0.059369,"commit_ms":22.050957,"total_ms":5212.538941},"throughput":{"mgas_per_sec":19.184508956553806},"state_reads":{"accounts":8,"storage_slots":36742,"code":2,"code_bytes":1416},"state_writes":{"accounts":2,"accounts_deleted":0,"storage_slots":0,"storage_slots_deleted":0,"code":0,"code_bytes":0},"cache":{"account":{"hits":3,"misses":5,"hit_rate":37.5},"storage":{"hits":2485,"misses":34257,"hit_rate":6.76337706167329},"code":{"hits":2,"misses":0,"hit_rate":100,"hit_bytes":1416,"miss_bytes":0}}}
INFO [03-26|18:25:40.944] Imported new potential chain segment     number=64233 hash=298657..8e28bc blocks=1 txs=1 mgas=100.000 elapsed=5.213s      mgasps=19.181 triediffs=1.20MiB triedirty=0.00B
INFO [03-26|18:25:40.945] Chain head was updated                   number=64233 hash=298657..8e28bc root=abe78b..bf8a2c elapsed="44.5µs"
