INFO [03-26|17:58:31.772] Starting Geth on Ethereum mainnet...
INFO [03-26|17:58:31.774] Maximum peer count                       ETH=0 total=0
INFO [03-26|17:58:31.775] Smartcard socket not found, disabling    err="stat /run/pcscd/pcscd.comm: no such file or directory"
WARN [03-26|17:58:31.776] Option --miner.etherbase is deprecated as the etherbase is set by the consensus client post-merge
WARN [03-26|17:58:31.777] Snap sync requested, resetting --cache.snapshot
INFO [03-26|17:58:31.777] Global gas cap disabled
INFO [03-26|17:58:32.422] Using developer account                  address=0xf39Fd6e51aad88F6F4ce6aB8827279cffFb92266
INFO [03-26|17:58:32.674] Using pebble as the backing database
INFO [03-26|17:58:32.674] Allocated cache and file handles         database=/home/CPerezz/bintrie-benchmarks/mpt-vs-bintrie/dbs/mpt/geth/chaindata cache=16.00MiB handles=524,288
INFO [03-26|17:58:34.865] Opened ancient database                  database=/home/CPerezz/bintrie-benchmarks/mpt-vs-bintrie/dbs/mpt/geth/chaindata/ancient/chain readonly=true
INFO [03-26|17:58:34.865] Opened Era store                         datadir=/home/CPerezz/bintrie-benchmarks/mpt-vs-bintrie/dbs/mpt/geth/chaindata/ancient/chain/era
INFO [03-26|17:58:34.874] Initializing the KZG library             backend=gokzg
INFO [03-26|17:58:34.877] Allocated trie memory caches             clean=0.00B dirty=0.00B
INFO [03-26|17:58:34.978] Using pebble as the backing database
INFO [03-26|17:58:34.978] Allocated cache and file handles         database=/home/CPerezz/bintrie-benchmarks/mpt-vs-bintrie/dbs/mpt/geth/chaindata cache=16.00MiB handles=524,288
INFO [03-26|17:58:36.264] Opened ancient database                  database=/home/CPerezz/bintrie-benchmarks/mpt-vs-bintrie/dbs/mpt/geth/chaindata/ancient/chain readonly=false
INFO [03-26|17:58:36.264] Opened Era store                         datadir=/home/CPerezz/bintrie-benchmarks/mpt-vs-bintrie/dbs/mpt/geth/chaindata/ancient/chain/era
INFO [03-26|17:58:36.265] State scheme set to already existing     scheme=path
INFO [03-26|17:58:36.267] Initialising Ethereum protocol           network=1337 dbversion=9
INFO [03-26|17:58:36.268] Load database journal from file          path=/home/CPerezz/bintrie-benchmarks/mpt-vs-bintrie/dbs/mpt/geth/triedb/merkle.journal
INFO [03-26|17:58:37.068] Opened ancient database                  database=/home/CPerezz/bintrie-benchmarks/mpt-vs-bintrie/dbs/mpt/geth/chaindata/ancient/state readonly=false
INFO [03-26|17:58:37.069] Initialized path database                triecache=0.00B statecache=0.00B buffer=0.00B state-history="last 90000 blocks" journal-dir=/home/CPerezz/bintrie-benchmarks/mpt-vs-bintrie/dbs/mpt/geth/triedb
INFO [03-26|17:58:37.069] 
INFO [03-26|17:58:37.069] ---------------------------------------------------------------------------------------------------------------------------------------------------------
INFO [03-26|17:58:37.069] Chain ID:  1337 (unknown)
INFO [03-26|17:58:37.069] Consensus: unknown
INFO [03-26|17:58:37.069] 
INFO [03-26|17:58:37.069] Pre-Merge hard forks (block based):
INFO [03-26|17:58:37.069]  - Homestead:                   #0       
INFO [03-26|17:58:37.069]  - Tangerine Whistle (EIP 150): #0       
INFO [03-26|17:58:37.069]  - Spurious Dragon/1 (EIP 155): #0       
INFO [03-26|17:58:37.069]  - Spurious Dragon/2 (EIP 158): #0       
INFO [03-26|17:58:37.069]  - Byzantium:                   #0       
INFO [03-26|17:58:37.069]  - Constantinople:              #0       
INFO [03-26|17:58:37.069]  - Petersburg:                  #0       
INFO [03-26|17:58:37.069]  - Istanbul:                    #0       
INFO [03-26|17:58:37.069]  - Muir Glacier:                #0       
INFO [03-26|17:58:37.069]  - Berlin:                      #0       
INFO [03-26|17:58:37.069]  - London:                      #0       
INFO [03-26|17:58:37.069]  - Arrow Glacier:               #0       
INFO [03-26|17:58:37.069]  - Gray Glacier:                #0       
INFO [03-26|17:58:37.069] 
INFO [03-26|17:58:37.069] Merge configured:
INFO [03-26|17:58:37.069]  - Total terminal difficulty:  0
INFO [03-26|17:58:37.069]  - Merge netsplit block:       #0       
INFO [03-26|17:58:37.069] 
INFO [03-26|17:58:37.069] Post-Merge hard forks (timestamp based):
INFO [03-26|17:58:37.069]  - Shanghai:                    @0         
INFO [03-26|17:58:37.069]  - Cancun:                      @0          blob: (target: 3, max: 6, fraction: 3338477)
INFO [03-26|17:58:37.069]  - Prague:                      @0          blob: (target: 6, max: 9, fraction: 5225352)
INFO [03-26|17:58:37.069]  - Osaka:                       @4294967295 blob: (target: 9, max: 12, fraction: 5225352)
INFO [03-26|17:58:37.069] 
INFO [03-26|17:58:37.069] All fork specifications can be found at https://ethereum.github.io/execution-specs/src/ethereum/forks/
INFO [03-26|17:58:37.069] 
INFO [03-26|17:58:37.069] ---------------------------------------------------------------------------------------------------------------------------------------------------------
INFO [03-26|17:58:37.069] 
INFO [03-26|17:58:37.070] Loaded most recent local block           number=64116 hash=0292b1..db74e7 age=22s
INFO [03-26|17:58:37.070] Loaded most recent local finalized block number=64096 hash=02abd1..e363ff age=5m8s
INFO [03-26|17:58:37.071] Initialized transaction indexer          range="last 2350000 blocks"
INFO [03-26|17:58:37.071] Initialized log indexer                  firstblock=0 lastblock=64116 firstmap=0 lastmap=4 headindexed=true
INFO [03-26|17:58:37.087] Enabled full-sync                        head=64116 hash=0292b1..db74e7
INFO [03-26|17:58:37.087] Unprotected transactions allowed
INFO [03-26|17:58:37.087] Gasprice oracle is ignoring threshold set threshold=2
INFO [03-26|17:58:37.088] Registered sync override service
WARN [03-26|17:58:37.088] You are running Geth in --dev mode. Please note the following:
WARN [03-26|17:58:37.088] 
WARN [03-26|17:58:37.088]   1. This mode is only intended for fast, iterative development without assumptions on
WARN [03-26|17:58:37.088]      security or persistence.
WARN [03-26|17:58:37.088]   2. The database is created in memory unless specified otherwise. Therefore, shutting down
WARN [03-26|17:58:37.088]      your computer or losing power will wipe your entire block data and chain state for
WARN [03-26|17:58:37.088]      your dev environment.
WARN [03-26|17:58:37.088]   3. A random, pre-allocated developer account will be available and unlocked as
WARN [03-26|17:58:37.088]      eth.coinbase, which can be used for testing. The random dev account is temporary,
WARN [03-26|17:58:37.088]      stored on a ramdisk, and will be lost if your machine is restarted.
WARN [03-26|17:58:37.088]   4. Mining is enabled by default. However, the client will only seal blocks if transactions
WARN [03-26|17:58:37.088]      are pending in the mempool. The miner's minimum accepted gas price is 1.
WARN [03-26|17:58:37.088]   5. Networking is disabled; there is no listen-address, the maximum number of peers is set
WARN [03-26|17:58:37.088]      to 0, and discovery is disabled.
WARN [03-26|17:58:37.088] 
INFO [03-26|17:58:37.088] Starting peer-to-peer node               instance=Geth/v1.17.2-unstable-5d0e18f7-20260325/linux-amd64/go1.24.1
WARN [03-26|17:58:37.088] P2P server will be useless, neither dialing nor listening
INFO [03-26|17:58:37.096] IPC endpoint opened                      url=/home/CPerezz/bintrie-benchmarks/mpt-vs-bintrie/dbs/mpt/geth.ipc
ERROR[03-26|17:58:37.096] Unavailable modules in HTTP API list     unavailable=[personal] available="[admin debug web3 eth txpool miner net dev testing]"
INFO [03-26|17:58:37.096] HTTP server started                      endpoint=[::]:8545 auth=false prefix= cors= vhosts=localhost
INFO [03-26|17:58:37.096] WebSocket enabled                        url=ws://[::]:8546
INFO [03-26|17:58:37.097] New local node record                    seq=1,774,465,405,954 id=9566f6e861acb2c3 ip=127.0.0.1 udp=0 tcp=0
INFO [03-26|17:58:37.097] Started P2P networking                   self=enode://7bcb27e0859fe4ed7072e298a58918cc0b55d08376b1207f77d84f6d0d34ded7448b64ab16dd00733b489383beff49c04f662afae4dd1dc102807640ff82a1cd@127.0.0.1:0
INFO [03-26|17:58:37.103] Loaded local transaction journal         transactions=138 dropped=0
INFO [03-26|17:58:38.397] Started log indexer
INFO [03-26|17:58:38.406] Starting work on payload                 id=0x0302dd19c084b2dd
INFO [03-26|17:58:38.407] Updated payload                          id=0x0302dd19c084b2dd number=64117 hash=f47ae4..51f224 txs=0 withdrawals=0 gas=0 fees=0 root=cd9bde..3fa51e elapsed="260.729µs"
INFO [03-26|17:58:38.407] Stopping work on payload                 id=0x0302dd19c084b2dd reason=delivery
WARN [03-26|17:58:38.410] {"level":"warn","msg":"Slow block","block":{"number":64117,"hash":"0xf47ae475e4c6a91b1c0507dfc9a3dd7c25f65f4c61120544125a58011f51f224","gas_used":0,"tx_count":0},"timing":{"execution_ms":0.012739,"state_read_ms":0.05205,"state_hash_ms":0.016669,"commit_ms":0.05754,"total_ms":0.18234},"throughput":{"mgas_per_sec":0},"state_reads":{"accounts":4,"storage_slots":0,"code":0,"code_bytes":0},"state_writes":{"accounts":0,"accounts_deleted":0,"storage_slots":0,"storage_slots_deleted":0,"code":0,"code_bytes":0},"cache":{"account":{"hits":0,"misses":4,"hit_rate":0},"storage":{"hits":0,"misses":0,"hit_rate":0},"code":{"hits":0,"misses":0,"hit_rate":0,"hit_bytes":0,"miss_bytes":0}}}
INFO [03-26|17:58:38.410] Imported new potential chain segment     number=64117 hash=f47ae4..51f224 blocks=1 txs=0 mgas=0.000 elapsed=2.757ms     mgasps=0.000 triediffs=129.42MiB triedirty=0.00B
INFO [03-26|17:58:38.410] Ready for fork activation                fork=Osaka date="07 Feb 06 07:28 CET" remaining=700117h29m37s timestamp=4,294,967,295
INFO [03-26|17:58:38.410] Chain head was updated                   number=64117 hash=f47ae4..51f224 root=cd9bde..3fa51e elapsed="26.02µs"
INFO [03-26|17:58:39.069] Submitted contract creation              hash=0x9ec722d28a7dc1cb0624bff900bfd249f076b8c5efb0688a4f81647db5a8847b from=0xf39Fd6e51aad88F6F4ce6aB8827279cffFb92266 nonce=170 contract=0xaca81583840B1bf2dDF6CDe824ada250C1936B4D value=0
INFO [03-26|17:58:39.070] Submitted transaction                    hash=0x4d02f7c0d3957e48053bd4b9ce06ee48f0c927e1c29f6e07d9c5c6185ea696f8 from=0xf39Fd6e51aad88F6F4ce6aB8827279cffFb92266 nonce=171 recipient=0x133846BD82d6066560b9399DecAdF72AC0FaaA79 value=1,600,000,000
INFO [03-26|17:58:48.412] Starting work on payload                 id=0x039c0d7854e2427f
INFO [03-26|17:58:48.418] Updated payload                          id=0x039c0d7854e2427f number=64118 hash=20b5d9..92d29f txs=2 withdrawals=0 gas=89662 fees=7.17296e-13 root=6657dd..af614f elapsed=6.339ms
INFO [03-26|17:58:48.419] Stopping work on payload                 id=0x039c0d7854e2427f reason=delivery
WARN [03-26|17:58:48.424] {"level":"warn","msg":"Slow block","block":{"number":64118,"hash":"0x20b5d900703dd2cfae5c072b4d3b41d0a1788fba6731ed7ee0f19fca1892d29f","gas_used":89662,"tx_count":2},"timing":{"execution_ms":0.138169,"state_read_ms":0.07929,"state_hash_ms":0.350778,"commit_ms":4.101647,"total_ms":4.701305},"throughput":{"mgas_per_sec":19.071725829317604},"state_reads":{"accounts":11,"storage_slots":0,"code":0,"code_bytes":0},"state_writes":{"accounts":3,"accounts_deleted":0,"storage_slots":0,"storage_slots_deleted":0,"code":1,"code_bytes":72},"cache":{"account":{"hits":4,"misses":7,"hit_rate":36.36363636363637},"storage":{"hits":0,"misses":0,"hit_rate":0},"code":{"hits":0,"misses":0,"hit_rate":0,"hit_bytes":0,"miss_bytes":0}}}
INFO [03-26|17:58:48.424] Imported new potential chain segment     number=64118 hash=20b5d9..92d29f blocks=1 txs=2 mgas=0.090 elapsed=4.809ms     mgasps=18.644 triediffs=125.23MiB triedirty=0.00B
INFO [03-26|17:58:48.424] Chain head was updated                   number=64118 hash=20b5d9..92d29f root=6657dd..af614f elapsed="90.099µs"
INFO [03-26|17:58:49.154] Submitted transaction                    hash=0x2573dd93d9f088307f4ee4a34ebf32bd210f3b487e9fb1b84bd60a4896c35530 from=0x133846BD82d6066560b9399DecAdF72AC0FaaA79 nonce=0   recipient=0xaca81583840B1bf2dDF6CDe824ada250C1936B4D value=0
INFO [03-26|17:58:58.427] Starting work on payload                 id=0x036d9eb7e8534ca5
WARN [03-26|17:59:05.717] Block building is interrupted            allowance=2s
INFO [03-26|17:59:05.718] Updated payload                          id=0x036d9eb7e8534ca5 number=64119 hash=6a4564..2843ca txs=1 withdrawals=0 gas=100,000,000 fees=8e-10       root=81ece2..fccd4e elapsed=7.290s
WARN [03-26|17:59:11.208] {"level":"warn","msg":"Slow block","block":{"number":64119,"hash":"0x6a45644697baa526be452cf7b347f1a514c8fe2d18ee472d3b8bce94c32843ca","gas_used":100000000,"tx_count":1},"timing":{"execution_ms":276.814094,"state_read_ms":5185.743688,"state_hash_ms":0.061608,"commit_ms":25.749566,"total_ms":5488.448968},"throughput":{"mgas_per_sec":18.220083776499095},"state_reads":{"accounts":8,"storage_slots":36742,"code":2,"code_bytes":1416},"state_writes":{"accounts":2,"accounts_deleted":0,"storage_slots":0,"storage_slots_deleted":0,"code":0,"code_bytes":0},"cache":{"account":{"hits":3,"misses":5,"hit_rate":37.5},"storage":{"hits":3356,"misses":33386,"hit_rate":9.133961134396603},"code":{"hits":2,"misses":0,"hit_rate":100,"hit_bytes":1416,"miss_bytes":0}}}
INFO [03-26|17:59:11.208] Imported new potential chain segment     number=64119 hash=6a4564..2843ca blocks=1 txs=1 mgas=100.000 elapsed=5.489s      mgasps=18.217 triediffs=122.30MiB triedirty=0.00B
INFO [03-26|17:59:11.209] Chain head was updated                   number=64119 hash=6a4564..2843ca root=81ece2..fccd4e elapsed="54.22µs"
