INFO [03-26|17:45:29.868] Starting Geth on Ethereum mainnet...
INFO [03-26|17:45:29.870] Maximum peer count                       ETH=0 total=0
INFO [03-26|17:45:29.871] Smartcard socket not found, disabling    err="stat /run/pcscd/pcscd.comm: no such file or directory"
WARN [03-26|17:45:29.872] Option --miner.etherbase is deprecated as the etherbase is set by the consensus client post-merge
WARN [03-26|17:45:29.874] Snap sync requested, resetting --cache.snapshot
INFO [03-26|17:45:29.874] Global gas cap disabled
INFO [03-26|17:45:30.513] Using developer account                  address=0xf39Fd6e51aad88F6F4ce6aB8827279cffFb92266
INFO [03-26|17:45:30.755] Using pebble as the backing database
INFO [03-26|17:45:30.755] Allocated cache and file handles         database=/home/CPerezz/bintrie-benchmarks/mpt-vs-bintrie/dbs/mpt/geth/chaindata cache=16.00MiB handles=524,288
INFO [03-26|17:45:32.946] Opened ancient database                  database=/home/CPerezz/bintrie-benchmarks/mpt-vs-bintrie/dbs/mpt/geth/chaindata/ancient/chain readonly=true
INFO [03-26|17:45:32.946] Opened Era store                         datadir=/home/CPerezz/bintrie-benchmarks/mpt-vs-bintrie/dbs/mpt/geth/chaindata/ancient/chain/era
INFO [03-26|17:45:32.955] Initializing the KZG library             backend=gokzg
INFO [03-26|17:45:32.957] Allocated trie memory caches             clean=0.00B dirty=0.00B
INFO [03-26|17:45:33.033] Using pebble as the backing database
INFO [03-26|17:45:33.033] Allocated cache and file handles         database=/home/CPerezz/bintrie-benchmarks/mpt-vs-bintrie/dbs/mpt/geth/chaindata cache=16.00MiB handles=524,288
INFO [03-26|17:45:34.366] Opened ancient database                  database=/home/CPerezz/bintrie-benchmarks/mpt-vs-bintrie/dbs/mpt/geth/chaindata/ancient/chain readonly=false
INFO [03-26|17:45:34.366] Opened Era store                         datadir=/home/CPerezz/bintrie-benchmarks/mpt-vs-bintrie/dbs/mpt/geth/chaindata/ancient/chain/era
INFO [03-26|17:45:34.368] State scheme set to already existing     scheme=path
INFO [03-26|17:45:34.370] Initialising Ethereum protocol           network=1337 dbversion=9
INFO [03-26|17:45:34.371] Load database journal from file          path=/home/CPerezz/bintrie-benchmarks/mpt-vs-bintrie/dbs/mpt/geth/triedb/merkle.journal
INFO [03-26|17:45:35.892] Opened ancient database                  database=/home/CPerezz/bintrie-benchmarks/mpt-vs-bintrie/dbs/mpt/geth/chaindata/ancient/state readonly=false
INFO [03-26|17:45:35.893] Initialized path database                triecache=0.00B statecache=0.00B buffer=0.00B state-history="last 90000 blocks" journal-dir=/home/CPerezz/bintrie-benchmarks/mpt-vs-bintrie/dbs/mpt/geth/triedb
INFO [03-26|17:45:35.893] 
INFO [03-26|17:45:35.893] ---------------------------------------------------------------------------------------------------------------------------------------------------------
INFO [03-26|17:45:35.893] Chain ID:  1337 (unknown)
INFO [03-26|17:45:35.893] Consensus: unknown
INFO [03-26|17:45:35.893] 
INFO [03-26|17:45:35.893] Pre-Merge hard forks (block based):
INFO [03-26|17:45:35.893]  - Homestead:                   #0       
INFO [03-26|17:45:35.893]  - Tangerine Whistle (EIP 150): #0       
INFO [03-26|17:45:35.893]  - Spurious Dragon/1 (EIP 155): #0       
INFO [03-26|17:45:35.893]  - Spurious Dragon/2 (EIP 158): #0       
INFO [03-26|17:45:35.893]  - Byzantium:                   #0       
INFO [03-26|17:45:35.893]  - Constantinople:              #0       
INFO [03-26|17:45:35.893]  - Petersburg:                  #0       
INFO [03-26|17:45:35.893]  - Istanbul:                    #0       
INFO [03-26|17:45:35.893]  - Muir Glacier:                #0       
INFO [03-26|17:45:35.893]  - Berlin:                      #0       
INFO [03-26|17:45:35.893]  - London:                      #0       
INFO [03-26|17:45:35.893]  - Arrow Glacier:               #0       
INFO [03-26|17:45:35.893]  - Gray Glacier:                #0       
INFO [03-26|17:45:35.893] 
INFO [03-26|17:45:35.893] Merge configured:
INFO [03-26|17:45:35.893]  - Total terminal difficulty:  0
INFO [03-26|17:45:35.893]  - Merge netsplit block:       #0       
INFO [03-26|17:45:35.893] 
INFO [03-26|17:45:35.893] Post-Merge hard forks (timestamp based):
INFO [03-26|17:45:35.893]  - Shanghai:                    @0         
INFO [03-26|17:45:35.893]  - Cancun:                      @0          blob: (target: 3, max: 6, fraction: 3338477)
INFO [03-26|17:45:35.893]  - Prague:                      @0          blob: (target: 6, max: 9, fraction: 5225352)
INFO [03-26|17:45:35.893]  - Osaka:                       @4294967295 blob: (target: 9, max: 12, fraction: 5225352)
INFO [03-26|17:45:35.893] 
INFO [03-26|17:45:35.893] All fork specifications can be found at https://ethereum.github.io/execution-specs/src/ethereum/forks/
INFO [03-26|17:45:35.893] 
INFO [03-26|17:45:35.893] ---------------------------------------------------------------------------------------------------------------------------------------------------------
INFO [03-26|17:45:35.893] 
INFO [03-26|17:45:35.894] Loaded most recent local block           number=64064 hash=a4f6df..2e07cb age=24s
INFO [03-26|17:45:35.894] Loaded most recent local finalized block number=64064 hash=a4f6df..2e07cb age=24s
INFO [03-26|17:45:35.894] Initialized transaction indexer          range="last 2350000 blocks"
INFO [03-26|17:45:35.894] Initialized log indexer                  firstblock=0 lastblock=64064 firstmap=0 lastmap=4 headindexed=true
INFO [03-26|17:45:35.902] Enabled full-sync                        head=64064 hash=a4f6df..2e07cb
INFO [03-26|17:45:35.903] Unprotected transactions allowed
INFO [03-26|17:45:35.903] Gasprice oracle is ignoring threshold set threshold=2
INFO [03-26|17:45:35.904] Registered sync override service
WARN [03-26|17:45:35.904] You are running Geth in --dev mode. Please note the following:
WARN [03-26|17:45:35.904] 
WARN [03-26|17:45:35.904]   1. This mode is only intended for fast, iterative development without assumptions on
WARN [03-26|17:45:35.904]      security or persistence.
WARN [03-26|17:45:35.904]   2. The database is created in memory unless specified otherwise. Therefore, shutting down
WARN [03-26|17:45:35.904]      your computer or losing power will wipe your entire block data and chain state for
WARN [03-26|17:45:35.904]      your dev environment.
WARN [03-26|17:45:35.905]   3. A random, pre-allocated developer account will be available and unlocked as
WARN [03-26|17:45:35.905]      eth.coinbase, which can be used for testing. The random dev account is temporary,
WARN [03-26|17:45:35.905]      stored on a ramdisk, and will be lost if your machine is restarted.
WARN [03-26|17:45:35.905]   4. Mining is enabled by default. However, the client will only seal blocks if transactions
WARN [03-26|17:45:35.905]      are pending in the mempool. The miner's minimum accepted gas price is 1.
WARN [03-26|17:45:35.905]   5. Networking is disabled; there is no listen-address, the maximum number of peers is set
WARN [03-26|17:45:35.905]      to 0, and discovery is disabled.
WARN [03-26|17:45:35.905] 
INFO [03-26|17:45:35.905] Starting peer-to-peer node               instance=Geth/v1.17.2-unstable-5d0e18f7-20260325/linux-amd64/go1.24.1
WARN [03-26|17:45:35.905] P2P server will be useless, neither dialing nor listening
INFO [03-26|17:45:35.913] IPC endpoint opened                      url=/home/CPerezz/bintrie-benchmarks/mpt-vs-bintrie/dbs/mpt/geth.ipc
ERROR[03-26|17:45:35.913] Unavailable modules in HTTP API list     unavailable=[personal] available="[admin debug web3 eth txpool miner net dev testing]"
INFO [03-26|17:45:35.914] HTTP server started                      endpoint=[::]:8545 auth=false prefix= cors= vhosts=localhost
INFO [03-26|17:45:35.914] WebSocket enabled                        url=ws://[::]:8546
INFO [03-26|17:45:35.914] New local node record                    seq=1,774,465,405,936 id=9566f6e861acb2c3 ip=127.0.0.1 udp=0 tcp=0
INFO [03-26|17:45:35.915] Started P2P networking                   self=enode://7bcb27e0859fe4ed7072e298a58918cc0b55d08376b1207f77d84f6d0d34ded7448b64ab16dd00733b489383beff49c04f662afae4dd1dc102807640ff82a1cd@127.0.0.1:0
INFO [03-26|17:45:35.922] Loaded local transaction journal         transactions=84 dropped=0
INFO [03-26|17:45:37.145] Submitted contract creation              hash=0x8fa3f8df4f0b20a1130a9f740ec0245887c1c908191b7f7cf042459382b44323 from=0xf39Fd6e51aad88F6F4ce6aB8827279cffFb92266 nonce=134 contract=0xd6e1afe5cA8D00A2EFC01B89997abE2De47fdfAf value=0
INFO [03-26|17:45:37.147] Submitted transaction                    hash=0xc1e03a40bc62d8f92ff2f13f7e2deab7ace8e21b7c80a4d6e69679c2583d6ea9 from=0xf39Fd6e51aad88F6F4ce6aB8827279cffFb92266 nonce=135 recipient=0xBe0900947196056A75C2EA383f9a63F3584481Ed value=1,400,000,000
INFO [03-26|17:45:37.351] Started log indexer
INFO [03-26|17:45:37.359] Starting work on payload                 id=0x033dde1232f20a12
INFO [03-26|17:45:37.366] Updated payload                          id=0x033dde1232f20a12 number=64065 hash=ce8069..266ceb txs=2 withdrawals=0 gas=89662 fees=4.4831e-13 root=a970ca..51c5b4 elapsed=6.884ms
INFO [03-26|17:45:37.366] Stopping work on payload                 id=0x033dde1232f20a12 reason=delivery
WARN [03-26|17:45:37.378] {"level":"warn","msg":"Slow block","block":{"number":64065,"hash":"0xce80695b416bbc3afba5afb9f37ae0e48fe51e4a9619cf1e0d2a73c413266ceb","gas_used":89662,"tx_count":2},"timing":{"execution_ms":0.098949,"state_read_ms":0.082109,"state_hash_ms":0.893575,"commit_ms":9.888765,"total_ms":11.008919},"throughput":{"mgas_per_sec":8.144487210778824},"state_reads":{"accounts":11,"storage_slots":0,"code":0,"code_bytes":0},"state_writes":{"accounts":3,"accounts_deleted":0,"storage_slots":0,"storage_slots_deleted":0,"code":1,"code_bytes":72},"cache":{"account":{"hits":4,"misses":7,"hit_rate":36.36363636363637},"storage":{"hits":0,"misses":0,"hit_rate":0},"code":{"hits":0,"misses":0,"hit_rate":0,"hit_bytes":0,"miss_bytes":0}}}
INFO [03-26|17:45:37.378] Imported new potential chain segment     number=64065 hash=ce8069..266ceb blocks=1 txs=2 mgas=0.090 elapsed=11.167ms mgasps=8.029 triediffs=253.56MiB triedirty=0.00B
INFO [03-26|17:45:37.378] Ready for fork activation                fork=Osaka date="07 Feb 06 07:28 CET" remaining=700117h42m38s timestamp=4,294,967,295
INFO [03-26|17:45:37.378] Chain head was updated                   number=64065 hash=ce8069..266ceb root=a970ca..51c5b4 elapsed="108.519µs"
INFO [03-26|17:45:38.161] Submitted transaction                    hash=0xb0e22153e0e25fc084e8c066fd2dd7acafaf3a68c5cb215864a784e2e8b89548 from=0xBe0900947196056A75C2EA383f9a63F3584481Ed nonce=0   recipient=0xd6e1afe5cA8D00A2EFC01B89997abE2De47fdfAf value=0
INFO [03-26|17:45:47.383] Starting work on payload                 id=0x0302b25907100e53
WARN [03-26|17:45:54.393] Block building is interrupted            allowance=2s
INFO [03-26|17:45:54.393] Updated payload                          id=0x0302b25907100e53 number=64066 hash=01d49a..19fb72 txs=1 withdrawals=0 gas=100,000,000 fees=6e-10      root=4644fb..5e72dd elapsed=7.010s
WARN [03-26|17:45:59.564] {"level":"warn","msg":"Slow block","block":{"number":64066,"hash":"0x01d49a514325fe24bad172ebfa4846976c17c4a9c247421eb8694a268219fb72","gas_used":100000000,"tx_count":1},"timing":{"execution_ms":276.783346,"state_read_ms":4857.722051,"state_hash_ms":0.068269,"commit_ms":34.376637,"total_ms":5169.040284},"throughput":{"mgas_per_sec":19.345950990077444},"state_reads":{"accounts":8,"storage_slots":36742,"code":2,"code_bytes":1416},"state_writes":{"accounts":2,"accounts_deleted":0,"storage_slots":0,"storage_slots_deleted":0,"code":0,"code_bytes":0},"cache":{"account":{"hits":4,"misses":4,"hit_rate":50},"storage":{"hits":2337,"misses":34405,"hit_rate":6.3605682869740345},"code":{"hits":2,"misses":0,"hit_rate":100,"hit_bytes":1416,"miss_bytes":0}}}
INFO [03-26|17:45:59.564] Imported new potential chain segment     number=64066 hash=01d49a..19fb72 blocks=1 txs=1 mgas=100.000 elapsed=5.170s      mgasps=19.342 triediffs=250.63MiB triedirty=0.00B
INFO [03-26|17:45:59.565] Chain head was updated                   number=64066 hash=01d49a..19fb72 root=4644fb..5e72dd elapsed="63.87µs"
WARN [03-26|17:45:59.872] Block building is interrupted            allowance=2s
INFO [03-26|17:45:59.873] Stopping work on payload                 id=0x0302b25907100e53 reason=delivery
