INFO [03-26|19:45:13.605] Starting Geth on Ethereum mainnet...
INFO [03-26|19:45:13.607] Maximum peer count                       ETH=0 total=0
INFO [03-26|19:45:13.607] Smartcard socket not found, disabling    err="stat /run/pcscd/pcscd.comm: no such file or directory"
WARN [03-26|19:45:13.610] Option --miner.etherbase is deprecated as the etherbase is set by the consensus client post-merge
WARN [03-26|19:45:13.611] Snap sync requested, resetting --cache.snapshot
INFO [03-26|19:45:13.611] Global gas cap disabled
INFO [03-26|19:45:14.259] Using developer account                  address=0xf39Fd6e51aad88F6F4ce6aB8827279cffFb92266
INFO [03-26|19:45:14.426] Using pebble as the backing database
INFO [03-26|19:45:14.426] Allocated cache and file handles         database=/home/CPerezz/bintrie-benchmarks/mpt-vs-bintrie/dbs/mpt/geth/chaindata cache=16.00MiB handles=524,288
INFO [03-26|19:45:15.587] Opened ancient database                  database=/home/CPerezz/bintrie-benchmarks/mpt-vs-bintrie/dbs/mpt/geth/chaindata/ancient/chain readonly=true
INFO [03-26|19:45:15.587] Opened Era store                         datadir=/home/CPerezz/bintrie-benchmarks/mpt-vs-bintrie/dbs/mpt/geth/chaindata/ancient/chain/era
INFO [03-26|19:45:15.598] Initializing the KZG library             backend=gokzg
INFO [03-26|19:45:15.600] Allocated trie memory caches             clean=0.00B dirty=0.00B
INFO [03-26|19:45:15.693] Using pebble as the backing database
INFO [03-26|19:45:15.693] Allocated cache and file handles         database=/home/CPerezz/bintrie-benchmarks/mpt-vs-bintrie/dbs/mpt/geth/chaindata cache=16.00MiB handles=524,288
INFO [03-26|19:45:16.985] Opened ancient database                  database=/home/CPerezz/bintrie-benchmarks/mpt-vs-bintrie/dbs/mpt/geth/chaindata/ancient/chain readonly=false
INFO [03-26|19:45:16.985] Opened Era store                         datadir=/home/CPerezz/bintrie-benchmarks/mpt-vs-bintrie/dbs/mpt/geth/chaindata/ancient/chain/era
INFO [03-26|19:45:16.987] State scheme set to already existing     scheme=path
INFO [03-26|19:45:16.988] Initialising Ethereum protocol           network=1337 dbversion=9
INFO [03-26|19:45:16.988] Load database journal from file          path=/home/CPerezz/bintrie-benchmarks/mpt-vs-bintrie/dbs/mpt/geth/triedb/merkle.journal
INFO [03-26|19:45:18.778] Opened ancient database                  database=/home/CPerezz/bintrie-benchmarks/mpt-vs-bintrie/dbs/mpt/geth/chaindata/ancient/state readonly=false
INFO [03-26|19:45:18.779] Initialized path database                triecache=0.00B statecache=0.00B buffer=0.00B state-history="last 90000 blocks" journal-dir=/home/CPerezz/bintrie-benchmarks/mpt-vs-bintrie/dbs/mpt/geth/triedb
INFO [03-26|19:45:18.781] 
INFO [03-26|19:45:18.781] ---------------------------------------------------------------------------------------------------------------------------------------------------------
INFO [03-26|19:45:18.781] Chain ID:  1337 (unknown)
INFO [03-26|19:45:18.781] Consensus: unknown
INFO [03-26|19:45:18.781] 
INFO [03-26|19:45:18.781] Pre-Merge hard forks (block based):
INFO [03-26|19:45:18.781]  - Homestead:                   #0       
INFO [03-26|19:45:18.781]  - Tangerine Whistle (EIP 150): #0       
INFO [03-26|19:45:18.781]  - Spurious Dragon/1 (EIP 155): #0       
INFO [03-26|19:45:18.781]  - Spurious Dragon/2 (EIP 158): #0       
INFO [03-26|19:45:18.781]  - Byzantium:                   #0       
INFO [03-26|19:45:18.781]  - Constantinople:              #0       
INFO [03-26|19:45:18.781]  - Petersburg:                  #0       
INFO [03-26|19:45:18.781]  - Istanbul:                    #0       
INFO [03-26|19:45:18.781]  - Muir Glacier:                #0       
INFO [03-26|19:45:18.781]  - Berlin:                      #0       
INFO [03-26|19:45:18.781]  - London:                      #0       
INFO [03-26|19:45:18.781]  - Arrow Glacier:               #0       
INFO [03-26|19:45:18.781]  - Gray Glacier:                #0       
INFO [03-26|19:45:18.781] 
INFO [03-26|19:45:18.781] Merge configured:
INFO [03-26|19:45:18.781]  - Total terminal difficulty:  0
INFO [03-26|19:45:18.781]  - Merge netsplit block:       #0       
INFO [03-26|19:45:18.781] 
INFO [03-26|19:45:18.781] Post-Merge hard forks (timestamp based):
INFO [03-26|19:45:18.781]  - Shanghai:                    @0         
INFO [03-26|19:45:18.781]  - Cancun:                      @0          blob: (target: 3, max: 6, fraction: 3338477)
INFO [03-26|19:45:18.781]  - Prague:                      @0          blob: (target: 6, max: 9, fraction: 5225352)
INFO [03-26|19:45:18.781]  - Osaka:                       @4294967295 blob: (target: 9, max: 12, fraction: 5225352)
INFO [03-26|19:45:18.781] 
INFO [03-26|19:45:18.781] All fork specifications can be found at https://ethereum.github.io/execution-specs/src/ethereum/forks/
INFO [03-26|19:45:18.781] 
INFO [03-26|19:45:18.781] ---------------------------------------------------------------------------------------------------------------------------------------------------------
INFO [03-26|19:45:18.781] 
INFO [03-26|19:45:18.782] Loaded most recent local block           number=64639 hash=e836e1..10991e age=10s
INFO [03-26|19:45:18.782] Loaded most recent local finalized block number=64608 hash=a6c6e8..1d4107 age=5m50s
INFO [03-26|19:45:18.784] Initialized transaction indexer          range="last 2350000 blocks"
INFO [03-26|19:45:18.784] Initialized log indexer                  firstblock=0 lastblock=64639 firstmap=0 lastmap=4 headindexed=true
INFO [03-26|19:45:18.788] Enabled full-sync                        head=64639 hash=e836e1..10991e
INFO [03-26|19:45:18.788] Unprotected transactions allowed
INFO [03-26|19:45:18.788] Gasprice oracle is ignoring threshold set threshold=2
INFO [03-26|19:45:18.789] Registered sync override service
WARN [03-26|19:45:18.789] You are running Geth in --dev mode. Please note the following:
WARN [03-26|19:45:18.789] 
WARN [03-26|19:45:18.789]   1. This mode is only intended for fast, iterative development without assumptions on
WARN [03-26|19:45:18.789]      security or persistence.
WARN [03-26|19:45:18.789]   2. The database is created in memory unless specified otherwise. Therefore, shutting down
WARN [03-26|19:45:18.789]      your computer or losing power will wipe your entire block data and chain state for
WARN [03-26|19:45:18.789]      your dev environment.
WARN [03-26|19:45:18.789]   3. A random, pre-allocated developer account will be available and unlocked as
WARN [03-26|19:45:18.789]      eth.coinbase, which can be used for testing. The random dev account is temporary,
WARN [03-26|19:45:18.789]      stored on a ramdisk, and will be lost if your machine is restarted.
WARN [03-26|19:45:18.789]   4. Mining is enabled by default. However, the client will only seal blocks if transactions
WARN [03-26|19:45:18.789]      are pending in the mempool. The miner's minimum accepted gas price is 1.
WARN [03-26|19:45:18.789]   5. Networking is disabled; there is no listen-address, the maximum number of peers is set
WARN [03-26|19:45:18.789]      to 0, and discovery is disabled.
WARN [03-26|19:45:18.789] 
INFO [03-26|19:45:18.789] Starting peer-to-peer node               instance=Geth/v1.17.2-unstable-5d0e18f7-20260325/linux-amd64/go1.24.1
WARN [03-26|19:45:18.789] P2P server will be useless, neither dialing nor listening
INFO [03-26|19:45:18.792] IPC endpoint opened                      url=/home/CPerezz/bintrie-benchmarks/mpt-vs-bintrie/dbs/mpt/geth.ipc
ERROR[03-26|19:45:18.792] Unavailable modules in HTTP API list     unavailable=[personal] available="[admin debug web3 eth txpool miner net dev testing]"
INFO [03-26|19:45:18.793] HTTP server started                      endpoint=[::]:8545 auth=false prefix= cors= vhosts=localhost
INFO [03-26|19:45:18.793] WebSocket enabled                        url=ws://[::]:8546
INFO [03-26|19:45:18.793] New local node record                    seq=1,774,465,406,150 id=9566f6e861acb2c3 ip=127.0.0.1 udp=0 tcp=0
INFO [03-26|19:45:18.793] Started P2P networking                   self=enode://7bcb27e0859fe4ed7072e298a58918cc0b55d08376b1207f77d84f6d0d34ded7448b64ab16dd00733b489383beff49c04f662afae4dd1dc102807640ff82a1cd@127.0.0.1:0
INFO [03-26|19:45:18.828] Loaded local transaction journal         transactions=765 dropped=0
INFO [03-26|19:45:20.574] Submitted contract creation              hash=0x923e37346558343546ff9dd5c2dda343c3c8cd18eccc782977d23a7ea2c17fcd from=0xf39Fd6e51aad88F6F4ce6aB8827279cffFb92266 nonce=562 contract=0x20BBE62B175134D21b10C157498b663F048672bA value=0
INFO [03-26|19:45:20.575] Submitted transaction                    hash=0xdd41b203ad5f4c4d2b07012df0dc0de6a5557c3d63aa1a49f6a8ad9f58500c43 from=0xf39Fd6e51aad88F6F4ce6aB8827279cffFb92266 nonce=563 recipient=0x82792DeE67A1488F70A583F7aA78234060f892ed value=1,751,500,000,000
INFO [03-26|19:45:20.683] Started log indexer
INFO [03-26|19:45:20.688] Starting work on payload                 id=0x03aa6013c06d6469
INFO [03-26|19:45:20.697] Updated payload                          id=0x03aa6013c06d6469 number=64640 hash=cf89e6..b1000e txs=2 withdrawals=0 gas=90958 fees=1.592401706e-09 root=7ee09d..146960 elapsed=9.450ms
INFO [03-26|19:45:20.698] Stopping work on payload                 id=0x03aa6013c06d6469 reason=delivery
WARN [03-26|19:45:20.700] {"level":"warn","msg":"Slow block","block":{"number":64640,"hash":"0xcf89e6b5fb8858af8b3b1e398f7aa52a05a77ff6f66b4a3529bfab0569b1000e","gas_used":90958,"tx_count":2},"timing":{"execution_ms":0.067439,"state_read_ms":0.381378,"state_hash_ms":0.817625,"commit_ms":0.546067,"total_ms":1.86646},"throughput":{"mgas_per_sec":48.732895427708065},"state_reads":{"accounts":11,"storage_slots":0,"code":0,"code_bytes":0},"state_writes":{"accounts":3,"accounts_deleted":0,"storage_slots":0,"storage_slots_deleted":0,"code":1,"code_bytes":78},"cache":{"account":{"hits":6,"misses":5,"hit_rate":54.54545454545454},"storage":{"hits":0,"misses":0,"hit_rate":0},"code":{"hits":0,"misses":0,"hit_rate":0,"hit_bytes":0,"miss_bytes":0}}}
INFO [03-26|19:45:20.700] Imported new potential chain segment     number=64640 hash=cf89e6..b1000e blocks=1 txs=2 mgas=0.091 elapsed=2.159ms mgasps=42.119 triediffs=284.82MiB triedirty=0.00B
INFO [03-26|19:45:20.700] Ready for fork activation                fork=Osaka date="07 Feb 06 07:28 CET" remaining=700115h42m54s timestamp=4,294,967,295
INFO [03-26|19:45:20.701] Chain head was updated                   number=64640 hash=cf89e6..b1000e root=7ee09d..146960 elapsed="266.509µs"
INFO [03-26|19:45:21.590] Submitted transaction                    hash=0x5f2148ad8b0f20fd5a0db2532bc7ab4033405ff3a48acbffeb13549518b36753 from=0x82792DeE67A1488F70A583F7aA78234060f892ed nonce=0   recipient=0x20BBE62B175134D21b10C157498b663F048672bA value=0
INFO [03-26|19:45:30.702] Starting work on payload                 id=0x03c15af2a5dddefa
INFO [03-26|19:45:31.537] Updated payload                          id=0x03c15af2a5dddefa number=64641 hash=384ce3..f74a5c txs=1 withdrawals=0 gas=93,739,282 fees=1.64109361e-06  root=e86aef..4f07e6 elapsed=834.834ms
INFO [03-26|19:45:31.537] Stopping work on payload                 id=0x03c15af2a5dddefa reason=delivery
WARN [03-26|19:45:32.472] {"level":"warn","msg":"Slow block","block":{"number":64641,"hash":"0x384ce39b25bfc6989fb08344020dff558deb45ee6de29d4df2d6758ab5f74a5c","gas_used":93739282,"tx_count":1},"timing":{"execution_ms":46.67781,"state_read_ms":578.556668,"state_hash_ms":278.511393,"commit_ms":28.502459,"total_ms":932.33088},"throughput":{"mgas_per_sec":100.54293385627214},"state_reads":{"accounts":8,"storage_slots":4094,"code":2,"code_bytes":1422},"state_writes":{"accounts":3,"accounts_deleted":0,"storage_slots":4094,"storage_slots_deleted":0,"code":0,"code_bytes":0},"cache":{"account":{"hits":3,"misses":5,"hit_rate":37.5},"storage":{"hits":689,"misses":3405,"hit_rate":16.8295065950171},"code":{"hits":2,"misses":0,"hit_rate":100,"hit_bytes":1422,"miss_bytes":0}}}
INFO [03-26|19:45:32.472] Imported new potential chain segment     number=64641 hash=384ce3..f74a5c blocks=1 txs=1 mgas=93.739 elapsed=933.675ms   mgasps=100.398 triediffs=292.57MiB triedirty=0.00B
INFO [03-26|19:45:32.473] Chain head was updated                   number=64641 hash=384ce3..f74a5c root=e86aef..4f07e6 elapsed="80.749µs"
INFO [03-26|19:45:32.665] Submitted transaction                    hash=0x4651373ffc496c5c0e6e70fb77317f73e43e1df6ebef8600a409649f061110d1 from=0x82792DeE67A1488F70A583F7aA78234060f892ed nonce=1   recipient=0xf39Fd6e51aad88F6F4ce6aB8827279cffFb92266 value=109,472,431,770
INFO [03-26|19:45:42.478] Starting work on payload                 id=0x0313492fe37e0f8d
INFO [03-26|19:45:42.479] Updated payload                          id=0x0313492fe37e0f8d number=64642 hash=5d8344..4d72d7 txs=1 withdrawals=0 gas=21000      fees=1.83771e-10     root=05984f..d40c3c elapsed="963.985µs"
INFO [03-26|19:45:42.479] Stopping work on payload                 id=0x0313492fe37e0f8d reason=delivery
WARN [03-26|19:45:42.481] {"level":"warn","msg":"Slow block","block":{"number":64642,"hash":"0x5d8344b5c791f015f5255a8c5d24895322a6734b99db8433e1e181da6f4d72d7","gas_used":21000,"tx_count":1},"timing":{"execution_ms":0.175149,"state_read_ms":0.115809,"state_hash_ms":0.129049,"commit_ms":0.597037,"total_ms":1.086675},"throughput":{"mgas_per_sec":19.32500517634067},"state_reads":{"accounts":6,"storage_slots":0,"code":0,"code_bytes":0},"state_writes":{"accounts":2,"accounts_deleted":0,"storage_slots":0,"storage_slots_deleted":0,"code":0,"code_bytes":0},"cache":{"account":{"hits":2,"misses":4,"hit_rate":33.33333333333333},"storage":{"hits":0,"misses":0,"hit_rate":0},"code":{"hits":0,"misses":0,"hit_rate":0,"hit_bytes":0,"miss_bytes":0}}}
INFO [03-26|19:45:42.481] Imported new potential chain segment     number=64642 hash=5d8344..4d72d7 blocks=1 txs=1 mgas=0.021  elapsed=1.240ms     mgasps=16.930  triediffs=292.57MiB triedirty=0.00B
INFO [03-26|19:45:42.481] Chain head was updated                   number=64642 hash=5d8344..4d72d7 root=05984f..d40c3c elapsed="68.46µs"
