INFO [03-26|18:28:30.297] Starting Geth on Ethereum mainnet...
INFO [03-26|18:28:30.299] Maximum peer count                       ETH=0 total=0
INFO [03-26|18:28:30.300] Smartcard socket not found, disabling    err="stat /run/pcscd/pcscd.comm: no such file or directory"
WARN [03-26|18:28:30.301] Option --miner.etherbase is deprecated as the etherbase is set by the consensus client post-merge
WARN [03-26|18:28:30.302] Snap sync requested, resetting --cache.snapshot
INFO [03-26|18:28:30.303] Global gas cap disabled
INFO [03-26|18:28:30.952] Using developer account                  address=0xf39Fd6e51aad88F6F4ce6aB8827279cffFb92266
INFO [03-26|18:28:31.195] Using pebble as the backing database
INFO [03-26|18:28:31.195] Allocated cache and file handles         database=/home/CPerezz/bintrie-benchmarks/mpt-vs-bintrie/dbs/mpt/geth/chaindata cache=16.00MiB handles=524,288
INFO [03-26|18:28:33.381] Opened ancient database                  database=/home/CPerezz/bintrie-benchmarks/mpt-vs-bintrie/dbs/mpt/geth/chaindata/ancient/chain readonly=true
INFO [03-26|18:28:33.381] Opened Era store                         datadir=/home/CPerezz/bintrie-benchmarks/mpt-vs-bintrie/dbs/mpt/geth/chaindata/ancient/chain/era
INFO [03-26|18:28:33.390] Initializing the KZG library             backend=gokzg
INFO [03-26|18:28:33.392] Allocated trie memory caches             clean=0.00B dirty=0.00B
INFO [03-26|18:28:33.494] Using pebble as the backing database
INFO [03-26|18:28:33.494] Allocated cache and file handles         database=/home/CPerezz/bintrie-benchmarks/mpt-vs-bintrie/dbs/mpt/geth/chaindata cache=16.00MiB handles=524,288
INFO [03-26|18:28:34.834] Opened ancient database                  database=/home/CPerezz/bintrie-benchmarks/mpt-vs-bintrie/dbs/mpt/geth/chaindata/ancient/chain readonly=false
INFO [03-26|18:28:34.834] Opened Era store                         datadir=/home/CPerezz/bintrie-benchmarks/mpt-vs-bintrie/dbs/mpt/geth/chaindata/ancient/chain/era
INFO [03-26|18:28:34.836] State scheme set to already existing     scheme=path
INFO [03-26|18:28:34.838] Initialising Ethereum protocol           network=1337 dbversion=9
INFO [03-26|18:28:34.838] Load database journal from file          path=/home/CPerezz/bintrie-benchmarks/mpt-vs-bintrie/dbs/mpt/geth/triedb/merkle.journal
INFO [03-26|18:28:34.854] Opened ancient database                  database=/home/CPerezz/bintrie-benchmarks/mpt-vs-bintrie/dbs/mpt/geth/chaindata/ancient/state readonly=false
INFO [03-26|18:28:34.855] Initialized path database                triecache=0.00B statecache=0.00B buffer=0.00B state-history="last 90000 blocks" journal-dir=/home/CPerezz/bintrie-benchmarks/mpt-vs-bintrie/dbs/mpt/geth/triedb
INFO [03-26|18:28:34.855] 
INFO [03-26|18:28:34.855] ---------------------------------------------------------------------------------------------------------------------------------------------------------
INFO [03-26|18:28:34.855] Chain ID:  1337 (unknown)
INFO [03-26|18:28:34.855] Consensus: unknown
INFO [03-26|18:28:34.855] 
INFO [03-26|18:28:34.855] Pre-Merge hard forks (block based):
INFO [03-26|18:28:34.855]  - Homestead:                   #0       
INFO [03-26|18:28:34.855]  - Tangerine Whistle (EIP 150): #0       
INFO [03-26|18:28:34.855]  - Spurious Dragon/1 (EIP 155): #0       
INFO [03-26|18:28:34.855]  - Spurious Dragon/2 (EIP 158): #0       
INFO [03-26|18:28:34.855]  - Byzantium:                   #0       
INFO [03-26|18:28:34.855]  - Constantinople:              #0       
INFO [03-26|18:28:34.855]  - Petersburg:                  #0       
INFO [03-26|18:28:34.855]  - Istanbul:                    #0       
INFO [03-26|18:28:34.855]  - Muir Glacier:                #0       
INFO [03-26|18:28:34.855]  - Berlin:                      #0       
INFO [03-26|18:28:34.855]  - London:                      #0       
INFO [03-26|18:28:34.855]  - Arrow Glacier:               #0       
INFO [03-26|18:28:34.855]  - Gray Glacier:                #0       
INFO [03-26|18:28:34.855] 
INFO [03-26|18:28:34.855] Merge configured:
INFO [03-26|18:28:34.855]  - Total terminal difficulty:  0
INFO [03-26|18:28:34.855]  - Merge netsplit block:       #0       
INFO [03-26|18:28:34.855] 
INFO [03-26|18:28:34.855] Post-Merge hard forks (timestamp based):
INFO [03-26|18:28:34.855]  - Shanghai:                    @0         
INFO [03-26|18:28:34.855]  - Cancun:                      @0          blob: (target: 3, max: 6, fraction: 3338477)
INFO [03-26|18:28:34.855]  - Prague:                      @0          blob: (target: 6, max: 9, fraction: 5225352)
INFO [03-26|18:28:34.855]  - Osaka:                       @4294967295 blob: (target: 9, max: 12, fraction: 5225352)
INFO [03-26|18:28:34.855] 
INFO [03-26|18:28:34.856] All fork specifications can be found at https://ethereum.github.io/execution-specs/src/ethereum/forks/
INFO [03-26|18:28:34.856] 
INFO [03-26|18:28:34.856] ---------------------------------------------------------------------------------------------------------------------------------------------------------
INFO [03-26|18:28:34.856] 
INFO [03-26|18:28:34.856] Loaded most recent local block           number=64245 hash=a4ebf0..05eeb3 age=21s
INFO [03-26|18:28:34.856] Loaded most recent local finalized block number=64224 hash=3595e1..941170 age=5m9s
INFO [03-26|18:28:34.857] Initialized transaction indexer          range="last 2350000 blocks"
INFO [03-26|18:28:34.857] Initialized log indexer                  firstblock=0 lastblock=64245 firstmap=0 lastmap=4 headindexed=true
INFO [03-26|18:28:34.872] Enabled full-sync                        head=64245 hash=a4ebf0..05eeb3
INFO [03-26|18:28:34.873] Unprotected transactions allowed
INFO [03-26|18:28:34.873] Gasprice oracle is ignoring threshold set threshold=2
INFO [03-26|18:28:34.873] Registered sync override service
WARN [03-26|18:28:34.873] You are running Geth in --dev mode. Please note the following:
WARN [03-26|18:28:34.873] 
WARN [03-26|18:28:34.873]   1. This mode is only intended for fast, iterative development without assumptions on
WARN [03-26|18:28:34.873]      security or persistence.
WARN [03-26|18:28:34.873]   2. The database is created in memory unless specified otherwise. Therefore, shutting down
WARN [03-26|18:28:34.873]      your computer or losing power will wipe your entire block data and chain state for
WARN [03-26|18:28:34.873]      your dev environment.
WARN [03-26|18:28:34.874]   3. A random, pre-allocated developer account will be available and unlocked as
WARN [03-26|18:28:34.874]      eth.coinbase, which can be used for testing. The random dev account is temporary,
WARN [03-26|18:28:34.874]      stored on a ramdisk, and will be lost if your machine is restarted.
WARN [03-26|18:28:34.874]   4. Mining is enabled by default. However, the client will only seal blocks if transactions
WARN [03-26|18:28:34.874]      are pending in the mempool. The miner's minimum accepted gas price is 1.
WARN [03-26|18:28:34.874]   5. Networking is disabled; there is no listen-address, the maximum number of peers is set
WARN [03-26|18:28:34.874]      to 0, and discovery is disabled.
WARN [03-26|18:28:34.874] 
INFO [03-26|18:28:34.874] Starting peer-to-peer node               instance=Geth/v1.17.2-unstable-5d0e18f7-20260325/linux-amd64/go1.24.1
WARN [03-26|18:28:34.874] P2P server will be useless, neither dialing nor listening
INFO [03-26|18:28:34.884] IPC endpoint opened                      url=/home/CPerezz/bintrie-benchmarks/mpt-vs-bintrie/dbs/mpt/geth.ipc
ERROR[03-26|18:28:34.884] Unavailable modules in HTTP API list     unavailable=[personal] available="[admin debug web3 eth txpool miner net dev testing]"
INFO [03-26|18:28:34.884] New local node record                    seq=1,774,465,405,997 id=9566f6e861acb2c3 ip=127.0.0.1 udp=0 tcp=0
INFO [03-26|18:28:34.884] Started P2P networking                   self=enode://7bcb27e0859fe4ed7072e298a58918cc0b55d08376b1207f77d84f6d0d34ded7448b64ab16dd00733b489383beff49c04f662afae4dd1dc102807640ff82a1cd@127.0.0.1:0
INFO [03-26|18:28:34.885] HTTP server started                      endpoint=[::]:8545 auth=false prefix= cors= vhosts=localhost
INFO [03-26|18:28:34.885] WebSocket enabled                        url=ws://[::]:8546
INFO [03-26|18:28:34.910] Loaded local transaction journal         transactions=267 dropped=0
INFO [03-26|18:28:35.918] Started log indexer
INFO [03-26|18:28:35.929] Starting work on payload                 id=0x035d9507cd3df667
INFO [03-26|18:28:35.929] Updated payload                          id=0x035d9507cd3df667 number=64246 hash=5875e3..de92cb txs=0 withdrawals=0 gas=0 fees=0 root=759f42..984f2b elapsed="196.659µs"
INFO [03-26|18:28:35.929] Stopping work on payload                 id=0x035d9507cd3df667 reason=delivery
WARN [03-26|18:28:35.934] {"level":"warn","msg":"Slow block","block":{"number":64246,"hash":"0x5875e3885b3a2d151ce8a5ee2452e08d1628a4557525456119f05b318fde92cb","gas_used":0,"tx_count":0},"timing":{"execution_ms":0.01422,"state_read_ms":0.415048,"state_hash_ms":0.003631,"commit_ms":0.066999,"total_ms":0.546318},"throughput":{"mgas_per_sec":0},"state_reads":{"accounts":4,"storage_slots":0,"code":0,"code_bytes":0},"state_writes":{"accounts":0,"accounts_deleted":0,"storage_slots":0,"storage_slots_deleted":0,"code":0,"code_bytes":0},"cache":{"account":{"hits":0,"misses":4,"hit_rate":0},"storage":{"hits":0,"misses":0,"hit_rate":0},"code":{"hits":0,"misses":0,"hit_rate":0,"hit_bytes":0,"miss_bytes":0}}}
INFO [03-26|18:28:35.934] Imported new potential chain segment     number=64246 hash=5875e3..de92cb blocks=1 txs=0 mgas=0.000 elapsed=4.147ms     mgasps=0.000 triediffs=1.20MiB triedirty=0.00B
INFO [03-26|18:28:35.934] Ready for fork activation                fork=Osaka date="07 Feb 06 07:28 CET" remaining=700116h59m39s timestamp=4,294,967,295
INFO [03-26|18:28:35.934] Chain head was updated                   number=64246 hash=5875e3..de92cb root=759f42..984f2b elapsed="23.29µs"
INFO [03-26|18:28:36.586] Submitted contract creation              hash=0x49143efc916c81afe14fb97af0baf3116381306712673e6e52e2b2987c3e1811 from=0xf39Fd6e51aad88F6F4ce6aB8827279cffFb92266 nonce=256 contract=0x3C1Cb427D20F15563aDa8C249E71db76d7183B6c value=0
INFO [03-26|18:28:36.588] Submitted transaction                    hash=0x4b7783908169d39cb0fb28610ce5c5ca083a105b02b9a401845c3b664be08665 from=0xf39Fd6e51aad88F6F4ce6aB8827279cffFb92266 nonce=257 recipient=0x019618013f65B156777daC600C983dD6DF05331f value=1,600,000,000
INFO [03-26|18:28:45.939] Starting work on payload                 id=0x03ad507d966caef2
INFO [03-26|18:28:45.947] Updated payload                          id=0x03ad507d966caef2 number=64247 hash=b54dbe..84890b txs=2 withdrawals=0 gas=89662 fees=7.17296e-13 root=3c4a83..c6934b elapsed=7.333ms
INFO [03-26|18:28:45.947] Stopping work on payload                 id=0x03ad507d966caef2 reason=delivery
WARN [03-26|18:28:45.950] {"level":"warn","msg":"Slow block","block":{"number":64247,"hash":"0xb54dbe7e9162fe9b1eef755e9e8eb98d734bca58652de5cdafe6180f3c84890b","gas_used":89662,"tx_count":2},"timing":{"execution_ms":0.04855,"state_read_ms":0.088549,"state_hash_ms":0.562927,"commit_ms":1.488582,"total_ms":2.231259},"throughput":{"mgas_per_sec":40.184487771253806},"state_reads":{"accounts":11,"storage_slots":0,"code":0,"code_bytes":0},"state_writes":{"accounts":3,"accounts_deleted":0,"storage_slots":0,"storage_slots_deleted":0,"code":1,"code_bytes":72},"cache":{"account":{"hits":4,"misses":7,"hit_rate":36.36363636363637},"storage":{"hits":0,"misses":0,"hit_rate":0},"code":{"hits":0,"misses":0,"hit_rate":0,"hit_bytes":0,"miss_bytes":0}}}
INFO [03-26|18:28:45.950] Imported new potential chain segment     number=64247 hash=b54dbe..84890b blocks=1 txs=2 mgas=0.090 elapsed=2.425ms     mgasps=36.961 triediffs=1.20MiB triedirty=0.00B
INFO [03-26|18:28:45.951] Chain head was updated                   number=64247 hash=b54dbe..84890b root=3c4a83..c6934b elapsed="245.649µs"
INFO [03-26|18:28:46.673] Submitted transaction                    hash=0x06ccbcf679d10fe16b0ea3248f24a45686567da4bfbbc21f7cf283e1940f05f9 from=0x019618013f65B156777daC600C983dD6DF05331f nonce=0   recipient=0x3C1Cb427D20F15563aDa8C249E71db76d7183B6c value=0
INFO [03-26|18:28:55.953] Starting work on payload                 id=0x036971723a193851
WARN [03-26|18:29:03.342] Block building is interrupted            allowance=2s
INFO [03-26|18:29:03.342] Updated payload                          id=0x036971723a193851 number=64248 hash=91c1ae..3e3342 txs=1 withdrawals=0 gas=100,000,000 fees=8e-10       root=13974c..489a07 elapsed=7.389s
WARN [03-26|18:29:08.699] {"level":"warn","msg":"Slow block","block":{"number":64248,"hash":"0x91c1ae5615aa4d373080d31c26e76eec056bc34b5d733aa2fcac1092343e3342","gas_used":100000000,"tx_count":1},"timing":{"execution_ms":280.534585,"state_read_ms":5045.489763,"state_hash_ms":0.08944,"commit_ms":28.900768,"total_ms":5355.095715},"throughput":{"mgas_per_sec":18.673802546589965},"state_reads":{"accounts":8,"storage_slots":36742,"code":2,"code_bytes":1416},"state_writes":{"accounts":2,"accounts_deleted":0,"storage_slots":0,"storage_slots_deleted":0,"code":0,"code_bytes":0},"cache":{"account":{"hits":2,"misses":6,"hit_rate":25},"storage":{"hits":3543,"misses":33199,"hit_rate":9.642915464590931},"code":{"hits":2,"misses":0,"hit_rate":100,"hit_bytes":1416,"miss_bytes":0}}}
INFO [03-26|18:29:08.699] Imported new potential chain segment     number=64248 hash=91c1ae..3e3342 blocks=1 txs=1 mgas=100.000 elapsed=5.355s      mgasps=18.671 triediffs=1.21MiB triedirty=0.00B
INFO [03-26|18:29:08.700] Chain head was updated                   number=64248 hash=91c1ae..3e3342 root=13974c..489a07 elapsed="49.01µs"
WARN [03-26|18:29:09.058] Block building is interrupted            allowance=2s
INFO [03-26|18:29:09.059] Stopping work on payload                 id=0x036971723a193851 reason=delivery
