INFO [03-26|20:01:07.993] Starting Geth on Ethereum mainnet...
INFO [03-26|20:01:07.994] Maximum peer count                       ETH=0 total=0
INFO [03-26|20:01:07.995] Smartcard socket not found, disabling    err="stat /run/pcscd/pcscd.comm: no such file or directory"
WARN [03-26|20:01:07.997] Option --miner.etherbase is deprecated as the etherbase is set by the consensus client post-merge
WARN [03-26|20:01:07.998] Snap sync requested, resetting --cache.snapshot
INFO [03-26|20:01:07.998] Global gas cap disabled
INFO [03-26|20:01:08.638] Using developer account                  address=0xf39Fd6e51aad88F6F4ce6aB8827279cffFb92266
INFO [03-26|20:01:08.806] Using pebble as the backing database
INFO [03-26|20:01:08.806] Allocated cache and file handles         database=/home/CPerezz/bintrie-benchmarks/mpt-vs-bintrie/dbs/mpt/geth/chaindata cache=16.00MiB handles=524,288
INFO [03-26|20:01:09.937] Opened ancient database                  database=/home/CPerezz/bintrie-benchmarks/mpt-vs-bintrie/dbs/mpt/geth/chaindata/ancient/chain readonly=true
INFO [03-26|20:01:09.937] Opened Era store                         datadir=/home/CPerezz/bintrie-benchmarks/mpt-vs-bintrie/dbs/mpt/geth/chaindata/ancient/chain/era
INFO [03-26|20:01:09.947] Initializing the KZG library             backend=gokzg
INFO [03-26|20:01:09.948] Allocated trie memory caches             clean=0.00B dirty=0.00B
INFO [03-26|20:01:10.024] Using pebble as the backing database
INFO [03-26|20:01:10.024] Allocated cache and file handles         database=/home/CPerezz/bintrie-benchmarks/mpt-vs-bintrie/dbs/mpt/geth/chaindata cache=16.00MiB handles=524,288
INFO [03-26|20:01:11.370] Opened ancient database                  database=/home/CPerezz/bintrie-benchmarks/mpt-vs-bintrie/dbs/mpt/geth/chaindata/ancient/chain readonly=false
INFO [03-26|20:01:11.370] Opened Era store                         datadir=/home/CPerezz/bintrie-benchmarks/mpt-vs-bintrie/dbs/mpt/geth/chaindata/ancient/chain/era
INFO [03-26|20:01:11.372] State scheme set to already existing     scheme=path
INFO [03-26|20:01:11.372] Initialising Ethereum protocol           network=1337 dbversion=9
INFO [03-26|20:01:11.372] Load database journal from file          path=/home/CPerezz/bintrie-benchmarks/mpt-vs-bintrie/dbs/mpt/geth/triedb/merkle.journal
INFO [03-26|20:01:13.238] Opened ancient database                  database=/home/CPerezz/bintrie-benchmarks/mpt-vs-bintrie/dbs/mpt/geth/chaindata/ancient/state readonly=false
INFO [03-26|20:01:13.238] Initialized path database                triecache=0.00B statecache=0.00B buffer=0.00B state-history="last 90000 blocks" journal-dir=/home/CPerezz/bintrie-benchmarks/mpt-vs-bintrie/dbs/mpt/geth/triedb
INFO [03-26|20:01:13.241] 
INFO [03-26|20:01:13.241] ---------------------------------------------------------------------------------------------------------------------------------------------------------
INFO [03-26|20:01:13.241] Chain ID:  1337 (unknown)
INFO [03-26|20:01:13.241] Consensus: unknown
INFO [03-26|20:01:13.241] 
INFO [03-26|20:01:13.241] Pre-Merge hard forks (block based):
INFO [03-26|20:01:13.241]  - Homestead:                   #0       
INFO [03-26|20:01:13.241]  - Tangerine Whistle (EIP 150): #0       
INFO [03-26|20:01:13.241]  - Spurious Dragon/1 (EIP 155): #0       
INFO [03-26|20:01:13.241]  - Spurious Dragon/2 (EIP 158): #0       
INFO [03-26|20:01:13.241]  - Byzantium:                   #0       
INFO [03-26|20:01:13.241]  - Constantinople:              #0       
INFO [03-26|20:01:13.241]  - Petersburg:                  #0       
INFO [03-26|20:01:13.241]  - Istanbul:                    #0       
INFO [03-26|20:01:13.241]  - Muir Glacier:                #0       
INFO [03-26|20:01:13.241]  - Berlin:                      #0       
INFO [03-26|20:01:13.241]  - London:                      #0       
INFO [03-26|20:01:13.241]  - Arrow Glacier:               #0       
INFO [03-26|20:01:13.241]  - Gray Glacier:                #0       
INFO [03-26|20:01:13.241] 
INFO [03-26|20:01:13.241] Merge configured:
INFO [03-26|20:01:13.241]  - Total terminal difficulty:  0
INFO [03-26|20:01:13.241]  - Merge netsplit block:       #0       
INFO [03-26|20:01:13.241] 
INFO [03-26|20:01:13.241] Post-Merge hard forks (timestamp based):
INFO [03-26|20:01:13.241]  - Shanghai:                    @0         
INFO [03-26|20:01:13.241]  - Cancun:                      @0          blob: (target: 3, max: 6, fraction: 3338477)
INFO [03-26|20:01:13.241]  - Prague:                      @0          blob: (target: 6, max: 9, fraction: 5225352)
INFO [03-26|20:01:13.241]  - Osaka:                       @4294967295 blob: (target: 9, max: 12, fraction: 5225352)
INFO [03-26|20:01:13.241] 
INFO [03-26|20:01:13.241] All fork specifications can be found at https://ethereum.github.io/execution-specs/src/ethereum/forks/
INFO [03-26|20:01:13.241] 
INFO [03-26|20:01:13.241] ---------------------------------------------------------------------------------------------------------------------------------------------------------
INFO [03-26|20:01:13.241] 
INFO [03-26|20:01:13.243] Loaded most recent local block           number=64724 hash=491421..d7165e age=11s
INFO [03-26|20:01:13.243] Loaded most recent local finalized block number=64704 hash=3f6559..2da836 age=3m56s
INFO [03-26|20:01:13.243] Initialized transaction indexer          range="last 2350000 blocks"
INFO [03-26|20:01:13.243] Initialized log indexer                  firstblock=0 lastblock=64724 firstmap=0 lastmap=4 headindexed=true
INFO [03-26|20:01:13.246] Enabled full-sync                        head=64724 hash=491421..d7165e
INFO [03-26|20:01:13.246] Unprotected transactions allowed
INFO [03-26|20:01:13.246] Gasprice oracle is ignoring threshold set threshold=2
INFO [03-26|20:01:13.247] Registered sync override service
WARN [03-26|20:01:13.247] You are running Geth in --dev mode. Please note the following:
WARN [03-26|20:01:13.247] 
WARN [03-26|20:01:13.247]   1. This mode is only intended for fast, iterative development without assumptions on
WARN [03-26|20:01:13.247]      security or persistence.
WARN [03-26|20:01:13.247]   2. The database is created in memory unless specified otherwise. Therefore, shutting down
WARN [03-26|20:01:13.247]      your computer or losing power will wipe your entire block data and chain state for
WARN [03-26|20:01:13.247]      your dev environment.
WARN [03-26|20:01:13.247]   3. A random, pre-allocated developer account will be available and unlocked as
WARN [03-26|20:01:13.247]      eth.coinbase, which can be used for testing. The random dev account is temporary,
WARN [03-26|20:01:13.247]      stored on a ramdisk, and will be lost if your machine is restarted.
WARN [03-26|20:01:13.247]   4. Mining is enabled by default. However, the client will only seal blocks if transactions
WARN [03-26|20:01:13.247]      are pending in the mempool. The miner's minimum accepted gas price is 1.
WARN [03-26|20:01:13.247]   5. Networking is disabled; there is no listen-address, the maximum number of peers is set
WARN [03-26|20:01:13.247]      to 0, and discovery is disabled.
WARN [03-26|20:01:13.247] 
INFO [03-26|20:01:13.247] Starting peer-to-peer node               instance=Geth/v1.17.2-unstable-5d0e18f7-20260325/linux-amd64/go1.24.1
WARN [03-26|20:01:13.247] P2P server will be useless, neither dialing nor listening
INFO [03-26|20:01:13.252] IPC endpoint opened                      url=/home/CPerezz/bintrie-benchmarks/mpt-vs-bintrie/dbs/mpt/geth.ipc
ERROR[03-26|20:01:13.252] Unavailable modules in HTTP API list     unavailable=[personal] available="[admin debug web3 eth txpool miner net dev testing]"
INFO [03-26|20:01:13.252] New local node record                    seq=1,774,465,406,177 id=9566f6e861acb2c3 ip=127.0.0.1 udp=0 tcp=0
INFO [03-26|20:01:13.252] Started P2P networking                   self=enode://7bcb27e0859fe4ed7072e298a58918cc0b55d08376b1207f77d84f6d0d34ded7448b64ab16dd00733b489383beff49c04f662afae4dd1dc102807640ff82a1cd@127.0.0.1:0
INFO [03-26|20:01:13.253] HTTP server started                      endpoint=[::]:8545 auth=false prefix= cors= vhosts=localhost
INFO [03-26|20:01:13.253] WebSocket enabled                        url=ws://[::]:8546
INFO [03-26|20:01:13.316] Loaded local transaction journal         transactions=873 dropped=0
INFO [03-26|20:01:14.946] Submitted contract creation              hash=0xc0be10c268fa99fab1cf7eb7196707a5e75efb56356aba5a2e3e97edce31f006 from=0xf39Fd6e51aad88F6F4ce6aB8827279cffFb92266 nonce=616 contract=0x15F2ea83eB97ede71d84Bd04fFF29444f6b7cd52 value=0
INFO [03-26|20:01:14.948] Submitted transaction                    hash=0xace4336298bfaab49c99c423365374cccaf433a77367d143c9b463f4c22a4ef5 from=0xf39Fd6e51aad88F6F4ce6aB8827279cffFb92266 nonce=617 recipient=0x358609c6141184634C9D0726f3360b262Dd1E7b0 value=14,921,500,000,000
INFO [03-26|20:01:15.336] Started log indexer
INFO [03-26|20:01:15.341] Starting work on payload                 id=0x0369a0ef549698f8
INFO [03-26|20:01:15.346] Updated payload                          id=0x0369a0ef549698f8 number=64725 hash=9becdf..b7db4d txs=2 withdrawals=0 gas=90958 fees=1.357157031e-08 root=0eacfc..a3ce25 elapsed=5.079ms
INFO [03-26|20:01:15.346] Stopping work on payload                 id=0x0369a0ef549698f8 reason=delivery
WARN [03-26|20:01:15.361] {"level":"warn","msg":"Slow block","block":{"number":64725,"hash":"0x9becdfaf6622ae45642754411afcfe0a79bca82d85136a232781b2f9ccb7db4d","gas_used":90958,"tx_count":2},"timing":{"execution_ms":0.116727,"state_read_ms":0.243361,"state_hash_ms":0.884045,"commit_ms":12.571928,"total_ms":13.938401},"throughput":{"mgas_per_sec":6.525712669624012},"state_reads":{"accounts":11,"storage_slots":0,"code":0,"code_bytes":0},"state_writes":{"accounts":3,"accounts_deleted":0,"storage_slots":0,"storage_slots_deleted":0,"code":1,"code_bytes":78},"cache":{"account":{"hits":6,"misses":5,"hit_rate":54.54545454545454},"storage":{"hits":0,"misses":0,"hit_rate":0},"code":{"hits":0,"misses":0,"hit_rate":0,"hit_bytes":0,"miss_bytes":0}}}
INFO [03-26|20:01:15.361] Imported new potential chain segment     number=64725 hash=9becdf..b7db4d blocks=1 txs=2 mgas=0.091 elapsed=14.421ms mgasps=6.307 triediffs=306.54MiB triedirty=0.00B
INFO [03-26|20:01:15.361] Ready for fork activation                fork=Osaka date="07 Feb 06 07:28 CET" remaining=700115h27m0s timestamp=4,294,967,295
INFO [03-26|20:01:15.361] Chain head was updated                   number=64725 hash=9becdf..b7db4d root=0eacfc..a3ce25 elapsed="260.498µs"
INFO [03-26|20:01:15.963] Submitted transaction                    hash=0x94779a9b243d564e6add5fcb24b47e723d77a243901cad1f0f5309440bb87b51 from=0x358609c6141184634C9D0726f3360b262Dd1E7b0 nonce=0   recipient=0x15F2ea83eB97ede71d84Bd04fFF29444f6b7cd52 value=0
INFO [03-26|20:01:25.366] Starting work on payload                 id=0x0370604192aefcc5
INFO [03-26|20:01:26.168] Updated payload                          id=0x0370604192aefcc5 number=64726 hash=b3a59b..9b6eb3 txs=1 withdrawals=0 gas=93,739,282 fees=1.398655705e-05 root=7da2b6..4f4504 elapsed=802.481ms
INFO [03-26|20:01:26.169] Stopping work on payload                 id=0x0370604192aefcc5 reason=delivery
WARN [03-26|20:01:27.043] {"level":"warn","msg":"Slow block","block":{"number":64726,"hash":"0xb3a59bdd51d7f042baa28c913ef655387ef3c18fdc1efe3c1d39c069339b6eb3","gas_used":93739282,"tx_count":1},"timing":{"execution_ms":38.704073,"state_read_ms":547.326206,"state_hash_ms":263.604284,"commit_ms":23.402277,"total_ms":873.140149},"throughput":{"mgas_per_sec":107.35880386139476},"state_reads":{"accounts":8,"storage_slots":4094,"code":2,"code_bytes":1422},"state_writes":{"accounts":3,"accounts_deleted":0,"storage_slots":4094,"storage_slots_deleted":0,"code":0,"code_bytes":0},"cache":{"account":{"hits":4,"misses":4,"hit_rate":50},"storage":{"hits":480,"misses":3614,"hit_rate":11.72447484123107},"code":{"hits":2,"misses":0,"hit_rate":100,"hit_bytes":1422,"miss_bytes":0}}}
INFO [03-26|20:01:27.043] Imported new potential chain segment     number=64726 hash=b3a59b..9b6eb3 blocks=1 txs=1 mgas=93.739 elapsed=874.239ms   mgasps=107.224 triediffs=314.29MiB triedirty=0.00B
INFO [03-26|20:01:27.046] Chain head was updated                   number=64726 hash=b3a59b..9b6eb3 root=7da2b6..4f4504 elapsed="66.96µs"
INFO [03-26|20:01:28.043] Submitted transaction                    hash=0xb21bf68e86ecab8ec84d0973d7e94e289b359158d2a06a42dc4399a3fa520cf8 from=0x358609c6141184634C9D0726f3360b262Dd1E7b0 nonce=1   recipient=0xf39Fd6e51aad88F6F4ce6aB8827279cffFb92266 value=932,626,142,370
INFO [03-26|20:01:37.050] Starting work on payload                 id=0x0356640822e3bd8d
INFO [03-26|20:01:37.050] Updated payload                          id=0x0356640822e3bd8d number=64727 hash=b4a130..4718a7 txs=1 withdrawals=0 gas=21000      fees=1.566621e-09    root=bee64e..868119 elapsed="694.206µs"
INFO [03-26|20:01:37.050] Stopping work on payload                 id=0x0356640822e3bd8d reason=delivery
WARN [03-26|20:01:37.054] {"level":"warn","msg":"Slow block","block":{"number":64727,"hash":"0xb4a130c8b96ab3637453d3fb6cc4437f79d525cbebfebc120ddb874c424718a7","gas_used":21000,"tx_count":1},"timing":{"execution_ms":0.04996,"state_read_ms":0.514937,"state_hash_ms":0.095982,"commit_ms":0.515087,"total_ms":1.239664},"throughput":{"mgas_per_sec":16.940074084590663},"state_reads":{"accounts":6,"storage_slots":0,"code":0,"code_bytes":0},"state_writes":{"accounts":2,"accounts_deleted":0,"storage_slots":0,"storage_slots_deleted":0,"code":0,"code_bytes":0},"cache":{"account":{"hits":2,"misses":4,"hit_rate":33.33333333333333},"storage":{"hits":0,"misses":0,"hit_rate":0},"code":{"hits":0,"misses":0,"hit_rate":0,"hit_bytes":0,"miss_bytes":0}}}
INFO [03-26|20:01:37.054] Imported new potential chain segment     number=64727 hash=b4a130..4718a7 blocks=1 txs=1 mgas=0.021  elapsed=2.899ms     mgasps=7.244   triediffs=314.29MiB triedirty=0.00B
INFO [03-26|20:01:37.054] Chain head was updated                   number=64727 hash=b4a130..4718a7 root=bee64e..868119 elapsed="66.49µs"
