INFO [03-26|20:09:36.427] Starting Geth on Ethereum mainnet...
INFO [03-26|20:09:36.428] Maximum peer count                       ETH=0 total=0
INFO [03-26|20:09:36.429] Smartcard socket not found, disabling    err="stat /run/pcscd/pcscd.comm: no such file or directory"
WARN [03-26|20:09:36.430] Option --miner.etherbase is deprecated as the etherbase is set by the consensus client post-merge
WARN [03-26|20:09:36.431] Snap sync requested, resetting --cache.snapshot
INFO [03-26|20:09:36.431] Global gas cap disabled
INFO [03-26|20:09:37.075] Using developer account                  address=0xf39Fd6e51aad88F6F4ce6aB8827279cffFb92266
INFO [03-26|20:09:37.242] Using pebble as the backing database
INFO [03-26|20:09:37.242] Allocated cache and file handles         database=/home/CPerezz/bintrie-benchmarks/mpt-vs-bintrie/dbs/mpt/geth/chaindata cache=16.00MiB handles=524,288
INFO [03-26|20:09:38.368] Opened ancient database                  database=/home/CPerezz/bintrie-benchmarks/mpt-vs-bintrie/dbs/mpt/geth/chaindata/ancient/chain readonly=true
INFO [03-26|20:09:38.368] Opened Era store                         datadir=/home/CPerezz/bintrie-benchmarks/mpt-vs-bintrie/dbs/mpt/geth/chaindata/ancient/chain/era
INFO [03-26|20:09:38.379] Initializing the KZG library             backend=gokzg
INFO [03-26|20:09:38.381] Allocated trie memory caches             clean=0.00B dirty=0.00B
INFO [03-26|20:09:38.458] Using pebble as the backing database
INFO [03-26|20:09:38.458] Allocated cache and file handles         database=/home/CPerezz/bintrie-benchmarks/mpt-vs-bintrie/dbs/mpt/geth/chaindata cache=16.00MiB handles=524,288
INFO [03-26|20:09:39.728] Opened ancient database                  database=/home/CPerezz/bintrie-benchmarks/mpt-vs-bintrie/dbs/mpt/geth/chaindata/ancient/chain readonly=false
INFO [03-26|20:09:39.728] Opened Era store                         datadir=/home/CPerezz/bintrie-benchmarks/mpt-vs-bintrie/dbs/mpt/geth/chaindata/ancient/chain/era
INFO [03-26|20:09:39.730] State scheme set to already existing     scheme=path
INFO [03-26|20:09:39.730] Initialising Ethereum protocol           network=1337 dbversion=9
INFO [03-26|20:09:39.732] Load database journal from file          path=/home/CPerezz/bintrie-benchmarks/mpt-vs-bintrie/dbs/mpt/geth/triedb/merkle.journal
INFO [03-26|20:09:41.619] Opened ancient database                  database=/home/CPerezz/bintrie-benchmarks/mpt-vs-bintrie/dbs/mpt/geth/chaindata/ancient/state readonly=false
INFO [03-26|20:09:41.620] Initialized path database                triecache=0.00B statecache=0.00B buffer=0.00B state-history="last 90000 blocks" journal-dir=/home/CPerezz/bintrie-benchmarks/mpt-vs-bintrie/dbs/mpt/geth/triedb
INFO [03-26|20:09:41.622] 
INFO [03-26|20:09:41.622] ---------------------------------------------------------------------------------------------------------------------------------------------------------
INFO [03-26|20:09:41.622] Chain ID:  1337 (unknown)
INFO [03-26|20:09:41.622] Consensus: unknown
INFO [03-26|20:09:41.622] 
INFO [03-26|20:09:41.622] Pre-Merge hard forks (block based):
INFO [03-26|20:09:41.622]  - Homestead:                   #0       
INFO [03-26|20:09:41.622]  - Tangerine Whistle (EIP 150): #0       
INFO [03-26|20:09:41.622]  - Spurious Dragon/1 (EIP 155): #0       
INFO [03-26|20:09:41.622]  - Spurious Dragon/2 (EIP 158): #0       
INFO [03-26|20:09:41.622]  - Byzantium:                   #0       
INFO [03-26|20:09:41.622]  - Constantinople:              #0       
INFO [03-26|20:09:41.622]  - Petersburg:                  #0       
INFO [03-26|20:09:41.622]  - Istanbul:                    #0       
INFO [03-26|20:09:41.622]  - Muir Glacier:                #0       
INFO [03-26|20:09:41.622]  - Berlin:                      #0       
INFO [03-26|20:09:41.622]  - London:                      #0       
INFO [03-26|20:09:41.622]  - Arrow Glacier:               #0       
INFO [03-26|20:09:41.622]  - Gray Glacier:                #0       
INFO [03-26|20:09:41.622] 
INFO [03-26|20:09:41.622] Merge configured:
INFO [03-26|20:09:41.622]  - Total terminal difficulty:  0
INFO [03-26|20:09:41.622]  - Merge netsplit block:       #0       
INFO [03-26|20:09:41.622] 
INFO [03-26|20:09:41.622] Post-Merge hard forks (timestamp based):
INFO [03-26|20:09:41.622]  - Shanghai:                    @0         
INFO [03-26|20:09:41.622]  - Cancun:                      @0          blob: (target: 3, max: 6, fraction: 3338477)
INFO [03-26|20:09:41.622]  - Prague:                      @0          blob: (target: 6, max: 9, fraction: 5225352)
INFO [03-26|20:09:41.622]  - Osaka:                       @4294967295 blob: (target: 9, max: 12, fraction: 5225352)
INFO [03-26|20:09:41.622] 
INFO [03-26|20:09:41.622] All fork specifications can be found at https://ethereum.github.io/execution-specs/src/ethereum/forks/
INFO [03-26|20:09:41.622] 
INFO [03-26|20:09:41.622] ---------------------------------------------------------------------------------------------------------------------------------------------------------
INFO [03-26|20:09:41.622] 
INFO [03-26|20:09:41.622] Loaded most recent local block           number=64769 hash=d2017f..aee001 age=10s
INFO [03-26|20:09:41.622] Loaded most recent local finalized block number=64768 hash=51b670..c6f830 age=22s
INFO [03-26|20:09:41.623] Initialized transaction indexer          range="last 2350000 blocks"
INFO [03-26|20:09:41.623] Initialized log indexer                  firstblock=0 lastblock=64769 firstmap=0 lastmap=4 headindexed=true
INFO [03-26|20:09:41.624] Enabled full-sync                        head=64769 hash=d2017f..aee001
INFO [03-26|20:09:41.624] Unprotected transactions allowed
INFO [03-26|20:09:41.624] Gasprice oracle is ignoring threshold set threshold=2
INFO [03-26|20:09:41.625] Registered sync override service
WARN [03-26|20:09:41.625] You are running Geth in --dev mode. Please note the following:
WARN [03-26|20:09:41.625] 
WARN [03-26|20:09:41.625]   1. This mode is only intended for fast, iterative development without assumptions on
WARN [03-26|20:09:41.625]      security or persistence.
WARN [03-26|20:09:41.625]   2. The database is created in memory unless specified otherwise. Therefore, shutting down
WARN [03-26|20:09:41.625]      your computer or losing power will wipe your entire block data and chain state for
WARN [03-26|20:09:41.625]      your dev environment.
WARN [03-26|20:09:41.625]   3. A random, pre-allocated developer account will be available and unlocked as
WARN [03-26|20:09:41.625]      eth.coinbase, which can be used for testing. The random dev account is temporary,
WARN [03-26|20:09:41.625]      stored on a ramdisk, and will be lost if your machine is restarted.
WARN [03-26|20:09:41.625]   4. Mining is enabled by default. However, the client will only seal blocks if transactions
WARN [03-26|20:09:41.625]      are pending in the mempool. The miner's minimum accepted gas price is 1.
WARN [03-26|20:09:41.625]   5. Networking is disabled; there is no listen-address, the maximum number of peers is set
WARN [03-26|20:09:41.625]      to 0, and discovery is disabled.
WARN [03-26|20:09:41.625] 
INFO [03-26|20:09:41.625] Starting peer-to-peer node               instance=Geth/v1.17.2-unstable-5d0e18f7-20260325/linux-amd64/go1.24.1
WARN [03-26|20:09:41.625] P2P server will be useless, neither dialing nor listening
INFO [03-26|20:09:41.628] IPC endpoint opened                      url=/home/CPerezz/bintrie-benchmarks/mpt-vs-bintrie/dbs/mpt/geth.ipc
ERROR[03-26|20:09:41.628] Unavailable modules in HTTP API list     unavailable=[personal] available="[admin debug web3 eth txpool miner net dev testing]"
INFO [03-26|20:09:41.628] HTTP server started                      endpoint=[::]:8545 auth=false prefix= cors= vhosts=localhost
INFO [03-26|20:09:41.628] WebSocket enabled                        url=ws://[::]:8546
INFO [03-26|20:09:41.629] New local node record                    seq=1,774,465,406,192 id=9566f6e861acb2c3 ip=127.0.0.1 udp=0 tcp=0
INFO [03-26|20:09:41.629] Started P2P networking                   self=enode://7bcb27e0859fe4ed7072e298a58918cc0b55d08376b1207f77d84f6d0d34ded7448b64ab16dd00733b489383beff49c04f662afae4dd1dc102807640ff82a1cd@127.0.0.1:0
INFO [03-26|20:09:41.672] Loaded local transaction journal         transactions=933 dropped=0
INFO [03-26|20:09:43.384] Submitted contract creation              hash=0x5b1d0476cc82d89e197360de882df7ddcd783403fae4b4afd3001fffb3c449cb from=0xf39Fd6e51aad88F6F4ce6aB8827279cffFb92266 nonce=646 contract=0x29023DE63D7075B4cC2CE30B55f050f9c67548d4 value=0
INFO [03-26|20:09:43.386] Submitted transaction                    hash=0x464439768392140432776ce7d9dc04e50559a6282eb39029d3ef79cefebc8430 from=0xf39Fd6e51aad88F6F4ce6aB8827279cffFb92266 nonce=647 recipient=0x45CA668B293b5e973CAD3D5f17763FB0885156f0 value=59,235,700,000,000
INFO [03-26|20:09:43.616] Started log indexer
INFO [03-26|20:09:43.620] Starting work on payload                 id=0x03f443bfe373024b
INFO [03-26|20:09:43.626] Updated payload                          id=0x03f443bfe373024b number=64770 hash=039697..f94a07 txs=2 withdrawals=0 gas=90958 fees=5.387888034e-08 root=8d1c52..f0f492 elapsed=6.184ms
INFO [03-26|20:09:43.626] Stopping work on payload                 id=0x03f443bfe373024b reason=delivery
WARN [03-26|20:09:43.640] {"level":"warn","msg":"Slow block","block":{"number":64770,"hash":"0x039697cc9abd0d6c75ff3697d00e197a4fabaf82524403eb4862d14ffcf94a07","gas_used":90958,"tx_count":2},"timing":{"execution_ms":0.168157,"state_read_ms":0.138441,"state_hash_ms":0.884914,"commit_ms":12.612547,"total_ms":13.86153},"throughput":{"mgas_per_sec":6.561901896832456},"state_reads":{"accounts":11,"storage_slots":0,"code":0,"code_bytes":0},"state_writes":{"accounts":3,"accounts_deleted":0,"storage_slots":0,"storage_slots_deleted":0,"code":1,"code_bytes":78},"cache":{"account":{"hits":4,"misses":7,"hit_rate":36.36363636363637},"storage":{"hits":0,"misses":0,"hit_rate":0},"code":{"hits":0,"misses":0,"hit_rate":0,"hit_bytes":0,"miss_bytes":0}}}
INFO [03-26|20:09:43.640] Imported new potential chain segment     number=64770 hash=039697..f94a07 blocks=1 txs=2 mgas=0.091 elapsed=14.140ms mgasps=6.432 triediffs=306.40MiB triedirty=0.00B
INFO [03-26|20:09:43.640] Ready for fork activation                fork=Osaka date="07 Feb 06 07:28 CET" remaining=700115h18m31s timestamp=4,294,967,295
INFO [03-26|20:09:43.641] Chain head was updated                   number=64770 hash=039697..f94a07 root=8d1c52..f0f492 elapsed="278.489µs"
INFO [03-26|20:09:44.402] Submitted transaction                    hash=0x8e6783e1ba0353a216336f9fa06c842fc58b8066ecfac6989f98749449bdbc3e from=0x45CA668B293b5e973CAD3D5f17763FB0885156f0 nonce=0   recipient=0x29023DE63D7075B4cC2CE30B55f050f9c67548d4 value=0
INFO [03-26|20:09:53.648] Starting work on payload                 id=0x030ff04919021b2c
INFO [03-26|20:09:54.456] Updated payload                          id=0x030ff04919021b2c number=64771 hash=6fcc92..c2a17b txs=1 withdrawals=0 gas=93,739,282 fees=5.552636995e-05 root=8cac03..136ebc elapsed=808.545ms
INFO [03-26|20:09:54.457] Stopping work on payload                 id=0x030ff04919021b2c reason=delivery
WARN [03-26|20:09:55.418] {"level":"warn","msg":"Slow block","block":{"number":64771,"hash":"0x6fcc923b1d9b3a814976de4320836d50ad7d9b2c53044a88628be11978c2a17b","gas_used":93739282,"tx_count":1},"timing":{"execution_ms":49.656178,"state_read_ms":574.389647,"state_hash_ms":278.948165,"commit_ms":54.723921,"total_ms":957.811102},"throughput":{"mgas_per_sec":97.86823498314389},"state_reads":{"accounts":8,"storage_slots":4094,"code":2,"code_bytes":1422},"state_writes":{"accounts":3,"accounts_deleted":0,"storage_slots":4094,"storage_slots_deleted":0,"code":0,"code_bytes":0},"cache":{"account":{"hits":3,"misses":5,"hit_rate":37.5},"storage":{"hits":595,"misses":3499,"hit_rate":14.533463605276015},"code":{"hits":2,"misses":0,"hit_rate":100,"hit_bytes":1422,"miss_bytes":0}}}
INFO [03-26|20:09:55.418] Imported new potential chain segment     number=64771 hash=6fcc92..c2a17b blocks=1 txs=1 mgas=93.739 elapsed=960.431ms   mgasps=97.601 triediffs=314.18MiB triedirty=0.00B
INFO [03-26|20:09:55.418] Chain head was updated                   number=64771 hash=6fcc92..c2a17b root=8cac03..136ebc elapsed="47.99µs"
INFO [03-26|20:09:55.478] Submitted transaction                    hash=0xee590c8bd22ed3cf1bb23e55927d4665e1dd4f3ebec4b55056a78dec871b1269 from=0x45CA668B293b5e973CAD3D5f17763FB0885156f0 nonce=1   recipient=0xf39Fd6e51aad88F6F4ce6aB8827279cffFb92266 value=3,702,360,247,326
INFO [03-26|20:10:05.421] Starting work on payload                 id=0x0320480fdaf6048b
INFO [03-26|20:10:05.422] Updated payload                          id=0x0320480fdaf6048b number=64772 hash=f01f2f..dd76a3 txs=1 withdrawals=0 gas=21000      fees=6.219612e-09    root=ec2784..6d65a1 elapsed="798.285µs"
INFO [03-26|20:10:05.422] Stopping work on payload                 id=0x0320480fdaf6048b reason=delivery
WARN [03-26|20:10:05.424] {"level":"warn","msg":"Slow block","block":{"number":64772,"hash":"0xf01f2fdc577c12bdc3ace4df7494457c222d312dae1fcbfabf83e16778dd76a3","gas_used":21000,"tx_count":1},"timing":{"execution_ms":0.055171,"state_read_ms":0.273398,"state_hash_ms":0.12967,"commit_ms":0.788326,"total_ms":1.336793},"throughput":{"mgas_per_sec":15.709238453522723},"state_reads":{"accounts":6,"storage_slots":0,"code":0,"code_bytes":0},"state_writes":{"accounts":2,"accounts_deleted":0,"storage_slots":0,"storage_slots_deleted":0,"code":0,"code_bytes":0},"cache":{"account":{"hits":2,"misses":4,"hit_rate":33.33333333333333},"storage":{"hits":0,"misses":0,"hit_rate":0},"code":{"hits":0,"misses":0,"hit_rate":0,"hit_bytes":0,"miss_bytes":0}}}
INFO [03-26|20:10:05.424] Imported new potential chain segment     number=64772 hash=f01f2f..dd76a3 blocks=1 txs=1 mgas=0.021  elapsed=1.518ms     mgasps=13.827 triediffs=314.18MiB triedirty=0.00B
INFO [03-26|20:10:05.424] Chain head was updated                   number=64772 hash=f01f2f..dd76a3 root=ec2784..6d65a1 elapsed="75.76µs"
