INFO [03-26|19:28:45.483] Starting Geth on Ethereum mainnet...
INFO [03-26|19:28:45.484] Maximum peer count                       ETH=0 total=0
INFO [03-26|19:28:45.485] Smartcard socket not found, disabling    err="stat /run/pcscd/pcscd.comm: no such file or directory"
WARN [03-26|19:28:45.486] Option --miner.etherbase is deprecated as the etherbase is set by the consensus client post-merge
WARN [03-26|19:28:45.487] Snap sync requested, resetting --cache.snapshot
INFO [03-26|19:28:45.488] Global gas cap disabled
INFO [03-26|19:28:46.133] Using developer account                  address=0xf39Fd6e51aad88F6F4ce6aB8827279cffFb92266
INFO [03-26|19:28:46.300] Using pebble as the backing database
INFO [03-26|19:28:46.300] Allocated cache and file handles         database=/home/CPerezz/bintrie-benchmarks/mpt-vs-bintrie/dbs/mpt/geth/chaindata cache=16.00MiB handles=524,288
INFO [03-26|19:28:47.452] Opened ancient database                  database=/home/CPerezz/bintrie-benchmarks/mpt-vs-bintrie/dbs/mpt/geth/chaindata/ancient/chain readonly=true
INFO [03-26|19:28:47.452] Opened Era store                         datadir=/home/CPerezz/bintrie-benchmarks/mpt-vs-bintrie/dbs/mpt/geth/chaindata/ancient/chain/era
INFO [03-26|19:28:47.464] Initializing the KZG library             backend=gokzg
INFO [03-26|19:28:47.466] Allocated trie memory caches             clean=0.00B dirty=0.00B
INFO [03-26|19:28:47.565] Using pebble as the backing database
INFO [03-26|19:28:47.565] Allocated cache and file handles         database=/home/CPerezz/bintrie-benchmarks/mpt-vs-bintrie/dbs/mpt/geth/chaindata cache=16.00MiB handles=524,288
INFO [03-26|19:28:48.882] Opened ancient database                  database=/home/CPerezz/bintrie-benchmarks/mpt-vs-bintrie/dbs/mpt/geth/chaindata/ancient/chain readonly=false
INFO [03-26|19:28:48.882] Opened Era store                         datadir=/home/CPerezz/bintrie-benchmarks/mpt-vs-bintrie/dbs/mpt/geth/chaindata/ancient/chain/era
INFO [03-26|19:28:48.883] State scheme set to already existing     scheme=path
INFO [03-26|19:28:48.884] Initialising Ethereum protocol           network=1337 dbversion=9
INFO [03-26|19:28:48.885] Load database journal from file          path=/home/CPerezz/bintrie-benchmarks/mpt-vs-bintrie/dbs/mpt/geth/triedb/merkle.journal
INFO [03-26|19:28:49.277] Opened ancient database                  database=/home/CPerezz/bintrie-benchmarks/mpt-vs-bintrie/dbs/mpt/geth/chaindata/ancient/state readonly=false
INFO [03-26|19:28:49.279] Initialized path database                triecache=0.00B statecache=0.00B buffer=0.00B state-history="last 90000 blocks" journal-dir=/home/CPerezz/bintrie-benchmarks/mpt-vs-bintrie/dbs/mpt/geth/triedb
INFO [03-26|19:28:49.279] 
INFO [03-26|19:28:49.279] ---------------------------------------------------------------------------------------------------------------------------------------------------------
INFO [03-26|19:28:49.279] Chain ID:  1337 (unknown)
INFO [03-26|19:28:49.279] Consensus: unknown
INFO [03-26|19:28:49.279] 
INFO [03-26|19:28:49.279] Pre-Merge hard forks (block based):
INFO [03-26|19:28:49.279]  - Homestead:                   #0       
INFO [03-26|19:28:49.280]  - Tangerine Whistle (EIP 150): #0       
INFO [03-26|19:28:49.280]  - Spurious Dragon/1 (EIP 155): #0       
INFO [03-26|19:28:49.280]  - Spurious Dragon/2 (EIP 158): #0       
INFO [03-26|19:28:49.280]  - Byzantium:                   #0       
INFO [03-26|19:28:49.280]  - Constantinople:              #0       
INFO [03-26|19:28:49.280]  - Petersburg:                  #0       
INFO [03-26|19:28:49.280]  - Istanbul:                    #0       
INFO [03-26|19:28:49.280]  - Muir Glacier:                #0       
INFO [03-26|19:28:49.280]  - Berlin:                      #0       
INFO [03-26|19:28:49.280]  - London:                      #0       
INFO [03-26|19:28:49.280]  - Arrow Glacier:               #0       
INFO [03-26|19:28:49.280]  - Gray Glacier:                #0       
INFO [03-26|19:28:49.280] 
INFO [03-26|19:28:49.280] Merge configured:
INFO [03-26|19:28:49.280]  - Total terminal difficulty:  0
INFO [03-26|19:28:49.280]  - Merge netsplit block:       #0       
INFO [03-26|19:28:49.280] 
INFO [03-26|19:28:49.280] Post-Merge hard forks (timestamp based):
INFO [03-26|19:28:49.280]  - Shanghai:                    @0         
INFO [03-26|19:28:49.280]  - Cancun:                      @0          blob: (target: 3, max: 6, fraction: 3338477)
INFO [03-26|19:28:49.280]  - Prague:                      @0          blob: (target: 6, max: 9, fraction: 5225352)
INFO [03-26|19:28:49.280]  - Osaka:                       @4294967295 blob: (target: 9, max: 12, fraction: 5225352)
INFO [03-26|19:28:49.280] 
INFO [03-26|19:28:49.280] All fork specifications can be found at https://ethereum.github.io/execution-specs/src/ethereum/forks/
INFO [03-26|19:28:49.280] 
INFO [03-26|19:28:49.280] ---------------------------------------------------------------------------------------------------------------------------------------------------------
INFO [03-26|19:28:49.280] 
INFO [03-26|19:28:49.280] Loaded most recent local block           number=64546 hash=7aa638..3ab40f age=7s
INFO [03-26|19:28:49.281] Loaded most recent local finalized block number=64544 hash=9bb378..a0f5f2 age=29s
INFO [03-26|19:28:49.281] Initialized transaction indexer          range="last 2350000 blocks"
INFO [03-26|19:28:49.281] Initialized log indexer                  firstblock=0 lastblock=64546 firstmap=0 lastmap=4 headindexed=true
INFO [03-26|19:28:49.317] Enabled full-sync                        head=64546 hash=7aa638..3ab40f
INFO [03-26|19:28:49.317] Unprotected transactions allowed
INFO [03-26|19:28:49.317] Gasprice oracle is ignoring threshold set threshold=2
INFO [03-26|19:28:49.318] Registered sync override service
WARN [03-26|19:28:49.318] You are running Geth in --dev mode. Please note the following:
WARN [03-26|19:28:49.318] 
WARN [03-26|19:28:49.318]   1. This mode is only intended for fast, iterative development without assumptions on
WARN [03-26|19:28:49.318]      security or persistence.
WARN [03-26|19:28:49.318]   2. The database is created in memory unless specified otherwise. Therefore, shutting down
WARN [03-26|19:28:49.318]      your computer or losing power will wipe your entire block data and chain state for
WARN [03-26|19:28:49.318]      your dev environment.
WARN [03-26|19:28:49.318]   3. A random, pre-allocated developer account will be available and unlocked as
WARN [03-26|19:28:49.318]      eth.coinbase, which can be used for testing. The random dev account is temporary,
WARN [03-26|19:28:49.318]      stored on a ramdisk, and will be lost if your machine is restarted.
WARN [03-26|19:28:49.318]   4. Mining is enabled by default. However, the client will only seal blocks if transactions
WARN [03-26|19:28:49.318]      are pending in the mempool. The miner's minimum accepted gas price is 1.
WARN [03-26|19:28:49.318]   5. Networking is disabled; there is no listen-address, the maximum number of peers is set
WARN [03-26|19:28:49.318]      to 0, and discovery is disabled.
WARN [03-26|19:28:49.318] 
INFO [03-26|19:28:49.318] Starting peer-to-peer node               instance=Geth/v1.17.2-unstable-5d0e18f7-20260325/linux-amd64/go1.24.1
WARN [03-26|19:28:49.318] P2P server will be useless, neither dialing nor listening
INFO [03-26|19:28:49.333] IPC endpoint opened                      url=/home/CPerezz/bintrie-benchmarks/mpt-vs-bintrie/dbs/mpt/geth.ipc
ERROR[03-26|19:28:49.333] Unavailable modules in HTTP API list     unavailable=[personal] available="[admin debug web3 eth txpool miner net dev testing]"
INFO [03-26|19:28:49.333] New local node record                    seq=1,774,465,406,119 id=9566f6e861acb2c3 ip=127.0.0.1 udp=0 tcp=0
INFO [03-26|19:28:49.333] Started P2P networking                   self=enode://7bcb27e0859fe4ed7072e298a58918cc0b55d08376b1207f77d84f6d0d34ded7448b64ab16dd00733b489383beff49c04f662afae4dd1dc102807640ff82a1cd@127.0.0.1:0
INFO [03-26|19:28:49.333] HTTP server started                      endpoint=[::]:8545 auth=false prefix= cors= vhosts=localhost
INFO [03-26|19:28:49.333] WebSocket enabled                        url=ws://[::]:8546
INFO [03-26|19:28:49.389] Loaded local transaction journal         transactions=641 dropped=0
INFO [03-26|19:28:50.431] Submitted contract creation              hash=0x4923d7fefd5b87cb38b516aa035c087ef0b4707227bef6ba6a7792f4cab9f29d from=0xf39Fd6e51aad88F6F4ce6aB8827279cffFb92266 nonce=500 contract=0xa85EffB2658CFd81e0B1AaD4f2364CdBCd89F3a1 value=0
INFO [03-26|19:28:50.433] Submitted transaction                    hash=0x8cef129455b66b466943e01929a1ffcf9d379ee611757070a3fc88bd6b9c8f28 from=0xf39Fd6e51aad88F6F4ce6aB8827279cffFb92266 nonce=501 recipient=0xf435f6FEd2eaF5e5A9f9aD204E875eb2eABa2ab8 value=97,600,000,000
INFO [03-26|19:28:51.310] Started log indexer
INFO [03-26|19:28:51.316] Starting work on payload                 id=0x035a13a8d1d4295d
INFO [03-26|19:28:51.323] Updated payload                          id=0x035a13a8d1d4295d number=64547 hash=5cbb45..30ff9c txs=2 withdrawals=0 gas=90958 fees=8.8047344e-11 root=41adc7..87c524 elapsed=7.288ms
INFO [03-26|19:28:51.323] Stopping work on payload                 id=0x035a13a8d1d4295d reason=delivery
WARN [03-26|19:28:51.326] {"level":"warn","msg":"Slow block","block":{"number":64547,"hash":"0x5cbb4564cdd2521c70e03504f07ed514aeb7f145cfc53c3f872f0cbeb830ff9c","gas_used":90958,"tx_count":2},"timing":{"execution_ms":0.10349,"state_read_ms":0.231819,"state_hash_ms":0.636566,"commit_ms":0.741066,"total_ms":1.80885},"throughput":{"mgas_per_sec":50.284987699367},"state_reads":{"accounts":11,"storage_slots":0,"code":0,"code_bytes":0},"state_writes":{"accounts":3,"accounts_deleted":0,"storage_slots":0,"storage_slots_deleted":0,"code":1,"code_bytes":78},"cache":{"account":{"hits":6,"misses":5,"hit_rate":54.54545454545454},"storage":{"hits":0,"misses":0,"hit_rate":0},"code":{"hits":0,"misses":0,"hit_rate":0,"hit_bytes":0,"miss_bytes":0}}}
INFO [03-26|19:28:51.326] Imported new potential chain segment     number=64547 hash=5cbb45..30ff9c blocks=1 txs=2 mgas=0.091 elapsed=2.152ms mgasps=42.266 triediffs=59.43MiB triedirty=0.00B
INFO [03-26|19:28:51.326] Ready for fork activation                fork=Osaka date="07 Feb 06 07:28 CET" remaining=700115h59m24s timestamp=4,294,967,295
INFO [03-26|19:28:51.327] Chain head was updated                   number=64547 hash=5cbb45..30ff9c root=41adc7..87c524 elapsed="257.669µs"
INFO [03-26|19:28:51.448] Submitted transaction                    hash=0xcc8532bc459752b9c448d32465efe8972061ffef9ff75f2cd5731537fbf999e0 from=0xf435f6FEd2eaF5e5A9f9aD204E875eb2eABa2ab8 nonce=0   recipient=0xa85EffB2658CFd81e0B1AaD4f2364CdBCd89F3a1 value=0
INFO [03-26|19:29:01.328] Starting work on payload                 id=0x030a77dc6184ef19
INFO [03-26|19:29:02.230] Updated payload                          id=0x030a77dc6184ef19 number=64548 hash=d2fdd4..dab290 txs=1 withdrawals=0 gas=93,739,282 fees=9.073962498e-08 root=a9b5e4..51b328 elapsed=901.898ms
INFO [03-26|19:29:02.231] Stopping work on payload                 id=0x030a77dc6184ef19 reason=delivery
WARN [03-26|19:29:03.156] {"level":"warn","msg":"Slow block","block":{"number":64548,"hash":"0xd2fdd445b68965f09e151a4ea31aeace72967475165d2799879d221809dab290","gas_used":93739282,"tx_count":1},"timing":{"execution_ms":49.411078,"state_read_ms":544.069221,"state_hash_ms":289.04523,"commit_ms":40.372499,"total_ms":922.999969},"throughput":{"mgas_per_sec":101.55935552366199},"state_reads":{"accounts":8,"storage_slots":4094,"code":2,"code_bytes":1422},"state_writes":{"accounts":3,"accounts_deleted":0,"storage_slots":4094,"storage_slots_deleted":0,"code":0,"code_bytes":0},"cache":{"account":{"hits":4,"misses":4,"hit_rate":50},"storage":{"hits":778,"misses":3316,"hit_rate":19.00341963849536},"code":{"hits":2,"misses":0,"hit_rate":100,"hit_bytes":1422,"miss_bytes":0}}}
INFO [03-26|19:29:03.156] Imported new potential chain segment     number=64548 hash=d2fdd4..dab290 blocks=1 txs=1 mgas=93.739 elapsed=924.576ms   mgasps=101.386 triediffs=67.22MiB triedirty=0.00B
INFO [03-26|19:29:03.160] Chain head was updated                   number=64548 hash=d2fdd4..dab290 root=a9b5e4..51b328 elapsed="128.17µs"
INFO [03-26|19:29:03.542] Submitted transaction                    hash=0x64d04bfcdbcc0af67ca2b550b2062dbe6f4ed8788128216c18080b6f2a23ec6a from=0xf435f6FEd2eaF5e5A9f9aD204E875eb2eABa2ab8 nonce=1   recipient=0xf39Fd6e51aad88F6F4ce6aB8827279cffFb92266 value=6,100,065,768
INFO [03-26|19:29:13.163] Starting work on payload                 id=0x0390fbeacc5f01b6
INFO [03-26|19:29:13.164] Updated payload                          id=0x0390fbeacc5f01b6 number=64549 hash=7c92dc..294f99 txs=1 withdrawals=0 gas=21000      fees=1.0101e-11      root=762adf..17ea36 elapsed="853.265µs"
INFO [03-26|19:29:13.164] Stopping work on payload                 id=0x0390fbeacc5f01b6 reason=delivery
WARN [03-26|19:29:13.165] {"level":"warn","msg":"Slow block","block":{"number":64549,"hash":"0x7c92dcdc05432b1e2b16ec7dd9a84e5ff6bf6b24e1a782fce35380fff4294f99","gas_used":21000,"tx_count":1},"timing":{"execution_ms":0.09206,"state_read_ms":0.239898,"state_hash_ms":0.13615,"commit_ms":0.649116,"total_ms":1.175584},"throughput":{"mgas_per_sec":17.863461904891526},"state_reads":{"accounts":6,"storage_slots":0,"code":0,"code_bytes":0},"state_writes":{"accounts":2,"accounts_deleted":0,"storage_slots":0,"storage_slots_deleted":0,"code":0,"code_bytes":0},"cache":{"account":{"hits":2,"misses":4,"hit_rate":33.33333333333333},"storage":{"hits":0,"misses":0,"hit_rate":0},"code":{"hits":0,"misses":0,"hit_rate":0,"hit_bytes":0,"miss_bytes":0}}}
INFO [03-26|19:29:13.165] Imported new potential chain segment     number=64549 hash=7c92dc..294f99 blocks=1 txs=1 mgas=0.021  elapsed=1.362ms     mgasps=15.414  triediffs=67.21MiB triedirty=0.00B
INFO [03-26|19:29:13.166] Chain head was updated                   number=64549 hash=7c92dc..294f99 root=762adf..17ea36 elapsed="65.03µs"
