INFO [03-26|19:58:17.192] Starting Geth on Ethereum mainnet...
INFO [03-26|19:58:17.193] Maximum peer count                       ETH=0 total=0
INFO [03-26|19:58:17.194] Smartcard socket not found, disabling    err="stat /run/pcscd/pcscd.comm: no such file or directory"
WARN [03-26|19:58:17.195] Option --miner.etherbase is deprecated as the etherbase is set by the consensus client post-merge
WARN [03-26|19:58:17.196] Snap sync requested, resetting --cache.snapshot
INFO [03-26|19:58:17.196] Global gas cap disabled
INFO [03-26|19:58:17.889] Using developer account                  address=0xf39Fd6e51aad88F6F4ce6aB8827279cffFb92266
INFO [03-26|19:58:18.056] Using pebble as the backing database
INFO [03-26|19:58:18.056] Allocated cache and file handles         database=/home/CPerezz/bintrie-benchmarks/mpt-vs-bintrie/dbs/mpt/geth/chaindata cache=16.00MiB handles=524,288
INFO [03-26|19:58:19.209] Opened ancient database                  database=/home/CPerezz/bintrie-benchmarks/mpt-vs-bintrie/dbs/mpt/geth/chaindata/ancient/chain readonly=true
INFO [03-26|19:58:19.209] Opened Era store                         datadir=/home/CPerezz/bintrie-benchmarks/mpt-vs-bintrie/dbs/mpt/geth/chaindata/ancient/chain/era
INFO [03-26|19:58:19.216] Initializing the KZG library             backend=gokzg
INFO [03-26|19:58:19.217] Allocated trie memory caches             clean=0.00B dirty=0.00B
INFO [03-26|19:58:19.293] Using pebble as the backing database
INFO [03-26|19:58:19.294] Allocated cache and file handles         database=/home/CPerezz/bintrie-benchmarks/mpt-vs-bintrie/dbs/mpt/geth/chaindata cache=16.00MiB handles=524,288
INFO [03-26|19:58:20.618] Opened ancient database                  database=/home/CPerezz/bintrie-benchmarks/mpt-vs-bintrie/dbs/mpt/geth/chaindata/ancient/chain readonly=false
INFO [03-26|19:58:20.618] Opened Era store                         datadir=/home/CPerezz/bintrie-benchmarks/mpt-vs-bintrie/dbs/mpt/geth/chaindata/ancient/chain/era
INFO [03-26|19:58:20.619] State scheme set to already existing     scheme=path
INFO [03-26|19:58:20.619] Initialising Ethereum protocol           network=1337 dbversion=9
INFO [03-26|19:58:20.619] Load database journal from file          path=/home/CPerezz/bintrie-benchmarks/mpt-vs-bintrie/dbs/mpt/geth/triedb/merkle.journal
INFO [03-26|19:58:22.446] Opened ancient database                  database=/home/CPerezz/bintrie-benchmarks/mpt-vs-bintrie/dbs/mpt/geth/chaindata/ancient/state readonly=false
INFO [03-26|19:58:22.446] Initialized path database                triecache=0.00B statecache=0.00B buffer=0.00B state-history="last 90000 blocks" journal-dir=/home/CPerezz/bintrie-benchmarks/mpt-vs-bintrie/dbs/mpt/geth/triedb
INFO [03-26|19:58:22.448] 
INFO [03-26|19:58:22.448] ---------------------------------------------------------------------------------------------------------------------------------------------------------
INFO [03-26|19:58:22.448] Chain ID:  1337 (unknown)
INFO [03-26|19:58:22.448] Consensus: unknown
INFO [03-26|19:58:22.448] 
INFO [03-26|19:58:22.448] Pre-Merge hard forks (block based):
INFO [03-26|19:58:22.448]  - Homestead:                   #0       
INFO [03-26|19:58:22.448]  - Tangerine Whistle (EIP 150): #0       
INFO [03-26|19:58:22.448]  - Spurious Dragon/1 (EIP 155): #0       
INFO [03-26|19:58:22.448]  - Spurious Dragon/2 (EIP 158): #0       
INFO [03-26|19:58:22.448]  - Byzantium:                   #0       
INFO [03-26|19:58:22.448]  - Constantinople:              #0       
INFO [03-26|19:58:22.448]  - Petersburg:                  #0       
INFO [03-26|19:58:22.448]  - Istanbul:                    #0       
INFO [03-26|19:58:22.448]  - Muir Glacier:                #0       
INFO [03-26|19:58:22.448]  - Berlin:                      #0       
INFO [03-26|19:58:22.448]  - London:                      #0       
INFO [03-26|19:58:22.448]  - Arrow Glacier:               #0       
INFO [03-26|19:58:22.448]  - Gray Glacier:                #0       
INFO [03-26|19:58:22.448] 
INFO [03-26|19:58:22.448] Merge configured:
INFO [03-26|19:58:22.448]  - Total terminal difficulty:  0
INFO [03-26|19:58:22.448]  - Merge netsplit block:       #0       
INFO [03-26|19:58:22.448] 
INFO [03-26|19:58:22.448] Post-Merge hard forks (timestamp based):
INFO [03-26|19:58:22.448]  - Shanghai:                    @0         
INFO [03-26|19:58:22.448]  - Cancun:                      @0          blob: (target: 3, max: 6, fraction: 3338477)
INFO [03-26|19:58:22.448]  - Prague:                      @0          blob: (target: 6, max: 9, fraction: 5225352)
INFO [03-26|19:58:22.448]  - Osaka:                       @4294967295 blob: (target: 9, max: 12, fraction: 5225352)
INFO [03-26|19:58:22.448] 
INFO [03-26|19:58:22.448] All fork specifications can be found at https://ethereum.github.io/execution-specs/src/ethereum/forks/
INFO [03-26|19:58:22.448] 
INFO [03-26|19:58:22.448] ---------------------------------------------------------------------------------------------------------------------------------------------------------
INFO [03-26|19:58:22.448] 
INFO [03-26|19:58:22.449] Loaded most recent local block           number=64709 hash=7acc86..00d4ba age=10s
INFO [03-26|19:58:22.449] Loaded most recent local finalized block number=64704 hash=3f6559..2da836 age=1m5s
INFO [03-26|19:58:22.449] Initialized transaction indexer          range="last 2350000 blocks"
INFO [03-26|19:58:22.450] Initialized log indexer                  firstblock=0 lastblock=64709 firstmap=0 lastmap=4 headindexed=true
INFO [03-26|19:58:22.452] Enabled full-sync                        head=64709 hash=7acc86..00d4ba
INFO [03-26|19:58:22.453] Unprotected transactions allowed
INFO [03-26|19:58:22.453] Gasprice oracle is ignoring threshold set threshold=2
INFO [03-26|19:58:22.454] Registered sync override service
WARN [03-26|19:58:22.454] You are running Geth in --dev mode. Please note the following:
WARN [03-26|19:58:22.454] 
WARN [03-26|19:58:22.454]   1. This mode is only intended for fast, iterative development without assumptions on
WARN [03-26|19:58:22.454]      security or persistence.
WARN [03-26|19:58:22.454]   2. The database is created in memory unless specified otherwise. Therefore, shutting down
WARN [03-26|19:58:22.454]      your computer or losing power will wipe your entire block data and chain state for
WARN [03-26|19:58:22.454]      your dev environment.
WARN [03-26|19:58:22.454]   3. A random, pre-allocated developer account will be available and unlocked as
WARN [03-26|19:58:22.454]      eth.coinbase, which can be used for testing. The random dev account is temporary,
WARN [03-26|19:58:22.454]      stored on a ramdisk, and will be lost if your machine is restarted.
WARN [03-26|19:58:22.454]   4. Mining is enabled by default. However, the client will only seal blocks if transactions
WARN [03-26|19:58:22.454]      are pending in the mempool. The miner's minimum accepted gas price is 1.
WARN [03-26|19:58:22.454]   5. Networking is disabled; there is no listen-address, the maximum number of peers is set
WARN [03-26|19:58:22.454]      to 0, and discovery is disabled.
WARN [03-26|19:58:22.454] 
INFO [03-26|19:58:22.454] Starting peer-to-peer node               instance=Geth/v1.17.2-unstable-5d0e18f7-20260325/linux-amd64/go1.24.1
WARN [03-26|19:58:22.454] P2P server will be useless, neither dialing nor listening
INFO [03-26|19:58:22.460] IPC endpoint opened                      url=/home/CPerezz/bintrie-benchmarks/mpt-vs-bintrie/dbs/mpt/geth.ipc
INFO [03-26|19:58:22.460] New local node record                    seq=1,774,465,406,172 id=9566f6e861acb2c3 ip=127.0.0.1 udp=0 tcp=0
INFO [03-26|19:58:22.460] Started P2P networking                   self=enode://7bcb27e0859fe4ed7072e298a58918cc0b55d08376b1207f77d84f6d0d34ded7448b64ab16dd00733b489383beff49c04f662afae4dd1dc102807640ff82a1cd@127.0.0.1:0
ERROR[03-26|19:58:22.460] Unavailable modules in HTTP API list     unavailable=[personal] available="[admin debug web3 eth txpool miner net dev testing]"
INFO [03-26|19:58:22.461] HTTP server started                      endpoint=[::]:8545 auth=false prefix= cors= vhosts=localhost
INFO [03-26|19:58:22.461] WebSocket enabled                        url=ws://[::]:8546
INFO [03-26|19:58:22.543] Loaded local transaction journal         transactions=853 dropped=0
INFO [03-26|19:58:24.153] Submitted contract creation              hash=0x0f37e4fd380823a3947dc0c2ecf5cde98f323f973c6b2d36fbcd7a586e3e70f2 from=0xf39Fd6e51aad88F6F4ce6aB8827279cffFb92266 nonce=606 contract=0x564Db7a11653228164FD03BcA60465270E67b3d7 value=0
INFO [03-26|19:58:24.155] Submitted transaction                    hash=0xf32c857c7711c4ff54fc808c81c3596d80c9e98d0a29ec04fd4aff28a93d7b2c from=0xf39Fd6e51aad88F6F4ce6aB8827279cffFb92266 nonce=607 recipient=0x5Ffb66d50a2740382f6D4673942F1Cbcf736385C value=9,948,100,000,000
INFO [03-26|19:58:24.781] Started log indexer
INFO [03-26|19:58:24.786] Starting work on payload                 id=0x037b4b674dc4a590
INFO [03-26|19:58:24.794] Updated payload                          id=0x037b4b674dc4a590 number=64710 hash=37df7e..9578ca txs=2 withdrawals=0 gas=90958 fees=9.047865134e-09 root=9a936f..1c4978 elapsed=7.862ms
INFO [03-26|19:58:24.794] Stopping work on payload                 id=0x037b4b674dc4a590 reason=delivery
WARN [03-26|19:58:24.801] {"level":"warn","msg":"Slow block","block":{"number":64710,"hash":"0x37df7eef151965de26c1f570e28a810c82fcfa409e8ce55ac879756acb9578ca","gas_used":90958,"tx_count":2},"timing":{"execution_ms":0.07596,"state_read_ms":0.228509,"state_hash_ms":0.382728,"commit_ms":4.662744,"total_ms":5.420321},"throughput":{"mgas_per_sec":16.780924967358946},"state_reads":{"accounts":11,"storage_slots":0,"code":0,"code_bytes":0},"state_writes":{"accounts":3,"accounts_deleted":0,"storage_slots":0,"storage_slots_deleted":0,"code":1,"code_bytes":78},"cache":{"account":{"hits":5,"misses":6,"hit_rate":45.45454545454545},"storage":{"hits":0,"misses":0,"hit_rate":0},"code":{"hits":0,"misses":0,"hit_rate":0,"hit_bytes":0,"miss_bytes":0}}}
INFO [03-26|19:58:24.801] Imported new potential chain segment     number=64710 hash=37df7e..9578ca blocks=1 txs=2 mgas=0.091 elapsed=5.721ms mgasps=15.897 triediffs=306.53MiB triedirty=0.00B
INFO [03-26|19:58:24.801] Ready for fork activation                fork=Osaka date="07 Feb 06 07:28 CET" remaining=700115h29m50s timestamp=4,294,967,295
INFO [03-26|19:58:24.801] Chain head was updated                   number=64710 hash=37df7e..9578ca root=9a936f..1c4978 elapsed="112.88µs"
INFO [03-26|19:58:25.169] Submitted transaction                    hash=0xe947731cfba0fb01dd50402bab1dc67f2a6fe8037d235343ef667eec9d065e0e from=0x5Ffb66d50a2740382f6D4673942F1Cbcf736385C nonce=0   recipient=0x564Db7a11653228164FD03BcA60465270E67b3d7 value=0
INFO [03-26|19:58:34.805] Starting work on payload                 id=0x038c84007849cb4d
INFO [03-26|19:58:35.649] Updated payload                          id=0x038c84007849cb4d number=64711 hash=1cc910..e7156f txs=1 withdrawals=0 gas=93,739,282 fees=9.324527598e-06 root=554c56..4631dd elapsed=843.565ms
INFO [03-26|19:58:35.649] Stopping work on payload                 id=0x038c84007849cb4d reason=delivery
WARN [03-26|19:58:36.572] {"level":"warn","msg":"Slow block","block":{"number":64711,"hash":"0x1cc910791aee519104ee3bfb845bcf5eb479d0124091948eaec0647768e7156f","gas_used":93739282,"tx_count":1},"timing":{"execution_ms":45.740597,"state_read_ms":547.091004,"state_hash_ms":299.094761,"commit_ms":28.434349,"total_ms":920.52019},"throughput":{"mgas_per_sec":101.83294513073092},"state_reads":{"accounts":8,"storage_slots":4094,"code":2,"code_bytes":1422},"state_writes":{"accounts":3,"accounts_deleted":0,"storage_slots":4094,"storage_slots_deleted":0,"code":0,"code_bytes":0},"cache":{"account":{"hits":3,"misses":5,"hit_rate":37.5},"storage":{"hits":386,"misses":3708,"hit_rate":9.428431851489986},"code":{"hits":2,"misses":0,"hit_rate":100,"hit_bytes":1422,"miss_bytes":0}}}
INFO [03-26|19:58:36.572] Imported new potential chain segment     number=64711 hash=1cc910..e7156f blocks=1 txs=1 mgas=93.739 elapsed=922.232ms  mgasps=101.644 triediffs=314.34MiB triedirty=0.00B
INFO [03-26|19:58:36.575] Chain head was updated                   number=64711 hash=1cc910..e7156f root=554c56..4631dd elapsed="108.579µs"
INFO [03-26|19:58:37.254] Submitted transaction                    hash=0xad2d0517a7adc0f49faa7f016f7b1132eda7ef207046a4b5ae6d662ecea51b94 from=0x5Ffb66d50a2740382f6D4673942F1Cbcf736385C nonce=1   recipient=0xf39Fd6e51aad88F6F4ce6aB8827279cffFb92266 value=621,777,800,358
INFO [03-26|19:58:46.577] Starting work on payload                 id=0x03e321eeba6c91ff
INFO [03-26|19:58:46.578] Updated payload                          id=0x03e321eeba6c91ff number=64712 hash=cdd73d..f936a7 txs=1 withdrawals=0 gas=21000      fees=1.044414e-09    root=cda571..e9ced2 elapsed="785.475µs"
INFO [03-26|19:58:46.579] Stopping work on payload                 id=0x03e321eeba6c91ff reason=delivery
WARN [03-26|19:58:46.580] {"level":"warn","msg":"Slow block","block":{"number":64712,"hash":"0xcdd73d3c9f6d81d3d7665fc502bc17a7c5e60138496d9bdf5d7b4dc6b9f936a7","gas_used":21000,"tx_count":1},"timing":{"execution_ms":0.07125,"state_read_ms":0.138169,"state_hash_ms":0.178619,"commit_ms":0.621296,"total_ms":1.067915},"throughput":{"mgas_per_sec":19.664486405753266},"state_reads":{"accounts":6,"storage_slots":0,"code":0,"code_bytes":0},"state_writes":{"accounts":2,"accounts_deleted":0,"storage_slots":0,"storage_slots_deleted":0,"code":0,"code_bytes":0},"cache":{"account":{"hits":2,"misses":4,"hit_rate":33.33333333333333},"storage":{"hits":0,"misses":0,"hit_rate":0},"code":{"hits":0,"misses":0,"hit_rate":0,"hit_bytes":0,"miss_bytes":0}}}
INFO [03-26|19:58:46.581] Imported new potential chain segment     number=64712 hash=cdd73d..f936a7 blocks=1 txs=1 mgas=0.021  elapsed=1.537ms     mgasps=13.659  triediffs=314.33MiB triedirty=0.00B
INFO [03-26|19:58:46.581] Chain head was updated                   number=64712 hash=cdd73d..f936a7 root=cda571..e9ced2 elapsed="69.8µs"
