INFO [03-26|20:09:02.885] Starting Geth on Ethereum mainnet...
INFO [03-26|20:09:02.886] Maximum peer count                       ETH=0 total=0
INFO [03-26|20:09:02.887] Smartcard socket not found, disabling    err="stat /run/pcscd/pcscd.comm: no such file or directory"
WARN [03-26|20:09:02.888] Option --miner.etherbase is deprecated as the etherbase is set by the consensus client post-merge
WARN [03-26|20:09:02.890] Snap sync requested, resetting --cache.snapshot
INFO [03-26|20:09:02.890] Global gas cap disabled
INFO [03-26|20:09:03.534] Using developer account                  address=0xf39Fd6e51aad88F6F4ce6aB8827279cffFb92266
INFO [03-26|20:09:03.701] Using pebble as the backing database
INFO [03-26|20:09:03.701] Allocated cache and file handles         database=/home/CPerezz/bintrie-benchmarks/mpt-vs-bintrie/dbs/mpt/geth/chaindata cache=16.00MiB handles=524,288
INFO [03-26|20:09:04.857] Opened ancient database                  database=/home/CPerezz/bintrie-benchmarks/mpt-vs-bintrie/dbs/mpt/geth/chaindata/ancient/chain readonly=true
INFO [03-26|20:09:04.857] Opened Era store                         datadir=/home/CPerezz/bintrie-benchmarks/mpt-vs-bintrie/dbs/mpt/geth/chaindata/ancient/chain/era
INFO [03-26|20:09:04.868] Initializing the KZG library             backend=gokzg
INFO [03-26|20:09:04.870] Allocated trie memory caches             clean=0.00B dirty=0.00B
INFO [03-26|20:09:04.979] Using pebble as the backing database
INFO [03-26|20:09:04.979] Allocated cache and file handles         database=/home/CPerezz/bintrie-benchmarks/mpt-vs-bintrie/dbs/mpt/geth/chaindata cache=16.00MiB handles=524,288
INFO [03-26|20:09:06.315] Opened ancient database                  database=/home/CPerezz/bintrie-benchmarks/mpt-vs-bintrie/dbs/mpt/geth/chaindata/ancient/chain readonly=false
INFO [03-26|20:09:06.315] Opened Era store                         datadir=/home/CPerezz/bintrie-benchmarks/mpt-vs-bintrie/dbs/mpt/geth/chaindata/ancient/chain/era
INFO [03-26|20:09:06.317] State scheme set to already existing     scheme=path
INFO [03-26|20:09:06.317] Initialising Ethereum protocol           network=1337 dbversion=9
INFO [03-26|20:09:06.317] Load database journal from file          path=/home/CPerezz/bintrie-benchmarks/mpt-vs-bintrie/dbs/mpt/geth/triedb/merkle.journal
INFO [03-26|20:09:08.128] Opened ancient database                  database=/home/CPerezz/bintrie-benchmarks/mpt-vs-bintrie/dbs/mpt/geth/chaindata/ancient/state readonly=false
INFO [03-26|20:09:08.129] Initialized path database                triecache=0.00B statecache=0.00B buffer=0.00B state-history="last 90000 blocks" journal-dir=/home/CPerezz/bintrie-benchmarks/mpt-vs-bintrie/dbs/mpt/geth/triedb
INFO [03-26|20:09:08.130] 
INFO [03-26|20:09:08.130] ---------------------------------------------------------------------------------------------------------------------------------------------------------
INFO [03-26|20:09:08.130] Chain ID:  1337 (unknown)
INFO [03-26|20:09:08.130] Consensus: unknown
INFO [03-26|20:09:08.130] 
INFO [03-26|20:09:08.130] Pre-Merge hard forks (block based):
INFO [03-26|20:09:08.130]  - Homestead:                   #0       
INFO [03-26|20:09:08.130]  - Tangerine Whistle (EIP 150): #0       
INFO [03-26|20:09:08.130]  - Spurious Dragon/1 (EIP 155): #0       
INFO [03-26|20:09:08.130]  - Spurious Dragon/2 (EIP 158): #0       
INFO [03-26|20:09:08.130]  - Byzantium:                   #0       
INFO [03-26|20:09:08.130]  - Constantinople:              #0       
INFO [03-26|20:09:08.130]  - Petersburg:                  #0       
INFO [03-26|20:09:08.130]  - Istanbul:                    #0       
INFO [03-26|20:09:08.130]  - Muir Glacier:                #0       
INFO [03-26|20:09:08.130]  - Berlin:                      #0       
INFO [03-26|20:09:08.130]  - London:                      #0       
INFO [03-26|20:09:08.130]  - Arrow Glacier:               #0       
INFO [03-26|20:09:08.130]  - Gray Glacier:                #0       
INFO [03-26|20:09:08.130] 
INFO [03-26|20:09:08.130] Merge configured:
INFO [03-26|20:09:08.130]  - Total terminal difficulty:  0
INFO [03-26|20:09:08.130]  - Merge netsplit block:       #0       
INFO [03-26|20:09:08.130] 
INFO [03-26|20:09:08.130] Post-Merge hard forks (timestamp based):
INFO [03-26|20:09:08.130]  - Shanghai:                    @0         
INFO [03-26|20:09:08.130]  - Cancun:                      @0          blob: (target: 3, max: 6, fraction: 3338477)
INFO [03-26|20:09:08.130]  - Prague:                      @0          blob: (target: 6, max: 9, fraction: 5225352)
INFO [03-26|20:09:08.130]  - Osaka:                       @4294967295 blob: (target: 9, max: 12, fraction: 5225352)
INFO [03-26|20:09:08.130] 
INFO [03-26|20:09:08.130] All fork specifications can be found at https://ethereum.github.io/execution-specs/src/ethereum/forks/
INFO [03-26|20:09:08.130] 
INFO [03-26|20:09:08.130] ---------------------------------------------------------------------------------------------------------------------------------------------------------
INFO [03-26|20:09:08.130] 
INFO [03-26|20:09:08.131] Loaded most recent local block           number=64766 hash=5c8e2f..336767 age=10s
INFO [03-26|20:09:08.131] Loaded most recent local finalized block number=64736 hash=f47186..bc1cb6 age=5m50s
INFO [03-26|20:09:08.132] Initialized transaction indexer          range="last 2350000 blocks"
INFO [03-26|20:09:08.132] Initialized log indexer                  firstblock=0 lastblock=64766 firstmap=0 lastmap=4 headindexed=true
INFO [03-26|20:09:08.135] Enabled full-sync                        head=64766 hash=5c8e2f..336767
INFO [03-26|20:09:08.137] Unprotected transactions allowed
INFO [03-26|20:09:08.137] Gasprice oracle is ignoring threshold set threshold=2
INFO [03-26|20:09:08.139] Registered sync override service
WARN [03-26|20:09:08.139] You are running Geth in --dev mode. Please note the following:
WARN [03-26|20:09:08.139] 
WARN [03-26|20:09:08.139]   1. This mode is only intended for fast, iterative development without assumptions on
WARN [03-26|20:09:08.139]      security or persistence.
WARN [03-26|20:09:08.139]   2. The database is created in memory unless specified otherwise. Therefore, shutting down
WARN [03-26|20:09:08.139]      your computer or losing power will wipe your entire block data and chain state for
WARN [03-26|20:09:08.139]      your dev environment.
WARN [03-26|20:09:08.139]   3. A random, pre-allocated developer account will be available and unlocked as
WARN [03-26|20:09:08.139]      eth.coinbase, which can be used for testing. The random dev account is temporary,
WARN [03-26|20:09:08.139]      stored on a ramdisk, and will be lost if your machine is restarted.
WARN [03-26|20:09:08.139]   4. Mining is enabled by default. However, the client will only seal blocks if transactions
WARN [03-26|20:09:08.139]      are pending in the mempool. The miner's minimum accepted gas price is 1.
WARN [03-26|20:09:08.139]   5. Networking is disabled; there is no listen-address, the maximum number of peers is set
WARN [03-26|20:09:08.139]      to 0, and discovery is disabled.
WARN [03-26|20:09:08.139] 
INFO [03-26|20:09:08.139] Starting peer-to-peer node               instance=Geth/v1.17.2-unstable-5d0e18f7-20260325/linux-amd64/go1.24.1
WARN [03-26|20:09:08.139] P2P server will be useless, neither dialing nor listening
INFO [03-26|20:09:08.154] IPC endpoint opened                      url=/home/CPerezz/bintrie-benchmarks/mpt-vs-bintrie/dbs/mpt/geth.ipc
ERROR[03-26|20:09:08.154] Unavailable modules in HTTP API list     unavailable=[personal] available="[admin debug web3 eth txpool miner net dev testing]"
INFO [03-26|20:09:08.154] HTTP server started                      endpoint=[::]:8545 auth=false prefix= cors= vhosts=localhost
INFO [03-26|20:09:08.154] WebSocket enabled                        url=ws://[::]:8546
INFO [03-26|20:09:08.156] New local node record                    seq=1,774,465,406,191 id=9566f6e861acb2c3 ip=127.0.0.1 udp=0 tcp=0
INFO [03-26|20:09:08.157] Started P2P networking                   self=enode://7bcb27e0859fe4ed7072e298a58918cc0b55d08376b1207f77d84f6d0d34ded7448b64ab16dd00733b489383beff49c04f662afae4dd1dc102807640ff82a1cd@127.0.0.1:0
INFO [03-26|20:09:08.202] Loaded local transaction journal         transactions=929 dropped=0
INFO [03-26|20:09:09.847] Submitted contract creation              hash=0x0899c80c07f071ca09332e4a68d5e9474e2e5a8d27dbe6ec3300f21dca879661 from=0xf39Fd6e51aad88F6F4ce6aB8827279cffFb92266 nonce=644 contract=0xf93b0549cD50c849D792f0eAE94A598fA77C7718 value=0
INFO [03-26|20:09:09.849] Submitted transaction                    hash=0x053c9bb83a447af5918208962efd0b466b113d46382d8164c7a4f46d69175576 from=0xf39Fd6e51aad88F6F4ce6aB8827279cffFb92266 nonce=645 recipient=0x8DBF355c54a9b4dCA66bb63Edd88902985c8740E value=53,150,200,000,000
INFO [03-26|20:09:09.949] Started log indexer
INFO [03-26|20:09:09.953] Starting work on payload                 id=0x039fdf04ff0a8f2d
INFO [03-26|20:09:09.959] Updated payload                          id=0x039fdf04ff0a8f2d number=64767 hash=ade730..ef9eb0 txs=2 withdrawals=0 gas=90958 fees=4.834363125e-08 root=eaa11b..f00337 elapsed=5.910ms
INFO [03-26|20:09:09.959] Stopping work on payload                 id=0x039fdf04ff0a8f2d reason=delivery
WARN [03-26|20:09:09.972] {"level":"warn","msg":"Slow block","block":{"number":64767,"hash":"0xade7302a99ed9c2a5da38db5e3890a39fccc5de7fe22cbaf9123d3af81ef9eb0","gas_used":90958,"tx_count":2},"timing":{"execution_ms":0.034518,"state_read_ms":0.156511,"state_hash_ms":0.466827,"commit_ms":12.376388,"total_ms":13.086584},"throughput":{"mgas_per_sec":6.9504769159010475},"state_reads":{"accounts":11,"storage_slots":0,"code":0,"code_bytes":0},"state_writes":{"accounts":3,"accounts_deleted":0,"storage_slots":0,"storage_slots_deleted":0,"code":1,"code_bytes":78},"cache":{"account":{"hits":6,"misses":5,"hit_rate":54.54545454545454},"storage":{"hits":0,"misses":0,"hit_rate":0},"code":{"hits":0,"misses":0,"hit_rate":0,"hit_bytes":0,"miss_bytes":0}}}
INFO [03-26|20:09:09.972] Imported new potential chain segment     number=64767 hash=ade730..ef9eb0 blocks=1 txs=2 mgas=0.091 elapsed=13.351ms mgasps=6.813 triediffs=306.40MiB triedirty=0.00B
INFO [03-26|20:09:09.972] Ready for fork activation                fork=Osaka date="07 Feb 06 07:28 CET" remaining=700115h19m5s timestamp=4,294,967,295
INFO [03-26|20:09:09.973] Chain head was updated                   number=64767 hash=ade730..ef9eb0 root=eaa11b..f00337 elapsed="266.988µs"
INFO [03-26|20:09:10.866] Submitted transaction                    hash=0x07eeac2a385acd2a83c6429345eed79ae07f16896bb9024c54e9149991c48717 from=0x8DBF355c54a9b4dCA66bb63Edd88902985c8740E nonce=0   recipient=0xf93b0549cD50c849D792f0eAE94A598fA77C7718 value=0
INFO [03-26|20:09:19.977] Starting work on payload                 id=0x03f0e41e50bae9ca
INFO [03-26|20:09:20.796] Updated payload                          id=0x03f0e41e50bae9ca number=64768 hash=51b670..c6f830 txs=1 withdrawals=0 gas=93,739,282 fees=4.982186595e-05 root=2aee86..dd96d8 elapsed=818.721ms
INFO [03-26|20:09:20.796] Stopping work on payload                 id=0x03f0e41e50bae9ca reason=delivery
WARN [03-26|20:09:21.726] {"level":"warn","msg":"Slow block","block":{"number":64768,"hash":"0x51b670bfbadf9439183be708aad99401aaeb1f61270fb824738c4bbbebc6f830","gas_used":93739282,"tx_count":1},"timing":{"execution_ms":44.467558,"state_read_ms":587.559173,"state_hash_ms":274.68479,"commit_ms":21.285876,"total_ms":928.082949},"throughput":{"mgas_per_sec":101.00312919335835},"state_reads":{"accounts":8,"storage_slots":4094,"code":2,"code_bytes":1422},"state_writes":{"accounts":3,"accounts_deleted":0,"storage_slots":4094,"storage_slots_deleted":0,"code":0,"code_bytes":0},"cache":{"account":{"hits":4,"misses":4,"hit_rate":50},"storage":{"hits":677,"misses":3417,"hit_rate":16.536394723986323},"code":{"hits":2,"misses":0,"hit_rate":100,"hit_bytes":1422,"miss_bytes":0}}}
INFO [03-26|20:09:21.726] Imported new potential chain segment     number=64768 hash=51b670..c6f830 blocks=1 txs=1 mgas=93.739 elapsed=929.144ms   mgasps=100.888 triediffs=314.19MiB triedirty=0.00B
INFO [03-26|20:09:21.726] Chain head was updated                   number=64768 hash=51b670..c6f830 root=2aee86..dd96d8 elapsed="44.029µs"
INFO [03-26|20:09:21.931] Submitted transaction                    hash=0x4d4639442b466b2cc4ccd99a3f23c929aa3d49f8ce3220e051edd106e8fba070 from=0x8DBF355c54a9b4dCA66bb63Edd88902985c8740E nonce=1   recipient=0xf39Fd6e51aad88F6F4ce6aB8827279cffFb92266 value=3,322,003,220,436
INFO [03-26|20:09:31.730] Starting work on payload                 id=0x03df53b9dc86c184
INFO [03-26|20:09:31.731] Updated payload                          id=0x03df53b9dc86c184 number=64769 hash=d2017f..aee001 txs=1 withdrawals=0 gas=21000      fees=5.580624e-09    root=779f3b..ee73a5 elapsed="809.175µs"
INFO [03-26|20:09:31.731] Stopping work on payload                 id=0x03df53b9dc86c184 reason=delivery
WARN [03-26|20:09:31.732] {"level":"warn","msg":"Slow block","block":{"number":64769,"hash":"0xd2017fef17896dfa4adb00ded9f0de9b20b26c68e9bdde1b7f9402b423aee001","gas_used":21000,"tx_count":1},"timing":{"execution_ms":0.05688,"state_read_ms":0.158649,"state_hash_ms":0.120448,"commit_ms":0.650656,"total_ms":1.045835},"throughput":{"mgas_per_sec":20.07964927545932},"state_reads":{"accounts":6,"storage_slots":0,"code":0,"code_bytes":0},"state_writes":{"accounts":2,"accounts_deleted":0,"storage_slots":0,"storage_slots_deleted":0,"code":0,"code_bytes":0},"cache":{"account":{"hits":0,"misses":6,"hit_rate":0},"storage":{"hits":0,"misses":0,"hit_rate":0},"code":{"hits":0,"misses":0,"hit_rate":0,"hit_bytes":0,"miss_bytes":0}}}
INFO [03-26|20:09:31.732] Imported new potential chain segment     number=64769 hash=d2017f..aee001 blocks=1 txs=1 mgas=0.021  elapsed=1.271ms     mgasps=16.521  triediffs=314.18MiB triedirty=0.00B
INFO [03-26|20:09:31.733] Chain head was updated                   number=64769 hash=d2017f..aee001 root=779f3b..ee73a5 elapsed="84.169µs"
