INFO [03-26|17:41:38.243] Starting Geth on Ethereum mainnet...
INFO [03-26|17:41:38.244] Maximum peer count                       ETH=0 total=0
INFO [03-26|17:41:38.245] Smartcard socket not found, disabling    err="stat /run/pcscd/pcscd.comm: no such file or directory"
WARN [03-26|17:41:38.248] Option --miner.etherbase is deprecated as the etherbase is set by the consensus client post-merge
WARN [03-26|17:41:38.249] Snap sync requested, resetting --cache.snapshot
INFO [03-26|17:41:38.249] Global gas cap disabled
INFO [03-26|17:41:38.900] Using developer account                  address=0xf39Fd6e51aad88F6F4ce6aB8827279cffFb92266
INFO [03-26|17:41:39.141] Using pebble as the backing database
INFO [03-26|17:41:39.141] Allocated cache and file handles         database=/home/CPerezz/bintrie-benchmarks/mpt-vs-bintrie/dbs/mpt/geth/chaindata cache=16.00MiB handles=524,288
INFO [03-26|17:41:41.327] Opened ancient database                  database=/home/CPerezz/bintrie-benchmarks/mpt-vs-bintrie/dbs/mpt/geth/chaindata/ancient/chain readonly=true
INFO [03-26|17:41:41.327] Opened Era store                         datadir=/home/CPerezz/bintrie-benchmarks/mpt-vs-bintrie/dbs/mpt/geth/chaindata/ancient/chain/era
INFO [03-26|17:41:41.336] Initializing the KZG library             backend=gokzg
INFO [03-26|17:41:41.337] Allocated trie memory caches             clean=0.00B dirty=0.00B
INFO [03-26|17:41:41.415] Using pebble as the backing database
INFO [03-26|17:41:41.415] Allocated cache and file handles         database=/home/CPerezz/bintrie-benchmarks/mpt-vs-bintrie/dbs/mpt/geth/chaindata cache=16.00MiB handles=524,288
INFO [03-26|17:41:42.768] Opened ancient database                  database=/home/CPerezz/bintrie-benchmarks/mpt-vs-bintrie/dbs/mpt/geth/chaindata/ancient/chain readonly=false
INFO [03-26|17:41:42.768] Opened Era store                         datadir=/home/CPerezz/bintrie-benchmarks/mpt-vs-bintrie/dbs/mpt/geth/chaindata/ancient/chain/era
INFO [03-26|17:41:42.769] State scheme set to already existing     scheme=path
INFO [03-26|17:41:42.772] Initialising Ethereum protocol           network=1337 dbversion=9
INFO [03-26|17:41:42.772] Load database journal from file          path=/home/CPerezz/bintrie-benchmarks/mpt-vs-bintrie/dbs/mpt/geth/triedb/merkle.journal
INFO [03-26|17:41:44.557] Opened ancient database                  database=/home/CPerezz/bintrie-benchmarks/mpt-vs-bintrie/dbs/mpt/geth/chaindata/ancient/state readonly=false
INFO [03-26|17:41:44.558] Initialized path database                triecache=0.00B statecache=0.00B buffer=0.00B state-history="last 90000 blocks" journal-dir=/home/CPerezz/bintrie-benchmarks/mpt-vs-bintrie/dbs/mpt/geth/triedb
INFO [03-26|17:41:44.558] 
INFO [03-26|17:41:44.558] ---------------------------------------------------------------------------------------------------------------------------------------------------------
INFO [03-26|17:41:44.558] Chain ID:  1337 (unknown)
INFO [03-26|17:41:44.558] Consensus: unknown
INFO [03-26|17:41:44.558] 
INFO [03-26|17:41:44.558] Pre-Merge hard forks (block based):
INFO [03-26|17:41:44.558]  - Homestead:                   #0       
INFO [03-26|17:41:44.558]  - Tangerine Whistle (EIP 150): #0       
INFO [03-26|17:41:44.558]  - Spurious Dragon/1 (EIP 155): #0       
INFO [03-26|17:41:44.558]  - Spurious Dragon/2 (EIP 158): #0       
INFO [03-26|17:41:44.558]  - Byzantium:                   #0       
INFO [03-26|17:41:44.558]  - Constantinople:              #0       
INFO [03-26|17:41:44.558]  - Petersburg:                  #0       
INFO [03-26|17:41:44.558]  - Istanbul:                    #0       
INFO [03-26|17:41:44.558]  - Muir Glacier:                #0       
INFO [03-26|17:41:44.558]  - Berlin:                      #0       
INFO [03-26|17:41:44.558]  - London:                      #0       
INFO [03-26|17:41:44.558]  - Arrow Glacier:               #0       
INFO [03-26|17:41:44.558]  - Gray Glacier:                #0       
INFO [03-26|17:41:44.558] 
INFO [03-26|17:41:44.558] Merge configured:
INFO [03-26|17:41:44.558]  - Total terminal difficulty:  0
INFO [03-26|17:41:44.558]  - Merge netsplit block:       #0       
INFO [03-26|17:41:44.558] 
INFO [03-26|17:41:44.558] Post-Merge hard forks (timestamp based):
INFO [03-26|17:41:44.558]  - Shanghai:                    @0         
INFO [03-26|17:41:44.558]  - Cancun:                      @0          blob: (target: 3, max: 6, fraction: 3338477)
INFO [03-26|17:41:44.558]  - Prague:                      @0          blob: (target: 6, max: 9, fraction: 5225352)
INFO [03-26|17:41:44.558]  - Osaka:                       @4294967295 blob: (target: 9, max: 12, fraction: 5225352)
INFO [03-26|17:41:44.558] 
INFO [03-26|17:41:44.558] All fork specifications can be found at https://ethereum.github.io/execution-specs/src/ethereum/forks/
INFO [03-26|17:41:44.558] 
INFO [03-26|17:41:44.558] ---------------------------------------------------------------------------------------------------------------------------------------------------------
INFO [03-26|17:41:44.558] 
INFO [03-26|17:41:44.559] Loaded most recent local block           number=64049 hash=df55fe..10c779 age=25s
INFO [03-26|17:41:44.559] Loaded most recent local finalized block number=64032 hash=cbcc68..28addb age=4m39s
INFO [03-26|17:41:44.560] Initialized transaction indexer          range="last 2350000 blocks"
INFO [03-26|17:41:44.560] Initialized log indexer                  firstblock=0 lastblock=64049 firstmap=0 lastmap=4 headindexed=true
INFO [03-26|17:41:44.564] Enabled full-sync                        head=64049 hash=df55fe..10c779
INFO [03-26|17:41:44.564] Unprotected transactions allowed
INFO [03-26|17:41:44.564] Gasprice oracle is ignoring threshold set threshold=2
INFO [03-26|17:41:44.565] Registered sync override service
WARN [03-26|17:41:44.565] You are running Geth in --dev mode. Please note the following:
WARN [03-26|17:41:44.565] 
WARN [03-26|17:41:44.565]   1. This mode is only intended for fast, iterative development without assumptions on
WARN [03-26|17:41:44.565]      security or persistence.
WARN [03-26|17:41:44.565]   2. The database is created in memory unless specified otherwise. Therefore, shutting down
WARN [03-26|17:41:44.565]      your computer or losing power will wipe your entire block data and chain state for
WARN [03-26|17:41:44.565]      your dev environment.
WARN [03-26|17:41:44.565]   3. A random, pre-allocated developer account will be available and unlocked as
WARN [03-26|17:41:44.565]      eth.coinbase, which can be used for testing. The random dev account is temporary,
WARN [03-26|17:41:44.565]      stored on a ramdisk, and will be lost if your machine is restarted.
WARN [03-26|17:41:44.565]   4. Mining is enabled by default. However, the client will only seal blocks if transactions
WARN [03-26|17:41:44.565]      are pending in the mempool. The miner's minimum accepted gas price is 1.
WARN [03-26|17:41:44.565]   5. Networking is disabled; there is no listen-address, the maximum number of peers is set
WARN [03-26|17:41:44.565]      to 0, and discovery is disabled.
WARN [03-26|17:41:44.565] 
INFO [03-26|17:41:44.565] Starting peer-to-peer node               instance=Geth/v1.17.2-unstable-5d0e18f7-20260325/linux-amd64/go1.24.1
WARN [03-26|17:41:44.565] P2P server will be useless, neither dialing nor listening
INFO [03-26|17:41:44.569] IPC endpoint opened                      url=/home/CPerezz/bintrie-benchmarks/mpt-vs-bintrie/dbs/mpt/geth.ipc
ERROR[03-26|17:41:44.569] Unavailable modules in HTTP API list     unavailable=[personal] available="[admin debug web3 eth txpool miner net dev testing]"
INFO [03-26|17:41:44.569] HTTP server started                      endpoint=[::]:8545 auth=false prefix= cors= vhosts=localhost
INFO [03-26|17:41:44.569] WebSocket enabled                        url=ws://[::]:8546
INFO [03-26|17:41:44.569] New local node record                    seq=1,774,465,405,931 id=9566f6e861acb2c3 ip=127.0.0.1 udp=0 tcp=0
INFO [03-26|17:41:44.570] Started P2P networking                   self=enode://7bcb27e0859fe4ed7072e298a58918cc0b55d08376b1207f77d84f6d0d34ded7448b64ab16dd00733b489383beff49c04f662afae4dd1dc102807640ff82a1cd@127.0.0.1:0
INFO [03-26|17:41:44.576] Loaded local transaction journal         transactions=69 dropped=0
INFO [03-26|17:41:46.134] Started log indexer
INFO [03-26|17:41:46.142] Starting work on payload                 id=0x0331f9827b4e6822
INFO [03-26|17:41:46.142] Updated payload                          id=0x0331f9827b4e6822 number=64050 hash=014286..85ad63 txs=0 withdrawals=0 gas=0 fees=0 root=41d741..804962 elapsed="145.079µs"
INFO [03-26|17:41:46.142] Stopping work on payload                 id=0x0331f9827b4e6822 reason=delivery
WARN [03-26|17:41:46.145] {"level":"warn","msg":"Slow block","block":{"number":64050,"hash":"0x0142862a2a1fbeb90d7ac520b210fa22216ab17aaa0ef4b9084e8ca31185ad63","gas_used":0,"tx_count":0},"timing":{"execution_ms":0.00992,"state_read_ms":0.05662,"state_hash_ms":0.00897,"commit_ms":0.05238,"total_ms":0.16705},"throughput":{"mgas_per_sec":0},"state_reads":{"accounts":4,"storage_slots":0,"code":0,"code_bytes":0},"state_writes":{"accounts":0,"accounts_deleted":0,"storage_slots":0,"storage_slots_deleted":0,"code":0,"code_bytes":0},"cache":{"account":{"hits":0,"misses":4,"hit_rate":0},"storage":{"hits":0,"misses":0,"hit_rate":0},"code":{"hits":0,"misses":0,"hit_rate":0,"hit_bytes":0,"miss_bytes":0}}}
INFO [03-26|17:41:46.145] Imported new potential chain segment     number=64050 hash=014286..85ad63 blocks=1 txs=0 mgas=0.000 elapsed=2.217ms     mgasps=0.000 triediffs=293.42MiB triedirty=0.00B
INFO [03-26|17:41:46.145] Ready for fork activation                fork=Osaka date="07 Feb 06 07:28 CET" remaining=700117h46m29s timestamp=4,294,967,295
INFO [03-26|17:41:46.146] Chain head was updated                   number=64050 hash=014286..85ad63 root=41d741..804962 elapsed="152.669µs"
INFO [03-26|17:41:46.520] Submitted contract creation              hash=0xca74354090b8d5c781f84640118bedd2fc1313c6c4d4cfe3110f302f80b03163 from=0xf39Fd6e51aad88F6F4ce6aB8827279cffFb92266 nonce=124 contract=0x457cCf29090fe5A24c19c1bc95F492168C0EaFdb value=0
INFO [03-26|17:41:46.522] Submitted transaction                    hash=0xf7d9f7e765aed27a1e33ff3e8cb594fd3db34b765e5d25a889783ee628c3e5e2 from=0xf39Fd6e51aad88F6F4ce6aB8827279cffFb92266 nonce=125 recipient=0x5d6F16Df797A36Bbb75Be1660895bA5a97554268 value=1,600,000,000
INFO [03-26|17:41:56.147] Starting work on payload                 id=0x03a66e6d32f0593d
INFO [03-26|17:41:56.155] Updated payload                          id=0x03a66e6d32f0593d number=64051 hash=d41e46..0dc0bc txs=2 withdrawals=0 gas=89662 fees=7.17296e-13 root=254a2d..34b1c6 elapsed=7.422ms
INFO [03-26|17:41:56.155] Stopping work on payload                 id=0x03a66e6d32f0593d reason=delivery
WARN [03-26|17:41:56.160] {"level":"warn","msg":"Slow block","block":{"number":64051,"hash":"0xd41e46fcd53627eb1e69a243a1e470767b04d9fa7bd5048cbdb9c61e270dc0bc","gas_used":89662,"tx_count":2},"timing":{"execution_ms":0.04153,"state_read_ms":0.0727,"state_hash_ms":0.663966,"commit_ms":3.60449,"total_ms":4.414176},"throughput":{"mgas_per_sec":20.312284784294963},"state_reads":{"accounts":11,"storage_slots":0,"code":0,"code_bytes":0},"state_writes":{"accounts":3,"accounts_deleted":0,"storage_slots":0,"storage_slots_deleted":0,"code":1,"code_bytes":72},"cache":{"account":{"hits":4,"misses":7,"hit_rate":36.36363636363637},"storage":{"hits":0,"misses":0,"hit_rate":0},"code":{"hits":0,"misses":0,"hit_rate":0,"hit_bytes":0,"miss_bytes":0}}}
INFO [03-26|17:41:56.160] Imported new potential chain segment     number=64051 hash=d41e46..0dc0bc blocks=1 txs=2 mgas=0.090 elapsed=4.523ms     mgasps=19.824 triediffs=289.21MiB triedirty=0.00B
INFO [03-26|17:41:56.160] Chain head was updated                   number=64051 hash=d41e46..0dc0bc root=254a2d..34b1c6 elapsed="100.789µs"
INFO [03-26|17:41:56.610] Submitted transaction                    hash=0x6386df151e3a21302627b09ffa55b8e746493c13b6642697f574d39bd0e112cc from=0x5d6F16Df797A36Bbb75Be1660895bA5a97554268 nonce=0   recipient=0x457cCf29090fe5A24c19c1bc95F492168C0EaFdb value=0
INFO [03-26|17:42:06.161] Starting work on payload                 id=0x03bd1be3be696217
WARN [03-26|17:42:13.628] Block building is interrupted            allowance=2s
INFO [03-26|17:42:13.629] Updated payload                          id=0x03bd1be3be696217 number=64052 hash=7bb212..f84fdd txs=1 withdrawals=0 gas=100,000,000 fees=8e-10       root=d3e334..557f89 elapsed=7.467s
WARN [03-26|17:42:19.077] Block building is interrupted            allowance=2s
INFO [03-26|17:42:19.078] Stopping work on payload                 id=0x03bd1be3be696217 reason=delivery
WARN [03-26|17:42:19.107] {"level":"warn","msg":"Slow block","block":{"number":64052,"hash":"0x7bb21231031bf3711d5fce2119354a32c621c81120a52e3f691f6fb6f4f84fdd","gas_used":100000000,"tx_count":1},"timing":{"execution_ms":277.058697,"state_read_ms":5169.539765,"state_hash_ms":0.05676,"commit_ms":28.873797,"total_ms":5475.594549},"throughput":{"mgas_per_sec":18.26285695646747},"state_reads":{"accounts":8,"storage_slots":36742,"code":2,"code_bytes":1416},"state_writes":{"accounts":2,"accounts_deleted":0,"storage_slots":0,"storage_slots_deleted":0,"code":0,"code_bytes":0},"cache":{"account":{"hits":3,"misses":5,"hit_rate":37.5},"storage":{"hits":1950,"misses":34792,"hit_rate":5.307277774753688},"code":{"hits":2,"misses":0,"hit_rate":100,"hit_bytes":1416,"miss_bytes":0}}}
INFO [03-26|17:42:19.107] Imported new potential chain segment     number=64052 hash=7bb212..f84fdd blocks=1 txs=1 mgas=100.000 elapsed=5.477s      mgasps=18.258 triediffs=286.29MiB triedirty=0.00B
INFO [03-26|17:42:19.108] Chain head was updated                   number=64052 hash=7bb212..f84fdd root=d3e334..557f89 elapsed="71.459µs"
