INFO [03-26|20:15:14.949] Starting Geth on Ethereum mainnet...
INFO [03-26|20:15:14.951] Maximum peer count                       ETH=0 total=0
INFO [03-26|20:15:14.952] Smartcard socket not found, disabling    err="stat /run/pcscd/pcscd.comm: no such file or directory"
WARN [03-26|20:15:14.953] Option --miner.etherbase is deprecated as the etherbase is set by the consensus client post-merge
WARN [03-26|20:15:14.954] Snap sync requested, resetting --cache.snapshot
INFO [03-26|20:15:14.955] Global gas cap disabled
INFO [03-26|20:15:15.618] Using developer account                  address=0xf39Fd6e51aad88F6F4ce6aB8827279cffFb92266
INFO [03-26|20:15:15.785] Using pebble as the backing database
INFO [03-26|20:15:15.785] Allocated cache and file handles         database=/home/CPerezz/bintrie-benchmarks/mpt-vs-bintrie/dbs/mpt/geth/chaindata cache=16.00MiB handles=524,288
INFO [03-26|20:15:16.929] Opened ancient database                  database=/home/CPerezz/bintrie-benchmarks/mpt-vs-bintrie/dbs/mpt/geth/chaindata/ancient/chain readonly=true
INFO [03-26|20:15:16.929] Opened Era store                         datadir=/home/CPerezz/bintrie-benchmarks/mpt-vs-bintrie/dbs/mpt/geth/chaindata/ancient/chain/era
INFO [03-26|20:15:16.939] Initializing the KZG library             backend=gokzg
INFO [03-26|20:15:16.940] Allocated trie memory caches             clean=0.00B dirty=0.00B
INFO [03-26|20:15:17.029] Using pebble as the backing database
INFO [03-26|20:15:17.029] Allocated cache and file handles         database=/home/CPerezz/bintrie-benchmarks/mpt-vs-bintrie/dbs/mpt/geth/chaindata cache=16.00MiB handles=524,288
INFO [03-26|20:15:18.333] Opened ancient database                  database=/home/CPerezz/bintrie-benchmarks/mpt-vs-bintrie/dbs/mpt/geth/chaindata/ancient/chain readonly=false
INFO [03-26|20:15:18.333] Opened Era store                         datadir=/home/CPerezz/bintrie-benchmarks/mpt-vs-bintrie/dbs/mpt/geth/chaindata/ancient/chain/era
INFO [03-26|20:15:18.334] State scheme set to already existing     scheme=path
INFO [03-26|20:15:18.334] Initialising Ethereum protocol           network=1337 dbversion=9
INFO [03-26|20:15:18.334] Load database journal from file          path=/home/CPerezz/bintrie-benchmarks/mpt-vs-bintrie/dbs/mpt/geth/triedb/merkle.journal
INFO [03-26|20:15:20.214] Opened ancient database                  database=/home/CPerezz/bintrie-benchmarks/mpt-vs-bintrie/dbs/mpt/geth/chaindata/ancient/state readonly=false
INFO [03-26|20:15:20.215] Initialized path database                triecache=0.00B statecache=0.00B buffer=0.00B state-history="last 90000 blocks" journal-dir=/home/CPerezz/bintrie-benchmarks/mpt-vs-bintrie/dbs/mpt/geth/triedb
INFO [03-26|20:15:20.216] 
INFO [03-26|20:15:20.216] ---------------------------------------------------------------------------------------------------------------------------------------------------------
INFO [03-26|20:15:20.216] Chain ID:  1337 (unknown)
INFO [03-26|20:15:20.216] Consensus: unknown
INFO [03-26|20:15:20.216] 
INFO [03-26|20:15:20.217] Pre-Merge hard forks (block based):
INFO [03-26|20:15:20.217]  - Homestead:                   #0       
INFO [03-26|20:15:20.217]  - Tangerine Whistle (EIP 150): #0       
INFO [03-26|20:15:20.217]  - Spurious Dragon/1 (EIP 155): #0       
INFO [03-26|20:15:20.217]  - Spurious Dragon/2 (EIP 158): #0       
INFO [03-26|20:15:20.217]  - Byzantium:                   #0       
INFO [03-26|20:15:20.217]  - Constantinople:              #0       
INFO [03-26|20:15:20.217]  - Petersburg:                  #0       
INFO [03-26|20:15:20.217]  - Istanbul:                    #0       
INFO [03-26|20:15:20.217]  - Muir Glacier:                #0       
INFO [03-26|20:15:20.217]  - Berlin:                      #0       
INFO [03-26|20:15:20.217]  - London:                      #0       
INFO [03-26|20:15:20.217]  - Arrow Glacier:               #0       
INFO [03-26|20:15:20.217]  - Gray Glacier:                #0       
INFO [03-26|20:15:20.217] 
INFO [03-26|20:15:20.217] Merge configured:
INFO [03-26|20:15:20.217]  - Total terminal difficulty:  0
INFO [03-26|20:15:20.217]  - Merge netsplit block:       #0       
INFO [03-26|20:15:20.217] 
INFO [03-26|20:15:20.217] Post-Merge hard forks (timestamp based):
INFO [03-26|20:15:20.217]  - Shanghai:                    @0         
INFO [03-26|20:15:20.217]  - Cancun:                      @0          blob: (target: 3, max: 6, fraction: 3338477)
INFO [03-26|20:15:20.217]  - Prague:                      @0          blob: (target: 6, max: 9, fraction: 5225352)
INFO [03-26|20:15:20.217]  - Osaka:                       @4294967295 blob: (target: 9, max: 12, fraction: 5225352)
INFO [03-26|20:15:20.217] 
INFO [03-26|20:15:20.217] All fork specifications can be found at https://ethereum.github.io/execution-specs/src/ethereum/forks/
INFO [03-26|20:15:20.217] 
INFO [03-26|20:15:20.217] ---------------------------------------------------------------------------------------------------------------------------------------------------------
INFO [03-26|20:15:20.217] 
INFO [03-26|20:15:20.218] Loaded most recent local block           number=64799 hash=3283cf..651d5d age=10s
INFO [03-26|20:15:20.218] Loaded most recent local finalized block number=64768 hash=51b670..c6f830 age=6m1s
INFO [03-26|20:15:20.220] Initialized transaction indexer          range="last 2350000 blocks"
INFO [03-26|20:15:20.220] Initialized log indexer                  firstblock=0 lastblock=64799 firstmap=0 lastmap=4 headindexed=true
INFO [03-26|20:15:20.224] Enabled full-sync                        head=64799 hash=3283cf..651d5d
INFO [03-26|20:15:20.225] Unprotected transactions allowed
INFO [03-26|20:15:20.225] Gasprice oracle is ignoring threshold set threshold=2
INFO [03-26|20:15:20.225] Registered sync override service
WARN [03-26|20:15:20.225] You are running Geth in --dev mode. Please note the following:
WARN [03-26|20:15:20.225] 
WARN [03-26|20:15:20.226]   1. This mode is only intended for fast, iterative development without assumptions on
WARN [03-26|20:15:20.226]      security or persistence.
WARN [03-26|20:15:20.226]   2. The database is created in memory unless specified otherwise. Therefore, shutting down
WARN [03-26|20:15:20.226]      your computer or losing power will wipe your entire block data and chain state for
WARN [03-26|20:15:20.226]      your dev environment.
WARN [03-26|20:15:20.226]   3. A random, pre-allocated developer account will be available and unlocked as
WARN [03-26|20:15:20.226]      eth.coinbase, which can be used for testing. The random dev account is temporary,
WARN [03-26|20:15:20.226]      stored on a ramdisk, and will be lost if your machine is restarted.
WARN [03-26|20:15:20.226]   4. Mining is enabled by default. However, the client will only seal blocks if transactions
WARN [03-26|20:15:20.226]      are pending in the mempool. The miner's minimum accepted gas price is 1.
WARN [03-26|20:15:20.226]   5. Networking is disabled; there is no listen-address, the maximum number of peers is set
WARN [03-26|20:15:20.226]      to 0, and discovery is disabled.
WARN [03-26|20:15:20.226] 
INFO [03-26|20:15:20.226] Starting peer-to-peer node               instance=Geth/v1.17.2-unstable-5d0e18f7-20260325/linux-amd64/go1.24.1
WARN [03-26|20:15:20.226] P2P server will be useless, neither dialing nor listening
INFO [03-26|20:15:20.230] IPC endpoint opened                      url=/home/CPerezz/bintrie-benchmarks/mpt-vs-bintrie/dbs/mpt/geth.ipc
ERROR[03-26|20:15:20.231] Unavailable modules in HTTP API list     unavailable=[personal] available="[admin debug web3 eth txpool miner net dev testing]"
INFO [03-26|20:15:20.231] New local node record                    seq=1,774,465,406,202 id=9566f6e861acb2c3 ip=127.0.0.1 udp=0 tcp=0
INFO [03-26|20:15:20.231] Started P2P networking                   self=enode://7bcb27e0859fe4ed7072e298a58918cc0b55d08376b1207f77d84f6d0d34ded7448b64ab16dd00733b489383beff49c04f662afae4dd1dc102807640ff82a1cd@127.0.0.1:0
INFO [03-26|20:15:20.231] HTTP server started                      endpoint=[::]:8545 auth=false prefix= cors= vhosts=localhost
INFO [03-26|20:15:20.231] WebSocket enabled                        url=ws://[::]:8546
INFO [03-26|20:15:20.285] Loaded local transaction journal         transactions=973 dropped=0
INFO [03-26|20:15:21.919] Submitted contract creation              hash=0x9b47821fa5d3d9e9b0a9bf2ed6417db7473c396109f697bc80c1a921ec81d041 from=0xf39Fd6e51aad88F6F4ce6aB8827279cffFb92266 nonce=666 contract=0xabebE9a2D62Af9a89E86EB208b51321e748640C3 value=0
INFO [03-26|20:15:21.922] Submitted transaction                    hash=0x48209396682f190daceaeae8958cb539eee477377dd9d37dace673285892d4cd from=0xf39Fd6e51aad88F6F4ce6aB8827279cffFb92266 nonce=667 recipient=0xEc3B2E4d06a48df4B87B27915cE859aB1DBB668E value=133,278,700,000,000
INFO [03-26|20:15:22.510] Started log indexer
INFO [03-26|20:15:22.516] Starting work on payload                 id=0x031eb618b24541f6
INFO [03-26|20:15:22.522] Updated payload                          id=0x031eb618b24541f6 number=64800 hash=175909..0a02a7 txs=2 withdrawals=0 gas=90958 fees=1.212269123e-07 root=e9e9a1..64ff40 elapsed=5.661ms
INFO [03-26|20:15:22.522] Stopping work on payload                 id=0x031eb618b24541f6 reason=delivery
WARN [03-26|20:15:22.528] {"level":"warn","msg":"Slow block","block":{"number":64800,"hash":"0x17590930d98058ac3471fb4ed1444c613c1985cc992786920fbb45f93e0a02a7","gas_used":90958,"tx_count":2},"timing":{"execution_ms":0.096229,"state_read_ms":0.302039,"state_hash_ms":0.403668,"commit_ms":4.726052,"total_ms":5.617298},"throughput":{"mgas_per_sec":16.192482577922696},"state_reads":{"accounts":11,"storage_slots":0,"code":0,"code_bytes":0},"state_writes":{"accounts":3,"accounts_deleted":0,"storage_slots":0,"storage_slots_deleted":0,"code":1,"code_bytes":78},"cache":{"account":{"hits":6,"misses":5,"hit_rate":54.54545454545454},"storage":{"hits":0,"misses":0,"hit_rate":0},"code":{"hits":0,"misses":0,"hit_rate":0,"hit_bytes":0,"miss_bytes":0}}}
INFO [03-26|20:15:22.528] Imported new potential chain segment     number=64800 hash=175909..0a02a7 blocks=1 txs=2 mgas=0.091 elapsed=5.914ms mgasps=15.378 triediffs=306.44MiB triedirty=0.00B
INFO [03-26|20:15:22.528] Ready for fork activation                fork=Osaka date="07 Feb 06 07:28 CET" remaining=700115h12m52s timestamp=4,294,967,295
INFO [03-26|20:15:22.528] Chain head was updated                   number=64800 hash=175909..0a02a7 root=e9e9a1..64ff40 elapsed="110.439µs"
INFO [03-26|20:15:22.940] Submitted transaction                    hash=0x3b559fc07dee972a512b2fcbb1c86b3383d8237dfe7e83bf6a5bbc0614a22a31 from=0xEc3B2E4d06a48df4B87B27915cE859aB1DBB668E nonce=0   recipient=0xabebE9a2D62Af9a89E86EB208b51321e748640C3 value=0
INFO [03-26|20:15:32.533] Starting work on payload                 id=0x037d53b4291dee0a
INFO [03-26|20:15:33.325] Updated payload                          id=0x037d53b4291dee0a number=64801 hash=495a9d..b6a3e9 txs=1 withdrawals=0 gas=93,739,282 fees=0.0001249337465 root=f351fc..9ad6a2 elapsed=792.284ms
INFO [03-26|20:15:33.325] Stopping work on payload                 id=0x037d53b4291dee0a reason=delivery
WARN [03-26|20:15:34.208] {"level":"warn","msg":"Slow block","block":{"number":64801,"hash":"0x495a9dd53484ad7d91eeadc7c8504c7d94c601780b1b8e2d16b4230b55b6a3e9","gas_used":93739282,"tx_count":1},"timing":{"execution_ms":37.546242,"state_read_ms":524.380228,"state_hash_ms":283.019093,"commit_ms":35.851141,"total_ms":880.878664},"throughput":{"mgas_per_sec":106.41565726468771},"state_reads":{"accounts":8,"storage_slots":4094,"code":2,"code_bytes":1422},"state_writes":{"accounts":3,"accounts_deleted":0,"storage_slots":4094,"storage_slots_deleted":0,"code":0,"code_bytes":0},"cache":{"account":{"hits":3,"misses":5,"hit_rate":37.5},"storage":{"hits":561,"misses":3533,"hit_rate":13.702979970688814},"code":{"hits":2,"misses":0,"hit_rate":100,"hit_bytes":1422,"miss_bytes":0}}}
INFO [03-26|20:15:34.208] Imported new potential chain segment     number=64801 hash=495a9d..b6a3e9 blocks=1 txs=1 mgas=93.739 elapsed=882.151ms   mgasps=106.262 triediffs=314.22MiB triedirty=0.00B
INFO [03-26|20:15:34.211] Chain head was updated                   number=64801 hash=495a9d..b6a3e9 root=f351fc..9ad6a2 elapsed="86.88µs"
INFO [03-26|20:15:35.023] Submitted transaction                    hash=0x383daf73ba2b9cd7335794ff689ddf2d46853190bcbe1b62ccac154c761fe9b5 from=0xEc3B2E4d06a48df4B87B27915cE859aB1DBB668E nonce=1   recipient=0xf39Fd6e51aad88F6F4ce6aB8827279cffFb92266 value=8,330,209,161,066
INFO [03-26|20:15:44.214] Starting work on payload                 id=0x03f7512469a53de7
INFO [03-26|20:15:44.214] Updated payload                          id=0x03f7512469a53de7 number=64802 hash=7f3c55..45acd6 txs=1 withdrawals=0 gas=21000      fees=1.3994127e-08   root=a9b042..09e674 elapsed="703.456µs"
INFO [03-26|20:15:44.215] Stopping work on payload                 id=0x03f7512469a53de7 reason=delivery
WARN [03-26|20:15:44.217] {"level":"warn","msg":"Slow block","block":{"number":64802,"hash":"0x7f3c55085d635bb056a3c8069b4f223f9fc51e80c0f5fb2fb8ba21bc0c45acd6","gas_used":21000,"tx_count":1},"timing":{"execution_ms":0.051039,"state_read_ms":0.24115,"state_hash_ms":0.155559,"commit_ms":0.630836,"total_ms":1.156454},"throughput":{"mgas_per_sec":18.158958332973036},"state_reads":{"accounts":6,"storage_slots":0,"code":0,"code_bytes":0},"state_writes":{"accounts":2,"accounts_deleted":0,"storage_slots":0,"storage_slots_deleted":0,"code":0,"code_bytes":0},"cache":{"account":{"hits":2,"misses":4,"hit_rate":33.33333333333333},"storage":{"hits":0,"misses":0,"hit_rate":0},"code":{"hits":0,"misses":0,"hit_rate":0,"hit_bytes":0,"miss_bytes":0}}}
INFO [03-26|20:15:44.217] Imported new potential chain segment     number=64802 hash=7f3c55..45acd6 blocks=1 txs=1 mgas=0.021  elapsed=1.353ms     mgasps=15.516  triediffs=314.21MiB triedirty=0.00B
INFO [03-26|20:15:44.217] Chain head was updated                   number=64802 hash=7f3c55..45acd6 root=a9b042..09e674 elapsed="67.449µs"
