INFO [03-26|18:06:27.084] Starting Geth on Ethereum mainnet...
INFO [03-26|18:06:27.086] Maximum peer count                       ETH=0 total=0
INFO [03-26|18:06:27.087] Smartcard socket not found, disabling    err="stat /run/pcscd/pcscd.comm: no such file or directory"
WARN [03-26|18:06:27.088] Option --miner.etherbase is deprecated as the etherbase is set by the consensus client post-merge
WARN [03-26|18:06:27.089] Snap sync requested, resetting --cache.snapshot
INFO [03-26|18:06:27.089] Global gas cap disabled
INFO [03-26|18:06:27.728] Using developer account                  address=0xf39Fd6e51aad88F6F4ce6aB8827279cffFb92266
INFO [03-26|18:06:27.969] Using pebble as the backing database
INFO [03-26|18:06:27.969] Allocated cache and file handles         database=/home/CPerezz/bintrie-benchmarks/mpt-vs-bintrie/dbs/mpt/geth/chaindata cache=16.00MiB handles=524,288
INFO [03-26|18:06:30.160] Opened ancient database                  database=/home/CPerezz/bintrie-benchmarks/mpt-vs-bintrie/dbs/mpt/geth/chaindata/ancient/chain readonly=true
INFO [03-26|18:06:30.160] Opened Era store                         datadir=/home/CPerezz/bintrie-benchmarks/mpt-vs-bintrie/dbs/mpt/geth/chaindata/ancient/chain/era
INFO [03-26|18:06:30.169] Initializing the KZG library             backend=gokzg
INFO [03-26|18:06:30.171] Allocated trie memory caches             clean=0.00B dirty=0.00B
INFO [03-26|18:06:30.290] Using pebble as the backing database
INFO [03-26|18:06:30.290] Allocated cache and file handles         database=/home/CPerezz/bintrie-benchmarks/mpt-vs-bintrie/dbs/mpt/geth/chaindata cache=16.00MiB handles=524,288
INFO [03-26|18:06:31.666] Opened ancient database                  database=/home/CPerezz/bintrie-benchmarks/mpt-vs-bintrie/dbs/mpt/geth/chaindata/ancient/chain readonly=false
INFO [03-26|18:06:31.666] Opened Era store                         datadir=/home/CPerezz/bintrie-benchmarks/mpt-vs-bintrie/dbs/mpt/geth/chaindata/ancient/chain/era
INFO [03-26|18:06:31.667] State scheme set to already existing     scheme=path
INFO [03-26|18:06:31.669] Initialising Ethereum protocol           network=1337 dbversion=9
INFO [03-26|18:06:31.669] Load database journal from file          path=/home/CPerezz/bintrie-benchmarks/mpt-vs-bintrie/dbs/mpt/geth/triedb/merkle.journal
INFO [03-26|18:06:31.970] Opened ancient database                  database=/home/CPerezz/bintrie-benchmarks/mpt-vs-bintrie/dbs/mpt/geth/chaindata/ancient/state readonly=false
INFO [03-26|18:06:31.972] Initialized path database                triecache=0.00B statecache=0.00B buffer=0.00B state-history="last 90000 blocks" journal-dir=/home/CPerezz/bintrie-benchmarks/mpt-vs-bintrie/dbs/mpt/geth/triedb
INFO [03-26|18:06:31.972] 
INFO [03-26|18:06:31.972] ---------------------------------------------------------------------------------------------------------------------------------------------------------
INFO [03-26|18:06:31.972] Chain ID:  1337 (unknown)
INFO [03-26|18:06:31.972] Consensus: unknown
INFO [03-26|18:06:31.972] 
INFO [03-26|18:06:31.972] Pre-Merge hard forks (block based):
INFO [03-26|18:06:31.972]  - Homestead:                   #0       
INFO [03-26|18:06:31.972]  - Tangerine Whistle (EIP 150): #0       
INFO [03-26|18:06:31.972]  - Spurious Dragon/1 (EIP 155): #0       
INFO [03-26|18:06:31.972]  - Spurious Dragon/2 (EIP 158): #0       
INFO [03-26|18:06:31.972]  - Byzantium:                   #0       
INFO [03-26|18:06:31.972]  - Constantinople:              #0       
INFO [03-26|18:06:31.972]  - Petersburg:                  #0       
INFO [03-26|18:06:31.972]  - Istanbul:                    #0       
INFO [03-26|18:06:31.972]  - Muir Glacier:                #0       
INFO [03-26|18:06:31.972]  - Berlin:                      #0       
INFO [03-26|18:06:31.972]  - London:                      #0       
INFO [03-26|18:06:31.972]  - Arrow Glacier:               #0       
INFO [03-26|18:06:31.972]  - Gray Glacier:                #0       
INFO [03-26|18:06:31.972] 
INFO [03-26|18:06:31.972] Merge configured:
INFO [03-26|18:06:31.972]  - Total terminal difficulty:  0
INFO [03-26|18:06:31.972]  - Merge netsplit block:       #0       
INFO [03-26|18:06:31.972] 
INFO [03-26|18:06:31.972] Post-Merge hard forks (timestamp based):
INFO [03-26|18:06:31.972]  - Shanghai:                    @0         
INFO [03-26|18:06:31.972]  - Cancun:                      @0          blob: (target: 3, max: 6, fraction: 3338477)
INFO [03-26|18:06:31.972]  - Prague:                      @0          blob: (target: 6, max: 9, fraction: 5225352)
INFO [03-26|18:06:31.972]  - Osaka:                       @4294967295 blob: (target: 9, max: 12, fraction: 5225352)
INFO [03-26|18:06:31.972] 
INFO [03-26|18:06:31.972] All fork specifications can be found at https://ethereum.github.io/execution-specs/src/ethereum/forks/
INFO [03-26|18:06:31.972] 
INFO [03-26|18:06:31.972] ---------------------------------------------------------------------------------------------------------------------------------------------------------
INFO [03-26|18:06:31.972] 
INFO [03-26|18:06:31.973] Loaded most recent local block           number=64149 hash=24f0df..c44e53 age=22s
INFO [03-26|18:06:31.973] Loaded most recent local finalized block number=64128 hash=04b738..bb55b3 age=5m24s
INFO [03-26|18:06:31.973] Initialized transaction indexer          range="last 2350000 blocks"
INFO [03-26|18:06:31.974] Initialized log indexer                  firstblock=0 lastblock=64149 firstmap=0 lastmap=4 headindexed=true
INFO [03-26|18:06:31.989] Enabled full-sync                        head=64149 hash=24f0df..c44e53
INFO [03-26|18:06:31.990] Unprotected transactions allowed
INFO [03-26|18:06:31.990] Gasprice oracle is ignoring threshold set threshold=2
INFO [03-26|18:06:31.990] Registered sync override service
WARN [03-26|18:06:31.990] You are running Geth in --dev mode. Please note the following:
WARN [03-26|18:06:31.990] 
WARN [03-26|18:06:31.990]   1. This mode is only intended for fast, iterative development without assumptions on
WARN [03-26|18:06:31.990]      security or persistence.
WARN [03-26|18:06:31.990]   2. The database is created in memory unless specified otherwise. Therefore, shutting down
WARN [03-26|18:06:31.990]      your computer or losing power will wipe your entire block data and chain state for
WARN [03-26|18:06:31.990]      your dev environment.
WARN [03-26|18:06:31.990]   3. A random, pre-allocated developer account will be available and unlocked as
WARN [03-26|18:06:31.990]      eth.coinbase, which can be used for testing. The random dev account is temporary,
WARN [03-26|18:06:31.990]      stored on a ramdisk, and will be lost if your machine is restarted.
WARN [03-26|18:06:31.990]   4. Mining is enabled by default. However, the client will only seal blocks if transactions
WARN [03-26|18:06:31.990]      are pending in the mempool. The miner's minimum accepted gas price is 1.
WARN [03-26|18:06:31.990]   5. Networking is disabled; there is no listen-address, the maximum number of peers is set
WARN [03-26|18:06:31.990]      to 0, and discovery is disabled.
WARN [03-26|18:06:31.990] 
INFO [03-26|18:06:31.990] Starting peer-to-peer node               instance=Geth/v1.17.2-unstable-5d0e18f7-20260325/linux-amd64/go1.24.1
WARN [03-26|18:06:31.990] P2P server will be useless, neither dialing nor listening
INFO [03-26|18:06:31.999] IPC endpoint opened                      url=/home/CPerezz/bintrie-benchmarks/mpt-vs-bintrie/dbs/mpt/geth.ipc
ERROR[03-26|18:06:31.999] Unavailable modules in HTTP API list     unavailable=[personal] available="[admin debug web3 eth txpool miner net dev testing]"
INFO [03-26|18:06:31.999] HTTP server started                      endpoint=[::]:8545 auth=false prefix= cors= vhosts=localhost
INFO [03-26|18:06:31.999] WebSocket enabled                        url=ws://[::]:8546
INFO [03-26|18:06:32.000] New local node record                    seq=1,774,465,405,965 id=9566f6e861acb2c3 ip=127.0.0.1 udp=0 tcp=0
INFO [03-26|18:06:32.000] Started P2P networking                   self=enode://7bcb27e0859fe4ed7072e298a58918cc0b55d08376b1207f77d84f6d0d34ded7448b64ab16dd00733b489383beff49c04f662afae4dd1dc102807640ff82a1cd@127.0.0.1:0
INFO [03-26|18:06:32.007] Loaded local transaction journal         transactions=171 dropped=0
INFO [03-26|18:06:33.119] Started log indexer
INFO [03-26|18:06:33.128] Starting work on payload                 id=0x03c9ac83e97a3870
INFO [03-26|18:06:33.128] Updated payload                          id=0x03c9ac83e97a3870 number=64150 hash=730d1b..3c101c txs=0 withdrawals=0 gas=0 fees=0 root=55cb1f..49534d elapsed="216.079µs"
INFO [03-26|18:06:33.129] Stopping work on payload                 id=0x03c9ac83e97a3870 reason=delivery
WARN [03-26|18:06:33.133] {"level":"warn","msg":"Slow block","block":{"number":64150,"hash":"0x730d1b65b4c42709af7d6d325baead81733e8a514bb1efc599592dcf553c101c","gas_used":0,"tx_count":0},"timing":{"execution_ms":0.01387,"state_read_ms":0.087369,"state_hash_ms":0.01512,"commit_ms":0.0692,"total_ms":0.23839},"throughput":{"mgas_per_sec":0},"state_reads":{"accounts":4,"storage_slots":0,"code":0,"code_bytes":0},"state_writes":{"accounts":0,"accounts_deleted":0,"storage_slots":0,"storage_slots_deleted":0,"code":0,"code_bytes":0},"cache":{"account":{"hits":0,"misses":4,"hit_rate":0},"storage":{"hits":0,"misses":0,"hit_rate":0},"code":{"hits":0,"misses":0,"hit_rate":0,"hit_bytes":0,"miss_bytes":0}}}
INFO [03-26|18:06:33.133] Imported new potential chain segment     number=64150 hash=730d1b..3c101c blocks=1 txs=0 mgas=0.000 elapsed=3.819ms     mgasps=0.000 triediffs=51.10MiB triedirty=0.00B
INFO [03-26|18:06:33.133] Ready for fork activation                fork=Osaka date="07 Feb 06 07:28 CET" remaining=700117h21m42s timestamp=4,294,967,295
INFO [03-26|18:06:33.133] Chain head was updated                   number=64150 hash=730d1b..3c101c root=55cb1f..49534d elapsed="61.55µs"
INFO [03-26|18:06:33.368] Submitted contract creation              hash=0x9f43983d2b9e1580231982ae1dcb0be8b001c88681a5fa9b637851aa1b56069c from=0xf39Fd6e51aad88F6F4ce6aB8827279cffFb92266 nonce=192 contract=0x9BcC604D4381C5b0Ad12Ff3Bf32bEdE063416BC7 value=0
INFO [03-26|18:06:33.370] Submitted transaction                    hash=0xb10b83f7b0ca4b688e187872690dbe81ca5a93ee68d1241e245df305f0549b0b from=0xf39Fd6e51aad88F6F4ce6aB8827279cffFb92266 nonce=193 recipient=0x479Ebb335705BeE0B6e54b9eD036E1a11074c2c9 value=1,600,000,000
INFO [03-26|18:06:43.135] Starting work on payload                 id=0x031532c5c4e5d6f9
INFO [03-26|18:06:43.142] Updated payload                          id=0x031532c5c4e5d6f9 number=64151 hash=a7275c..afad56 txs=2 withdrawals=0 gas=89662 fees=7.17296e-13 root=7848a9..6809e7 elapsed=7.079ms
INFO [03-26|18:06:43.142] Stopping work on payload                 id=0x031532c5c4e5d6f9 reason=delivery
WARN [03-26|18:06:43.148] {"level":"warn","msg":"Slow block","block":{"number":64151,"hash":"0xa7275c6ed72d7948fcf9979ec71f8d7bfe04183c2b443782e71125ddefafad56","gas_used":89662,"tx_count":2},"timing":{"execution_ms":0.138009,"state_read_ms":0.610866,"state_hash_ms":0.143929,"commit_ms":4.095537,"total_ms":5.088322},"throughput":{"mgas_per_sec":17.621133253752415},"state_reads":{"accounts":11,"storage_slots":0,"code":0,"code_bytes":0},"state_writes":{"accounts":3,"accounts_deleted":0,"storage_slots":0,"storage_slots_deleted":0,"code":1,"code_bytes":72},"cache":{"account":{"hits":4,"misses":7,"hit_rate":36.36363636363637},"storage":{"hits":0,"misses":0,"hit_rate":0},"code":{"hits":0,"misses":0,"hit_rate":0,"hit_bytes":0,"miss_bytes":0}}}
INFO [03-26|18:06:43.148] Imported new potential chain segment     number=64151 hash=a7275c..afad56 blocks=1 txs=2 mgas=0.090 elapsed=5.208ms     mgasps=17.213 triediffs=46.89MiB triedirty=0.00B
INFO [03-26|18:06:43.148] Chain head was updated                   number=64151 hash=a7275c..afad56 root=7848a9..6809e7 elapsed="103.409µs"
INFO [03-26|18:06:43.459] Submitted transaction                    hash=0x7e737ac05cf3e886167316d21d75467f3aae01e4058995133c02eb592b9592a1 from=0x479Ebb335705BeE0B6e54b9eD036E1a11074c2c9 nonce=0   recipient=0x9BcC604D4381C5b0Ad12Ff3Bf32bEdE063416BC7 value=0
INFO [03-26|18:06:53.151] Starting work on payload                 id=0x03e9cb2b447aaabf
WARN [03-26|18:07:00.710] Block building is interrupted            allowance=2s
INFO [03-26|18:07:00.711] Updated payload                          id=0x03e9cb2b447aaabf number=64152 hash=9b1762..93f1e8 txs=1 withdrawals=0 gas=100,000,000 fees=8e-10       root=7582c9..87feb6 elapsed=7.559s
WARN [03-26|18:07:06.388] {"level":"warn","msg":"Slow block","block":{"number":64152,"hash":"0x9b176271160d61d3fc9a96a1a76b0b48496745375529abe9d8e7b6b78a93f1e8","gas_used":100000000,"tx_count":1},"timing":{"execution_ms":275.019475,"state_read_ms":5370.229742,"state_hash_ms":0.050459,"commit_ms":29.627174,"total_ms":5675.037371},"throughput":{"mgas_per_sec":17.621029336478003},"state_reads":{"accounts":8,"storage_slots":36742,"code":2,"code_bytes":1416},"state_writes":{"accounts":2,"accounts_deleted":0,"storage_slots":0,"storage_slots_deleted":0,"code":0,"code_bytes":0},"cache":{"account":{"hits":3,"misses":5,"hit_rate":37.5},"storage":{"hits":3343,"misses":33399,"hit_rate":9.098579282564911},"code":{"hits":2,"misses":0,"hit_rate":100,"hit_bytes":1416,"miss_bytes":0}}}
INFO [03-26|18:07:06.388] Imported new potential chain segment     number=64152 hash=9b1762..93f1e8 blocks=1 txs=1 mgas=100.000 elapsed=5.676s      mgasps=17.618 triediffs=43.98MiB triedirty=0.00B
INFO [03-26|18:07:06.389] Chain head was updated                   number=64152 hash=9b1762..93f1e8 root=7582c9..87feb6 elapsed="101.77µs"
WARN [03-26|18:07:06.875] Block building is interrupted            allowance=2s
INFO [03-26|18:07:06.875] Stopping work on payload                 id=0x03e9cb2b447aaabf reason=delivery
