INFO [03-26|17:55:37.346] Starting Geth on Ethereum mainnet...
INFO [03-26|17:55:37.348] Maximum peer count                       ETH=0 total=0
INFO [03-26|17:55:37.349] Smartcard socket not found, disabling    err="stat /run/pcscd/pcscd.comm: no such file or directory"
WARN [03-26|17:55:37.350] Option --miner.etherbase is deprecated as the etherbase is set by the consensus client post-merge
WARN [03-26|17:55:37.351] Snap sync requested, resetting --cache.snapshot
INFO [03-26|17:55:37.351] Global gas cap disabled
INFO [03-26|17:55:37.995] Using developer account                  address=0xf39Fd6e51aad88F6F4ce6aB8827279cffFb92266
INFO [03-26|17:55:38.235] Using pebble as the backing database
INFO [03-26|17:55:38.235] Allocated cache and file handles         database=/home/CPerezz/bintrie-benchmarks/mpt-vs-bintrie/dbs/mpt/geth/chaindata cache=16.00MiB handles=524,288
INFO [03-26|17:55:40.466] Opened ancient database                  database=/home/CPerezz/bintrie-benchmarks/mpt-vs-bintrie/dbs/mpt/geth/chaindata/ancient/chain readonly=true
INFO [03-26|17:55:40.466] Opened Era store                         datadir=/home/CPerezz/bintrie-benchmarks/mpt-vs-bintrie/dbs/mpt/geth/chaindata/ancient/chain/era
INFO [03-26|17:55:40.471] Initializing the KZG library             backend=gokzg
INFO [03-26|17:55:40.472] Allocated trie memory caches             clean=0.00B dirty=0.00B
INFO [03-26|17:55:40.549] Using pebble as the backing database
INFO [03-26|17:55:40.549] Allocated cache and file handles         database=/home/CPerezz/bintrie-benchmarks/mpt-vs-bintrie/dbs/mpt/geth/chaindata cache=16.00MiB handles=524,288
INFO [03-26|17:55:41.876] Opened ancient database                  database=/home/CPerezz/bintrie-benchmarks/mpt-vs-bintrie/dbs/mpt/geth/chaindata/ancient/chain readonly=false
INFO [03-26|17:55:41.876] Opened Era store                         datadir=/home/CPerezz/bintrie-benchmarks/mpt-vs-bintrie/dbs/mpt/geth/chaindata/ancient/chain/era
INFO [03-26|17:55:41.878] State scheme set to already existing     scheme=path
INFO [03-26|17:55:41.880] Initialising Ethereum protocol           network=1337 dbversion=9
INFO [03-26|17:55:41.880] Load database journal from file          path=/home/CPerezz/bintrie-benchmarks/mpt-vs-bintrie/dbs/mpt/geth/triedb/merkle.journal
INFO [03-26|17:55:42.845] Opened ancient database                  database=/home/CPerezz/bintrie-benchmarks/mpt-vs-bintrie/dbs/mpt/geth/chaindata/ancient/state readonly=false
INFO [03-26|17:55:42.847] Initialized path database                triecache=0.00B statecache=0.00B buffer=0.00B state-history="last 90000 blocks" journal-dir=/home/CPerezz/bintrie-benchmarks/mpt-vs-bintrie/dbs/mpt/geth/triedb
INFO [03-26|17:55:42.847] 
INFO [03-26|17:55:42.847] ---------------------------------------------------------------------------------------------------------------------------------------------------------
INFO [03-26|17:55:42.847] Chain ID:  1337 (unknown)
INFO [03-26|17:55:42.847] Consensus: unknown
INFO [03-26|17:55:42.847] 
INFO [03-26|17:55:42.847] Pre-Merge hard forks (block based):
INFO [03-26|17:55:42.847]  - Homestead:                   #0       
INFO [03-26|17:55:42.847]  - Tangerine Whistle (EIP 150): #0       
INFO [03-26|17:55:42.847]  - Spurious Dragon/1 (EIP 155): #0       
INFO [03-26|17:55:42.847]  - Spurious Dragon/2 (EIP 158): #0       
INFO [03-26|17:55:42.847]  - Byzantium:                   #0       
INFO [03-26|17:55:42.847]  - Constantinople:              #0       
INFO [03-26|17:55:42.847]  - Petersburg:                  #0       
INFO [03-26|17:55:42.847]  - Istanbul:                    #0       
INFO [03-26|17:55:42.847]  - Muir Glacier:                #0       
INFO [03-26|17:55:42.847]  - Berlin:                      #0       
INFO [03-26|17:55:42.847]  - London:                      #0       
INFO [03-26|17:55:42.847]  - Arrow Glacier:               #0       
INFO [03-26|17:55:42.847]  - Gray Glacier:                #0       
INFO [03-26|17:55:42.847] 
INFO [03-26|17:55:42.847] Merge configured:
INFO [03-26|17:55:42.847]  - Total terminal difficulty:  0
INFO [03-26|17:55:42.847]  - Merge netsplit block:       #0       
INFO [03-26|17:55:42.847] 
INFO [03-26|17:55:42.847] Post-Merge hard forks (timestamp based):
INFO [03-26|17:55:42.847]  - Shanghai:                    @0         
INFO [03-26|17:55:42.847]  - Cancun:                      @0          blob: (target: 3, max: 6, fraction: 3338477)
INFO [03-26|17:55:42.847]  - Prague:                      @0          blob: (target: 6, max: 9, fraction: 5225352)
INFO [03-26|17:55:42.847]  - Osaka:                       @4294967295 blob: (target: 9, max: 12, fraction: 5225352)
INFO [03-26|17:55:42.847] 
INFO [03-26|17:55:42.847] All fork specifications can be found at https://ethereum.github.io/execution-specs/src/ethereum/forks/
INFO [03-26|17:55:42.847] 
INFO [03-26|17:55:42.847] ---------------------------------------------------------------------------------------------------------------------------------------------------------
INFO [03-26|17:55:42.847] 
INFO [03-26|17:55:42.848] Loaded most recent local block           number=64104 hash=0898d3..bf0009 age=23s
INFO [03-26|17:55:42.848] Loaded most recent local finalized block number=64096 hash=02abd1..e363ff age=2m13s
INFO [03-26|17:55:42.848] Initialized transaction indexer          range="last 2350000 blocks"
INFO [03-26|17:55:42.848] Initialized log indexer                  firstblock=0 lastblock=64104 firstmap=0 lastmap=4 headindexed=true
INFO [03-26|17:55:42.865] Enabled full-sync                        head=64104 hash=0898d3..bf0009
INFO [03-26|17:55:42.865] Unprotected transactions allowed
INFO [03-26|17:55:42.865] Gasprice oracle is ignoring threshold set threshold=2
INFO [03-26|17:55:42.865] Registered sync override service
WARN [03-26|17:55:42.865] You are running Geth in --dev mode. Please note the following:
WARN [03-26|17:55:42.865] 
WARN [03-26|17:55:42.865]   1. This mode is only intended for fast, iterative development without assumptions on
WARN [03-26|17:55:42.865]      security or persistence.
WARN [03-26|17:55:42.865]   2. The database is created in memory unless specified otherwise. Therefore, shutting down
WARN [03-26|17:55:42.865]      your computer or losing power will wipe your entire block data and chain state for
WARN [03-26|17:55:42.865]      your dev environment.
WARN [03-26|17:55:42.865]   3. A random, pre-allocated developer account will be available and unlocked as
WARN [03-26|17:55:42.865]      eth.coinbase, which can be used for testing. The random dev account is temporary,
WARN [03-26|17:55:42.865]      stored on a ramdisk, and will be lost if your machine is restarted.
WARN [03-26|17:55:42.865]   4. Mining is enabled by default. However, the client will only seal blocks if transactions
WARN [03-26|17:55:42.865]      are pending in the mempool. The miner's minimum accepted gas price is 1.
WARN [03-26|17:55:42.865]   5. Networking is disabled; there is no listen-address, the maximum number of peers is set
WARN [03-26|17:55:42.865]      to 0, and discovery is disabled.
WARN [03-26|17:55:42.865] 
INFO [03-26|17:55:42.865] Starting peer-to-peer node               instance=Geth/v1.17.2-unstable-5d0e18f7-20260325/linux-amd64/go1.24.1
WARN [03-26|17:55:42.865] P2P server will be useless, neither dialing nor listening
INFO [03-26|17:55:42.874] IPC endpoint opened                      url=/home/CPerezz/bintrie-benchmarks/mpt-vs-bintrie/dbs/mpt/geth.ipc
ERROR[03-26|17:55:42.874] Unavailable modules in HTTP API list     unavailable=[personal] available="[admin debug web3 eth txpool miner net dev testing]"
INFO [03-26|17:55:42.874] HTTP server started                      endpoint=[::]:8545 auth=false prefix= cors= vhosts=localhost
INFO [03-26|17:55:42.874] WebSocket enabled                        url=ws://[::]:8546
INFO [03-26|17:55:42.874] New local node record                    seq=1,774,465,405,950 id=9566f6e861acb2c3 ip=127.0.0.1 udp=0 tcp=0
INFO [03-26|17:55:42.875] Started P2P networking                   self=enode://7bcb27e0859fe4ed7072e298a58918cc0b55d08376b1207f77d84f6d0d34ded7448b64ab16dd00733b489383beff49c04f662afae4dd1dc102807640ff82a1cd@127.0.0.1:0
INFO [03-26|17:55:42.880] Loaded local transaction journal         transactions=126 dropped=0
INFO [03-26|17:55:44.095] Started log indexer
INFO [03-26|17:55:44.103] Starting work on payload                 id=0x0399104254e74c14
INFO [03-26|17:55:44.104] Updated payload                          id=0x0399104254e74c14 number=64105 hash=98ec29..b47670 txs=0 withdrawals=0 gas=0 fees=0 root=af6750..1d8975 elapsed="350.368µs"
INFO [03-26|17:55:44.104] Stopping work on payload                 id=0x0399104254e74c14 reason=delivery
WARN [03-26|17:55:44.107] {"level":"warn","msg":"Slow block","block":{"number":64105,"hash":"0x98ec29fb24b36e2c89ac8a90ff37144d322418861674997be9e9c61199b47670","gas_used":0,"tx_count":0},"timing":{"execution_ms":0.00909,"state_read_ms":0.047959,"state_hash_ms":0.01312,"commit_ms":0.05322,"total_ms":0.15645},"throughput":{"mgas_per_sec":0},"state_reads":{"accounts":4,"storage_slots":0,"code":0,"code_bytes":0},"state_writes":{"accounts":0,"accounts_deleted":0,"storage_slots":0,"storage_slots_deleted":0,"code":0,"code_bytes":0},"cache":{"account":{"hits":0,"misses":4,"hit_rate":0},"storage":{"hits":0,"misses":0,"hit_rate":0},"code":{"hits":0,"misses":0,"hit_rate":0,"hit_bytes":0,"miss_bytes":0}}}
INFO [03-26|17:55:44.107] Imported new potential chain segment     number=64105 hash=98ec29..b47670 blocks=1 txs=0 mgas=0.000 elapsed=2.321ms     mgasps=0.000 triediffs=157.95MiB triedirty=0.00B
INFO [03-26|17:55:44.107] Ready for fork activation                fork=Osaka date="07 Feb 06 07:28 CET" remaining=700117h32m31s timestamp=4,294,967,295
INFO [03-26|17:55:44.107] Chain head was updated                   number=64105 hash=98ec29..b47670 root=af6750..1d8975 elapsed="20.079µs"
INFO [03-26|17:55:44.635] Submitted contract creation              hash=0x5d5051d3ce97dd1a8d5ae2814a369712c2c397954af1d367cd24e53eccbda867 from=0xf39Fd6e51aad88F6F4ce6aB8827279cffFb92266 nonce=162 contract=0xe1Fd27F4390DcBE165f4D60DBF821e4B9Bb02dEd value=0
INFO [03-26|17:55:44.637] Submitted transaction                    hash=0x46baa5c9fa7db0e9329d97e0699cba4f00cedebebc2cdb7a7e3fc8acba57c2b3 from=0xf39Fd6e51aad88F6F4ce6aB8827279cffFb92266 nonce=163 recipient=0x09F7D055C6793030A61341676232d6fa25F81782 value=1,600,000,000
INFO [03-26|17:55:54.108] Starting work on payload                 id=0x0380e8ad0660ab02
INFO [03-26|17:55:54.115] Updated payload                          id=0x0380e8ad0660ab02 number=64106 hash=71cb95..867758 txs=2 withdrawals=0 gas=89662 fees=7.17296e-13 root=0dc05e..1434bb elapsed=6.663ms
INFO [03-26|17:55:54.115] Stopping work on payload                 id=0x0380e8ad0660ab02 reason=delivery
WARN [03-26|17:55:54.121] {"level":"warn","msg":"Slow block","block":{"number":64106,"hash":"0x71cb950e7738ac196f125ebd9d0708927a36f87b7d704ba420139632b8867758","gas_used":89662,"tx_count":2},"timing":{"execution_ms":0.094211,"state_read_ms":0.503536,"state_hash_ms":0.675377,"commit_ms":4.023497,"total_ms":5.361681},"throughput":{"mgas_per_sec":16.722740498735376},"state_reads":{"accounts":11,"storage_slots":0,"code":0,"code_bytes":0},"state_writes":{"accounts":3,"accounts_deleted":0,"storage_slots":0,"storage_slots_deleted":0,"code":1,"code_bytes":72},"cache":{"account":{"hits":7,"misses":4,"hit_rate":63.63636363636363},"storage":{"hits":0,"misses":0,"hit_rate":0},"code":{"hits":0,"misses":0,"hit_rate":0,"hit_bytes":0,"miss_bytes":0}}}
INFO [03-26|17:55:54.121] Imported new potential chain segment     number=64106 hash=71cb95..867758 blocks=1 txs=2 mgas=0.090 elapsed=5.473ms     mgasps=16.382 triediffs=153.72MiB triedirty=0.00B
INFO [03-26|17:55:54.121] Chain head was updated                   number=64106 hash=71cb95..867758 root=0dc05e..1434bb elapsed="112.83µs"
INFO [03-26|17:55:54.717] Submitted transaction                    hash=0xae604566461376737dc20b272c79fc82ebf266171ae5574884dcb59d349c9492 from=0x09F7D055C6793030A61341676232d6fa25F81782 nonce=0   recipient=0xe1Fd27F4390DcBE165f4D60DBF821e4B9Bb02dEd value=0
INFO [03-26|17:56:04.124] Starting work on payload                 id=0x030456b015cee9f0
WARN [03-26|17:56:11.606] Block building is interrupted            allowance=2s
INFO [03-26|17:56:11.607] Updated payload                          id=0x030456b015cee9f0 number=64107 hash=d541d4..974268 txs=1 withdrawals=0 gas=100,000,000 fees=8e-10       root=670c97..2eab3d elapsed=7.482s
WARN [03-26|17:56:16.993] {"level":"warn","msg":"Slow block","block":{"number":64107,"hash":"0xd541d442bc074f11e940b39f14efd9f6363ac967286ca5aff2f3d1f819974268","gas_used":100000000,"tx_count":1},"timing":{"execution_ms":280.45802,"state_read_ms":5079.516409,"state_hash_ms":0.076909,"commit_ms":24.537832,"total_ms":5384.715441},"throughput":{"mgas_per_sec":18.571083485412355},"state_reads":{"accounts":8,"storage_slots":36742,"code":2,"code_bytes":1416},"state_writes":{"accounts":2,"accounts_deleted":0,"storage_slots":0,"storage_slots_deleted":0,"code":0,"code_bytes":0},"cache":{"account":{"hits":4,"misses":4,"hit_rate":50},"storage":{"hits":3066,"misses":33676,"hit_rate":8.344673670458876},"code":{"hits":2,"misses":0,"hit_rate":100,"hit_bytes":1416,"miss_bytes":0}}}
INFO [03-26|17:56:16.993] Imported new potential chain segment     number=64107 hash=d541d4..974268 blocks=1 txs=1 mgas=100.000 elapsed=5.385s      mgasps=18.568 triediffs=150.80MiB triedirty=0.00B
INFO [03-26|17:56:16.994] Chain head was updated                   number=64107 hash=d541d4..974268 root=670c97..2eab3d elapsed="42.8µs"
WARN [03-26|17:56:17.373] Block building is interrupted            allowance=2s
INFO [03-26|17:56:17.374] Stopping work on payload                 id=0x030456b015cee9f0 reason=delivery
