INFO [03-26|17:59:58.105] Starting Geth on Ethereum mainnet...
INFO [03-26|17:59:58.106] Maximum peer count                       ETH=0 total=0
INFO [03-26|17:59:58.107] Smartcard socket not found, disabling    err="stat /run/pcscd/pcscd.comm: no such file or directory"
WARN [03-26|17:59:58.109] Option --miner.etherbase is deprecated as the etherbase is set by the consensus client post-merge
WARN [03-26|17:59:58.110] Snap sync requested, resetting --cache.snapshot
INFO [03-26|17:59:58.110] Global gas cap disabled
INFO [03-26|17:59:58.754] Using developer account                  address=0xf39Fd6e51aad88F6F4ce6aB8827279cffFb92266
INFO [03-26|17:59:58.996] Using pebble as the backing database
INFO [03-26|17:59:58.996] Allocated cache and file handles         database=/home/CPerezz/bintrie-benchmarks/mpt-vs-bintrie/dbs/mpt/geth/chaindata cache=16.00MiB handles=524,288
INFO [03-26|18:00:01.182] Opened ancient database                  database=/home/CPerezz/bintrie-benchmarks/mpt-vs-bintrie/dbs/mpt/geth/chaindata/ancient/chain readonly=true
INFO [03-26|18:00:01.182] Opened Era store                         datadir=/home/CPerezz/bintrie-benchmarks/mpt-vs-bintrie/dbs/mpt/geth/chaindata/ancient/chain/era
INFO [03-26|18:00:01.191] Initializing the KZG library             backend=gokzg
INFO [03-26|18:00:01.192] Allocated trie memory caches             clean=0.00B dirty=0.00B
INFO [03-26|18:00:01.276] Using pebble as the backing database
INFO [03-26|18:00:01.276] Allocated cache and file handles         database=/home/CPerezz/bintrie-benchmarks/mpt-vs-bintrie/dbs/mpt/geth/chaindata cache=16.00MiB handles=524,288
INFO [03-26|18:00:02.601] Opened ancient database                  database=/home/CPerezz/bintrie-benchmarks/mpt-vs-bintrie/dbs/mpt/geth/chaindata/ancient/chain readonly=false
INFO [03-26|18:00:02.601] Opened Era store                         datadir=/home/CPerezz/bintrie-benchmarks/mpt-vs-bintrie/dbs/mpt/geth/chaindata/ancient/chain/era
INFO [03-26|18:00:02.603] State scheme set to already existing     scheme=path
INFO [03-26|18:00:02.605] Initialising Ethereum protocol           network=1337 dbversion=9
INFO [03-26|18:00:02.605] Load database journal from file          path=/home/CPerezz/bintrie-benchmarks/mpt-vs-bintrie/dbs/mpt/geth/triedb/merkle.journal
INFO [03-26|18:00:03.293] Opened ancient database                  database=/home/CPerezz/bintrie-benchmarks/mpt-vs-bintrie/dbs/mpt/geth/chaindata/ancient/state readonly=false
INFO [03-26|18:00:03.295] Initialized path database                triecache=0.00B statecache=0.00B buffer=0.00B state-history="last 90000 blocks" journal-dir=/home/CPerezz/bintrie-benchmarks/mpt-vs-bintrie/dbs/mpt/geth/triedb
INFO [03-26|18:00:03.295] 
INFO [03-26|18:00:03.295] ---------------------------------------------------------------------------------------------------------------------------------------------------------
INFO [03-26|18:00:03.295] Chain ID:  1337 (unknown)
INFO [03-26|18:00:03.295] Consensus: unknown
INFO [03-26|18:00:03.295] 
INFO [03-26|18:00:03.295] Pre-Merge hard forks (block based):
INFO [03-26|18:00:03.295]  - Homestead:                   #0       
INFO [03-26|18:00:03.295]  - Tangerine Whistle (EIP 150): #0       
INFO [03-26|18:00:03.295]  - Spurious Dragon/1 (EIP 155): #0       
INFO [03-26|18:00:03.295]  - Spurious Dragon/2 (EIP 158): #0       
INFO [03-26|18:00:03.295]  - Byzantium:                   #0       
INFO [03-26|18:00:03.295]  - Constantinople:              #0       
INFO [03-26|18:00:03.295]  - Petersburg:                  #0       
INFO [03-26|18:00:03.295]  - Istanbul:                    #0       
INFO [03-26|18:00:03.295]  - Muir Glacier:                #0       
INFO [03-26|18:00:03.295]  - Berlin:                      #0       
INFO [03-26|18:00:03.295]  - London:                      #0       
INFO [03-26|18:00:03.295]  - Arrow Glacier:               #0       
INFO [03-26|18:00:03.295]  - Gray Glacier:                #0       
INFO [03-26|18:00:03.295] 
INFO [03-26|18:00:03.295] Merge configured:
INFO [03-26|18:00:03.295]  - Total terminal difficulty:  0
INFO [03-26|18:00:03.295]  - Merge netsplit block:       #0       
INFO [03-26|18:00:03.295] 
INFO [03-26|18:00:03.295] Post-Merge hard forks (timestamp based):
INFO [03-26|18:00:03.295]  - Shanghai:                    @0         
INFO [03-26|18:00:03.295]  - Cancun:                      @0          blob: (target: 3, max: 6, fraction: 3338477)
INFO [03-26|18:00:03.295]  - Prague:                      @0          blob: (target: 6, max: 9, fraction: 5225352)
INFO [03-26|18:00:03.295]  - Osaka:                       @4294967295 blob: (target: 9, max: 12, fraction: 5225352)
INFO [03-26|18:00:03.295] 
INFO [03-26|18:00:03.295] All fork specifications can be found at https://ethereum.github.io/execution-specs/src/ethereum/forks/
INFO [03-26|18:00:03.295] 
INFO [03-26|18:00:03.295] ---------------------------------------------------------------------------------------------------------------------------------------------------------
INFO [03-26|18:00:03.295] 
INFO [03-26|18:00:03.296] Loaded most recent local block           number=64122 hash=43c372..706fbf age=22s
INFO [03-26|18:00:03.296] Loaded most recent local finalized block number=64096 hash=02abd1..e363ff age=6m34s
INFO [03-26|18:00:03.297] Initialized transaction indexer          range="last 2350000 blocks"
INFO [03-26|18:00:03.297] Initialized log indexer                  firstblock=0 lastblock=64122 firstmap=0 lastmap=4 headindexed=true
INFO [03-26|18:00:03.314] Enabled full-sync                        head=64122 hash=43c372..706fbf
INFO [03-26|18:00:03.315] Unprotected transactions allowed
INFO [03-26|18:00:03.315] Gasprice oracle is ignoring threshold set threshold=2
INFO [03-26|18:00:03.315] Registered sync override service
WARN [03-26|18:00:03.315] You are running Geth in --dev mode. Please note the following:
WARN [03-26|18:00:03.315] 
WARN [03-26|18:00:03.315]   1. This mode is only intended for fast, iterative development without assumptions on
WARN [03-26|18:00:03.315]      security or persistence.
WARN [03-26|18:00:03.315]   2. The database is created in memory unless specified otherwise. Therefore, shutting down
WARN [03-26|18:00:03.315]      your computer or losing power will wipe your entire block data and chain state for
WARN [03-26|18:00:03.315]      your dev environment.
WARN [03-26|18:00:03.315]   3. A random, pre-allocated developer account will be available and unlocked as
WARN [03-26|18:00:03.315]      eth.coinbase, which can be used for testing. The random dev account is temporary,
WARN [03-26|18:00:03.315]      stored on a ramdisk, and will be lost if your machine is restarted.
WARN [03-26|18:00:03.315]   4. Mining is enabled by default. However, the client will only seal blocks if transactions
WARN [03-26|18:00:03.315]      are pending in the mempool. The miner's minimum accepted gas price is 1.
WARN [03-26|18:00:03.315]   5. Networking is disabled; there is no listen-address, the maximum number of peers is set
WARN [03-26|18:00:03.315]      to 0, and discovery is disabled.
WARN [03-26|18:00:03.315] 
INFO [03-26|18:00:03.315] Starting peer-to-peer node               instance=Geth/v1.17.2-unstable-5d0e18f7-20260325/linux-amd64/go1.24.1
WARN [03-26|18:00:03.315] P2P server will be useless, neither dialing nor listening
INFO [03-26|18:00:03.330] IPC endpoint opened                      url=/home/CPerezz/bintrie-benchmarks/mpt-vs-bintrie/dbs/mpt/geth.ipc
ERROR[03-26|18:00:03.330] Unavailable modules in HTTP API list     unavailable=[personal] available="[admin debug web3 eth txpool miner net dev testing]"
INFO [03-26|18:00:03.330] New local node record                    seq=1,774,465,405,956 id=9566f6e861acb2c3 ip=127.0.0.1 udp=0 tcp=0
INFO [03-26|18:00:03.330] Started P2P networking                   self=enode://7bcb27e0859fe4ed7072e298a58918cc0b55d08376b1207f77d84f6d0d34ded7448b64ab16dd00733b489383beff49c04f662afae4dd1dc102807640ff82a1cd@127.0.0.1:0
INFO [03-26|18:00:03.330] HTTP server started                      endpoint=[::]:8545 auth=false prefix= cors= vhosts=localhost
INFO [03-26|18:00:03.330] WebSocket enabled                        url=ws://[::]:8546
INFO [03-26|18:00:03.340] Loaded local transaction journal         transactions=144 dropped=0
INFO [03-26|18:00:04.371] Started log indexer
INFO [03-26|18:00:04.380] Starting work on payload                 id=0x0303bb35afc0eaba
INFO [03-26|18:00:04.381] Updated payload                          id=0x0303bb35afc0eaba number=64123 hash=860e0d..a514a4 txs=0 withdrawals=0 gas=0 fees=0 root=9e2e58..fc9689 elapsed="427.298µs"
INFO [03-26|18:00:04.381] Stopping work on payload                 id=0x0303bb35afc0eaba reason=delivery
WARN [03-26|18:00:04.385] {"level":"warn","msg":"Slow block","block":{"number":64123,"hash":"0x860e0d5bbe4efb88ee908c0bff458722b804e23da778fac5422a6c676ba514a4","gas_used":0,"tx_count":0},"timing":{"execution_ms":0.00954,"state_read_ms":0.128799,"state_hash_ms":0.0029,"commit_ms":0.059639,"total_ms":0.246529},"throughput":{"mgas_per_sec":0},"state_reads":{"accounts":4,"storage_slots":0,"code":0,"code_bytes":0},"state_writes":{"accounts":0,"accounts_deleted":0,"storage_slots":0,"storage_slots_deleted":0,"code":0,"code_bytes":0},"cache":{"account":{"hits":0,"misses":4,"hit_rate":0},"storage":{"hits":0,"misses":0,"hit_rate":0},"code":{"hits":0,"misses":0,"hit_rate":0,"hit_bytes":0,"miss_bytes":0}}}
INFO [03-26|18:00:04.385] Imported new potential chain segment     number=64123 hash=860e0d..a514a4 blocks=1 txs=0 mgas=0.000 elapsed=3.693ms     mgasps=0.000 triediffs=115.19MiB triedirty=0.00B
INFO [03-26|18:00:04.385] Ready for fork activation                fork=Osaka date="07 Feb 06 07:28 CET" remaining=700117h28m11s timestamp=4,294,967,295
INFO [03-26|18:00:04.385] Chain head was updated                   number=64123 hash=860e0d..a514a4 root=9e2e58..fc9689 elapsed="22.68µs"
INFO [03-26|18:00:05.385] Submitted contract creation              hash=0x669134771da2c9c6a3caf6112906fd2f6dc50568550c18104c6c88266e990e9a from=0xf39Fd6e51aad88F6F4ce6aB8827279cffFb92266 nonce=174 contract=0x5D42EBdBBa61412295D7b0302d6F50aC449Ddb4F value=0
INFO [03-26|18:00:05.386] Submitted transaction                    hash=0x5203305cc06ebfbe0f5f07f6898eee2e2538dd30d71e338cc0c870c89b9b8f6a from=0xf39Fd6e51aad88F6F4ce6aB8827279cffFb92266 nonce=175 recipient=0xa56E4BD366988267035fa9f654620f4e4b0024Df value=1,600,000,000
INFO [03-26|18:00:14.388] Starting work on payload                 id=0x0325a6435edd8a10
INFO [03-26|18:00:14.397] Updated payload                          id=0x0325a6435edd8a10 number=64124 hash=9923fe..ef9a90 txs=2 withdrawals=0 gas=89662 fees=7.17296e-13 root=13ffa1..86c1ae elapsed=9.756ms
INFO [03-26|18:00:14.397] Stopping work on payload                 id=0x0325a6435edd8a10 reason=delivery
WARN [03-26|18:00:14.402] {"level":"warn","msg":"Slow block","block":{"number":64124,"hash":"0x9923fe5c4ae0fd97644289d4c4371ea8b5969df01e5874ca489bc9cf55ef9a90","gas_used":89662,"tx_count":2},"timing":{"execution_ms":0.043572,"state_read_ms":0.131018,"state_hash_ms":0.293178,"commit_ms":3.429381,"total_ms":3.93133},"throughput":{"mgas_per_sec":22.807039856740595},"state_reads":{"accounts":11,"storage_slots":0,"code":0,"code_bytes":0},"state_writes":{"accounts":3,"accounts_deleted":0,"storage_slots":0,"storage_slots_deleted":0,"code":1,"code_bytes":72},"cache":{"account":{"hits":5,"misses":6,"hit_rate":45.45454545454545},"storage":{"hits":0,"misses":0,"hit_rate":0},"code":{"hits":0,"misses":0,"hit_rate":0,"hit_bytes":0,"miss_bytes":0}}}
INFO [03-26|18:00:14.402] Imported new potential chain segment     number=64124 hash=9923fe..ef9a90 blocks=1 txs=2 mgas=0.090 elapsed=4.053ms     mgasps=22.119 triediffs=110.99MiB triedirty=0.00B
INFO [03-26|18:00:14.402] Chain head was updated                   number=64124 hash=9923fe..ef9a90 root=13ffa1..86c1ae elapsed="90.53µs"
INFO [03-26|18:00:14.461] Submitted transaction                    hash=0x299ac47e2604090c0a06f1cdb9e94ddce6aa329b9dbf501504872551bacf1c5d from=0xa56E4BD366988267035fa9f654620f4e4b0024Df nonce=0   recipient=0x5D42EBdBBa61412295D7b0302d6F50aC449Ddb4F value=0
INFO [03-26|18:00:24.405] Starting work on payload                 id=0x03e537b01e3e16f6
WARN [03-26|18:00:31.687] Block building is interrupted            allowance=2s
INFO [03-26|18:00:31.687] Updated payload                          id=0x03e537b01e3e16f6 number=64125 hash=644fdb..a2d17e txs=1 withdrawals=0 gas=100,000,000 fees=8e-10       root=e541fd..fb9fed elapsed=7.281s
WARN [03-26|18:00:37.116] {"level":"warn","msg":"Slow block","block":{"number":64125,"hash":"0x644fdb16d68d73f69ca8ca4aa24d8d7384e58b416b4e40cd9de62a728aa2d17e","gas_used":100000000,"tx_count":1},"timing":{"execution_ms":265.919808,"state_read_ms":5134.639907,"state_hash_ms":0.082899,"commit_ms":26.257983,"total_ms":5426.998869},"throughput":{"mgas_per_sec":18.42639042569515},"state_reads":{"accounts":8,"storage_slots":36742,"code":2,"code_bytes":1416},"state_writes":{"accounts":2,"accounts_deleted":0,"storage_slots":0,"storage_slots_deleted":0,"code":0,"code_bytes":0},"cache":{"account":{"hits":3,"misses":5,"hit_rate":37.5},"storage":{"hits":4088,"misses":32654,"hit_rate":11.126231560611833},"code":{"hits":2,"misses":0,"hit_rate":100,"hit_bytes":1416,"miss_bytes":0}}}
INFO [03-26|18:00:37.116] Imported new potential chain segment     number=64125 hash=644fdb..a2d17e blocks=1 txs=1 mgas=100.000 elapsed=5.427s      mgasps=18.423 triediffs=108.06MiB triedirty=0.00B
INFO [03-26|18:00:37.117] Chain head was updated                   number=64125 hash=644fdb..a2d17e root=e541fd..fb9fed elapsed="40.29µs"
WARN [03-26|18:00:37.678] Block building is interrupted            allowance=2s
INFO [03-26|18:00:37.678] Stopping work on payload                 id=0x03e537b01e3e16f6 reason=timeout
