INFO [03-26|19:49:15.182] Starting Geth on Ethereum mainnet...
INFO [03-26|19:49:15.184] Maximum peer count                       ETH=0 total=0
INFO [03-26|19:49:15.184] Smartcard socket not found, disabling    err="stat /run/pcscd/pcscd.comm: no such file or directory"
WARN [03-26|19:49:15.186] Option --miner.etherbase is deprecated as the etherbase is set by the consensus client post-merge
WARN [03-26|19:49:15.187] Snap sync requested, resetting --cache.snapshot
INFO [03-26|19:49:15.187] Global gas cap disabled
INFO [03-26|19:49:15.879] Using developer account                  address=0xf39Fd6e51aad88F6F4ce6aB8827279cffFb92266
INFO [03-26|19:49:16.046] Using pebble as the backing database
INFO [03-26|19:49:16.046] Allocated cache and file handles         database=/home/CPerezz/bintrie-benchmarks/mpt-vs-bintrie/dbs/mpt/geth/chaindata cache=16.00MiB handles=524,288
INFO [03-26|19:49:17.187] Opened ancient database                  database=/home/CPerezz/bintrie-benchmarks/mpt-vs-bintrie/dbs/mpt/geth/chaindata/ancient/chain readonly=true
INFO [03-26|19:49:17.187] Opened Era store                         datadir=/home/CPerezz/bintrie-benchmarks/mpt-vs-bintrie/dbs/mpt/geth/chaindata/ancient/chain/era
INFO [03-26|19:49:17.198] Initializing the KZG library             backend=gokzg
INFO [03-26|19:49:17.199] Allocated trie memory caches             clean=0.00B dirty=0.00B
INFO [03-26|19:49:17.303] Using pebble as the backing database
INFO [03-26|19:49:17.303] Allocated cache and file handles         database=/home/CPerezz/bintrie-benchmarks/mpt-vs-bintrie/dbs/mpt/geth/chaindata cache=16.00MiB handles=524,288
INFO [03-26|19:49:18.552] Opened ancient database                  database=/home/CPerezz/bintrie-benchmarks/mpt-vs-bintrie/dbs/mpt/geth/chaindata/ancient/chain readonly=false
INFO [03-26|19:49:18.552] Opened Era store                         datadir=/home/CPerezz/bintrie-benchmarks/mpt-vs-bintrie/dbs/mpt/geth/chaindata/ancient/chain/era
INFO [03-26|19:49:18.553] State scheme set to already existing     scheme=path
INFO [03-26|19:49:18.554] Initialising Ethereum protocol           network=1337 dbversion=9
INFO [03-26|19:49:18.554] Load database journal from file          path=/home/CPerezz/bintrie-benchmarks/mpt-vs-bintrie/dbs/mpt/geth/triedb/merkle.journal
INFO [03-26|19:49:20.431] Opened ancient database                  database=/home/CPerezz/bintrie-benchmarks/mpt-vs-bintrie/dbs/mpt/geth/chaindata/ancient/state readonly=false
INFO [03-26|19:49:20.432] Initialized path database                triecache=0.00B statecache=0.00B buffer=0.00B state-history="last 90000 blocks" journal-dir=/home/CPerezz/bintrie-benchmarks/mpt-vs-bintrie/dbs/mpt/geth/triedb
INFO [03-26|19:49:20.434] 
INFO [03-26|19:49:20.434] ---------------------------------------------------------------------------------------------------------------------------------------------------------
INFO [03-26|19:49:20.434] Chain ID:  1337 (unknown)
INFO [03-26|19:49:20.434] Consensus: unknown
INFO [03-26|19:49:20.434] 
INFO [03-26|19:49:20.434] Pre-Merge hard forks (block based):
INFO [03-26|19:49:20.434]  - Homestead:                   #0       
INFO [03-26|19:49:20.434]  - Tangerine Whistle (EIP 150): #0       
INFO [03-26|19:49:20.434]  - Spurious Dragon/1 (EIP 155): #0       
INFO [03-26|19:49:20.434]  - Spurious Dragon/2 (EIP 158): #0       
INFO [03-26|19:49:20.434]  - Byzantium:                   #0       
INFO [03-26|19:49:20.434]  - Constantinople:              #0       
INFO [03-26|19:49:20.434]  - Petersburg:                  #0       
INFO [03-26|19:49:20.434]  - Istanbul:                    #0       
INFO [03-26|19:49:20.434]  - Muir Glacier:                #0       
INFO [03-26|19:49:20.434]  - Berlin:                      #0       
INFO [03-26|19:49:20.434]  - London:                      #0       
INFO [03-26|19:49:20.434]  - Arrow Glacier:               #0       
INFO [03-26|19:49:20.434]  - Gray Glacier:                #0       
INFO [03-26|19:49:20.434] 
INFO [03-26|19:49:20.434] Merge configured:
INFO [03-26|19:49:20.434]  - Total terminal difficulty:  0
INFO [03-26|19:49:20.434]  - Merge netsplit block:       #0       
INFO [03-26|19:49:20.434] 
INFO [03-26|19:49:20.434] Post-Merge hard forks (timestamp based):
INFO [03-26|19:49:20.434]  - Shanghai:                    @0         
INFO [03-26|19:49:20.434]  - Cancun:                      @0          blob: (target: 3, max: 6, fraction: 3338477)
INFO [03-26|19:49:20.434]  - Prague:                      @0          blob: (target: 6, max: 9, fraction: 5225352)
INFO [03-26|19:49:20.434]  - Osaka:                       @4294967295 blob: (target: 9, max: 12, fraction: 5225352)
INFO [03-26|19:49:20.434] 
INFO [03-26|19:49:20.434] All fork specifications can be found at https://ethereum.github.io/execution-specs/src/ethereum/forks/
INFO [03-26|19:49:20.434] 
INFO [03-26|19:49:20.434] ---------------------------------------------------------------------------------------------------------------------------------------------------------
INFO [03-26|19:49:20.434] 
INFO [03-26|19:49:20.435] Loaded most recent local block           number=64661 hash=096ad9..c2be67 age=10s
INFO [03-26|19:49:20.435] Loaded most recent local finalized block number=64640 hash=cf89e6..b1000e age=4m
INFO [03-26|19:49:20.436] Initialized transaction indexer          range="last 2350000 blocks"
INFO [03-26|19:49:20.436] Initialized log indexer                  firstblock=0 lastblock=64661 firstmap=0 lastmap=4 headindexed=true
INFO [03-26|19:49:20.437] Enabled full-sync                        head=64661 hash=096ad9..c2be67
INFO [03-26|19:49:20.438] Unprotected transactions allowed
INFO [03-26|19:49:20.438] Gasprice oracle is ignoring threshold set threshold=2
INFO [03-26|19:49:20.439] Registered sync override service
WARN [03-26|19:49:20.439] You are running Geth in --dev mode. Please note the following:
WARN [03-26|19:49:20.439] 
WARN [03-26|19:49:20.439]   1. This mode is only intended for fast, iterative development without assumptions on
WARN [03-26|19:49:20.439]      security or persistence.
WARN [03-26|19:49:20.439]   2. The database is created in memory unless specified otherwise. Therefore, shutting down
WARN [03-26|19:49:20.439]      your computer or losing power will wipe your entire block data and chain state for
WARN [03-26|19:49:20.439]      your dev environment.
WARN [03-26|19:49:20.439]   3. A random, pre-allocated developer account will be available and unlocked as
WARN [03-26|19:49:20.439]      eth.coinbase, which can be used for testing. The random dev account is temporary,
WARN [03-26|19:49:20.439]      stored on a ramdisk, and will be lost if your machine is restarted.
WARN [03-26|19:49:20.439]   4. Mining is enabled by default. However, the client will only seal blocks if transactions
WARN [03-26|19:49:20.439]      are pending in the mempool. The miner's minimum accepted gas price is 1.
WARN [03-26|19:49:20.439]   5. Networking is disabled; there is no listen-address, the maximum number of peers is set
WARN [03-26|19:49:20.439]      to 0, and discovery is disabled.
WARN [03-26|19:49:20.439] 
INFO [03-26|19:49:20.439] Starting peer-to-peer node               instance=Geth/v1.17.2-unstable-5d0e18f7-20260325/linux-amd64/go1.24.1
WARN [03-26|19:49:20.439] P2P server will be useless, neither dialing nor listening
INFO [03-26|19:49:20.445] New local node record                    seq=1,774,465,406,156 id=9566f6e861acb2c3 ip=127.0.0.1 udp=0 tcp=0
INFO [03-26|19:49:20.445] Started P2P networking                   self=enode://7bcb27e0859fe4ed7072e298a58918cc0b55d08376b1207f77d84f6d0d34ded7448b64ab16dd00733b489383beff49c04f662afae4dd1dc102807640ff82a1cd@127.0.0.1:0
INFO [03-26|19:49:20.445] IPC endpoint opened                      url=/home/CPerezz/bintrie-benchmarks/mpt-vs-bintrie/dbs/mpt/geth.ipc
ERROR[03-26|19:49:20.445] Unavailable modules in HTTP API list     unavailable=[personal] available="[admin debug web3 eth txpool miner net dev testing]"
INFO [03-26|19:49:20.446] HTTP server started                      endpoint=[::]:8545 auth=false prefix= cors= vhosts=localhost
INFO [03-26|19:49:20.446] WebSocket enabled                        url=ws://[::]:8546
INFO [03-26|19:49:20.483] Loaded local transaction journal         transactions=789 dropped=0
INFO [03-26|19:49:22.138] Submitted contract creation              hash=0x309194337fef4ebb9bd0901fb48fdd498c71550654026ff0bc98bcedfda6752e from=0xf39Fd6e51aad88F6F4ce6aB8827279cffFb92266 nonce=574 contract=0xA4aE77554847958aC0854f06601267c9F9C75dfD value=0
INFO [03-26|19:49:22.140] Submitted transaction                    hash=0xc2b778b5137f988b382e540da4257245605acc76e95ab8a8c6054867c86da650 from=0xf39Fd6e51aad88F6F4ce6aB8827279cffFb92266 nonce=575 recipient=0x9dd13a1cf18aBB730D6bB41a68f74Ec5b4BA39be value=2,925,800,000,000
INFO [03-26|19:49:22.148] Started log indexer
INFO [03-26|19:49:22.152] Starting work on payload                 id=0x03c6d145f9a3e816
INFO [03-26|19:49:22.159] Updated payload                          id=0x03c6d145f9a3e816 number=64662 hash=3cd5e4..d5b87d txs=2 withdrawals=0 gas=90958 fees=2.6605215e-09 root=417f4a..d73d7e elapsed=6.402ms
INFO [03-26|19:49:22.159] Stopping work on payload                 id=0x03c6d145f9a3e816 reason=delivery
WARN [03-26|19:49:22.167] {"level":"warn","msg":"Slow block","block":{"number":64662,"hash":"0x3cd5e4e6e4add552ef9e96107f9b15f0dfcdf832648a65f96b9e0581f2d5b87d","gas_used":90958,"tx_count":2},"timing":{"execution_ms":0.094609,"state_read_ms":0.187,"state_hash_ms":0.458557,"commit_ms":6.68163,"total_ms":7.471397},"throughput":{"mgas_per_sec":12.174162342062669},"state_reads":{"accounts":11,"storage_slots":0,"code":0,"code_bytes":0},"state_writes":{"accounts":3,"accounts_deleted":0,"storage_slots":0,"storage_slots_deleted":0,"code":1,"code_bytes":78},"cache":{"account":{"hits":4,"misses":7,"hit_rate":36.36363636363637},"storage":{"hits":0,"misses":0,"hit_rate":0},"code":{"hits":0,"misses":0,"hit_rate":0,"hit_bytes":0,"miss_bytes":0}}}
INFO [03-26|19:49:22.167] Imported new potential chain segment     number=64662 hash=3cd5e4..d5b87d blocks=1 txs=2 mgas=0.091 elapsed=7.663ms mgasps=11.869 triediffs=306.58MiB triedirty=0.00B
INFO [03-26|19:49:22.167] Ready for fork activation                fork=Osaka date="07 Feb 06 07:28 CET" remaining=700115h38m53s timestamp=4,294,967,295
INFO [03-26|19:49:22.167] Chain head was updated                   number=64662 hash=3cd5e4..d5b87d root=417f4a..d73d7e elapsed="177.599µs"
INFO [03-26|19:49:23.154] Submitted transaction                    hash=0xdf536925ef44b92581b60a567d456ef42626a1a55baf1c94fa4a9e32a213ae23 from=0x9dd13a1cf18aBB730D6bB41a68f74Ec5b4BA39be nonce=0   recipient=0xA4aE77554847958aC0854f06601267c9F9C75dfD value=0
INFO [03-26|19:49:32.172] Starting work on payload                 id=0x035fb5abef11f3c6
INFO [03-26|19:49:33.022] Updated payload                          id=0x035fb5abef11f3c6 number=64663 hash=d0be79..cbc6d6 txs=1 withdrawals=0 gas=93,739,282 fees=2.741873998e-06 root=4682b3..a63adf elapsed=849.324ms
INFO [03-26|19:49:33.022] Stopping work on payload                 id=0x035fb5abef11f3c6 reason=delivery
WARN [03-26|19:49:34.035] {"level":"warn","msg":"Slow block","block":{"number":64663,"hash":"0xd0be79d4e44c849d617c3943f0966cefbd4467d53f335a506b325bef22cbc6d6","gas_used":93739282,"tx_count":1},"timing":{"execution_ms":50.825297,"state_read_ms":608.434476,"state_hash_ms":303.768271,"commit_ms":46.880589,"total_ms":1010.007165},"throughput":{"mgas_per_sec":92.81051189374483},"state_reads":{"accounts":8,"storage_slots":4094,"code":2,"code_bytes":1422},"state_writes":{"accounts":3,"accounts_deleted":0,"storage_slots":4094,"storage_slots_deleted":0,"code":0,"code_bytes":0},"cache":{"account":{"hits":3,"misses":5,"hit_rate":37.5},"storage":{"hits":726,"misses":3368,"hit_rate":17.733268197361994},"code":{"hits":2,"misses":0,"hit_rate":100,"hit_bytes":1422,"miss_bytes":0}}}
INFO [03-26|19:49:34.035] Imported new potential chain segment     number=64663 hash=d0be79..cbc6d6 blocks=1 txs=1 mgas=93.739 elapsed=1.012s      mgasps=92.600 triediffs=314.35MiB triedirty=0.00B
INFO [03-26|19:49:34.036] Chain head was updated                   number=64663 hash=d0be79..cbc6d6 root=4682b3..a63adf elapsed="89.11µs"
INFO [03-26|19:49:34.235] Submitted transaction                    hash=0x64c442ff80e236fe4a491077005d580dc068c9c03afc6993aac76f58974d8f10 from=0x9dd13a1cf18aBB730D6bB41a68f74Ec5b4BA39be nonce=1   recipient=0xf39Fd6e51aad88F6F4ce6aB8827279cffFb92266 value=182,868,752,244
INFO [03-26|19:49:44.039] Starting work on payload                 id=0x0331d7a1523176e3
INFO [03-26|19:49:44.040] Updated payload                          id=0x0331d7a1523176e3 number=64664 hash=163895..1e365c txs=1 withdrawals=0 gas=21000      fees=3.07083e-10     root=319fe1..853891 elapsed="895.925µs"
INFO [03-26|19:49:44.041] Stopping work on payload                 id=0x0331d7a1523176e3 reason=delivery
WARN [03-26|19:49:44.044] {"level":"warn","msg":"Slow block","block":{"number":64664,"hash":"0x1638954291c0fb77a11f26b2bea0d020e95d9e00a3cc212593e60c101f1e365c","gas_used":21000,"tx_count":1},"timing":{"execution_ms":0.124891,"state_read_ms":0.420136,"state_hash_ms":0.09285,"commit_ms":0.592946,"total_ms":1.330483},"throughput":{"mgas_per_sec":15.783741693805935},"state_reads":{"accounts":6,"storage_slots":0,"code":0,"code_bytes":0},"state_writes":{"accounts":2,"accounts_deleted":0,"storage_slots":0,"storage_slots_deleted":0,"code":0,"code_bytes":0},"cache":{"account":{"hits":2,"misses":4,"hit_rate":33.33333333333333},"storage":{"hits":0,"misses":0,"hit_rate":0},"code":{"hits":0,"misses":0,"hit_rate":0,"hit_bytes":0,"miss_bytes":0}}}
INFO [03-26|19:49:44.044] Imported new potential chain segment     number=64664 hash=163895..1e365c blocks=1 txs=1 mgas=0.021  elapsed=2.713ms     mgasps=7.740  triediffs=314.35MiB triedirty=0.00B
INFO [03-26|19:49:44.044] Chain head was updated                   number=64664 hash=163895..1e365c root=319fe1..853891 elapsed="114.759µs"
