INFO [03-26|18:19:34.457] Starting Geth on Ethereum mainnet...
INFO [03-26|18:19:34.459] Maximum peer count                       ETH=0 total=0
INFO [03-26|18:19:34.460] Smartcard socket not found, disabling    err="stat /run/pcscd/pcscd.comm: no such file or directory"
WARN [03-26|18:19:34.461] Option --miner.etherbase is deprecated as the etherbase is set by the consensus client post-merge
WARN [03-26|18:19:34.463] Snap sync requested, resetting --cache.snapshot
INFO [03-26|18:19:34.463] Global gas cap disabled
INFO [03-26|18:19:35.116] Using developer account                  address=0xf39Fd6e51aad88F6F4ce6aB8827279cffFb92266
INFO [03-26|18:19:35.359] Using pebble as the backing database
INFO [03-26|18:19:35.359] Allocated cache and file handles         database=/home/CPerezz/bintrie-benchmarks/mpt-vs-bintrie/dbs/mpt/geth/chaindata cache=16.00MiB handles=524,288
INFO [03-26|18:19:37.567] Opened ancient database                  database=/home/CPerezz/bintrie-benchmarks/mpt-vs-bintrie/dbs/mpt/geth/chaindata/ancient/chain readonly=true
INFO [03-26|18:19:37.567] Opened Era store                         datadir=/home/CPerezz/bintrie-benchmarks/mpt-vs-bintrie/dbs/mpt/geth/chaindata/ancient/chain/era
INFO [03-26|18:19:37.577] Initializing the KZG library             backend=gokzg
INFO [03-26|18:19:37.579] Allocated trie memory caches             clean=0.00B dirty=0.00B
INFO [03-26|18:19:37.655] Using pebble as the backing database
INFO [03-26|18:19:37.655] Allocated cache and file handles         database=/home/CPerezz/bintrie-benchmarks/mpt-vs-bintrie/dbs/mpt/geth/chaindata cache=16.00MiB handles=524,288
INFO [03-26|18:19:38.897] Opened ancient database                  database=/home/CPerezz/bintrie-benchmarks/mpt-vs-bintrie/dbs/mpt/geth/chaindata/ancient/chain readonly=false
INFO [03-26|18:19:38.897] Opened Era store                         datadir=/home/CPerezz/bintrie-benchmarks/mpt-vs-bintrie/dbs/mpt/geth/chaindata/ancient/chain/era
INFO [03-26|18:19:38.898] State scheme set to already existing     scheme=path
INFO [03-26|18:19:38.901] Initialising Ethereum protocol           network=1337 dbversion=9
INFO [03-26|18:19:38.901] Load database journal from file          path=/home/CPerezz/bintrie-benchmarks/mpt-vs-bintrie/dbs/mpt/geth/triedb/merkle.journal
INFO [03-26|18:19:38.934] Opened ancient database                  database=/home/CPerezz/bintrie-benchmarks/mpt-vs-bintrie/dbs/mpt/geth/chaindata/ancient/state readonly=false
INFO [03-26|18:19:38.936] Initialized path database                triecache=0.00B statecache=0.00B buffer=0.00B state-history="last 90000 blocks" journal-dir=/home/CPerezz/bintrie-benchmarks/mpt-vs-bintrie/dbs/mpt/geth/triedb
INFO [03-26|18:19:38.937] 
INFO [03-26|18:19:38.937] ---------------------------------------------------------------------------------------------------------------------------------------------------------
INFO [03-26|18:19:38.937] Chain ID:  1337 (unknown)
INFO [03-26|18:19:38.937] Consensus: unknown
INFO [03-26|18:19:38.937] 
INFO [03-26|18:19:38.937] Pre-Merge hard forks (block based):
INFO [03-26|18:19:38.937]  - Homestead:                   #0       
INFO [03-26|18:19:38.937]  - Tangerine Whistle (EIP 150): #0       
INFO [03-26|18:19:38.937]  - Spurious Dragon/1 (EIP 155): #0       
INFO [03-26|18:19:38.937]  - Spurious Dragon/2 (EIP 158): #0       
INFO [03-26|18:19:38.937]  - Byzantium:                   #0       
INFO [03-26|18:19:38.937]  - Constantinople:              #0       
INFO [03-26|18:19:38.937]  - Petersburg:                  #0       
INFO [03-26|18:19:38.937]  - Istanbul:                    #0       
INFO [03-26|18:19:38.937]  - Muir Glacier:                #0       
INFO [03-26|18:19:38.937]  - Berlin:                      #0       
INFO [03-26|18:19:38.937]  - London:                      #0       
INFO [03-26|18:19:38.937]  - Arrow Glacier:               #0       
INFO [03-26|18:19:38.937]  - Gray Glacier:                #0       
INFO [03-26|18:19:38.937] 
INFO [03-26|18:19:38.937] Merge configured:
INFO [03-26|18:19:38.937]  - Total terminal difficulty:  0
INFO [03-26|18:19:38.937]  - Merge netsplit block:       #0       
INFO [03-26|18:19:38.937] 
INFO [03-26|18:19:38.937] Post-Merge hard forks (timestamp based):
INFO [03-26|18:19:38.937]  - Shanghai:                    @0         
INFO [03-26|18:19:38.937]  - Cancun:                      @0          blob: (target: 3, max: 6, fraction: 3338477)
INFO [03-26|18:19:38.937]  - Prague:                      @0          blob: (target: 6, max: 9, fraction: 5225352)
INFO [03-26|18:19:38.937]  - Osaka:                       @4294967295 blob: (target: 9, max: 12, fraction: 5225352)
INFO [03-26|18:19:38.937] 
INFO [03-26|18:19:38.937] All fork specifications can be found at https://ethereum.github.io/execution-specs/src/ethereum/forks/
INFO [03-26|18:19:38.937] 
INFO [03-26|18:19:38.937] ---------------------------------------------------------------------------------------------------------------------------------------------------------
INFO [03-26|18:19:38.937] 
INFO [03-26|18:19:38.937] Loaded most recent local block           number=64206 hash=824688..42b193 age=19s
INFO [03-26|18:19:38.937] Loaded most recent local finalized block number=64192 hash=77ddfb..528a26 age=3m24s
INFO [03-26|18:19:38.938] Initialized transaction indexer          range="last 2350000 blocks"
INFO [03-26|18:19:38.938] Initialized log indexer                  firstblock=0 lastblock=64206 firstmap=0 lastmap=4 headindexed=true
INFO [03-26|18:19:38.944] Enabled full-sync                        head=64206 hash=824688..42b193
INFO [03-26|18:19:38.944] Unprotected transactions allowed
INFO [03-26|18:19:38.944] Gasprice oracle is ignoring threshold set threshold=2
INFO [03-26|18:19:38.944] Registered sync override service
WARN [03-26|18:19:38.944] You are running Geth in --dev mode. Please note the following:
WARN [03-26|18:19:38.944] 
WARN [03-26|18:19:38.944]   1. This mode is only intended for fast, iterative development without assumptions on
WARN [03-26|18:19:38.944]      security or persistence.
WARN [03-26|18:19:38.944]   2. The database is created in memory unless specified otherwise. Therefore, shutting down
WARN [03-26|18:19:38.945]      your computer or losing power will wipe your entire block data and chain state for
WARN [03-26|18:19:38.945]      your dev environment.
WARN [03-26|18:19:38.945]   3. A random, pre-allocated developer account will be available and unlocked as
WARN [03-26|18:19:38.945]      eth.coinbase, which can be used for testing. The random dev account is temporary,
WARN [03-26|18:19:38.945]      stored on a ramdisk, and will be lost if your machine is restarted.
WARN [03-26|18:19:38.945]   4. Mining is enabled by default. However, the client will only seal blocks if transactions
WARN [03-26|18:19:38.945]      are pending in the mempool. The miner's minimum accepted gas price is 1.
WARN [03-26|18:19:38.945]   5. Networking is disabled; there is no listen-address, the maximum number of peers is set
WARN [03-26|18:19:38.945]      to 0, and discovery is disabled.
WARN [03-26|18:19:38.945] 
INFO [03-26|18:19:38.945] Starting peer-to-peer node               instance=Geth/v1.17.2-unstable-5d0e18f7-20260325/linux-amd64/go1.24.1
WARN [03-26|18:19:38.945] P2P server will be useless, neither dialing nor listening
INFO [03-26|18:19:38.950] New local node record                    seq=1,774,465,405,984 id=9566f6e861acb2c3 ip=127.0.0.1 udp=0 tcp=0
INFO [03-26|18:19:38.950] Started P2P networking                   self=enode://7bcb27e0859fe4ed7072e298a58918cc0b55d08376b1207f77d84f6d0d34ded7448b64ab16dd00733b489383beff49c04f662afae4dd1dc102807640ff82a1cd@127.0.0.1:0
INFO [03-26|18:19:38.950] IPC endpoint opened                      url=/home/CPerezz/bintrie-benchmarks/mpt-vs-bintrie/dbs/mpt/geth.ipc
ERROR[03-26|18:19:38.950] Unavailable modules in HTTP API list     unavailable=[personal] available="[admin debug web3 eth txpool miner net dev testing]"
INFO [03-26|18:19:38.951] HTTP server started                      endpoint=[::]:8545 auth=false prefix= cors= vhosts=localhost
INFO [03-26|18:19:38.951] WebSocket enabled                        url=ws://[::]:8546
INFO [03-26|18:19:38.962] Loaded local transaction journal         transactions=228 dropped=0
INFO [03-26|18:19:40.008] Started log indexer
INFO [03-26|18:19:40.016] Starting work on payload                 id=0x0385e3fab22daac6
INFO [03-26|18:19:40.016] Updated payload                          id=0x0385e3fab22daac6 number=64207 hash=a63cda..3ff0d1 txs=0 withdrawals=0 gas=0 fees=0 root=7e2067..9f8d23 elapsed="185.919µs"
INFO [03-26|18:19:40.016] Stopping work on payload                 id=0x0385e3fab22daac6 reason=delivery
WARN [03-26|18:19:40.021] {"level":"warn","msg":"Slow block","block":{"number":64207,"hash":"0xa63cda7aec0761dad0c5892f46e1017c94bfe2f18d4b9a07ffac2a64843ff0d1","gas_used":0,"tx_count":0},"timing":{"execution_ms":0.01522,"state_read_ms":0.120149,"state_hash_ms":0.00469,"commit_ms":0.06468,"total_ms":0.25167},"throughput":{"mgas_per_sec":0},"state_reads":{"accounts":4,"storage_slots":0,"code":0,"code_bytes":0},"state_writes":{"accounts":0,"accounts_deleted":0,"storage_slots":0,"storage_slots_deleted":0,"code":0,"code_bytes":0},"cache":{"account":{"hits":0,"misses":4,"hit_rate":0},"storage":{"hits":0,"misses":0,"hit_rate":0},"code":{"hits":0,"misses":0,"hit_rate":0,"hit_bytes":0,"miss_bytes":0}}}
INFO [03-26|18:19:40.021] Imported new potential chain segment     number=64207 hash=a63cda..3ff0d1 blocks=1 txs=0 mgas=0.000 elapsed=4.384ms     mgasps=0.000 triediffs=1.20MiB triedirty=0.00B
INFO [03-26|18:19:40.021] Ready for fork activation                fork=Osaka date="07 Feb 06 07:28 CET" remaining=700117h8m35s timestamp=4,294,967,295
INFO [03-26|18:19:40.021] Chain head was updated                   number=64207 hash=a63cda..3ff0d1 root=7e2067..9f8d23 elapsed="22.27µs"
INFO [03-26|18:19:40.746] Submitted contract creation              hash=0xdee6ffb5889fbbafe0787d1f48f578f87597d5249b9f1c72967e33b76395d31f from=0xf39Fd6e51aad88F6F4ce6aB8827279cffFb92266 nonce=230 contract=0x67aD6EA566BA6B0fC52e97Bc25CE46120fdAc04c value=0
INFO [03-26|18:19:40.747] Submitted transaction                    hash=0x78302e7477312700d52ebf8ca59a7ef435d73c6c85021b00620f4e3246dd841f from=0xf39Fd6e51aad88F6F4ce6aB8827279cffFb92266 nonce=231 recipient=0xdf8aBBC7B59d0cD0b5c5412Be542c3b0C4663897 value=1,600,000,000
INFO [03-26|18:19:50.025] Starting work on payload                 id=0x037b8c63618a7f9b
INFO [03-26|18:19:50.035] Updated payload                          id=0x037b8c63618a7f9b number=64208 hash=ec3f60..a9f66a txs=2 withdrawals=0 gas=89662 fees=7.17296e-13 root=8a76f3..c1cb3a elapsed=9.514ms
INFO [03-26|18:19:50.035] Stopping work on payload                 id=0x037b8c63618a7f9b reason=delivery
WARN [03-26|18:19:50.040] {"level":"warn","msg":"Slow block","block":{"number":64208,"hash":"0xec3f60b094a5389f6536aaba8be1fffdb90e098fe6a7c0b665f4d588a7a9f66a","gas_used":89662,"tx_count":2},"timing":{"execution_ms":0.112119,"state_read_ms":0.284398,"state_hash_ms":1.033044,"commit_ms":1.91984,"total_ms":3.416113},"throughput":{"mgas_per_sec":26.24678984565206},"state_reads":{"accounts":11,"storage_slots":0,"code":0,"code_bytes":0},"state_writes":{"accounts":3,"accounts_deleted":0,"storage_slots":0,"storage_slots_deleted":0,"code":1,"code_bytes":72},"cache":{"account":{"hits":7,"misses":4,"hit_rate":63.63636363636363},"storage":{"hits":0,"misses":0,"hit_rate":0},"code":{"hits":0,"misses":0,"hit_rate":0,"hit_bytes":0,"miss_bytes":0}}}
INFO [03-26|18:19:50.040] Imported new potential chain segment     number=64208 hash=ec3f60..a9f66a blocks=1 txs=2 mgas=0.090 elapsed=3.591ms     mgasps=24.963 triediffs=1.20MiB triedirty=0.00B
INFO [03-26|18:19:50.040] Chain head was updated                   number=64208 hash=ec3f60..a9f66a root=8a76f3..c1cb3a elapsed="231.798µs"
INFO [03-26|18:19:50.837] Submitted transaction                    hash=0x8377b71a718dc92dd1166647f412ee15df5833b68c87e05f905d6f11eb5fac41 from=0xdf8aBBC7B59d0cD0b5c5412Be542c3b0C4663897 nonce=0   recipient=0x67aD6EA566BA6B0fC52e97Bc25CE46120fdAc04c value=0
INFO [03-26|18:20:00.042] Starting work on payload                 id=0x0359749583a83837
WARN [03-26|18:20:07.217] Block building is interrupted            allowance=2s
INFO [03-26|18:20:07.217] Updated payload                          id=0x0359749583a83837 number=64209 hash=c078a4..69a419 txs=1 withdrawals=0 gas=100,000,000 fees=8e-10       root=7c7061..409c8e elapsed=7.175s
WARN [03-26|18:20:12.483] {"level":"warn","msg":"Slow block","block":{"number":64209,"hash":"0xc078a4e11361fd9a2a50db31546f8d11eee97dccb7a1410539f465c66269a419","gas_used":100000000,"tx_count":1},"timing":{"execution_ms":277.497086,"state_read_ms":4960.590881,"state_hash_ms":0.07014,"commit_ms":25.522287,"total_ms":5263.773234},"throughput":{"mgas_per_sec":18.997778884940466},"state_reads":{"accounts":8,"storage_slots":36742,"code":2,"code_bytes":1416},"state_writes":{"accounts":2,"accounts_deleted":0,"storage_slots":0,"storage_slots_deleted":0,"code":0,"code_bytes":0},"cache":{"account":{"hits":3,"misses":5,"hit_rate":37.5},"storage":{"hits":3251,"misses":33491,"hit_rate":8.848184638832942},"code":{"hits":2,"misses":0,"hit_rate":100,"hit_bytes":1416,"miss_bytes":0}}}
INFO [03-26|18:20:12.483] Imported new potential chain segment     number=64209 hash=c078a4..69a419 blocks=1 txs=1 mgas=100.000 elapsed=5.264s      mgasps=18.994 triediffs=1.20MiB triedirty=0.00B
INFO [03-26|18:20:12.484] Chain head was updated                   number=64209 hash=c078a4..69a419 root=7c7061..409c8e elapsed="43.469µs"
WARN [03-26|18:20:12.754] Block building is interrupted            allowance=2s
INFO [03-26|18:20:12.754] Stopping work on payload                 id=0x0359749583a83837 reason=delivery
