INFO [03-26|20:12:26.202] Starting Geth on Ethereum mainnet...
INFO [03-26|20:12:26.203] Maximum peer count                       ETH=0 total=0
INFO [03-26|20:12:26.204] Smartcard socket not found, disabling    err="stat /run/pcscd/pcscd.comm: no such file or directory"
WARN [03-26|20:12:26.206] Option --miner.etherbase is deprecated as the etherbase is set by the consensus client post-merge
WARN [03-26|20:12:26.208] Snap sync requested, resetting --cache.snapshot
INFO [03-26|20:12:26.209] Global gas cap disabled
INFO [03-26|20:12:26.847] Using developer account                  address=0xf39Fd6e51aad88F6F4ce6aB8827279cffFb92266
INFO [03-26|20:12:27.014] Using pebble as the backing database
INFO [03-26|20:12:27.014] Allocated cache and file handles         database=/home/CPerezz/bintrie-benchmarks/mpt-vs-bintrie/dbs/mpt/geth/chaindata cache=16.00MiB handles=524,288
INFO [03-26|20:12:28.148] Opened ancient database                  database=/home/CPerezz/bintrie-benchmarks/mpt-vs-bintrie/dbs/mpt/geth/chaindata/ancient/chain readonly=true
INFO [03-26|20:12:28.148] Opened Era store                         datadir=/home/CPerezz/bintrie-benchmarks/mpt-vs-bintrie/dbs/mpt/geth/chaindata/ancient/chain/era
INFO [03-26|20:12:28.161] Initializing the KZG library             backend=gokzg
INFO [03-26|20:12:28.163] Allocated trie memory caches             clean=0.00B dirty=0.00B
INFO [03-26|20:12:28.270] Using pebble as the backing database
INFO [03-26|20:12:28.270] Allocated cache and file handles         database=/home/CPerezz/bintrie-benchmarks/mpt-vs-bintrie/dbs/mpt/geth/chaindata cache=16.00MiB handles=524,288
INFO [03-26|20:12:29.566] Opened ancient database                  database=/home/CPerezz/bintrie-benchmarks/mpt-vs-bintrie/dbs/mpt/geth/chaindata/ancient/chain readonly=false
INFO [03-26|20:12:29.566] Opened Era store                         datadir=/home/CPerezz/bintrie-benchmarks/mpt-vs-bintrie/dbs/mpt/geth/chaindata/ancient/chain/era
INFO [03-26|20:12:29.567] State scheme set to already existing     scheme=path
INFO [03-26|20:12:29.568] Initialising Ethereum protocol           network=1337 dbversion=9
INFO [03-26|20:12:29.568] Load database journal from file          path=/home/CPerezz/bintrie-benchmarks/mpt-vs-bintrie/dbs/mpt/geth/triedb/merkle.journal
INFO [03-26|20:12:31.364] Opened ancient database                  database=/home/CPerezz/bintrie-benchmarks/mpt-vs-bintrie/dbs/mpt/geth/chaindata/ancient/state readonly=false
INFO [03-26|20:12:31.365] Initialized path database                triecache=0.00B statecache=0.00B buffer=0.00B state-history="last 90000 blocks" journal-dir=/home/CPerezz/bintrie-benchmarks/mpt-vs-bintrie/dbs/mpt/geth/triedb
INFO [03-26|20:12:31.367] 
INFO [03-26|20:12:31.367] ---------------------------------------------------------------------------------------------------------------------------------------------------------
INFO [03-26|20:12:31.367] Chain ID:  1337 (unknown)
INFO [03-26|20:12:31.367] Consensus: unknown
INFO [03-26|20:12:31.367] 
INFO [03-26|20:12:31.367] Pre-Merge hard forks (block based):
INFO [03-26|20:12:31.367]  - Homestead:                   #0       
INFO [03-26|20:12:31.367]  - Tangerine Whistle (EIP 150): #0       
INFO [03-26|20:12:31.367]  - Spurious Dragon/1 (EIP 155): #0       
INFO [03-26|20:12:31.367]  - Spurious Dragon/2 (EIP 158): #0       
INFO [03-26|20:12:31.367]  - Byzantium:                   #0       
INFO [03-26|20:12:31.367]  - Constantinople:              #0       
INFO [03-26|20:12:31.367]  - Petersburg:                  #0       
INFO [03-26|20:12:31.367]  - Istanbul:                    #0       
INFO [03-26|20:12:31.367]  - Muir Glacier:                #0       
INFO [03-26|20:12:31.367]  - Berlin:                      #0       
INFO [03-26|20:12:31.367]  - London:                      #0       
INFO [03-26|20:12:31.367]  - Arrow Glacier:               #0       
INFO [03-26|20:12:31.367]  - Gray Glacier:                #0       
INFO [03-26|20:12:31.367] 
INFO [03-26|20:12:31.367] Merge configured:
INFO [03-26|20:12:31.367]  - Total terminal difficulty:  0
INFO [03-26|20:12:31.367]  - Merge netsplit block:       #0       
INFO [03-26|20:12:31.367] 
INFO [03-26|20:12:31.367] Post-Merge hard forks (timestamp based):
INFO [03-26|20:12:31.367]  - Shanghai:                    @0         
INFO [03-26|20:12:31.367]  - Cancun:                      @0          blob: (target: 3, max: 6, fraction: 3338477)
INFO [03-26|20:12:31.367]  - Prague:                      @0          blob: (target: 6, max: 9, fraction: 5225352)
INFO [03-26|20:12:31.367]  - Osaka:                       @4294967295 blob: (target: 9, max: 12, fraction: 5225352)
INFO [03-26|20:12:31.367] 
INFO [03-26|20:12:31.367] All fork specifications can be found at https://ethereum.github.io/execution-specs/src/ethereum/forks/
INFO [03-26|20:12:31.367] 
INFO [03-26|20:12:31.367] ---------------------------------------------------------------------------------------------------------------------------------------------------------
INFO [03-26|20:12:31.367] 
INFO [03-26|20:12:31.368] Loaded most recent local block           number=64784 hash=5080d7..e8044a age=10s
INFO [03-26|20:12:31.368] Loaded most recent local finalized block number=64768 hash=51b670..c6f830 age=3m12s
INFO [03-26|20:12:31.369] Initialized transaction indexer          range="last 2350000 blocks"
INFO [03-26|20:12:31.369] Initialized log indexer                  firstblock=0 lastblock=64784 firstmap=0 lastmap=4 headindexed=true
INFO [03-26|20:12:31.371] Enabled full-sync                        head=64784 hash=5080d7..e8044a
INFO [03-26|20:12:31.372] Unprotected transactions allowed
INFO [03-26|20:12:31.372] Gasprice oracle is ignoring threshold set threshold=2
INFO [03-26|20:12:31.373] Registered sync override service
WARN [03-26|20:12:31.373] You are running Geth in --dev mode. Please note the following:
WARN [03-26|20:12:31.373] 
WARN [03-26|20:12:31.373]   1. This mode is only intended for fast, iterative development without assumptions on
WARN [03-26|20:12:31.373]      security or persistence.
WARN [03-26|20:12:31.373]   2. The database is created in memory unless specified otherwise. Therefore, shutting down
WARN [03-26|20:12:31.373]      your computer or losing power will wipe your entire block data and chain state for
WARN [03-26|20:12:31.373]      your dev environment.
WARN [03-26|20:12:31.373]   3. A random, pre-allocated developer account will be available and unlocked as
WARN [03-26|20:12:31.373]      eth.coinbase, which can be used for testing. The random dev account is temporary,
WARN [03-26|20:12:31.373]      stored on a ramdisk, and will be lost if your machine is restarted.
WARN [03-26|20:12:31.373]   4. Mining is enabled by default. However, the client will only seal blocks if transactions
WARN [03-26|20:12:31.373]      are pending in the mempool. The miner's minimum accepted gas price is 1.
WARN [03-26|20:12:31.373]   5. Networking is disabled; there is no listen-address, the maximum number of peers is set
WARN [03-26|20:12:31.373]      to 0, and discovery is disabled.
WARN [03-26|20:12:31.373] 
INFO [03-26|20:12:31.373] Starting peer-to-peer node               instance=Geth/v1.17.2-unstable-5d0e18f7-20260325/linux-amd64/go1.24.1
WARN [03-26|20:12:31.373] P2P server will be useless, neither dialing nor listening
INFO [03-26|20:12:31.377] IPC endpoint opened                      url=/home/CPerezz/bintrie-benchmarks/mpt-vs-bintrie/dbs/mpt/geth.ipc
ERROR[03-26|20:12:31.377] Unavailable modules in HTTP API list     unavailable=[personal] available="[admin debug web3 eth txpool miner net dev testing]"
INFO [03-26|20:12:31.377] HTTP server started                      endpoint=[::]:8545 auth=false prefix= cors= vhosts=localhost
INFO [03-26|20:12:31.377] WebSocket enabled                        url=ws://[::]:8546
INFO [03-26|20:12:31.378] New local node record                    seq=1,774,465,406,197 id=9566f6e861acb2c3 ip=127.0.0.1 udp=0 tcp=0
INFO [03-26|20:12:31.378] Started P2P networking                   self=enode://7bcb27e0859fe4ed7072e298a58918cc0b55d08376b1207f77d84f6d0d34ded7448b64ab16dd00733b489383beff49c04f662afae4dd1dc102807640ff82a1cd@127.0.0.1:0
INFO [03-26|20:12:31.422] Loaded local transaction journal         transactions=953 dropped=0
INFO [03-26|20:12:33.158] Submitted contract creation              hash=0xbdd2dc21780479e9dfeebd389075de5e7f7b6ddcdd8bd5333fae6e7da251bbc4 from=0xf39Fd6e51aad88F6F4ce6aB8827279cffFb92266 nonce=656 contract=0xCC5Bc84C3FDbcF262AaDD9F76652D6784293dD9e value=0
INFO [03-26|20:12:33.162] Submitted transaction                    hash=0x6b7cb454f44c6d74a4dae458078c219040628dcee6cd0a9cd9d333d42c9383e9 from=0xf39Fd6e51aad88F6F4ce6aB8827279cffFb92266 nonce=657 recipient=0xCD79eF4949bFF0Ae53d18be6181996f28783D5B1 value=88,852,900,000,000
INFO [03-26|20:12:33.431] Started log indexer
INFO [03-26|20:12:33.436] Starting work on payload                 id=0x03dc720efff9712e
INFO [03-26|20:12:33.442] Updated payload                          id=0x03dc720efff9712e number=64785 hash=43278c..8f150e txs=2 withdrawals=0 gas=90958 fees=8.081809312e-08 root=50d70c..7bde9b elapsed=5.490ms
INFO [03-26|20:12:33.442] Stopping work on payload                 id=0x03dc720efff9712e reason=delivery
WARN [03-26|20:12:33.448] {"level":"warn","msg":"Slow block","block":{"number":64785,"hash":"0x43278cd53f195cc8ccb2345f962f9eb115228f3461b8be7a5c9a5456148f150e","gas_used":90958,"tx_count":2},"timing":{"execution_ms":0.052328,"state_read_ms":0.143701,"state_hash_ms":0.640376,"commit_ms":4.886271,"total_ms":5.797887},"throughput":{"mgas_per_sec":15.688129140840447},"state_reads":{"accounts":11,"storage_slots":0,"code":0,"code_bytes":0},"state_writes":{"accounts":3,"accounts_deleted":0,"storage_slots":0,"storage_slots_deleted":0,"code":1,"code_bytes":78},"cache":{"account":{"hits":5,"misses":6,"hit_rate":45.45454545454545},"storage":{"hits":0,"misses":0,"hit_rate":0},"code":{"hits":0,"misses":0,"hit_rate":0,"hit_bytes":0,"miss_bytes":0}}}
INFO [03-26|20:12:33.448] Imported new potential chain segment     number=64785 hash=43278c..8f150e blocks=1 txs=2 mgas=0.091 elapsed=5.941ms mgasps=15.310 triediffs=306.40MiB triedirty=0.00B
INFO [03-26|20:12:33.448] Ready for fork activation                fork=Osaka date="07 Feb 06 07:28 CET" remaining=700115h15m42s timestamp=4,294,967,295
INFO [03-26|20:12:33.448] Chain head was updated                   number=64785 hash=43278c..8f150e root=50d70c..7bde9b elapsed="101.65µs"
INFO [03-26|20:12:34.176] Submitted transaction                    hash=0x3c4b60df9df7a27681f0276d049a7221438d0b94fac31aba336698a8fba2a21c from=0xCD79eF4949bFF0Ae53d18be6181996f28783D5B1 nonce=0   recipient=0xCC5Bc84C3FDbcF262AaDD9F76652D6784293dD9e value=0
INFO [03-26|20:12:43.452] Starting work on payload                 id=0x0349d5ab19833470
INFO [03-26|20:12:44.253] Updated payload                          id=0x0349d5ab19833470 number=64786 hash=79e162..3a4a45 txs=1 withdrawals=0 gas=93,739,282 fees=8.328932058e-05 root=7bce69..3def54 elapsed=801.405ms
INFO [03-26|20:12:44.254] Stopping work on payload                 id=0x0349d5ab19833470 reason=delivery
WARN [03-26|20:12:45.200] {"level":"warn","msg":"Slow block","block":{"number":64786,"hash":"0x79e162c8f051c8990699b6dd5bdc4117e6022f3672290e1b304484b31e3a4a45","gas_used":93739282,"tx_count":1},"timing":{"execution_ms":50.913062,"state_read_ms":554.351022,"state_hash_ms":302.386603,"commit_ms":34.617738,"total_ms":942.385775},"throughput":{"mgas_per_sec":99.47017929042913},"state_reads":{"accounts":8,"storage_slots":4094,"code":2,"code_bytes":1422},"state_writes":{"accounts":3,"accounts_deleted":0,"storage_slots":4094,"storage_slots_deleted":0,"code":0,"code_bytes":0},"cache":{"account":{"hits":4,"misses":4,"hit_rate":50},"storage":{"hits":737,"misses":3357,"hit_rate":18.001954079140205},"code":{"hits":2,"misses":0,"hit_rate":100,"hit_bytes":1422,"miss_bytes":0}}}
INFO [03-26|20:12:45.200] Imported new potential chain segment     number=64786 hash=79e162..3a4a45 blocks=1 txs=1 mgas=93.739 elapsed=946.045ms  mgasps=99.085 triediffs=314.17MiB triedirty=0.00B
INFO [03-26|20:12:45.201] Chain head was updated                   number=64786 hash=79e162..3a4a45 root=7bce69..3def54 elapsed="80.51µs"
INFO [03-26|20:12:45.260] Submitted transaction                    hash=0x7ee6efb02c87e9219f832c50ebf9f40c407b8ad2df61e75f5aae34c29de4e25b from=0xCD79eF4949bFF0Ae53d18be6181996f28783D5B1 nonce=1   recipient=0xf39Fd6e51aad88F6F4ce6aB8827279cffFb92266 value=5,553,499,812,822
INFO [03-26|20:12:55.204] Starting work on payload                 id=0x0361ad5227b607b0
INFO [03-26|20:12:55.205] Updated payload                          id=0x0361ad5227b607b0 number=64787 hash=616ebd..911b58 txs=1 withdrawals=0 gas=21000      fees=9.329418e-09    root=ab1319..5f79a7 elapsed="816.515µs"
INFO [03-26|20:12:55.205] Stopping work on payload                 id=0x0361ad5227b607b0 reason=delivery
WARN [03-26|20:12:55.207] {"level":"warn","msg":"Slow block","block":{"number":64787,"hash":"0x616ebd7875fc4c90984ac3e602ec29e0eb87f4cb40516a7786bd1b9a0f911b58","gas_used":21000,"tx_count":1},"timing":{"execution_ms":0.051538,"state_read_ms":0.30825,"state_hash_ms":0.097029,"commit_ms":0.648197,"total_ms":1.173404},"throughput":{"mgas_per_sec":17.896649406342572},"state_reads":{"accounts":6,"storage_slots":0,"code":0,"code_bytes":0},"state_writes":{"accounts":2,"accounts_deleted":0,"storage_slots":0,"storage_slots_deleted":0,"code":0,"code_bytes":0},"cache":{"account":{"hits":2,"misses":4,"hit_rate":33.33333333333333},"storage":{"hits":0,"misses":0,"hit_rate":0},"code":{"hits":0,"misses":0,"hit_rate":0,"hit_bytes":0,"miss_bytes":0}}}
INFO [03-26|20:12:55.207] Imported new potential chain segment     number=64787 hash=616ebd..911b58 blocks=1 txs=1 mgas=0.021  elapsed=1.363ms     mgasps=15.399 triediffs=314.16MiB triedirty=0.00B
INFO [03-26|20:12:55.207] Chain head was updated                   number=64787 hash=616ebd..911b58 root=ab1319..5f79a7 elapsed="63.29µs"
