INFO [03-26|20:06:47.672] Starting Geth on Ethereum mainnet...
INFO [03-26|20:06:47.673] Maximum peer count                       ETH=0 total=0
INFO [03-26|20:06:47.674] Smartcard socket not found, disabling    err="stat /run/pcscd/pcscd.comm: no such file or directory"
WARN [03-26|20:06:47.675] Option --miner.etherbase is deprecated as the etherbase is set by the consensus client post-merge
WARN [03-26|20:06:47.678] Snap sync requested, resetting --cache.snapshot
INFO [03-26|20:06:47.678] Global gas cap disabled
INFO [03-26|20:06:48.321] Using developer account                  address=0xf39Fd6e51aad88F6F4ce6aB8827279cffFb92266
INFO [03-26|20:06:48.489] Using pebble as the backing database
INFO [03-26|20:06:48.489] Allocated cache and file handles         database=/home/CPerezz/bintrie-benchmarks/mpt-vs-bintrie/dbs/mpt/geth/chaindata cache=16.00MiB handles=524,288
INFO [03-26|20:06:49.617] Opened ancient database                  database=/home/CPerezz/bintrie-benchmarks/mpt-vs-bintrie/dbs/mpt/geth/chaindata/ancient/chain readonly=true
INFO [03-26|20:06:49.617] Opened Era store                         datadir=/home/CPerezz/bintrie-benchmarks/mpt-vs-bintrie/dbs/mpt/geth/chaindata/ancient/chain/era
INFO [03-26|20:06:49.628] Initializing the KZG library             backend=gokzg
INFO [03-26|20:06:49.630] Allocated trie memory caches             clean=0.00B dirty=0.00B
INFO [03-26|20:06:49.736] Using pebble as the backing database
INFO [03-26|20:06:49.737] Allocated cache and file handles         database=/home/CPerezz/bintrie-benchmarks/mpt-vs-bintrie/dbs/mpt/geth/chaindata cache=16.00MiB handles=524,288
INFO [03-26|20:06:51.100] Opened ancient database                  database=/home/CPerezz/bintrie-benchmarks/mpt-vs-bintrie/dbs/mpt/geth/chaindata/ancient/chain readonly=false
INFO [03-26|20:06:51.100] Opened Era store                         datadir=/home/CPerezz/bintrie-benchmarks/mpt-vs-bintrie/dbs/mpt/geth/chaindata/ancient/chain/era
INFO [03-26|20:06:51.102] State scheme set to already existing     scheme=path
INFO [03-26|20:06:51.102] Initialising Ethereum protocol           network=1337 dbversion=9
INFO [03-26|20:06:51.102] Load database journal from file          path=/home/CPerezz/bintrie-benchmarks/mpt-vs-bintrie/dbs/mpt/geth/triedb/merkle.journal
INFO [03-26|20:06:52.953] Opened ancient database                  database=/home/CPerezz/bintrie-benchmarks/mpt-vs-bintrie/dbs/mpt/geth/chaindata/ancient/state readonly=false
INFO [03-26|20:06:52.954] Initialized path database                triecache=0.00B statecache=0.00B buffer=0.00B state-history="last 90000 blocks" journal-dir=/home/CPerezz/bintrie-benchmarks/mpt-vs-bintrie/dbs/mpt/geth/triedb
INFO [03-26|20:06:52.956] 
INFO [03-26|20:06:52.956] ---------------------------------------------------------------------------------------------------------------------------------------------------------
INFO [03-26|20:06:52.956] Chain ID:  1337 (unknown)
INFO [03-26|20:06:52.956] Consensus: unknown
INFO [03-26|20:06:52.956] 
INFO [03-26|20:06:52.956] Pre-Merge hard forks (block based):
INFO [03-26|20:06:52.956]  - Homestead:                   #0       
INFO [03-26|20:06:52.956]  - Tangerine Whistle (EIP 150): #0       
INFO [03-26|20:06:52.956]  - Spurious Dragon/1 (EIP 155): #0       
INFO [03-26|20:06:52.956]  - Spurious Dragon/2 (EIP 158): #0       
INFO [03-26|20:06:52.956]  - Byzantium:                   #0       
INFO [03-26|20:06:52.956]  - Constantinople:              #0       
INFO [03-26|20:06:52.956]  - Petersburg:                  #0       
INFO [03-26|20:06:52.956]  - Istanbul:                    #0       
INFO [03-26|20:06:52.956]  - Muir Glacier:                #0       
INFO [03-26|20:06:52.956]  - Berlin:                      #0       
INFO [03-26|20:06:52.956]  - London:                      #0       
INFO [03-26|20:06:52.956]  - Arrow Glacier:               #0       
INFO [03-26|20:06:52.956]  - Gray Glacier:                #0       
INFO [03-26|20:06:52.956] 
INFO [03-26|20:06:52.956] Merge configured:
INFO [03-26|20:06:52.956]  - Total terminal difficulty:  0
INFO [03-26|20:06:52.956]  - Merge netsplit block:       #0       
INFO [03-26|20:06:52.956] 
INFO [03-26|20:06:52.956] Post-Merge hard forks (timestamp based):
INFO [03-26|20:06:52.956]  - Shanghai:                    @0         
INFO [03-26|20:06:52.956]  - Cancun:                      @0          blob: (target: 3, max: 6, fraction: 3338477)
INFO [03-26|20:06:52.956]  - Prague:                      @0          blob: (target: 6, max: 9, fraction: 5225352)
INFO [03-26|20:06:52.956]  - Osaka:                       @4294967295 blob: (target: 9, max: 12, fraction: 5225352)
INFO [03-26|20:06:52.956] 
INFO [03-26|20:06:52.956] All fork specifications can be found at https://ethereum.github.io/execution-specs/src/ethereum/forks/
INFO [03-26|20:06:52.956] 
INFO [03-26|20:06:52.956] ---------------------------------------------------------------------------------------------------------------------------------------------------------
INFO [03-26|20:06:52.956] 
INFO [03-26|20:06:52.957] Loaded most recent local block           number=64754 hash=971eee..740713 age=9s
INFO [03-26|20:06:52.957] Loaded most recent local finalized block number=64736 hash=f47186..bc1cb6 age=3m34s
INFO [03-26|20:06:52.958] Initialized transaction indexer          range="last 2350000 blocks"
INFO [03-26|20:06:52.958] Initialized log indexer                  firstblock=0 lastblock=64754 firstmap=0 lastmap=4 headindexed=true
INFO [03-26|20:06:52.959] Enabled full-sync                        head=64754 hash=971eee..740713
INFO [03-26|20:06:52.959] Unprotected transactions allowed
INFO [03-26|20:06:52.959] Gasprice oracle is ignoring threshold set threshold=2
INFO [03-26|20:06:52.959] Registered sync override service
WARN [03-26|20:06:52.959] You are running Geth in --dev mode. Please note the following:
WARN [03-26|20:06:52.959] 
WARN [03-26|20:06:52.959]   1. This mode is only intended for fast, iterative development without assumptions on
WARN [03-26|20:06:52.959]      security or persistence.
WARN [03-26|20:06:52.959]   2. The database is created in memory unless specified otherwise. Therefore, shutting down
WARN [03-26|20:06:52.959]      your computer or losing power will wipe your entire block data and chain state for
WARN [03-26|20:06:52.959]      your dev environment.
WARN [03-26|20:06:52.959]   3. A random, pre-allocated developer account will be available and unlocked as
WARN [03-26|20:06:52.959]      eth.coinbase, which can be used for testing. The random dev account is temporary,
WARN [03-26|20:06:52.959]      stored on a ramdisk, and will be lost if your machine is restarted.
WARN [03-26|20:06:52.959]   4. Mining is enabled by default. However, the client will only seal blocks if transactions
WARN [03-26|20:06:52.959]      are pending in the mempool. The miner's minimum accepted gas price is 1.
WARN [03-26|20:06:52.960]   5. Networking is disabled; there is no listen-address, the maximum number of peers is set
WARN [03-26|20:06:52.960]      to 0, and discovery is disabled.
WARN [03-26|20:06:52.960] 
INFO [03-26|20:06:52.960] Starting peer-to-peer node               instance=Geth/v1.17.2-unstable-5d0e18f7-20260325/linux-amd64/go1.24.1
WARN [03-26|20:06:52.960] P2P server will be useless, neither dialing nor listening
INFO [03-26|20:06:52.963] IPC endpoint opened                      url=/home/CPerezz/bintrie-benchmarks/mpt-vs-bintrie/dbs/mpt/geth.ipc
ERROR[03-26|20:06:52.963] Unavailable modules in HTTP API list     unavailable=[personal] available="[admin debug web3 eth txpool miner net dev testing]"
INFO [03-26|20:06:52.963] HTTP server started                      endpoint=[::]:8545 auth=false prefix= cors= vhosts=localhost
INFO [03-26|20:06:52.963] WebSocket enabled                        url=ws://[::]:8546
INFO [03-26|20:06:52.964] New local node record                    seq=1,774,465,406,187 id=9566f6e861acb2c3 ip=127.0.0.1 udp=0 tcp=0
INFO [03-26|20:06:52.964] Started P2P networking                   self=enode://7bcb27e0859fe4ed7072e298a58918cc0b55d08376b1207f77d84f6d0d34ded7448b64ab16dd00733b489383beff49c04f662afae4dd1dc102807640ff82a1cd@127.0.0.1:0
INFO [03-26|20:06:53.006] Loaded local transaction journal         transactions=913 dropped=0
INFO [03-26|20:06:54.639] Submitted contract creation              hash=0x065067a32b3b3a6b46bab595d8242b0f7cadf86e48a23a18caf11283c107d620 from=0xf39Fd6e51aad88F6F4ce6aB8827279cffFb92266 nonce=636 contract=0x54287AaB4D98eA51a3B1FBceE56dAf27E04a56A6 value=0
INFO [03-26|20:06:54.641] Submitted transaction                    hash=0xeef2feffcc08b96d85f063a67a3f3d5bc71b2b23f20b5b2525565ad9f4ad299e from=0xf39Fd6e51aad88F6F4ce6aB8827279cffFb92266 nonce=637 recipient=0x5B3E801318a9746853B4916b2229A3e23AcBdfa8 value=39,490,900,000,000
INFO [03-26|20:06:54.796] Started log indexer
INFO [03-26|20:06:54.802] Starting work on payload                 id=0x039c1b69f3edf7a2
INFO [03-26|20:06:54.811] Updated payload                          id=0x039c1b69f3edf7a2 number=64755 hash=087074..842e7c txs=2 withdrawals=0 gas=90958 fees=3.591940516e-08 root=b56f55..5c3a12 elapsed=8.732ms
INFO [03-26|20:06:54.811] Stopping work on payload                 id=0x039c1b69f3edf7a2 reason=delivery
WARN [03-26|20:06:54.820] {"level":"warn","msg":"Slow block","block":{"number":64755,"hash":"0x087074871f75acb1d22db9e6f91fdbb03e09e8e77efe5ee565e65e1e20842e7c","gas_used":90958,"tx_count":2},"timing":{"execution_ms":0.113138,"state_read_ms":0.23484,"state_hash_ms":0.367419,"commit_ms":6.281874,"total_ms":7.09955},"throughput":{"mgas_per_sec":12.811797930854773},"state_reads":{"accounts":11,"storage_slots":0,"code":0,"code_bytes":0},"state_writes":{"accounts":3,"accounts_deleted":0,"storage_slots":0,"storage_slots_deleted":0,"code":1,"code_bytes":78},"cache":{"account":{"hits":5,"misses":6,"hit_rate":45.45454545454545},"storage":{"hits":0,"misses":0,"hit_rate":0},"code":{"hits":0,"misses":0,"hit_rate":0,"hit_bytes":0,"miss_bytes":0}}}
INFO [03-26|20:06:54.820] Imported new potential chain segment     number=64755 hash=087074..842e7c blocks=1 txs=2 mgas=0.091 elapsed=7.491ms mgasps=12.142 triediffs=306.43MiB triedirty=0.00B
INFO [03-26|20:06:54.820] Ready for fork activation                fork=Osaka date="07 Feb 06 07:28 CET" remaining=700115h21m20s timestamp=4,294,967,295
INFO [03-26|20:06:54.820] Chain head was updated                   number=64755 hash=087074..842e7c root=b56f55..5c3a12 elapsed="102.619µs"
INFO [03-26|20:06:55.655] Submitted transaction                    hash=0x4dff50223915bcf1d18f183bb5de61cf39b3f2a6705941d025316291450bd22d from=0x5B3E801318a9746853B4916b2229A3e23AcBdfa8 nonce=0   recipient=0x54287AaB4D98eA51a3B1FBceE56dAf27E04a56A6 value=0
INFO [03-26|20:07:04.827] Starting work on payload                 id=0x0398dd90eb3c4473
INFO [03-26|20:07:05.651] Updated payload                          id=0x0398dd90eb3c4473 number=64756 hash=2ee230..a1c85a txs=1 withdrawals=0 gas=93,739,282 fees=3.70177362e-05  root=b8fe62..b0d6a6 elapsed=823.619ms
INFO [03-26|20:07:05.651] Stopping work on payload                 id=0x0398dd90eb3c4473 reason=delivery
WARN [03-26|20:07:06.639] {"level":"warn","msg":"Slow block","block":{"number":64756,"hash":"0x2ee230e0d05c695fde9fc91736dcab82a2fa6efb5b6b5115224f2dd972a1c85a","gas_used":93739282,"tx_count":1},"timing":{"execution_ms":50.86556,"state_read_ms":605.737822,"state_hash_ms":301.593151,"commit_ms":27.715279,"total_ms":985.996473},"throughput":{"mgas_per_sec":95.07060579515887},"state_reads":{"accounts":8,"storage_slots":4094,"code":2,"code_bytes":1422},"state_writes":{"accounts":3,"accounts_deleted":0,"storage_slots":4094,"storage_slots_deleted":0,"code":0,"code_bytes":0},"cache":{"account":{"hits":3,"misses":5,"hit_rate":37.5},"storage":{"hits":634,"misses":3460,"hit_rate":15.486077186126037},"code":{"hits":2,"misses":0,"hit_rate":100,"hit_bytes":1422,"miss_bytes":0}}}
INFO [03-26|20:07:06.639] Imported new potential chain segment     number=64756 hash=2ee230..a1c85a blocks=1 txs=1 mgas=93.739 elapsed=987.518ms   mgasps=94.924 triediffs=314.21MiB triedirty=0.00B
INFO [03-26|20:07:06.640] Chain head was updated                   number=64756 hash=2ee230..a1c85a root=b8fe62..b0d6a6 elapsed="89.04µs"
INFO [03-26|20:07:06.740] Submitted transaction                    hash=0xbef48ad1c8a8034cca552f2750111e01dd43bcb44514c87e5e77c7f72eb86039 from=0x5B3E801318a9746853B4916b2229A3e23AcBdfa8 nonce=1   recipient=0xf39Fd6e51aad88F6F4ce6aB8827279cffFb92266 value=2,468,267,203,662
INFO [03-26|20:07:16.643] Starting work on payload                 id=0x035cc18455c6290f
INFO [03-26|20:07:16.644] Updated payload                          id=0x035cc18455c6290f number=64757 hash=893eaf..d97772 txs=1 withdrawals=0 gas=21000      fees=4.146408e-09    root=0bc861..6bb39a elapsed=1.116ms
INFO [03-26|20:07:16.644] Stopping work on payload                 id=0x035cc18455c6290f reason=delivery
WARN [03-26|20:07:16.646] {"level":"warn","msg":"Slow block","block":{"number":64757,"hash":"0x893eafc1fac3c8edd7a68878b1950fc1635ec16e2d8fc2d7fb7df42132d97772","gas_used":21000,"tx_count":1},"timing":{"execution_ms":0.06026,"state_read_ms":0.133149,"state_hash_ms":0.093908,"commit_ms":0.550567,"total_ms":0.888546},"throughput":{"mgas_per_sec":23.634116860578967},"state_reads":{"accounts":6,"storage_slots":0,"code":0,"code_bytes":0},"state_writes":{"accounts":2,"accounts_deleted":0,"storage_slots":0,"storage_slots_deleted":0,"code":0,"code_bytes":0},"cache":{"account":{"hits":0,"misses":6,"hit_rate":0},"storage":{"hits":0,"misses":0,"hit_rate":0},"code":{"hits":0,"misses":0,"hit_rate":0,"hit_bytes":0,"miss_bytes":0}}}
INFO [03-26|20:07:16.646] Imported new potential chain segment     number=64757 hash=893eaf..d97772 blocks=1 txs=1 mgas=0.021  elapsed=1.021ms     mgasps=20.559 triediffs=314.21MiB triedirty=0.00B
INFO [03-26|20:07:16.646] Chain head was updated                   number=64757 hash=893eaf..d97772 root=0bc861..6bb39a elapsed="53.13µs"
