INFO [03-26|18:37:24.243] Starting Geth on Ethereum mainnet...
INFO [03-26|18:37:24.244] Maximum peer count                       ETH=0 total=0
INFO [03-26|18:37:24.245] Smartcard socket not found, disabling    err="stat /run/pcscd/pcscd.comm: no such file or directory"
WARN [03-26|18:37:24.246] Option --miner.etherbase is deprecated as the etherbase is set by the consensus client post-merge
WARN [03-26|18:37:24.248] Snap sync requested, resetting --cache.snapshot
INFO [03-26|18:37:24.249] Global gas cap disabled
INFO [03-26|18:37:24.912] Using developer account                  address=0xf39Fd6e51aad88F6F4ce6aB8827279cffFb92266
INFO [03-26|18:37:25.154] Using pebble as the backing database
INFO [03-26|18:37:25.154] Allocated cache and file handles         database=/home/CPerezz/bintrie-benchmarks/mpt-vs-bintrie/dbs/mpt/geth/chaindata cache=16.00MiB handles=524,288
INFO [03-26|18:37:27.350] Opened ancient database                  database=/home/CPerezz/bintrie-benchmarks/mpt-vs-bintrie/dbs/mpt/geth/chaindata/ancient/chain readonly=true
INFO [03-26|18:37:27.350] Opened Era store                         datadir=/home/CPerezz/bintrie-benchmarks/mpt-vs-bintrie/dbs/mpt/geth/chaindata/ancient/chain/era
INFO [03-26|18:37:27.364] Initializing the KZG library             backend=gokzg
INFO [03-26|18:37:27.367] Allocated trie memory caches             clean=0.00B dirty=0.00B
INFO [03-26|18:37:27.471] Using pebble as the backing database
INFO [03-26|18:37:27.471] Allocated cache and file handles         database=/home/CPerezz/bintrie-benchmarks/mpt-vs-bintrie/dbs/mpt/geth/chaindata cache=16.00MiB handles=524,288
INFO [03-26|18:37:28.766] Opened ancient database                  database=/home/CPerezz/bintrie-benchmarks/mpt-vs-bintrie/dbs/mpt/geth/chaindata/ancient/chain readonly=false
INFO [03-26|18:37:28.766] Opened Era store                         datadir=/home/CPerezz/bintrie-benchmarks/mpt-vs-bintrie/dbs/mpt/geth/chaindata/ancient/chain/era
INFO [03-26|18:37:28.767] State scheme set to already existing     scheme=path
INFO [03-26|18:37:28.769] Initialising Ethereum protocol           network=1337 dbversion=9
INFO [03-26|18:37:28.769] Load database journal from file          path=/home/CPerezz/bintrie-benchmarks/mpt-vs-bintrie/dbs/mpt/geth/triedb/merkle.journal
INFO [03-26|18:37:28.784] Opened ancient database                  database=/home/CPerezz/bintrie-benchmarks/mpt-vs-bintrie/dbs/mpt/geth/chaindata/ancient/state readonly=false
INFO [03-26|18:37:28.785] Initialized path database                triecache=0.00B statecache=0.00B buffer=0.00B state-history="last 90000 blocks" journal-dir=/home/CPerezz/bintrie-benchmarks/mpt-vs-bintrie/dbs/mpt/geth/triedb
INFO [03-26|18:37:28.785] 
INFO [03-26|18:37:28.785] ---------------------------------------------------------------------------------------------------------------------------------------------------------
INFO [03-26|18:37:28.785] Chain ID:  1337 (unknown)
INFO [03-26|18:37:28.785] Consensus: unknown
INFO [03-26|18:37:28.785] 
INFO [03-26|18:37:28.785] Pre-Merge hard forks (block based):
INFO [03-26|18:37:28.785]  - Homestead:                   #0       
INFO [03-26|18:37:28.785]  - Tangerine Whistle (EIP 150): #0       
INFO [03-26|18:37:28.785]  - Spurious Dragon/1 (EIP 155): #0       
INFO [03-26|18:37:28.785]  - Spurious Dragon/2 (EIP 158): #0       
INFO [03-26|18:37:28.785]  - Byzantium:                   #0       
INFO [03-26|18:37:28.785]  - Constantinople:              #0       
INFO [03-26|18:37:28.785]  - Petersburg:                  #0       
INFO [03-26|18:37:28.785]  - Istanbul:                    #0       
INFO [03-26|18:37:28.785]  - Muir Glacier:                #0       
INFO [03-26|18:37:28.785]  - Berlin:                      #0       
INFO [03-26|18:37:28.785]  - London:                      #0       
INFO [03-26|18:37:28.785]  - Arrow Glacier:               #0       
INFO [03-26|18:37:28.785]  - Gray Glacier:                #0       
INFO [03-26|18:37:28.785] 
INFO [03-26|18:37:28.785] Merge configured:
INFO [03-26|18:37:28.785]  - Total terminal difficulty:  0
INFO [03-26|18:37:28.785]  - Merge netsplit block:       #0       
INFO [03-26|18:37:28.785] 
INFO [03-26|18:37:28.785] Post-Merge hard forks (timestamp based):
INFO [03-26|18:37:28.785]  - Shanghai:                    @0         
INFO [03-26|18:37:28.786]  - Cancun:                      @0          blob: (target: 3, max: 6, fraction: 3338477)
INFO [03-26|18:37:28.786]  - Prague:                      @0          blob: (target: 6, max: 9, fraction: 5225352)
INFO [03-26|18:37:28.786]  - Osaka:                       @4294967295 blob: (target: 9, max: 12, fraction: 5225352)
INFO [03-26|18:37:28.786] 
INFO [03-26|18:37:28.786] All fork specifications can be found at https://ethereum.github.io/execution-specs/src/ethereum/forks/
INFO [03-26|18:37:28.786] 
INFO [03-26|18:37:28.786] ---------------------------------------------------------------------------------------------------------------------------------------------------------
INFO [03-26|18:37:28.786] 
INFO [03-26|18:37:28.786] Loaded most recent local block           number=64284 hash=23101f..4459d2 age=20s
INFO [03-26|18:37:28.786] Loaded most recent local finalized block number=64256 hash=d2323c..ec08f4 age=6m39s
INFO [03-26|18:37:28.787] Initialized transaction indexer          range="last 2350000 blocks"
INFO [03-26|18:37:28.787] Initialized log indexer                  firstblock=0 lastblock=64284 firstmap=0 lastmap=4 headindexed=true
INFO [03-26|18:37:28.797] Enabled full-sync                        head=64284 hash=23101f..4459d2
INFO [03-26|18:37:28.798] Unprotected transactions allowed
INFO [03-26|18:37:28.798] Gasprice oracle is ignoring threshold set threshold=2
INFO [03-26|18:37:28.798] Registered sync override service
WARN [03-26|18:37:28.799] You are running Geth in --dev mode. Please note the following:
WARN [03-26|18:37:28.799] 
WARN [03-26|18:37:28.799]   1. This mode is only intended for fast, iterative development without assumptions on
WARN [03-26|18:37:28.799]      security or persistence.
WARN [03-26|18:37:28.799]   2. The database is created in memory unless specified otherwise. Therefore, shutting down
WARN [03-26|18:37:28.799]      your computer or losing power will wipe your entire block data and chain state for
WARN [03-26|18:37:28.799]      your dev environment.
WARN [03-26|18:37:28.799]   3. A random, pre-allocated developer account will be available and unlocked as
WARN [03-26|18:37:28.799]      eth.coinbase, which can be used for testing. The random dev account is temporary,
WARN [03-26|18:37:28.799]      stored on a ramdisk, and will be lost if your machine is restarted.
WARN [03-26|18:37:28.799]   4. Mining is enabled by default. However, the client will only seal blocks if transactions
WARN [03-26|18:37:28.799]      are pending in the mempool. The miner's minimum accepted gas price is 1.
WARN [03-26|18:37:28.799]   5. Networking is disabled; there is no listen-address, the maximum number of peers is set
WARN [03-26|18:37:28.799]      to 0, and discovery is disabled.
WARN [03-26|18:37:28.799] 
INFO [03-26|18:37:28.799] Starting peer-to-peer node               instance=Geth/v1.17.2-unstable-5d0e18f7-20260325/linux-amd64/go1.24.1
WARN [03-26|18:37:28.799] P2P server will be useless, neither dialing nor listening
INFO [03-26|18:37:28.803] IPC endpoint opened                      url=/home/CPerezz/bintrie-benchmarks/mpt-vs-bintrie/dbs/mpt/geth.ipc
ERROR[03-26|18:37:28.803] Unavailable modules in HTTP API list     unavailable=[personal] available="[admin debug web3 eth txpool miner net dev testing]"
INFO [03-26|18:37:28.803] HTTP server started                      endpoint=[::]:8545 auth=false prefix= cors= vhosts=localhost
INFO [03-26|18:37:28.803] WebSocket enabled                        url=ws://[::]:8546
INFO [03-26|18:37:28.804] New local node record                    seq=1,774,465,406,010 id=9566f6e861acb2c3 ip=127.0.0.1 udp=0 tcp=0
INFO [03-26|18:37:28.804] Started P2P networking                   self=enode://7bcb27e0859fe4ed7072e298a58918cc0b55d08376b1207f77d84f6d0d34ded7448b64ab16dd00733b489383beff49c04f662afae4dd1dc102807640ff82a1cd@127.0.0.1:0
INFO [03-26|18:37:28.818] Loaded local transaction journal         transactions=306 dropped=0
INFO [03-26|18:37:29.762] Started log indexer
INFO [03-26|18:37:29.771] Starting work on payload                 id=0x03890b3e2a8bde02
INFO [03-26|18:37:29.772] Updated payload                          id=0x03890b3e2a8bde02 number=64285 hash=da713d..0e2046 txs=0 withdrawals=0 gas=0 fees=0 root=6bbbd1..49083b elapsed="288.749µs"
INFO [03-26|18:37:29.772] Stopping work on payload                 id=0x03890b3e2a8bde02 reason=delivery
WARN [03-26|18:37:29.776] {"level":"warn","msg":"Slow block","block":{"number":64285,"hash":"0xda713dddf833f03b9a3f3f7cb5ee72b73fbfafa7ac5b067ad25e994c000e2046","gas_used":0,"tx_count":0},"timing":{"execution_ms":0.0116,"state_read_ms":0.11211,"state_hash_ms":0.008491,"commit_ms":0.0906,"total_ms":0.271159},"throughput":{"mgas_per_sec":0},"state_reads":{"accounts":4,"storage_slots":0,"code":0,"code_bytes":0},"state_writes":{"accounts":0,"accounts_deleted":0,"storage_slots":0,"storage_slots_deleted":0,"code":0,"code_bytes":0},"cache":{"account":{"hits":0,"misses":4,"hit_rate":0},"storage":{"hits":0,"misses":0,"hit_rate":0},"code":{"hits":0,"misses":0,"hit_rate":0,"hit_bytes":0,"miss_bytes":0}}}
INFO [03-26|18:37:29.776] Imported new potential chain segment     number=64285 hash=da713d..0e2046 blocks=1 txs=0 mgas=0.000 elapsed=3.695ms     mgasps=0.000 triediffs=1.21MiB triedirty=0.00B
INFO [03-26|18:37:29.776] Ready for fork activation                fork=Osaka date="07 Feb 06 07:28 CET" remaining=700116h50m45s timestamp=4,294,967,295
INFO [03-26|18:37:29.776] Chain head was updated                   number=64285 hash=da713d..0e2046 root=6bbbd1..49083b elapsed="49.17µs"
INFO [03-26|18:37:30.533] Submitted contract creation              hash=0xd0664b4df66640da90540d22a762dcb04081242fa12e7085ea61097c236f3384 from=0xf39Fd6e51aad88F6F4ce6aB8827279cffFb92266 nonce=282 contract=0xCd7c00Ac6dc51e8dCc773971Ac9221cC582F3b1b value=0
INFO [03-26|18:37:30.535] Submitted transaction                    hash=0xcde60d45651e1ddf257b5dabf1d6c5e167b987adcf06f0023743effa04abc7fa from=0xf39Fd6e51aad88F6F4ce6aB8827279cffFb92266 nonce=283 recipient=0xAe9A4Ea4745376067868874cCd993042F582353d value=1,600,000,000
INFO [03-26|18:37:39.780] Starting work on payload                 id=0x0338226bf12c9bb5
INFO [03-26|18:37:39.787] Updated payload                          id=0x0338226bf12c9bb5 number=64286 hash=1d8707..318456 txs=2 withdrawals=0 gas=89662 fees=7.17296e-13 root=bbff6a..690be4 elapsed=6.941ms
INFO [03-26|18:37:39.787] Stopping work on payload                 id=0x0338226bf12c9bb5 reason=delivery
WARN [03-26|18:37:39.791] {"level":"warn","msg":"Slow block","block":{"number":64286,"hash":"0x1d8707ae830211842e70d68286ac7ac8d2662f200acd842e212e5d1502318456","gas_used":89662,"tx_count":2},"timing":{"execution_ms":0.300089,"state_read_ms":0.671476,"state_hash_ms":0.720175,"commit_ms":1.884469,"total_ms":3.615131},"throughput":{"mgas_per_sec":24.80186748419352},"state_reads":{"accounts":11,"storage_slots":0,"code":0,"code_bytes":0},"state_writes":{"accounts":3,"accounts_deleted":0,"storage_slots":0,"storage_slots_deleted":0,"code":1,"code_bytes":72},"cache":{"account":{"hits":5,"misses":6,"hit_rate":45.45454545454545},"storage":{"hits":0,"misses":0,"hit_rate":0},"code":{"hits":0,"misses":0,"hit_rate":0,"hit_bytes":0,"miss_bytes":0}}}
INFO [03-26|18:37:39.791] Imported new potential chain segment     number=64286 hash=1d8707..318456 blocks=1 txs=2 mgas=0.090 elapsed=3.834ms     mgasps=23.385 triediffs=1.20MiB triedirty=0.00B
INFO [03-26|18:37:39.792] Chain head was updated                   number=64286 hash=1d8707..318456 root=bbff6a..690be4 elapsed="316.199µs"
INFO [03-26|18:37:40.621] Submitted transaction                    hash=0xd86e3c757e91349946903be0a34a94245775dc892bfaf14f4a4d901b1c7d7a41 from=0xAe9A4Ea4745376067868874cCd993042F582353d nonce=0   recipient=0xCd7c00Ac6dc51e8dCc773971Ac9221cC582F3b1b value=0
INFO [03-26|18:37:49.794] Starting work on payload                 id=0x03428ef52238ca72
WARN [03-26|18:37:57.239] Block building is interrupted            allowance=2s
INFO [03-26|18:37:57.239] Updated payload                          id=0x03428ef52238ca72 number=64287 hash=a05f8e..a570eb txs=1 withdrawals=0 gas=100,000,000 fees=8e-10       root=4ee4a3..1b0cb8 elapsed=7.445s
WARN [03-26|18:38:02.418] Block building is interrupted            allowance=2s
INFO [03-26|18:38:02.419] Stopping work on payload                 id=0x03428ef52238ca72 reason=delivery
WARN [03-26|18:38:02.445] {"level":"warn","msg":"Slow block","block":{"number":64287,"hash":"0xa05f8e291a123c9f90151d0d0a60c32f6234dba7d3496f9a4d6ac48d52a570eb","gas_used":100000000,"tx_count":1},"timing":{"execution_ms":284.126473,"state_read_ms":4893.280556,"state_hash_ms":0.069,"commit_ms":25.938645,"total_ms":5203.499194},"throughput":{"mgas_per_sec":19.21783712685245},"state_reads":{"accounts":8,"storage_slots":36742,"code":2,"code_bytes":1416},"state_writes":{"accounts":2,"accounts_deleted":0,"storage_slots":0,"storage_slots_deleted":0,"code":0,"code_bytes":0},"cache":{"account":{"hits":3,"misses":5,"hit_rate":37.5},"storage":{"hits":2035,"misses":34707,"hit_rate":5.538620652114746},"code":{"hits":2,"misses":0,"hit_rate":100,"hit_bytes":1416,"miss_bytes":0}}}
INFO [03-26|18:38:02.445] Imported new potential chain segment     number=64287 hash=a05f8e..a570eb blocks=1 txs=1 mgas=100.000 elapsed=5.204s      mgasps=19.214 triediffs=1.20MiB triedirty=0.00B
INFO [03-26|18:38:02.446] Chain head was updated                   number=64287 hash=a05f8e..a570eb root=4ee4a3..1b0cb8 elapsed="73.6µs"
