INFO [03-26|20:11:52.649] Starting Geth on Ethereum mainnet...
INFO [03-26|20:11:52.651] Maximum peer count                       ETH=0 total=0
INFO [03-26|20:11:52.652] Smartcard socket not found, disabling    err="stat /run/pcscd/pcscd.comm: no such file or directory"
WARN [03-26|20:11:52.653] Option --miner.etherbase is deprecated as the etherbase is set by the consensus client post-merge
WARN [03-26|20:11:52.655] Snap sync requested, resetting --cache.snapshot
INFO [03-26|20:11:52.655] Global gas cap disabled
INFO [03-26|20:11:53.299] Using developer account                  address=0xf39Fd6e51aad88F6F4ce6aB8827279cffFb92266
INFO [03-26|20:11:53.466] Using pebble as the backing database
INFO [03-26|20:11:53.466] Allocated cache and file handles         database=/home/CPerezz/bintrie-benchmarks/mpt-vs-bintrie/dbs/mpt/geth/chaindata cache=16.00MiB handles=524,288
INFO [03-26|20:11:54.599] Opened ancient database                  database=/home/CPerezz/bintrie-benchmarks/mpt-vs-bintrie/dbs/mpt/geth/chaindata/ancient/chain readonly=true
INFO [03-26|20:11:54.599] Opened Era store                         datadir=/home/CPerezz/bintrie-benchmarks/mpt-vs-bintrie/dbs/mpt/geth/chaindata/ancient/chain/era
INFO [03-26|20:11:54.609] Initializing the KZG library             backend=gokzg
INFO [03-26|20:11:54.610] Allocated trie memory caches             clean=0.00B dirty=0.00B
INFO [03-26|20:11:54.688] Using pebble as the backing database
INFO [03-26|20:11:54.688] Allocated cache and file handles         database=/home/CPerezz/bintrie-benchmarks/mpt-vs-bintrie/dbs/mpt/geth/chaindata cache=16.00MiB handles=524,288
INFO [03-26|20:11:56.009] Opened ancient database                  database=/home/CPerezz/bintrie-benchmarks/mpt-vs-bintrie/dbs/mpt/geth/chaindata/ancient/chain readonly=false
INFO [03-26|20:11:56.009] Opened Era store                         datadir=/home/CPerezz/bintrie-benchmarks/mpt-vs-bintrie/dbs/mpt/geth/chaindata/ancient/chain/era
INFO [03-26|20:11:56.010] State scheme set to already existing     scheme=path
INFO [03-26|20:11:56.011] Initialising Ethereum protocol           network=1337 dbversion=9
INFO [03-26|20:11:56.011] Load database journal from file          path=/home/CPerezz/bintrie-benchmarks/mpt-vs-bintrie/dbs/mpt/geth/triedb/merkle.journal
INFO [03-26|20:11:57.889] Opened ancient database                  database=/home/CPerezz/bintrie-benchmarks/mpt-vs-bintrie/dbs/mpt/geth/chaindata/ancient/state readonly=false
INFO [03-26|20:11:57.890] Initialized path database                triecache=0.00B statecache=0.00B buffer=0.00B state-history="last 90000 blocks" journal-dir=/home/CPerezz/bintrie-benchmarks/mpt-vs-bintrie/dbs/mpt/geth/triedb
INFO [03-26|20:11:57.892] 
INFO [03-26|20:11:57.893] ---------------------------------------------------------------------------------------------------------------------------------------------------------
INFO [03-26|20:11:57.893] Chain ID:  1337 (unknown)
INFO [03-26|20:11:57.893] Consensus: unknown
INFO [03-26|20:11:57.893] 
INFO [03-26|20:11:57.893] Pre-Merge hard forks (block based):
INFO [03-26|20:11:57.893]  - Homestead:                   #0       
INFO [03-26|20:11:57.893]  - Tangerine Whistle (EIP 150): #0       
INFO [03-26|20:11:57.893]  - Spurious Dragon/1 (EIP 155): #0       
INFO [03-26|20:11:57.893]  - Spurious Dragon/2 (EIP 158): #0       
INFO [03-26|20:11:57.893]  - Byzantium:                   #0       
INFO [03-26|20:11:57.893]  - Constantinople:              #0       
INFO [03-26|20:11:57.893]  - Petersburg:                  #0       
INFO [03-26|20:11:57.893]  - Istanbul:                    #0       
INFO [03-26|20:11:57.893]  - Muir Glacier:                #0       
INFO [03-26|20:11:57.893]  - Berlin:                      #0       
INFO [03-26|20:11:57.893]  - London:                      #0       
INFO [03-26|20:11:57.893]  - Arrow Glacier:               #0       
INFO [03-26|20:11:57.893]  - Gray Glacier:                #0       
INFO [03-26|20:11:57.893] 
INFO [03-26|20:11:57.893] Merge configured:
INFO [03-26|20:11:57.893]  - Total terminal difficulty:  0
INFO [03-26|20:11:57.893]  - Merge netsplit block:       #0       
INFO [03-26|20:11:57.893] 
INFO [03-26|20:11:57.893] Post-Merge hard forks (timestamp based):
INFO [03-26|20:11:57.893]  - Shanghai:                    @0         
INFO [03-26|20:11:57.893]  - Cancun:                      @0          blob: (target: 3, max: 6, fraction: 3338477)
INFO [03-26|20:11:57.893]  - Prague:                      @0          blob: (target: 6, max: 9, fraction: 5225352)
INFO [03-26|20:11:57.893]  - Osaka:                       @4294967295 blob: (target: 9, max: 12, fraction: 5225352)
INFO [03-26|20:11:57.893] 
INFO [03-26|20:11:57.893] All fork specifications can be found at https://ethereum.github.io/execution-specs/src/ethereum/forks/
INFO [03-26|20:11:57.893] 
INFO [03-26|20:11:57.893] ---------------------------------------------------------------------------------------------------------------------------------------------------------
INFO [03-26|20:11:57.893] 
INFO [03-26|20:11:57.894] Loaded most recent local block           number=64781 hash=640174..118803 age=9s
INFO [03-26|20:11:57.894] Loaded most recent local finalized block number=64768 hash=51b670..c6f830 age=2m38s
INFO [03-26|20:11:57.895] Initialized transaction indexer          range="last 2350000 blocks"
INFO [03-26|20:11:57.895] Initialized log indexer                  firstblock=0 lastblock=64781 firstmap=0 lastmap=4 headindexed=true
INFO [03-26|20:11:57.907] Enabled full-sync                        head=64781 hash=640174..118803
INFO [03-26|20:11:57.907] Unprotected transactions allowed
INFO [03-26|20:11:57.907] Gasprice oracle is ignoring threshold set threshold=2
INFO [03-26|20:11:57.908] Registered sync override service
WARN [03-26|20:11:57.908] You are running Geth in --dev mode. Please note the following:
WARN [03-26|20:11:57.908] 
WARN [03-26|20:11:57.908]   1. This mode is only intended for fast, iterative development without assumptions on
WARN [03-26|20:11:57.908]      security or persistence.
WARN [03-26|20:11:57.908]   2. The database is created in memory unless specified otherwise. Therefore, shutting down
WARN [03-26|20:11:57.908]      your computer or losing power will wipe your entire block data and chain state for
WARN [03-26|20:11:57.908]      your dev environment.
WARN [03-26|20:11:57.908]   3. A random, pre-allocated developer account will be available and unlocked as
WARN [03-26|20:11:57.908]      eth.coinbase, which can be used for testing. The random dev account is temporary,
WARN [03-26|20:11:57.908]      stored on a ramdisk, and will be lost if your machine is restarted.
WARN [03-26|20:11:57.908]   4. Mining is enabled by default. However, the client will only seal blocks if transactions
WARN [03-26|20:11:57.908]      are pending in the mempool. The miner's minimum accepted gas price is 1.
WARN [03-26|20:11:57.908]   5. Networking is disabled; there is no listen-address, the maximum number of peers is set
WARN [03-26|20:11:57.908]      to 0, and discovery is disabled.
WARN [03-26|20:11:57.908] 
INFO [03-26|20:11:57.908] Starting peer-to-peer node               instance=Geth/v1.17.2-unstable-5d0e18f7-20260325/linux-amd64/go1.24.1
WARN [03-26|20:11:57.908] P2P server will be useless, neither dialing nor listening
INFO [03-26|20:11:57.913] New local node record                    seq=1,774,465,406,196 id=9566f6e861acb2c3 ip=127.0.0.1 udp=0 tcp=0
INFO [03-26|20:11:57.913] Started P2P networking                   self=enode://7bcb27e0859fe4ed7072e298a58918cc0b55d08376b1207f77d84f6d0d34ded7448b64ab16dd00733b489383beff49c04f662afae4dd1dc102807640ff82a1cd@127.0.0.1:0
INFO [03-26|20:11:57.913] IPC endpoint opened                      url=/home/CPerezz/bintrie-benchmarks/mpt-vs-bintrie/dbs/mpt/geth.ipc
ERROR[03-26|20:11:57.913] Unavailable modules in HTTP API list     unavailable=[personal] available="[admin debug web3 eth txpool miner net dev testing]"
INFO [03-26|20:11:57.914] HTTP server started                      endpoint=[::]:8545 auth=false prefix= cors= vhosts=localhost
INFO [03-26|20:11:57.914] WebSocket enabled                        url=ws://[::]:8546
INFO [03-26|20:11:57.986] Loaded local transaction journal         transactions=949 dropped=0
INFO [03-26|20:11:59.615] Submitted contract creation              hash=0xb3762778ac9e366d6aa8350a8f8ad31523081323073082a862d448f31951adcb from=0xf39Fd6e51aad88F6F4ce6aB8827279cffFb92266 nonce=654 contract=0x0dEe24C99e8dF7f0E058F4F48f228CC07DB704Fc value=0
INFO [03-26|20:11:59.616] Submitted transaction                    hash=0xb9d18f7a7dd1842256fada6c26fceb804b7e8f5cc3b8dbd992d7eaf3634be810 from=0xf39Fd6e51aad88F6F4ce6aB8827279cffFb92266 nonce=655 recipient=0x327B81b64D8Edd6fd3D7336FE3647AF5c493AC79 value=79,724,500,000,000
INFO [03-26|20:11:59.909] Started log indexer
INFO [03-26|20:11:59.914] Starting work on payload                 id=0x035d626b6d26f09e
INFO [03-26|20:11:59.919] Updated payload                          id=0x035d626b6d26f09e number=64782 hash=f6cefb..00dee8 txs=2 withdrawals=0 gas=90958 fees=7.251508305e-08 root=fd0f60..4e160d elapsed=4.963ms
INFO [03-26|20:11:59.919] Stopping work on payload                 id=0x035d626b6d26f09e reason=delivery
WARN [03-26|20:11:59.926] {"level":"warn","msg":"Slow block","block":{"number":64782,"hash":"0xf6cefb6f90459dd977349f6afc3714dde970f8d4d242e7fa188834092e00dee8","gas_used":90958,"tx_count":2},"timing":{"execution_ms":0.14036,"state_read_ms":0.210708,"state_hash_ms":0.330428,"commit_ms":6.190104,"total_ms":6.953971},"throughput":{"mgas_per_sec":13.080008530377823},"state_reads":{"accounts":11,"storage_slots":0,"code":0,"code_bytes":0},"state_writes":{"accounts":3,"accounts_deleted":0,"storage_slots":0,"storage_slots_deleted":0,"code":1,"code_bytes":78},"cache":{"account":{"hits":6,"misses":5,"hit_rate":54.54545454545454},"storage":{"hits":0,"misses":0,"hit_rate":0},"code":{"hits":0,"misses":0,"hit_rate":0,"hit_bytes":0,"miss_bytes":0}}}
INFO [03-26|20:11:59.926] Imported new potential chain segment     number=64782 hash=f6cefb..00dee8 blocks=1 txs=2 mgas=0.091 elapsed=7.201ms mgasps=12.630 triediffs=306.39MiB triedirty=0.00B
INFO [03-26|20:11:59.926] Ready for fork activation                fork=Osaka date="07 Feb 06 07:28 CET" remaining=700115h16m15s timestamp=4,294,967,295
INFO [03-26|20:11:59.926] Chain head was updated                   number=64782 hash=f6cefb..00dee8 root=fd0f60..4e160d elapsed="103.72µs"
INFO [03-26|20:12:00.630] Submitted transaction                    hash=0x07a57a823df7809b31d376e9ddb2d0317db68ffd2296555a77a858f08ae3e4fb from=0x327B81b64D8Edd6fd3D7336FE3647AF5c493AC79 nonce=0   recipient=0x0dEe24C99e8dF7f0E058F4F48f228CC07DB704Fc value=0
INFO [03-26|20:12:09.932] Starting work on payload                 id=0x03aebb662b668893
INFO [03-26|20:12:10.730] Updated payload                          id=0x03aebb662b668893 number=64783 hash=b419a2..0b6f41 txs=1 withdrawals=0 gas=93,739,282 fees=7.473242396e-05 root=70c141..42d83b elapsed=798.341ms
INFO [03-26|20:12:10.730] Stopping work on payload                 id=0x03aebb662b668893 reason=delivery
WARN [03-26|20:12:11.700] {"level":"warn","msg":"Slow block","block":{"number":64783,"hash":"0xb419a2e87ead15f946702c5948da2b99b763c3d201717aad0c75c62c070b6f41","gas_used":93739282,"tx_count":1},"timing":{"execution_ms":42.516732,"state_read_ms":620.380677,"state_hash_ms":282.44211,"commit_ms":18.805741,"total_ms":964.228241},"throughput":{"mgas_per_sec":97.21690157382561},"state_reads":{"accounts":8,"storage_slots":4094,"code":2,"code_bytes":1422},"state_writes":{"accounts":3,"accounts_deleted":0,"storage_slots":4094,"storage_slots_deleted":0,"code":0,"code_bytes":0},"cache":{"account":{"hits":3,"misses":5,"hit_rate":37.5},"storage":{"hits":642,"misses":3452,"hit_rate":15.681485100146556},"code":{"hits":2,"misses":0,"hit_rate":100,"hit_bytes":1422,"miss_bytes":0}}}
INFO [03-26|20:12:11.700] Imported new potential chain segment     number=64783 hash=b419a2..0b6f41 blocks=1 txs=1 mgas=93.739 elapsed=968.352ms  mgasps=96.803 triediffs=314.17MiB triedirty=0.00B
INFO [03-26|20:12:11.703] Chain head was updated                   number=64783 hash=b419a2..0b6f41 root=70c141..42d83b elapsed="94.749µs"
INFO [03-26|20:12:12.711] Submitted transaction                    hash=0xc23b96e1ea22b5a7a482c669a98f461c104d831c365abc2112030d2726785fca from=0x327B81b64D8Edd6fd3D7336FE3647AF5c493AC79 nonce=1   recipient=0xf39Fd6e51aad88F6F4ce6aB8827279cffFb92266 value=4,982,954,912,910
INFO [03-26|20:12:21.706] Starting work on payload                 id=0x03815484b9b76516
INFO [03-26|20:12:21.707] Updated payload                          id=0x03815484b9b76516 number=64784 hash=5080d7..e8044a txs=1 withdrawals=0 gas=21000      fees=8.370936e-09    root=48ff3a..e39229 elapsed=1.076ms
INFO [03-26|20:12:21.707] Stopping work on payload                 id=0x03815484b9b76516 reason=delivery
WARN [03-26|20:12:21.710] {"level":"warn","msg":"Slow block","block":{"number":64784,"hash":"0x5080d78405f98d3e84abaf613ba28415d336786daf8fc19bbf52630499e8044a","gas_used":21000,"tx_count":1},"timing":{"execution_ms":0.05151,"state_read_ms":1.064273,"state_hash_ms":0.181349,"commit_ms":0.533467,"total_ms":1.89007},"throughput":{"mgas_per_sec":11.11069960371838},"state_reads":{"accounts":6,"storage_slots":0,"code":0,"code_bytes":0},"state_writes":{"accounts":2,"accounts_deleted":0,"storage_slots":0,"storage_slots_deleted":0,"code":0,"code_bytes":0},"cache":{"account":{"hits":2,"misses":4,"hit_rate":33.33333333333333},"storage":{"hits":0,"misses":0,"hit_rate":0},"code":{"hits":0,"misses":0,"hit_rate":0,"hit_bytes":0,"miss_bytes":0}}}
INFO [03-26|20:12:21.710] Imported new potential chain segment     number=64784 hash=5080d7..e8044a blocks=1 txs=1 mgas=0.021  elapsed=2.078ms    mgasps=10.105 triediffs=314.17MiB triedirty=0.00B
INFO [03-26|20:12:21.710] Chain head was updated                   number=64784 hash=5080d7..e8044a root=48ff3a..e39229 elapsed="66.619µs"
