INFO [03-26|19:46:30.777] Starting Geth on Ethereum mainnet...
INFO [03-26|19:46:30.778] Maximum peer count                       ETH=0 total=0
INFO [03-26|19:46:30.779] Smartcard socket not found, disabling    err="stat /run/pcscd/pcscd.comm: no such file or directory"
WARN [03-26|19:46:30.780] Option --miner.etherbase is deprecated as the etherbase is set by the consensus client post-merge
WARN [03-26|19:46:30.783] Snap sync requested, resetting --cache.snapshot
INFO [03-26|19:46:30.783] Global gas cap disabled
INFO [03-26|19:46:31.489] Using developer account                  address=0xf39Fd6e51aad88F6F4ce6aB8827279cffFb92266
INFO [03-26|19:46:31.656] Using pebble as the backing database
INFO [03-26|19:46:31.656] Allocated cache and file handles         database=/home/CPerezz/bintrie-benchmarks/mpt-vs-bintrie/dbs/mpt/geth/chaindata cache=16.00MiB handles=524,288
INFO [03-26|19:46:32.787] Opened ancient database                  database=/home/CPerezz/bintrie-benchmarks/mpt-vs-bintrie/dbs/mpt/geth/chaindata/ancient/chain readonly=true
INFO [03-26|19:46:32.787] Opened Era store                         datadir=/home/CPerezz/bintrie-benchmarks/mpt-vs-bintrie/dbs/mpt/geth/chaindata/ancient/chain/era
INFO [03-26|19:46:32.793] Initializing the KZG library             backend=gokzg
INFO [03-26|19:46:32.794] Allocated trie memory caches             clean=0.00B dirty=0.00B
INFO [03-26|19:46:32.870] Using pebble as the backing database
INFO [03-26|19:46:32.871] Allocated cache and file handles         database=/home/CPerezz/bintrie-benchmarks/mpt-vs-bintrie/dbs/mpt/geth/chaindata cache=16.00MiB handles=524,288
INFO [03-26|19:46:34.148] Opened ancient database                  database=/home/CPerezz/bintrie-benchmarks/mpt-vs-bintrie/dbs/mpt/geth/chaindata/ancient/chain readonly=false
INFO [03-26|19:46:34.148] Opened Era store                         datadir=/home/CPerezz/bintrie-benchmarks/mpt-vs-bintrie/dbs/mpt/geth/chaindata/ancient/chain/era
INFO [03-26|19:46:34.149] State scheme set to already existing     scheme=path
INFO [03-26|19:46:34.150] Initialising Ethereum protocol           network=1337 dbversion=9
INFO [03-26|19:46:34.150] Load database journal from file          path=/home/CPerezz/bintrie-benchmarks/mpt-vs-bintrie/dbs/mpt/geth/triedb/merkle.journal
INFO [03-26|19:46:35.973] Opened ancient database                  database=/home/CPerezz/bintrie-benchmarks/mpt-vs-bintrie/dbs/mpt/geth/chaindata/ancient/state readonly=false
INFO [03-26|19:46:35.974] Initialized path database                triecache=0.00B statecache=0.00B buffer=0.00B state-history="last 90000 blocks" journal-dir=/home/CPerezz/bintrie-benchmarks/mpt-vs-bintrie/dbs/mpt/geth/triedb
INFO [03-26|19:46:35.976] 
INFO [03-26|19:46:35.976] ---------------------------------------------------------------------------------------------------------------------------------------------------------
INFO [03-26|19:46:35.976] Chain ID:  1337 (unknown)
INFO [03-26|19:46:35.976] Consensus: unknown
INFO [03-26|19:46:35.976] 
INFO [03-26|19:46:35.976] Pre-Merge hard forks (block based):
INFO [03-26|19:46:35.976]  - Homestead:                   #0       
INFO [03-26|19:46:35.976]  - Tangerine Whistle (EIP 150): #0       
INFO [03-26|19:46:35.976]  - Spurious Dragon/1 (EIP 155): #0       
INFO [03-26|19:46:35.976]  - Spurious Dragon/2 (EIP 158): #0       
INFO [03-26|19:46:35.976]  - Byzantium:                   #0       
INFO [03-26|19:46:35.976]  - Constantinople:              #0       
INFO [03-26|19:46:35.976]  - Petersburg:                  #0       
INFO [03-26|19:46:35.976]  - Istanbul:                    #0       
INFO [03-26|19:46:35.976]  - Muir Glacier:                #0       
INFO [03-26|19:46:35.976]  - Berlin:                      #0       
INFO [03-26|19:46:35.976]  - London:                      #0       
INFO [03-26|19:46:35.976]  - Arrow Glacier:               #0       
INFO [03-26|19:46:35.976]  - Gray Glacier:                #0       
INFO [03-26|19:46:35.976] 
INFO [03-26|19:46:35.976] Merge configured:
INFO [03-26|19:46:35.976]  - Total terminal difficulty:  0
INFO [03-26|19:46:35.976]  - Merge netsplit block:       #0       
INFO [03-26|19:46:35.976] 
INFO [03-26|19:46:35.976] Post-Merge hard forks (timestamp based):
INFO [03-26|19:46:35.976]  - Shanghai:                    @0         
INFO [03-26|19:46:35.976]  - Cancun:                      @0          blob: (target: 3, max: 6, fraction: 3338477)
INFO [03-26|19:46:35.976]  - Prague:                      @0          blob: (target: 6, max: 9, fraction: 5225352)
INFO [03-26|19:46:35.976]  - Osaka:                       @4294967295 blob: (target: 9, max: 12, fraction: 5225352)
INFO [03-26|19:46:35.976] 
INFO [03-26|19:46:35.976] All fork specifications can be found at https://ethereum.github.io/execution-specs/src/ethereum/forks/
INFO [03-26|19:46:35.976] 
INFO [03-26|19:46:35.976] ---------------------------------------------------------------------------------------------------------------------------------------------------------
INFO [03-26|19:46:35.976] 
INFO [03-26|19:46:35.977] Loaded most recent local block           number=64646 hash=4f479e..685165 age=10s
INFO [03-26|19:46:35.977] Loaded most recent local finalized block number=64640 hash=cf89e6..b1000e age=1m15s
INFO [03-26|19:46:35.978] Initialized transaction indexer          range="last 2350000 blocks"
INFO [03-26|19:46:35.978] Initialized log indexer                  firstblock=0 lastblock=64646 firstmap=0 lastmap=4 headindexed=true
INFO [03-26|19:46:35.981] Enabled full-sync                        head=64646 hash=4f479e..685165
INFO [03-26|19:46:35.981] Unprotected transactions allowed
INFO [03-26|19:46:35.981] Gasprice oracle is ignoring threshold set threshold=2
INFO [03-26|19:46:35.982] Registered sync override service
WARN [03-26|19:46:35.982] You are running Geth in --dev mode. Please note the following:
WARN [03-26|19:46:35.982] 
WARN [03-26|19:46:35.982]   1. This mode is only intended for fast, iterative development without assumptions on
WARN [03-26|19:46:35.982]      security or persistence.
WARN [03-26|19:46:35.982]   2. The database is created in memory unless specified otherwise. Therefore, shutting down
WARN [03-26|19:46:35.982]      your computer or losing power will wipe your entire block data and chain state for
WARN [03-26|19:46:35.982]      your dev environment.
WARN [03-26|19:46:35.982]   3. A random, pre-allocated developer account will be available and unlocked as
WARN [03-26|19:46:35.982]      eth.coinbase, which can be used for testing. The random dev account is temporary,
WARN [03-26|19:46:35.982]      stored on a ramdisk, and will be lost if your machine is restarted.
WARN [03-26|19:46:35.982]   4. Mining is enabled by default. However, the client will only seal blocks if transactions
WARN [03-26|19:46:35.982]      are pending in the mempool. The miner's minimum accepted gas price is 1.
WARN [03-26|19:46:35.982]   5. Networking is disabled; there is no listen-address, the maximum number of peers is set
WARN [03-26|19:46:35.982]      to 0, and discovery is disabled.
WARN [03-26|19:46:35.982] 
INFO [03-26|19:46:35.982] Starting peer-to-peer node               instance=Geth/v1.17.2-unstable-5d0e18f7-20260325/linux-amd64/go1.24.1
WARN [03-26|19:46:35.982] P2P server will be useless, neither dialing nor listening
INFO [03-26|19:46:35.985] IPC endpoint opened                      url=/home/CPerezz/bintrie-benchmarks/mpt-vs-bintrie/dbs/mpt/geth.ipc
ERROR[03-26|19:46:35.985] Unavailable modules in HTTP API list     unavailable=[personal] available="[admin debug web3 eth txpool miner net dev testing]"
INFO [03-26|19:46:35.985] HTTP server started                      endpoint=[::]:8545 auth=false prefix= cors= vhosts=localhost
INFO [03-26|19:46:35.985] WebSocket enabled                        url=ws://[::]:8546
INFO [03-26|19:46:35.985] New local node record                    seq=1,774,465,406,152 id=9566f6e861acb2c3 ip=127.0.0.1 udp=0 tcp=0
INFO [03-26|19:46:35.985] Started P2P networking                   self=enode://7bcb27e0859fe4ed7072e298a58918cc0b55d08376b1207f77d84f6d0d34ded7448b64ab16dd00733b489383beff49c04f662afae4dd1dc102807640ff82a1cd@127.0.0.1:0
INFO [03-26|19:46:36.021] Loaded local transaction journal         transactions=773 dropped=0
INFO [03-26|19:46:37.583] Started log indexer
INFO [03-26|19:46:37.586] Starting work on payload                 id=0x0357715399fd64ee
INFO [03-26|19:46:37.587] Updated payload                          id=0x0357715399fd64ee number=64647 hash=6ccdc8..a2acc6 txs=0 withdrawals=0 gas=0 fees=0 root=f53f8a..9c960e elapsed="645.076µs"
INFO [03-26|19:46:37.587] Stopping work on payload                 id=0x0357715399fd64ee reason=delivery
WARN [03-26|19:46:37.588] {"level":"warn","msg":"Slow block","block":{"number":64647,"hash":"0x6ccdc8b8aeaa3ef436a19495fd8da96856f25da98b165277a7b0d57ebea2acc6","gas_used":0,"tx_count":0},"timing":{"execution_ms":0.01813,"state_read_ms":0.257379,"state_hash_ms":0.0072,"commit_ms":0.106599,"total_ms":0.467339},"throughput":{"mgas_per_sec":0},"state_reads":{"accounts":4,"storage_slots":0,"code":0,"code_bytes":0},"state_writes":{"accounts":0,"accounts_deleted":0,"storage_slots":0,"storage_slots_deleted":0,"code":0,"code_bytes":0},"cache":{"account":{"hits":0,"misses":4,"hit_rate":0},"storage":{"hits":0,"misses":0,"hit_rate":0},"code":{"hits":0,"misses":0,"hit_rate":0,"hit_bytes":0,"miss_bytes":0}}}
INFO [03-26|19:46:37.588] Imported new potential chain segment     number=64647 hash=6ccdc8..a2acc6 blocks=1 txs=0 mgas=0.000 elapsed=1.389ms     mgasps=0.000 triediffs=299.32MiB triedirty=0.00B
INFO [03-26|19:46:37.588] Ready for fork activation                fork=Osaka date="07 Feb 06 07:28 CET" remaining=700115h41m37s timestamp=4,294,967,295
INFO [03-26|19:46:37.591] Chain head was updated                   number=64647 hash=6ccdc8..a2acc6 root=f53f8a..9c960e elapsed="195.909µs"
INFO [03-26|19:46:37.727] Submitted contract creation              hash=0x2cdc8201bf8cd4b05390ff693233973db8377ff5be9485c485090855528a8a26 from=0xf39Fd6e51aad88F6F4ce6aB8827279cffFb92266 nonce=566 contract=0x8B64968F69E669faCc86FA3484FD946f1bBE7c91 value=0
INFO [03-26|19:46:37.728] Submitted transaction                    hash=0xf53646f1d8f6f64133dcd44fc166c08923f8fed6286757f22581ce6927970af8 from=0xf39Fd6e51aad88F6F4ce6aB8827279cffFb92266 nonce=567 recipient=0xdfDd7B6e564b56f0D7c221f3aBA4E3a553Ea3951 value=1,966,400,000,000
INFO [03-26|19:46:47.592] Starting work on payload                 id=0x033d3adf28ecf625
INFO [03-26|19:46:47.599] Updated payload                          id=0x033d3adf28ecf625 number=64648 hash=6d89b6..4d0f1a txs=2 withdrawals=0 gas=90958 fees=1.787961406e-09 root=238c0d..90592f elapsed=6.766ms
INFO [03-26|19:46:47.599] Stopping work on payload                 id=0x033d3adf28ecf625 reason=delivery
WARN [03-26|19:46:47.601] {"level":"warn","msg":"Slow block","block":{"number":64648,"hash":"0x6d89b69ab459383f9fee59bfd2fc6ea4157c6723afcb1f76f52d30da964d0f1a","gas_used":90958,"tx_count":2},"timing":{"execution_ms":0.04079,"state_read_ms":0.074389,"state_hash_ms":0.702566,"commit_ms":0.786445,"total_ms":1.633891},"throughput":{"mgas_per_sec":55.66956424877792},"state_reads":{"accounts":11,"storage_slots":0,"code":0,"code_bytes":0},"state_writes":{"accounts":3,"accounts_deleted":0,"storage_slots":0,"storage_slots_deleted":0,"code":1,"code_bytes":78},"cache":{"account":{"hits":4,"misses":7,"hit_rate":36.36363636363637},"storage":{"hits":0,"misses":0,"hit_rate":0},"code":{"hits":0,"misses":0,"hit_rate":0,"hit_bytes":0,"miss_bytes":0}}}
INFO [03-26|19:46:47.601] Imported new potential chain segment     number=64648 hash=6d89b6..4d0f1a blocks=1 txs=2 mgas=0.091 elapsed=1.759ms     mgasps=51.710 triediffs=299.33MiB triedirty=0.00B
INFO [03-26|19:46:47.601] Chain head was updated                   number=64648 hash=6d89b6..4d0f1a root=238c0d..90592f elapsed="238.448µs"
INFO [03-26|19:46:47.783] Submitted transaction                    hash=0x9587136743a67afcb54ab65df622e619c134dad09cbef8d49172a40dddfc7a89 from=0xdfDd7B6e564b56f0D7c221f3aBA4E3a553Ea3951 nonce=0   recipient=0x8B64968F69E669faCc86FA3484FD946f1bBE7c91 value=0
INFO [03-26|19:46:57.603] Starting work on payload                 id=0x03315cb4a534fa1a
INFO [03-26|19:46:58.401] Updated payload                          id=0x03315cb4a534fa1a number=64649 hash=4c2614..5905d3 txs=1 withdrawals=0 gas=93,739,282 fees=1.842633066e-06 root=aecda0..4583c1 elapsed=797.590ms
INFO [03-26|19:46:58.401] Stopping work on payload                 id=0x03315cb4a534fa1a reason=delivery
WARN [03-26|19:46:59.328] {"level":"warn","msg":"Slow block","block":{"number":64649,"hash":"0x4c2614f4c2e476f6b93c86bf5a15ed72821397605867f298ca048c11b95905d3","gas_used":93739282,"tx_count":1},"timing":{"execution_ms":45.14041,"state_read_ms":566.33376,"state_hash_ms":286.298107,"commit_ms":26.66283,"total_ms":924.509207},"throughput":{"mgas_per_sec":101.39356243317542},"state_reads":{"accounts":8,"storage_slots":4094,"code":2,"code_bytes":1422},"state_writes":{"accounts":3,"accounts_deleted":0,"storage_slots":4094,"storage_slots_deleted":0,"code":0,"code_bytes":0},"cache":{"account":{"hits":3,"misses":5,"hit_rate":37.5},"storage":{"hits":697,"misses":3397,"hit_rate":17.024914509037618},"code":{"hits":2,"misses":0,"hit_rate":100,"hit_bytes":1422,"miss_bytes":0}}}
INFO [03-26|19:46:59.328] Imported new potential chain segment     number=64649 hash=4c2614..5905d3 blocks=1 txs=1 mgas=93.739 elapsed=927.017ms   mgasps=101.119 triediffs=307.13MiB triedirty=0.00B
INFO [03-26|19:46:59.331] Chain head was updated                   number=64649 hash=4c2614..5905d3 root=aecda0..4583c1 elapsed="122.85µs"
INFO [03-26|19:46:59.862] Submitted transaction                    hash=0x4556a3f8e34642a5f67f671ef6107ce2e1b582d5f777133e8edc4b0dd49d1ac6 from=0xdfDd7B6e564b56f0D7c221f3aBA4E3a553Ea3951 nonce=1   recipient=0xf39Fd6e51aad88F6F4ce6aB8827279cffFb92266 value=122,904,160,752
INFO [03-26|19:47:09.333] Starting work on payload                 id=0x037cbe2e88a5efd2
INFO [03-26|19:47:09.334] Updated payload                          id=0x037cbe2e88a5efd2 number=64650 hash=9c872b..28f6db txs=1 withdrawals=0 gas=21000      fees=2.06346e-10     root=045d18..98ab53 elapsed="573.997µs"
INFO [03-26|19:47:09.334] Stopping work on payload                 id=0x037cbe2e88a5efd2 reason=delivery
WARN [03-26|19:47:09.336] {"level":"warn","msg":"Slow block","block":{"number":64650,"hash":"0x9c872ba09160bb09187acf302b93b782ce6e53a7bbf90906868ac1fe6628f6db","gas_used":21000,"tx_count":1},"timing":{"execution_ms":0.09718,"state_read_ms":0.322407,"state_hash_ms":0.103889,"commit_ms":0.514817,"total_ms":1.122504},"throughput":{"mgas_per_sec":18.70817386842274},"state_reads":{"accounts":6,"storage_slots":0,"code":0,"code_bytes":0},"state_writes":{"accounts":2,"accounts_deleted":0,"storage_slots":0,"storage_slots_deleted":0,"code":0,"code_bytes":0},"cache":{"account":{"hits":0,"misses":6,"hit_rate":0},"storage":{"hits":0,"misses":0,"hit_rate":0},"code":{"hits":0,"misses":0,"hit_rate":0,"hit_bytes":0,"miss_bytes":0}}}
INFO [03-26|19:47:09.336] Imported new potential chain segment     number=64650 hash=9c872b..28f6db blocks=1 txs=1 mgas=0.021  elapsed=1.266ms     mgasps=16.584  triediffs=307.13MiB triedirty=0.00B
INFO [03-26|19:47:09.336] Chain head was updated                   number=64650 hash=9c872b..28f6db root=045d18..98ab53 elapsed="66.27µs"
