INFO [03-26|17:33:48.797] Starting Geth on Ethereum mainnet...
INFO [03-26|17:33:48.798] Maximum peer count                       ETH=0 total=0
INFO [03-26|17:33:48.799] Smartcard socket not found, disabling    err="stat /run/pcscd/pcscd.comm: no such file or directory"
WARN [03-26|17:33:48.802] Option --miner.etherbase is deprecated as the etherbase is set by the consensus client post-merge
WARN [03-26|17:33:48.804] Snap sync requested, resetting --cache.snapshot
INFO [03-26|17:33:48.804] Global gas cap disabled
INFO [03-26|17:33:49.459] Using developer account                  address=0xf39Fd6e51aad88F6F4ce6aB8827279cffFb92266
INFO [03-26|17:33:49.701] Using pebble as the backing database
INFO [03-26|17:33:49.701] Allocated cache and file handles         database=/home/CPerezz/bintrie-benchmarks/mpt-vs-bintrie/dbs/mpt/geth/chaindata cache=16.00MiB handles=524,288
INFO [03-26|17:33:51.905] Opened ancient database                  database=/home/CPerezz/bintrie-benchmarks/mpt-vs-bintrie/dbs/mpt/geth/chaindata/ancient/chain readonly=true
INFO [03-26|17:33:51.905] Opened Era store                         datadir=/home/CPerezz/bintrie-benchmarks/mpt-vs-bintrie/dbs/mpt/geth/chaindata/ancient/chain/era
INFO [03-26|17:33:51.914] Initializing the KZG library             backend=gokzg
INFO [03-26|17:33:51.917] Allocated trie memory caches             clean=0.00B dirty=0.00B
INFO [03-26|17:33:52.048] Using pebble as the backing database
INFO [03-26|17:33:52.048] Allocated cache and file handles         database=/home/CPerezz/bintrie-benchmarks/mpt-vs-bintrie/dbs/mpt/geth/chaindata cache=16.00MiB handles=524,288
INFO [03-26|17:33:53.404] Opened ancient database                  database=/home/CPerezz/bintrie-benchmarks/mpt-vs-bintrie/dbs/mpt/geth/chaindata/ancient/chain readonly=false
INFO [03-26|17:33:53.404] Opened Era store                         datadir=/home/CPerezz/bintrie-benchmarks/mpt-vs-bintrie/dbs/mpt/geth/chaindata/ancient/chain/era
INFO [03-26|17:33:53.406] State scheme set to already existing     scheme=path
INFO [03-26|17:33:53.408] Initialising Ethereum protocol           network=1337 dbversion=9
INFO [03-26|17:33:53.408] Load database journal from file          path=/home/CPerezz/bintrie-benchmarks/mpt-vs-bintrie/dbs/mpt/geth/triedb/merkle.journal
INFO [03-26|17:33:55.553] Opened ancient database                  database=/home/CPerezz/bintrie-benchmarks/mpt-vs-bintrie/dbs/mpt/geth/chaindata/ancient/state readonly=false
INFO [03-26|17:33:55.554] Initialized path database                triecache=0.00B statecache=0.00B buffer=0.00B state-history="last 90000 blocks" journal-dir=/home/CPerezz/bintrie-benchmarks/mpt-vs-bintrie/dbs/mpt/geth/triedb
INFO [03-26|17:33:55.555] 
INFO [03-26|17:33:55.555] ---------------------------------------------------------------------------------------------------------------------------------------------------------
INFO [03-26|17:33:55.555] Chain ID:  1337 (unknown)
INFO [03-26|17:33:55.555] Consensus: unknown
INFO [03-26|17:33:55.555] 
INFO [03-26|17:33:55.555] Pre-Merge hard forks (block based):
INFO [03-26|17:33:55.555]  - Homestead:                   #0       
INFO [03-26|17:33:55.555]  - Tangerine Whistle (EIP 150): #0       
INFO [03-26|17:33:55.555]  - Spurious Dragon/1 (EIP 155): #0       
INFO [03-26|17:33:55.555]  - Spurious Dragon/2 (EIP 158): #0       
INFO [03-26|17:33:55.555]  - Byzantium:                   #0       
INFO [03-26|17:33:55.555]  - Constantinople:              #0       
INFO [03-26|17:33:55.555]  - Petersburg:                  #0       
INFO [03-26|17:33:55.555]  - Istanbul:                    #0       
INFO [03-26|17:33:55.555]  - Muir Glacier:                #0       
INFO [03-26|17:33:55.555]  - Berlin:                      #0       
INFO [03-26|17:33:55.555]  - London:                      #0       
INFO [03-26|17:33:55.555]  - Arrow Glacier:               #0       
INFO [03-26|17:33:55.555]  - Gray Glacier:                #0       
INFO [03-26|17:33:55.555] 
INFO [03-26|17:33:55.555] Merge configured:
INFO [03-26|17:33:55.555]  - Total terminal difficulty:  0
INFO [03-26|17:33:55.555]  - Merge netsplit block:       #0       
INFO [03-26|17:33:55.555] 
INFO [03-26|17:33:55.555] Post-Merge hard forks (timestamp based):
INFO [03-26|17:33:55.555]  - Shanghai:                    @0         
INFO [03-26|17:33:55.555]  - Cancun:                      @0          blob: (target: 3, max: 6, fraction: 3338477)
INFO [03-26|17:33:55.555]  - Prague:                      @0          blob: (target: 6, max: 9, fraction: 5225352)
INFO [03-26|17:33:55.555]  - Osaka:                       @4294967295 blob: (target: 9, max: 12, fraction: 5225352)
INFO [03-26|17:33:55.555] 
INFO [03-26|17:33:55.555] All fork specifications can be found at https://ethereum.github.io/execution-specs/src/ethereum/forks/
INFO [03-26|17:33:55.555] 
INFO [03-26|17:33:55.555] ---------------------------------------------------------------------------------------------------------------------------------------------------------
INFO [03-26|17:33:55.555] 
INFO [03-26|17:33:55.555] Loaded most recent local block           number=64019 hash=f396dc..648430 age=26s
INFO [03-26|17:33:55.555] Loaded most recent local finalized block number=64000 hash=c1425e..2acdcd age=5m42s
INFO [03-26|17:33:55.556] Initialized transaction indexer          range="last 2350000 blocks"
INFO [03-26|17:33:55.556] Initialized log indexer                  firstblock=0 lastblock=64019 firstmap=0 lastmap=4 headindexed=true
INFO [03-26|17:33:55.560] Enabled full-sync                        head=64019 hash=f396dc..648430
INFO [03-26|17:33:55.560] Unprotected transactions allowed
INFO [03-26|17:33:55.561] Gasprice oracle is ignoring threshold set threshold=2
INFO [03-26|17:33:55.561] Registered sync override service
WARN [03-26|17:33:55.561] You are running Geth in --dev mode. Please note the following:
WARN [03-26|17:33:55.561] 
WARN [03-26|17:33:55.561]   1. This mode is only intended for fast, iterative development without assumptions on
WARN [03-26|17:33:55.561]      security or persistence.
WARN [03-26|17:33:55.561]   2. The database is created in memory unless specified otherwise. Therefore, shutting down
WARN [03-26|17:33:55.561]      your computer or losing power will wipe your entire block data and chain state for
WARN [03-26|17:33:55.561]      your dev environment.
WARN [03-26|17:33:55.561]   3. A random, pre-allocated developer account will be available and unlocked as
WARN [03-26|17:33:55.561]      eth.coinbase, which can be used for testing. The random dev account is temporary,
WARN [03-26|17:33:55.561]      stored on a ramdisk, and will be lost if your machine is restarted.
WARN [03-26|17:33:55.561]   4. Mining is enabled by default. However, the client will only seal blocks if transactions
WARN [03-26|17:33:55.561]      are pending in the mempool. The miner's minimum accepted gas price is 1.
WARN [03-26|17:33:55.561]   5. Networking is disabled; there is no listen-address, the maximum number of peers is set
WARN [03-26|17:33:55.561]      to 0, and discovery is disabled.
WARN [03-26|17:33:55.561] 
INFO [03-26|17:33:55.561] Starting peer-to-peer node               instance=Geth/v1.17.2-unstable-5d0e18f7-20260325/linux-amd64/go1.24.1
WARN [03-26|17:33:55.561] P2P server will be useless, neither dialing nor listening
INFO [03-26|17:33:55.566] IPC endpoint opened                      url=/home/CPerezz/bintrie-benchmarks/mpt-vs-bintrie/dbs/mpt/geth.ipc
ERROR[03-26|17:33:55.566] Unavailable modules in HTTP API list     unavailable=[personal] available="[admin debug web3 eth txpool miner net dev testing]"
INFO [03-26|17:33:55.566] New local node record                    seq=1,774,465,405,921 id=9566f6e861acb2c3 ip=127.0.0.1 udp=0 tcp=0
INFO [03-26|17:33:55.566] Started P2P networking                   self=enode://7bcb27e0859fe4ed7072e298a58918cc0b55d08376b1207f77d84f6d0d34ded7448b64ab16dd00733b489383beff49c04f662afae4dd1dc102807640ff82a1cd@127.0.0.1:0
INFO [03-26|17:33:55.566] HTTP server started                      endpoint=[::]:8545 auth=false prefix= cors= vhosts=localhost
INFO [03-26|17:33:55.566] WebSocket enabled                        url=ws://[::]:8546
INFO [03-26|17:33:55.572] Loaded local transaction journal         transactions=39 dropped=0
INFO [03-26|17:33:56.963] Started log indexer
INFO [03-26|17:33:56.970] Starting work on payload                 id=0x03ff550bc86f07b7
INFO [03-26|17:33:56.970] Updated payload                          id=0x03ff550bc86f07b7 number=64020 hash=36f1ae..0b9821 txs=0 withdrawals=0 gas=0 fees=0 root=565fa8..9ab716 elapsed="211.839µs"
INFO [03-26|17:33:56.971] Stopping work on payload                 id=0x03ff550bc86f07b7 reason=delivery
WARN [03-26|17:33:56.976] {"level":"warn","msg":"Slow block","block":{"number":64020,"hash":"0x36f1ae1240c8a84f76b812171dc7765cd90c28c1730714cb280005b9720b9821","gas_used":0,"tx_count":0},"timing":{"execution_ms":0.02593,"state_read_ms":0.737056,"state_hash_ms":0.00406,"commit_ms":0.054699,"total_ms":0.914876},"throughput":{"mgas_per_sec":0},"state_reads":{"accounts":4,"storage_slots":0,"code":0,"code_bytes":0},"state_writes":{"accounts":0,"accounts_deleted":0,"storage_slots":0,"storage_slots_deleted":0,"code":0,"code_bytes":0},"cache":{"account":{"hits":0,"misses":4,"hit_rate":0},"storage":{"hits":0,"misses":0,"hit_rate":0},"code":{"hits":0,"misses":0,"hit_rate":0,"hit_bytes":0,"miss_bytes":0}}}
INFO [03-26|17:33:56.976] Imported new potential chain segment     number=64020 hash=36f1ae..0b9821 blocks=1 txs=0 mgas=0.000 elapsed=4.332ms     mgasps=0.000 triediffs=364.74MiB triedirty=0.00B
INFO [03-26|17:33:56.976] Ready for fork activation                fork=Osaka date="07 Feb 06 07:28 CET" remaining=700117h54m18s timestamp=4,294,967,295
INFO [03-26|17:33:56.976] Chain head was updated                   number=64020 hash=36f1ae..0b9821 root=565fa8..9ab716 elapsed="20.96µs"
INFO [03-26|17:33:57.080] Submitted contract creation              hash=0xb6cf75c919ca563eeec6a282f9feaeb8f46e5d0ce262292242ef62e4524d0027 from=0xf39Fd6e51aad88F6F4ce6aB8827279cffFb92266 nonce=104 contract=0xCace1b78160AE76398F486c8a18044da0d66d86D value=0
INFO [03-26|17:33:57.083] Submitted transaction                    hash=0x848ce5bdb0e785dd21e2eedd700059f67b3155a43fe8cd1b39de0ccf7edbd388 from=0xf39Fd6e51aad88F6F4ce6aB8827279cffFb92266 nonce=105 recipient=0x2Fc69Ea90B581b2B00CA87ccC4000694a20cF82a value=1,600,000,000
INFO [03-26|17:34:06.978] Starting work on payload                 id=0x03b0763d8205a941
INFO [03-26|17:34:06.985] Updated payload                          id=0x03b0763d8205a941 number=64021 hash=f39463..1b6659 txs=2 withdrawals=0 gas=89662 fees=7.17296e-13 root=55158f..5efc14 elapsed=6.927ms
INFO [03-26|17:34:06.985] Stopping work on payload                 id=0x03b0763d8205a941 reason=delivery
WARN [03-26|17:34:06.993] {"level":"warn","msg":"Slow block","block":{"number":64021,"hash":"0xf394630b5f28fd689d8949755cb1765939f88e8e60c0baef1cadf380901b6659","gas_used":89662,"tx_count":2},"timing":{"execution_ms":0.102581,"state_read_ms":0.079187,"state_hash_ms":0.768926,"commit_ms":6.511034,"total_ms":7.510309},"throughput":{"mgas_per_sec":11.938523434921253},"state_reads":{"accounts":11,"storage_slots":0,"code":0,"code_bytes":0},"state_writes":{"accounts":3,"accounts_deleted":0,"storage_slots":0,"storage_slots_deleted":0,"code":1,"code_bytes":72},"cache":{"account":{"hits":4,"misses":7,"hit_rate":36.36363636363637},"storage":{"hits":0,"misses":0,"hit_rate":0},"code":{"hits":0,"misses":0,"hit_rate":0,"hit_bytes":0,"miss_bytes":0}}}
INFO [03-26|17:34:06.993] Imported new potential chain segment     number=64021 hash=f39463..1b6659 blocks=1 txs=2 mgas=0.090 elapsed=7.620ms     mgasps=11.766 triediffs=360.55MiB triedirty=0.00B
INFO [03-26|17:34:06.993] Chain head was updated                   number=64021 hash=f39463..1b6659 root=55158f..5efc14 elapsed="116.459µs"
INFO [03-26|17:34:07.164] Submitted transaction                    hash=0xc066224a0b557dc183a341a49be82828921abdac2906c27fe0df2ca1a7a31b55 from=0x2Fc69Ea90B581b2B00CA87ccC4000694a20cF82a nonce=0   recipient=0xCace1b78160AE76398F486c8a18044da0d66d86D value=0
INFO [03-26|17:34:16.995] Starting work on payload                 id=0x031eb09a381329d8
WARN [03-26|17:34:24.260] Block building is interrupted            allowance=2s
INFO [03-26|17:34:24.261] Updated payload                          id=0x031eb09a381329d8 number=64022 hash=1ed77c..4ae288 txs=1 withdrawals=0 gas=100,000,000 fees=8e-10       root=9146c1..e95b8d elapsed=7.265s
WARN [03-26|17:34:29.406] {"level":"warn","msg":"Slow block","block":{"number":64022,"hash":"0x1ed77c79562cb0d5ac337759975384351dbd65259e4d388e8f6bcd8d3f4ae288","gas_used":100000000,"tx_count":1},"timing":{"execution_ms":276.43702,"state_read_ms":4833.689541,"state_hash_ms":0.081348,"commit_ms":33.238845,"total_ms":5143.524275},"throughput":{"mgas_per_sec":19.441922435565836},"state_reads":{"accounts":8,"storage_slots":36742,"code":2,"code_bytes":1416},"state_writes":{"accounts":2,"accounts_deleted":0,"storage_slots":0,"storage_slots_deleted":0,"code":0,"code_bytes":0},"cache":{"account":{"hits":3,"misses":5,"hit_rate":37.5},"storage":{"hits":2228,"misses":34514,"hit_rate":6.063905067769855},"code":{"hits":2,"misses":0,"hit_rate":100,"hit_bytes":1416,"miss_bytes":0}}}
INFO [03-26|17:34:29.406] Imported new potential chain segment     number=64022 hash=1ed77c..4ae288 blocks=1 txs=1 mgas=100.000 elapsed=5.144s      mgasps=19.438 triediffs=357.63MiB triedirty=0.00B
INFO [03-26|17:34:29.407] Chain head was updated                   number=64022 hash=1ed77c..4ae288 root=9146c1..e95b8d elapsed="66.93µs"
WARN [03-26|17:34:29.542] Block building is interrupted            allowance=2s
INFO [03-26|17:34:29.543] Stopping work on payload                 id=0x031eb09a381329d8 reason=delivery
