INFO [03-26|17:54:52.250] Starting Geth on Ethereum mainnet...
INFO [03-26|17:54:52.251] Maximum peer count                       ETH=0 total=0
INFO [03-26|17:54:52.252] Smartcard socket not found, disabling    err="stat /run/pcscd/pcscd.comm: no such file or directory"
WARN [03-26|17:54:52.254] Option --miner.etherbase is deprecated as the etherbase is set by the consensus client post-merge
WARN [03-26|17:54:52.256] Snap sync requested, resetting --cache.snapshot
INFO [03-26|17:54:52.256] Global gas cap disabled
INFO [03-26|17:54:52.951] Using developer account                  address=0xf39Fd6e51aad88F6F4ce6aB8827279cffFb92266
INFO [03-26|17:54:53.192] Using pebble as the backing database
INFO [03-26|17:54:53.192] Allocated cache and file handles         database=/home/CPerezz/bintrie-benchmarks/mpt-vs-bintrie/dbs/mpt/geth/chaindata cache=16.00MiB handles=524,288
INFO [03-26|17:54:55.397] Opened ancient database                  database=/home/CPerezz/bintrie-benchmarks/mpt-vs-bintrie/dbs/mpt/geth/chaindata/ancient/chain readonly=true
INFO [03-26|17:54:55.397] Opened Era store                         datadir=/home/CPerezz/bintrie-benchmarks/mpt-vs-bintrie/dbs/mpt/geth/chaindata/ancient/chain/era
INFO [03-26|17:54:55.407] Initializing the KZG library             backend=gokzg
INFO [03-26|17:54:55.410] Allocated trie memory caches             clean=0.00B dirty=0.00B
INFO [03-26|17:54:55.513] Using pebble as the backing database
INFO [03-26|17:54:55.514] Allocated cache and file handles         database=/home/CPerezz/bintrie-benchmarks/mpt-vs-bintrie/dbs/mpt/geth/chaindata cache=16.00MiB handles=524,288
INFO [03-26|17:54:56.905] Opened ancient database                  database=/home/CPerezz/bintrie-benchmarks/mpt-vs-bintrie/dbs/mpt/geth/chaindata/ancient/chain readonly=false
INFO [03-26|17:54:56.905] Opened Era store                         datadir=/home/CPerezz/bintrie-benchmarks/mpt-vs-bintrie/dbs/mpt/geth/chaindata/ancient/chain/era
INFO [03-26|17:54:56.907] State scheme set to already existing     scheme=path
INFO [03-26|17:54:56.909] Initialising Ethereum protocol           network=1337 dbversion=9
INFO [03-26|17:54:56.909] Load database journal from file          path=/home/CPerezz/bintrie-benchmarks/mpt-vs-bintrie/dbs/mpt/geth/triedb/merkle.journal
INFO [03-26|17:54:57.953] Opened ancient database                  database=/home/CPerezz/bintrie-benchmarks/mpt-vs-bintrie/dbs/mpt/geth/chaindata/ancient/state readonly=false
INFO [03-26|17:54:57.954] Initialized path database                triecache=0.00B statecache=0.00B buffer=0.00B state-history="last 90000 blocks" journal-dir=/home/CPerezz/bintrie-benchmarks/mpt-vs-bintrie/dbs/mpt/geth/triedb
INFO [03-26|17:54:57.955] 
INFO [03-26|17:54:57.955] ---------------------------------------------------------------------------------------------------------------------------------------------------------
INFO [03-26|17:54:57.955] Chain ID:  1337 (unknown)
INFO [03-26|17:54:57.955] Consensus: unknown
INFO [03-26|17:54:57.955] 
INFO [03-26|17:54:57.955] Pre-Merge hard forks (block based):
INFO [03-26|17:54:57.955]  - Homestead:                   #0       
INFO [03-26|17:54:57.955]  - Tangerine Whistle (EIP 150): #0       
INFO [03-26|17:54:57.955]  - Spurious Dragon/1 (EIP 155): #0       
INFO [03-26|17:54:57.955]  - Spurious Dragon/2 (EIP 158): #0       
INFO [03-26|17:54:57.955]  - Byzantium:                   #0       
INFO [03-26|17:54:57.955]  - Constantinople:              #0       
INFO [03-26|17:54:57.955]  - Petersburg:                  #0       
INFO [03-26|17:54:57.955]  - Istanbul:                    #0       
INFO [03-26|17:54:57.955]  - Muir Glacier:                #0       
INFO [03-26|17:54:57.955]  - Berlin:                      #0       
INFO [03-26|17:54:57.955]  - London:                      #0       
INFO [03-26|17:54:57.955]  - Arrow Glacier:               #0       
INFO [03-26|17:54:57.955]  - Gray Glacier:                #0       
INFO [03-26|17:54:57.955] 
INFO [03-26|17:54:57.955] Merge configured:
INFO [03-26|17:54:57.955]  - Total terminal difficulty:  0
INFO [03-26|17:54:57.955]  - Merge netsplit block:       #0       
INFO [03-26|17:54:57.955] 
INFO [03-26|17:54:57.955] Post-Merge hard forks (timestamp based):
INFO [03-26|17:54:57.955]  - Shanghai:                    @0         
INFO [03-26|17:54:57.955]  - Cancun:                      @0          blob: (target: 3, max: 6, fraction: 3338477)
INFO [03-26|17:54:57.955]  - Prague:                      @0          blob: (target: 6, max: 9, fraction: 5225352)
INFO [03-26|17:54:57.955]  - Osaka:                       @4294967295 blob: (target: 9, max: 12, fraction: 5225352)
INFO [03-26|17:54:57.955] 
INFO [03-26|17:54:57.955] All fork specifications can be found at https://ethereum.github.io/execution-specs/src/ethereum/forks/
INFO [03-26|17:54:57.955] 
INFO [03-26|17:54:57.955] ---------------------------------------------------------------------------------------------------------------------------------------------------------
INFO [03-26|17:54:57.955] 
INFO [03-26|17:54:57.955] Loaded most recent local block           number=64101 hash=e77522..d4bbad age=23s
INFO [03-26|17:54:57.955] Loaded most recent local finalized block number=64096 hash=02abd1..e363ff age=1m28s
INFO [03-26|17:54:57.956] Initialized transaction indexer          range="last 2350000 blocks"
INFO [03-26|17:54:57.956] Initialized log indexer                  firstblock=0 lastblock=64101 firstmap=0 lastmap=4 headindexed=true
INFO [03-26|17:54:57.974] Enabled full-sync                        head=64101 hash=e77522..d4bbad
INFO [03-26|17:54:57.974] Unprotected transactions allowed
INFO [03-26|17:54:57.974] Gasprice oracle is ignoring threshold set threshold=2
INFO [03-26|17:54:57.975] Registered sync override service
WARN [03-26|17:54:57.975] You are running Geth in --dev mode. Please note the following:
WARN [03-26|17:54:57.975] 
WARN [03-26|17:54:57.975]   1. This mode is only intended for fast, iterative development without assumptions on
WARN [03-26|17:54:57.975]      security or persistence.
WARN [03-26|17:54:57.975]   2. The database is created in memory unless specified otherwise. Therefore, shutting down
WARN [03-26|17:54:57.975]      your computer or losing power will wipe your entire block data and chain state for
WARN [03-26|17:54:57.975]      your dev environment.
WARN [03-26|17:54:57.975]   3. A random, pre-allocated developer account will be available and unlocked as
WARN [03-26|17:54:57.975]      eth.coinbase, which can be used for testing. The random dev account is temporary,
WARN [03-26|17:54:57.975]      stored on a ramdisk, and will be lost if your machine is restarted.
WARN [03-26|17:54:57.975]   4. Mining is enabled by default. However, the client will only seal blocks if transactions
WARN [03-26|17:54:57.975]      are pending in the mempool. The miner's minimum accepted gas price is 1.
WARN [03-26|17:54:57.975]   5. Networking is disabled; there is no listen-address, the maximum number of peers is set
WARN [03-26|17:54:57.975]      to 0, and discovery is disabled.
WARN [03-26|17:54:57.975] 
INFO [03-26|17:54:57.975] Starting peer-to-peer node               instance=Geth/v1.17.2-unstable-5d0e18f7-20260325/linux-amd64/go1.24.1
WARN [03-26|17:54:57.975] P2P server will be useless, neither dialing nor listening
INFO [03-26|17:54:57.983] IPC endpoint opened                      url=/home/CPerezz/bintrie-benchmarks/mpt-vs-bintrie/dbs/mpt/geth.ipc
ERROR[03-26|17:54:57.983] Unavailable modules in HTTP API list     unavailable=[personal] available="[admin debug web3 eth txpool miner net dev testing]"
INFO [03-26|17:54:57.984] HTTP server started                      endpoint=[::]:8545 auth=false prefix= cors= vhosts=localhost
INFO [03-26|17:54:57.984] WebSocket enabled                        url=ws://[::]:8546
INFO [03-26|17:54:57.984] New local node record                    seq=1,774,465,405,949 id=9566f6e861acb2c3 ip=127.0.0.1 udp=0 tcp=0
INFO [03-26|17:54:57.984] Started P2P networking                   self=enode://7bcb27e0859fe4ed7072e298a58918cc0b55d08376b1207f77d84f6d0d34ded7448b64ab16dd00733b489383beff49c04f662afae4dd1dc102807640ff82a1cd@127.0.0.1:0
INFO [03-26|17:54:57.990] Loaded local transaction journal         transactions=123 dropped=0
INFO [03-26|17:54:59.114] Started log indexer
INFO [03-26|17:54:59.123] Starting work on payload                 id=0x0385be91a54f528c
INFO [03-26|17:54:59.124] Updated payload                          id=0x0385be91a54f528c number=64102 hash=ba79e5..b9bcff txs=0 withdrawals=0 gas=0 fees=0 root=26af29..d4ecc4 elapsed="312.178µs"
INFO [03-26|17:54:59.124] Stopping work on payload                 id=0x0385be91a54f528c reason=delivery
WARN [03-26|17:54:59.127] {"level":"warn","msg":"Slow block","block":{"number":64102,"hash":"0xba79e59c7de39b820e307e43ad37307bc7e7a69f1cee217e8037abce3bb9bcff","gas_used":0,"tx_count":0},"timing":{"execution_ms":0.009019,"state_read_ms":0.04795,"state_hash_ms":0.00968,"commit_ms":0.05679,"total_ms":0.16751},"throughput":{"mgas_per_sec":0},"state_reads":{"accounts":4,"storage_slots":0,"code":0,"code_bytes":0},"state_writes":{"accounts":0,"accounts_deleted":0,"storage_slots":0,"storage_slots_deleted":0,"code":0,"code_bytes":0},"cache":{"account":{"hits":0,"misses":4,"hit_rate":0},"storage":{"hits":0,"misses":0,"hit_rate":0},"code":{"hits":0,"misses":0,"hit_rate":0,"hit_bytes":0,"miss_bytes":0}}}
INFO [03-26|17:54:59.127] Imported new potential chain segment     number=64102 hash=ba79e5..b9bcff blocks=1 txs=0 mgas=0.000 elapsed=2.734ms     mgasps=0.000 triediffs=165.10MiB triedirty=0.00B
INFO [03-26|17:54:59.127] Ready for fork activation                fork=Osaka date="07 Feb 06 07:28 CET" remaining=700117h33m16s timestamp=4,294,967,295
INFO [03-26|17:54:59.128] Chain head was updated                   number=64102 hash=ba79e5..b9bcff root=26af29..d4ecc4 elapsed="107.77µs"
INFO [03-26|17:54:59.521] Submitted contract creation              hash=0xd7cd9715313e8dff9442975cffb40a9acddbac6332bd4c4a0f8390ceefe918d6 from=0xf39Fd6e51aad88F6F4ce6aB8827279cffFb92266 nonce=160 contract=0x870526b7973b56163a6997bB7C886F5E4EA53638 value=0
INFO [03-26|17:54:59.522] Submitted transaction                    hash=0xc7805fdeb68c217c8ac7fb6598c5cb447abcb9f7e4d7dd7952544ea9da804162 from=0xf39Fd6e51aad88F6F4ce6aB8827279cffFb92266 nonce=161 recipient=0xBacf19E3F1580B73510b1a3AE4F0972287Ad5175 value=1,600,000,000
INFO [03-26|17:55:09.129] Starting work on payload                 id=0x039d6abe4c83b9e6
INFO [03-26|17:55:09.136] Updated payload                          id=0x039d6abe4c83b9e6 number=64103 hash=57b904..ffabcd txs=2 withdrawals=0 gas=89662 fees=7.17296e-13 root=c54773..3ac549 elapsed=6.698ms
INFO [03-26|17:55:09.136] Stopping work on payload                 id=0x039d6abe4c83b9e6 reason=delivery
WARN [03-26|17:55:09.143] {"level":"warn","msg":"Slow block","block":{"number":64103,"hash":"0x57b904bb2005f5f65eb529a7fbdcaf23cb605d841782de621ca7587c4affabcd","gas_used":89662,"tx_count":2},"timing":{"execution_ms":0.060389,"state_read_ms":0.17922,"state_hash_ms":0.981344,"commit_ms":4.455695,"total_ms":5.720879},"throughput":{"mgas_per_sec":15.672766370342739},"state_reads":{"accounts":11,"storage_slots":0,"code":0,"code_bytes":0},"state_writes":{"accounts":3,"accounts_deleted":0,"storage_slots":0,"storage_slots_deleted":0,"code":1,"code_bytes":72},"cache":{"account":{"hits":4,"misses":7,"hit_rate":36.36363636363637},"storage":{"hits":0,"misses":0,"hit_rate":0},"code":{"hits":0,"misses":0,"hit_rate":0,"hit_bytes":0,"miss_bytes":0}}}
INFO [03-26|17:55:09.143] Imported new potential chain segment     number=64103 hash=57b904..ffabcd blocks=1 txs=2 mgas=0.090 elapsed=5.875ms     mgasps=15.260 triediffs=160.88MiB triedirty=0.00B
INFO [03-26|17:55:09.143] Chain head was updated                   number=64103 hash=57b904..ffabcd root=c54773..3ac549 elapsed="109.16µs"
INFO [03-26|17:55:09.611] Submitted transaction                    hash=0x2b9ad0a13ee777bc0e75b331b6ee854cb15e3c6f46ed9e9c2344208102716ba6 from=0xBacf19E3F1580B73510b1a3AE4F0972287Ad5175 nonce=0   recipient=0x870526b7973b56163a6997bB7C886F5E4EA53638 value=0
INFO [03-26|17:55:19.145] Starting work on payload                 id=0x0355dacaaaa8d7cf
WARN [03-26|17:55:26.586] Block building is interrupted            allowance=2s
INFO [03-26|17:55:26.586] Updated payload                          id=0x0355dacaaaa8d7cf number=64104 hash=0898d3..bf0009 txs=1 withdrawals=0 gas=100,000,000 fees=8e-10       root=af6750..1d8975 elapsed=7.440s
WARN [03-26|17:55:32.289] {"level":"warn","msg":"Slow block","block":{"number":64104,"hash":"0x0898d30d36f6e9c01cb6a2931aaeec974e350bfa2c941f7da6cb4c0094bf0009","gas_used":100000000,"tx_count":1},"timing":{"execution_ms":275.57168,"state_read_ms":5396.392456,"state_hash_ms":0.059169,"commit_ms":28.6236,"total_ms":5700.759516},"throughput":{"mgas_per_sec":17.541522268977605},"state_reads":{"accounts":8,"storage_slots":36742,"code":2,"code_bytes":1416},"state_writes":{"accounts":2,"accounts_deleted":0,"storage_slots":0,"storage_slots_deleted":0,"code":0,"code_bytes":0},"cache":{"account":{"hits":3,"misses":5,"hit_rate":37.5},"storage":{"hits":3059,"misses":33683,"hit_rate":8.325621904087965},"code":{"hits":2,"misses":0,"hit_rate":100,"hit_bytes":1416,"miss_bytes":0}}}
INFO [03-26|17:55:32.289] Imported new potential chain segment     number=64104 hash=0898d3..bf0009 blocks=1 txs=1 mgas=100.000 elapsed=5.701s      mgasps=17.538 triediffs=157.95MiB triedirty=0.00B
INFO [03-26|17:55:32.290] Chain head was updated                   number=64104 hash=0898d3..bf0009 root=af6750..1d8975 elapsed="40.789µs"
WARN [03-26|17:55:32.751] Block building is interrupted            allowance=2s
INFO [03-26|17:55:32.751] Stopping work on payload                 id=0x0355dacaaaa8d7cf reason=delivery
