INFO [03-26|19:42:26.846] Starting Geth on Ethereum mainnet...
INFO [03-26|19:42:26.847] Maximum peer count                       ETH=0 total=0
INFO [03-26|19:42:26.848] Smartcard socket not found, disabling    err="stat /run/pcscd/pcscd.comm: no such file or directory"
WARN [03-26|19:42:26.849] Option --miner.etherbase is deprecated as the etherbase is set by the consensus client post-merge
WARN [03-26|19:42:26.850] Snap sync requested, resetting --cache.snapshot
INFO [03-26|19:42:26.850] Global gas cap disabled
INFO [03-26|19:42:27.491] Using developer account                  address=0xf39Fd6e51aad88F6F4ce6aB8827279cffFb92266
INFO [03-26|19:42:27.657] Using pebble as the backing database
INFO [03-26|19:42:27.657] Allocated cache and file handles         database=/home/CPerezz/bintrie-benchmarks/mpt-vs-bintrie/dbs/mpt/geth/chaindata cache=16.00MiB handles=524,288
INFO [03-26|19:42:28.828] Opened ancient database                  database=/home/CPerezz/bintrie-benchmarks/mpt-vs-bintrie/dbs/mpt/geth/chaindata/ancient/chain readonly=true
INFO [03-26|19:42:28.828] Opened Era store                         datadir=/home/CPerezz/bintrie-benchmarks/mpt-vs-bintrie/dbs/mpt/geth/chaindata/ancient/chain/era
INFO [03-26|19:42:28.837] Initializing the KZG library             backend=gokzg
INFO [03-26|19:42:28.839] Allocated trie memory caches             clean=0.00B dirty=0.00B
INFO [03-26|19:42:28.925] Using pebble as the backing database
INFO [03-26|19:42:28.925] Allocated cache and file handles         database=/home/CPerezz/bintrie-benchmarks/mpt-vs-bintrie/dbs/mpt/geth/chaindata cache=16.00MiB handles=524,288
INFO [03-26|19:42:30.150] Opened ancient database                  database=/home/CPerezz/bintrie-benchmarks/mpt-vs-bintrie/dbs/mpt/geth/chaindata/ancient/chain readonly=false
INFO [03-26|19:42:30.150] Opened Era store                         datadir=/home/CPerezz/bintrie-benchmarks/mpt-vs-bintrie/dbs/mpt/geth/chaindata/ancient/chain/era
INFO [03-26|19:42:30.151] State scheme set to already existing     scheme=path
INFO [03-26|19:42:30.152] Initialising Ethereum protocol           network=1337 dbversion=9
INFO [03-26|19:42:30.152] Load database journal from file          path=/home/CPerezz/bintrie-benchmarks/mpt-vs-bintrie/dbs/mpt/geth/triedb/merkle.journal
INFO [03-26|19:42:31.597] Opened ancient database                  database=/home/CPerezz/bintrie-benchmarks/mpt-vs-bintrie/dbs/mpt/geth/chaindata/ancient/state readonly=false
INFO [03-26|19:42:31.597] Initialized path database                triecache=0.00B statecache=0.00B buffer=0.00B state-history="last 90000 blocks" journal-dir=/home/CPerezz/bintrie-benchmarks/mpt-vs-bintrie/dbs/mpt/geth/triedb
INFO [03-26|19:42:31.599] 
INFO [03-26|19:42:31.599] ---------------------------------------------------------------------------------------------------------------------------------------------------------
INFO [03-26|19:42:31.599] Chain ID:  1337 (unknown)
INFO [03-26|19:42:31.599] Consensus: unknown
INFO [03-26|19:42:31.599] 
INFO [03-26|19:42:31.599] Pre-Merge hard forks (block based):
INFO [03-26|19:42:31.599]  - Homestead:                   #0       
INFO [03-26|19:42:31.599]  - Tangerine Whistle (EIP 150): #0       
INFO [03-26|19:42:31.599]  - Spurious Dragon/1 (EIP 155): #0       
INFO [03-26|19:42:31.599]  - Spurious Dragon/2 (EIP 158): #0       
INFO [03-26|19:42:31.599]  - Byzantium:                   #0       
INFO [03-26|19:42:31.599]  - Constantinople:              #0       
INFO [03-26|19:42:31.599]  - Petersburg:                  #0       
INFO [03-26|19:42:31.599]  - Istanbul:                    #0       
INFO [03-26|19:42:31.599]  - Muir Glacier:                #0       
INFO [03-26|19:42:31.599]  - Berlin:                      #0       
INFO [03-26|19:42:31.599]  - London:                      #0       
INFO [03-26|19:42:31.599]  - Arrow Glacier:               #0       
INFO [03-26|19:42:31.599]  - Gray Glacier:                #0       
INFO [03-26|19:42:31.599] 
INFO [03-26|19:42:31.599] Merge configured:
INFO [03-26|19:42:31.599]  - Total terminal difficulty:  0
INFO [03-26|19:42:31.599]  - Merge netsplit block:       #0       
INFO [03-26|19:42:31.599] 
INFO [03-26|19:42:31.599] Post-Merge hard forks (timestamp based):
INFO [03-26|19:42:31.599]  - Shanghai:                    @0         
INFO [03-26|19:42:31.599]  - Cancun:                      @0          blob: (target: 3, max: 6, fraction: 3338477)
INFO [03-26|19:42:31.599]  - Prague:                      @0          blob: (target: 6, max: 9, fraction: 5225352)
INFO [03-26|19:42:31.599]  - Osaka:                       @4294967295 blob: (target: 9, max: 12, fraction: 5225352)
INFO [03-26|19:42:31.599] 
INFO [03-26|19:42:31.599] All fork specifications can be found at https://ethereum.github.io/execution-specs/src/ethereum/forks/
INFO [03-26|19:42:31.599] 
INFO [03-26|19:42:31.599] ---------------------------------------------------------------------------------------------------------------------------------------------------------
INFO [03-26|19:42:31.599] 
INFO [03-26|19:42:31.600] Loaded most recent local block           number=64624 hash=f9d7c6..cc8d06 age=9s
INFO [03-26|19:42:31.600] Loaded most recent local finalized block number=64608 hash=a6c6e8..1d4107 age=3m3s
INFO [03-26|19:42:31.601] Initialized transaction indexer          range="last 2350000 blocks"
INFO [03-26|19:42:31.601] Initialized log indexer                  firstblock=0 lastblock=64624 firstmap=0 lastmap=4 headindexed=true
INFO [03-26|19:42:31.602] Enabled full-sync                        head=64624 hash=f9d7c6..cc8d06
INFO [03-26|19:42:31.603] Unprotected transactions allowed
INFO [03-26|19:42:31.603] Gasprice oracle is ignoring threshold set threshold=2
INFO [03-26|19:42:31.603] Registered sync override service
WARN [03-26|19:42:31.603] You are running Geth in --dev mode. Please note the following:
WARN [03-26|19:42:31.603] 
WARN [03-26|19:42:31.603]   1. This mode is only intended for fast, iterative development without assumptions on
WARN [03-26|19:42:31.603]      security or persistence.
WARN [03-26|19:42:31.603]   2. The database is created in memory unless specified otherwise. Therefore, shutting down
WARN [03-26|19:42:31.603]      your computer or losing power will wipe your entire block data and chain state for
WARN [03-26|19:42:31.603]      your dev environment.
WARN [03-26|19:42:31.603]   3. A random, pre-allocated developer account will be available and unlocked as
WARN [03-26|19:42:31.603]      eth.coinbase, which can be used for testing. The random dev account is temporary,
WARN [03-26|19:42:31.603]      stored on a ramdisk, and will be lost if your machine is restarted.
WARN [03-26|19:42:31.603]   4. Mining is enabled by default. However, the client will only seal blocks if transactions
WARN [03-26|19:42:31.603]      are pending in the mempool. The miner's minimum accepted gas price is 1.
WARN [03-26|19:42:31.603]   5. Networking is disabled; there is no listen-address, the maximum number of peers is set
WARN [03-26|19:42:31.603]      to 0, and discovery is disabled.
WARN [03-26|19:42:31.603] 
INFO [03-26|19:42:31.603] Starting peer-to-peer node               instance=Geth/v1.17.2-unstable-5d0e18f7-20260325/linux-amd64/go1.24.1
WARN [03-26|19:42:31.603] P2P server will be useless, neither dialing nor listening
INFO [03-26|19:42:31.606] IPC endpoint opened                      url=/home/CPerezz/bintrie-benchmarks/mpt-vs-bintrie/dbs/mpt/geth.ipc
ERROR[03-26|19:42:31.606] Unavailable modules in HTTP API list     unavailable=[personal] available="[admin debug web3 eth txpool miner net dev testing]"
INFO [03-26|19:42:31.607] HTTP server started                      endpoint=[::]:8545 auth=false prefix= cors= vhosts=localhost
INFO [03-26|19:42:31.607] WebSocket enabled                        url=ws://[::]:8546
INFO [03-26|19:42:31.608] New local node record                    seq=1,774,465,406,145 id=9566f6e861acb2c3 ip=127.0.0.1 udp=0 tcp=0
INFO [03-26|19:42:31.608] Started P2P networking                   self=enode://7bcb27e0859fe4ed7072e298a58918cc0b55d08376b1207f77d84f6d0d34ded7448b64ab16dd00733b489383beff49c04f662afae4dd1dc102807640ff82a1cd@127.0.0.1:0
INFO [03-26|19:42:31.642] Loaded local transaction journal         transactions=745 dropped=0
INFO [03-26|19:42:32.795] Submitted contract creation              hash=0x8908a4210358f7a9d8de62b4c76a9bebd51e580702564dc6ea630cd802d20352 from=0xf39Fd6e51aad88F6F4ce6aB8827279cffFb92266 nonce=552 contract=0xFCa5Bb3732185AE6AaFC65aD8C9A4fBFf21DbaaD value=0
INFO [03-26|19:42:32.797] Submitted transaction                    hash=0x409d1fb5c5e469812ac3ed157b76d2009c14e7f9409be830db59fc2f6f73553f from=0xf39Fd6e51aad88F6F4ce6aB8827279cffFb92266 nonce=553 recipient=0x1E5A725Bd548f447535bB780457deD21a0D9A97d value=983,200,000,000
INFO [03-26|19:42:33.634] Started log indexer
INFO [03-26|19:42:33.640] Starting work on payload                 id=0x03cac940ed81859c
INFO [03-26|19:42:33.647] Updated payload                          id=0x03cac940ed81859c number=64625 hash=653ef0..7f9bb7 txs=2 withdrawals=0 gas=90958 fees=8.93571392e-10 root=8716ac..d495e8 elapsed=6.673ms
INFO [03-26|19:42:33.647] Stopping work on payload                 id=0x03cac940ed81859c reason=delivery
WARN [03-26|19:42:33.651] {"level":"warn","msg":"Slow block","block":{"number":64625,"hash":"0x653ef03321e6945cbab7dd3fa541643d27a5dd08a9f4f0a6c1e3b79fe17f9bb7","gas_used":90958,"tx_count":2},"timing":{"execution_ms":0.109599,"state_read_ms":1.942528,"state_hash_ms":0.400278,"commit_ms":0.453187,"total_ms":2.964153},"throughput":{"mgas_per_sec":30.68600035153381},"state_reads":{"accounts":11,"storage_slots":0,"code":0,"code_bytes":0},"state_writes":{"accounts":3,"accounts_deleted":0,"storage_slots":0,"storage_slots_deleted":0,"code":1,"code_bytes":78},"cache":{"account":{"hits":5,"misses":6,"hit_rate":45.45454545454545},"storage":{"hits":0,"misses":0,"hit_rate":0},"code":{"hits":0,"misses":0,"hit_rate":0,"hit_bytes":0,"miss_bytes":0}}}
INFO [03-26|19:42:33.651] Imported new potential chain segment     number=64625 hash=653ef0..7f9bb7 blocks=1 txs=2 mgas=0.091 elapsed=3.177ms mgasps=28.630 triediffs=248.48MiB triedirty=0.00B
INFO [03-26|19:42:33.651] Ready for fork activation                fork=Osaka date="07 Feb 06 07:28 CET" remaining=700115h45m41s timestamp=4,294,967,295
INFO [03-26|19:42:33.651] Chain head was updated                   number=64625 hash=653ef0..7f9bb7 root=8716ac..d495e8 elapsed="100.33µs"
INFO [03-26|19:42:33.813] Submitted transaction                    hash=0x6d41e3d28f4e285a4760cd89d866ba3e82818e192b1fe33c5238f8f52543bf11 from=0x1E5A725Bd548f447535bB780457deD21a0D9A97d nonce=0   recipient=0xFCa5Bb3732185AE6AaFC65aD8C9A4fBFf21DbaaD value=0
INFO [03-26|19:42:43.652] Starting work on payload                 id=0x03edf512050adf88
INFO [03-26|19:42:44.498] Updated payload                          id=0x03edf512050adf88 number=64626 hash=62b38d..4338f3 txs=1 withdrawals=0 gas=93,739,282 fees=9.208947064e-07 root=6cc3d6..4fc936 elapsed=845.895ms
INFO [03-26|19:42:44.499] Stopping work on payload                 id=0x03edf512050adf88 reason=delivery
WARN [03-26|19:42:45.451] {"level":"warn","msg":"Slow block","block":{"number":64626,"hash":"0x62b38de56d912ad7fa79e49713cac1ce7a1ae5daafb5ef0811643e657c4338f3","gas_used":93739282,"tx_count":1},"timing":{"execution_ms":46.6937,"state_read_ms":562.834282,"state_hash_ms":308.736622,"commit_ms":33.025882,"total_ms":951.385956},"throughput":{"mgas_per_sec":98.52918409066783},"state_reads":{"accounts":8,"storage_slots":4094,"code":2,"code_bytes":1422},"state_writes":{"accounts":3,"accounts_deleted":0,"storage_slots":4094,"storage_slots_deleted":0,"code":0,"code_bytes":0},"cache":{"account":{"hits":3,"misses":5,"hit_rate":37.5},"storage":{"hits":487,"misses":3607,"hit_rate":11.895456765999022},"code":{"hits":2,"misses":0,"hit_rate":100,"hit_bytes":1422,"miss_bytes":0}}}
INFO [03-26|19:42:45.451] Imported new potential chain segment     number=64626 hash=62b38d..4338f3 blocks=1 txs=1 mgas=93.739 elapsed=952.447ms  mgasps=98.419 triediffs=256.25MiB triedirty=0.00B
INFO [03-26|19:42:45.453] Chain head was updated                   number=64626 hash=62b38d..4338f3 root=6cc3d6..4fc936 elapsed="90.66µs"
INFO [03-26|19:42:45.894] Submitted transaction                    hash=0x83fddd964466ceb2740e535c878941ae0908a47122363f99b58b0ab49875c24d from=0x1E5A725Bd548f447535bB780457deD21a0D9A97d nonce=1   recipient=0xf39Fd6e51aad88F6F4ce6aB8827279cffFb92266 value=61,451,996,376
INFO [03-26|19:42:55.456] Starting work on payload                 id=0x037b983bc66dfd03
INFO [03-26|19:42:55.457] Updated payload                          id=0x037b983bc66dfd03 number=64627 hash=2d39ef..3377e5 txs=1 withdrawals=0 gas=21000      fees=1.03089e-10     root=3c5990..07a4ca elapsed="952.684µs"
INFO [03-26|19:42:55.457] Stopping work on payload                 id=0x037b983bc66dfd03 reason=delivery
WARN [03-26|19:42:55.459] {"level":"warn","msg":"Slow block","block":{"number":64627,"hash":"0x2d39efefad76d48a958eae2a02d7e1abafe3e5f5d6a5d93b4b21414b0b3377e5","gas_used":21000,"tx_count":1},"timing":{"execution_ms":0.05109,"state_read_ms":0.208078,"state_hash_ms":0.313568,"commit_ms":0.624936,"total_ms":1.277063},"throughput":{"mgas_per_sec":16.443981228803903},"state_reads":{"accounts":6,"storage_slots":0,"code":0,"code_bytes":0},"state_writes":{"accounts":2,"accounts_deleted":0,"storage_slots":0,"storage_slots_deleted":0,"code":0,"code_bytes":0},"cache":{"account":{"hits":2,"misses":4,"hit_rate":33.33333333333333},"storage":{"hits":0,"misses":0,"hit_rate":0},"code":{"hits":0,"misses":0,"hit_rate":0,"hit_bytes":0,"miss_bytes":0}}}
INFO [03-26|19:42:55.459] Imported new potential chain segment     number=64627 hash=2d39ef..3377e5 blocks=1 txs=1 mgas=0.021  elapsed=1.442ms     mgasps=14.560 triediffs=256.24MiB triedirty=0.00B
INFO [03-26|19:42:55.459] Chain head was updated                   number=64627 hash=2d39ef..3377e5 root=3c5990..07a4ca elapsed="67.519µs"
