INFO [03-26|18:36:43.183] Starting Geth on Ethereum mainnet...
INFO [03-26|18:36:43.185] Maximum peer count                       ETH=0 total=0
INFO [03-26|18:36:43.185] Smartcard socket not found, disabling    err="stat /run/pcscd/pcscd.comm: no such file or directory"
WARN [03-26|18:36:43.187] Option --miner.etherbase is deprecated as the etherbase is set by the consensus client post-merge
WARN [03-26|18:36:43.189] Snap sync requested, resetting --cache.snapshot
INFO [03-26|18:36:43.189] Global gas cap disabled
INFO [03-26|18:36:43.833] Using developer account                  address=0xf39Fd6e51aad88F6F4ce6aB8827279cffFb92266
INFO [03-26|18:36:44.076] Using pebble as the backing database
INFO [03-26|18:36:44.076] Allocated cache and file handles         database=/home/CPerezz/bintrie-benchmarks/mpt-vs-bintrie/dbs/mpt/geth/chaindata cache=16.00MiB handles=524,288
INFO [03-26|18:36:46.266] Opened ancient database                  database=/home/CPerezz/bintrie-benchmarks/mpt-vs-bintrie/dbs/mpt/geth/chaindata/ancient/chain readonly=true
INFO [03-26|18:36:46.266] Opened Era store                         datadir=/home/CPerezz/bintrie-benchmarks/mpt-vs-bintrie/dbs/mpt/geth/chaindata/ancient/chain/era
INFO [03-26|18:36:46.275] Initializing the KZG library             backend=gokzg
INFO [03-26|18:36:46.278] Allocated trie memory caches             clean=0.00B dirty=0.00B
INFO [03-26|18:36:46.378] Using pebble as the backing database
INFO [03-26|18:36:46.378] Allocated cache and file handles         database=/home/CPerezz/bintrie-benchmarks/mpt-vs-bintrie/dbs/mpt/geth/chaindata cache=16.00MiB handles=524,288
INFO [03-26|18:36:47.776] Opened ancient database                  database=/home/CPerezz/bintrie-benchmarks/mpt-vs-bintrie/dbs/mpt/geth/chaindata/ancient/chain readonly=false
INFO [03-26|18:36:47.776] Opened Era store                         datadir=/home/CPerezz/bintrie-benchmarks/mpt-vs-bintrie/dbs/mpt/geth/chaindata/ancient/chain/era
INFO [03-26|18:36:47.778] State scheme set to already existing     scheme=path
INFO [03-26|18:36:47.780] Initialising Ethereum protocol           network=1337 dbversion=9
INFO [03-26|18:36:47.780] Load database journal from file          path=/home/CPerezz/bintrie-benchmarks/mpt-vs-bintrie/dbs/mpt/geth/triedb/merkle.journal
INFO [03-26|18:36:47.796] Opened ancient database                  database=/home/CPerezz/bintrie-benchmarks/mpt-vs-bintrie/dbs/mpt/geth/chaindata/ancient/state readonly=false
INFO [03-26|18:36:47.797] Initialized path database                triecache=0.00B statecache=0.00B buffer=0.00B state-history="last 90000 blocks" journal-dir=/home/CPerezz/bintrie-benchmarks/mpt-vs-bintrie/dbs/mpt/geth/triedb
INFO [03-26|18:36:47.797] 
INFO [03-26|18:36:47.797] ---------------------------------------------------------------------------------------------------------------------------------------------------------
INFO [03-26|18:36:47.797] Chain ID:  1337 (unknown)
INFO [03-26|18:36:47.797] Consensus: unknown
INFO [03-26|18:36:47.797] 
INFO [03-26|18:36:47.797] Pre-Merge hard forks (block based):
INFO [03-26|18:36:47.797]  - Homestead:                   #0       
INFO [03-26|18:36:47.797]  - Tangerine Whistle (EIP 150): #0       
INFO [03-26|18:36:47.797]  - Spurious Dragon/1 (EIP 155): #0       
INFO [03-26|18:36:47.797]  - Spurious Dragon/2 (EIP 158): #0       
INFO [03-26|18:36:47.797]  - Byzantium:                   #0       
INFO [03-26|18:36:47.797]  - Constantinople:              #0       
INFO [03-26|18:36:47.798]  - Petersburg:                  #0       
INFO [03-26|18:36:47.798]  - Istanbul:                    #0       
INFO [03-26|18:36:47.798]  - Muir Glacier:                #0       
INFO [03-26|18:36:47.798]  - Berlin:                      #0       
INFO [03-26|18:36:47.798]  - London:                      #0       
INFO [03-26|18:36:47.798]  - Arrow Glacier:               #0       
INFO [03-26|18:36:47.798]  - Gray Glacier:                #0       
INFO [03-26|18:36:47.798] 
INFO [03-26|18:36:47.798] Merge configured:
INFO [03-26|18:36:47.798]  - Total terminal difficulty:  0
INFO [03-26|18:36:47.798]  - Merge netsplit block:       #0       
INFO [03-26|18:36:47.798] 
INFO [03-26|18:36:47.798] Post-Merge hard forks (timestamp based):
INFO [03-26|18:36:47.798]  - Shanghai:                    @0         
INFO [03-26|18:36:47.798]  - Cancun:                      @0          blob: (target: 3, max: 6, fraction: 3338477)
INFO [03-26|18:36:47.798]  - Prague:                      @0          blob: (target: 6, max: 9, fraction: 5225352)
INFO [03-26|18:36:47.798]  - Osaka:                       @4294967295 blob: (target: 9, max: 12, fraction: 5225352)
INFO [03-26|18:36:47.798] 
INFO [03-26|18:36:47.798] All fork specifications can be found at https://ethereum.github.io/execution-specs/src/ethereum/forks/
INFO [03-26|18:36:47.798] 
INFO [03-26|18:36:47.798] ---------------------------------------------------------------------------------------------------------------------------------------------------------
INFO [03-26|18:36:47.798] 
INFO [03-26|18:36:47.798] Loaded most recent local block           number=64281 hash=2f4178..4ea500 age=20s
INFO [03-26|18:36:47.798] Loaded most recent local finalized block number=64256 hash=d2323c..ec08f4 age=5m58s
INFO [03-26|18:36:47.799] Initialized transaction indexer          range="last 2350000 blocks"
INFO [03-26|18:36:47.799] Initialized log indexer                  firstblock=0 lastblock=64281 firstmap=0 lastmap=4 headindexed=true
INFO [03-26|18:36:47.812] Enabled full-sync                        head=64281 hash=2f4178..4ea500
INFO [03-26|18:36:47.813] Unprotected transactions allowed
INFO [03-26|18:36:47.813] Gasprice oracle is ignoring threshold set threshold=2
INFO [03-26|18:36:47.813] Registered sync override service
WARN [03-26|18:36:47.813] You are running Geth in --dev mode. Please note the following:
WARN [03-26|18:36:47.813] 
WARN [03-26|18:36:47.813]   1. This mode is only intended for fast, iterative development without assumptions on
WARN [03-26|18:36:47.813]      security or persistence.
WARN [03-26|18:36:47.813]   2. The database is created in memory unless specified otherwise. Therefore, shutting down
WARN [03-26|18:36:47.813]      your computer or losing power will wipe your entire block data and chain state for
WARN [03-26|18:36:47.813]      your dev environment.
WARN [03-26|18:36:47.813]   3. A random, pre-allocated developer account will be available and unlocked as
WARN [03-26|18:36:47.813]      eth.coinbase, which can be used for testing. The random dev account is temporary,
WARN [03-26|18:36:47.813]      stored on a ramdisk, and will be lost if your machine is restarted.
WARN [03-26|18:36:47.813]   4. Mining is enabled by default. However, the client will only seal blocks if transactions
WARN [03-26|18:36:47.813]      are pending in the mempool. The miner's minimum accepted gas price is 1.
WARN [03-26|18:36:47.813]   5. Networking is disabled; there is no listen-address, the maximum number of peers is set
WARN [03-26|18:36:47.813]      to 0, and discovery is disabled.
WARN [03-26|18:36:47.813] 
INFO [03-26|18:36:47.813] Starting peer-to-peer node               instance=Geth/v1.17.2-unstable-5d0e18f7-20260325/linux-amd64/go1.24.1
WARN [03-26|18:36:47.813] P2P server will be useless, neither dialing nor listening
INFO [03-26|18:36:47.829] IPC endpoint opened                      url=/home/CPerezz/bintrie-benchmarks/mpt-vs-bintrie/dbs/mpt/geth.ipc
ERROR[03-26|18:36:47.829] Unavailable modules in HTTP API list     unavailable=[personal] available="[admin debug web3 eth txpool miner net dev testing]"
INFO [03-26|18:36:47.829] HTTP server started                      endpoint=[::]:8545 auth=false prefix= cors= vhosts=localhost
INFO [03-26|18:36:47.829] WebSocket enabled                        url=ws://[::]:8546
INFO [03-26|18:36:47.830] New local node record                    seq=1,774,465,406,009 id=9566f6e861acb2c3 ip=127.0.0.1 udp=0 tcp=0
INFO [03-26|18:36:47.830] Started P2P networking                   self=enode://7bcb27e0859fe4ed7072e298a58918cc0b55d08376b1207f77d84f6d0d34ded7448b64ab16dd00733b489383beff49c04f662afae4dd1dc102807640ff82a1cd@127.0.0.1:0
INFO [03-26|18:36:47.844] Loaded local transaction journal         transactions=303 dropped=0
INFO [03-26|18:36:48.886] Started log indexer
INFO [03-26|18:36:48.895] Starting work on payload                 id=0x0331069535f0d666
INFO [03-26|18:36:48.896] Updated payload                          id=0x0331069535f0d666 number=64282 hash=71d587..8a45a6 txs=0 withdrawals=0 gas=0 fees=0 root=62200e..a83291 elapsed="303.799µs"
INFO [03-26|18:36:48.896] Stopping work on payload                 id=0x0331069535f0d666 reason=delivery
WARN [03-26|18:36:48.900] {"level":"warn","msg":"Slow block","block":{"number":64282,"hash":"0x71d587941ff6d281b293fe4ba455eb0ea61006750549cca51d61dc0d4d8a45a6","gas_used":0,"tx_count":0},"timing":{"execution_ms":0.03085,"state_read_ms":0.370288,"state_hash_ms":0.016419,"commit_ms":0.124349,"total_ms":0.608748},"throughput":{"mgas_per_sec":0},"state_reads":{"accounts":4,"storage_slots":0,"code":0,"code_bytes":0},"state_writes":{"accounts":0,"accounts_deleted":0,"storage_slots":0,"storage_slots_deleted":0,"code":0,"code_bytes":0},"cache":{"account":{"hits":0,"misses":4,"hit_rate":0},"storage":{"hits":0,"misses":0,"hit_rate":0},"code":{"hits":0,"misses":0,"hit_rate":0,"hit_bytes":0,"miss_bytes":0}}}
INFO [03-26|18:36:48.900] Imported new potential chain segment     number=64282 hash=71d587..8a45a6 blocks=1 txs=0 mgas=0.000 elapsed=3.587ms     mgasps=0.000 triediffs=1.20MiB triedirty=0.00B
INFO [03-26|18:36:48.900] Ready for fork activation                fork=Osaka date="07 Feb 06 07:28 CET" remaining=700116h51m26s timestamp=4,294,967,295
INFO [03-26|18:36:48.900] Chain head was updated                   number=64282 hash=71d587..8a45a6 root=62200e..a83291 elapsed="51.769µs"
INFO [03-26|18:36:49.464] Submitted contract creation              hash=0x261697adf8d307c699f09ea2e3521a528aff92d89303d467e82c486ae78d1182 from=0xf39Fd6e51aad88F6F4ce6aB8827279cffFb92266 nonce=280 contract=0x975Ab64F4901Af5f0C96636deA0b9de3419D0c2F value=0
INFO [03-26|18:36:49.466] Submitted transaction                    hash=0x388200cb342b5482ef946b05ad31b0113ed0d322c5aa5263bd2468a8f2fc3251 from=0xf39Fd6e51aad88F6F4ce6aB8827279cffFb92266 nonce=281 recipient=0x6d9f013b4A6805B008011E40ccB85ce5Fe8Fb2cd value=1,600,000,000
INFO [03-26|18:36:58.903] Starting work on payload                 id=0x03aeb3726a0ad31a
INFO [03-26|18:36:58.910] Updated payload                          id=0x03aeb3726a0ad31a number=64283 hash=391a80..e5271a txs=2 withdrawals=0 gas=89662 fees=7.17296e-13 root=6544d4..e5af72 elapsed=6.809ms
INFO [03-26|18:36:58.910] Stopping work on payload                 id=0x03aeb3726a0ad31a reason=delivery
WARN [03-26|18:36:58.914] {"level":"warn","msg":"Slow block","block":{"number":64283,"hash":"0x391a80720d74086023690f80976c5eb7aabaf996eba8e1f596407332fee5271a","gas_used":89662,"tx_count":2},"timing":{"execution_ms":0.10635,"state_read_ms":0.431407,"state_hash_ms":0.431337,"commit_ms":1.176963,"total_ms":2.248318},"throughput":{"mgas_per_sec":39.87958998682571},"state_reads":{"accounts":11,"storage_slots":0,"code":0,"code_bytes":0},"state_writes":{"accounts":3,"accounts_deleted":0,"storage_slots":0,"storage_slots_deleted":0,"code":1,"code_bytes":72},"cache":{"account":{"hits":7,"misses":4,"hit_rate":63.63636363636363},"storage":{"hits":0,"misses":0,"hit_rate":0},"code":{"hits":0,"misses":0,"hit_rate":0,"hit_bytes":0,"miss_bytes":0}}}
INFO [03-26|18:36:58.914] Imported new potential chain segment     number=64283 hash=391a80..e5271a blocks=1 txs=2 mgas=0.090 elapsed=2.592ms     mgasps=34.581 triediffs=1.21MiB triedirty=0.00B
INFO [03-26|18:36:58.914] Chain head was updated                   number=64283 hash=391a80..e5271a root=6544d4..e5af72 elapsed="197.009µs"
INFO [03-26|18:36:59.551] Submitted transaction                    hash=0xfea9d8b137eef15d2c034f7b9f9ea94ec5eda5eb6a7d96fdfae2fcca6fdb908e from=0x6d9f013b4A6805B008011E40ccB85ce5Fe8Fb2cd nonce=0   recipient=0x975Ab64F4901Af5f0C96636deA0b9de3419D0c2F value=0
INFO [03-26|18:37:08.916] Starting work on payload                 id=0x03cfef028a71efd4
WARN [03-26|18:37:16.041] Block building is interrupted            allowance=2s
INFO [03-26|18:37:16.042] Updated payload                          id=0x03cfef028a71efd4 number=64284 hash=23101f..4459d2 txs=1 withdrawals=0 gas=100,000,000 fees=8e-10       root=6bbbd1..49083b elapsed=7.125s
WARN [03-26|18:37:21.246] {"level":"warn","msg":"Slow block","block":{"number":64284,"hash":"0x23101f9e3e0a49b8044d951beef8a88ef13bd8ecfaa17b00976baf683f4459d2","gas_used":100000000,"tx_count":1},"timing":{"execution_ms":270.420381,"state_read_ms":4905.776164,"state_hash_ms":0.073489,"commit_ms":26.064025,"total_ms":5202.43803},"throughput":{"mgas_per_sec":19.22175707300064},"state_reads":{"accounts":8,"storage_slots":36742,"code":2,"code_bytes":1416},"state_writes":{"accounts":2,"accounts_deleted":0,"storage_slots":0,"storage_slots_deleted":0,"code":0,"code_bytes":0},"cache":{"account":{"hits":4,"misses":4,"hit_rate":50},"storage":{"hits":3122,"misses":33620,"hit_rate":8.49708780142616},"code":{"hits":2,"misses":0,"hit_rate":100,"hit_bytes":1416,"miss_bytes":0}}}
INFO [03-26|18:37:21.246] Imported new potential chain segment     number=64284 hash=23101f..4459d2 blocks=1 txs=1 mgas=100.000 elapsed=5.203s      mgasps=19.218 triediffs=1.21MiB triedirty=0.00B
INFO [03-26|18:37:21.247] Chain head was updated                   number=64284 hash=23101f..4459d2 root=6bbbd1..49083b elapsed="45.16µs"
WARN [03-26|18:37:21.471] Block building is interrupted            allowance=2s
INFO [03-26|18:37:21.472] Stopping work on payload                 id=0x03cfef028a71efd4 reason=timeout
