INFO [03-26|19:58:51.754] Starting Geth on Ethereum mainnet...
INFO [03-26|19:58:51.755] Maximum peer count                       ETH=0 total=0
INFO [03-26|19:58:51.756] Smartcard socket not found, disabling    err="stat /run/pcscd/pcscd.comm: no such file or directory"
WARN [03-26|19:58:51.758] Option --miner.etherbase is deprecated as the etherbase is set by the consensus client post-merge
WARN [03-26|19:58:51.759] Snap sync requested, resetting --cache.snapshot
INFO [03-26|19:58:51.759] Global gas cap disabled
INFO [03-26|19:58:52.405] Using developer account                  address=0xf39Fd6e51aad88F6F4ce6aB8827279cffFb92266
INFO [03-26|19:58:52.572] Using pebble as the backing database
INFO [03-26|19:58:52.572] Allocated cache and file handles         database=/home/CPerezz/bintrie-benchmarks/mpt-vs-bintrie/dbs/mpt/geth/chaindata cache=16.00MiB handles=524,288
INFO [03-26|19:58:53.686] Opened ancient database                  database=/home/CPerezz/bintrie-benchmarks/mpt-vs-bintrie/dbs/mpt/geth/chaindata/ancient/chain readonly=true
INFO [03-26|19:58:53.686] Opened Era store                         datadir=/home/CPerezz/bintrie-benchmarks/mpt-vs-bintrie/dbs/mpt/geth/chaindata/ancient/chain/era
INFO [03-26|19:58:53.697] Initializing the KZG library             backend=gokzg
INFO [03-26|19:58:53.700] Allocated trie memory caches             clean=0.00B dirty=0.00B
INFO [03-26|19:58:53.798] Using pebble as the backing database
INFO [03-26|19:58:53.798] Allocated cache and file handles         database=/home/CPerezz/bintrie-benchmarks/mpt-vs-bintrie/dbs/mpt/geth/chaindata cache=16.00MiB handles=524,288
INFO [03-26|19:58:55.113] Opened ancient database                  database=/home/CPerezz/bintrie-benchmarks/mpt-vs-bintrie/dbs/mpt/geth/chaindata/ancient/chain readonly=false
INFO [03-26|19:58:55.113] Opened Era store                         datadir=/home/CPerezz/bintrie-benchmarks/mpt-vs-bintrie/dbs/mpt/geth/chaindata/ancient/chain/era
INFO [03-26|19:58:55.114] State scheme set to already existing     scheme=path
INFO [03-26|19:58:55.114] Initialising Ethereum protocol           network=1337 dbversion=9
INFO [03-26|19:58:55.114] Load database journal from file          path=/home/CPerezz/bintrie-benchmarks/mpt-vs-bintrie/dbs/mpt/geth/triedb/merkle.journal
INFO [03-26|19:58:57.049] Opened ancient database                  database=/home/CPerezz/bintrie-benchmarks/mpt-vs-bintrie/dbs/mpt/geth/chaindata/ancient/state readonly=false
INFO [03-26|19:58:57.049] Initialized path database                triecache=0.00B statecache=0.00B buffer=0.00B state-history="last 90000 blocks" journal-dir=/home/CPerezz/bintrie-benchmarks/mpt-vs-bintrie/dbs/mpt/geth/triedb
INFO [03-26|19:58:57.052] 
INFO [03-26|19:58:57.052] ---------------------------------------------------------------------------------------------------------------------------------------------------------
INFO [03-26|19:58:57.052] Chain ID:  1337 (unknown)
INFO [03-26|19:58:57.052] Consensus: unknown
INFO [03-26|19:58:57.052] 
INFO [03-26|19:58:57.052] Pre-Merge hard forks (block based):
INFO [03-26|19:58:57.052]  - Homestead:                   #0       
INFO [03-26|19:58:57.052]  - Tangerine Whistle (EIP 150): #0       
INFO [03-26|19:58:57.052]  - Spurious Dragon/1 (EIP 155): #0       
INFO [03-26|19:58:57.052]  - Spurious Dragon/2 (EIP 158): #0       
INFO [03-26|19:58:57.052]  - Byzantium:                   #0       
INFO [03-26|19:58:57.052]  - Constantinople:              #0       
INFO [03-26|19:58:57.052]  - Petersburg:                  #0       
INFO [03-26|19:58:57.052]  - Istanbul:                    #0       
INFO [03-26|19:58:57.052]  - Muir Glacier:                #0       
INFO [03-26|19:58:57.052]  - Berlin:                      #0       
INFO [03-26|19:58:57.052]  - London:                      #0       
INFO [03-26|19:58:57.052]  - Arrow Glacier:               #0       
INFO [03-26|19:58:57.052]  - Gray Glacier:                #0       
INFO [03-26|19:58:57.052] 
INFO [03-26|19:58:57.052] Merge configured:
INFO [03-26|19:58:57.052]  - Total terminal difficulty:  0
INFO [03-26|19:58:57.052]  - Merge netsplit block:       #0       
INFO [03-26|19:58:57.052] 
INFO [03-26|19:58:57.052] Post-Merge hard forks (timestamp based):
INFO [03-26|19:58:57.052]  - Shanghai:                    @0         
INFO [03-26|19:58:57.052]  - Cancun:                      @0          blob: (target: 3, max: 6, fraction: 3338477)
INFO [03-26|19:58:57.052]  - Prague:                      @0          blob: (target: 6, max: 9, fraction: 5225352)
INFO [03-26|19:58:57.052]  - Osaka:                       @4294967295 blob: (target: 9, max: 12, fraction: 5225352)
INFO [03-26|19:58:57.052] 
INFO [03-26|19:58:57.052] All fork specifications can be found at https://ethereum.github.io/execution-specs/src/ethereum/forks/
INFO [03-26|19:58:57.052] 
INFO [03-26|19:58:57.052] ---------------------------------------------------------------------------------------------------------------------------------------------------------
INFO [03-26|19:58:57.052] 
INFO [03-26|19:58:57.053] Loaded most recent local block           number=64712 hash=cdd73d..f936a7 age=11s
INFO [03-26|19:58:57.053] Loaded most recent local finalized block number=64704 hash=3f6559..2da836 age=1m40s
INFO [03-26|19:58:57.054] Initialized transaction indexer          range="last 2350000 blocks"
INFO [03-26|19:58:57.054] Initialized log indexer                  firstblock=0 lastblock=64712 firstmap=0 lastmap=4 headindexed=true
INFO [03-26|19:58:57.055] Enabled full-sync                        head=64712 hash=cdd73d..f936a7
INFO [03-26|19:58:57.055] Unprotected transactions allowed
INFO [03-26|19:58:57.055] Gasprice oracle is ignoring threshold set threshold=2
INFO [03-26|19:58:57.055] Registered sync override service
WARN [03-26|19:58:57.055] You are running Geth in --dev mode. Please note the following:
WARN [03-26|19:58:57.055] 
WARN [03-26|19:58:57.055]   1. This mode is only intended for fast, iterative development without assumptions on
WARN [03-26|19:58:57.055]      security or persistence.
WARN [03-26|19:58:57.055]   2. The database is created in memory unless specified otherwise. Therefore, shutting down
WARN [03-26|19:58:57.055]      your computer or losing power will wipe your entire block data and chain state for
WARN [03-26|19:58:57.055]      your dev environment.
WARN [03-26|19:58:57.055]   3. A random, pre-allocated developer account will be available and unlocked as
WARN [03-26|19:58:57.055]      eth.coinbase, which can be used for testing. The random dev account is temporary,
WARN [03-26|19:58:57.055]      stored on a ramdisk, and will be lost if your machine is restarted.
WARN [03-26|19:58:57.055]   4. Mining is enabled by default. However, the client will only seal blocks if transactions
WARN [03-26|19:58:57.055]      are pending in the mempool. The miner's minimum accepted gas price is 1.
WARN [03-26|19:58:57.055]   5. Networking is disabled; there is no listen-address, the maximum number of peers is set
WARN [03-26|19:58:57.055]      to 0, and discovery is disabled.
WARN [03-26|19:58:57.055] 
INFO [03-26|19:58:57.055] Starting peer-to-peer node               instance=Geth/v1.17.2-unstable-5d0e18f7-20260325/linux-amd64/go1.24.1
WARN [03-26|19:58:57.055] P2P server will be useless, neither dialing nor listening
INFO [03-26|19:58:57.059] IPC endpoint opened                      url=/home/CPerezz/bintrie-benchmarks/mpt-vs-bintrie/dbs/mpt/geth.ipc
ERROR[03-26|19:58:57.059] Unavailable modules in HTTP API list     unavailable=[personal] available="[admin debug web3 eth txpool miner net dev testing]"
INFO [03-26|19:58:57.059] HTTP server started                      endpoint=[::]:8545 auth=false prefix= cors= vhosts=localhost
INFO [03-26|19:58:57.059] WebSocket enabled                        url=ws://[::]:8546
INFO [03-26|19:58:57.060] New local node record                    seq=1,774,465,406,173 id=9566f6e861acb2c3 ip=127.0.0.1 udp=0 tcp=0
INFO [03-26|19:58:57.060] Started P2P networking                   self=enode://7bcb27e0859fe4ed7072e298a58918cc0b55d08376b1207f77d84f6d0d34ded7448b64ab16dd00733b489383beff49c04f662afae4dd1dc102807640ff82a1cd@127.0.0.1:0
INFO [03-26|19:58:57.141] Loaded local transaction journal         transactions=857 dropped=0
INFO [03-26|19:58:58.716] Submitted contract creation              hash=0x79b88bdc738f8bc6fda25f9d1746a4ce7814d13ba344838a9988bc164ddb5e4e from=0xf39Fd6e51aad88F6F4ce6aB8827279cffFb92266 nonce=608 contract=0x484242986F57dFcA98EeC2C78427931C63F1C4ce value=0
INFO [03-26|19:58:58.717] Submitted transaction                    hash=0x34071426258c289eda6c7dda3459e55692452e82ed21e88fdb666641567d4ab4 from=0xf39Fd6e51aad88F6F4ce6aB8827279cffFb92266 nonce=609 recipient=0x716acc839300B2A0E5c8D6BC810C3D135cB4d2C3 value=11,811,700,000,000
INFO [03-26|19:58:59.115] Started log indexer
INFO [03-26|19:58:59.119] Starting work on payload                 id=0x03246a804822f142
INFO [03-26|19:58:59.125] Updated payload                          id=0x03246a804822f142 number=64713 hash=a1d1ea..46fb2a txs=2 withdrawals=0 gas=90958 fees=1.074295842e-08 root=c3eb78..27bd3f elapsed=5.646ms
INFO [03-26|19:58:59.125] Stopping work on payload                 id=0x03246a804822f142 reason=delivery
WARN [03-26|19:58:59.133] {"level":"warn","msg":"Slow block","block":{"number":64713,"hash":"0xa1d1eae46160a0c041a412e3f93f8044be8965c38a01adc9524c38a97046fb2a","gas_used":90958,"tx_count":2},"timing":{"execution_ms":0.138262,"state_read_ms":0.377295,"state_hash_ms":0.417238,"commit_ms":6.081586,"total_ms":7.122981},"throughput":{"mgas_per_sec":12.769653604298538},"state_reads":{"accounts":11,"storage_slots":0,"code":0,"code_bytes":0},"state_writes":{"accounts":3,"accounts_deleted":0,"storage_slots":0,"storage_slots_deleted":0,"code":1,"code_bytes":78},"cache":{"account":{"hits":6,"misses":5,"hit_rate":54.54545454545454},"storage":{"hits":0,"misses":0,"hit_rate":0},"code":{"hits":0,"misses":0,"hit_rate":0,"hit_bytes":0,"miss_bytes":0}}}
INFO [03-26|19:58:59.133] Imported new potential chain segment     number=64713 hash=a1d1ea..46fb2a blocks=1 txs=2 mgas=0.091 elapsed=7.319ms mgasps=12.426 triediffs=306.53MiB triedirty=0.00B
INFO [03-26|19:58:59.133] Ready for fork activation                fork=Osaka date="07 Feb 06 07:28 CET" remaining=700115h29m16s timestamp=4,294,967,295
INFO [03-26|19:58:59.133] Chain head was updated                   number=64713 hash=a1d1ea..46fb2a root=c3eb78..27bd3f elapsed="124.859µs"
INFO [03-26|19:58:59.730] Submitted transaction                    hash=0xd619f098e60f98be4143901bfa74f01c89e5839eb954c6aa63a056b1be37258e from=0x716acc839300B2A0E5c8D6BC810C3D135cB4d2C3 nonce=0   recipient=0x484242986F57dFcA98EeC2C78427931C63F1C4ce value=0
INFO [03-26|19:59:09.137] Starting work on payload                 id=0x03ace3161b6e5d25
INFO [03-26|19:59:09.929] Updated payload                          id=0x03ace3161b6e5d25 number=64714 hash=894206..d95da0 txs=1 withdrawals=0 gas=93,739,282 fees=1.107145286e-05 root=1b9772..1ee569 elapsed=791.551ms
INFO [03-26|19:59:09.929] Stopping work on payload                 id=0x03ace3161b6e5d25 reason=delivery
WARN [03-26|19:59:10.865] {"level":"warn","msg":"Slow block","block":{"number":64714,"hash":"0x894206ac40423522d4561e5e03a2d66cea8d06f75980d441aa1d0805c3d95da0","gas_used":93739282,"tx_count":1},"timing":{"execution_ms":42.432675,"state_read_ms":591.434384,"state_hash_ms":269.9253,"commit_ms":29.735941,"total_ms":933.602992},"throughput":{"mgas_per_sec":100.40593571705263},"state_reads":{"accounts":8,"storage_slots":4094,"code":2,"code_bytes":1422},"state_writes":{"accounts":3,"accounts_deleted":0,"storage_slots":4094,"storage_slots_deleted":0,"code":0,"code_bytes":0},"cache":{"account":{"hits":3,"misses":5,"hit_rate":37.5},"storage":{"hits":617,"misses":3477,"hit_rate":15.070835368832439},"code":{"hits":2,"misses":0,"hit_rate":100,"hit_bytes":1422,"miss_bytes":0}}}
INFO [03-26|19:59:10.865] Imported new potential chain segment     number=64714 hash=894206..d95da0 blocks=1 txs=1 mgas=93.739 elapsed=935.905ms   mgasps=100.159 triediffs=314.31MiB triedirty=0.00B
INFO [03-26|19:59:10.867] Chain head was updated                   number=64714 hash=894206..d95da0 root=1b9772..1ee569 elapsed="82.21µs"
INFO [03-26|19:59:11.806] Submitted transaction                    hash=0x24f8768c80a4640645f9514c76049eeefd35227f9f455b67609b379c460bf258 from=0x716acc839300B2A0E5c8D6BC810C3D135cB4d2C3 nonce=1   recipient=0xf39Fd6e51aad88F6F4ce6aB8827279cffFb92266 value=738,256,863,006
INFO [03-26|19:59:20.871] Starting work on payload                 id=0x03b771dcbd267391
INFO [03-26|19:59:20.872] Updated payload                          id=0x03b771dcbd267391 number=64715 hash=0e0ed2..2dcf96 txs=1 withdrawals=0 gas=21000      fees=1.240092e-09    root=a71ded..7cca81 elapsed=1.438ms
INFO [03-26|19:59:20.872] Stopping work on payload                 id=0x03b771dcbd267391 reason=delivery
WARN [03-26|19:59:20.874] {"level":"warn","msg":"Slow block","block":{"number":64715,"hash":"0x0e0ed29f08a60578d238bcd28eb2f57f860158df037f1162816f9562be2dcf96","gas_used":21000,"tx_count":1},"timing":{"execution_ms":0.04535,"state_read_ms":0.139199,"state_hash_ms":0.149589,"commit_ms":0.569097,"total_ms":0.940246},"throughput":{"mgas_per_sec":22.334580524671203},"state_reads":{"accounts":6,"storage_slots":0,"code":0,"code_bytes":0},"state_writes":{"accounts":2,"accounts_deleted":0,"storage_slots":0,"storage_slots_deleted":0,"code":0,"code_bytes":0},"cache":{"account":{"hits":0,"misses":6,"hit_rate":0},"storage":{"hits":0,"misses":0,"hit_rate":0},"code":{"hits":0,"misses":0,"hit_rate":0,"hit_bytes":0,"miss_bytes":0}}}
INFO [03-26|19:59:20.874] Imported new potential chain segment     number=64715 hash=0e0ed2..2dcf96 blocks=1 txs=1 mgas=0.021  elapsed=1.086ms     mgasps=19.334  triediffs=314.31MiB triedirty=0.00B
INFO [03-26|19:59:20.874] Chain head was updated                   number=64715 hash=0e0ed2..2dcf96 root=a71ded..7cca81 elapsed="65.41µs"
