INFO [03-26|17:30:09.094] Starting Geth on Ethereum mainnet...
INFO [03-26|17:30:09.096] Maximum peer count                       ETH=0 total=0
INFO [03-26|17:30:09.096] Smartcard socket not found, disabling    err="stat /run/pcscd/pcscd.comm: no such file or directory"
WARN [03-26|17:30:09.099] Option --miner.etherbase is deprecated as the etherbase is set by the consensus client post-merge
WARN [03-26|17:30:09.100] Snap sync requested, resetting --cache.snapshot
INFO [03-26|17:30:09.100] Global gas cap disabled
INFO [03-26|17:30:09.759] Using developer account                  address=0xf39Fd6e51aad88F6F4ce6aB8827279cffFb92266
INFO [03-26|17:30:09.999] Using pebble as the backing database
INFO [03-26|17:30:09.999] Allocated cache and file handles         database=/home/CPerezz/bintrie-benchmarks/mpt-vs-bintrie/dbs/mpt/geth/chaindata cache=16.00MiB handles=524,288
INFO [03-26|17:30:12.237] Opened ancient database                  database=/home/CPerezz/bintrie-benchmarks/mpt-vs-bintrie/dbs/mpt/geth/chaindata/ancient/chain readonly=true
INFO [03-26|17:30:12.237] Opened Era store                         datadir=/home/CPerezz/bintrie-benchmarks/mpt-vs-bintrie/dbs/mpt/geth/chaindata/ancient/chain/era
INFO [03-26|17:30:12.245] Initializing the KZG library             backend=gokzg
INFO [03-26|17:30:12.248] Allocated trie memory caches             clean=0.00B dirty=0.00B
INFO [03-26|17:30:12.348] Using pebble as the backing database
INFO [03-26|17:30:12.348] Allocated cache and file handles         database=/home/CPerezz/bintrie-benchmarks/mpt-vs-bintrie/dbs/mpt/geth/chaindata cache=16.00MiB handles=524,288
INFO [03-26|17:30:13.699] Opened ancient database                  database=/home/CPerezz/bintrie-benchmarks/mpt-vs-bintrie/dbs/mpt/geth/chaindata/ancient/chain readonly=false
INFO [03-26|17:30:13.699] Opened Era store                         datadir=/home/CPerezz/bintrie-benchmarks/mpt-vs-bintrie/dbs/mpt/geth/chaindata/ancient/chain/era
INFO [03-26|17:30:13.701] State scheme set to already existing     scheme=path
INFO [03-26|17:30:13.703] Initialising Ethereum protocol           network=1337 dbversion=9
INFO [03-26|17:30:13.703] Load database journal from file          path=/home/CPerezz/bintrie-benchmarks/mpt-vs-bintrie/dbs/mpt/geth/triedb/merkle.journal
INFO [03-26|17:30:16.103] Opened ancient database                  database=/home/CPerezz/bintrie-benchmarks/mpt-vs-bintrie/dbs/mpt/geth/chaindata/ancient/state readonly=false
INFO [03-26|17:30:16.104] Initialized path database                triecache=0.00B statecache=0.00B buffer=0.00B state-history="last 90000 blocks" journal-dir=/home/CPerezz/bintrie-benchmarks/mpt-vs-bintrie/dbs/mpt/geth/triedb
INFO [03-26|17:30:16.104] 
INFO [03-26|17:30:16.104] ---------------------------------------------------------------------------------------------------------------------------------------------------------
INFO [03-26|17:30:16.104] Chain ID:  1337 (unknown)
INFO [03-26|17:30:16.104] Consensus: unknown
INFO [03-26|17:30:16.104] 
INFO [03-26|17:30:16.104] Pre-Merge hard forks (block based):
INFO [03-26|17:30:16.104]  - Homestead:                   #0       
INFO [03-26|17:30:16.104]  - Tangerine Whistle (EIP 150): #0       
INFO [03-26|17:30:16.104]  - Spurious Dragon/1 (EIP 155): #0       
INFO [03-26|17:30:16.104]  - Spurious Dragon/2 (EIP 158): #0       
INFO [03-26|17:30:16.104]  - Byzantium:                   #0       
INFO [03-26|17:30:16.104]  - Constantinople:              #0       
INFO [03-26|17:30:16.104]  - Petersburg:                  #0       
INFO [03-26|17:30:16.104]  - Istanbul:                    #0       
INFO [03-26|17:30:16.104]  - Muir Glacier:                #0       
INFO [03-26|17:30:16.104]  - Berlin:                      #0       
INFO [03-26|17:30:16.104]  - London:                      #0       
INFO [03-26|17:30:16.104]  - Arrow Glacier:               #0       
INFO [03-26|17:30:16.104]  - Gray Glacier:                #0       
INFO [03-26|17:30:16.104] 
INFO [03-26|17:30:16.104] Merge configured:
INFO [03-26|17:30:16.104]  - Total terminal difficulty:  0
INFO [03-26|17:30:16.104]  - Merge netsplit block:       #0       
INFO [03-26|17:30:16.104] 
INFO [03-26|17:30:16.104] Post-Merge hard forks (timestamp based):
INFO [03-26|17:30:16.104]  - Shanghai:                    @0         
INFO [03-26|17:30:16.104]  - Cancun:                      @0          blob: (target: 3, max: 6, fraction: 3338477)
INFO [03-26|17:30:16.104]  - Prague:                      @0          blob: (target: 6, max: 9, fraction: 5225352)
INFO [03-26|17:30:16.104]  - Osaka:                       @4294967295 blob: (target: 9, max: 12, fraction: 5225352)
INFO [03-26|17:30:16.104] 
INFO [03-26|17:30:16.104] All fork specifications can be found at https://ethereum.github.io/execution-specs/src/ethereum/forks/
INFO [03-26|17:30:16.104] 
INFO [03-26|17:30:16.104] ---------------------------------------------------------------------------------------------------------------------------------------------------------
INFO [03-26|17:30:16.104] 
INFO [03-26|17:30:16.105] Loaded most recent local block           number=64006 hash=28f475..894aea age=27s
INFO [03-26|17:30:16.105] Loaded most recent local finalized block number=64000 hash=c1425e..2acdcd age=2m3s
INFO [03-26|17:30:16.106] Initialized transaction indexer          range="last 2350000 blocks"
INFO [03-26|17:30:16.106] Initialized log indexer                  firstblock=0 lastblock=64006 firstmap=0 lastmap=4 headindexed=true
INFO [03-26|17:30:16.115] Enabled full-sync                        head=64006 hash=28f475..894aea
INFO [03-26|17:30:16.116] Unprotected transactions allowed
INFO [03-26|17:30:16.116] Gasprice oracle is ignoring threshold set threshold=2
INFO [03-26|17:30:16.117] Registered sync override service
WARN [03-26|17:30:16.118] You are running Geth in --dev mode. Please note the following:
WARN [03-26|17:30:16.118] 
WARN [03-26|17:30:16.118]   1. This mode is only intended for fast, iterative development without assumptions on
WARN [03-26|17:30:16.118]      security or persistence.
WARN [03-26|17:30:16.118]   2. The database is created in memory unless specified otherwise. Therefore, shutting down
WARN [03-26|17:30:16.118]      your computer or losing power will wipe your entire block data and chain state for
WARN [03-26|17:30:16.118]      your dev environment.
WARN [03-26|17:30:16.118]   3. A random, pre-allocated developer account will be available and unlocked as
WARN [03-26|17:30:16.118]      eth.coinbase, which can be used for testing. The random dev account is temporary,
WARN [03-26|17:30:16.118]      stored on a ramdisk, and will be lost if your machine is restarted.
WARN [03-26|17:30:16.118]   4. Mining is enabled by default. However, the client will only seal blocks if transactions
WARN [03-26|17:30:16.118]      are pending in the mempool. The miner's minimum accepted gas price is 1.
WARN [03-26|17:30:16.118]   5. Networking is disabled; there is no listen-address, the maximum number of peers is set
WARN [03-26|17:30:16.118]      to 0, and discovery is disabled.
WARN [03-26|17:30:16.118] 
INFO [03-26|17:30:16.118] Starting peer-to-peer node               instance=Geth/v1.17.2-unstable-5d0e18f7-20260325/linux-amd64/go1.24.1
WARN [03-26|17:30:16.118] P2P server will be useless, neither dialing nor listening
INFO [03-26|17:30:16.126] IPC endpoint opened                      url=/home/CPerezz/bintrie-benchmarks/mpt-vs-bintrie/dbs/mpt/geth.ipc
ERROR[03-26|17:30:16.126] Unavailable modules in HTTP API list     unavailable=[personal] available="[admin debug web3 eth txpool miner net dev testing]"
INFO [03-26|17:30:16.127] HTTP server started                      endpoint=[::]:8545 auth=false prefix= cors= vhosts=localhost
INFO [03-26|17:30:16.127] WebSocket enabled                        url=ws://[::]:8546
INFO [03-26|17:30:16.128] New local node record                    seq=1,774,465,405,916 id=9566f6e861acb2c3 ip=127.0.0.1 udp=0 tcp=0
INFO [03-26|17:30:16.128] Started P2P networking                   self=enode://7bcb27e0859fe4ed7072e298a58918cc0b55d08376b1207f77d84f6d0d34ded7448b64ab16dd00733b489383beff49c04f662afae4dd1dc102807640ff82a1cd@127.0.0.1:0
INFO [03-26|17:30:16.132] Loaded local transaction journal         transactions=24 dropped=0
INFO [03-26|17:30:17.373] Submitted contract creation              hash=0xd516f221ade80edf343e36cec202e1c9a20692e96716591d81f1a64f0f256cc3 from=0xf39Fd6e51aad88F6F4ce6aB8827279cffFb92266 nonce=94 contract=0x86A2EE8FAf9A840F7a2c64CA3d51209F9A02081D value=0
INFO [03-26|17:30:17.376] Submitted transaction                    hash=0xfe65d275d2586d38cc2a04b13bf1e14b42207964df99e2eb358100d4ca79d3f6 from=0xf39Fd6e51aad88F6F4ce6aB8827279cffFb92266 nonce=95 recipient=0xB89a837314dD7e0F48B6F75DE4065AdB53C495BF value=1,400,000,000
INFO [03-26|17:30:17.470] Started log indexer
INFO [03-26|17:30:17.478] Starting work on payload                 id=0x03b88d000a5f6526
INFO [03-26|17:30:17.484] Updated payload                          id=0x03b88d000a5f6526 number=64007 hash=f35422..9d7907 txs=2 withdrawals=0 gas=89662 fees=4.4831e-13 root=3fac84..dc765e elapsed=6.694ms
INFO [03-26|17:30:17.485] Stopping work on payload                 id=0x03b88d000a5f6526 reason=delivery
WARN [03-26|17:30:17.492] {"level":"warn","msg":"Slow block","block":{"number":64007,"hash":"0xf3542278156c6595ca35b5b91e38087c8ab114584eb46f68f37a5d0a809d7907","gas_used":89662,"tx_count":2},"timing":{"execution_ms":0.056369,"state_read_ms":0.1354,"state_hash_ms":1.006304,"commit_ms":5.790868,"total_ms":7.046872},"throughput":{"mgas_per_sec":12.723659518719796},"state_reads":{"accounts":11,"storage_slots":0,"code":0,"code_bytes":0},"state_writes":{"accounts":3,"accounts_deleted":0,"storage_slots":0,"storage_slots_deleted":0,"code":1,"code_bytes":72},"cache":{"account":{"hits":6,"misses":5,"hit_rate":54.54545454545454},"storage":{"hits":0,"misses":0,"hit_rate":0},"code":{"hits":0,"misses":0,"hit_rate":0,"hit_bytes":0,"miss_bytes":0}}}
INFO [03-26|17:30:17.492] Imported new potential chain segment     number=64007 hash=f35422..9d7907 blocks=1 txs=2 mgas=0.090 elapsed=7.471ms mgasps=12.001 triediffs=396.14MiB triedirty=0.00B
INFO [03-26|17:30:17.492] Ready for fork activation                fork=Osaka date="07 Feb 06 07:28 CET" remaining=700117h57m58s timestamp=4,294,967,295
INFO [03-26|17:30:17.493] Chain head was updated                   number=64007 hash=f35422..9d7907 root=3fac84..dc765e elapsed="271.678µs"
INFO [03-26|17:30:18.392] Submitted transaction                    hash=0xf677a5cd1f52dd7f387d4951a0e6fc88411f60a3a82c1ad154f0253d43f60807 from=0xB89a837314dD7e0F48B6F75DE4065AdB53C495BF nonce=0  recipient=0x86A2EE8FAf9A840F7a2c64CA3d51209F9A02081D value=0
INFO [03-26|17:30:27.496] Starting work on payload                 id=0x034844fde832dc0a
WARN [03-26|17:30:34.696] Block building is interrupted            allowance=2s
INFO [03-26|17:30:34.697] Updated payload                          id=0x034844fde832dc0a number=64008 hash=c9d325..2eeed3 txs=1 withdrawals=0 gas=100,000,000 fees=6e-10      root=cfdce3..b26499 elapsed=7.200s
WARN [03-26|17:30:40.030] Block building is interrupted            allowance=2s
INFO [03-26|17:30:40.030] Stopping work on payload                 id=0x034844fde832dc0a reason=timeout
WARN [03-26|17:30:40.058] {"level":"warn","msg":"Slow block","block":{"number":64008,"hash":"0xc9d325d1e9c4b56dca62878ad4e21796a57199626efc114acee1ed32992eeed3","gas_used":100000000,"tx_count":1},"timing":{"execution_ms":254.012786,"state_read_ms":5072.831779,"state_hash_ms":0.066339,"commit_ms":27.244409,"total_ms":5354.239244},"throughput":{"mgas_per_sec":18.67678963207719},"state_reads":{"accounts":8,"storage_slots":36742,"code":2,"code_bytes":1416},"state_writes":{"accounts":2,"accounts_deleted":0,"storage_slots":0,"storage_slots_deleted":0,"code":0,"code_bytes":0},"cache":{"account":{"hits":3,"misses":5,"hit_rate":37.5},"storage":{"hits":2512,"misses":34230,"hit_rate":6.836862446246802},"code":{"hits":2,"misses":0,"hit_rate":100,"hit_bytes":1416,"miss_bytes":0}}}
INFO [03-26|17:30:40.058] Imported new potential chain segment     number=64008 hash=c9d325..2eeed3 blocks=1 txs=1 mgas=100.000 elapsed=5.358s      mgasps=18.662 triediffs=393.21MiB triedirty=0.00B
INFO [03-26|17:30:40.059] Chain head was updated                   number=64008 hash=c9d325..2eeed3 root=cfdce3..b26499 elapsed="48.94µs"
