INFO [03-26|17:40:04.989] Starting Geth on Ethereum mainnet...
INFO [03-26|17:40:04.990] Maximum peer count                       ETH=0 total=0
INFO [03-26|17:40:04.992] Smartcard socket not found, disabling    err="stat /run/pcscd/pcscd.comm: no such file or directory"
WARN [03-26|17:40:04.994] Option --miner.etherbase is deprecated as the etherbase is set by the consensus client post-merge
WARN [03-26|17:40:04.995] Snap sync requested, resetting --cache.snapshot
INFO [03-26|17:40:04.995] Global gas cap disabled
INFO [03-26|17:40:05.645] Using developer account                  address=0xf39Fd6e51aad88F6F4ce6aB8827279cffFb92266
INFO [03-26|17:40:05.886] Using pebble as the backing database
INFO [03-26|17:40:05.886] Allocated cache and file handles         database=/home/CPerezz/bintrie-benchmarks/mpt-vs-bintrie/dbs/mpt/geth/chaindata cache=16.00MiB handles=524,288
INFO [03-26|17:40:08.069] Opened ancient database                  database=/home/CPerezz/bintrie-benchmarks/mpt-vs-bintrie/dbs/mpt/geth/chaindata/ancient/chain readonly=true
INFO [03-26|17:40:08.069] Opened Era store                         datadir=/home/CPerezz/bintrie-benchmarks/mpt-vs-bintrie/dbs/mpt/geth/chaindata/ancient/chain/era
INFO [03-26|17:40:08.078] Initializing the KZG library             backend=gokzg
INFO [03-26|17:40:08.081] Allocated trie memory caches             clean=0.00B dirty=0.00B
INFO [03-26|17:40:08.161] Using pebble as the backing database
INFO [03-26|17:40:08.161] Allocated cache and file handles         database=/home/CPerezz/bintrie-benchmarks/mpt-vs-bintrie/dbs/mpt/geth/chaindata cache=16.00MiB handles=524,288
INFO [03-26|17:40:09.460] Opened ancient database                  database=/home/CPerezz/bintrie-benchmarks/mpt-vs-bintrie/dbs/mpt/geth/chaindata/ancient/chain readonly=false
INFO [03-26|17:40:09.460] Opened Era store                         datadir=/home/CPerezz/bintrie-benchmarks/mpt-vs-bintrie/dbs/mpt/geth/chaindata/ancient/chain/era
INFO [03-26|17:40:09.462] State scheme set to already existing     scheme=path
INFO [03-26|17:40:09.464] Initialising Ethereum protocol           network=1337 dbversion=9
INFO [03-26|17:40:09.464] Load database journal from file          path=/home/CPerezz/bintrie-benchmarks/mpt-vs-bintrie/dbs/mpt/geth/triedb/merkle.journal
INFO [03-26|17:40:11.302] Opened ancient database                  database=/home/CPerezz/bintrie-benchmarks/mpt-vs-bintrie/dbs/mpt/geth/chaindata/ancient/state readonly=false
INFO [03-26|17:40:11.303] Initialized path database                triecache=0.00B statecache=0.00B buffer=0.00B state-history="last 90000 blocks" journal-dir=/home/CPerezz/bintrie-benchmarks/mpt-vs-bintrie/dbs/mpt/geth/triedb
INFO [03-26|17:40:11.303] 
INFO [03-26|17:40:11.303] ---------------------------------------------------------------------------------------------------------------------------------------------------------
INFO [03-26|17:40:11.303] Chain ID:  1337 (unknown)
INFO [03-26|17:40:11.303] Consensus: unknown
INFO [03-26|17:40:11.303] 
INFO [03-26|17:40:11.303] Pre-Merge hard forks (block based):
INFO [03-26|17:40:11.303]  - Homestead:                   #0       
INFO [03-26|17:40:11.303]  - Tangerine Whistle (EIP 150): #0       
INFO [03-26|17:40:11.303]  - Spurious Dragon/1 (EIP 155): #0       
INFO [03-26|17:40:11.303]  - Spurious Dragon/2 (EIP 158): #0       
INFO [03-26|17:40:11.303]  - Byzantium:                   #0       
INFO [03-26|17:40:11.303]  - Constantinople:              #0       
INFO [03-26|17:40:11.303]  - Petersburg:                  #0       
INFO [03-26|17:40:11.303]  - Istanbul:                    #0       
INFO [03-26|17:40:11.303]  - Muir Glacier:                #0       
INFO [03-26|17:40:11.303]  - Berlin:                      #0       
INFO [03-26|17:40:11.303]  - London:                      #0       
INFO [03-26|17:40:11.303]  - Arrow Glacier:               #0       
INFO [03-26|17:40:11.303]  - Gray Glacier:                #0       
INFO [03-26|17:40:11.303] 
INFO [03-26|17:40:11.303] Merge configured:
INFO [03-26|17:40:11.303]  - Total terminal difficulty:  0
INFO [03-26|17:40:11.303]  - Merge netsplit block:       #0       
INFO [03-26|17:40:11.303] 
INFO [03-26|17:40:11.303] Post-Merge hard forks (timestamp based):
INFO [03-26|17:40:11.303]  - Shanghai:                    @0         
INFO [03-26|17:40:11.303]  - Cancun:                      @0          blob: (target: 3, max: 6, fraction: 3338477)
INFO [03-26|17:40:11.303]  - Prague:                      @0          blob: (target: 6, max: 9, fraction: 5225352)
INFO [03-26|17:40:11.303]  - Osaka:                       @4294967295 blob: (target: 9, max: 12, fraction: 5225352)
INFO [03-26|17:40:11.303] 
INFO [03-26|17:40:11.303] All fork specifications can be found at https://ethereum.github.io/execution-specs/src/ethereum/forks/
INFO [03-26|17:40:11.303] 
INFO [03-26|17:40:11.303] ---------------------------------------------------------------------------------------------------------------------------------------------------------
INFO [03-26|17:40:11.303] 
INFO [03-26|17:40:11.304] Loaded most recent local block           number=64043 hash=19a36a..045c40 age=25s
INFO [03-26|17:40:11.304] Loaded most recent local finalized block number=64032 hash=cbcc68..28addb age=3m6s
INFO [03-26|17:40:11.305] Initialized transaction indexer          range="last 2350000 blocks"
INFO [03-26|17:40:11.305] Initialized log indexer                  firstblock=0 lastblock=64043 firstmap=0 lastmap=4 headindexed=true
INFO [03-26|17:40:11.309] Enabled full-sync                        head=64043 hash=19a36a..045c40
INFO [03-26|17:40:11.309] Unprotected transactions allowed
INFO [03-26|17:40:11.309] Gasprice oracle is ignoring threshold set threshold=2
INFO [03-26|17:40:11.310] Registered sync override service
WARN [03-26|17:40:11.310] You are running Geth in --dev mode. Please note the following:
WARN [03-26|17:40:11.310] 
WARN [03-26|17:40:11.310]   1. This mode is only intended for fast, iterative development without assumptions on
WARN [03-26|17:40:11.310]      security or persistence.
WARN [03-26|17:40:11.310]   2. The database is created in memory unless specified otherwise. Therefore, shutting down
WARN [03-26|17:40:11.310]      your computer or losing power will wipe your entire block data and chain state for
WARN [03-26|17:40:11.310]      your dev environment.
WARN [03-26|17:40:11.310]   3. A random, pre-allocated developer account will be available and unlocked as
WARN [03-26|17:40:11.310]      eth.coinbase, which can be used for testing. The random dev account is temporary,
WARN [03-26|17:40:11.310]      stored on a ramdisk, and will be lost if your machine is restarted.
WARN [03-26|17:40:11.310]   4. Mining is enabled by default. However, the client will only seal blocks if transactions
WARN [03-26|17:40:11.310]      are pending in the mempool. The miner's minimum accepted gas price is 1.
WARN [03-26|17:40:11.310]   5. Networking is disabled; there is no listen-address, the maximum number of peers is set
WARN [03-26|17:40:11.310]      to 0, and discovery is disabled.
WARN [03-26|17:40:11.310] 
INFO [03-26|17:40:11.310] Starting peer-to-peer node               instance=Geth/v1.17.2-unstable-5d0e18f7-20260325/linux-amd64/go1.24.1
WARN [03-26|17:40:11.310] P2P server will be useless, neither dialing nor listening
INFO [03-26|17:40:11.314] IPC endpoint opened                      url=/home/CPerezz/bintrie-benchmarks/mpt-vs-bintrie/dbs/mpt/geth.ipc
ERROR[03-26|17:40:11.314] Unavailable modules in HTTP API list     unavailable=[personal] available="[admin debug web3 eth txpool miner net dev testing]"
INFO [03-26|17:40:11.314] HTTP server started                      endpoint=[::]:8545 auth=false prefix= cors= vhosts=localhost
INFO [03-26|17:40:11.314] New local node record                    seq=1,774,465,405,929 id=9566f6e861acb2c3 ip=127.0.0.1 udp=0 tcp=0
INFO [03-26|17:40:11.314] Started P2P networking                   self=enode://7bcb27e0859fe4ed7072e298a58918cc0b55d08376b1207f77d84f6d0d34ded7448b64ab16dd00733b489383beff49c04f662afae4dd1dc102807640ff82a1cd@127.0.0.1:0
INFO [03-26|17:40:11.314] WebSocket enabled                        url=ws://[::]:8546
INFO [03-26|17:40:11.321] Loaded local transaction journal         transactions=63 dropped=0
INFO [03-26|17:40:12.684] Started log indexer
INFO [03-26|17:40:12.691] Starting work on payload                 id=0x03c0c688ad6328b0
INFO [03-26|17:40:12.691] Updated payload                          id=0x03c0c688ad6328b0 number=64044 hash=6a1a43..4756a9 txs=0 withdrawals=0 gas=0 fees=0 root=27e664..e2ab93 elapsed="257.699µs"
INFO [03-26|17:40:12.691] Stopping work on payload                 id=0x03c0c688ad6328b0 reason=delivery
WARN [03-26|17:40:12.694] {"level":"warn","msg":"Slow block","block":{"number":64044,"hash":"0x6a1a4329548d1204b70881ff8165554123c554a620b2e1ab6f4b6a3a204756a9","gas_used":0,"tx_count":0},"timing":{"execution_ms":0.009989,"state_read_ms":0.053,"state_hash_ms":0.01132,"commit_ms":0.06508,"total_ms":0.18899},"throughput":{"mgas_per_sec":0},"state_reads":{"accounts":4,"storage_slots":0,"code":0,"code_bytes":0},"state_writes":{"accounts":0,"accounts_deleted":0,"storage_slots":0,"storage_slots_deleted":0,"code":0,"code_bytes":0},"cache":{"account":{"hits":0,"misses":4,"hit_rate":0},"storage":{"hits":0,"misses":0,"hit_rate":0},"code":{"hits":0,"misses":0,"hit_rate":0,"hit_bytes":0,"miss_bytes":0}}}
INFO [03-26|17:40:12.694] Imported new potential chain segment     number=64044 hash=6a1a43..4756a9 blocks=1 txs=0 mgas=0.000 elapsed=2.279ms     mgasps=0.000 triediffs=307.68MiB triedirty=0.00B
INFO [03-26|17:40:12.694] Ready for fork activation                fork=Osaka date="07 Feb 06 07:28 CET" remaining=700117h48m2s timestamp=4,294,967,295
INFO [03-26|17:40:12.694] Chain head was updated                   number=64044 hash=6a1a43..4756a9 root=27e664..e2ab93 elapsed="21.18µs"
INFO [03-26|17:40:13.273] Submitted contract creation              hash=0xd2f78c11837142c9399c318eee23c0b51ab23e6c2ab081397a0f7f9d31e165c0 from=0xf39Fd6e51aad88F6F4ce6aB8827279cffFb92266 nonce=120 contract=0x3aAde2dCD2Df6a8cAc689EE797591b2913658659 value=0
INFO [03-26|17:40:13.275] Submitted transaction                    hash=0x902e5462dc836aabd8e8c9d98e788e0367946ce0749bc9924bd9276073537d8d from=0xf39Fd6e51aad88F6F4ce6aB8827279cffFb92266 nonce=121 recipient=0xc0f776f208Ed8D19A90E44EEa105BC72Fb5CeFBe value=1,600,000,000
INFO [03-26|17:40:22.696] Starting work on payload                 id=0x036eb0bed91067b5
INFO [03-26|17:40:22.702] Updated payload                          id=0x036eb0bed91067b5 number=64045 hash=66dd39..c82366 txs=2 withdrawals=0 gas=89662 fees=7.17296e-13 root=fce681..ff5b2e elapsed=5.936ms
INFO [03-26|17:40:22.702] Stopping work on payload                 id=0x036eb0bed91067b5 reason=delivery
WARN [03-26|17:40:22.708] {"level":"warn","msg":"Slow block","block":{"number":64045,"hash":"0x66dd39c781ff44c6e358cf64d6cfc07b3215a1d45f5d5c60a4dc89939dc82366","gas_used":89662,"tx_count":2},"timing":{"execution_ms":0.05462,"state_read_ms":0.149109,"state_hash_ms":0.303388,"commit_ms":4.117976,"total_ms":4.662964},"throughput":{"mgas_per_sec":19.228542189045424},"state_reads":{"accounts":11,"storage_slots":0,"code":0,"code_bytes":0},"state_writes":{"accounts":3,"accounts_deleted":0,"storage_slots":0,"storage_slots_deleted":0,"code":1,"code_bytes":72},"cache":{"account":{"hits":4,"misses":7,"hit_rate":36.36363636363637},"storage":{"hits":0,"misses":0,"hit_rate":0},"code":{"hits":0,"misses":0,"hit_rate":0,"hit_bytes":0,"miss_bytes":0}}}
INFO [03-26|17:40:22.708] Imported new potential chain segment     number=64045 hash=66dd39..c82366 blocks=1 txs=2 mgas=0.090 elapsed=4.769ms     mgasps=18.799 triediffs=303.47MiB triedirty=0.00B
INFO [03-26|17:40:22.708] Chain head was updated                   number=64045 hash=66dd39..c82366 root=fce681..ff5b2e elapsed="114.619µs"
INFO [03-26|17:40:23.355] Submitted transaction                    hash=0x20e104088dc0d31046a0fb050dbe9938cf1557bf97c33b429561a038638ff39a from=0xc0f776f208Ed8D19A90E44EEa105BC72Fb5CeFBe nonce=0   recipient=0x3aAde2dCD2Df6a8cAc689EE797591b2913658659 value=0
INFO [03-26|17:40:32.710] Starting work on payload                 id=0x03a8608b013fea0e
WARN [03-26|17:40:40.313] Block building is interrupted            allowance=2s
INFO [03-26|17:40:40.313] Updated payload                          id=0x03a8608b013fea0e number=64046 hash=0c9d72..1f92e9 txs=1 withdrawals=0 gas=100,000,000 fees=8e-10       root=40a0fd..331430 elapsed=7.603s
WARN [03-26|17:40:45.836] {"level":"warn","msg":"Slow block","block":{"number":64046,"hash":"0x0c9d72062b138d62e1c9ca48c0287653062c5426d3a72f65c602b6dc4c1f92e9","gas_used":100000000,"tx_count":1},"timing":{"execution_ms":278.241104,"state_read_ms":5212.727844,"state_hash_ms":0.0718,"commit_ms":30.05071,"total_ms":5521.173209},"throughput":{"mgas_per_sec":18.112092523558427},"state_reads":{"accounts":8,"storage_slots":36742,"code":2,"code_bytes":1416},"state_writes":{"accounts":2,"accounts_deleted":0,"storage_slots":0,"storage_slots_deleted":0,"code":0,"code_bytes":0},"cache":{"account":{"hits":4,"misses":4,"hit_rate":50},"storage":{"hits":2243,"misses":34499,"hit_rate":6.104730281421806},"code":{"hits":2,"misses":0,"hit_rate":100,"hit_bytes":1416,"miss_bytes":0}}}
INFO [03-26|17:40:45.836] Imported new potential chain segment     number=64046 hash=0c9d72..1f92e9 blocks=1 txs=1 mgas=100.000 elapsed=5.521s      mgasps=18.110 triediffs=300.55MiB triedirty=0.00B
INFO [03-26|17:40:45.837] Chain head was updated                   number=64046 hash=0c9d72..1f92e9 root=40a0fd..331430 elapsed="41.07µs"
WARN [03-26|17:40:45.848] Block building is interrupted            allowance=2s
INFO [03-26|17:40:45.848] Stopping work on payload                 id=0x03a8608b013fea0e reason=delivery
