INFO [03-26|17:43:11.495] Starting Geth on Ethereum mainnet...
INFO [03-26|17:43:11.496] Maximum peer count                       ETH=0 total=0
INFO [03-26|17:43:11.497] Smartcard socket not found, disabling    err="stat /run/pcscd/pcscd.comm: no such file or directory"
WARN [03-26|17:43:11.499] Option --miner.etherbase is deprecated as the etherbase is set by the consensus client post-merge
WARN [03-26|17:43:11.501] Snap sync requested, resetting --cache.snapshot
INFO [03-26|17:43:11.501] Global gas cap disabled
INFO [03-26|17:43:12.141] Using developer account                  address=0xf39Fd6e51aad88F6F4ce6aB8827279cffFb92266
INFO [03-26|17:43:12.382] Using pebble as the backing database
INFO [03-26|17:43:12.382] Allocated cache and file handles         database=/home/CPerezz/bintrie-benchmarks/mpt-vs-bintrie/dbs/mpt/geth/chaindata cache=16.00MiB handles=524,288
INFO [03-26|17:43:14.593] Opened ancient database                  database=/home/CPerezz/bintrie-benchmarks/mpt-vs-bintrie/dbs/mpt/geth/chaindata/ancient/chain readonly=true
INFO [03-26|17:43:14.593] Opened Era store                         datadir=/home/CPerezz/bintrie-benchmarks/mpt-vs-bintrie/dbs/mpt/geth/chaindata/ancient/chain/era
INFO [03-26|17:43:14.603] Initializing the KZG library             backend=gokzg
INFO [03-26|17:43:14.605] Allocated trie memory caches             clean=0.00B dirty=0.00B
INFO [03-26|17:43:14.700] Using pebble as the backing database
INFO [03-26|17:43:14.700] Allocated cache and file handles         database=/home/CPerezz/bintrie-benchmarks/mpt-vs-bintrie/dbs/mpt/geth/chaindata cache=16.00MiB handles=524,288
INFO [03-26|17:43:15.990] Opened ancient database                  database=/home/CPerezz/bintrie-benchmarks/mpt-vs-bintrie/dbs/mpt/geth/chaindata/ancient/chain readonly=false
INFO [03-26|17:43:15.990] Opened Era store                         datadir=/home/CPerezz/bintrie-benchmarks/mpt-vs-bintrie/dbs/mpt/geth/chaindata/ancient/chain/era
INFO [03-26|17:43:15.992] State scheme set to already existing     scheme=path
INFO [03-26|17:43:15.994] Initialising Ethereum protocol           network=1337 dbversion=9
INFO [03-26|17:43:15.994] Load database journal from file          path=/home/CPerezz/bintrie-benchmarks/mpt-vs-bintrie/dbs/mpt/geth/triedb/merkle.journal
INFO [03-26|17:43:17.643] Opened ancient database                  database=/home/CPerezz/bintrie-benchmarks/mpt-vs-bintrie/dbs/mpt/geth/chaindata/ancient/state readonly=false
INFO [03-26|17:43:17.644] Initialized path database                triecache=0.00B statecache=0.00B buffer=0.00B state-history="last 90000 blocks" journal-dir=/home/CPerezz/bintrie-benchmarks/mpt-vs-bintrie/dbs/mpt/geth/triedb
INFO [03-26|17:43:17.644] 
INFO [03-26|17:43:17.644] ---------------------------------------------------------------------------------------------------------------------------------------------------------
INFO [03-26|17:43:17.644] Chain ID:  1337 (unknown)
INFO [03-26|17:43:17.644] Consensus: unknown
INFO [03-26|17:43:17.644] 
INFO [03-26|17:43:17.644] Pre-Merge hard forks (block based):
INFO [03-26|17:43:17.644]  - Homestead:                   #0       
INFO [03-26|17:43:17.644]  - Tangerine Whistle (EIP 150): #0       
INFO [03-26|17:43:17.644]  - Spurious Dragon/1 (EIP 155): #0       
INFO [03-26|17:43:17.644]  - Spurious Dragon/2 (EIP 158): #0       
INFO [03-26|17:43:17.644]  - Byzantium:                   #0       
INFO [03-26|17:43:17.644]  - Constantinople:              #0       
INFO [03-26|17:43:17.644]  - Petersburg:                  #0       
INFO [03-26|17:43:17.644]  - Istanbul:                    #0       
INFO [03-26|17:43:17.644]  - Muir Glacier:                #0       
INFO [03-26|17:43:17.644]  - Berlin:                      #0       
INFO [03-26|17:43:17.644]  - London:                      #0       
INFO [03-26|17:43:17.644]  - Arrow Glacier:               #0       
INFO [03-26|17:43:17.644]  - Gray Glacier:                #0       
INFO [03-26|17:43:17.644] 
INFO [03-26|17:43:17.644] Merge configured:
INFO [03-26|17:43:17.644]  - Total terminal difficulty:  0
INFO [03-26|17:43:17.644]  - Merge netsplit block:       #0       
INFO [03-26|17:43:17.644] 
INFO [03-26|17:43:17.644] Post-Merge hard forks (timestamp based):
INFO [03-26|17:43:17.644]  - Shanghai:                    @0         
INFO [03-26|17:43:17.644]  - Cancun:                      @0          blob: (target: 3, max: 6, fraction: 3338477)
INFO [03-26|17:43:17.644]  - Prague:                      @0          blob: (target: 6, max: 9, fraction: 5225352)
INFO [03-26|17:43:17.644]  - Osaka:                       @4294967295 blob: (target: 9, max: 12, fraction: 5225352)
INFO [03-26|17:43:17.644] 
INFO [03-26|17:43:17.644] All fork specifications can be found at https://ethereum.github.io/execution-specs/src/ethereum/forks/
INFO [03-26|17:43:17.644] 
INFO [03-26|17:43:17.644] ---------------------------------------------------------------------------------------------------------------------------------------------------------
INFO [03-26|17:43:17.644] 
INFO [03-26|17:43:17.645] Loaded most recent local block           number=64055 hash=abba05..c6dfae age=25s
INFO [03-26|17:43:17.645] Loaded most recent local finalized block number=64032 hash=cbcc68..28addb age=6m12s
INFO [03-26|17:43:17.645] Initialized transaction indexer          range="last 2350000 blocks"
INFO [03-26|17:43:17.645] Initialized log indexer                  firstblock=0 lastblock=64055 firstmap=0 lastmap=4 headindexed=true
INFO [03-26|17:43:17.659] Enabled full-sync                        head=64055 hash=abba05..c6dfae
INFO [03-26|17:43:17.659] Unprotected transactions allowed
INFO [03-26|17:43:17.659] Gasprice oracle is ignoring threshold set threshold=2
INFO [03-26|17:43:17.660] Registered sync override service
WARN [03-26|17:43:17.660] You are running Geth in --dev mode. Please note the following:
WARN [03-26|17:43:17.660] 
WARN [03-26|17:43:17.660]   1. This mode is only intended for fast, iterative development without assumptions on
WARN [03-26|17:43:17.660]      security or persistence.
WARN [03-26|17:43:17.660]   2. The database is created in memory unless specified otherwise. Therefore, shutting down
WARN [03-26|17:43:17.660]      your computer or losing power will wipe your entire block data and chain state for
WARN [03-26|17:43:17.660]      your dev environment.
WARN [03-26|17:43:17.660]   3. A random, pre-allocated developer account will be available and unlocked as
WARN [03-26|17:43:17.660]      eth.coinbase, which can be used for testing. The random dev account is temporary,
WARN [03-26|17:43:17.660]      stored on a ramdisk, and will be lost if your machine is restarted.
WARN [03-26|17:43:17.660]   4. Mining is enabled by default. However, the client will only seal blocks if transactions
WARN [03-26|17:43:17.660]      are pending in the mempool. The miner's minimum accepted gas price is 1.
WARN [03-26|17:43:17.660]   5. Networking is disabled; there is no listen-address, the maximum number of peers is set
WARN [03-26|17:43:17.660]      to 0, and discovery is disabled.
WARN [03-26|17:43:17.660] 
INFO [03-26|17:43:17.660] Starting peer-to-peer node               instance=Geth/v1.17.2-unstable-5d0e18f7-20260325/linux-amd64/go1.24.1
WARN [03-26|17:43:17.660] P2P server will be useless, neither dialing nor listening
INFO [03-26|17:43:17.674] IPC endpoint opened                      url=/home/CPerezz/bintrie-benchmarks/mpt-vs-bintrie/dbs/mpt/geth.ipc
ERROR[03-26|17:43:17.674] Unavailable modules in HTTP API list     unavailable=[personal] available="[admin debug web3 eth txpool miner net dev testing]"
INFO [03-26|17:43:17.674] New local node record                    seq=1,774,465,405,933 id=9566f6e861acb2c3 ip=127.0.0.1 udp=0 tcp=0
INFO [03-26|17:43:17.675] Started P2P networking                   self=enode://7bcb27e0859fe4ed7072e298a58918cc0b55d08376b1207f77d84f6d0d34ded7448b64ab16dd00733b489383beff49c04f662afae4dd1dc102807640ff82a1cd@127.0.0.1:0
INFO [03-26|17:43:17.677] HTTP server started                      endpoint=[::]:8545 auth=false prefix= cors= vhosts=localhost
INFO [03-26|17:43:17.678] WebSocket enabled                        url=ws://[::]:8546
INFO [03-26|17:43:17.685] Loaded local transaction journal         transactions=75 dropped=0
INFO [03-26|17:43:18.918] Started log indexer
INFO [03-26|17:43:18.926] Starting work on payload                 id=0x03e14fbbb5acfb04
INFO [03-26|17:43:18.926] Updated payload                          id=0x03e14fbbb5acfb04 number=64056 hash=d353a8..83abf3 txs=0 withdrawals=0 gas=0 fees=0 root=a11dcb..94e4ae elapsed="141.059µs"
INFO [03-26|17:43:18.926] Stopping work on payload                 id=0x03e14fbbb5acfb04 reason=delivery
WARN [03-26|17:43:18.931] {"level":"warn","msg":"Slow block","block":{"number":64056,"hash":"0xd353a88e238d6f65224675a365f4187b365ac579fabdef7f844e95bf6383abf3","gas_used":0,"tx_count":0},"timing":{"execution_ms":0.037748,"state_read_ms":1.387084,"state_hash_ms":0.01561,"commit_ms":0.169369,"total_ms":1.701991},"throughput":{"mgas_per_sec":0},"state_reads":{"accounts":4,"storage_slots":0,"code":0,"code_bytes":0},"state_writes":{"accounts":0,"accounts_deleted":0,"storage_slots":0,"storage_slots_deleted":0,"code":0,"code_bytes":0},"cache":{"account":{"hits":0,"misses":4,"hit_rate":0},"storage":{"hits":0,"misses":0,"hit_rate":0},"code":{"hits":0,"misses":0,"hit_rate":0,"hit_bytes":0,"miss_bytes":0}}}
INFO [03-26|17:43:18.931] Imported new potential chain segment     number=64056 hash=d353a8..83abf3 blocks=1 txs=0 mgas=0.000 elapsed=3.922ms     mgasps=0.000 triediffs=279.18MiB triedirty=0.00B
INFO [03-26|17:43:18.931] Ready for fork activation                fork=Osaka date="07 Feb 06 07:28 CET" remaining=700117h44m56s timestamp=4,294,967,295
INFO [03-26|17:43:18.931] Chain head was updated                   number=64056 hash=d353a8..83abf3 root=a11dcb..94e4ae elapsed="67.43µs"
INFO [03-26|17:43:19.775] Submitted contract creation              hash=0x05bae060349c09d282fcd4258a5ca1c04ff2443fbcc82875f54138186946db8d from=0xf39Fd6e51aad88F6F4ce6aB8827279cffFb92266 nonce=128 contract=0xB82008565FdC7e44609fA118A4a681E92581e680 value=0
INFO [03-26|17:43:19.780] Submitted transaction                    hash=0xad907e35d2ac1d2650260d897cf93c83c9dfb42e77f4bb013b916897fe92c701 from=0xf39Fd6e51aad88F6F4ce6aB8827279cffFb92266 nonce=129 recipient=0x8E190cA903B0685897Ba0886B4de18e4d96955F6 value=1,600,000,000
INFO [03-26|17:43:28.933] Starting work on payload                 id=0x0343478188cbdb23
INFO [03-26|17:43:28.941] Updated payload                          id=0x0343478188cbdb23 number=64057 hash=f16495..bc9c8f txs=2 withdrawals=0 gas=89662 fees=7.17296e-13 root=3cefb5..76ac7a elapsed=7.762ms
INFO [03-26|17:43:28.941] Stopping work on payload                 id=0x0343478188cbdb23 reason=delivery
WARN [03-26|17:43:28.948] {"level":"warn","msg":"Slow block","block":{"number":64057,"hash":"0xf164954dd207481d6421ecbcdbc31786556174155744d9b7e8c153a5a7bc9c8f","gas_used":89662,"tx_count":2},"timing":{"execution_ms":0.070199,"state_read_ms":0.15392,"state_hash_ms":0.967836,"commit_ms":4.306206,"total_ms":5.55573},"throughput":{"mgas_per_sec":16.138653246288065},"state_reads":{"accounts":11,"storage_slots":0,"code":0,"code_bytes":0},"state_writes":{"accounts":3,"accounts_deleted":0,"storage_slots":0,"storage_slots_deleted":0,"code":1,"code_bytes":72},"cache":{"account":{"hits":6,"misses":5,"hit_rate":54.54545454545454},"storage":{"hits":0,"misses":0,"hit_rate":0},"code":{"hits":0,"misses":0,"hit_rate":0,"hit_bytes":0,"miss_bytes":0}}}
INFO [03-26|17:43:28.948] Imported new potential chain segment     number=64057 hash=f16495..bc9c8f blocks=1 txs=2 mgas=0.090 elapsed=6.074ms     mgasps=14.759 triediffs=274.96MiB triedirty=0.00B
INFO [03-26|17:43:28.949] Chain head was updated                   number=64057 hash=f16495..bc9c8f root=3cefb5..76ac7a elapsed="182.139µs"
INFO [03-26|17:43:29.867] Submitted transaction                    hash=0x6235ff8c1edf3e5be5a6934dea844f5a03718afbfc950d46876a21a7a878b3df from=0x8E190cA903B0685897Ba0886B4de18e4d96955F6 nonce=0   recipient=0xB82008565FdC7e44609fA118A4a681E92581e680 value=0
INFO [03-26|17:43:38.950] Starting work on payload                 id=0x03bfaf4b0c633c40
WARN [03-26|17:43:46.194] Block building is interrupted            allowance=2s
INFO [03-26|17:43:46.194] Updated payload                          id=0x03bfaf4b0c633c40 number=64058 hash=232d07..14353c txs=1 withdrawals=0 gas=100,000,000 fees=8e-10       root=3ef569..63451a elapsed=7.244s
WARN [03-26|17:43:51.530] {"level":"warn","msg":"Slow block","block":{"number":64058,"hash":"0x232d07e938738f17193cf6271b5e4dd00da06c28fe0801f9a35cd5303f14353c","gas_used":100000000,"tx_count":1},"timing":{"execution_ms":272.442666,"state_read_ms":5032.019129,"state_hash_ms":0.058769,"commit_ms":28.960286,"total_ms":5333.596201},"throughput":{"mgas_per_sec":18.74907590140606},"state_reads":{"accounts":8,"storage_slots":36742,"code":2,"code_bytes":1416},"state_writes":{"accounts":2,"accounts_deleted":0,"storage_slots":0,"storage_slots_deleted":0,"code":0,"code_bytes":0},"cache":{"account":{"hits":3,"misses":5,"hit_rate":37.5},"storage":{"hits":2681,"misses":34061,"hit_rate":7.296826520058788},"code":{"hits":2,"misses":0,"hit_rate":100,"hit_bytes":1416,"miss_bytes":0}}}
INFO [03-26|17:43:51.530] Imported new potential chain segment     number=64058 hash=232d07..14353c blocks=1 txs=1 mgas=100.000 elapsed=5.334s      mgasps=18.745 triediffs=272.05MiB triedirty=0.00B
INFO [03-26|17:43:51.531] Chain head was updated                   number=64058 hash=232d07..14353c root=3ef569..63451a elapsed="42.24µs"
WARN [03-26|17:43:51.819] Block building is interrupted            allowance=2s
INFO [03-26|17:43:51.820] Stopping work on payload                 id=0x03bfaf4b0c633c40 reason=delivery
