INFO [03-26|17:54:08.121] Starting Geth on Ethereum mainnet...
INFO [03-26|17:54:08.122] Maximum peer count                       ETH=0 total=0
INFO [03-26|17:54:08.123] Smartcard socket not found, disabling    err="stat /run/pcscd/pcscd.comm: no such file or directory"
WARN [03-26|17:54:08.124] Option --miner.etherbase is deprecated as the etherbase is set by the consensus client post-merge
WARN [03-26|17:54:08.125] Snap sync requested, resetting --cache.snapshot
INFO [03-26|17:54:08.125] Global gas cap disabled
INFO [03-26|17:54:08.768] Using developer account                  address=0xf39Fd6e51aad88F6F4ce6aB8827279cffFb92266
INFO [03-26|17:54:09.008] Using pebble as the backing database
INFO [03-26|17:54:09.008] Allocated cache and file handles         database=/home/CPerezz/bintrie-benchmarks/mpt-vs-bintrie/dbs/mpt/geth/chaindata cache=16.00MiB handles=524,288
INFO [03-26|17:54:11.183] Opened ancient database                  database=/home/CPerezz/bintrie-benchmarks/mpt-vs-bintrie/dbs/mpt/geth/chaindata/ancient/chain readonly=true
INFO [03-26|17:54:11.183] Opened Era store                         datadir=/home/CPerezz/bintrie-benchmarks/mpt-vs-bintrie/dbs/mpt/geth/chaindata/ancient/chain/era
INFO [03-26|17:54:11.192] Initializing the KZG library             backend=gokzg
INFO [03-26|17:54:11.195] Allocated trie memory caches             clean=0.00B dirty=0.00B
INFO [03-26|17:54:11.280] Using pebble as the backing database
INFO [03-26|17:54:11.280] Allocated cache and file handles         database=/home/CPerezz/bintrie-benchmarks/mpt-vs-bintrie/dbs/mpt/geth/chaindata cache=16.00MiB handles=524,288
INFO [03-26|17:54:12.599] Opened ancient database                  database=/home/CPerezz/bintrie-benchmarks/mpt-vs-bintrie/dbs/mpt/geth/chaindata/ancient/chain readonly=false
INFO [03-26|17:54:12.599] Opened Era store                         datadir=/home/CPerezz/bintrie-benchmarks/mpt-vs-bintrie/dbs/mpt/geth/chaindata/ancient/chain/era
INFO [03-26|17:54:12.601] State scheme set to already existing     scheme=path
INFO [03-26|17:54:12.603] Initialising Ethereum protocol           network=1337 dbversion=9
INFO [03-26|17:54:12.604] Load database journal from file          path=/home/CPerezz/bintrie-benchmarks/mpt-vs-bintrie/dbs/mpt/geth/triedb/merkle.journal
INFO [03-26|17:54:13.643] Opened ancient database                  database=/home/CPerezz/bintrie-benchmarks/mpt-vs-bintrie/dbs/mpt/geth/chaindata/ancient/state readonly=false
INFO [03-26|17:54:13.644] Initialized path database                triecache=0.00B statecache=0.00B buffer=0.00B state-history="last 90000 blocks" journal-dir=/home/CPerezz/bintrie-benchmarks/mpt-vs-bintrie/dbs/mpt/geth/triedb
INFO [03-26|17:54:13.644] 
INFO [03-26|17:54:13.644] ---------------------------------------------------------------------------------------------------------------------------------------------------------
INFO [03-26|17:54:13.644] Chain ID:  1337 (unknown)
INFO [03-26|17:54:13.644] Consensus: unknown
INFO [03-26|17:54:13.644] 
INFO [03-26|17:54:13.644] Pre-Merge hard forks (block based):
INFO [03-26|17:54:13.644]  - Homestead:                   #0       
INFO [03-26|17:54:13.644]  - Tangerine Whistle (EIP 150): #0       
INFO [03-26|17:54:13.644]  - Spurious Dragon/1 (EIP 155): #0       
INFO [03-26|17:54:13.644]  - Spurious Dragon/2 (EIP 158): #0       
INFO [03-26|17:54:13.644]  - Byzantium:                   #0       
INFO [03-26|17:54:13.644]  - Constantinople:              #0       
INFO [03-26|17:54:13.644]  - Petersburg:                  #0       
INFO [03-26|17:54:13.644]  - Istanbul:                    #0       
INFO [03-26|17:54:13.644]  - Muir Glacier:                #0       
INFO [03-26|17:54:13.644]  - Berlin:                      #0       
INFO [03-26|17:54:13.644]  - London:                      #0       
INFO [03-26|17:54:13.644]  - Arrow Glacier:               #0       
INFO [03-26|17:54:13.644]  - Gray Glacier:                #0       
INFO [03-26|17:54:13.644] 
INFO [03-26|17:54:13.644] Merge configured:
INFO [03-26|17:54:13.644]  - Total terminal difficulty:  0
INFO [03-26|17:54:13.644]  - Merge netsplit block:       #0       
INFO [03-26|17:54:13.644] 
INFO [03-26|17:54:13.644] Post-Merge hard forks (timestamp based):
INFO [03-26|17:54:13.644]  - Shanghai:                    @0         
INFO [03-26|17:54:13.644]  - Cancun:                      @0          blob: (target: 3, max: 6, fraction: 3338477)
INFO [03-26|17:54:13.644]  - Prague:                      @0          blob: (target: 6, max: 9, fraction: 5225352)
INFO [03-26|17:54:13.644]  - Osaka:                       @4294967295 blob: (target: 9, max: 12, fraction: 5225352)
INFO [03-26|17:54:13.644] 
INFO [03-26|17:54:13.644] All fork specifications can be found at https://ethereum.github.io/execution-specs/src/ethereum/forks/
INFO [03-26|17:54:13.644] 
INFO [03-26|17:54:13.644] ---------------------------------------------------------------------------------------------------------------------------------------------------------
INFO [03-26|17:54:13.644] 
INFO [03-26|17:54:13.645] Loaded most recent local block           number=64098 hash=ddd1e1..9ce62c age=24s
INFO [03-26|17:54:13.645] Loaded most recent local finalized block number=64096 hash=02abd1..e363ff age=44s
INFO [03-26|17:54:13.645] Initialized transaction indexer          range="last 2350000 blocks"
INFO [03-26|17:54:13.645] Initialized log indexer                  firstblock=0 lastblock=64098 firstmap=0 lastmap=4 headindexed=true
INFO [03-26|17:54:13.660] Enabled full-sync                        head=64098 hash=ddd1e1..9ce62c
INFO [03-26|17:54:13.660] Unprotected transactions allowed
INFO [03-26|17:54:13.660] Gasprice oracle is ignoring threshold set threshold=2
INFO [03-26|17:54:13.660] Registered sync override service
WARN [03-26|17:54:13.660] You are running Geth in --dev mode. Please note the following:
WARN [03-26|17:54:13.660] 
WARN [03-26|17:54:13.660]   1. This mode is only intended for fast, iterative development without assumptions on
WARN [03-26|17:54:13.660]      security or persistence.
WARN [03-26|17:54:13.660]   2. The database is created in memory unless specified otherwise. Therefore, shutting down
WARN [03-26|17:54:13.660]      your computer or losing power will wipe your entire block data and chain state for
WARN [03-26|17:54:13.660]      your dev environment.
WARN [03-26|17:54:13.660]   3. A random, pre-allocated developer account will be available and unlocked as
WARN [03-26|17:54:13.660]      eth.coinbase, which can be used for testing. The random dev account is temporary,
WARN [03-26|17:54:13.660]      stored on a ramdisk, and will be lost if your machine is restarted.
WARN [03-26|17:54:13.660]   4. Mining is enabled by default. However, the client will only seal blocks if transactions
WARN [03-26|17:54:13.660]      are pending in the mempool. The miner's minimum accepted gas price is 1.
WARN [03-26|17:54:13.660]   5. Networking is disabled; there is no listen-address, the maximum number of peers is set
WARN [03-26|17:54:13.660]      to 0, and discovery is disabled.
WARN [03-26|17:54:13.660] 
INFO [03-26|17:54:13.660] Starting peer-to-peer node               instance=Geth/v1.17.2-unstable-5d0e18f7-20260325/linux-amd64/go1.24.1
WARN [03-26|17:54:13.660] P2P server will be useless, neither dialing nor listening
INFO [03-26|17:54:13.666] New local node record                    seq=1,774,465,405,948 id=9566f6e861acb2c3 ip=127.0.0.1 udp=0 tcp=0
INFO [03-26|17:54:13.666] IPC endpoint opened                      url=/home/CPerezz/bintrie-benchmarks/mpt-vs-bintrie/dbs/mpt/geth.ipc
INFO [03-26|17:54:13.666] Started P2P networking                   self=enode://7bcb27e0859fe4ed7072e298a58918cc0b55d08376b1207f77d84f6d0d34ded7448b64ab16dd00733b489383beff49c04f662afae4dd1dc102807640ff82a1cd@127.0.0.1:0
ERROR[03-26|17:54:13.666] Unavailable modules in HTTP API list     unavailable=[personal] available="[admin debug web3 eth txpool miner net dev testing]"
INFO [03-26|17:54:13.667] HTTP server started                      endpoint=[::]:8545 auth=false prefix= cors= vhosts=localhost
INFO [03-26|17:54:13.667] WebSocket enabled                        url=ws://[::]:8546
INFO [03-26|17:54:13.673] Loaded local transaction journal         transactions=120 dropped=0
INFO [03-26|17:54:14.758] Started log indexer
INFO [03-26|17:54:14.767] Starting work on payload                 id=0x03ab736823be7123
INFO [03-26|17:54:14.767] Updated payload                          id=0x03ab736823be7123 number=64099 hash=b53617..16b71b txs=0 withdrawals=0 gas=0 fees=0 root=eba7ef..d4c43e elapsed="171.679µs"
INFO [03-26|17:54:14.767] Stopping work on payload                 id=0x03ab736823be7123 reason=delivery
WARN [03-26|17:54:14.770] {"level":"warn","msg":"Slow block","block":{"number":64099,"hash":"0xb53617a51ed19be29e12fc2ae41e33872cbfa84da9bcf2241bc6cfdfb916b71b","gas_used":0,"tx_count":0},"timing":{"execution_ms":0.00923,"state_read_ms":0.0451,"state_hash_ms":0.01555,"commit_ms":0.050389,"total_ms":0.17621},"throughput":{"mgas_per_sec":0},"state_reads":{"accounts":4,"storage_slots":0,"code":0,"code_bytes":0},"state_writes":{"accounts":0,"accounts_deleted":0,"storage_slots":0,"storage_slots_deleted":0,"code":0,"code_bytes":0},"cache":{"account":{"hits":0,"misses":4,"hit_rate":0},"storage":{"hits":0,"misses":0,"hit_rate":0},"code":{"hits":0,"misses":0,"hit_rate":0,"hit_bytes":0,"miss_bytes":0}}}
INFO [03-26|17:54:14.770] Imported new potential chain segment     number=64099 hash=b53617..16b71b blocks=1 txs=0 mgas=0.000 elapsed=2.113ms     mgasps=0.000 triediffs=172.22MiB triedirty=0.00B
INFO [03-26|17:54:14.770] Ready for fork activation                fork=Osaka date="07 Feb 06 07:28 CET" remaining=700117h34m0s timestamp=4,294,967,295
INFO [03-26|17:54:14.770] Chain head was updated                   number=64099 hash=b53617..16b71b root=eba7ef..d4c43e elapsed="29.06µs"
INFO [03-26|17:54:15.398] Submitted contract creation              hash=0x4d48d13d16e71412c492a3fa2b53e2bc66de09f72fafc6eaea869c6e2f85794f from=0xf39Fd6e51aad88F6F4ce6aB8827279cffFb92266 nonce=158 contract=0xde2Bd2ffEA002b8E84ADeA96e5976aF664115E2c value=0
INFO [03-26|17:54:15.401] Submitted transaction                    hash=0x04490232360a434df970f1265060c18b5c045344b1550bbdba1dbd8c64ec3133 from=0xf39Fd6e51aad88F6F4ce6aB8827279cffFb92266 nonce=159 recipient=0x465e30B1b1C607f9Cd75e7426e6A8e7EF19dC506 value=1,600,000,000
INFO [03-26|17:54:24.772] Starting work on payload                 id=0x03926863540d0331
INFO [03-26|17:54:24.779] Updated payload                          id=0x03926863540d0331 number=64100 hash=037b7a..80b9f2 txs=2 withdrawals=0 gas=89662 fees=7.17296e-13 root=21fcf5..083f85 elapsed=6.943ms
INFO [03-26|17:54:24.779] Stopping work on payload                 id=0x03926863540d0331 reason=delivery
WARN [03-26|17:54:24.785] {"level":"warn","msg":"Slow block","block":{"number":64100,"hash":"0x037b7ab926ab3f78796082358525803eaeb81ed3b87094f6738c37611780b9f2","gas_used":89662,"tx_count":2},"timing":{"execution_ms":0.137269,"state_read_ms":0.07734,"state_hash_ms":0.379248,"commit_ms":4.925943,"total_ms":5.553949},"throughput":{"mgas_per_sec":16.143828472317626},"state_reads":{"accounts":11,"storage_slots":0,"code":0,"code_bytes":0},"state_writes":{"accounts":3,"accounts_deleted":0,"storage_slots":0,"storage_slots_deleted":0,"code":1,"code_bytes":72},"cache":{"account":{"hits":4,"misses":7,"hit_rate":36.36363636363637},"storage":{"hits":0,"misses":0,"hit_rate":0},"code":{"hits":0,"misses":0,"hit_rate":0,"hit_bytes":0,"miss_bytes":0}}}
INFO [03-26|17:54:24.785] Imported new potential chain segment     number=64100 hash=037b7a..80b9f2 blocks=1 txs=2 mgas=0.090 elapsed=5.665ms     mgasps=15.826 triediffs=168.03MiB triedirty=0.00B
INFO [03-26|17:54:24.785] Chain head was updated                   number=64100 hash=037b7a..80b9f2 root=21fcf5..083f85 elapsed="93.059µs"
INFO [03-26|17:54:25.485] Submitted transaction                    hash=0xffaccf83a3d023ea3a8e5c78876d5a5253350b6796164f76cf8de5e03e69a94c from=0x465e30B1b1C607f9Cd75e7426e6A8e7EF19dC506 nonce=0   recipient=0xde2Bd2ffEA002b8E84ADeA96e5976aF664115E2c value=0
INFO [03-26|17:54:34.789] Starting work on payload                 id=0x039fadae5726a197
WARN [03-26|17:54:42.195] Block building is interrupted            allowance=2s
INFO [03-26|17:54:42.195] Updated payload                          id=0x039fadae5726a197 number=64101 hash=e77522..d4bbad txs=1 withdrawals=0 gas=100,000,000 fees=8e-10       root=26af29..d4ecc4 elapsed=7.406s
WARN [03-26|17:54:47.450] Block building is interrupted            allowance=2s
INFO [03-26|17:54:47.450] Stopping work on payload                 id=0x039fadae5726a197 reason=timeout
WARN [03-26|17:54:47.482] {"level":"warn","msg":"Slow block","block":{"number":64101,"hash":"0xe77522064b4644b270ded48d7156bc1d96f4fd240debb0e6c563fbe9ddd4bbad","gas_used":100000000,"tx_count":1},"timing":{"execution_ms":288.40311,"state_read_ms":4964.909625,"state_hash_ms":0.05781,"commit_ms":31.516334,"total_ms":5284.976879},"throughput":{"mgas_per_sec":18.921558653804663},"state_reads":{"accounts":8,"storage_slots":36742,"code":2,"code_bytes":1416},"state_writes":{"accounts":2,"accounts_deleted":0,"storage_slots":0,"storage_slots_deleted":0,"code":0,"code_bytes":0},"cache":{"account":{"hits":4,"misses":4,"hit_rate":50},"storage":{"hits":2189,"misses":34553,"hit_rate":5.957759512274781},"code":{"hits":2,"misses":0,"hit_rate":100,"hit_bytes":1416,"miss_bytes":0}}}
INFO [03-26|17:54:47.482] Imported new potential chain segment     number=64101 hash=e77522..d4bbad blocks=1 txs=1 mgas=100.000 elapsed=5.285s      mgasps=18.918 triediffs=165.10MiB triedirty=0.00B
INFO [03-26|17:54:47.483] Chain head was updated                   number=64101 hash=e77522..d4bbad root=26af29..d4ecc4 elapsed="47.239µs"
