INFO [03-26|19:54:53.796] Starting Geth on Ethereum mainnet...
INFO [03-26|19:54:53.798] Maximum peer count                       ETH=0 total=0
INFO [03-26|19:54:53.799] Smartcard socket not found, disabling    err="stat /run/pcscd/pcscd.comm: no such file or directory"
WARN [03-26|19:54:53.801] Option --miner.etherbase is deprecated as the etherbase is set by the consensus client post-merge
WARN [03-26|19:54:53.803] Snap sync requested, resetting --cache.snapshot
INFO [03-26|19:54:53.803] Global gas cap disabled
INFO [03-26|19:54:54.467] Using developer account                  address=0xf39Fd6e51aad88F6F4ce6aB8827279cffFb92266
INFO [03-26|19:54:54.635] Using pebble as the backing database
INFO [03-26|19:54:54.635] Allocated cache and file handles         database=/home/CPerezz/bintrie-benchmarks/mpt-vs-bintrie/dbs/mpt/geth/chaindata cache=16.00MiB handles=524,288
INFO [03-26|19:54:55.781] Opened ancient database                  database=/home/CPerezz/bintrie-benchmarks/mpt-vs-bintrie/dbs/mpt/geth/chaindata/ancient/chain readonly=true
INFO [03-26|19:54:55.781] Opened Era store                         datadir=/home/CPerezz/bintrie-benchmarks/mpt-vs-bintrie/dbs/mpt/geth/chaindata/ancient/chain/era
INFO [03-26|19:54:55.792] Initializing the KZG library             backend=gokzg
INFO [03-26|19:54:55.794] Allocated trie memory caches             clean=0.00B dirty=0.00B
INFO [03-26|19:54:55.891] Using pebble as the backing database
INFO [03-26|19:54:55.891] Allocated cache and file handles         database=/home/CPerezz/bintrie-benchmarks/mpt-vs-bintrie/dbs/mpt/geth/chaindata cache=16.00MiB handles=524,288
INFO [03-26|19:54:57.233] Opened ancient database                  database=/home/CPerezz/bintrie-benchmarks/mpt-vs-bintrie/dbs/mpt/geth/chaindata/ancient/chain readonly=false
INFO [03-26|19:54:57.233] Opened Era store                         datadir=/home/CPerezz/bintrie-benchmarks/mpt-vs-bintrie/dbs/mpt/geth/chaindata/ancient/chain/era
INFO [03-26|19:54:57.234] State scheme set to already existing     scheme=path
INFO [03-26|19:54:57.235] Initialising Ethereum protocol           network=1337 dbversion=9
INFO [03-26|19:54:57.235] Load database journal from file          path=/home/CPerezz/bintrie-benchmarks/mpt-vs-bintrie/dbs/mpt/geth/triedb/merkle.journal
INFO [03-26|19:54:59.075] Opened ancient database                  database=/home/CPerezz/bintrie-benchmarks/mpt-vs-bintrie/dbs/mpt/geth/chaindata/ancient/state readonly=false
INFO [03-26|19:54:59.076] Initialized path database                triecache=0.00B statecache=0.00B buffer=0.00B state-history="last 90000 blocks" journal-dir=/home/CPerezz/bintrie-benchmarks/mpt-vs-bintrie/dbs/mpt/geth/triedb
INFO [03-26|19:54:59.078] 
INFO [03-26|19:54:59.078] ---------------------------------------------------------------------------------------------------------------------------------------------------------
INFO [03-26|19:54:59.078] Chain ID:  1337 (unknown)
INFO [03-26|19:54:59.078] Consensus: unknown
INFO [03-26|19:54:59.078] 
INFO [03-26|19:54:59.078] Pre-Merge hard forks (block based):
INFO [03-26|19:54:59.078]  - Homestead:                   #0       
INFO [03-26|19:54:59.078]  - Tangerine Whistle (EIP 150): #0       
INFO [03-26|19:54:59.078]  - Spurious Dragon/1 (EIP 155): #0       
INFO [03-26|19:54:59.078]  - Spurious Dragon/2 (EIP 158): #0       
INFO [03-26|19:54:59.078]  - Byzantium:                   #0       
INFO [03-26|19:54:59.078]  - Constantinople:              #0       
INFO [03-26|19:54:59.078]  - Petersburg:                  #0       
INFO [03-26|19:54:59.078]  - Istanbul:                    #0       
INFO [03-26|19:54:59.078]  - Muir Glacier:                #0       
INFO [03-26|19:54:59.078]  - Berlin:                      #0       
INFO [03-26|19:54:59.078]  - London:                      #0       
INFO [03-26|19:54:59.078]  - Arrow Glacier:               #0       
INFO [03-26|19:54:59.078]  - Gray Glacier:                #0       
INFO [03-26|19:54:59.078] 
INFO [03-26|19:54:59.078] Merge configured:
INFO [03-26|19:54:59.078]  - Total terminal difficulty:  0
INFO [03-26|19:54:59.078]  - Merge netsplit block:       #0       
INFO [03-26|19:54:59.078] 
INFO [03-26|19:54:59.078] Post-Merge hard forks (timestamp based):
INFO [03-26|19:54:59.078]  - Shanghai:                    @0         
INFO [03-26|19:54:59.078]  - Cancun:                      @0          blob: (target: 3, max: 6, fraction: 3338477)
INFO [03-26|19:54:59.078]  - Prague:                      @0          blob: (target: 6, max: 9, fraction: 5225352)
INFO [03-26|19:54:59.078]  - Osaka:                       @4294967295 blob: (target: 9, max: 12, fraction: 5225352)
INFO [03-26|19:54:59.078] 
INFO [03-26|19:54:59.078] All fork specifications can be found at https://ethereum.github.io/execution-specs/src/ethereum/forks/
INFO [03-26|19:54:59.078] 
INFO [03-26|19:54:59.078] ---------------------------------------------------------------------------------------------------------------------------------------------------------
INFO [03-26|19:54:59.078] 
INFO [03-26|19:54:59.078] Loaded most recent local block           number=64691 hash=306990..f78a7f age=10s
INFO [03-26|19:54:59.079] Loaded most recent local finalized block number=64672 hash=98967e..d2d907 age=3m45s
INFO [03-26|19:54:59.079] Initialized transaction indexer          range="last 2350000 blocks"
INFO [03-26|19:54:59.079] Initialized log indexer                  firstblock=0 lastblock=64691 firstmap=0 lastmap=4 headindexed=true
INFO [03-26|19:54:59.101] Enabled full-sync                        head=64691 hash=306990..f78a7f
INFO [03-26|19:54:59.102] Unprotected transactions allowed
INFO [03-26|19:54:59.102] Gasprice oracle is ignoring threshold set threshold=2
INFO [03-26|19:54:59.104] Registered sync override service
WARN [03-26|19:54:59.104] You are running Geth in --dev mode. Please note the following:
WARN [03-26|19:54:59.104] 
WARN [03-26|19:54:59.104]   1. This mode is only intended for fast, iterative development without assumptions on
WARN [03-26|19:54:59.104]      security or persistence.
WARN [03-26|19:54:59.104]   2. The database is created in memory unless specified otherwise. Therefore, shutting down
WARN [03-26|19:54:59.104]      your computer or losing power will wipe your entire block data and chain state for
WARN [03-26|19:54:59.104]      your dev environment.
WARN [03-26|19:54:59.104]   3. A random, pre-allocated developer account will be available and unlocked as
WARN [03-26|19:54:59.104]      eth.coinbase, which can be used for testing. The random dev account is temporary,
WARN [03-26|19:54:59.104]      stored on a ramdisk, and will be lost if your machine is restarted.
WARN [03-26|19:54:59.104]   4. Mining is enabled by default. However, the client will only seal blocks if transactions
WARN [03-26|19:54:59.104]      are pending in the mempool. The miner's minimum accepted gas price is 1.
WARN [03-26|19:54:59.104]   5. Networking is disabled; there is no listen-address, the maximum number of peers is set
WARN [03-26|19:54:59.104]      to 0, and discovery is disabled.
WARN [03-26|19:54:59.104] 
INFO [03-26|19:54:59.104] Starting peer-to-peer node               instance=Geth/v1.17.2-unstable-5d0e18f7-20260325/linux-amd64/go1.24.1
WARN [03-26|19:54:59.104] P2P server will be useless, neither dialing nor listening
INFO [03-26|19:54:59.110] IPC endpoint opened                      url=/home/CPerezz/bintrie-benchmarks/mpt-vs-bintrie/dbs/mpt/geth.ipc
ERROR[03-26|19:54:59.110] Unavailable modules in HTTP API list     unavailable=[personal] available="[admin debug web3 eth txpool miner net dev testing]"
INFO [03-26|19:54:59.111] HTTP server started                      endpoint=[::]:8545 auth=false prefix= cors= vhosts=localhost
INFO [03-26|19:54:59.111] WebSocket enabled                        url=ws://[::]:8546
INFO [03-26|19:54:59.111] New local node record                    seq=1,774,465,406,166 id=9566f6e861acb2c3 ip=127.0.0.1 udp=0 tcp=0
INFO [03-26|19:54:59.112] Started P2P networking                   self=enode://7bcb27e0859fe4ed7072e298a58918cc0b55d08376b1207f77d84f6d0d34ded7448b64ab16dd00733b489383beff49c04f662afae4dd1dc102807640ff82a1cd@127.0.0.1:0
INFO [03-26|19:54:59.150] Loaded local transaction journal         transactions=829 dropped=0
INFO [03-26|19:55:00.764] Submitted contract creation              hash=0xafae5d46ab8c00824330fa5693f6a1038cb28836e7c7beb9f564a465c83365c9 from=0xf39Fd6e51aad88F6F4ce6aB8827279cffFb92266 nonce=594 contract=0xFD296cCDB97C605bfdE514e9810eA05f421DEBc2 value=0
INFO [03-26|19:55:00.768] Submitted transaction                    hash=0x04cf57edb75782652f70cf90052754fdd260dd45894801d8b9bf18e278d456b0 from=0xf39Fd6e51aad88F6F4ce6aB8827279cffFb92266 nonce=595 recipient=0x99d431c42BC5f825aAB1dcA267706a7430E87ba4 value=6,580,000,000,000
INFO [03-26|19:55:01.114] Started log indexer
INFO [03-26|19:55:01.117] Starting work on payload                 id=0x039554e756d7a66e
INFO [03-26|19:55:01.124] Updated payload                          id=0x039554e756d7a66e number=64692 hash=c90611..cf8d6b txs=2 withdrawals=0 gas=90958 fees=5.984308736e-09 root=9308bd..8bb7cf elapsed=6.463ms
INFO [03-26|19:55:01.124] Stopping work on payload                 id=0x039554e756d7a66e reason=delivery
WARN [03-26|19:55:01.132] {"level":"warn","msg":"Slow block","block":{"number":64692,"hash":"0xc90611651a6ed4384f569f3f43b5214b1cbd88fdf03804580c57253bf5cf8d6b","gas_used":90958,"tx_count":2},"timing":{"execution_ms":0.05699,"state_read_ms":0.138139,"state_hash_ms":1.364312,"commit_ms":6.095736,"total_ms":7.707858},"throughput":{"mgas_per_sec":11.800684444368331},"state_reads":{"accounts":11,"storage_slots":0,"code":0,"code_bytes":0},"state_writes":{"accounts":3,"accounts_deleted":0,"storage_slots":0,"storage_slots_deleted":0,"code":1,"code_bytes":78},"cache":{"account":{"hits":6,"misses":5,"hit_rate":54.54545454545454},"storage":{"hits":0,"misses":0,"hit_rate":0},"code":{"hits":0,"misses":0,"hit_rate":0,"hit_bytes":0,"miss_bytes":0}}}
INFO [03-26|19:55:01.132] Imported new potential chain segment     number=64692 hash=c90611..cf8d6b blocks=1 txs=2 mgas=0.091 elapsed=7.885ms mgasps=11.535 triediffs=306.49MiB triedirty=0.00B
INFO [03-26|19:55:01.132] Ready for fork activation                fork=Osaka date="07 Feb 06 07:28 CET" remaining=700115h33m14s timestamp=4,294,967,295
INFO [03-26|19:55:01.132] Chain head was updated                   number=64692 hash=c90611..cf8d6b root=9308bd..8bb7cf elapsed="120.78µs"
INFO [03-26|19:55:01.784] Submitted transaction                    hash=0x3433dfe175b48a387831d50897dd29f326f4422ee41f9df8058b92b659d4049f from=0x99d431c42BC5f825aAB1dcA267706a7430E87ba4 nonce=0   recipient=0xFD296cCDB97C605bfdE514e9810eA05f421DEBc2 value=0
INFO [03-26|19:55:11.137] Starting work on payload                 id=0x03da2a30ebe237da
INFO [03-26|19:55:11.970] Updated payload                          id=0x03da2a30ebe237da number=64693 hash=a98686..01f251 txs=1 withdrawals=0 gas=93,739,282 fees=6.167294841e-06 root=90a826..bbbcf9 elapsed=832.381ms
INFO [03-26|19:55:11.970] Stopping work on payload                 id=0x03da2a30ebe237da reason=delivery
WARN [03-26|19:55:12.931] {"level":"warn","msg":"Slow block","block":{"number":64693,"hash":"0xa9868607ac4425d3826bb990550b5cd986734ee68ebe7d92c188e013be01f251","gas_used":93739282,"tx_count":1},"timing":{"execution_ms":43.425228,"state_read_ms":594.90981,"state_hash_ms":290.373745,"commit_ms":29.695405,"total_ms":958.479877},"throughput":{"mgas_per_sec":97.79994786473749},"state_reads":{"accounts":8,"storage_slots":4094,"code":2,"code_bytes":1422},"state_writes":{"accounts":3,"accounts_deleted":0,"storage_slots":4094,"storage_slots_deleted":0,"code":0,"code_bytes":0},"cache":{"account":{"hits":3,"misses":5,"hit_rate":37.5},"storage":{"hits":490,"misses":3604,"hit_rate":11.968734733756717},"code":{"hits":2,"misses":0,"hit_rate":100,"hit_bytes":1422,"miss_bytes":0}}}
INFO [03-26|19:55:12.931] Imported new potential chain segment     number=64693 hash=a98686..01f251 blocks=1 txs=1 mgas=93.739 elapsed=960.194ms  mgasps=97.625 triediffs=314.27MiB triedirty=0.00B
INFO [03-26|19:55:12.932] Chain head was updated                   number=64693 hash=a98686..01f251 root=90a826..bbbcf9 elapsed="98.929µs"
INFO [03-26|19:55:13.872] Submitted transaction                    hash=0x457955889023de3315259feb2f05e0935643c74ff87ae74aaae3721e9b223c8c from=0x99d431c42BC5f825aAB1dcA267706a7430E87ba4 nonce=1   recipient=0xf39Fd6e51aad88F6F4ce6aB8827279cffFb92266 value=411,264,197,400
INFO [03-26|19:55:22.935] Starting work on payload                 id=0x03c81aa801990ad9
INFO [03-26|19:55:22.935] Updated payload                          id=0x03c81aa801990ad9 number=64694 hash=34f70b..6c38a4 txs=1 withdrawals=0 gas=21000      fees=6.90753e-10     root=4e862c..bf6718 elapsed="714.285µs"
INFO [03-26|19:55:22.935] Stopping work on payload                 id=0x03c81aa801990ad9 reason=delivery
WARN [03-26|19:55:22.938] {"level":"warn","msg":"Slow block","block":{"number":64694,"hash":"0x34f70b9f37710db655de9cc4209c683c36084e612628435a908b1000de6c38a4","gas_used":21000,"tx_count":1},"timing":{"execution_ms":0.03998,"state_read_ms":0.836555,"state_hash_ms":0.074298,"commit_ms":0.547377,"total_ms":1.571972},"throughput":{"mgas_per_sec":13.359016572814275},"state_reads":{"accounts":6,"storage_slots":0,"code":0,"code_bytes":0},"state_writes":{"accounts":2,"accounts_deleted":0,"storage_slots":0,"storage_slots_deleted":0,"code":0,"code_bytes":0},"cache":{"account":{"hits":2,"misses":4,"hit_rate":33.33333333333333},"storage":{"hits":0,"misses":0,"hit_rate":0},"code":{"hits":0,"misses":0,"hit_rate":0,"hit_bytes":0,"miss_bytes":0}}}
INFO [03-26|19:55:22.938] Imported new potential chain segment     number=64694 hash=34f70b..6c38a4 blocks=1 txs=1 mgas=0.021  elapsed=1.708ms     mgasps=12.294 triediffs=314.26MiB triedirty=0.00B
INFO [03-26|19:55:22.938] Chain head was updated                   number=64694 hash=34f70b..6c38a4 root=4e862c..bf6718 elapsed="53.73µs"
