INFO [03-26|19:34:22.548] Starting Geth on Ethereum mainnet...
INFO [03-26|19:34:22.550] Maximum peer count                       ETH=0 total=0
INFO [03-26|19:34:22.551] Smartcard socket not found, disabling    err="stat /run/pcscd/pcscd.comm: no such file or directory"
WARN [03-26|19:34:22.552] Option --miner.etherbase is deprecated as the etherbase is set by the consensus client post-merge
WARN [03-26|19:34:22.553] Snap sync requested, resetting --cache.snapshot
INFO [03-26|19:34:22.553] Global gas cap disabled
INFO [03-26|19:34:23.198] Using developer account                  address=0xf39Fd6e51aad88F6F4ce6aB8827279cffFb92266
INFO [03-26|19:34:23.365] Using pebble as the backing database
INFO [03-26|19:34:23.365] Allocated cache and file handles         database=/home/CPerezz/bintrie-benchmarks/mpt-vs-bintrie/dbs/mpt/geth/chaindata cache=16.00MiB handles=524,288
INFO [03-26|19:34:24.473] Opened ancient database                  database=/home/CPerezz/bintrie-benchmarks/mpt-vs-bintrie/dbs/mpt/geth/chaindata/ancient/chain readonly=true
INFO [03-26|19:34:24.473] Opened Era store                         datadir=/home/CPerezz/bintrie-benchmarks/mpt-vs-bintrie/dbs/mpt/geth/chaindata/ancient/chain/era
INFO [03-26|19:34:24.488] Initializing the KZG library             backend=gokzg
INFO [03-26|19:34:24.491] Allocated trie memory caches             clean=0.00B dirty=0.00B
INFO [03-26|19:34:24.593] Using pebble as the backing database
INFO [03-26|19:34:24.593] Allocated cache and file handles         database=/home/CPerezz/bintrie-benchmarks/mpt-vs-bintrie/dbs/mpt/geth/chaindata cache=16.00MiB handles=524,288
INFO [03-26|19:34:25.868] Opened ancient database                  database=/home/CPerezz/bintrie-benchmarks/mpt-vs-bintrie/dbs/mpt/geth/chaindata/ancient/chain readonly=false
INFO [03-26|19:34:25.868] Opened Era store                         datadir=/home/CPerezz/bintrie-benchmarks/mpt-vs-bintrie/dbs/mpt/geth/chaindata/ancient/chain/era
INFO [03-26|19:34:25.870] State scheme set to already existing     scheme=path
INFO [03-26|19:34:25.870] Initialising Ethereum protocol           network=1337 dbversion=9
INFO [03-26|19:34:25.870] Load database journal from file          path=/home/CPerezz/bintrie-benchmarks/mpt-vs-bintrie/dbs/mpt/geth/triedb/merkle.journal
INFO [03-26|19:34:26.752] Opened ancient database                  database=/home/CPerezz/bintrie-benchmarks/mpt-vs-bintrie/dbs/mpt/geth/chaindata/ancient/state readonly=false
INFO [03-26|19:34:26.752] Initialized path database                triecache=0.00B statecache=0.00B buffer=0.00B state-history="last 90000 blocks" journal-dir=/home/CPerezz/bintrie-benchmarks/mpt-vs-bintrie/dbs/mpt/geth/triedb
INFO [03-26|19:34:26.754] 
INFO [03-26|19:34:26.754] ---------------------------------------------------------------------------------------------------------------------------------------------------------
INFO [03-26|19:34:26.754] Chain ID:  1337 (unknown)
INFO [03-26|19:34:26.754] Consensus: unknown
INFO [03-26|19:34:26.754] 
INFO [03-26|19:34:26.754] Pre-Merge hard forks (block based):
INFO [03-26|19:34:26.754]  - Homestead:                   #0       
INFO [03-26|19:34:26.754]  - Tangerine Whistle (EIP 150): #0       
INFO [03-26|19:34:26.754]  - Spurious Dragon/1 (EIP 155): #0       
INFO [03-26|19:34:26.754]  - Spurious Dragon/2 (EIP 158): #0       
INFO [03-26|19:34:26.754]  - Byzantium:                   #0       
INFO [03-26|19:34:26.754]  - Constantinople:              #0       
INFO [03-26|19:34:26.754]  - Petersburg:                  #0       
INFO [03-26|19:34:26.754]  - Istanbul:                    #0       
INFO [03-26|19:34:26.754]  - Muir Glacier:                #0       
INFO [03-26|19:34:26.754]  - Berlin:                      #0       
INFO [03-26|19:34:26.754]  - London:                      #0       
INFO [03-26|19:34:26.754]  - Arrow Glacier:               #0       
INFO [03-26|19:34:26.754]  - Gray Glacier:                #0       
INFO [03-26|19:34:26.754] 
INFO [03-26|19:34:26.754] Merge configured:
INFO [03-26|19:34:26.754]  - Total terminal difficulty:  0
INFO [03-26|19:34:26.754]  - Merge netsplit block:       #0       
INFO [03-26|19:34:26.754] 
INFO [03-26|19:34:26.754] Post-Merge hard forks (timestamp based):
INFO [03-26|19:34:26.754]  - Shanghai:                    @0         
INFO [03-26|19:34:26.754]  - Cancun:                      @0          blob: (target: 3, max: 6, fraction: 3338477)
INFO [03-26|19:34:26.754]  - Prague:                      @0          blob: (target: 6, max: 9, fraction: 5225352)
INFO [03-26|19:34:26.754]  - Osaka:                       @4294967295 blob: (target: 9, max: 12, fraction: 5225352)
INFO [03-26|19:34:26.754] 
INFO [03-26|19:34:26.754] All fork specifications can be found at https://ethereum.github.io/execution-specs/src/ethereum/forks/
INFO [03-26|19:34:26.754] 
INFO [03-26|19:34:26.754] ---------------------------------------------------------------------------------------------------------------------------------------------------------
INFO [03-26|19:34:26.754] 
INFO [03-26|19:34:26.754] Loaded most recent local block           number=64579 hash=35195c..1926e2 age=7s
INFO [03-26|19:34:26.754] Loaded most recent local finalized block number=64576 hash=760e77..5513a7 age=38s
INFO [03-26|19:34:26.755] Initialized transaction indexer          range="last 2350000 blocks"
INFO [03-26|19:34:26.755] Initialized log indexer                  firstblock=0 lastblock=64579 firstmap=0 lastmap=4 headindexed=true
INFO [03-26|19:34:26.770] Enabled full-sync                        head=64579 hash=35195c..1926e2
INFO [03-26|19:34:26.770] Unprotected transactions allowed
INFO [03-26|19:34:26.770] Gasprice oracle is ignoring threshold set threshold=2
INFO [03-26|19:34:26.771] Registered sync override service
WARN [03-26|19:34:26.771] You are running Geth in --dev mode. Please note the following:
WARN [03-26|19:34:26.771] 
WARN [03-26|19:34:26.771]   1. This mode is only intended for fast, iterative development without assumptions on
WARN [03-26|19:34:26.771]      security or persistence.
WARN [03-26|19:34:26.771]   2. The database is created in memory unless specified otherwise. Therefore, shutting down
WARN [03-26|19:34:26.771]      your computer or losing power will wipe your entire block data and chain state for
WARN [03-26|19:34:26.771]      your dev environment.
WARN [03-26|19:34:26.771]   3. A random, pre-allocated developer account will be available and unlocked as
WARN [03-26|19:34:26.771]      eth.coinbase, which can be used for testing. The random dev account is temporary,
WARN [03-26|19:34:26.771]      stored on a ramdisk, and will be lost if your machine is restarted.
WARN [03-26|19:34:26.771]   4. Mining is enabled by default. However, the client will only seal blocks if transactions
WARN [03-26|19:34:26.771]      are pending in the mempool. The miner's minimum accepted gas price is 1.
WARN [03-26|19:34:26.771]   5. Networking is disabled; there is no listen-address, the maximum number of peers is set
WARN [03-26|19:34:26.771]      to 0, and discovery is disabled.
WARN [03-26|19:34:26.771] 
INFO [03-26|19:34:26.771] Starting peer-to-peer node               instance=Geth/v1.17.2-unstable-5d0e18f7-20260325/linux-amd64/go1.24.1
WARN [03-26|19:34:26.771] P2P server will be useless, neither dialing nor listening
INFO [03-26|19:34:26.778] IPC endpoint opened                      url=/home/CPerezz/bintrie-benchmarks/mpt-vs-bintrie/dbs/mpt/geth.ipc
ERROR[03-26|19:34:26.778] Unavailable modules in HTTP API list     unavailable=[personal] available="[admin debug web3 eth txpool miner net dev testing]"
INFO [03-26|19:34:26.779] New local node record                    seq=1,774,465,406,130 id=9566f6e861acb2c3 ip=127.0.0.1 udp=0 tcp=0
INFO [03-26|19:34:26.779] Started P2P networking                   self=enode://7bcb27e0859fe4ed7072e298a58918cc0b55d08376b1207f77d84f6d0d34ded7448b64ab16dd00733b489383beff49c04f662afae4dd1dc102807640ff82a1cd@127.0.0.1:0
INFO [03-26|19:34:26.779] HTTP server started                      endpoint=[::]:8545 auth=false prefix= cors= vhosts=localhost
INFO [03-26|19:34:26.779] WebSocket enabled                        url=ws://[::]:8546
INFO [03-26|19:34:26.841] Loaded local transaction journal         transactions=685 dropped=0
INFO [03-26|19:34:28.506] Submitted contract creation              hash=0x291724ac9877d427982ce394aae0a41801e26d44ae201c9ddd3fad77c2e5d855 from=0xf39Fd6e51aad88F6F4ce6aB8827279cffFb92266 nonce=522 contract=0x7Ce73F8f636C6bD3357A0A8a59e0ab6462C955B0 value=0
INFO [03-26|19:34:28.508] Submitted transaction                    hash=0x44a1f86c0090aeaa2b753bbe3fd965f1e90968e478396c1af5963a2ce957aa69 from=0xf39Fd6e51aad88F6F4ce6aB8827279cffFb92266 nonce=523 recipient=0x67FA69973555F7A9b5B6CeC8c7510fBFf527699A value=292,000,000,000
INFO [03-26|19:34:28.731] Started log indexer
INFO [03-26|19:34:28.737] Starting work on payload                 id=0x03b654893a5346a6
INFO [03-26|19:34:28.744] Updated payload                          id=0x03b654893a5346a6 number=64580 hash=33f075..079ea2 txs=2 withdrawals=0 gas=90958 fees=2.64869696e-10 root=a97cc5..a8f6e8 elapsed=7.861ms
INFO [03-26|19:34:28.745] Stopping work on payload                 id=0x03b654893a5346a6 reason=delivery
WARN [03-26|19:34:28.746] {"level":"warn","msg":"Slow block","block":{"number":64580,"hash":"0x33f07567be0d218dd51552311ee9f77142ac7f25f3536976738db3c32b079ea2","gas_used":90958,"tx_count":2},"timing":{"execution_ms":0.039519,"state_read_ms":0.09489,"state_hash_ms":0.527887,"commit_ms":0.454408,"total_ms":1.165854},"throughput":{"mgas_per_sec":78.01834535027542},"state_reads":{"accounts":11,"storage_slots":0,"code":0,"code_bytes":0},"state_writes":{"accounts":3,"accounts_deleted":0,"storage_slots":0,"storage_slots_deleted":0,"code":1,"code_bytes":78},"cache":{"account":{"hits":4,"misses":7,"hit_rate":36.36363636363637},"storage":{"hits":0,"misses":0,"hit_rate":0},"code":{"hits":0,"misses":0,"hit_rate":0,"hit_bytes":0,"miss_bytes":0}}}
INFO [03-26|19:34:28.746] Imported new potential chain segment     number=64580 hash=33f075..079ea2 blocks=1 txs=2 mgas=0.091 elapsed=1.403ms mgasps=64.811 triediffs=139.38MiB triedirty=0.00B
INFO [03-26|19:34:28.746] Ready for fork activation                fork=Osaka date="07 Feb 06 07:28 CET" remaining=700115h53m46s timestamp=4,294,967,295
INFO [03-26|19:34:28.747] Chain head was updated                   number=64580 hash=33f075..079ea2 root=a97cc5..a8f6e8 elapsed="216.678µs"
INFO [03-26|19:34:29.522] Submitted transaction                    hash=0xc47b9d91d9d70c6776353db1689ed6579bb95de15ceff8eeadaf269a63497770 from=0x67FA69973555F7A9b5B6CeC8c7510fBFf527699A nonce=0   recipient=0x7Ce73F8f636C6bD3357A0A8a59e0ab6462C955B0 value=0
INFO [03-26|19:34:38.748] Starting work on payload                 id=0x03b38f11bc8a3779
INFO [03-26|19:34:39.595] Updated payload                          id=0x03b38f11bc8a3779 number=64581 hash=5885a3..5124ae txs=1 withdrawals=0 gas=93,739,282 fees=2.729687892e-07 root=d07d51..72421e elapsed=847.415ms
INFO [03-26|19:34:39.596] Stopping work on payload                 id=0x03b38f11bc8a3779 reason=delivery
WARN [03-26|19:34:40.487] {"level":"warn","msg":"Slow block","block":{"number":64581,"hash":"0x5885a3478ecc35084b6a8ea4f498abdc6a97f233cfc5ff5510e57548605124ae","gas_used":93739282,"tx_count":1},"timing":{"execution_ms":43.043449,"state_read_ms":556.257904,"state_hash_ms":258.264204,"commit_ms":29.98288,"total_ms":887.639608},"throughput":{"mgas_per_sec":105.60511400703516},"state_reads":{"accounts":8,"storage_slots":4094,"code":2,"code_bytes":1422},"state_writes":{"accounts":3,"accounts_deleted":0,"storage_slots":4094,"storage_slots_deleted":0,"code":0,"code_bytes":0},"cache":{"account":{"hits":3,"misses":5,"hit_rate":37.5},"storage":{"hits":573,"misses":3521,"hit_rate":13.99609184171959},"code":{"hits":2,"misses":0,"hit_rate":100,"hit_bytes":1422,"miss_bytes":0}}}
INFO [03-26|19:34:40.487] Imported new potential chain segment     number=64581 hash=5885a3..5124ae blocks=1 txs=1 mgas=93.739 elapsed=891.372ms   mgasps=105.163 triediffs=147.18MiB triedirty=0.00B
INFO [03-26|19:34:40.489] Chain head was updated                   number=64581 hash=5885a3..5124ae root=d07d51..72421e elapsed="88.709µs"
INFO [03-26|19:34:40.599] Submitted transaction                    hash=0x29c3aeb1393ba785821adea8798187f77b20eb101a3de8ca6ee88aa0a9ce7a29 from=0x67FA69973555F7A9b5B6CeC8c7510fBFf527699A nonce=1   recipient=0xf39Fd6e51aad88F6F4ce6aB8827279cffFb92266 value=18,250,489,560
INFO [03-26|19:34:50.491] Starting work on payload                 id=0x03cec13f852d7511
INFO [03-26|19:34:50.493] Updated payload                          id=0x03cec13f852d7511 number=64582 hash=2ff0d1..906e8b txs=1 withdrawals=0 gas=21000      fees=3.0513e-11      root=50e6e1..05b950 elapsed=1.571ms
INFO [03-26|19:34:50.493] Stopping work on payload                 id=0x03cec13f852d7511 reason=delivery
WARN [03-26|19:34:50.494] {"level":"warn","msg":"Slow block","block":{"number":64582,"hash":"0x2ff0d1e32dad237c8cf71a69cb9208d4abee5fc4a2264f90ffee3cc64f906e8b","gas_used":21000,"tx_count":1},"timing":{"execution_ms":0.049679,"state_read_ms":0.244889,"state_hash_ms":0.087999,"commit_ms":0.521737,"total_ms":0.974395},"throughput":{"mgas_per_sec":21.55183472821597},"state_reads":{"accounts":6,"storage_slots":0,"code":0,"code_bytes":0},"state_writes":{"accounts":2,"accounts_deleted":0,"storage_slots":0,"storage_slots_deleted":0,"code":0,"code_bytes":0},"cache":{"account":{"hits":0,"misses":6,"hit_rate":0},"storage":{"hits":0,"misses":0,"hit_rate":0},"code":{"hits":0,"misses":0,"hit_rate":0,"hit_bytes":0,"miss_bytes":0}}}
INFO [03-26|19:34:50.494] Imported new potential chain segment     number=64582 hash=2ff0d1..906e8b blocks=1 txs=1 mgas=0.021  elapsed=1.149ms     mgasps=18.277  triediffs=147.18MiB triedirty=0.00B
INFO [03-26|19:34:50.495] Chain head was updated                   number=64582 hash=2ff0d1..906e8b root=50e6e1..05b950 elapsed="61.52µs"
