INFO [03-26|17:30:47.207] Starting Geth on Ethereum mainnet...
INFO [03-26|17:30:47.208] Maximum peer count                       ETH=0 total=0
INFO [03-26|17:30:47.209] Smartcard socket not found, disabling    err="stat /run/pcscd/pcscd.comm: no such file or directory"
WARN [03-26|17:30:47.211] Option --miner.etherbase is deprecated as the etherbase is set by the consensus client post-merge
WARN [03-26|17:30:47.213] Snap sync requested, resetting --cache.snapshot
INFO [03-26|17:30:47.213] Global gas cap disabled
INFO [03-26|17:30:47.855] Using developer account                  address=0xf39Fd6e51aad88F6F4ce6aB8827279cffFb92266
INFO [03-26|17:30:48.094] Using pebble as the backing database
INFO [03-26|17:30:48.094] Allocated cache and file handles         database=/home/CPerezz/bintrie-benchmarks/mpt-vs-bintrie/dbs/mpt/geth/chaindata cache=16.00MiB handles=524,288
INFO [03-26|17:30:50.294] Opened ancient database                  database=/home/CPerezz/bintrie-benchmarks/mpt-vs-bintrie/dbs/mpt/geth/chaindata/ancient/chain readonly=true
INFO [03-26|17:30:50.294] Opened Era store                         datadir=/home/CPerezz/bintrie-benchmarks/mpt-vs-bintrie/dbs/mpt/geth/chaindata/ancient/chain/era
INFO [03-26|17:30:50.300] Initializing the KZG library             backend=gokzg
INFO [03-26|17:30:50.301] Allocated trie memory caches             clean=0.00B dirty=0.00B
INFO [03-26|17:30:50.379] Using pebble as the backing database
INFO [03-26|17:30:50.379] Allocated cache and file handles         database=/home/CPerezz/bintrie-benchmarks/mpt-vs-bintrie/dbs/mpt/geth/chaindata cache=16.00MiB handles=524,288
INFO [03-26|17:30:51.718] Opened ancient database                  database=/home/CPerezz/bintrie-benchmarks/mpt-vs-bintrie/dbs/mpt/geth/chaindata/ancient/chain readonly=false
INFO [03-26|17:30:51.718] Opened Era store                         datadir=/home/CPerezz/bintrie-benchmarks/mpt-vs-bintrie/dbs/mpt/geth/chaindata/ancient/chain/era
INFO [03-26|17:30:51.720] State scheme set to already existing     scheme=path
INFO [03-26|17:30:51.722] Initialising Ethereum protocol           network=1337 dbversion=9
INFO [03-26|17:30:51.722] Load database journal from file          path=/home/CPerezz/bintrie-benchmarks/mpt-vs-bintrie/dbs/mpt/geth/triedb/merkle.journal
INFO [03-26|17:30:54.044] Opened ancient database                  database=/home/CPerezz/bintrie-benchmarks/mpt-vs-bintrie/dbs/mpt/geth/chaindata/ancient/state readonly=false
INFO [03-26|17:30:54.045] Initialized path database                triecache=0.00B statecache=0.00B buffer=0.00B state-history="last 90000 blocks" journal-dir=/home/CPerezz/bintrie-benchmarks/mpt-vs-bintrie/dbs/mpt/geth/triedb
INFO [03-26|17:30:54.045] 
INFO [03-26|17:30:54.045] ---------------------------------------------------------------------------------------------------------------------------------------------------------
INFO [03-26|17:30:54.045] Chain ID:  1337 (unknown)
INFO [03-26|17:30:54.045] Consensus: unknown
INFO [03-26|17:30:54.045] 
INFO [03-26|17:30:54.046] Pre-Merge hard forks (block based):
INFO [03-26|17:30:54.046]  - Homestead:                   #0       
INFO [03-26|17:30:54.046]  - Tangerine Whistle (EIP 150): #0       
INFO [03-26|17:30:54.046]  - Spurious Dragon/1 (EIP 155): #0       
INFO [03-26|17:30:54.046]  - Spurious Dragon/2 (EIP 158): #0       
INFO [03-26|17:30:54.046]  - Byzantium:                   #0       
INFO [03-26|17:30:54.046]  - Constantinople:              #0       
INFO [03-26|17:30:54.046]  - Petersburg:                  #0       
INFO [03-26|17:30:54.046]  - Istanbul:                    #0       
INFO [03-26|17:30:54.046]  - Muir Glacier:                #0       
INFO [03-26|17:30:54.046]  - Berlin:                      #0       
INFO [03-26|17:30:54.046]  - London:                      #0       
INFO [03-26|17:30:54.046]  - Arrow Glacier:               #0       
INFO [03-26|17:30:54.046]  - Gray Glacier:                #0       
INFO [03-26|17:30:54.046] 
INFO [03-26|17:30:54.046] Merge configured:
INFO [03-26|17:30:54.046]  - Total terminal difficulty:  0
INFO [03-26|17:30:54.046]  - Merge netsplit block:       #0       
INFO [03-26|17:30:54.046] 
INFO [03-26|17:30:54.046] Post-Merge hard forks (timestamp based):
INFO [03-26|17:30:54.046]  - Shanghai:                    @0         
INFO [03-26|17:30:54.046]  - Cancun:                      @0          blob: (target: 3, max: 6, fraction: 3338477)
INFO [03-26|17:30:54.046]  - Prague:                      @0          blob: (target: 6, max: 9, fraction: 5225352)
INFO [03-26|17:30:54.046]  - Osaka:                       @4294967295 blob: (target: 9, max: 12, fraction: 5225352)
INFO [03-26|17:30:54.046] 
INFO [03-26|17:30:54.046] All fork specifications can be found at https://ethereum.github.io/execution-specs/src/ethereum/forks/
INFO [03-26|17:30:54.046] 
INFO [03-26|17:30:54.046] ---------------------------------------------------------------------------------------------------------------------------------------------------------
INFO [03-26|17:30:54.046] 
INFO [03-26|17:30:54.046] Loaded most recent local block           number=64008 hash=c9d325..2eeed3 age=27s
INFO [03-26|17:30:54.046] Loaded most recent local finalized block number=64000 hash=c1425e..2acdcd age=2m41s
INFO [03-26|17:30:54.047] Initialized transaction indexer          range="last 2350000 blocks"
INFO [03-26|17:30:54.047] Initialized log indexer                  firstblock=0 lastblock=64008 firstmap=0 lastmap=4 headindexed=true
INFO [03-26|17:30:54.051] Enabled full-sync                        head=64008 hash=c9d325..2eeed3
INFO [03-26|17:30:54.051] Unprotected transactions allowed
INFO [03-26|17:30:54.051] Gasprice oracle is ignoring threshold set threshold=2
INFO [03-26|17:30:54.052] Registered sync override service
WARN [03-26|17:30:54.052] You are running Geth in --dev mode. Please note the following:
WARN [03-26|17:30:54.052] 
WARN [03-26|17:30:54.052]   1. This mode is only intended for fast, iterative development without assumptions on
WARN [03-26|17:30:54.052]      security or persistence.
WARN [03-26|17:30:54.052]   2. The database is created in memory unless specified otherwise. Therefore, shutting down
WARN [03-26|17:30:54.052]      your computer or losing power will wipe your entire block data and chain state for
WARN [03-26|17:30:54.052]      your dev environment.
WARN [03-26|17:30:54.052]   3. A random, pre-allocated developer account will be available and unlocked as
WARN [03-26|17:30:54.052]      eth.coinbase, which can be used for testing. The random dev account is temporary,
WARN [03-26|17:30:54.052]      stored on a ramdisk, and will be lost if your machine is restarted.
WARN [03-26|17:30:54.052]   4. Mining is enabled by default. However, the client will only seal blocks if transactions
WARN [03-26|17:30:54.052]      are pending in the mempool. The miner's minimum accepted gas price is 1.
WARN [03-26|17:30:54.052]   5. Networking is disabled; there is no listen-address, the maximum number of peers is set
WARN [03-26|17:30:54.052]      to 0, and discovery is disabled.
WARN [03-26|17:30:54.052] 
INFO [03-26|17:30:54.052] Starting peer-to-peer node               instance=Geth/v1.17.2-unstable-5d0e18f7-20260325/linux-amd64/go1.24.1
WARN [03-26|17:30:54.052] P2P server will be useless, neither dialing nor listening
INFO [03-26|17:30:54.056] IPC endpoint opened                      url=/home/CPerezz/bintrie-benchmarks/mpt-vs-bintrie/dbs/mpt/geth.ipc
ERROR[03-26|17:30:54.056] Unavailable modules in HTTP API list     unavailable=[personal] available="[admin debug web3 eth txpool miner net dev testing]"
INFO [03-26|17:30:54.056] HTTP server started                      endpoint=[::]:8545 auth=false prefix= cors= vhosts=localhost
INFO [03-26|17:30:54.056] WebSocket enabled                        url=ws://[::]:8546
INFO [03-26|17:30:54.057] New local node record                    seq=1,774,465,405,917 id=9566f6e861acb2c3 ip=127.0.0.1 udp=0 tcp=0
INFO [03-26|17:30:54.057] Started P2P networking                   self=enode://7bcb27e0859fe4ed7072e298a58918cc0b55d08376b1207f77d84f6d0d34ded7448b64ab16dd00733b489383beff49c04f662afae4dd1dc102807640ff82a1cd@127.0.0.1:0
INFO [03-26|17:30:54.058] Loaded local transaction journal         transactions=27 dropped=0
INFO [03-26|17:30:55.324] Started log indexer
INFO [03-26|17:30:55.331] Starting work on payload                 id=0x03724cfa6ea3d68c
INFO [03-26|17:30:55.332] Updated payload                          id=0x03724cfa6ea3d68c number=64009 hash=03de25..19ea1b txs=0 withdrawals=0 gas=0 fees=0 root=cfdce3..b26499 elapsed="477.507µs"
INFO [03-26|17:30:55.332] Stopping work on payload                 id=0x03724cfa6ea3d68c reason=delivery
WARN [03-26|17:30:55.336] {"level":"warn","msg":"Slow block","block":{"number":64009,"hash":"0x03de255fd7f8ca6d6296018e59e0d424237522051de4007e5b0d80546519ea1b","gas_used":0,"tx_count":0},"timing":{"execution_ms":0.024719,"state_read_ms":0.12296,"state_hash_ms":0.00866,"commit_ms":0.110019,"total_ms":0.348299},"throughput":{"mgas_per_sec":0},"state_reads":{"accounts":4,"storage_slots":0,"code":0,"code_bytes":0},"state_writes":{"accounts":0,"accounts_deleted":0,"storage_slots":0,"storage_slots_deleted":0,"code":0,"code_bytes":0},"cache":{"account":{"hits":0,"misses":4,"hit_rate":0},"storage":{"hits":0,"misses":0,"hit_rate":0},"code":{"hits":0,"misses":0,"hit_rate":0,"hit_bytes":0,"miss_bytes":0}}}
INFO [03-26|17:30:55.337] Imported new potential chain segment     number=64009 hash=03de25..19ea1b blocks=1 txs=0 mgas=0.000 elapsed=4.058ms     mgasps=0.000 triediffs=393.21MiB triedirty=0.00B
INFO [03-26|17:30:55.337] Ready for fork activation                fork=Osaka date="07 Feb 06 07:28 CET" remaining=700117h57m20s timestamp=4,294,967,295
INFO [03-26|17:30:55.337] Chain head was updated                   number=64009 hash=03de25..19ea1b root=cfdce3..b26499 elapsed="102.099µs"
INFO [03-26|17:30:55.493] Submitted contract creation              hash=0xb2d64ba1e6086c4d0c492335fc232c560ebdd3aaed1875352e2f4680c43adbfa from=0xf39Fd6e51aad88F6F4ce6aB8827279cffFb92266 nonce=96 contract=0xf953b3A269d80e3eB0F2947630Da976B896A8C5b value=0
INFO [03-26|17:30:55.496] Submitted transaction                    hash=0xd091b41c6d0293a00fd7b5739d3b17023cae8c2ad184166f8fca5ba951d0a963 from=0xf39Fd6e51aad88F6F4ce6aB8827279cffFb92266 nonce=97 recipient=0x228a6eF3b2344D9C9A62315A19278f9479d798bb value=1,600,000,000
INFO [03-26|17:31:05.338] Starting work on payload                 id=0x033d20c2297951af
INFO [03-26|17:31:05.345] Updated payload                          id=0x033d20c2297951af number=64010 hash=763e8e..df8b88 txs=2 withdrawals=0 gas=89662 fees=7.17296e-13 root=9bc353..7dbcb1 elapsed=6.190ms
INFO [03-26|17:31:05.345] Stopping work on payload                 id=0x033d20c2297951af reason=delivery
WARN [03-26|17:31:05.353] {"level":"warn","msg":"Slow block","block":{"number":64010,"hash":"0x763e8eda804234eb5e859aa3abc37c364016f1b8ba4ef832cc3707b980df8b88","gas_used":89662,"tx_count":2},"timing":{"execution_ms":0.12576,"state_read_ms":0.233588,"state_hash_ms":0.240819,"commit_ms":6.087236,"total_ms":6.776813},"throughput":{"mgas_per_sec":13.230702986787447},"state_reads":{"accounts":11,"storage_slots":0,"code":0,"code_bytes":0},"state_writes":{"accounts":3,"accounts_deleted":0,"storage_slots":0,"storage_slots_deleted":0,"code":1,"code_bytes":72},"cache":{"account":{"hits":7,"misses":4,"hit_rate":63.63636363636363},"storage":{"hits":0,"misses":0,"hit_rate":0},"code":{"hits":0,"misses":0,"hit_rate":0,"hit_bytes":0,"miss_bytes":0}}}
INFO [03-26|17:31:05.353] Imported new potential chain segment     number=64010 hash=763e8e..df8b88 blocks=1 txs=2 mgas=0.090 elapsed=7.595ms     mgasps=11.804 triediffs=389.01MiB triedirty=0.00B
INFO [03-26|17:31:05.353] Chain head was updated                   number=64010 hash=763e8e..df8b88 root=9bc353..7dbcb1 elapsed="121.08µs"
INFO [03-26|17:31:05.584] Submitted transaction                    hash=0x82421824a1baafab10e28442b3b791da3d363722d2746af47d9d095bb502f3ef from=0x228a6eF3b2344D9C9A62315A19278f9479d798bb nonce=0  recipient=0xf953b3A269d80e3eB0F2947630Da976B896A8C5b value=0
INFO [03-26|17:31:15.357] Starting work on payload                 id=0x0398799a618458e0
WARN [03-26|17:31:22.593] Block building is interrupted            allowance=2s
INFO [03-26|17:31:22.593] Updated payload                          id=0x0398799a618458e0 number=64011 hash=6c92d5..d662cd txs=1 withdrawals=0 gas=100,000,000 fees=8e-10       root=bb8b54..d427bc elapsed=7.235s
WARN [03-26|17:31:27.682] Block building is interrupted            allowance=2s
INFO [03-26|17:31:27.683] Stopping work on payload                 id=0x0398799a618458e0 reason=timeout
WARN [03-26|17:31:27.711] {"level":"warn","msg":"Slow block","block":{"number":64011,"hash":"0x6c92d57b41153a92cab1f6c766c20b5fcf3ecbddcd2764e46f105dbb3cd662cd","gas_used":100000000,"tx_count":1},"timing":{"execution_ms":267.84065,"state_read_ms":4819.486917,"state_hash_ms":0.044449,"commit_ms":28.080604,"total_ms":5115.553881},"throughput":{"mgas_per_sec":19.548225339081323},"state_reads":{"accounts":8,"storage_slots":36742,"code":2,"code_bytes":1416},"state_writes":{"accounts":2,"accounts_deleted":0,"storage_slots":0,"storage_slots_deleted":0,"code":0,"code_bytes":0},"cache":{"account":{"hits":3,"misses":5,"hit_rate":37.5},"storage":{"hits":2101,"misses":34641,"hit_rate":5.718251592183332},"code":{"hits":2,"misses":0,"hit_rate":100,"hit_bytes":1416,"miss_bytes":0}}}
INFO [03-26|17:31:27.711] Imported new potential chain segment     number=64011 hash=6c92d5..d662cd blocks=1 txs=1 mgas=100.000 elapsed=5.116s      mgasps=19.544 triediffs=386.09MiB triedirty=0.00B
INFO [03-26|17:31:27.713] Chain head was updated                   number=64011 hash=6c92d5..d662cd root=bb8b54..d427bc elapsed="76.149µs"
