INFO [03-26|17:31:35.384] Starting Geth on Ethereum mainnet...
INFO [03-26|17:31:35.385] Maximum peer count                       ETH=0 total=0
INFO [03-26|17:31:35.386] Smartcard socket not found, disabling    err="stat /run/pcscd/pcscd.comm: no such file or directory"
WARN [03-26|17:31:35.388] Option --miner.etherbase is deprecated as the etherbase is set by the consensus client post-merge
WARN [03-26|17:31:35.389] Snap sync requested, resetting --cache.snapshot
INFO [03-26|17:31:35.390] Global gas cap disabled
INFO [03-26|17:31:36.035] Using developer account                  address=0xf39Fd6e51aad88F6F4ce6aB8827279cffFb92266
INFO [03-26|17:31:36.275] Using pebble as the backing database
INFO [03-26|17:31:36.275] Allocated cache and file handles         database=/home/CPerezz/bintrie-benchmarks/mpt-vs-bintrie/dbs/mpt/geth/chaindata cache=16.00MiB handles=524,288
INFO [03-26|17:31:38.528] Opened ancient database                  database=/home/CPerezz/bintrie-benchmarks/mpt-vs-bintrie/dbs/mpt/geth/chaindata/ancient/chain readonly=true
INFO [03-26|17:31:38.528] Opened Era store                         datadir=/home/CPerezz/bintrie-benchmarks/mpt-vs-bintrie/dbs/mpt/geth/chaindata/ancient/chain/era
INFO [03-26|17:31:38.533] Initializing the KZG library             backend=gokzg
INFO [03-26|17:31:38.535] Allocated trie memory caches             clean=0.00B dirty=0.00B
INFO [03-26|17:31:38.615] Using pebble as the backing database
INFO [03-26|17:31:38.615] Allocated cache and file handles         database=/home/CPerezz/bintrie-benchmarks/mpt-vs-bintrie/dbs/mpt/geth/chaindata cache=16.00MiB handles=524,288
INFO [03-26|17:31:39.916] Opened ancient database                  database=/home/CPerezz/bintrie-benchmarks/mpt-vs-bintrie/dbs/mpt/geth/chaindata/ancient/chain readonly=false
INFO [03-26|17:31:39.916] Opened Era store                         datadir=/home/CPerezz/bintrie-benchmarks/mpt-vs-bintrie/dbs/mpt/geth/chaindata/ancient/chain/era
INFO [03-26|17:31:39.918] State scheme set to already existing     scheme=path
INFO [03-26|17:31:39.920] Initialising Ethereum protocol           network=1337 dbversion=9
INFO [03-26|17:31:39.920] Load database journal from file          path=/home/CPerezz/bintrie-benchmarks/mpt-vs-bintrie/dbs/mpt/geth/triedb/merkle.journal
INFO [03-26|17:31:42.175] Opened ancient database                  database=/home/CPerezz/bintrie-benchmarks/mpt-vs-bintrie/dbs/mpt/geth/chaindata/ancient/state readonly=false
INFO [03-26|17:31:42.176] Initialized path database                triecache=0.00B statecache=0.00B buffer=0.00B state-history="last 90000 blocks" journal-dir=/home/CPerezz/bintrie-benchmarks/mpt-vs-bintrie/dbs/mpt/geth/triedb
INFO [03-26|17:31:42.176] 
INFO [03-26|17:31:42.176] ---------------------------------------------------------------------------------------------------------------------------------------------------------
INFO [03-26|17:31:42.176] Chain ID:  1337 (unknown)
INFO [03-26|17:31:42.176] Consensus: unknown
INFO [03-26|17:31:42.176] 
INFO [03-26|17:31:42.176] Pre-Merge hard forks (block based):
INFO [03-26|17:31:42.176]  - Homestead:                   #0       
INFO [03-26|17:31:42.176]  - Tangerine Whistle (EIP 150): #0       
INFO [03-26|17:31:42.176]  - Spurious Dragon/1 (EIP 155): #0       
INFO [03-26|17:31:42.176]  - Spurious Dragon/2 (EIP 158): #0       
INFO [03-26|17:31:42.176]  - Byzantium:                   #0       
INFO [03-26|17:31:42.176]  - Constantinople:              #0       
INFO [03-26|17:31:42.176]  - Petersburg:                  #0       
INFO [03-26|17:31:42.176]  - Istanbul:                    #0       
INFO [03-26|17:31:42.176]  - Muir Glacier:                #0       
INFO [03-26|17:31:42.176]  - Berlin:                      #0       
INFO [03-26|17:31:42.176]  - London:                      #0       
INFO [03-26|17:31:42.176]  - Arrow Glacier:               #0       
INFO [03-26|17:31:42.176]  - Gray Glacier:                #0       
INFO [03-26|17:31:42.176] 
INFO [03-26|17:31:42.176] Merge configured:
INFO [03-26|17:31:42.176]  - Total terminal difficulty:  0
INFO [03-26|17:31:42.176]  - Merge netsplit block:       #0       
INFO [03-26|17:31:42.176] 
INFO [03-26|17:31:42.176] Post-Merge hard forks (timestamp based):
INFO [03-26|17:31:42.176]  - Shanghai:                    @0         
INFO [03-26|17:31:42.176]  - Cancun:                      @0          blob: (target: 3, max: 6, fraction: 3338477)
INFO [03-26|17:31:42.176]  - Prague:                      @0          blob: (target: 6, max: 9, fraction: 5225352)
INFO [03-26|17:31:42.176]  - Osaka:                       @4294967295 blob: (target: 9, max: 12, fraction: 5225352)
INFO [03-26|17:31:42.176] 
INFO [03-26|17:31:42.176] All fork specifications can be found at https://ethereum.github.io/execution-specs/src/ethereum/forks/
INFO [03-26|17:31:42.176] 
INFO [03-26|17:31:42.176] ---------------------------------------------------------------------------------------------------------------------------------------------------------
INFO [03-26|17:31:42.176] 
INFO [03-26|17:31:42.177] Loaded most recent local block           number=64011 hash=6c92d5..d662cd age=27s
INFO [03-26|17:31:42.177] Loaded most recent local finalized block number=64000 hash=c1425e..2acdcd age=3m29s
INFO [03-26|17:31:42.177] Initialized transaction indexer          range="last 2350000 blocks"
INFO [03-26|17:31:42.177] Initialized log indexer                  firstblock=0 lastblock=64011 firstmap=0 lastmap=4 headindexed=true
INFO [03-26|17:31:42.182] Enabled full-sync                        head=64011 hash=6c92d5..d662cd
INFO [03-26|17:31:42.182] Unprotected transactions allowed
INFO [03-26|17:31:42.182] Gasprice oracle is ignoring threshold set threshold=2
INFO [03-26|17:31:42.183] Registered sync override service
WARN [03-26|17:31:42.183] You are running Geth in --dev mode. Please note the following:
WARN [03-26|17:31:42.183] 
WARN [03-26|17:31:42.183]   1. This mode is only intended for fast, iterative development without assumptions on
WARN [03-26|17:31:42.183]      security or persistence.
WARN [03-26|17:31:42.183]   2. The database is created in memory unless specified otherwise. Therefore, shutting down
WARN [03-26|17:31:42.183]      your computer or losing power will wipe your entire block data and chain state for
WARN [03-26|17:31:42.183]      your dev environment.
WARN [03-26|17:31:42.183]   3. A random, pre-allocated developer account will be available and unlocked as
WARN [03-26|17:31:42.183]      eth.coinbase, which can be used for testing. The random dev account is temporary,
WARN [03-26|17:31:42.183]      stored on a ramdisk, and will be lost if your machine is restarted.
WARN [03-26|17:31:42.183]   4. Mining is enabled by default. However, the client will only seal blocks if transactions
WARN [03-26|17:31:42.183]      are pending in the mempool. The miner's minimum accepted gas price is 1.
WARN [03-26|17:31:42.183]   5. Networking is disabled; there is no listen-address, the maximum number of peers is set
WARN [03-26|17:31:42.183]      to 0, and discovery is disabled.
WARN [03-26|17:31:42.183] 
INFO [03-26|17:31:42.183] Starting peer-to-peer node               instance=Geth/v1.17.2-unstable-5d0e18f7-20260325/linux-amd64/go1.24.1
WARN [03-26|17:31:42.183] P2P server will be useless, neither dialing nor listening
INFO [03-26|17:31:42.187] IPC endpoint opened                      url=/home/CPerezz/bintrie-benchmarks/mpt-vs-bintrie/dbs/mpt/geth.ipc
ERROR[03-26|17:31:42.187] Unavailable modules in HTTP API list     unavailable=[personal] available="[admin debug web3 eth txpool miner net dev testing]"
INFO [03-26|17:31:42.188] HTTP server started                      endpoint=[::]:8545 auth=false prefix= cors= vhosts=localhost
INFO [03-26|17:31:42.188] WebSocket enabled                        url=ws://[::]:8546
INFO [03-26|17:31:42.188] New local node record                    seq=1,774,465,405,918 id=9566f6e861acb2c3 ip=127.0.0.1 udp=0 tcp=0
INFO [03-26|17:31:42.188] Started P2P networking                   self=enode://7bcb27e0859fe4ed7072e298a58918cc0b55d08376b1207f77d84f6d0d34ded7448b64ab16dd00733b489383beff49c04f662afae4dd1dc102807640ff82a1cd@127.0.0.1:0
INFO [03-26|17:31:42.190] Loaded local transaction journal         transactions=30 dropped=0
INFO [03-26|17:31:43.565] Started log indexer
INFO [03-26|17:31:43.572] Starting work on payload                 id=0x033a15bc51b47bb9
INFO [03-26|17:31:43.573] Updated payload                          id=0x033a15bc51b47bb9 number=64012 hash=30ffde..c7ca63 txs=0 withdrawals=0 gas=0 fees=0 root=bb8b54..d427bc elapsed="244.049µs"
INFO [03-26|17:31:43.573] Stopping work on payload                 id=0x033a15bc51b47bb9 reason=delivery
WARN [03-26|17:31:43.575] {"level":"warn","msg":"Slow block","block":{"number":64012,"hash":"0x30ffde3289e0fd9883da355fee84aea931f1af2d14bcb3ed8394736550c7ca63","gas_used":0,"tx_count":0},"timing":{"execution_ms":0.01511,"state_read_ms":0.11509,"state_hash_ms":0.02596,"commit_ms":0.11376,"total_ms":0.329809},"throughput":{"mgas_per_sec":0},"state_reads":{"accounts":4,"storage_slots":0,"code":0,"code_bytes":0},"state_writes":{"accounts":0,"accounts_deleted":0,"storage_slots":0,"storage_slots_deleted":0,"code":0,"code_bytes":0},"cache":{"account":{"hits":0,"misses":4,"hit_rate":0},"storage":{"hits":0,"misses":0,"hit_rate":0},"code":{"hits":0,"misses":0,"hit_rate":0,"hit_bytes":0,"miss_bytes":0}}}
INFO [03-26|17:31:43.575] Imported new potential chain segment     number=64012 hash=30ffde..c7ca63 blocks=1 txs=0 mgas=0.000 elapsed=2.501ms     mgasps=0.000 triediffs=386.09MiB triedirty=0.00B
INFO [03-26|17:31:43.576] Ready for fork activation                fork=Osaka date="07 Feb 06 07:28 CET" remaining=700117h56m31s timestamp=4,294,967,295
INFO [03-26|17:31:43.576] Chain head was updated                   number=64012 hash=30ffde..c7ca63 root=bb8b54..d427bc elapsed="42.48µs"
INFO [03-26|17:31:43.691] Submitted contract creation              hash=0xf16c7c08521bd5c25faa639703cfae20c37e6328466b78d7e717fe2325486dc4 from=0xf39Fd6e51aad88F6F4ce6aB8827279cffFb92266 nonce=98 contract=0x5c74c94173F05dA1720953407cbb920F3DF9f887 value=0
INFO [03-26|17:31:43.692] Submitted transaction                    hash=0x45e6e8081d58af565f66d5a0d9ccca43ee88caf7eba26943a0f57a78c18747dc from=0xf39Fd6e51aad88F6F4ce6aB8827279cffFb92266 nonce=99 recipient=0x8ed5A7fFD9376426db2a3E4416314e2804BC929B value=1,600,000,000
INFO [03-26|17:31:53.578] Starting work on payload                 id=0x03ddfa8d759399f2
INFO [03-26|17:31:53.585] Updated payload                          id=0x03ddfa8d759399f2 number=64013 hash=f92f44..19e8aa txs=2 withdrawals=0 gas=89662 fees=7.17296e-13 root=2adcd4..4aeec3 elapsed=6.860ms
INFO [03-26|17:31:53.585] Stopping work on payload                 id=0x03ddfa8d759399f2 reason=delivery
WARN [03-26|17:31:53.592] {"level":"warn","msg":"Slow block","block":{"number":64013,"hash":"0xf92f4466853933b631e56a67eec4d2e2e28da93fb175f840b44b24059619e8aa","gas_used":89662,"tx_count":2},"timing":{"execution_ms":0.0644,"state_read_ms":0.072409,"state_hash_ms":1.075804,"commit_ms":4.947812,"total_ms":6.192666},"throughput":{"mgas_per_sec":14.478739851301523},"state_reads":{"accounts":11,"storage_slots":0,"code":0,"code_bytes":0},"state_writes":{"accounts":3,"accounts_deleted":0,"storage_slots":0,"storage_slots_deleted":0,"code":1,"code_bytes":72},"cache":{"account":{"hits":4,"misses":7,"hit_rate":36.36363636363637},"storage":{"hits":0,"misses":0,"hit_rate":0},"code":{"hits":0,"misses":0,"hit_rate":0,"hit_bytes":0,"miss_bytes":0}}}
INFO [03-26|17:31:53.592] Imported new potential chain segment     number=64013 hash=f92f44..19e8aa blocks=1 txs=2 mgas=0.090 elapsed=6.467ms     mgasps=13.863 triediffs=381.88MiB triedirty=0.00B
INFO [03-26|17:31:53.592] Chain head was updated                   number=64013 hash=f92f44..19e8aa root=2adcd4..4aeec3 elapsed="90.919µs"
INFO [03-26|17:31:53.774] Submitted transaction                    hash=0x9ec47b98c88ad44e3156fa4f705be1fa63355a567b6a0352fb1ee044e00725e4 from=0x8ed5A7fFD9376426db2a3E4416314e2804BC929B nonce=0  recipient=0x5c74c94173F05dA1720953407cbb920F3DF9f887 value=0
INFO [03-26|17:32:03.596] Starting work on payload                 id=0x036dc7ccb8b37249
WARN [03-26|17:32:10.924] Block building is interrupted            allowance=2s
INFO [03-26|17:32:10.925] Updated payload                          id=0x036dc7ccb8b37249 number=64014 hash=4efeed..d07df7 txs=1 withdrawals=0 gas=100,000,000 fees=8e-10       root=ae6343..077a0a elapsed=7.328s
WARN [03-26|17:32:16.311] {"level":"warn","msg":"Slow block","block":{"number":64014,"hash":"0x4efeedef7cc1bd487da7494e3f91db261bd8a5f4186f7f1565fce8fe86d07df7","gas_used":100000000,"tx_count":1},"timing":{"execution_ms":264.370054,"state_read_ms":5095.327908,"state_hash_ms":0.07466,"commit_ms":24.397714,"total_ms":5384.271426},"throughput":{"mgas_per_sec":18.572614953457215},"state_reads":{"accounts":8,"storage_slots":36742,"code":2,"code_bytes":1416},"state_writes":{"accounts":2,"accounts_deleted":0,"storage_slots":0,"storage_slots_deleted":0,"code":0,"code_bytes":0},"cache":{"account":{"hits":4,"misses":4,"hit_rate":50},"storage":{"hits":3287,"misses":33455,"hit_rate":8.946165151597626},"code":{"hits":2,"misses":0,"hit_rate":100,"hit_bytes":1416,"miss_bytes":0}}}
INFO [03-26|17:32:16.311] Imported new potential chain segment     number=64014 hash=4efeed..d07df7 blocks=1 txs=1 mgas=100.000 elapsed=5.385s      mgasps=18.569 triediffs=378.98MiB triedirty=0.00B
INFO [03-26|17:32:16.312] Chain head was updated                   number=64014 hash=4efeed..d07df7 root=ae6343..077a0a elapsed="42.349µs"
WARN [03-26|17:32:16.598] Block building is interrupted            allowance=2s
INFO [03-26|17:32:16.598] Stopping work on payload                 id=0x036dc7ccb8b37249 reason=delivery
