INFO [03-26|20:14:41.395] Starting Geth on Ethereum mainnet...
INFO [03-26|20:14:41.396] Maximum peer count                       ETH=0 total=0
INFO [03-26|20:14:41.397] Smartcard socket not found, disabling    err="stat /run/pcscd/pcscd.comm: no such file or directory"
WARN [03-26|20:14:41.398] Option --miner.etherbase is deprecated as the etherbase is set by the consensus client post-merge
WARN [03-26|20:14:41.399] Snap sync requested, resetting --cache.snapshot
INFO [03-26|20:14:41.399] Global gas cap disabled
INFO [03-26|20:14:42.038] Using developer account                  address=0xf39Fd6e51aad88F6F4ce6aB8827279cffFb92266
INFO [03-26|20:14:42.205] Using pebble as the backing database
INFO [03-26|20:14:42.205] Allocated cache and file handles         database=/home/CPerezz/bintrie-benchmarks/mpt-vs-bintrie/dbs/mpt/geth/chaindata cache=16.00MiB handles=524,288
INFO [03-26|20:14:43.344] Opened ancient database                  database=/home/CPerezz/bintrie-benchmarks/mpt-vs-bintrie/dbs/mpt/geth/chaindata/ancient/chain readonly=true
INFO [03-26|20:14:43.344] Opened Era store                         datadir=/home/CPerezz/bintrie-benchmarks/mpt-vs-bintrie/dbs/mpt/geth/chaindata/ancient/chain/era
INFO [03-26|20:14:43.355] Initializing the KZG library             backend=gokzg
INFO [03-26|20:14:43.356] Allocated trie memory caches             clean=0.00B dirty=0.00B
INFO [03-26|20:14:43.462] Using pebble as the backing database
INFO [03-26|20:14:43.462] Allocated cache and file handles         database=/home/CPerezz/bintrie-benchmarks/mpt-vs-bintrie/dbs/mpt/geth/chaindata cache=16.00MiB handles=524,288
INFO [03-26|20:14:44.783] Opened ancient database                  database=/home/CPerezz/bintrie-benchmarks/mpt-vs-bintrie/dbs/mpt/geth/chaindata/ancient/chain readonly=false
INFO [03-26|20:14:44.783] Opened Era store                         datadir=/home/CPerezz/bintrie-benchmarks/mpt-vs-bintrie/dbs/mpt/geth/chaindata/ancient/chain/era
INFO [03-26|20:14:44.785] State scheme set to already existing     scheme=path
INFO [03-26|20:14:44.786] Initialising Ethereum protocol           network=1337 dbversion=9
INFO [03-26|20:14:44.786] Load database journal from file          path=/home/CPerezz/bintrie-benchmarks/mpt-vs-bintrie/dbs/mpt/geth/triedb/merkle.journal
INFO [03-26|20:14:46.648] Opened ancient database                  database=/home/CPerezz/bintrie-benchmarks/mpt-vs-bintrie/dbs/mpt/geth/chaindata/ancient/state readonly=false
INFO [03-26|20:14:46.649] Initialized path database                triecache=0.00B statecache=0.00B buffer=0.00B state-history="last 90000 blocks" journal-dir=/home/CPerezz/bintrie-benchmarks/mpt-vs-bintrie/dbs/mpt/geth/triedb
INFO [03-26|20:14:46.651] 
INFO [03-26|20:14:46.651] ---------------------------------------------------------------------------------------------------------------------------------------------------------
INFO [03-26|20:14:46.651] Chain ID:  1337 (unknown)
INFO [03-26|20:14:46.651] Consensus: unknown
INFO [03-26|20:14:46.651] 
INFO [03-26|20:14:46.651] Pre-Merge hard forks (block based):
INFO [03-26|20:14:46.651]  - Homestead:                   #0       
INFO [03-26|20:14:46.651]  - Tangerine Whistle (EIP 150): #0       
INFO [03-26|20:14:46.651]  - Spurious Dragon/1 (EIP 155): #0       
INFO [03-26|20:14:46.651]  - Spurious Dragon/2 (EIP 158): #0       
INFO [03-26|20:14:46.651]  - Byzantium:                   #0       
INFO [03-26|20:14:46.651]  - Constantinople:              #0       
INFO [03-26|20:14:46.651]  - Petersburg:                  #0       
INFO [03-26|20:14:46.651]  - Istanbul:                    #0       
INFO [03-26|20:14:46.651]  - Muir Glacier:                #0       
INFO [03-26|20:14:46.651]  - Berlin:                      #0       
INFO [03-26|20:14:46.651]  - London:                      #0       
INFO [03-26|20:14:46.651]  - Arrow Glacier:               #0       
INFO [03-26|20:14:46.651]  - Gray Glacier:                #0       
INFO [03-26|20:14:46.651] 
INFO [03-26|20:14:46.651] Merge configured:
INFO [03-26|20:14:46.651]  - Total terminal difficulty:  0
INFO [03-26|20:14:46.651]  - Merge netsplit block:       #0       
INFO [03-26|20:14:46.651] 
INFO [03-26|20:14:46.651] Post-Merge hard forks (timestamp based):
INFO [03-26|20:14:46.651]  - Shanghai:                    @0         
INFO [03-26|20:14:46.651]  - Cancun:                      @0          blob: (target: 3, max: 6, fraction: 3338477)
INFO [03-26|20:14:46.651]  - Prague:                      @0          blob: (target: 6, max: 9, fraction: 5225352)
INFO [03-26|20:14:46.651]  - Osaka:                       @4294967295 blob: (target: 9, max: 12, fraction: 5225352)
INFO [03-26|20:14:46.651] 
INFO [03-26|20:14:46.651] All fork specifications can be found at https://ethereum.github.io/execution-specs/src/ethereum/forks/
INFO [03-26|20:14:46.651] 
INFO [03-26|20:14:46.651] ---------------------------------------------------------------------------------------------------------------------------------------------------------
INFO [03-26|20:14:46.651] 
INFO [03-26|20:14:46.652] Loaded most recent local block           number=64796 hash=72a334..704044 age=10s
INFO [03-26|20:14:46.652] Loaded most recent local finalized block number=64768 hash=51b670..c6f830 age=5m27s
INFO [03-26|20:14:46.653] Initialized transaction indexer          range="last 2350000 blocks"
INFO [03-26|20:14:46.653] Initialized log indexer                  firstblock=0 lastblock=64796 firstmap=0 lastmap=4 headindexed=true
INFO [03-26|20:14:46.655] Enabled full-sync                        head=64796 hash=72a334..704044
INFO [03-26|20:14:46.656] Unprotected transactions allowed
INFO [03-26|20:14:46.656] Gasprice oracle is ignoring threshold set threshold=2
INFO [03-26|20:14:46.657] Registered sync override service
WARN [03-26|20:14:46.657] You are running Geth in --dev mode. Please note the following:
WARN [03-26|20:14:46.657] 
WARN [03-26|20:14:46.657]   1. This mode is only intended for fast, iterative development without assumptions on
WARN [03-26|20:14:46.657]      security or persistence.
WARN [03-26|20:14:46.657]   2. The database is created in memory unless specified otherwise. Therefore, shutting down
WARN [03-26|20:14:46.657]      your computer or losing power will wipe your entire block data and chain state for
WARN [03-26|20:14:46.657]      your dev environment.
WARN [03-26|20:14:46.657]   3. A random, pre-allocated developer account will be available and unlocked as
WARN [03-26|20:14:46.657]      eth.coinbase, which can be used for testing. The random dev account is temporary,
WARN [03-26|20:14:46.657]      stored on a ramdisk, and will be lost if your machine is restarted.
WARN [03-26|20:14:46.657]   4. Mining is enabled by default. However, the client will only seal blocks if transactions
WARN [03-26|20:14:46.657]      are pending in the mempool. The miner's minimum accepted gas price is 1.
WARN [03-26|20:14:46.657]   5. Networking is disabled; there is no listen-address, the maximum number of peers is set
WARN [03-26|20:14:46.657]      to 0, and discovery is disabled.
WARN [03-26|20:14:46.657] 
INFO [03-26|20:14:46.657] Starting peer-to-peer node               instance=Geth/v1.17.2-unstable-5d0e18f7-20260325/linux-amd64/go1.24.1
WARN [03-26|20:14:46.657] P2P server will be useless, neither dialing nor listening
INFO [03-26|20:14:46.663] New local node record                    seq=1,774,465,406,201 id=9566f6e861acb2c3 ip=127.0.0.1 udp=0 tcp=0
INFO [03-26|20:14:46.663] Started P2P networking                   self=enode://7bcb27e0859fe4ed7072e298a58918cc0b55d08376b1207f77d84f6d0d34ded7448b64ab16dd00733b489383beff49c04f662afae4dd1dc102807640ff82a1cd@127.0.0.1:0
INFO [03-26|20:14:46.663] IPC endpoint opened                      url=/home/CPerezz/bintrie-benchmarks/mpt-vs-bintrie/dbs/mpt/geth.ipc
ERROR[03-26|20:14:46.663] Unavailable modules in HTTP API list     unavailable=[personal] available="[admin debug web3 eth txpool miner net dev testing]"
INFO [03-26|20:14:46.664] HTTP server started                      endpoint=[::]:8545 auth=false prefix= cors= vhosts=localhost
INFO [03-26|20:14:46.664] WebSocket enabled                        url=ws://[::]:8546
INFO [03-26|20:14:46.720] Loaded local transaction journal         transactions=969 dropped=0
INFO [03-26|20:14:48.350] Submitted contract creation              hash=0xcf7070bd52d41c6d89ef613579dfd35d0b8370ac9f5686337c7412259709d932 from=0xf39Fd6e51aad88F6F4ce6aB8827279cffFb92266 nonce=664 contract=0xfb6dAB6200b8958C2655C3747708F82243d3F32E value=0
INFO [03-26|20:14:48.353] Submitted transaction                    hash=0x2a6b9f82cf1b3a8ae518ecd4c5189889002d16a5e1df179566c379ece3c42035 from=0xf39Fd6e51aad88F6F4ce6aB8827279cffFb92266 nonce=665 recipient=0x94B5B711eEe1769b635F7dCD78f9d6B058fD7B99 value=119,586,100,000,000
INFO [03-26|20:14:48.493] Started log indexer
INFO [03-26|20:14:48.496] Starting work on payload                 id=0x033f626d78079f31
INFO [03-26|20:14:48.502] Updated payload                          id=0x033f626d78079f31 number=64797 hash=ba3343..e2471f txs=2 withdrawals=0 gas=90958 fees=1.087723972e-07 root=4bdafa..5fb91d elapsed=6.173ms
INFO [03-26|20:14:48.503] Stopping work on payload                 id=0x033f626d78079f31 reason=delivery
WARN [03-26|20:14:48.510] {"level":"warn","msg":"Slow block","block":{"number":64797,"hash":"0xba33435e621c4e9ae857e8b3987085d4a2a2e073dcfb15f166a683177de2471f","gas_used":90958,"tx_count":2},"timing":{"execution_ms":0.056929,"state_read_ms":0.12748,"state_hash_ms":0.596016,"commit_ms":6.270993,"total_ms":7.113459},"throughput":{"mgas_per_sec":12.786746925792361},"state_reads":{"accounts":11,"storage_slots":0,"code":0,"code_bytes":0},"state_writes":{"accounts":3,"accounts_deleted":0,"storage_slots":0,"storage_slots_deleted":0,"code":1,"code_bytes":78},"cache":{"account":{"hits":6,"misses":5,"hit_rate":54.54545454545454},"storage":{"hits":0,"misses":0,"hit_rate":0},"code":{"hits":0,"misses":0,"hit_rate":0,"hit_bytes":0,"miss_bytes":0}}}
INFO [03-26|20:14:48.510] Imported new potential chain segment     number=64797 hash=ba3343..e2471f blocks=1 txs=2 mgas=0.091 elapsed=7.291ms mgasps=12.475 triediffs=306.42MiB triedirty=0.00B
INFO [03-26|20:14:48.510] Ready for fork activation                fork=Osaka date="07 Feb 06 07:28 CET" remaining=700115h13m26s timestamp=4,294,967,295
INFO [03-26|20:14:48.510] Chain head was updated                   number=64797 hash=ba3343..e2471f root=4bdafa..5fb91d elapsed="124.549µs"
INFO [03-26|20:14:49.368] Submitted transaction                    hash=0xa28c8eae8e443d5a2410b90c4e6181fad54b276056a470d9d47395e31f7d79c3 from=0x94B5B711eEe1769b635F7dCD78f9d6B058fD7B99 nonce=0   recipient=0xfb6dAB6200b8958C2655C3747708F82243d3F32E value=0
INFO [03-26|20:14:58.514] Starting work on payload                 id=0x039825cc9d2eb7b4
INFO [03-26|20:14:59.306] Updated payload                          id=0x039825cc9d2eb7b4 number=64798 hash=6aca0d..e5a3c4 txs=1 withdrawals=0 gas=93,739,282 fees=0.0001120984016 root=d9116d..b10562 elapsed=791.941ms
INFO [03-26|20:14:59.306] Stopping work on payload                 id=0x039825cc9d2eb7b4 reason=delivery
WARN [03-26|20:15:00.295] {"level":"warn","msg":"Slow block","block":{"number":64798,"hash":"0x6aca0d94e21dfde6b05a3ff54bd095157edfb6dcfeabb3736a4c865386e5a3c4","gas_used":93739282,"tx_count":1},"timing":{"execution_ms":48.99729,"state_read_ms":593.653748,"state_hash_ms":285.866187,"commit_ms":58.236729,"total_ms":986.845465},"throughput":{"mgas_per_sec":94.98881570074398},"state_reads":{"accounts":8,"storage_slots":4094,"code":2,"code_bytes":1422},"state_writes":{"accounts":3,"accounts_deleted":0,"storage_slots":4094,"storage_slots_deleted":0,"code":0,"code_bytes":0},"cache":{"account":{"hits":3,"misses":5,"hit_rate":37.5},"storage":{"hits":620,"misses":3474,"hit_rate":15.14411333659013},"code":{"hits":2,"misses":0,"hit_rate":100,"hit_bytes":1422,"miss_bytes":0}}}
INFO [03-26|20:15:00.295] Imported new potential chain segment     number=64798 hash=6aca0d..e5a3c4 blocks=1 txs=1 mgas=93.739 elapsed=988.385ms   mgasps=94.841 triediffs=314.21MiB triedirty=0.00B
INFO [03-26|20:15:00.300] Chain head was updated                   number=64798 hash=6aca0d..e5a3c4 root=d9116d..b10562 elapsed="265.808µs"
INFO [03-26|20:15:00.446] Submitted transaction                    hash=0xef3c157488160f5f754dca9abd54410d212a4a696b75b907054c705c026defd2 from=0x94B5B711eEe1769b635F7dCD78f9d6B058fD7B99 nonce=1   recipient=0xf39Fd6e51aad88F6F4ce6aB8827279cffFb92266 value=7,474,391,811,198
INFO [03-26|20:15:10.304] Starting work on payload                 id=0x0378e2ba99a96bf7
INFO [03-26|20:15:10.305] Updated payload                          id=0x0378e2ba99a96bf7 number=64799 hash=3283cf..651d5d txs=1 withdrawals=0 gas=21000      fees=1.2556404e-08   root=5791f9..2fff8a elapsed=1.041ms
INFO [03-26|20:15:10.305] Stopping work on payload                 id=0x0378e2ba99a96bf7 reason=delivery
WARN [03-26|20:15:10.307] {"level":"warn","msg":"Slow block","block":{"number":64799,"hash":"0x3283cfa198e011e681bfb06000398c48ef1ffdf4ca3c906ac43e00c1c2651d5d","gas_used":21000,"tx_count":1},"timing":{"execution_ms":0.04107,"state_read_ms":0.077739,"state_hash_ms":0.07983,"commit_ms":0.502447,"total_ms":0.749677},"throughput":{"mgas_per_sec":28.012063862169974},"state_reads":{"accounts":6,"storage_slots":0,"code":0,"code_bytes":0},"state_writes":{"accounts":2,"accounts_deleted":0,"storage_slots":0,"storage_slots_deleted":0,"code":0,"code_bytes":0},"cache":{"account":{"hits":2,"misses":4,"hit_rate":33.33333333333333},"storage":{"hits":0,"misses":0,"hit_rate":0},"code":{"hits":0,"misses":0,"hit_rate":0,"hit_bytes":0,"miss_bytes":0}}}
INFO [03-26|20:15:10.307] Imported new potential chain segment     number=64799 hash=3283cf..651d5d blocks=1 txs=1 mgas=0.021  elapsed="913.546µs" mgasps=22.987 triediffs=314.20MiB triedirty=0.00B
INFO [03-26|20:15:10.307] Chain head was updated                   number=64799 hash=3283cf..651d5d root=5791f9..2fff8a elapsed="61.31µs"
