INFO [03-26|18:36:02.095] Starting Geth on Ethereum mainnet...
INFO [03-26|18:36:02.096] Maximum peer count                       ETH=0 total=0
INFO [03-26|18:36:02.097] Smartcard socket not found, disabling    err="stat /run/pcscd/pcscd.comm: no such file or directory"
WARN [03-26|18:36:02.098] Option --miner.etherbase is deprecated as the etherbase is set by the consensus client post-merge
WARN [03-26|18:36:02.100] Snap sync requested, resetting --cache.snapshot
INFO [03-26|18:36:02.100] Global gas cap disabled
INFO [03-26|18:36:02.743] Using developer account                  address=0xf39Fd6e51aad88F6F4ce6aB8827279cffFb92266
INFO [03-26|18:36:02.987] Using pebble as the backing database
INFO [03-26|18:36:02.987] Allocated cache and file handles         database=/home/CPerezz/bintrie-benchmarks/mpt-vs-bintrie/dbs/mpt/geth/chaindata cache=16.00MiB handles=524,288
INFO [03-26|18:36:05.220] Opened ancient database                  database=/home/CPerezz/bintrie-benchmarks/mpt-vs-bintrie/dbs/mpt/geth/chaindata/ancient/chain readonly=true
INFO [03-26|18:36:05.220] Opened Era store                         datadir=/home/CPerezz/bintrie-benchmarks/mpt-vs-bintrie/dbs/mpt/geth/chaindata/ancient/chain/era
INFO [03-26|18:36:05.228] Initializing the KZG library             backend=gokzg
INFO [03-26|18:36:05.230] Allocated trie memory caches             clean=0.00B dirty=0.00B
INFO [03-26|18:36:05.317] Using pebble as the backing database
INFO [03-26|18:36:05.317] Allocated cache and file handles         database=/home/CPerezz/bintrie-benchmarks/mpt-vs-bintrie/dbs/mpt/geth/chaindata cache=16.00MiB handles=524,288
INFO [03-26|18:36:06.567] Opened ancient database                  database=/home/CPerezz/bintrie-benchmarks/mpt-vs-bintrie/dbs/mpt/geth/chaindata/ancient/chain readonly=false
INFO [03-26|18:36:06.567] Opened Era store                         datadir=/home/CPerezz/bintrie-benchmarks/mpt-vs-bintrie/dbs/mpt/geth/chaindata/ancient/chain/era
INFO [03-26|18:36:06.568] State scheme set to already existing     scheme=path
INFO [03-26|18:36:06.570] Initialising Ethereum protocol           network=1337 dbversion=9
INFO [03-26|18:36:06.571] Load database journal from file          path=/home/CPerezz/bintrie-benchmarks/mpt-vs-bintrie/dbs/mpt/geth/triedb/merkle.journal
INFO [03-26|18:36:06.585] Opened ancient database                  database=/home/CPerezz/bintrie-benchmarks/mpt-vs-bintrie/dbs/mpt/geth/chaindata/ancient/state readonly=false
INFO [03-26|18:36:06.586] Initialized path database                triecache=0.00B statecache=0.00B buffer=0.00B state-history="last 90000 blocks" journal-dir=/home/CPerezz/bintrie-benchmarks/mpt-vs-bintrie/dbs/mpt/geth/triedb
INFO [03-26|18:36:06.586] 
INFO [03-26|18:36:06.586] ---------------------------------------------------------------------------------------------------------------------------------------------------------
INFO [03-26|18:36:06.586] Chain ID:  1337 (unknown)
INFO [03-26|18:36:06.586] Consensus: unknown
INFO [03-26|18:36:06.586] 
INFO [03-26|18:36:06.586] Pre-Merge hard forks (block based):
INFO [03-26|18:36:06.586]  - Homestead:                   #0       
INFO [03-26|18:36:06.586]  - Tangerine Whistle (EIP 150): #0       
INFO [03-26|18:36:06.586]  - Spurious Dragon/1 (EIP 155): #0       
INFO [03-26|18:36:06.586]  - Spurious Dragon/2 (EIP 158): #0       
INFO [03-26|18:36:06.586]  - Byzantium:                   #0       
INFO [03-26|18:36:06.586]  - Constantinople:              #0       
INFO [03-26|18:36:06.586]  - Petersburg:                  #0       
INFO [03-26|18:36:06.586]  - Istanbul:                    #0       
INFO [03-26|18:36:06.586]  - Muir Glacier:                #0       
INFO [03-26|18:36:06.586]  - Berlin:                      #0       
INFO [03-26|18:36:06.586]  - London:                      #0       
INFO [03-26|18:36:06.586]  - Arrow Glacier:               #0       
INFO [03-26|18:36:06.586]  - Gray Glacier:                #0       
INFO [03-26|18:36:06.586] 
INFO [03-26|18:36:06.586] Merge configured:
INFO [03-26|18:36:06.586]  - Total terminal difficulty:  0
INFO [03-26|18:36:06.586]  - Merge netsplit block:       #0       
INFO [03-26|18:36:06.586] 
INFO [03-26|18:36:06.586] Post-Merge hard forks (timestamp based):
INFO [03-26|18:36:06.586]  - Shanghai:                    @0         
INFO [03-26|18:36:06.586]  - Cancun:                      @0          blob: (target: 3, max: 6, fraction: 3338477)
INFO [03-26|18:36:06.586]  - Prague:                      @0          blob: (target: 6, max: 9, fraction: 5225352)
INFO [03-26|18:36:06.586]  - Osaka:                       @4294967295 blob: (target: 9, max: 12, fraction: 5225352)
INFO [03-26|18:36:06.586] 
INFO [03-26|18:36:06.586] All fork specifications can be found at https://ethereum.github.io/execution-specs/src/ethereum/forks/
INFO [03-26|18:36:06.586] 
INFO [03-26|18:36:06.586] ---------------------------------------------------------------------------------------------------------------------------------------------------------
INFO [03-26|18:36:06.586] 
INFO [03-26|18:36:06.587] Loaded most recent local block           number=64278 hash=db3eed..23f9bf age=20s
INFO [03-26|18:36:06.587] Loaded most recent local finalized block number=64256 hash=d2323c..ec08f4 age=5m17s
INFO [03-26|18:36:06.587] Initialized transaction indexer          range="last 2350000 blocks"
INFO [03-26|18:36:06.587] Initialized log indexer                  firstblock=0 lastblock=64278 firstmap=0 lastmap=4 headindexed=true
INFO [03-26|18:36:06.602] Enabled full-sync                        head=64278 hash=db3eed..23f9bf
INFO [03-26|18:36:06.603] Unprotected transactions allowed
INFO [03-26|18:36:06.603] Gasprice oracle is ignoring threshold set threshold=2
INFO [03-26|18:36:06.604] Registered sync override service
WARN [03-26|18:36:06.604] You are running Geth in --dev mode. Please note the following:
WARN [03-26|18:36:06.604] 
WARN [03-26|18:36:06.604]   1. This mode is only intended for fast, iterative development without assumptions on
WARN [03-26|18:36:06.604]      security or persistence.
WARN [03-26|18:36:06.604]   2. The database is created in memory unless specified otherwise. Therefore, shutting down
WARN [03-26|18:36:06.604]      your computer or losing power will wipe your entire block data and chain state for
WARN [03-26|18:36:06.604]      your dev environment.
WARN [03-26|18:36:06.604]   3. A random, pre-allocated developer account will be available and unlocked as
WARN [03-26|18:36:06.604]      eth.coinbase, which can be used for testing. The random dev account is temporary,
WARN [03-26|18:36:06.604]      stored on a ramdisk, and will be lost if your machine is restarted.
WARN [03-26|18:36:06.604]   4. Mining is enabled by default. However, the client will only seal blocks if transactions
WARN [03-26|18:36:06.604]      are pending in the mempool. The miner's minimum accepted gas price is 1.
WARN [03-26|18:36:06.604]   5. Networking is disabled; there is no listen-address, the maximum number of peers is set
WARN [03-26|18:36:06.604]      to 0, and discovery is disabled.
WARN [03-26|18:36:06.604] 
INFO [03-26|18:36:06.604] Starting peer-to-peer node               instance=Geth/v1.17.2-unstable-5d0e18f7-20260325/linux-amd64/go1.24.1
WARN [03-26|18:36:06.604] P2P server will be useless, neither dialing nor listening
INFO [03-26|18:36:06.617] IPC endpoint opened                      url=/home/CPerezz/bintrie-benchmarks/mpt-vs-bintrie/dbs/mpt/geth.ipc
ERROR[03-26|18:36:06.617] Unavailable modules in HTTP API list     unavailable=[personal] available="[admin debug web3 eth txpool miner net dev testing]"
INFO [03-26|18:36:06.617] New local node record                    seq=1,774,465,406,008 id=9566f6e861acb2c3 ip=127.0.0.1 udp=0 tcp=0
INFO [03-26|18:36:06.617] Started P2P networking                   self=enode://7bcb27e0859fe4ed7072e298a58918cc0b55d08376b1207f77d84f6d0d34ded7448b64ab16dd00733b489383beff49c04f662afae4dd1dc102807640ff82a1cd@127.0.0.1:0
INFO [03-26|18:36:06.617] HTTP server started                      endpoint=[::]:8545 auth=false prefix= cors= vhosts=localhost
INFO [03-26|18:36:06.617] WebSocket enabled                        url=ws://[::]:8546
INFO [03-26|18:36:06.631] Loaded local transaction journal         transactions=300 dropped=0
INFO [03-26|18:36:07.651] Started log indexer
INFO [03-26|18:36:07.660] Starting work on payload                 id=0x033ac0d24c17ad0c
INFO [03-26|18:36:07.661] Updated payload                          id=0x033ac0d24c17ad0c number=64279 hash=8a3371..17e600 txs=0 withdrawals=0 gas=0 fees=0 root=205c92..3c3a4b elapsed="311.698µs"
INFO [03-26|18:36:07.661] Stopping work on payload                 id=0x033ac0d24c17ad0c reason=delivery
WARN [03-26|18:36:07.664] {"level":"warn","msg":"Slow block","block":{"number":64279,"hash":"0x8a3371a4112467064e3f1e595a17efee3f7d4cd03fb797eae17a53cc0a17e600","gas_used":0,"tx_count":0},"timing":{"execution_ms":0.00929,"state_read_ms":0.05136,"state_hash_ms":0.009171,"commit_ms":0.04798,"total_ms":0.15131},"throughput":{"mgas_per_sec":0},"state_reads":{"accounts":4,"storage_slots":0,"code":0,"code_bytes":0},"state_writes":{"accounts":0,"accounts_deleted":0,"storage_slots":0,"storage_slots_deleted":0,"code":0,"code_bytes":0},"cache":{"account":{"hits":0,"misses":4,"hit_rate":0},"storage":{"hits":0,"misses":0,"hit_rate":0},"code":{"hits":0,"misses":0,"hit_rate":0,"hit_bytes":0,"miss_bytes":0}}}
INFO [03-26|18:36:07.664] Imported new potential chain segment     number=64279 hash=8a3371..17e600 blocks=1 txs=0 mgas=0.000 elapsed=3.418ms     mgasps=0.000 triediffs=1.20MiB triedirty=0.00B
INFO [03-26|18:36:07.664] Ready for fork activation                fork=Osaka date="07 Feb 06 07:28 CET" remaining=700116h52m7s timestamp=4,294,967,295
INFO [03-26|18:36:07.664] Chain head was updated                   number=64279 hash=8a3371..17e600 root=205c92..3c3a4b elapsed="21.73µs"
INFO [03-26|18:36:08.371] Submitted contract creation              hash=0x3e49bf6c8ea938c13b01303ff61c8422d08ad7920c8905bc22ff0f7b2a6c8900 from=0xf39Fd6e51aad88F6F4ce6aB8827279cffFb92266 nonce=278 contract=0x75c68e69775fA3E9DD38eA32E554f6BF259C1135 value=0
INFO [03-26|18:36:08.373] Submitted transaction                    hash=0x1688f588c5d4cf13bc36407ffeb058451c289298bdcc5e8aff64c28f730814ff from=0xf39Fd6e51aad88F6F4ce6aB8827279cffFb92266 nonce=279 recipient=0xF1D3E7432E844fb2F49D41deae656e38BFAB5196 value=1,600,000,000
INFO [03-26|18:36:17.669] Starting work on payload                 id=0x036d329bb6e51bb7
INFO [03-26|18:36:17.681] Updated payload                          id=0x036d329bb6e51bb7 number=64280 hash=a1c559..1ecc21 txs=2 withdrawals=0 gas=89662 fees=7.17296e-13 root=c7c212..cadb73 elapsed=12.136ms
INFO [03-26|18:36:17.681] Stopping work on payload                 id=0x036d329bb6e51bb7 reason=delivery
WARN [03-26|18:36:17.685] {"level":"warn","msg":"Slow block","block":{"number":64280,"hash":"0xa1c559945206799d375258ff340330fe526cec7916dcffb58869104b841ecc21","gas_used":89662,"tx_count":2},"timing":{"execution_ms":0.164592,"state_read_ms":0.274105,"state_hash_ms":0.120299,"commit_ms":1.949789,"total_ms":2.581286},"throughput":{"mgas_per_sec":34.73539933196089},"state_reads":{"accounts":11,"storage_slots":0,"code":0,"code_bytes":0},"state_writes":{"accounts":3,"accounts_deleted":0,"storage_slots":0,"storage_slots_deleted":0,"code":1,"code_bytes":72},"cache":{"account":{"hits":4,"misses":7,"hit_rate":36.36363636363637},"storage":{"hits":0,"misses":0,"hit_rate":0},"code":{"hits":0,"misses":0,"hit_rate":0,"hit_bytes":0,"miss_bytes":0}}}
INFO [03-26|18:36:17.685] Imported new potential chain segment     number=64280 hash=a1c559..1ecc21 blocks=1 txs=2 mgas=0.090 elapsed=2.754ms     mgasps=32.550 triediffs=1.21MiB triedirty=0.00B
INFO [03-26|18:36:17.686] Chain head was updated                   number=64280 hash=a1c559..1ecc21 root=c7c212..cadb73 elapsed="313.299µs"
INFO [03-26|18:36:18.463] Submitted transaction                    hash=0x0453b09e63c014d2c2a640463dc2a35a6009458c3c758cd1eb4e23b2eec94c3f from=0xF1D3E7432E844fb2F49D41deae656e38BFAB5196 nonce=0   recipient=0x75c68e69775fA3E9DD38eA32E554f6BF259C1135 value=0
INFO [03-26|18:36:27.687] Starting work on payload                 id=0x03dfd51ad6411209
WARN [03-26|18:36:34.989] Block building is interrupted            allowance=2s
INFO [03-26|18:36:34.989] Updated payload                          id=0x03dfd51ad6411209 number=64281 hash=2f4178..4ea500 txs=1 withdrawals=0 gas=100,000,000 fees=8e-10       root=62200e..a83291 elapsed=7.301s
WARN [03-26|18:36:40.260] {"level":"warn","msg":"Slow block","block":{"number":64281,"hash":"0x2f41788f4b91741f577111a9c9a3bc68e1ed4f78419d8eadf9661b98a14ea500","gas_used":100000000,"tx_count":1},"timing":{"execution_ms":271.363068,"state_read_ms":4969.461186,"state_hash_ms":0.07147,"commit_ms":27.727655,"total_ms":5268.754039},"throughput":{"mgas_per_sec":18.979819376609164},"state_reads":{"accounts":8,"storage_slots":36742,"code":2,"code_bytes":1416},"state_writes":{"accounts":2,"accounts_deleted":0,"storage_slots":0,"storage_slots_deleted":0,"code":0,"code_bytes":0},"cache":{"account":{"hits":3,"misses":5,"hit_rate":37.5},"storage":{"hits":3305,"misses":33437,"hit_rate":8.995155407979968},"code":{"hits":2,"misses":0,"hit_rate":100,"hit_bytes":1416,"miss_bytes":0}}}
INFO [03-26|18:36:40.260] Imported new potential chain segment     number=64281 hash=2f4178..4ea500 blocks=1 txs=1 mgas=100.000 elapsed=5.269s      mgasps=18.976 triediffs=1.21MiB triedirty=0.00B
INFO [03-26|18:36:40.262] Chain head was updated                   number=64281 hash=2f4178..4ea500 root=62200e..a83291 elapsed="85.109µs"
WARN [03-26|18:36:40.642] Block building is interrupted            allowance=2s
INFO [03-26|18:36:40.643] Stopping work on payload                 id=0x03dfd51ad6411209 reason=timeout
