INFO [03-26|20:11:19.123] Starting Geth on Ethereum mainnet...
INFO [03-26|20:11:19.125] Maximum peer count                       ETH=0 total=0
INFO [03-26|20:11:19.125] Smartcard socket not found, disabling    err="stat /run/pcscd/pcscd.comm: no such file or directory"
WARN [03-26|20:11:19.127] Option --miner.etherbase is deprecated as the etherbase is set by the consensus client post-merge
WARN [03-26|20:11:19.129] Snap sync requested, resetting --cache.snapshot
INFO [03-26|20:11:19.129] Global gas cap disabled
INFO [03-26|20:11:19.819] Using developer account                  address=0xf39Fd6e51aad88F6F4ce6aB8827279cffFb92266
INFO [03-26|20:11:19.987] Using pebble as the backing database
INFO [03-26|20:11:19.987] Allocated cache and file handles         database=/home/CPerezz/bintrie-benchmarks/mpt-vs-bintrie/dbs/mpt/geth/chaindata cache=16.00MiB handles=524,288
INFO [03-26|20:11:21.139] Opened ancient database                  database=/home/CPerezz/bintrie-benchmarks/mpt-vs-bintrie/dbs/mpt/geth/chaindata/ancient/chain readonly=true
INFO [03-26|20:11:21.139] Opened Era store                         datadir=/home/CPerezz/bintrie-benchmarks/mpt-vs-bintrie/dbs/mpt/geth/chaindata/ancient/chain/era
INFO [03-26|20:11:21.149] Initializing the KZG library             backend=gokzg
INFO [03-26|20:11:21.150] Allocated trie memory caches             clean=0.00B dirty=0.00B
INFO [03-26|20:11:21.226] Using pebble as the backing database
INFO [03-26|20:11:21.226] Allocated cache and file handles         database=/home/CPerezz/bintrie-benchmarks/mpt-vs-bintrie/dbs/mpt/geth/chaindata cache=16.00MiB handles=524,288
INFO [03-26|20:11:22.554] Opened ancient database                  database=/home/CPerezz/bintrie-benchmarks/mpt-vs-bintrie/dbs/mpt/geth/chaindata/ancient/chain readonly=false
INFO [03-26|20:11:22.554] Opened Era store                         datadir=/home/CPerezz/bintrie-benchmarks/mpt-vs-bintrie/dbs/mpt/geth/chaindata/ancient/chain/era
INFO [03-26|20:11:22.556] State scheme set to already existing     scheme=path
INFO [03-26|20:11:22.556] Initialising Ethereum protocol           network=1337 dbversion=9
INFO [03-26|20:11:22.556] Load database journal from file          path=/home/CPerezz/bintrie-benchmarks/mpt-vs-bintrie/dbs/mpt/geth/triedb/merkle.journal
INFO [03-26|20:11:24.408] Opened ancient database                  database=/home/CPerezz/bintrie-benchmarks/mpt-vs-bintrie/dbs/mpt/geth/chaindata/ancient/state readonly=false
INFO [03-26|20:11:24.409] Initialized path database                triecache=0.00B statecache=0.00B buffer=0.00B state-history="last 90000 blocks" journal-dir=/home/CPerezz/bintrie-benchmarks/mpt-vs-bintrie/dbs/mpt/geth/triedb
INFO [03-26|20:11:24.411] 
INFO [03-26|20:11:24.411] ---------------------------------------------------------------------------------------------------------------------------------------------------------
INFO [03-26|20:11:24.411] Chain ID:  1337 (unknown)
INFO [03-26|20:11:24.411] Consensus: unknown
INFO [03-26|20:11:24.412] 
INFO [03-26|20:11:24.412] Pre-Merge hard forks (block based):
INFO [03-26|20:11:24.412]  - Homestead:                   #0       
INFO [03-26|20:11:24.412]  - Tangerine Whistle (EIP 150): #0       
INFO [03-26|20:11:24.412]  - Spurious Dragon/1 (EIP 155): #0       
INFO [03-26|20:11:24.412]  - Spurious Dragon/2 (EIP 158): #0       
INFO [03-26|20:11:24.412]  - Byzantium:                   #0       
INFO [03-26|20:11:24.412]  - Constantinople:              #0       
INFO [03-26|20:11:24.412]  - Petersburg:                  #0       
INFO [03-26|20:11:24.412]  - Istanbul:                    #0       
INFO [03-26|20:11:24.412]  - Muir Glacier:                #0       
INFO [03-26|20:11:24.412]  - Berlin:                      #0       
INFO [03-26|20:11:24.412]  - London:                      #0       
INFO [03-26|20:11:24.412]  - Arrow Glacier:               #0       
INFO [03-26|20:11:24.412]  - Gray Glacier:                #0       
INFO [03-26|20:11:24.412] 
INFO [03-26|20:11:24.412] Merge configured:
INFO [03-26|20:11:24.412]  - Total terminal difficulty:  0
INFO [03-26|20:11:24.412]  - Merge netsplit block:       #0       
INFO [03-26|20:11:24.412] 
INFO [03-26|20:11:24.412] Post-Merge hard forks (timestamp based):
INFO [03-26|20:11:24.412]  - Shanghai:                    @0         
INFO [03-26|20:11:24.412]  - Cancun:                      @0          blob: (target: 3, max: 6, fraction: 3338477)
INFO [03-26|20:11:24.412]  - Prague:                      @0          blob: (target: 6, max: 9, fraction: 5225352)
INFO [03-26|20:11:24.412]  - Osaka:                       @4294967295 blob: (target: 9, max: 12, fraction: 5225352)
INFO [03-26|20:11:24.412] 
INFO [03-26|20:11:24.412] All fork specifications can be found at https://ethereum.github.io/execution-specs/src/ethereum/forks/
INFO [03-26|20:11:24.412] 
INFO [03-26|20:11:24.412] ---------------------------------------------------------------------------------------------------------------------------------------------------------
INFO [03-26|20:11:24.412] 
INFO [03-26|20:11:24.412] Loaded most recent local block           number=64778 hash=c91666..366622 age=11s
INFO [03-26|20:11:24.412] Loaded most recent local finalized block number=64768 hash=51b670..c6f830 age=2m5s
INFO [03-26|20:11:24.413] Initialized transaction indexer          range="last 2350000 blocks"
INFO [03-26|20:11:24.413] Initialized log indexer                  firstblock=0 lastblock=64778 firstmap=0 lastmap=4 headindexed=true
INFO [03-26|20:11:24.414] Enabled full-sync                        head=64778 hash=c91666..366622
INFO [03-26|20:11:24.415] Unprotected transactions allowed
INFO [03-26|20:11:24.415] Gasprice oracle is ignoring threshold set threshold=2
INFO [03-26|20:11:24.415] Registered sync override service
WARN [03-26|20:11:24.415] You are running Geth in --dev mode. Please note the following:
WARN [03-26|20:11:24.415] 
WARN [03-26|20:11:24.415]   1. This mode is only intended for fast, iterative development without assumptions on
WARN [03-26|20:11:24.415]      security or persistence.
WARN [03-26|20:11:24.415]   2. The database is created in memory unless specified otherwise. Therefore, shutting down
WARN [03-26|20:11:24.415]      your computer or losing power will wipe your entire block data and chain state for
WARN [03-26|20:11:24.415]      your dev environment.
WARN [03-26|20:11:24.415]   3. A random, pre-allocated developer account will be available and unlocked as
WARN [03-26|20:11:24.415]      eth.coinbase, which can be used for testing. The random dev account is temporary,
WARN [03-26|20:11:24.415]      stored on a ramdisk, and will be lost if your machine is restarted.
WARN [03-26|20:11:24.415]   4. Mining is enabled by default. However, the client will only seal blocks if transactions
WARN [03-26|20:11:24.415]      are pending in the mempool. The miner's minimum accepted gas price is 1.
WARN [03-26|20:11:24.415]   5. Networking is disabled; there is no listen-address, the maximum number of peers is set
WARN [03-26|20:11:24.415]      to 0, and discovery is disabled.
WARN [03-26|20:11:24.415] 
INFO [03-26|20:11:24.415] Starting peer-to-peer node               instance=Geth/v1.17.2-unstable-5d0e18f7-20260325/linux-amd64/go1.24.1
WARN [03-26|20:11:24.415] P2P server will be useless, neither dialing nor listening
INFO [03-26|20:11:24.418] IPC endpoint opened                      url=/home/CPerezz/bintrie-benchmarks/mpt-vs-bintrie/dbs/mpt/geth.ipc
ERROR[03-26|20:11:24.418] Unavailable modules in HTTP API list     unavailable=[personal] available="[admin debug web3 eth txpool miner net dev testing]"
INFO [03-26|20:11:24.418] HTTP server started                      endpoint=[::]:8545 auth=false prefix= cors= vhosts=localhost
INFO [03-26|20:11:24.418] WebSocket enabled                        url=ws://[::]:8546
INFO [03-26|20:11:24.419] New local node record                    seq=1,774,465,406,195 id=9566f6e861acb2c3 ip=127.0.0.1 udp=0 tcp=0
INFO [03-26|20:11:24.419] Started P2P networking                   self=enode://7bcb27e0859fe4ed7072e298a58918cc0b55d08376b1207f77d84f6d0d34ded7448b64ab16dd00733b489383beff49c04f662afae4dd1dc102807640ff82a1cd@127.0.0.1:0
INFO [03-26|20:11:24.463] Loaded local transaction journal         transactions=945 dropped=0
INFO [03-26|20:11:26.082] Submitted contract creation              hash=0x8597fcc9e7ec64a4a0b47959ae446dd33393c175716699fe67344c20590cce7b from=0xf39Fd6e51aad88F6F4ce6aB8827279cffFb92266 nonce=652 contract=0x834Ea01e45F9b5365314358159d92d134d89feEb value=0
INFO [03-26|20:11:26.084] Submitted transaction                    hash=0x6f0f2100b22da027c9228e8207c7403a925c21bdce9c638b96f72a3915379aae from=0xf39Fd6e51aad88F6F4ce6aB8827279cffFb92266 nonce=653 recipient=0x20b403BC686335B076F38B9B68F4A20935d5a97F value=78,982,300,000,000
INFO [03-26|20:11:26.364] Started log indexer
INFO [03-26|20:11:26.367] Starting work on payload                 id=0x03b34de200683e35
INFO [03-26|20:11:26.372] Updated payload                          id=0x03b34de200683e35 number=64779 hash=b13191..b78408 txs=2 withdrawals=0 gas=90958 fees=7.183999277e-08 root=6ac6e7..b7a64f elapsed=4.421ms
INFO [03-26|20:11:26.372] Stopping work on payload                 id=0x03b34de200683e35 reason=delivery
WARN [03-26|20:11:26.379] {"level":"warn","msg":"Slow block","block":{"number":64779,"hash":"0xb13191c18ceb5d2cd6501541d4f5786819df97363c00fdebb7ba15418eb78408","gas_used":90958,"tx_count":2},"timing":{"execution_ms":0.065228,"state_read_ms":0.104061,"state_hash_ms":0.498027,"commit_ms":6.233284,"total_ms":6.956541},"throughput":{"mgas_per_sec":13.075176298105625},"state_reads":{"accounts":11,"storage_slots":0,"code":0,"code_bytes":0},"state_writes":{"accounts":3,"accounts_deleted":0,"storage_slots":0,"storage_slots_deleted":0,"code":1,"code_bytes":78},"cache":{"account":{"hits":5,"misses":6,"hit_rate":45.45454545454545},"storage":{"hits":0,"misses":0,"hit_rate":0},"code":{"hits":0,"misses":0,"hit_rate":0,"hit_bytes":0,"miss_bytes":0}}}
INFO [03-26|20:11:26.379] Imported new potential chain segment     number=64779 hash=b13191..b78408 blocks=1 txs=2 mgas=0.091 elapsed=7.217ms mgasps=12.602 triediffs=306.40MiB triedirty=0.00B
INFO [03-26|20:11:26.379] Ready for fork activation                fork=Osaka date="07 Feb 06 07:28 CET" remaining=700115h16m49s timestamp=4,294,967,295
INFO [03-26|20:11:26.379] Chain head was updated                   number=64779 hash=b13191..b78408 root=6ac6e7..b7a64f elapsed="108.079µs"
INFO [03-26|20:11:27.099] Submitted transaction                    hash=0xa76bbfbfd5a2d2769a7940624dd32ef3e062daea5a425f779fb8d7def4f323f6 from=0x20b403BC686335B076F38B9B68F4A20935d5a97F nonce=0   recipient=0x834Ea01e45F9b5365314358159d92d134d89feEb value=0
INFO [03-26|20:11:36.382] Starting work on payload                 id=0x03bd9ab8287ba1f5
INFO [03-26|20:11:37.228] Updated payload                          id=0x03bd9ab8287ba1f5 number=64780 hash=0a6472..a4592c txs=1 withdrawals=0 gas=93,739,282 fees=7.403669101e-05 root=517973..805c7c elapsed=846.051ms
INFO [03-26|20:11:37.229] Stopping work on payload                 id=0x03bd9ab8287ba1f5 reason=delivery
WARN [03-26|20:11:38.190] {"level":"warn","msg":"Slow block","block":{"number":64780,"hash":"0x0a6472e7bb9beee5917a840f686f82fcde72998964908764e09c8c27eba4592c","gas_used":93739282,"tx_count":1},"timing":{"execution_ms":42.813944,"state_read_ms":592.619748,"state_hash_ms":299.701512,"commit_ms":23.177024,"total_ms":958.398567},"throughput":{"mgas_per_sec":97.80824515777891},"state_reads":{"accounts":8,"storage_slots":4094,"code":2,"code_bytes":1422},"state_writes":{"accounts":3,"accounts_deleted":0,"storage_slots":4094,"storage_slots_deleted":0,"code":0,"code_bytes":0},"cache":{"account":{"hits":3,"misses":5,"hit_rate":37.5},"storage":{"hits":554,"misses":3540,"hit_rate":13.53199804592086},"code":{"hits":2,"misses":0,"hit_rate":100,"hit_bytes":1422,"miss_bytes":0}}}
INFO [03-26|20:11:38.190] Imported new potential chain segment     number=64780 hash=0a6472..a4592c blocks=1 txs=1 mgas=93.739 elapsed=960.671ms   mgasps=97.577 triediffs=314.19MiB triedirty=0.00B
INFO [03-26|20:11:38.193] Chain head was updated                   number=64780 hash=0a6472..a4592c root=517973..805c7c elapsed="82.52µs"
INFO [03-26|20:11:39.178] Submitted transaction                    hash=0xa8913120e35486097badde234c022f1c9c27998ebb6296f4f7c97aaaf08d7c80 from=0x20b403BC686335B076F38B9B68F4A20935d5a97F nonce=1   recipient=0xf39Fd6e51aad88F6F4ce6aB8827279cffFb92266 value=4,936,565,794,914
INFO [03-26|20:11:48.196] Starting work on payload                 id=0x035c374ff4a923d8
INFO [03-26|20:11:48.197] Updated payload                          id=0x035c374ff4a923d8 number=64781 hash=640174..118803 txs=1 withdrawals=0 gas=21000      fees=8.293005e-09    root=91df40..4f5082 elapsed="904.355µs"
INFO [03-26|20:11:48.197] Stopping work on payload                 id=0x035c374ff4a923d8 reason=delivery
WARN [03-26|20:11:48.198] {"level":"warn","msg":"Slow block","block":{"number":64781,"hash":"0x640174a87952fe3ed59a463627f918725e81ea7cde3acfa7c908c3e332118803","gas_used":21000,"tx_count":1},"timing":{"execution_ms":0.0452,"state_read_ms":0.229919,"state_hash_ms":0.09449,"commit_ms":0.493287,"total_ms":0.927236},"throughput":{"mgas_per_sec":22.6479558602125},"state_reads":{"accounts":6,"storage_slots":0,"code":0,"code_bytes":0},"state_writes":{"accounts":2,"accounts_deleted":0,"storage_slots":0,"storage_slots_deleted":0,"code":0,"code_bytes":0},"cache":{"account":{"hits":2,"misses":4,"hit_rate":33.33333333333333},"storage":{"hits":0,"misses":0,"hit_rate":0},"code":{"hits":0,"misses":0,"hit_rate":0,"hit_bytes":0,"miss_bytes":0}}}
INFO [03-26|20:11:48.198] Imported new potential chain segment     number=64781 hash=640174..118803 blocks=1 txs=1 mgas=0.021  elapsed=1.074ms     mgasps=19.537 triediffs=314.18MiB triedirty=0.00B
INFO [03-26|20:11:48.198] Chain head was updated                   number=64781 hash=640174..118803 root=91df40..4f5082 elapsed="54.69µs"
