INFO [03-26|17:53:23.012] Starting Geth on Ethereum mainnet...
INFO [03-26|17:53:23.013] Maximum peer count                       ETH=0 total=0
INFO [03-26|17:53:23.014] Smartcard socket not found, disabling    err="stat /run/pcscd/pcscd.comm: no such file or directory"
WARN [03-26|17:53:23.016] Option --miner.etherbase is deprecated as the etherbase is set by the consensus client post-merge
WARN [03-26|17:53:23.017] Snap sync requested, resetting --cache.snapshot
INFO [03-26|17:53:23.017] Global gas cap disabled
INFO [03-26|17:53:23.678] Using developer account                  address=0xf39Fd6e51aad88F6F4ce6aB8827279cffFb92266
INFO [03-26|17:53:23.918] Using pebble as the backing database
INFO [03-26|17:53:23.918] Allocated cache and file handles         database=/home/CPerezz/bintrie-benchmarks/mpt-vs-bintrie/dbs/mpt/geth/chaindata cache=16.00MiB handles=524,288
INFO [03-26|17:53:26.111] Opened ancient database                  database=/home/CPerezz/bintrie-benchmarks/mpt-vs-bintrie/dbs/mpt/geth/chaindata/ancient/chain readonly=true
INFO [03-26|17:53:26.111] Opened Era store                         datadir=/home/CPerezz/bintrie-benchmarks/mpt-vs-bintrie/dbs/mpt/geth/chaindata/ancient/chain/era
INFO [03-26|17:53:26.120] Initializing the KZG library             backend=gokzg
INFO [03-26|17:53:26.121] Allocated trie memory caches             clean=0.00B dirty=0.00B
INFO [03-26|17:53:26.197] Using pebble as the backing database
INFO [03-26|17:53:26.197] Allocated cache and file handles         database=/home/CPerezz/bintrie-benchmarks/mpt-vs-bintrie/dbs/mpt/geth/chaindata cache=16.00MiB handles=524,288
INFO [03-26|17:53:27.534] Opened ancient database                  database=/home/CPerezz/bintrie-benchmarks/mpt-vs-bintrie/dbs/mpt/geth/chaindata/ancient/chain readonly=false
INFO [03-26|17:53:27.534] Opened Era store                         datadir=/home/CPerezz/bintrie-benchmarks/mpt-vs-bintrie/dbs/mpt/geth/chaindata/ancient/chain/era
INFO [03-26|17:53:27.536] State scheme set to already existing     scheme=path
INFO [03-26|17:53:27.538] Initialising Ethereum protocol           network=1337 dbversion=9
INFO [03-26|17:53:27.538] Load database journal from file          path=/home/CPerezz/bintrie-benchmarks/mpt-vs-bintrie/dbs/mpt/geth/triedb/merkle.journal
INFO [03-26|17:53:28.603] Opened ancient database                  database=/home/CPerezz/bintrie-benchmarks/mpt-vs-bintrie/dbs/mpt/geth/chaindata/ancient/state readonly=false
INFO [03-26|17:53:28.605] Initialized path database                triecache=0.00B statecache=0.00B buffer=0.00B state-history="last 90000 blocks" journal-dir=/home/CPerezz/bintrie-benchmarks/mpt-vs-bintrie/dbs/mpt/geth/triedb
INFO [03-26|17:53:28.605] 
INFO [03-26|17:53:28.605] ---------------------------------------------------------------------------------------------------------------------------------------------------------
INFO [03-26|17:53:28.605] Chain ID:  1337 (unknown)
INFO [03-26|17:53:28.605] Consensus: unknown
INFO [03-26|17:53:28.605] 
INFO [03-26|17:53:28.605] Pre-Merge hard forks (block based):
INFO [03-26|17:53:28.605]  - Homestead:                   #0       
INFO [03-26|17:53:28.605]  - Tangerine Whistle (EIP 150): #0       
INFO [03-26|17:53:28.605]  - Spurious Dragon/1 (EIP 155): #0       
INFO [03-26|17:53:28.605]  - Spurious Dragon/2 (EIP 158): #0       
INFO [03-26|17:53:28.605]  - Byzantium:                   #0       
INFO [03-26|17:53:28.605]  - Constantinople:              #0       
INFO [03-26|17:53:28.605]  - Petersburg:                  #0       
INFO [03-26|17:53:28.605]  - Istanbul:                    #0       
INFO [03-26|17:53:28.605]  - Muir Glacier:                #0       
INFO [03-26|17:53:28.605]  - Berlin:                      #0       
INFO [03-26|17:53:28.605]  - London:                      #0       
INFO [03-26|17:53:28.605]  - Arrow Glacier:               #0       
INFO [03-26|17:53:28.605]  - Gray Glacier:                #0       
INFO [03-26|17:53:28.605] 
INFO [03-26|17:53:28.605] Merge configured:
INFO [03-26|17:53:28.605]  - Total terminal difficulty:  0
INFO [03-26|17:53:28.605]  - Merge netsplit block:       #0       
INFO [03-26|17:53:28.605] 
INFO [03-26|17:53:28.605] Post-Merge hard forks (timestamp based):
INFO [03-26|17:53:28.605]  - Shanghai:                    @0         
INFO [03-26|17:53:28.605]  - Cancun:                      @0          blob: (target: 3, max: 6, fraction: 3338477)
INFO [03-26|17:53:28.605]  - Prague:                      @0          blob: (target: 6, max: 9, fraction: 5225352)
INFO [03-26|17:53:28.605]  - Osaka:                       @4294967295 blob: (target: 9, max: 12, fraction: 5225352)
INFO [03-26|17:53:28.605] 
INFO [03-26|17:53:28.605] All fork specifications can be found at https://ethereum.github.io/execution-specs/src/ethereum/forks/
INFO [03-26|17:53:28.605] 
INFO [03-26|17:53:28.605] ---------------------------------------------------------------------------------------------------------------------------------------------------------
INFO [03-26|17:53:28.605] 
INFO [03-26|17:53:28.606] Loaded most recent local block           number=64095 hash=8574fd..970b54 age=24s
INFO [03-26|17:53:28.606] Loaded most recent local finalized block number=64064 hash=a4f6df..2e07cb age=8m17s
INFO [03-26|17:53:28.606] Initialized transaction indexer          range="last 2350000 blocks"
INFO [03-26|17:53:28.606] Initialized log indexer                  firstblock=0 lastblock=64095 firstmap=0 lastmap=4 headindexed=true
INFO [03-26|17:53:28.616] Enabled full-sync                        head=64095 hash=8574fd..970b54
INFO [03-26|17:53:28.616] Unprotected transactions allowed
INFO [03-26|17:53:28.616] Gasprice oracle is ignoring threshold set threshold=2
INFO [03-26|17:53:28.616] Registered sync override service
WARN [03-26|17:53:28.616] You are running Geth in --dev mode. Please note the following:
WARN [03-26|17:53:28.616] 
WARN [03-26|17:53:28.616]   1. This mode is only intended for fast, iterative development without assumptions on
WARN [03-26|17:53:28.616]      security or persistence.
WARN [03-26|17:53:28.616]   2. The database is created in memory unless specified otherwise. Therefore, shutting down
WARN [03-26|17:53:28.616]      your computer or losing power will wipe your entire block data and chain state for
WARN [03-26|17:53:28.616]      your dev environment.
WARN [03-26|17:53:28.616]   3. A random, pre-allocated developer account will be available and unlocked as
WARN [03-26|17:53:28.616]      eth.coinbase, which can be used for testing. The random dev account is temporary,
WARN [03-26|17:53:28.616]      stored on a ramdisk, and will be lost if your machine is restarted.
WARN [03-26|17:53:28.616]   4. Mining is enabled by default. However, the client will only seal blocks if transactions
WARN [03-26|17:53:28.616]      are pending in the mempool. The miner's minimum accepted gas price is 1.
WARN [03-26|17:53:28.616]   5. Networking is disabled; there is no listen-address, the maximum number of peers is set
WARN [03-26|17:53:28.616]      to 0, and discovery is disabled.
WARN [03-26|17:53:28.616] 
INFO [03-26|17:53:28.616] Starting peer-to-peer node               instance=Geth/v1.17.2-unstable-5d0e18f7-20260325/linux-amd64/go1.24.1
WARN [03-26|17:53:28.616] P2P server will be useless, neither dialing nor listening
INFO [03-26|17:53:28.621] IPC endpoint opened                      url=/home/CPerezz/bintrie-benchmarks/mpt-vs-bintrie/dbs/mpt/geth.ipc
ERROR[03-26|17:53:28.621] Unavailable modules in HTTP API list     unavailable=[personal] available="[admin debug web3 eth txpool miner net dev testing]"
INFO [03-26|17:53:28.621] HTTP server started                      endpoint=[::]:8545 auth=false prefix= cors= vhosts=localhost
INFO [03-26|17:53:28.621] WebSocket enabled                        url=ws://[::]:8546
INFO [03-26|17:53:28.622] New local node record                    seq=1,774,465,405,947 id=9566f6e861acb2c3 ip=127.0.0.1 udp=0 tcp=0
INFO [03-26|17:53:28.622] Started P2P networking                   self=enode://7bcb27e0859fe4ed7072e298a58918cc0b55d08376b1207f77d84f6d0d34ded7448b64ab16dd00733b489383beff49c04f662afae4dd1dc102807640ff82a1cd@127.0.0.1:0
INFO [03-26|17:53:28.627] Loaded local transaction journal         transactions=117 dropped=0
INFO [03-26|17:53:29.820] Started log indexer
INFO [03-26|17:53:29.829] Starting work on payload                 id=0x03f31f16a127b4e8
INFO [03-26|17:53:29.829] Updated payload                          id=0x03f31f16a127b4e8 number=64096 hash=02abd1..e363ff txs=0 withdrawals=0 gas=0 fees=0 root=ba09ee..a895bd elapsed="169.15µs"
INFO [03-26|17:53:29.829] Stopping work on payload                 id=0x03f31f16a127b4e8 reason=delivery
WARN [03-26|17:53:29.832] {"level":"warn","msg":"Slow block","block":{"number":64096,"hash":"0x02abd1b7e17daddca7d09fba02121b9db4d2b83c521a179e18ec687237e363ff","gas_used":0,"tx_count":0},"timing":{"execution_ms":0.00924,"state_read_ms":0.05748,"state_hash_ms":0.009947,"commit_ms":0.054339,"total_ms":0.16916},"throughput":{"mgas_per_sec":0},"state_reads":{"accounts":4,"storage_slots":0,"code":0,"code_bytes":0},"state_writes":{"accounts":0,"accounts_deleted":0,"storage_slots":0,"storage_slots_deleted":0,"code":0,"code_bytes":0},"cache":{"account":{"hits":0,"misses":4,"hit_rate":0},"storage":{"hits":0,"misses":0,"hit_rate":0},"code":{"hits":0,"misses":0,"hit_rate":0,"hit_bytes":0,"miss_bytes":0}}}
INFO [03-26|17:53:29.832] Imported new potential chain segment     number=64096 hash=02abd1..e363ff blocks=1 txs=0 mgas=0.000 elapsed=2.742ms    mgasps=0.000 triediffs=179.36MiB triedirty=0.00B
INFO [03-26|17:53:29.832] Ready for fork activation                fork=Osaka date="07 Feb 06 07:28 CET" remaining=700117h34m45s timestamp=4,294,967,295
INFO [03-26|17:53:29.832] Chain head was updated                   number=64096 hash=02abd1..e363ff root=ba09ee..a895bd elapsed="29.17µs"
INFO [03-26|17:53:30.292] Submitted contract creation              hash=0x5ec3920cb845c3b9d0d1b7af4b6f82ca19b97649690105adbccca37ffb8b7bc5 from=0xf39Fd6e51aad88F6F4ce6aB8827279cffFb92266 nonce=156 contract=0x96F3Ce39Ad2BfDCf92C0F6E2C2CAbF83874660Fc value=0
INFO [03-26|17:53:30.293] Submitted transaction                    hash=0x1514f8261d944dd8fd30b449daece87a95aca83c9c1e07286380c6d01c8c9d9d from=0xf39Fd6e51aad88F6F4ce6aB8827279cffFb92266 nonce=157 recipient=0x4e37f2cF3b788ADbDAA59Ed85F24d9483B374607 value=1,600,000,000
INFO [03-26|17:53:39.834] Starting work on payload                 id=0x031f1c4ece856c45
INFO [03-26|17:53:39.841] Updated payload                          id=0x031f1c4ece856c45 number=64097 hash=d1e468..464d58 txs=2 withdrawals=0 gas=89662 fees=7.17296e-13 root=49363a..93795c elapsed=6.828ms
INFO [03-26|17:53:39.841] Stopping work on payload                 id=0x031f1c4ece856c45 reason=delivery
WARN [03-26|17:53:39.847] {"level":"warn","msg":"Slow block","block":{"number":64097,"hash":"0xd1e468e512aa3f78649f5e3e35ccad7ef6df021b1834a93bd83aba9832464d58","gas_used":89662,"tx_count":2},"timing":{"execution_ms":0.235814,"state_read_ms":0.442723,"state_hash_ms":0.481418,"commit_ms":3.43875,"total_ms":4.687385},"throughput":{"mgas_per_sec":19.12836261582951},"state_reads":{"accounts":11,"storage_slots":0,"code":0,"code_bytes":0},"state_writes":{"accounts":3,"accounts_deleted":0,"storage_slots":0,"storage_slots_deleted":0,"code":1,"code_bytes":72},"cache":{"account":{"hits":5,"misses":6,"hit_rate":45.45454545454545},"storage":{"hits":0,"misses":0,"hit_rate":0},"code":{"hits":0,"misses":0,"hit_rate":0,"hit_bytes":0,"miss_bytes":0}}}
INFO [03-26|17:53:39.847] Imported new potential chain segment     number=64097 hash=d1e468..464d58 blocks=1 txs=2 mgas=0.090 elapsed=4.826ms    mgasps=18.579 triediffs=175.14MiB triedirty=0.00B
INFO [03-26|17:53:39.847] Chain head was updated                   number=64097 hash=d1e468..464d58 root=49363a..93795c elapsed="104.139µs"
INFO [03-26|17:53:40.376] Submitted transaction                    hash=0xca9338611ac144e72ec8859c9a4bc1a8b531273e3aabcda26db6aa5114e2750a from=0x4e37f2cF3b788ADbDAA59Ed85F24d9483B374607 nonce=0   recipient=0x96F3Ce39Ad2BfDCf92C0F6E2C2CAbF83874660Fc value=0
INFO [03-26|17:53:49.852] Starting work on payload                 id=0x0362fcaa4d053473
WARN [03-26|17:53:57.189] Block building is interrupted            allowance=2s
INFO [03-26|17:53:57.190] Updated payload                          id=0x0362fcaa4d053473 number=64098 hash=ddd1e1..9ce62c txs=1 withdrawals=0 gas=100,000,000 fees=8e-10       root=eba7ef..d4c43e elapsed=7.338s
WARN [03-26|17:54:02.610] {"level":"warn","msg":"Slow block","block":{"number":64098,"hash":"0xddd1e1bf4065513387c89c0e199c24acc5ccf318f49b2bd0d91e117dc09ce62c","gas_used":100000000,"tx_count":1},"timing":{"execution_ms":263.196696,"state_read_ms":5127.355084,"state_hash_ms":0.07261,"commit_ms":26.975059,"total_ms":5417.699898},"throughput":{"mgas_per_sec":18.45801758730048},"state_reads":{"accounts":8,"storage_slots":36742,"code":2,"code_bytes":1416},"state_writes":{"accounts":2,"accounts_deleted":0,"storage_slots":0,"storage_slots_deleted":0,"code":0,"code_bytes":0},"cache":{"account":{"hits":3,"misses":5,"hit_rate":37.5},"storage":{"hits":3321,"misses":33421,"hit_rate":9.038702302542049},"code":{"hits":2,"misses":0,"hit_rate":100,"hit_bytes":1416,"miss_bytes":0}}}
INFO [03-26|17:54:02.610] Imported new potential chain segment     number=64098 hash=ddd1e1..9ce62c blocks=1 txs=1 mgas=100.000 elapsed=5.418s      mgasps=18.454 triediffs=172.22MiB triedirty=0.00B
INFO [03-26|17:54:02.611] Chain head was updated                   number=64098 hash=ddd1e1..9ce62c root=eba7ef..d4c43e elapsed="42.55µs"
WARN [03-26|17:54:03.035] Block building is interrupted            allowance=2s
INFO [03-26|17:54:03.035] Stopping work on payload                 id=0x0362fcaa4d053473 reason=delivery
