INFO [03-26|18:26:25.107] Starting Geth on Ethereum mainnet...
INFO [03-26|18:26:25.108] Maximum peer count                       ETH=0 total=0
INFO [03-26|18:26:25.109] Smartcard socket not found, disabling    err="stat /run/pcscd/pcscd.comm: no such file or directory"
WARN [03-26|18:26:25.110] Option --miner.etherbase is deprecated as the etherbase is set by the consensus client post-merge
WARN [03-26|18:26:25.112] Snap sync requested, resetting --cache.snapshot
INFO [03-26|18:26:25.112] Global gas cap disabled
INFO [03-26|18:26:25.754] Using developer account                  address=0xf39Fd6e51aad88F6F4ce6aB8827279cffFb92266
INFO [03-26|18:26:26.003] Using pebble as the backing database
INFO [03-26|18:26:26.003] Allocated cache and file handles         database=/home/CPerezz/bintrie-benchmarks/mpt-vs-bintrie/dbs/mpt/geth/chaindata cache=16.00MiB handles=524,288
INFO [03-26|18:26:28.221] Opened ancient database                  database=/home/CPerezz/bintrie-benchmarks/mpt-vs-bintrie/dbs/mpt/geth/chaindata/ancient/chain readonly=true
INFO [03-26|18:26:28.221] Opened Era store                         datadir=/home/CPerezz/bintrie-benchmarks/mpt-vs-bintrie/dbs/mpt/geth/chaindata/ancient/chain/era
INFO [03-26|18:26:28.231] Initializing the KZG library             backend=gokzg
INFO [03-26|18:26:28.233] Allocated trie memory caches             clean=0.00B dirty=0.00B
INFO [03-26|18:26:28.333] Using pebble as the backing database
INFO [03-26|18:26:28.333] Allocated cache and file handles         database=/home/CPerezz/bintrie-benchmarks/mpt-vs-bintrie/dbs/mpt/geth/chaindata cache=16.00MiB handles=524,288
INFO [03-26|18:26:29.653] Opened ancient database                  database=/home/CPerezz/bintrie-benchmarks/mpt-vs-bintrie/dbs/mpt/geth/chaindata/ancient/chain readonly=false
INFO [03-26|18:26:29.653] Opened Era store                         datadir=/home/CPerezz/bintrie-benchmarks/mpt-vs-bintrie/dbs/mpt/geth/chaindata/ancient/chain/era
INFO [03-26|18:26:29.655] State scheme set to already existing     scheme=path
INFO [03-26|18:26:29.657] Initialising Ethereum protocol           network=1337 dbversion=9
INFO [03-26|18:26:29.657] Load database journal from file          path=/home/CPerezz/bintrie-benchmarks/mpt-vs-bintrie/dbs/mpt/geth/triedb/merkle.journal
INFO [03-26|18:26:29.674] Opened ancient database                  database=/home/CPerezz/bintrie-benchmarks/mpt-vs-bintrie/dbs/mpt/geth/chaindata/ancient/state readonly=false
INFO [03-26|18:26:29.676] Initialized path database                triecache=0.00B statecache=0.00B buffer=0.00B state-history="last 90000 blocks" journal-dir=/home/CPerezz/bintrie-benchmarks/mpt-vs-bintrie/dbs/mpt/geth/triedb
INFO [03-26|18:26:29.676] 
INFO [03-26|18:26:29.676] ---------------------------------------------------------------------------------------------------------------------------------------------------------
INFO [03-26|18:26:29.676] Chain ID:  1337 (unknown)
INFO [03-26|18:26:29.676] Consensus: unknown
INFO [03-26|18:26:29.676] 
INFO [03-26|18:26:29.676] Pre-Merge hard forks (block based):
INFO [03-26|18:26:29.676]  - Homestead:                   #0       
INFO [03-26|18:26:29.676]  - Tangerine Whistle (EIP 150): #0       
INFO [03-26|18:26:29.676]  - Spurious Dragon/1 (EIP 155): #0       
INFO [03-26|18:26:29.676]  - Spurious Dragon/2 (EIP 158): #0       
INFO [03-26|18:26:29.676]  - Byzantium:                   #0       
INFO [03-26|18:26:29.676]  - Constantinople:              #0       
INFO [03-26|18:26:29.676]  - Petersburg:                  #0       
INFO [03-26|18:26:29.676]  - Istanbul:                    #0       
INFO [03-26|18:26:29.676]  - Muir Glacier:                #0       
INFO [03-26|18:26:29.676]  - Berlin:                      #0       
INFO [03-26|18:26:29.676]  - London:                      #0       
INFO [03-26|18:26:29.676]  - Arrow Glacier:               #0       
INFO [03-26|18:26:29.676]  - Gray Glacier:                #0       
INFO [03-26|18:26:29.676] 
INFO [03-26|18:26:29.676] Merge configured:
INFO [03-26|18:26:29.676]  - Total terminal difficulty:  0
INFO [03-26|18:26:29.676]  - Merge netsplit block:       #0       
INFO [03-26|18:26:29.676] 
INFO [03-26|18:26:29.676] Post-Merge hard forks (timestamp based):
INFO [03-26|18:26:29.676]  - Shanghai:                    @0         
INFO [03-26|18:26:29.676]  - Cancun:                      @0          blob: (target: 3, max: 6, fraction: 3338477)
INFO [03-26|18:26:29.676]  - Prague:                      @0          blob: (target: 6, max: 9, fraction: 5225352)
INFO [03-26|18:26:29.676]  - Osaka:                       @4294967295 blob: (target: 9, max: 12, fraction: 5225352)
INFO [03-26|18:26:29.676] 
INFO [03-26|18:26:29.676] All fork specifications can be found at https://ethereum.github.io/execution-specs/src/ethereum/forks/
INFO [03-26|18:26:29.676] 
INFO [03-26|18:26:29.676] ---------------------------------------------------------------------------------------------------------------------------------------------------------
INFO [03-26|18:26:29.676] 
INFO [03-26|18:26:29.677] Loaded most recent local block           number=64236 hash=fbca99..c6481c age=20s
INFO [03-26|18:26:29.677] Loaded most recent local finalized block number=64224 hash=3595e1..941170 age=3m4s
INFO [03-26|18:26:29.678] Initialized transaction indexer          range="last 2350000 blocks"
INFO [03-26|18:26:29.678] Initialized log indexer                  firstblock=0 lastblock=64236 firstmap=0 lastmap=4 headindexed=true
INFO [03-26|18:26:29.700] Enabled full-sync                        head=64236 hash=fbca99..c6481c
INFO [03-26|18:26:29.700] Unprotected transactions allowed
INFO [03-26|18:26:29.701] Gasprice oracle is ignoring threshold set threshold=2
INFO [03-26|18:26:29.701] Registered sync override service
WARN [03-26|18:26:29.701] You are running Geth in --dev mode. Please note the following:
WARN [03-26|18:26:29.701] 
WARN [03-26|18:26:29.701]   1. This mode is only intended for fast, iterative development without assumptions on
WARN [03-26|18:26:29.701]      security or persistence.
WARN [03-26|18:26:29.701]   2. The database is created in memory unless specified otherwise. Therefore, shutting down
WARN [03-26|18:26:29.701]      your computer or losing power will wipe your entire block data and chain state for
WARN [03-26|18:26:29.701]      your dev environment.
WARN [03-26|18:26:29.701]   3. A random, pre-allocated developer account will be available and unlocked as
WARN [03-26|18:26:29.701]      eth.coinbase, which can be used for testing. The random dev account is temporary,
WARN [03-26|18:26:29.701]      stored on a ramdisk, and will be lost if your machine is restarted.
WARN [03-26|18:26:29.701]   4. Mining is enabled by default. However, the client will only seal blocks if transactions
WARN [03-26|18:26:29.701]      are pending in the mempool. The miner's minimum accepted gas price is 1.
WARN [03-26|18:26:29.701]   5. Networking is disabled; there is no listen-address, the maximum number of peers is set
WARN [03-26|18:26:29.701]      to 0, and discovery is disabled.
WARN [03-26|18:26:29.701] 
INFO [03-26|18:26:29.701] Starting peer-to-peer node               instance=Geth/v1.17.2-unstable-5d0e18f7-20260325/linux-amd64/go1.24.1
WARN [03-26|18:26:29.701] P2P server will be useless, neither dialing nor listening
INFO [03-26|18:26:29.706] IPC endpoint opened                      url=/home/CPerezz/bintrie-benchmarks/mpt-vs-bintrie/dbs/mpt/geth.ipc
ERROR[03-26|18:26:29.706] Unavailable modules in HTTP API list     unavailable=[personal] available="[admin debug web3 eth txpool miner net dev testing]"
INFO [03-26|18:26:29.706] HTTP server started                      endpoint=[::]:8545 auth=false prefix= cors= vhosts=localhost
INFO [03-26|18:26:29.706] WebSocket enabled                        url=ws://[::]:8546
INFO [03-26|18:26:29.706] New local node record                    seq=1,774,465,405,994 id=9566f6e861acb2c3 ip=127.0.0.1 udp=0 tcp=0
INFO [03-26|18:26:29.706] Started P2P networking                   self=enode://7bcb27e0859fe4ed7072e298a58918cc0b55d08376b1207f77d84f6d0d34ded7448b64ab16dd00733b489383beff49c04f662afae4dd1dc102807640ff82a1cd@127.0.0.1:0
INFO [03-26|18:26:29.718] Loaded local transaction journal         transactions=258 dropped=0
INFO [03-26|18:26:30.810] Started log indexer
INFO [03-26|18:26:30.819] Starting work on payload                 id=0x0374707c9b8ab67e
INFO [03-26|18:26:30.819] Updated payload                          id=0x0374707c9b8ab67e number=64237 hash=d09cc4..04d1ee txs=0 withdrawals=0 gas=0 fees=0 root=0ebc90..1ef1ee elapsed="288.219µs"
INFO [03-26|18:26:30.819] Stopping work on payload                 id=0x0374707c9b8ab67e reason=delivery
WARN [03-26|18:26:30.823] {"level":"warn","msg":"Slow block","block":{"number":64237,"hash":"0xd09cc41dd1110d3d397704caae99e935638e81f7180a60dfa98593b12604d1ee","gas_used":0,"tx_count":0},"timing":{"execution_ms":0.028961,"state_read_ms":0.707866,"state_hash_ms":0.01693,"commit_ms":0.142639,"total_ms":0.964285},"throughput":{"mgas_per_sec":0},"state_reads":{"accounts":4,"storage_slots":0,"code":0,"code_bytes":0},"state_writes":{"accounts":0,"accounts_deleted":0,"storage_slots":0,"storage_slots_deleted":0,"code":0,"code_bytes":0},"cache":{"account":{"hits":0,"misses":4,"hit_rate":0},"storage":{"hits":0,"misses":0,"hit_rate":0},"code":{"hits":0,"misses":0,"hit_rate":0,"hit_bytes":0,"miss_bytes":0}}}
INFO [03-26|18:26:30.823] Imported new potential chain segment     number=64237 hash=d09cc4..04d1ee blocks=1 txs=0 mgas=0.000 elapsed=3.705ms     mgasps=0.000 triediffs=1.20MiB triedirty=0.00B
INFO [03-26|18:26:30.823] Ready for fork activation                fork=Osaka date="07 Feb 06 07:28 CET" remaining=700117h1m44s timestamp=4,294,967,295
INFO [03-26|18:26:30.823] Chain head was updated                   number=64237 hash=d09cc4..04d1ee root=0ebc90..1ef1ee elapsed="49.62µs"
INFO [03-26|18:26:31.390] Submitted contract creation              hash=0x35a034bde73b5d3ef26abde85412b8f0e73258209caff1012143cbd74fabe8d7 from=0xf39Fd6e51aad88F6F4ce6aB8827279cffFb92266 nonce=250 contract=0x71a0b8A2245A9770A4D887cE1E4eCc6C1d4FF28c value=0
INFO [03-26|18:26:31.392] Submitted transaction                    hash=0x106d74b8256bdb06f0077e960e85d247939670cd2de281fba47f0d547c0ea58e from=0xf39Fd6e51aad88F6F4ce6aB8827279cffFb92266 nonce=251 recipient=0xBA8170D4F06977f181D934067262E12475a8EDC4 value=1,600,000,000
INFO [03-26|18:26:40.826] Starting work on payload                 id=0x0375bd6c6795716d
INFO [03-26|18:26:40.835] Updated payload                          id=0x0375bd6c6795716d number=64238 hash=758b2c..623ae0 txs=2 withdrawals=0 gas=89662 fees=7.17296e-13 root=e183bd..2d67fa elapsed=8.934ms
INFO [03-26|18:26:40.835] Stopping work on payload                 id=0x0375bd6c6795716d reason=delivery
WARN [03-26|18:26:40.838] {"level":"warn","msg":"Slow block","block":{"number":64238,"hash":"0x758b2c1583299f1681595c05d06831c6b1a75df61aaab39e127cceee23623ae0","gas_used":89662,"tx_count":2},"timing":{"execution_ms":0.121261,"state_read_ms":0.521315,"state_hash_ms":0.664566,"commit_ms":1.333273,"total_ms":2.683446},"throughput":{"mgas_per_sec":33.413007006662326},"state_reads":{"accounts":11,"storage_slots":0,"code":0,"code_bytes":0},"state_writes":{"accounts":3,"accounts_deleted":0,"storage_slots":0,"storage_slots_deleted":0,"code":1,"code_bytes":72},"cache":{"account":{"hits":4,"misses":7,"hit_rate":36.36363636363637},"storage":{"hits":0,"misses":0,"hit_rate":0},"code":{"hits":0,"misses":0,"hit_rate":0,"hit_bytes":0,"miss_bytes":0}}}
INFO [03-26|18:26:40.838] Imported new potential chain segment     number=64238 hash=758b2c..623ae0 blocks=1 txs=2 mgas=0.090 elapsed=2.823ms     mgasps=31.753 triediffs=1.20MiB triedirty=0.00B
INFO [03-26|18:26:40.838] Chain head was updated                   number=64238 hash=758b2c..623ae0 root=e183bd..2d67fa elapsed="238.158µs"
INFO [03-26|18:26:41.475] Submitted transaction                    hash=0x4c3b90c5ea58723f05e81b166830464501de5497a455060f554088ccaf1fb5a9 from=0xBA8170D4F06977f181D934067262E12475a8EDC4 nonce=0   recipient=0x71a0b8A2245A9770A4D887cE1E4eCc6C1d4FF28c value=0
INFO [03-26|18:26:50.840] Starting work on payload                 id=0x035b7bb4569fcf20
WARN [03-26|18:26:58.227] Block building is interrupted            allowance=2s
INFO [03-26|18:26:58.227] Updated payload                          id=0x035b7bb4569fcf20 number=64239 hash=fdf80e..efa42d txs=1 withdrawals=0 gas=100,000,000 fees=8e-10       root=aa15c1..aeafd4 elapsed=7.387s
WARN [03-26|18:27:03.420] Block building is interrupted            allowance=2s
INFO [03-26|18:27:03.421] Stopping work on payload                 id=0x035b7bb4569fcf20 reason=delivery
WARN [03-26|18:27:03.444] {"level":"warn","msg":"Slow block","block":{"number":64239,"hash":"0xfdf80e3eaa45dae0323844f9127cb5ef4654f019469b320c26c875b28befa42d","gas_used":100000000,"tx_count":1},"timing":{"execution_ms":305.261084,"state_read_ms":4886.750372,"state_hash_ms":0.07429,"commit_ms":23.435619,"total_ms":5215.624205},"throughput":{"mgas_per_sec":19.173160501888574},"state_reads":{"accounts":8,"storage_slots":36742,"code":2,"code_bytes":1416},"state_writes":{"accounts":2,"accounts_deleted":0,"storage_slots":0,"storage_slots_deleted":0,"code":0,"code_bytes":0},"cache":{"account":{"hits":3,"misses":5,"hit_rate":37.5},"storage":{"hits":2593,"misses":34149,"hit_rate":7.057318599967339},"code":{"hits":2,"misses":0,"hit_rate":100,"hit_bytes":1416,"miss_bytes":0}}}
INFO [03-26|18:27:03.444] Imported new potential chain segment     number=64239 hash=fdf80e..efa42d blocks=1 txs=1 mgas=100.000 elapsed=5.216s      mgasps=19.171 triediffs=1.20MiB triedirty=0.00B
INFO [03-26|18:27:03.445] Chain head was updated                   number=64239 hash=fdf80e..efa42d root=aa15c1..aeafd4 elapsed="43.389µs"
