INFO [03-26|20:12:59.762] Starting Geth on Ethereum mainnet...
INFO [03-26|20:12:59.763] Maximum peer count                       ETH=0 total=0
INFO [03-26|20:12:59.764] Smartcard socket not found, disabling    err="stat /run/pcscd/pcscd.comm: no such file or directory"
WARN [03-26|20:12:59.766] Option --miner.etherbase is deprecated as the etherbase is set by the consensus client post-merge
WARN [03-26|20:12:59.767] Snap sync requested, resetting --cache.snapshot
INFO [03-26|20:12:59.767] Global gas cap disabled
INFO [03-26|20:13:00.406] Using developer account                  address=0xf39Fd6e51aad88F6F4ce6aB8827279cffFb92266
INFO [03-26|20:13:00.573] Using pebble as the backing database
INFO [03-26|20:13:00.573] Allocated cache and file handles         database=/home/CPerezz/bintrie-benchmarks/mpt-vs-bintrie/dbs/mpt/geth/chaindata cache=16.00MiB handles=524,288
INFO [03-26|20:13:01.675] Opened ancient database                  database=/home/CPerezz/bintrie-benchmarks/mpt-vs-bintrie/dbs/mpt/geth/chaindata/ancient/chain readonly=true
INFO [03-26|20:13:01.675] Opened Era store                         datadir=/home/CPerezz/bintrie-benchmarks/mpt-vs-bintrie/dbs/mpt/geth/chaindata/ancient/chain/era
INFO [03-26|20:13:01.680] Initializing the KZG library             backend=gokzg
INFO [03-26|20:13:01.681] Allocated trie memory caches             clean=0.00B dirty=0.00B
INFO [03-26|20:13:01.781] Using pebble as the backing database
INFO [03-26|20:13:01.781] Allocated cache and file handles         database=/home/CPerezz/bintrie-benchmarks/mpt-vs-bintrie/dbs/mpt/geth/chaindata cache=16.00MiB handles=524,288
INFO [03-26|20:13:03.109] Opened ancient database                  database=/home/CPerezz/bintrie-benchmarks/mpt-vs-bintrie/dbs/mpt/geth/chaindata/ancient/chain readonly=false
INFO [03-26|20:13:03.109] Opened Era store                         datadir=/home/CPerezz/bintrie-benchmarks/mpt-vs-bintrie/dbs/mpt/geth/chaindata/ancient/chain/era
INFO [03-26|20:13:03.110] State scheme set to already existing     scheme=path
INFO [03-26|20:13:03.110] Initialising Ethereum protocol           network=1337 dbversion=9
INFO [03-26|20:13:03.111] Load database journal from file          path=/home/CPerezz/bintrie-benchmarks/mpt-vs-bintrie/dbs/mpt/geth/triedb/merkle.journal
INFO [03-26|20:13:04.954] Opened ancient database                  database=/home/CPerezz/bintrie-benchmarks/mpt-vs-bintrie/dbs/mpt/geth/chaindata/ancient/state readonly=false
INFO [03-26|20:13:04.954] Initialized path database                triecache=0.00B statecache=0.00B buffer=0.00B state-history="last 90000 blocks" journal-dir=/home/CPerezz/bintrie-benchmarks/mpt-vs-bintrie/dbs/mpt/geth/triedb
INFO [03-26|20:13:04.955] 
INFO [03-26|20:13:04.955] ---------------------------------------------------------------------------------------------------------------------------------------------------------
INFO [03-26|20:13:04.955] Chain ID:  1337 (unknown)
INFO [03-26|20:13:04.955] Consensus: unknown
INFO [03-26|20:13:04.955] 
INFO [03-26|20:13:04.955] Pre-Merge hard forks (block based):
INFO [03-26|20:13:04.955]  - Homestead:                   #0       
INFO [03-26|20:13:04.955]  - Tangerine Whistle (EIP 150): #0       
INFO [03-26|20:13:04.955]  - Spurious Dragon/1 (EIP 155): #0       
INFO [03-26|20:13:04.955]  - Spurious Dragon/2 (EIP 158): #0       
INFO [03-26|20:13:04.955]  - Byzantium:                   #0       
INFO [03-26|20:13:04.955]  - Constantinople:              #0       
INFO [03-26|20:13:04.955]  - Petersburg:                  #0       
INFO [03-26|20:13:04.955]  - Istanbul:                    #0       
INFO [03-26|20:13:04.955]  - Muir Glacier:                #0       
INFO [03-26|20:13:04.955]  - Berlin:                      #0       
INFO [03-26|20:13:04.955]  - London:                      #0       
INFO [03-26|20:13:04.955]  - Arrow Glacier:               #0       
INFO [03-26|20:13:04.955]  - Gray Glacier:                #0       
INFO [03-26|20:13:04.955] 
INFO [03-26|20:13:04.955] Merge configured:
INFO [03-26|20:13:04.955]  - Total terminal difficulty:  0
INFO [03-26|20:13:04.955]  - Merge netsplit block:       #0       
INFO [03-26|20:13:04.955] 
INFO [03-26|20:13:04.955] Post-Merge hard forks (timestamp based):
INFO [03-26|20:13:04.955]  - Shanghai:                    @0         
INFO [03-26|20:13:04.955]  - Cancun:                      @0          blob: (target: 3, max: 6, fraction: 3338477)
INFO [03-26|20:13:04.955]  - Prague:                      @0          blob: (target: 6, max: 9, fraction: 5225352)
INFO [03-26|20:13:04.955]  - Osaka:                       @4294967295 blob: (target: 9, max: 12, fraction: 5225352)
INFO [03-26|20:13:04.955] 
INFO [03-26|20:13:04.955] All fork specifications can be found at https://ethereum.github.io/execution-specs/src/ethereum/forks/
INFO [03-26|20:13:04.955] 
INFO [03-26|20:13:04.955] ---------------------------------------------------------------------------------------------------------------------------------------------------------
INFO [03-26|20:13:04.955] 
INFO [03-26|20:13:04.956] Loaded most recent local block           number=64787 hash=616ebd..911b58 age=9s
INFO [03-26|20:13:04.956] Loaded most recent local finalized block number=64768 hash=51b670..c6f830 age=3m45s
INFO [03-26|20:13:04.958] Initialized transaction indexer          range="last 2350000 blocks"
INFO [03-26|20:13:04.958] Initialized log indexer                  firstblock=0 lastblock=64787 firstmap=0 lastmap=4 headindexed=true
INFO [03-26|20:13:04.960] Enabled full-sync                        head=64787 hash=616ebd..911b58
INFO [03-26|20:13:04.961] Unprotected transactions allowed
INFO [03-26|20:13:04.961] Gasprice oracle is ignoring threshold set threshold=2
INFO [03-26|20:13:04.963] Registered sync override service
WARN [03-26|20:13:04.963] You are running Geth in --dev mode. Please note the following:
WARN [03-26|20:13:04.963] 
WARN [03-26|20:13:04.963]   1. This mode is only intended for fast, iterative development without assumptions on
WARN [03-26|20:13:04.963]      security or persistence.
WARN [03-26|20:13:04.963]   2. The database is created in memory unless specified otherwise. Therefore, shutting down
WARN [03-26|20:13:04.963]      your computer or losing power will wipe your entire block data and chain state for
WARN [03-26|20:13:04.963]      your dev environment.
WARN [03-26|20:13:04.963]   3. A random, pre-allocated developer account will be available and unlocked as
WARN [03-26|20:13:04.963]      eth.coinbase, which can be used for testing. The random dev account is temporary,
WARN [03-26|20:13:04.963]      stored on a ramdisk, and will be lost if your machine is restarted.
WARN [03-26|20:13:04.963]   4. Mining is enabled by default. However, the client will only seal blocks if transactions
WARN [03-26|20:13:04.963]      are pending in the mempool. The miner's minimum accepted gas price is 1.
WARN [03-26|20:13:04.963]   5. Networking is disabled; there is no listen-address, the maximum number of peers is set
WARN [03-26|20:13:04.963]      to 0, and discovery is disabled.
WARN [03-26|20:13:04.963] 
INFO [03-26|20:13:04.963] Starting peer-to-peer node               instance=Geth/v1.17.2-unstable-5d0e18f7-20260325/linux-amd64/go1.24.1
WARN [03-26|20:13:04.963] P2P server will be useless, neither dialing nor listening
INFO [03-26|20:13:04.981] IPC endpoint opened                      url=/home/CPerezz/bintrie-benchmarks/mpt-vs-bintrie/dbs/mpt/geth.ipc
ERROR[03-26|20:13:04.981] Unavailable modules in HTTP API list     unavailable=[personal] available="[admin debug web3 eth txpool miner net dev testing]"
INFO [03-26|20:13:04.981] New local node record                    seq=1,774,465,406,198 id=9566f6e861acb2c3 ip=127.0.0.1 udp=0 tcp=0
INFO [03-26|20:13:04.981] Started P2P networking                   self=enode://7bcb27e0859fe4ed7072e298a58918cc0b55d08376b1207f77d84f6d0d34ded7448b64ab16dd00733b489383beff49c04f662afae4dd1dc102807640ff82a1cd@127.0.0.1:0
INFO [03-26|20:13:04.983] HTTP server started                      endpoint=[::]:8545 auth=false prefix= cors= vhosts=localhost
INFO [03-26|20:13:04.983] WebSocket enabled                        url=ws://[::]:8546
INFO [03-26|20:13:05.056] Loaded local transaction journal         transactions=957 dropped=0
INFO [03-26|20:13:06.709] Submitted contract creation              hash=0xad71c8ae094ec022f16257139d302862e891744953e80311bd154976a1204bf2 from=0xf39Fd6e51aad88F6F4ce6aB8827279cffFb92266 nonce=658 contract=0x273c507D8E21cDE039491B14647Fe9278D88e91D value=0
INFO [03-26|20:13:06.711] Submitted transaction                    hash=0x1a2c883fbc264d4469a06e564127378d67de1d7029f44710701d432083c5ea34 from=0xf39Fd6e51aad88F6F4ce6aB8827279cffFb92266 nonce=659 recipient=0x101B426c0Fbad402eEaA4Cf0e77036d62e1F9dc2 value=89,686,300,000,000
INFO [03-26|20:13:06.721] Started log indexer
INFO [03-26|20:13:06.725] Starting work on payload                 id=0x03549ca384bd06b4
INFO [03-26|20:13:06.734] Updated payload                          id=0x03549ca384bd06b4 number=64788 hash=fe24e9..0ae47a txs=2 withdrawals=0 gas=90958 fees=8.157613709e-08 root=78c319..663aaa elapsed=8.682ms
INFO [03-26|20:13:06.734] Stopping work on payload                 id=0x03549ca384bd06b4 reason=delivery
WARN [03-26|20:13:06.748] {"level":"warn","msg":"Slow block","block":{"number":64788,"hash":"0xfe24e9c509a87a9be03325865da2f82bef06ca8dfc84ba1e075081bb170ae47a","gas_used":90958,"tx_count":2},"timing":{"execution_ms":0.041049,"state_read_ms":0.08916,"state_hash_ms":1.015843,"commit_ms":12.491517,"total_ms":13.683061},"throughput":{"mgas_per_sec":6.647489183889482},"state_reads":{"accounts":11,"storage_slots":0,"code":0,"code_bytes":0},"state_writes":{"accounts":3,"accounts_deleted":0,"storage_slots":0,"storage_slots_deleted":0,"code":1,"code_bytes":78},"cache":{"account":{"hits":4,"misses":7,"hit_rate":36.36363636363637},"storage":{"hits":0,"misses":0,"hit_rate":0},"code":{"hits":0,"misses":0,"hit_rate":0,"hit_bytes":0,"miss_bytes":0}}}
INFO [03-26|20:13:06.748] Imported new potential chain segment     number=64788 hash=fe24e9..0ae47a blocks=1 txs=2 mgas=0.091 elapsed=13.959ms mgasps=6.516 triediffs=306.41MiB triedirty=0.00B
INFO [03-26|20:13:06.748] Ready for fork activation                fork=Osaka date="07 Feb 06 07:28 CET" remaining=700115h15m8s timestamp=4,294,967,295
INFO [03-26|20:13:06.748] Chain head was updated                   number=64788 hash=fe24e9..0ae47a root=78c319..663aaa elapsed="227.859µs"
INFO [03-26|20:13:07.726] Submitted transaction                    hash=0xf961508560237b367e0e90025a2fc2811b3c243fa0f38c12af008d6b8b377246 from=0x101B426c0Fbad402eEaA4Cf0e77036d62e1F9dc2 nonce=0   recipient=0x273c507D8E21cDE039491B14647Fe9278D88e91D value=0
INFO [03-26|20:13:16.754] Starting work on payload                 id=0x03b0d5717266ba0e
INFO [03-26|20:13:17.558] Updated payload                          id=0x03b0d5717266ba0e number=64789 hash=3d2b18..30dfea txs=1 withdrawals=0 gas=93,739,282 fees=8.407054376e-05 root=335e81..efb552 elapsed=804.077ms
INFO [03-26|20:13:17.558] Stopping work on payload                 id=0x03b0d5717266ba0e reason=delivery
WARN [03-26|20:13:18.524] {"level":"warn","msg":"Slow block","block":{"number":64789,"hash":"0x3d2b180e675e0b85b264bd0c0668ba2e5bfb1a68dc38768009389ad66830dfea","gas_used":93739282,"tx_count":1},"timing":{"execution_ms":48.857314,"state_read_ms":616.858874,"state_hash_ms":270.761747,"commit_ms":27.536229,"total_ms":964.103575},"throughput":{"mgas_per_sec":97.22947246617149},"state_reads":{"accounts":8,"storage_slots":4094,"code":2,"code_bytes":1422},"state_writes":{"accounts":3,"accounts_deleted":0,"storage_slots":4094,"storage_slots_deleted":0,"code":0,"code_bytes":0},"cache":{"account":{"hits":3,"misses":5,"hit_rate":37.5},"storage":{"hits":722,"misses":3372,"hit_rate":17.635564240351734},"code":{"hits":2,"misses":0,"hit_rate":100,"hit_bytes":1422,"miss_bytes":0}}}
INFO [03-26|20:13:18.524] Imported new potential chain segment     number=64789 hash=3d2b18..30dfea blocks=1 txs=1 mgas=93.739 elapsed=965.624ms   mgasps=97.076 triediffs=314.19MiB triedirty=0.00B
INFO [03-26|20:13:18.528] Chain head was updated                   number=64789 hash=3d2b18..30dfea root=335e81..efb552 elapsed="82.439µs"
INFO [03-26|20:13:18.802] Submitted transaction                    hash=0x77ab5b76cdc30076ced29177109265a7eb521f10c2c7be7cc9ea8096136fb70d from=0x101B426c0Fbad402eEaA4Cf0e77036d62e1F9dc2 nonce=1   recipient=0xf39Fd6e51aad88F6F4ce6aB8827279cffFb92266 value=5,605,589,129,634
INFO [03-26|20:13:28.530] Starting work on payload                 id=0x036d622976afa275
INFO [03-26|20:13:28.531] Updated payload                          id=0x036d622976afa275 number=64790 hash=000d63..00db20 txs=1 withdrawals=0 gas=21000      fees=9.416925e-09    root=5f1bf1..bffca6 elapsed="765.455µs"
INFO [03-26|20:13:28.531] Stopping work on payload                 id=0x036d622976afa275 reason=delivery
WARN [03-26|20:13:28.533] {"level":"warn","msg":"Slow block","block":{"number":64790,"hash":"0x000d63215a86b7868830fc85e98dc4556d15adb527d2c8a8ba5cdc025d00db20","gas_used":21000,"tx_count":1},"timing":{"execution_ms":0.05147,"state_read_ms":0.409747,"state_hash_ms":0.095,"commit_ms":0.490246,"total_ms":1.111484},"throughput":{"mgas_per_sec":18.893659287942967},"state_reads":{"accounts":6,"storage_slots":0,"code":0,"code_bytes":0},"state_writes":{"accounts":2,"accounts_deleted":0,"storage_slots":0,"storage_slots_deleted":0,"code":0,"code_bytes":0},"cache":{"account":{"hits":2,"misses":4,"hit_rate":33.33333333333333},"storage":{"hits":0,"misses":0,"hit_rate":0},"code":{"hits":0,"misses":0,"hit_rate":0,"hit_bytes":0,"miss_bytes":0}}}
INFO [03-26|20:13:28.533] Imported new potential chain segment     number=64790 hash=000d63..00db20 blocks=1 txs=1 mgas=0.021  elapsed=1.307ms     mgasps=16.061 triediffs=314.19MiB triedirty=0.00B
INFO [03-26|20:13:28.533] Chain head was updated                   number=64790 hash=000d63..00db20 root=5f1bf1..bffca6 elapsed="68.52µs"
