INFO [03-26|17:49:04.372] Starting Geth on Ethereum mainnet...
INFO [03-26|17:49:04.373] Maximum peer count                       ETH=0 total=0
INFO [03-26|17:49:04.374] Smartcard socket not found, disabling    err="stat /run/pcscd/pcscd.comm: no such file or directory"
WARN [03-26|17:49:04.376] Option --miner.etherbase is deprecated as the etherbase is set by the consensus client post-merge
WARN [03-26|17:49:04.377] Snap sync requested, resetting --cache.snapshot
INFO [03-26|17:49:04.378] Global gas cap disabled
INFO [03-26|17:49:05.022] Using developer account                  address=0xf39Fd6e51aad88F6F4ce6aB8827279cffFb92266
INFO [03-26|17:49:05.262] Using pebble as the backing database
INFO [03-26|17:49:05.262] Allocated cache and file handles         database=/home/CPerezz/bintrie-benchmarks/mpt-vs-bintrie/dbs/mpt/geth/chaindata cache=16.00MiB handles=524,288
INFO [03-26|17:49:07.485] Opened ancient database                  database=/home/CPerezz/bintrie-benchmarks/mpt-vs-bintrie/dbs/mpt/geth/chaindata/ancient/chain readonly=true
INFO [03-26|17:49:07.485] Opened Era store                         datadir=/home/CPerezz/bintrie-benchmarks/mpt-vs-bintrie/dbs/mpt/geth/chaindata/ancient/chain/era
INFO [03-26|17:49:07.493] Initializing the KZG library             backend=gokzg
INFO [03-26|17:49:07.496] Allocated trie memory caches             clean=0.00B dirty=0.00B
INFO [03-26|17:49:07.596] Using pebble as the backing database
INFO [03-26|17:49:07.596] Allocated cache and file handles         database=/home/CPerezz/bintrie-benchmarks/mpt-vs-bintrie/dbs/mpt/geth/chaindata cache=16.00MiB handles=524,288
INFO [03-26|17:49:08.908] Opened ancient database                  database=/home/CPerezz/bintrie-benchmarks/mpt-vs-bintrie/dbs/mpt/geth/chaindata/ancient/chain readonly=false
INFO [03-26|17:49:08.908] Opened Era store                         datadir=/home/CPerezz/bintrie-benchmarks/mpt-vs-bintrie/dbs/mpt/geth/chaindata/ancient/chain/era
INFO [03-26|17:49:08.910] State scheme set to already existing     scheme=path
INFO [03-26|17:49:08.912] Initialising Ethereum protocol           network=1337 dbversion=9
INFO [03-26|17:49:08.912] Load database journal from file          path=/home/CPerezz/bintrie-benchmarks/mpt-vs-bintrie/dbs/mpt/geth/triedb/merkle.journal
INFO [03-26|17:49:10.263] Opened ancient database                  database=/home/CPerezz/bintrie-benchmarks/mpt-vs-bintrie/dbs/mpt/geth/chaindata/ancient/state readonly=false
INFO [03-26|17:49:10.264] Initialized path database                triecache=0.00B statecache=0.00B buffer=0.00B state-history="last 90000 blocks" journal-dir=/home/CPerezz/bintrie-benchmarks/mpt-vs-bintrie/dbs/mpt/geth/triedb
INFO [03-26|17:49:10.264] 
INFO [03-26|17:49:10.264] ---------------------------------------------------------------------------------------------------------------------------------------------------------
INFO [03-26|17:49:10.264] Chain ID:  1337 (unknown)
INFO [03-26|17:49:10.264] Consensus: unknown
INFO [03-26|17:49:10.264] 
INFO [03-26|17:49:10.264] Pre-Merge hard forks (block based):
INFO [03-26|17:49:10.264]  - Homestead:                   #0       
INFO [03-26|17:49:10.264]  - Tangerine Whistle (EIP 150): #0       
INFO [03-26|17:49:10.264]  - Spurious Dragon/1 (EIP 155): #0       
INFO [03-26|17:49:10.264]  - Spurious Dragon/2 (EIP 158): #0       
INFO [03-26|17:49:10.264]  - Byzantium:                   #0       
INFO [03-26|17:49:10.264]  - Constantinople:              #0       
INFO [03-26|17:49:10.264]  - Petersburg:                  #0       
INFO [03-26|17:49:10.264]  - Istanbul:                    #0       
INFO [03-26|17:49:10.264]  - Muir Glacier:                #0       
INFO [03-26|17:49:10.264]  - Berlin:                      #0       
INFO [03-26|17:49:10.264]  - London:                      #0       
INFO [03-26|17:49:10.264]  - Arrow Glacier:               #0       
INFO [03-26|17:49:10.264]  - Gray Glacier:                #0       
INFO [03-26|17:49:10.264] 
INFO [03-26|17:49:10.264] Merge configured:
INFO [03-26|17:49:10.264]  - Total terminal difficulty:  0
INFO [03-26|17:49:10.264]  - Merge netsplit block:       #0       
INFO [03-26|17:49:10.264] 
INFO [03-26|17:49:10.264] Post-Merge hard forks (timestamp based):
INFO [03-26|17:49:10.264]  - Shanghai:                    @0         
INFO [03-26|17:49:10.264]  - Cancun:                      @0          blob: (target: 3, max: 6, fraction: 3338477)
INFO [03-26|17:49:10.264]  - Prague:                      @0          blob: (target: 6, max: 9, fraction: 5225352)
INFO [03-26|17:49:10.264]  - Osaka:                       @4294967295 blob: (target: 9, max: 12, fraction: 5225352)
INFO [03-26|17:49:10.264] 
INFO [03-26|17:49:10.264] All fork specifications can be found at https://ethereum.github.io/execution-specs/src/ethereum/forks/
INFO [03-26|17:49:10.265] 
INFO [03-26|17:49:10.265] ---------------------------------------------------------------------------------------------------------------------------------------------------------
INFO [03-26|17:49:10.265] 
INFO [03-26|17:49:10.266] Loaded most recent local block           number=64078 hash=5541ab..0d8444 age=24s
INFO [03-26|17:49:10.266] Loaded most recent local finalized block number=64064 hash=a4f6df..2e07cb age=3m59s
INFO [03-26|17:49:10.266] Initialized transaction indexer          range="last 2350000 blocks"
INFO [03-26|17:49:10.266] Initialized log indexer                  firstblock=0 lastblock=64078 firstmap=0 lastmap=4 headindexed=true
INFO [03-26|17:49:10.270] Enabled full-sync                        head=64078 hash=5541ab..0d8444
INFO [03-26|17:49:10.271] Unprotected transactions allowed
INFO [03-26|17:49:10.271] Gasprice oracle is ignoring threshold set threshold=2
INFO [03-26|17:49:10.271] Registered sync override service
WARN [03-26|17:49:10.271] You are running Geth in --dev mode. Please note the following:
WARN [03-26|17:49:10.271] 
WARN [03-26|17:49:10.271]   1. This mode is only intended for fast, iterative development without assumptions on
WARN [03-26|17:49:10.271]      security or persistence.
WARN [03-26|17:49:10.271]   2. The database is created in memory unless specified otherwise. Therefore, shutting down
WARN [03-26|17:49:10.271]      your computer or losing power will wipe your entire block data and chain state for
WARN [03-26|17:49:10.271]      your dev environment.
WARN [03-26|17:49:10.271]   3. A random, pre-allocated developer account will be available and unlocked as
WARN [03-26|17:49:10.271]      eth.coinbase, which can be used for testing. The random dev account is temporary,
WARN [03-26|17:49:10.271]      stored on a ramdisk, and will be lost if your machine is restarted.
WARN [03-26|17:49:10.271]   4. Mining is enabled by default. However, the client will only seal blocks if transactions
WARN [03-26|17:49:10.271]      are pending in the mempool. The miner's minimum accepted gas price is 1.
WARN [03-26|17:49:10.271]   5. Networking is disabled; there is no listen-address, the maximum number of peers is set
WARN [03-26|17:49:10.271]      to 0, and discovery is disabled.
WARN [03-26|17:49:10.271] 
INFO [03-26|17:49:10.271] Starting peer-to-peer node               instance=Geth/v1.17.2-unstable-5d0e18f7-20260325/linux-amd64/go1.24.1
WARN [03-26|17:49:10.271] P2P server will be useless, neither dialing nor listening
INFO [03-26|17:49:10.276] IPC endpoint opened                      url=/home/CPerezz/bintrie-benchmarks/mpt-vs-bintrie/dbs/mpt/geth.ipc
ERROR[03-26|17:49:10.276] Unavailable modules in HTTP API list     unavailable=[personal] available="[admin debug web3 eth txpool miner net dev testing]"
INFO [03-26|17:49:10.277] HTTP server started                      endpoint=[::]:8545 auth=false prefix= cors= vhosts=localhost
INFO [03-26|17:49:10.277] WebSocket enabled                        url=ws://[::]:8546
INFO [03-26|17:49:10.277] New local node record                    seq=1,774,465,405,941 id=9566f6e861acb2c3 ip=127.0.0.1 udp=0 tcp=0
INFO [03-26|17:49:10.277] Started P2P networking                   self=enode://7bcb27e0859fe4ed7072e298a58918cc0b55d08376b1207f77d84f6d0d34ded7448b64ab16dd00733b489383beff49c04f662afae4dd1dc102807640ff82a1cd@127.0.0.1:0
INFO [03-26|17:49:10.282] Loaded local transaction journal         transactions=99 dropped=0
INFO [03-26|17:49:11.473] Started log indexer
INFO [03-26|17:49:11.482] Starting work on payload                 id=0x039a6de99e3c3936
INFO [03-26|17:49:11.482] Updated payload                          id=0x039a6de99e3c3936 number=64079 hash=3b00d3..a3f5d3 txs=0 withdrawals=0 gas=0 fees=0 root=58333b..28b8f6 elapsed="224.519µs"
INFO [03-26|17:49:11.483] Stopping work on payload                 id=0x039a6de99e3c3936 reason=delivery
WARN [03-26|17:49:11.487] {"level":"warn","msg":"Slow block","block":{"number":64079,"hash":"0x3b00d35cf0a31897777878b2ee3ca83c9823a947e9c09eb0c8d6237cc3a3f5d3","gas_used":0,"tx_count":0},"timing":{"execution_ms":0.02572,"state_read_ms":0.181689,"state_hash_ms":0.00719,"commit_ms":0.12386,"total_ms":0.470159},"throughput":{"mgas_per_sec":0},"state_reads":{"accounts":4,"storage_slots":0,"code":0,"code_bytes":0},"state_writes":{"accounts":0,"accounts_deleted":0,"storage_slots":0,"storage_slots_deleted":0,"code":0,"code_bytes":0},"cache":{"account":{"hits":0,"misses":4,"hit_rate":0},"storage":{"hits":0,"misses":0,"hit_rate":0},"code":{"hits":0,"misses":0,"hit_rate":0,"hit_bytes":0,"miss_bytes":0}}}
INFO [03-26|17:49:11.487] Imported new potential chain segment     number=64079 hash=3b00d3..a3f5d3 blocks=1 txs=0 mgas=0.000 elapsed=4.204ms     mgasps=0.000 triediffs=222.10MiB triedirty=0.00B
INFO [03-26|17:49:11.487] Ready for fork activation                fork=Osaka date="07 Feb 06 07:28 CET" remaining=700117h39m4s timestamp=4,294,967,295
INFO [03-26|17:49:11.488] Chain head was updated                   number=64079 hash=3b00d3..a3f5d3 root=58333b..28b8f6 elapsed="133.629µs"
INFO [03-26|17:49:11.638] Submitted contract creation              hash=0x2b6537ee0ffca9c75ff0a83bd0dcddac163e7f86df44cb47dcefb57eaeb498b2 from=0xf39Fd6e51aad88F6F4ce6aB8827279cffFb92266 nonce=144 contract=0x927b167526bAbB9be047421db732C663a0b77B11 value=0
INFO [03-26|17:49:11.641] Submitted transaction                    hash=0x2983d34a8925252fbbf5f40994e915a7392ff40ec4ea4bc71c08b3b7b39cf2e3 from=0xf39Fd6e51aad88F6F4ce6aB8827279cffFb92266 nonce=145 recipient=0x4d3c5c7F6f0cB6cCFbc39F8dfB8c39301C853E6E value=1,600,000,000
INFO [03-26|17:49:21.490] Starting work on payload                 id=0x03fc8f94fd23f908
INFO [03-26|17:49:21.497] Updated payload                          id=0x03fc8f94fd23f908 number=64080 hash=451837..f68475 txs=2 withdrawals=0 gas=89662 fees=7.17296e-13 root=00b132..9dd547 elapsed=7.202ms
INFO [03-26|17:49:21.497] Stopping work on payload                 id=0x03fc8f94fd23f908 reason=delivery
WARN [03-26|17:49:21.502] {"level":"warn","msg":"Slow block","block":{"number":64080,"hash":"0x45183706c6f626a93ab3bf7a959444c8eb31e7464089bb7c3d5328cfb7f68475","gas_used":89662,"tx_count":2},"timing":{"execution_ms":0.04216,"state_read_ms":0.131289,"state_hash_ms":0.338258,"commit_ms":3.359951,"total_ms":3.907119},"throughput":{"mgas_per_sec":22.948366814524974},"state_reads":{"accounts":11,"storage_slots":0,"code":0,"code_bytes":0},"state_writes":{"accounts":3,"accounts_deleted":0,"storage_slots":0,"storage_slots_deleted":0,"code":1,"code_bytes":72},"cache":{"account":{"hits":6,"misses":5,"hit_rate":54.54545454545454},"storage":{"hits":0,"misses":0,"hit_rate":0},"code":{"hits":0,"misses":0,"hit_rate":0,"hit_bytes":0,"miss_bytes":0}}}
INFO [03-26|17:49:21.503] Imported new potential chain segment     number=64080 hash=451837..f68475 blocks=1 txs=2 mgas=0.090 elapsed=4.288ms     mgasps=20.909 triediffs=217.89MiB triedirty=0.00B
INFO [03-26|17:49:21.503] Chain head was updated                   number=64080 hash=451837..f68475 root=00b132..9dd547 elapsed="91.91µs"
INFO [03-26|17:49:21.727] Submitted transaction                    hash=0x365d1ed2dd48c2bde5694a1a34e901529a248a9c588b524f6f1fa7dca2aa88aa from=0x4d3c5c7F6f0cB6cCFbc39F8dfB8c39301C853E6E nonce=0   recipient=0x927b167526bAbB9be047421db732C663a0b77B11 value=0
INFO [03-26|17:49:31.506] Starting work on payload                 id=0x037130acf9165df2
WARN [03-26|17:49:38.800] Block building is interrupted            allowance=2s
INFO [03-26|17:49:38.801] Updated payload                          id=0x037130acf9165df2 number=64081 hash=a91e9d..beddac txs=1 withdrawals=0 gas=100,000,000 fees=8e-10       root=c72064..28b32d elapsed=7.294s
WARN [03-26|17:49:44.242] {"level":"warn","msg":"Slow block","block":{"number":64081,"hash":"0xa91e9d6156865325e8ddcbedbc7b2fb0e0960e5d7ee2115e90fcd974b5beddac","gas_used":100000000,"tx_count":1},"timing":{"execution_ms":279.933357,"state_read_ms":5133.366904,"state_hash_ms":0.07189,"commit_ms":24.727791,"total_ms":5438.250342},"throughput":{"mgas_per_sec":18.388267128435185},"state_reads":{"accounts":8,"storage_slots":36742,"code":2,"code_bytes":1416},"state_writes":{"accounts":2,"accounts_deleted":0,"storage_slots":0,"storage_slots_deleted":0,"code":0,"code_bytes":0},"cache":{"account":{"hits":3,"misses":5,"hit_rate":37.5},"storage":{"hits":2486,"misses":34256,"hit_rate":6.766098742583419},"code":{"hits":2,"misses":0,"hit_rate":100,"hit_bytes":1416,"miss_bytes":0}}}
INFO [03-26|17:49:44.242] Imported new potential chain segment     number=64081 hash=a91e9d..beddac blocks=1 txs=1 mgas=100.000 elapsed=5.439s      mgasps=18.384 triediffs=214.98MiB triedirty=0.00B
INFO [03-26|17:49:44.243] Chain head was updated                   number=64081 hash=a91e9d..beddac root=c72064..28b32d elapsed="53.319µs"
WARN [03-26|17:49:44.420] Block building is interrupted            allowance=2s
INFO [03-26|17:49:44.420] Stopping work on payload                 id=0x037130acf9165df2 reason=timeout
