INFO [03-26|20:03:24.228] Starting Geth on Ethereum mainnet...
INFO [03-26|20:03:24.229] Maximum peer count                       ETH=0 total=0
INFO [03-26|20:03:24.230] Smartcard socket not found, disabling    err="stat /run/pcscd/pcscd.comm: no such file or directory"
WARN [03-26|20:03:24.231] Option --miner.etherbase is deprecated as the etherbase is set by the consensus client post-merge
WARN [03-26|20:03:24.233] Snap sync requested, resetting --cache.snapshot
INFO [03-26|20:03:24.233] Global gas cap disabled
INFO [03-26|20:03:24.894] Using developer account                  address=0xf39Fd6e51aad88F6F4ce6aB8827279cffFb92266
INFO [03-26|20:03:25.061] Using pebble as the backing database
INFO [03-26|20:03:25.061] Allocated cache and file handles         database=/home/CPerezz/bintrie-benchmarks/mpt-vs-bintrie/dbs/mpt/geth/chaindata cache=16.00MiB handles=524,288
INFO [03-26|20:03:26.184] Opened ancient database                  database=/home/CPerezz/bintrie-benchmarks/mpt-vs-bintrie/dbs/mpt/geth/chaindata/ancient/chain readonly=true
INFO [03-26|20:03:26.184] Opened Era store                         datadir=/home/CPerezz/bintrie-benchmarks/mpt-vs-bintrie/dbs/mpt/geth/chaindata/ancient/chain/era
INFO [03-26|20:03:26.195] Initializing the KZG library             backend=gokzg
INFO [03-26|20:03:26.197] Allocated trie memory caches             clean=0.00B dirty=0.00B
INFO [03-26|20:03:26.304] Using pebble as the backing database
INFO [03-26|20:03:26.304] Allocated cache and file handles         database=/home/CPerezz/bintrie-benchmarks/mpt-vs-bintrie/dbs/mpt/geth/chaindata cache=16.00MiB handles=524,288
INFO [03-26|20:03:27.637] Opened ancient database                  database=/home/CPerezz/bintrie-benchmarks/mpt-vs-bintrie/dbs/mpt/geth/chaindata/ancient/chain readonly=false
INFO [03-26|20:03:27.637] Opened Era store                         datadir=/home/CPerezz/bintrie-benchmarks/mpt-vs-bintrie/dbs/mpt/geth/chaindata/ancient/chain/era
INFO [03-26|20:03:27.639] State scheme set to already existing     scheme=path
INFO [03-26|20:03:27.640] Initialising Ethereum protocol           network=1337 dbversion=9
INFO [03-26|20:03:27.641] Load database journal from file          path=/home/CPerezz/bintrie-benchmarks/mpt-vs-bintrie/dbs/mpt/geth/triedb/merkle.journal
INFO [03-26|20:03:29.525] Opened ancient database                  database=/home/CPerezz/bintrie-benchmarks/mpt-vs-bintrie/dbs/mpt/geth/chaindata/ancient/state readonly=false
INFO [03-26|20:03:29.527] Initialized path database                triecache=0.00B statecache=0.00B buffer=0.00B state-history="last 90000 blocks" journal-dir=/home/CPerezz/bintrie-benchmarks/mpt-vs-bintrie/dbs/mpt/geth/triedb
INFO [03-26|20:03:29.530] 
INFO [03-26|20:03:29.530] ---------------------------------------------------------------------------------------------------------------------------------------------------------
INFO [03-26|20:03:29.530] Chain ID:  1337 (unknown)
INFO [03-26|20:03:29.530] Consensus: unknown
INFO [03-26|20:03:29.530] 
INFO [03-26|20:03:29.530] Pre-Merge hard forks (block based):
INFO [03-26|20:03:29.530]  - Homestead:                   #0       
INFO [03-26|20:03:29.530]  - Tangerine Whistle (EIP 150): #0       
INFO [03-26|20:03:29.530]  - Spurious Dragon/1 (EIP 155): #0       
INFO [03-26|20:03:29.530]  - Spurious Dragon/2 (EIP 158): #0       
INFO [03-26|20:03:29.530]  - Byzantium:                   #0       
INFO [03-26|20:03:29.530]  - Constantinople:              #0       
INFO [03-26|20:03:29.530]  - Petersburg:                  #0       
INFO [03-26|20:03:29.530]  - Istanbul:                    #0       
INFO [03-26|20:03:29.530]  - Muir Glacier:                #0       
INFO [03-26|20:03:29.530]  - Berlin:                      #0       
INFO [03-26|20:03:29.530]  - London:                      #0       
INFO [03-26|20:03:29.530]  - Arrow Glacier:               #0       
INFO [03-26|20:03:29.530]  - Gray Glacier:                #0       
INFO [03-26|20:03:29.531] 
INFO [03-26|20:03:29.531] Merge configured:
INFO [03-26|20:03:29.531]  - Total terminal difficulty:  0
INFO [03-26|20:03:29.531]  - Merge netsplit block:       #0       
INFO [03-26|20:03:29.531] 
INFO [03-26|20:03:29.531] Post-Merge hard forks (timestamp based):
INFO [03-26|20:03:29.531]  - Shanghai:                    @0         
INFO [03-26|20:03:29.531]  - Cancun:                      @0          blob: (target: 3, max: 6, fraction: 3338477)
INFO [03-26|20:03:29.531]  - Prague:                      @0          blob: (target: 6, max: 9, fraction: 5225352)
INFO [03-26|20:03:29.531]  - Osaka:                       @4294967295 blob: (target: 9, max: 12, fraction: 5225352)
INFO [03-26|20:03:29.531] 
INFO [03-26|20:03:29.531] All fork specifications can be found at https://ethereum.github.io/execution-specs/src/ethereum/forks/
INFO [03-26|20:03:29.531] 
INFO [03-26|20:03:29.531] ---------------------------------------------------------------------------------------------------------------------------------------------------------
INFO [03-26|20:03:29.531] 
INFO [03-26|20:03:29.531] Loaded most recent local block           number=64736 hash=f47186..bc1cb6 age=11s
INFO [03-26|20:03:29.531] Loaded most recent local finalized block number=64736 hash=f47186..bc1cb6 age=11s
INFO [03-26|20:03:29.533] Initialized transaction indexer          range="last 2350000 blocks"
INFO [03-26|20:03:29.533] Initialized log indexer                  firstblock=0 lastblock=64736 firstmap=0 lastmap=4 headindexed=true
INFO [03-26|20:03:29.535] Enabled full-sync                        head=64736 hash=f47186..bc1cb6
INFO [03-26|20:03:29.535] Unprotected transactions allowed
INFO [03-26|20:03:29.535] Gasprice oracle is ignoring threshold set threshold=2
INFO [03-26|20:03:29.536] Registered sync override service
WARN [03-26|20:03:29.536] You are running Geth in --dev mode. Please note the following:
WARN [03-26|20:03:29.536] 
WARN [03-26|20:03:29.536]   1. This mode is only intended for fast, iterative development without assumptions on
WARN [03-26|20:03:29.536]      security or persistence.
WARN [03-26|20:03:29.536]   2. The database is created in memory unless specified otherwise. Therefore, shutting down
WARN [03-26|20:03:29.536]      your computer or losing power will wipe your entire block data and chain state for
WARN [03-26|20:03:29.536]      your dev environment.
WARN [03-26|20:03:29.536]   3. A random, pre-allocated developer account will be available and unlocked as
WARN [03-26|20:03:29.536]      eth.coinbase, which can be used for testing. The random dev account is temporary,
WARN [03-26|20:03:29.536]      stored on a ramdisk, and will be lost if your machine is restarted.
WARN [03-26|20:03:29.536]   4. Mining is enabled by default. However, the client will only seal blocks if transactions
WARN [03-26|20:03:29.536]      are pending in the mempool. The miner's minimum accepted gas price is 1.
WARN [03-26|20:03:29.536]   5. Networking is disabled; there is no listen-address, the maximum number of peers is set
WARN [03-26|20:03:29.536]      to 0, and discovery is disabled.
WARN [03-26|20:03:29.536] 
INFO [03-26|20:03:29.536] Starting peer-to-peer node               instance=Geth/v1.17.2-unstable-5d0e18f7-20260325/linux-amd64/go1.24.1
WARN [03-26|20:03:29.536] P2P server will be useless, neither dialing nor listening
INFO [03-26|20:03:29.542] New local node record                    seq=1,774,465,406,181 id=9566f6e861acb2c3 ip=127.0.0.1 udp=0 tcp=0
INFO [03-26|20:03:29.542] Started P2P networking                   self=enode://7bcb27e0859fe4ed7072e298a58918cc0b55d08376b1207f77d84f6d0d34ded7448b64ab16dd00733b489383beff49c04f662afae4dd1dc102807640ff82a1cd@127.0.0.1:0
INFO [03-26|20:03:29.542] IPC endpoint opened                      url=/home/CPerezz/bintrie-benchmarks/mpt-vs-bintrie/dbs/mpt/geth.ipc
ERROR[03-26|20:03:29.542] Unavailable modules in HTTP API list     unavailable=[personal] available="[admin debug web3 eth txpool miner net dev testing]"
INFO [03-26|20:03:29.543] HTTP server started                      endpoint=[::]:8545 auth=false prefix= cors= vhosts=localhost
INFO [03-26|20:03:29.543] WebSocket enabled                        url=ws://[::]:8546
INFO [03-26|20:03:29.605] Loaded local transaction journal         transactions=889 dropped=0
INFO [03-26|20:03:31.186] Submitted contract creation              hash=0x3d11831ce5ddd484d621f3ca93f8ff940b36beb3b45591f4c7b4059629914d3f from=0xf39Fd6e51aad88F6F4ce6aB8827279cffFb92266 nonce=624 contract=0x4278C5d322aB92F1D876Dd7Bd9b44d1748b88af2 value=0
INFO [03-26|20:03:31.189] Submitted transaction                    hash=0x58d532d1c5c70aebfd99cc84fe735c43e660d2c7e61caabb4942e3270912ac68 from=0xf39Fd6e51aad88F6F4ce6aB8827279cffFb92266 nonce=625 recipient=0xf40640c3Df60BF6cAb273D3A399f5117E158f7dC value=22,201,600,000,000
INFO [03-26|20:03:31.424] Started log indexer
INFO [03-26|20:03:31.430] Starting work on payload                 id=0x0310b2cef776cd96
INFO [03-26|20:03:31.436] Updated payload                          id=0x0310b2cef776cd96 number=64737 hash=a18b09..ce04f9 txs=2 withdrawals=0 gas=90958 fees=2.019340366e-08 root=bc353a..6f9043 elapsed=6.383ms
INFO [03-26|20:03:31.436] Stopping work on payload                 id=0x0310b2cef776cd96 reason=delivery
WARN [03-26|20:03:31.444] {"level":"warn","msg":"Slow block","block":{"number":64737,"hash":"0xa18b099010210c6a554e40db2d2676d1df03a0ae3f926dfec0daa8af87ce04f9","gas_used":90958,"tx_count":2},"timing":{"execution_ms":0.063279,"state_read_ms":0.11063,"state_hash_ms":1.184823,"commit_ms":6.160444,"total_ms":7.569677},"throughput":{"mgas_per_sec":12.016100554884972},"state_reads":{"accounts":11,"storage_slots":0,"code":0,"code_bytes":0},"state_writes":{"accounts":3,"accounts_deleted":0,"storage_slots":0,"storage_slots_deleted":0,"code":1,"code_bytes":78},"cache":{"account":{"hits":6,"misses":5,"hit_rate":54.54545454545454},"storage":{"hits":0,"misses":0,"hit_rate":0},"code":{"hits":0,"misses":0,"hit_rate":0,"hit_bytes":0,"miss_bytes":0}}}
INFO [03-26|20:03:31.445] Imported new potential chain segment     number=64737 hash=a18b09..ce04f9 blocks=1 txs=2 mgas=0.091 elapsed=8.117ms mgasps=11.206 triediffs=306.48MiB triedirty=0.00B
INFO [03-26|20:03:31.445] Ready for fork activation                fork=Osaka date="07 Feb 06 07:28 CET" remaining=700115h24m44s timestamp=4,294,967,295
INFO [03-26|20:03:31.445] Chain head was updated                   number=64737 hash=a18b09..ce04f9 root=bc353a..6f9043 elapsed="119.779µs"
INFO [03-26|20:03:32.205] Submitted transaction                    hash=0x1c20f41300737b0131c17bb09e8c8fc0c5533f503cbf41d4d9907ca1136558da from=0xf40640c3Df60BF6cAb273D3A399f5117E158f7dC nonce=0   recipient=0x4278C5d322aB92F1D876Dd7Bd9b44d1748b88af2 value=0
INFO [03-26|20:03:41.452] Starting work on payload                 id=0x03bca97a57fccdd3
INFO [03-26|20:03:42.272] Updated payload                          id=0x03bca97a57fccdd3 number=64738 hash=b6ef0f..735105 txs=1 withdrawals=0 gas=93,739,282 fees=2.081087052e-05 root=2f537a..5d450c elapsed=820.236ms
INFO [03-26|20:03:42.272] Stopping work on payload                 id=0x03bca97a57fccdd3 reason=delivery
WARN [03-26|20:03:43.242] {"level":"warn","msg":"Slow block","block":{"number":64738,"hash":"0xb6ef0f6fe1945e96a17da146f5494c4fb232d178d2ec7b9514d83fd8d1735105","gas_used":93739282,"tx_count":1},"timing":{"execution_ms":48.278587,"state_read_ms":601.441512,"state_hash_ms":292.611785,"commit_ms":24.863406,"total_ms":967.278902},"throughput":{"mgas_per_sec":96.91029320103996},"state_reads":{"accounts":8,"storage_slots":4094,"code":2,"code_bytes":1422},"state_writes":{"accounts":3,"accounts_deleted":0,"storage_slots":4094,"storage_slots_deleted":0,"code":0,"code_bytes":0},"cache":{"account":{"hits":3,"misses":5,"hit_rate":37.5},"storage":{"hits":581,"misses":3513,"hit_rate":14.191499755740109},"code":{"hits":2,"misses":0,"hit_rate":100,"hit_bytes":1422,"miss_bytes":0}}}
INFO [03-26|20:03:43.242] Imported new potential chain segment     number=64738 hash=b6ef0f..735105 blocks=1 txs=1 mgas=93.739 elapsed=968.967ms   mgasps=96.741 triediffs=314.26MiB triedirty=0.00B
INFO [03-26|20:03:43.243] Chain head was updated                   number=64738 hash=b6ef0f..735105 root=2f537a..5d450c elapsed="48.139µs"
INFO [03-26|20:03:43.287] Submitted transaction                    hash=0x145dffee85ed56f12632b881b06d9b74b0b71af7bb2e50fee0e619224614330c from=0xf40640c3Df60BF6cAb273D3A399f5117E158f7dC nonce=1   recipient=0xf39Fd6e51aad88F6F4ce6aB8827279cffFb92266 value=1,387,648,252,488
INFO [03-26|20:03:53.245] Starting work on payload                 id=0x03af037cc80d0c07
INFO [03-26|20:03:53.246] Updated payload                          id=0x03af037cc80d0c07 number=64739 hash=512e09..e8d0a1 txs=1 withdrawals=0 gas=21000      fees=2.331021e-09    root=6ad60c..b31d0a elapsed=1.261ms
INFO [03-26|20:03:53.247] Stopping work on payload                 id=0x03af037cc80d0c07 reason=delivery
WARN [03-26|20:03:53.249] {"level":"warn","msg":"Slow block","block":{"number":64739,"hash":"0x512e09ed111a8b08e98db06f34a18bd690997809ea42a228b8e24e65cfe8d0a1","gas_used":21000,"tx_count":1},"timing":{"execution_ms":0.06529,"state_read_ms":0.640436,"state_hash_ms":0.100669,"commit_ms":0.564157,"total_ms":1.443723},"throughput":{"mgas_per_sec":14.545726569431947},"state_reads":{"accounts":6,"storage_slots":0,"code":0,"code_bytes":0},"state_writes":{"accounts":2,"accounts_deleted":0,"storage_slots":0,"storage_slots_deleted":0,"code":0,"code_bytes":0},"cache":{"account":{"hits":2,"misses":4,"hit_rate":33.33333333333333},"storage":{"hits":0,"misses":0,"hit_rate":0},"code":{"hits":0,"misses":0,"hit_rate":0,"hit_bytes":0,"miss_bytes":0}}}
INFO [03-26|20:03:53.249] Imported new potential chain segment     number=64739 hash=512e09..e8d0a1 blocks=1 txs=1 mgas=0.021  elapsed=1.650ms     mgasps=12.720 triediffs=314.26MiB triedirty=0.00B
INFO [03-26|20:03:53.249] Chain head was updated                   number=64739 hash=512e09..e8d0a1 root=6ad60c..b31d0a elapsed="76.43µs"
