INFO [03-26|17:57:04.562] Starting Geth on Ethereum mainnet...
INFO [03-26|17:57:04.564] Maximum peer count                       ETH=0 total=0
INFO [03-26|17:57:04.565] Smartcard socket not found, disabling    err="stat /run/pcscd/pcscd.comm: no such file or directory"
WARN [03-26|17:57:04.567] Option --miner.etherbase is deprecated as the etherbase is set by the consensus client post-merge
WARN [03-26|17:57:04.568] Snap sync requested, resetting --cache.snapshot
INFO [03-26|17:57:04.568] Global gas cap disabled
INFO [03-26|17:57:05.218] Using developer account                  address=0xf39Fd6e51aad88F6F4ce6aB8827279cffFb92266
INFO [03-26|17:57:05.458] Using pebble as the backing database
INFO [03-26|17:57:05.458] Allocated cache and file handles         database=/home/CPerezz/bintrie-benchmarks/mpt-vs-bintrie/dbs/mpt/geth/chaindata cache=16.00MiB handles=524,288
INFO [03-26|17:57:07.673] Opened ancient database                  database=/home/CPerezz/bintrie-benchmarks/mpt-vs-bintrie/dbs/mpt/geth/chaindata/ancient/chain readonly=true
INFO [03-26|17:57:07.673] Opened Era store                         datadir=/home/CPerezz/bintrie-benchmarks/mpt-vs-bintrie/dbs/mpt/geth/chaindata/ancient/chain/era
INFO [03-26|17:57:07.683] Initializing the KZG library             backend=gokzg
INFO [03-26|17:57:07.685] Allocated trie memory caches             clean=0.00B dirty=0.00B
INFO [03-26|17:57:07.785] Using pebble as the backing database
INFO [03-26|17:57:07.786] Allocated cache and file handles         database=/home/CPerezz/bintrie-benchmarks/mpt-vs-bintrie/dbs/mpt/geth/chaindata cache=16.00MiB handles=524,288
INFO [03-26|17:57:09.119] Opened ancient database                  database=/home/CPerezz/bintrie-benchmarks/mpt-vs-bintrie/dbs/mpt/geth/chaindata/ancient/chain readonly=false
INFO [03-26|17:57:09.119] Opened Era store                         datadir=/home/CPerezz/bintrie-benchmarks/mpt-vs-bintrie/dbs/mpt/geth/chaindata/ancient/chain/era
INFO [03-26|17:57:09.121] State scheme set to already existing     scheme=path
INFO [03-26|17:57:09.123] Initialising Ethereum protocol           network=1337 dbversion=9
INFO [03-26|17:57:09.123] Load database journal from file          path=/home/CPerezz/bintrie-benchmarks/mpt-vs-bintrie/dbs/mpt/geth/triedb/merkle.journal
INFO [03-26|17:57:09.960] Opened ancient database                  database=/home/CPerezz/bintrie-benchmarks/mpt-vs-bintrie/dbs/mpt/geth/chaindata/ancient/state readonly=false
INFO [03-26|17:57:09.962] Initialized path database                triecache=0.00B statecache=0.00B buffer=0.00B state-history="last 90000 blocks" journal-dir=/home/CPerezz/bintrie-benchmarks/mpt-vs-bintrie/dbs/mpt/geth/triedb
INFO [03-26|17:57:09.962] 
INFO [03-26|17:57:09.962] ---------------------------------------------------------------------------------------------------------------------------------------------------------
INFO [03-26|17:57:09.962] Chain ID:  1337 (unknown)
INFO [03-26|17:57:09.962] Consensus: unknown
INFO [03-26|17:57:09.962] 
INFO [03-26|17:57:09.962] Pre-Merge hard forks (block based):
INFO [03-26|17:57:09.962]  - Homestead:                   #0       
INFO [03-26|17:57:09.962]  - Tangerine Whistle (EIP 150): #0       
INFO [03-26|17:57:09.962]  - Spurious Dragon/1 (EIP 155): #0       
INFO [03-26|17:57:09.962]  - Spurious Dragon/2 (EIP 158): #0       
INFO [03-26|17:57:09.962]  - Byzantium:                   #0       
INFO [03-26|17:57:09.962]  - Constantinople:              #0       
INFO [03-26|17:57:09.962]  - Petersburg:                  #0       
INFO [03-26|17:57:09.962]  - Istanbul:                    #0       
INFO [03-26|17:57:09.962]  - Muir Glacier:                #0       
INFO [03-26|17:57:09.962]  - Berlin:                      #0       
INFO [03-26|17:57:09.962]  - London:                      #0       
INFO [03-26|17:57:09.962]  - Arrow Glacier:               #0       
INFO [03-26|17:57:09.962]  - Gray Glacier:                #0       
INFO [03-26|17:57:09.962] 
INFO [03-26|17:57:09.962] Merge configured:
INFO [03-26|17:57:09.962]  - Total terminal difficulty:  0
INFO [03-26|17:57:09.962]  - Merge netsplit block:       #0       
INFO [03-26|17:57:09.962] 
INFO [03-26|17:57:09.962] Post-Merge hard forks (timestamp based):
INFO [03-26|17:57:09.962]  - Shanghai:                    @0         
INFO [03-26|17:57:09.962]  - Cancun:                      @0          blob: (target: 3, max: 6, fraction: 3338477)
INFO [03-26|17:57:09.962]  - Prague:                      @0          blob: (target: 6, max: 9, fraction: 5225352)
INFO [03-26|17:57:09.962]  - Osaka:                       @4294967295 blob: (target: 9, max: 12, fraction: 5225352)
INFO [03-26|17:57:09.962] 
INFO [03-26|17:57:09.962] All fork specifications can be found at https://ethereum.github.io/execution-specs/src/ethereum/forks/
INFO [03-26|17:57:09.962] 
INFO [03-26|17:57:09.962] ---------------------------------------------------------------------------------------------------------------------------------------------------------
INFO [03-26|17:57:09.962] 
INFO [03-26|17:57:09.963] Loaded most recent local block           number=64110 hash=c6f481..806920 age=21s
INFO [03-26|17:57:09.963] Loaded most recent local finalized block number=64096 hash=02abd1..e363ff age=3m40s
INFO [03-26|17:57:09.963] Initialized transaction indexer          range="last 2350000 blocks"
INFO [03-26|17:57:09.963] Initialized log indexer                  firstblock=0 lastblock=64110 firstmap=0 lastmap=4 headindexed=true
INFO [03-26|17:57:09.998] Enabled full-sync                        head=64110 hash=c6f481..806920
INFO [03-26|17:57:09.999] Unprotected transactions allowed
INFO [03-26|17:57:09.999] Gasprice oracle is ignoring threshold set threshold=2
INFO [03-26|17:57:09.999] Registered sync override service
WARN [03-26|17:57:09.999] You are running Geth in --dev mode. Please note the following:
WARN [03-26|17:57:09.999] 
WARN [03-26|17:57:09.999]   1. This mode is only intended for fast, iterative development without assumptions on
WARN [03-26|17:57:09.999]      security or persistence.
WARN [03-26|17:57:09.999]   2. The database is created in memory unless specified otherwise. Therefore, shutting down
WARN [03-26|17:57:09.999]      your computer or losing power will wipe your entire block data and chain state for
WARN [03-26|17:57:09.999]      your dev environment.
WARN [03-26|17:57:09.999]   3. A random, pre-allocated developer account will be available and unlocked as
WARN [03-26|17:57:09.999]      eth.coinbase, which can be used for testing. The random dev account is temporary,
WARN [03-26|17:57:09.999]      stored on a ramdisk, and will be lost if your machine is restarted.
WARN [03-26|17:57:09.999]   4. Mining is enabled by default. However, the client will only seal blocks if transactions
WARN [03-26|17:57:09.999]      are pending in the mempool. The miner's minimum accepted gas price is 1.
WARN [03-26|17:57:09.999]   5. Networking is disabled; there is no listen-address, the maximum number of peers is set
WARN [03-26|17:57:09.999]      to 0, and discovery is disabled.
WARN [03-26|17:57:09.999] 
INFO [03-26|17:57:09.999] Starting peer-to-peer node               instance=Geth/v1.17.2-unstable-5d0e18f7-20260325/linux-amd64/go1.24.1
WARN [03-26|17:57:09.999] P2P server will be useless, neither dialing nor listening
INFO [03-26|17:57:10.007] IPC endpoint opened                      url=/home/CPerezz/bintrie-benchmarks/mpt-vs-bintrie/dbs/mpt/geth.ipc
ERROR[03-26|17:57:10.007] Unavailable modules in HTTP API list     unavailable=[personal] available="[admin debug web3 eth txpool miner net dev testing]"
INFO [03-26|17:57:10.008] HTTP server started                      endpoint=[::]:8545 auth=false prefix= cors= vhosts=localhost
INFO [03-26|17:57:10.008] WebSocket enabled                        url=ws://[::]:8546
INFO [03-26|17:57:10.008] New local node record                    seq=1,774,465,405,952 id=9566f6e861acb2c3 ip=127.0.0.1 udp=0 tcp=0
INFO [03-26|17:57:10.008] Started P2P networking                   self=enode://7bcb27e0859fe4ed7072e298a58918cc0b55d08376b1207f77d84f6d0d34ded7448b64ab16dd00733b489383beff49c04f662afae4dd1dc102807640ff82a1cd@127.0.0.1:0
INFO [03-26|17:57:10.014] Loaded local transaction journal         transactions=132 dropped=0
INFO [03-26|17:57:11.413] Started log indexer
INFO [03-26|17:57:11.423] Starting work on payload                 id=0x037aa81bb30138f4
INFO [03-26|17:57:11.423] Updated payload                          id=0x037aa81bb30138f4 number=64111 hash=7958ea..96b555 txs=0 withdrawals=0 gas=0 fees=0 root=bb1002..f00155 elapsed="201.349µs"
INFO [03-26|17:57:11.423] Stopping work on payload                 id=0x037aa81bb30138f4 reason=delivery
WARN [03-26|17:57:11.427] {"level":"warn","msg":"Slow block","block":{"number":64111,"hash":"0x7958ea04f8e224a8c5e4d6d4b5a8f9e5ed0e7125dde9efa316b05b025e96b555","gas_used":0,"tx_count":0},"timing":{"execution_ms":0.01711,"state_read_ms":0.11684,"state_hash_ms":0.013611,"commit_ms":0.07699,"total_ms":0.277049},"throughput":{"mgas_per_sec":0},"state_reads":{"accounts":4,"storage_slots":0,"code":0,"code_bytes":0},"state_writes":{"accounts":0,"accounts_deleted":0,"storage_slots":0,"storage_slots_deleted":0,"code":0,"code_bytes":0},"cache":{"account":{"hits":0,"misses":4,"hit_rate":0},"storage":{"hits":0,"misses":0,"hit_rate":0},"code":{"hits":0,"misses":0,"hit_rate":0,"hit_bytes":0,"miss_bytes":0}}}
INFO [03-26|17:57:11.427] Imported new potential chain segment     number=64111 hash=7958ea..96b555 blocks=1 txs=0 mgas=0.000 elapsed=2.934ms     mgasps=0.000 triediffs=143.68MiB triedirty=0.00B
INFO [03-26|17:57:11.427] Ready for fork activation                fork=Osaka date="07 Feb 06 07:28 CET" remaining=700117h31m4s timestamp=4,294,967,295
INFO [03-26|17:57:11.427] Chain head was updated                   number=64111 hash=7958ea..96b555 root=bb1002..f00155 elapsed="28.229µs"
INFO [03-26|17:57:11.839] Submitted contract creation              hash=0x0bc73693a972dad155cb7e54a429eea55c3e314423391f8755071186f3c9cca4 from=0xf39Fd6e51aad88F6F4ce6aB8827279cffFb92266 nonce=166 contract=0x66F625B8c4c635af8b74ECe2d7eD0D58b4af3C3d value=0
INFO [03-26|17:57:11.840] Submitted transaction                    hash=0x4862d19c3428ad80952bf795074d9d38e6e5ccd2c4f71e545c48d365740d396e from=0xf39Fd6e51aad88F6F4ce6aB8827279cffFb92266 nonce=167 recipient=0xA412A9d413730618c12C441af748C58659a3eaDE value=1,600,000,000
INFO [03-26|17:57:21.429] Starting work on payload                 id=0x037981976e6ec3d3
INFO [03-26|17:57:21.438] Updated payload                          id=0x037981976e6ec3d3 number=64112 hash=4fe959..fa6147 txs=2 withdrawals=0 gas=89662 fees=7.17296e-13 root=ea9dec..3a4999 elapsed=8.859ms
INFO [03-26|17:57:21.438] Stopping work on payload                 id=0x037981976e6ec3d3 reason=delivery
WARN [03-26|17:57:21.445] {"level":"warn","msg":"Slow block","block":{"number":64112,"hash":"0x4fe9595c8da0b011b926dd028fbf9d45a04edd1ec1a0f08830ab8614b9fa6147","gas_used":89662,"tx_count":2},"timing":{"execution_ms":0.069339,"state_read_ms":0.17698,"state_hash_ms":0.715326,"commit_ms":4.689523,"total_ms":5.694658},"throughput":{"mgas_per_sec":15.74493147788682},"state_reads":{"accounts":11,"storage_slots":0,"code":0,"code_bytes":0},"state_writes":{"accounts":3,"accounts_deleted":0,"storage_slots":0,"storage_slots_deleted":0,"code":1,"code_bytes":72},"cache":{"account":{"hits":4,"misses":7,"hit_rate":36.36363636363637},"storage":{"hits":0,"misses":0,"hit_rate":0},"code":{"hits":0,"misses":0,"hit_rate":0,"hit_bytes":0,"miss_bytes":0}}}
INFO [03-26|17:57:21.445] Imported new potential chain segment     number=64112 hash=4fe959..fa6147 blocks=1 txs=2 mgas=0.090 elapsed=5.827ms     mgasps=15.385 triediffs=139.46MiB triedirty=0.00B
INFO [03-26|17:57:21.445] Chain head was updated                   number=64112 hash=4fe959..fa6147 root=ea9dec..3a4999 elapsed="103.149µs"
INFO [03-26|17:57:21.926] Submitted transaction                    hash=0x668f4a8d714a91f691393209cd1dbc4925de33b045e9817328b26a999294bfff from=0xA412A9d413730618c12C441af748C58659a3eaDE nonce=0   recipient=0x66F625B8c4c635af8b74ECe2d7eD0D58b4af3C3d value=0
INFO [03-26|17:57:31.449] Starting work on payload                 id=0x031e78553c4a6e15
WARN [03-26|17:57:38.851] Block building is interrupted            allowance=2s
INFO [03-26|17:57:38.852] Updated payload                          id=0x031e78553c4a6e15 number=64113 hash=fc3a41..0e9ca3 txs=1 withdrawals=0 gas=100,000,000 fees=8e-10       root=5d7206..308f45 elapsed=7.403s
WARN [03-26|17:57:44.221] {"level":"warn","msg":"Slow block","block":{"number":64113,"hash":"0xfc3a41153851fe81f038cdbd97c0b0a440296ad72079c5c046c5939bdc0e9ca3","gas_used":100000000,"tx_count":1},"timing":{"execution_ms":294.064133,"state_read_ms":5044.116997,"state_hash_ms":0.08108,"commit_ms":28.791419,"total_ms":5367.153159},"throughput":{"mgas_per_sec":18.631851381455984},"state_reads":{"accounts":8,"storage_slots":36742,"code":2,"code_bytes":1416},"state_writes":{"accounts":2,"accounts_deleted":0,"storage_slots":0,"storage_slots_deleted":0,"code":0,"code_bytes":0},"cache":{"account":{"hits":3,"misses":5,"hit_rate":37.5},"storage":{"hits":2193,"misses":34549,"hit_rate":5.968646235915301},"code":{"hits":2,"misses":0,"hit_rate":100,"hit_bytes":1416,"miss_bytes":0}}}
INFO [03-26|17:57:44.221] Imported new potential chain segment     number=64113 hash=fc3a41..0e9ca3 blocks=1 txs=1 mgas=100.000 elapsed=5.368s      mgasps=18.628 triediffs=136.55MiB triedirty=0.00B
INFO [03-26|17:57:44.222] Chain head was updated                   number=64113 hash=fc3a41..0e9ca3 root=5d7206..308f45 elapsed="48.25µs"
WARN [03-26|17:57:44.573] Block building is interrupted            allowance=2s
INFO [03-26|17:57:44.574] Stopping work on payload                 id=0x031e78553c4a6e15 reason=timeout
