INFO [03-26|17:42:25.370] Starting Geth on Ethereum mainnet...
INFO [03-26|17:42:25.372] Maximum peer count                       ETH=0 total=0
INFO [03-26|17:42:25.373] Smartcard socket not found, disabling    err="stat /run/pcscd/pcscd.comm: no such file or directory"
WARN [03-26|17:42:25.374] Option --miner.etherbase is deprecated as the etherbase is set by the consensus client post-merge
WARN [03-26|17:42:25.375] Snap sync requested, resetting --cache.snapshot
INFO [03-26|17:42:25.375] Global gas cap disabled
INFO [03-26|17:42:26.021] Using developer account                  address=0xf39Fd6e51aad88F6F4ce6aB8827279cffFb92266
INFO [03-26|17:42:26.263] Using pebble as the backing database
INFO [03-26|17:42:26.263] Allocated cache and file handles         database=/home/CPerezz/bintrie-benchmarks/mpt-vs-bintrie/dbs/mpt/geth/chaindata cache=16.00MiB handles=524,288
INFO [03-26|17:42:28.456] Opened ancient database                  database=/home/CPerezz/bintrie-benchmarks/mpt-vs-bintrie/dbs/mpt/geth/chaindata/ancient/chain readonly=true
INFO [03-26|17:42:28.456] Opened Era store                         datadir=/home/CPerezz/bintrie-benchmarks/mpt-vs-bintrie/dbs/mpt/geth/chaindata/ancient/chain/era
INFO [03-26|17:42:28.465] Initializing the KZG library             backend=gokzg
INFO [03-26|17:42:28.468] Allocated trie memory caches             clean=0.00B dirty=0.00B
INFO [03-26|17:42:28.567] Using pebble as the backing database
INFO [03-26|17:42:28.567] Allocated cache and file handles         database=/home/CPerezz/bintrie-benchmarks/mpt-vs-bintrie/dbs/mpt/geth/chaindata cache=16.00MiB handles=524,288
INFO [03-26|17:42:29.831] Opened ancient database                  database=/home/CPerezz/bintrie-benchmarks/mpt-vs-bintrie/dbs/mpt/geth/chaindata/ancient/chain readonly=false
INFO [03-26|17:42:29.831] Opened Era store                         datadir=/home/CPerezz/bintrie-benchmarks/mpt-vs-bintrie/dbs/mpt/geth/chaindata/ancient/chain/era
INFO [03-26|17:42:29.833] State scheme set to already existing     scheme=path
INFO [03-26|17:42:29.835] Initialising Ethereum protocol           network=1337 dbversion=9
INFO [03-26|17:42:29.836] Load database journal from file          path=/home/CPerezz/bintrie-benchmarks/mpt-vs-bintrie/dbs/mpt/geth/triedb/merkle.journal
INFO [03-26|17:42:31.528] Opened ancient database                  database=/home/CPerezz/bintrie-benchmarks/mpt-vs-bintrie/dbs/mpt/geth/chaindata/ancient/state readonly=false
INFO [03-26|17:42:31.529] Initialized path database                triecache=0.00B statecache=0.00B buffer=0.00B state-history="last 90000 blocks" journal-dir=/home/CPerezz/bintrie-benchmarks/mpt-vs-bintrie/dbs/mpt/geth/triedb
INFO [03-26|17:42:31.529] 
INFO [03-26|17:42:31.529] ---------------------------------------------------------------------------------------------------------------------------------------------------------
INFO [03-26|17:42:31.529] Chain ID:  1337 (unknown)
INFO [03-26|17:42:31.529] Consensus: unknown
INFO [03-26|17:42:31.529] 
INFO [03-26|17:42:31.529] Pre-Merge hard forks (block based):
INFO [03-26|17:42:31.529]  - Homestead:                   #0       
INFO [03-26|17:42:31.529]  - Tangerine Whistle (EIP 150): #0       
INFO [03-26|17:42:31.529]  - Spurious Dragon/1 (EIP 155): #0       
INFO [03-26|17:42:31.529]  - Spurious Dragon/2 (EIP 158): #0       
INFO [03-26|17:42:31.529]  - Byzantium:                   #0       
INFO [03-26|17:42:31.529]  - Constantinople:              #0       
INFO [03-26|17:42:31.529]  - Petersburg:                  #0       
INFO [03-26|17:42:31.529]  - Istanbul:                    #0       
INFO [03-26|17:42:31.529]  - Muir Glacier:                #0       
INFO [03-26|17:42:31.529]  - Berlin:                      #0       
INFO [03-26|17:42:31.529]  - London:                      #0       
INFO [03-26|17:42:31.529]  - Arrow Glacier:               #0       
INFO [03-26|17:42:31.529]  - Gray Glacier:                #0       
INFO [03-26|17:42:31.529] 
INFO [03-26|17:42:31.529] Merge configured:
INFO [03-26|17:42:31.529]  - Total terminal difficulty:  0
INFO [03-26|17:42:31.529]  - Merge netsplit block:       #0       
INFO [03-26|17:42:31.529] 
INFO [03-26|17:42:31.529] Post-Merge hard forks (timestamp based):
INFO [03-26|17:42:31.529]  - Shanghai:                    @0         
INFO [03-26|17:42:31.529]  - Cancun:                      @0          blob: (target: 3, max: 6, fraction: 3338477)
INFO [03-26|17:42:31.529]  - Prague:                      @0          blob: (target: 6, max: 9, fraction: 5225352)
INFO [03-26|17:42:31.529]  - Osaka:                       @4294967295 blob: (target: 9, max: 12, fraction: 5225352)
INFO [03-26|17:42:31.529] 
INFO [03-26|17:42:31.529] All fork specifications can be found at https://ethereum.github.io/execution-specs/src/ethereum/forks/
INFO [03-26|17:42:31.529] 
INFO [03-26|17:42:31.529] ---------------------------------------------------------------------------------------------------------------------------------------------------------
INFO [03-26|17:42:31.529] 
INFO [03-26|17:42:31.530] Loaded most recent local block           number=64052 hash=7bb212..f84fdd age=25s
INFO [03-26|17:42:31.530] Loaded most recent local finalized block number=64032 hash=cbcc68..28addb age=5m26s
INFO [03-26|17:42:31.530] Initialized transaction indexer          range="last 2350000 blocks"
INFO [03-26|17:42:31.530] Initialized log indexer                  firstblock=0 lastblock=64052 firstmap=0 lastmap=4 headindexed=true
INFO [03-26|17:42:31.537] Enabled full-sync                        head=64052 hash=7bb212..f84fdd
INFO [03-26|17:42:31.537] Unprotected transactions allowed
INFO [03-26|17:42:31.537] Gasprice oracle is ignoring threshold set threshold=2
INFO [03-26|17:42:31.538] Registered sync override service
WARN [03-26|17:42:31.538] You are running Geth in --dev mode. Please note the following:
WARN [03-26|17:42:31.538] 
WARN [03-26|17:42:31.538]   1. This mode is only intended for fast, iterative development without assumptions on
WARN [03-26|17:42:31.538]      security or persistence.
WARN [03-26|17:42:31.538]   2. The database is created in memory unless specified otherwise. Therefore, shutting down
WARN [03-26|17:42:31.538]      your computer or losing power will wipe your entire block data and chain state for
WARN [03-26|17:42:31.538]      your dev environment.
WARN [03-26|17:42:31.538]   3. A random, pre-allocated developer account will be available and unlocked as
WARN [03-26|17:42:31.538]      eth.coinbase, which can be used for testing. The random dev account is temporary,
WARN [03-26|17:42:31.538]      stored on a ramdisk, and will be lost if your machine is restarted.
WARN [03-26|17:42:31.538]   4. Mining is enabled by default. However, the client will only seal blocks if transactions
WARN [03-26|17:42:31.538]      are pending in the mempool. The miner's minimum accepted gas price is 1.
WARN [03-26|17:42:31.538]   5. Networking is disabled; there is no listen-address, the maximum number of peers is set
WARN [03-26|17:42:31.538]      to 0, and discovery is disabled.
WARN [03-26|17:42:31.538] 
INFO [03-26|17:42:31.538] Starting peer-to-peer node               instance=Geth/v1.17.2-unstable-5d0e18f7-20260325/linux-amd64/go1.24.1
WARN [03-26|17:42:31.538] P2P server will be useless, neither dialing nor listening
INFO [03-26|17:42:31.543] New local node record                    seq=1,774,465,405,932 id=9566f6e861acb2c3 ip=127.0.0.1 udp=0 tcp=0
INFO [03-26|17:42:31.544] Started P2P networking                   self=enode://7bcb27e0859fe4ed7072e298a58918cc0b55d08376b1207f77d84f6d0d34ded7448b64ab16dd00733b489383beff49c04f662afae4dd1dc102807640ff82a1cd@127.0.0.1:0
INFO [03-26|17:42:31.544] IPC endpoint opened                      url=/home/CPerezz/bintrie-benchmarks/mpt-vs-bintrie/dbs/mpt/geth.ipc
ERROR[03-26|17:42:31.544] Unavailable modules in HTTP API list     unavailable=[personal] available="[admin debug web3 eth txpool miner net dev testing]"
INFO [03-26|17:42:31.545] HTTP server started                      endpoint=[::]:8545 auth=false prefix= cors= vhosts=localhost
INFO [03-26|17:42:31.545] WebSocket enabled                        url=ws://[::]:8546
INFO [03-26|17:42:31.549] Loaded local transaction journal         transactions=72 dropped=0
INFO [03-26|17:42:32.877] Started log indexer
INFO [03-26|17:42:32.885] Starting work on payload                 id=0x03b513d8166cc129
INFO [03-26|17:42:32.886] Updated payload                          id=0x03b513d8166cc129 number=64053 hash=03fdb0..a990ab txs=0 withdrawals=0 gas=0 fees=0 root=d3e334..557f89 elapsed="457.528µs"
INFO [03-26|17:42:32.886] Stopping work on payload                 id=0x03b513d8166cc129 reason=delivery
WARN [03-26|17:42:32.892] {"level":"warn","msg":"Slow block","block":{"number":64053,"hash":"0x03fdb0a327654e9e4aee76cb49f58add1b913d4c9ee0513b0451b6d848a990ab","gas_used":0,"tx_count":0},"timing":{"execution_ms":0.035759,"state_read_ms":1.123384,"state_hash_ms":0.01156,"commit_ms":0.174769,"total_ms":1.496113},"throughput":{"mgas_per_sec":0},"state_reads":{"accounts":4,"storage_slots":0,"code":0,"code_bytes":0},"state_writes":{"accounts":0,"accounts_deleted":0,"storage_slots":0,"storage_slots_deleted":0,"code":0,"code_bytes":0},"cache":{"account":{"hits":0,"misses":4,"hit_rate":0},"storage":{"hits":0,"misses":0,"hit_rate":0},"code":{"hits":0,"misses":0,"hit_rate":0,"hit_bytes":0,"miss_bytes":0}}}
INFO [03-26|17:42:32.892] Imported new potential chain segment     number=64053 hash=03fdb0..a990ab blocks=1 txs=0 mgas=0.000 elapsed=5.931ms     mgasps=0.000 triediffs=286.29MiB triedirty=0.00B
INFO [03-26|17:42:32.893] Ready for fork activation                fork=Osaka date="07 Feb 06 07:28 CET" remaining=700117h45m42s timestamp=4,294,967,295
INFO [03-26|17:42:32.893] Chain head was updated                   number=64053 hash=03fdb0..a990ab root=d3e334..557f89 elapsed="58.62µs"
INFO [03-26|17:42:33.658] Submitted contract creation              hash=0xfca9363135568fb327af61d0dbaee5b511bca733113bdf56dac20e2cae358654 from=0xf39Fd6e51aad88F6F4ce6aB8827279cffFb92266 nonce=126 contract=0x38a024C0b412B9d1db8BC398140D00F5Af3093D4 value=0
INFO [03-26|17:42:33.660] Submitted transaction                    hash=0x2223941dfd3f0d1ce902182db63ee487bfe801c2bb3f57a61d197305d5a60a2b from=0xf39Fd6e51aad88F6F4ce6aB8827279cffFb92266 nonce=127 recipient=0xBC008b133e88888430021f043487F4438c4d4546 value=1,600,000,000
INFO [03-26|17:42:42.895] Starting work on payload                 id=0x03f1eef11b05916d
INFO [03-26|17:42:42.900] Updated payload                          id=0x03f1eef11b05916d number=64054 hash=1037e4..f425af txs=2 withdrawals=0 gas=89662 fees=7.17296e-13 root=8c5e7d..fe5829 elapsed=5.368ms
INFO [03-26|17:42:42.900] Stopping work on payload                 id=0x03f1eef11b05916d reason=delivery
WARN [03-26|17:42:42.905] {"level":"warn","msg":"Slow block","block":{"number":64054,"hash":"0x1037e4dc2077eaa8d60fae28c220c6004735a4385561e519a04af28846f425af","gas_used":89662,"tx_count":2},"timing":{"execution_ms":0.129079,"state_read_ms":0.092699,"state_hash_ms":0.320179,"commit_ms":3.312062,"total_ms":3.889499},"throughput":{"mgas_per_sec":23.052326276469024},"state_reads":{"accounts":11,"storage_slots":0,"code":0,"code_bytes":0},"state_writes":{"accounts":3,"accounts_deleted":0,"storage_slots":0,"storage_slots_deleted":0,"code":1,"code_bytes":72},"cache":{"account":{"hits":4,"misses":7,"hit_rate":36.36363636363637},"storage":{"hits":0,"misses":0,"hit_rate":0},"code":{"hits":0,"misses":0,"hit_rate":0,"hit_bytes":0,"miss_bytes":0}}}
INFO [03-26|17:42:42.905] Imported new potential chain segment     number=64054 hash=1037e4..f425af blocks=1 txs=2 mgas=0.090 elapsed=4.011ms     mgasps=22.351 triediffs=282.09MiB triedirty=0.00B
INFO [03-26|17:42:42.905] Chain head was updated                   number=64054 hash=1037e4..f425af root=8c5e7d..fe5829 elapsed="89.13µs"
INFO [03-26|17:42:43.725] Submitted transaction                    hash=0xd3289bef3f1f6a9c120a4519b3230868e3bc9235150d0a6d12193b059c4aa1c3 from=0xBC008b133e88888430021f043487F4438c4d4546 nonce=0   recipient=0x38a024C0b412B9d1db8BC398140D00F5Af3093D4 value=0
INFO [03-26|17:42:52.908] Starting work on payload                 id=0x038390870bfa4265
WARN [03-26|17:43:00.111] Block building is interrupted            allowance=2s
INFO [03-26|17:43:00.112] Updated payload                          id=0x038390870bfa4265 number=64055 hash=abba05..c6dfae txs=1 withdrawals=0 gas=100,000,000 fees=8e-10       root=a11dcb..94e4ae elapsed=7.203s
WARN [03-26|17:43:05.375] {"level":"warn","msg":"Slow block","block":{"number":64055,"hash":"0xabba0524218a418e6dae8cf44812a84a31c31df1888630916c64b880a3c6dfae","gas_used":100000000,"tx_count":1},"timing":{"execution_ms":254.767121,"state_read_ms":4979.921893,"state_hash_ms":0.065289,"commit_ms":24.65242,"total_ms":5259.530775},"throughput":{"mgas_per_sec":19.01310293217174},"state_reads":{"accounts":8,"storage_slots":36742,"code":2,"code_bytes":1416},"state_writes":{"accounts":2,"accounts_deleted":0,"storage_slots":0,"storage_slots_deleted":0,"code":0,"code_bytes":0},"cache":{"account":{"hits":4,"misses":4,"hit_rate":50},"storage":{"hits":2998,"misses":33744,"hit_rate":8.15959936857003},"code":{"hits":2,"misses":0,"hit_rate":100,"hit_bytes":1416,"miss_bytes":0}}}
INFO [03-26|17:43:05.375] Imported new potential chain segment     number=64055 hash=abba05..c6dfae blocks=1 txs=1 mgas=100.000 elapsed=5.261s      mgasps=19.005 triediffs=279.18MiB triedirty=0.00B
INFO [03-26|17:43:05.376] Chain head was updated                   number=64055 hash=abba05..c6dfae root=a11dcb..94e4ae elapsed="41.07µs"
WARN [03-26|17:43:05.774] Block building is interrupted            allowance=2s
INFO [03-26|17:43:05.774] Stopping work on payload                 id=0x038390870bfa4265 reason=delivery
