INFO [03-26|19:27:44.406] Starting Geth on Ethereum mainnet...
INFO [03-26|19:27:44.408] Maximum peer count                       ETH=0 total=0
INFO [03-26|19:27:44.409] Smartcard socket not found, disabling    err="stat /run/pcscd/pcscd.comm: no such file or directory"
WARN [03-26|19:27:44.411] Option --miner.etherbase is deprecated as the etherbase is set by the consensus client post-merge
WARN [03-26|19:27:44.412] Snap sync requested, resetting --cache.snapshot
INFO [03-26|19:27:44.412] Global gas cap disabled
INFO [03-26|19:27:45.121] Using developer account                  address=0xf39Fd6e51aad88F6F4ce6aB8827279cffFb92266
INFO [03-26|19:27:45.288] Using pebble as the backing database
INFO [03-26|19:27:45.288] Allocated cache and file handles         database=/home/CPerezz/bintrie-benchmarks/mpt-vs-bintrie/dbs/mpt/geth/chaindata cache=16.00MiB handles=524,288
INFO [03-26|19:27:46.418] Opened ancient database                  database=/home/CPerezz/bintrie-benchmarks/mpt-vs-bintrie/dbs/mpt/geth/chaindata/ancient/chain readonly=true
INFO [03-26|19:27:46.418] Opened Era store                         datadir=/home/CPerezz/bintrie-benchmarks/mpt-vs-bintrie/dbs/mpt/geth/chaindata/ancient/chain/era
INFO [03-26|19:27:46.429] Initializing the KZG library             backend=gokzg
INFO [03-26|19:27:46.433] Allocated trie memory caches             clean=0.00B dirty=0.00B
INFO [03-26|19:27:46.511] Using pebble as the backing database
INFO [03-26|19:27:46.511] Allocated cache and file handles         database=/home/CPerezz/bintrie-benchmarks/mpt-vs-bintrie/dbs/mpt/geth/chaindata cache=16.00MiB handles=524,288
INFO [03-26|19:27:47.861] Opened ancient database                  database=/home/CPerezz/bintrie-benchmarks/mpt-vs-bintrie/dbs/mpt/geth/chaindata/ancient/chain readonly=false
INFO [03-26|19:27:47.861] Opened Era store                         datadir=/home/CPerezz/bintrie-benchmarks/mpt-vs-bintrie/dbs/mpt/geth/chaindata/ancient/chain/era
INFO [03-26|19:27:47.863] State scheme set to already existing     scheme=path
INFO [03-26|19:27:47.864] Initialising Ethereum protocol           network=1337 dbversion=9
INFO [03-26|19:27:47.864] Load database journal from file          path=/home/CPerezz/bintrie-benchmarks/mpt-vs-bintrie/dbs/mpt/geth/triedb/merkle.journal
INFO [03-26|19:27:48.186] Opened ancient database                  database=/home/CPerezz/bintrie-benchmarks/mpt-vs-bintrie/dbs/mpt/geth/chaindata/ancient/state readonly=false
INFO [03-26|19:27:48.187] Initialized path database                triecache=0.00B statecache=0.00B buffer=0.00B state-history="last 90000 blocks" journal-dir=/home/CPerezz/bintrie-benchmarks/mpt-vs-bintrie/dbs/mpt/geth/triedb
INFO [03-26|19:27:48.187] 
INFO [03-26|19:27:48.187] ---------------------------------------------------------------------------------------------------------------------------------------------------------
INFO [03-26|19:27:48.187] Chain ID:  1337 (unknown)
INFO [03-26|19:27:48.187] Consensus: unknown
INFO [03-26|19:27:48.187] 
INFO [03-26|19:27:48.187] Pre-Merge hard forks (block based):
INFO [03-26|19:27:48.187]  - Homestead:                   #0       
INFO [03-26|19:27:48.187]  - Tangerine Whistle (EIP 150): #0       
INFO [03-26|19:27:48.187]  - Spurious Dragon/1 (EIP 155): #0       
INFO [03-26|19:27:48.187]  - Spurious Dragon/2 (EIP 158): #0       
INFO [03-26|19:27:48.187]  - Byzantium:                   #0       
INFO [03-26|19:27:48.187]  - Constantinople:              #0       
INFO [03-26|19:27:48.187]  - Petersburg:                  #0       
INFO [03-26|19:27:48.187]  - Istanbul:                    #0       
INFO [03-26|19:27:48.187]  - Muir Glacier:                #0       
INFO [03-26|19:27:48.187]  - Berlin:                      #0       
INFO [03-26|19:27:48.187]  - London:                      #0       
INFO [03-26|19:27:48.187]  - Arrow Glacier:               #0       
INFO [03-26|19:27:48.187]  - Gray Glacier:                #0       
INFO [03-26|19:27:48.187] 
INFO [03-26|19:27:48.187] Merge configured:
INFO [03-26|19:27:48.187]  - Total terminal difficulty:  0
INFO [03-26|19:27:48.187]  - Merge netsplit block:       #0       
INFO [03-26|19:27:48.187] 
INFO [03-26|19:27:48.187] Post-Merge hard forks (timestamp based):
INFO [03-26|19:27:48.187]  - Shanghai:                    @0         
INFO [03-26|19:27:48.187]  - Cancun:                      @0          blob: (target: 3, max: 6, fraction: 3338477)
INFO [03-26|19:27:48.187]  - Prague:                      @0          blob: (target: 6, max: 9, fraction: 5225352)
INFO [03-26|19:27:48.187]  - Osaka:                       @4294967295 blob: (target: 9, max: 12, fraction: 5225352)
INFO [03-26|19:27:48.187] 
INFO [03-26|19:27:48.187] All fork specifications can be found at https://ethereum.github.io/execution-specs/src/ethereum/forks/
INFO [03-26|19:27:48.187] 
INFO [03-26|19:27:48.187] ---------------------------------------------------------------------------------------------------------------------------------------------------------
INFO [03-26|19:27:48.187] 
INFO [03-26|19:27:48.188] Loaded most recent local block           number=64540 hash=7097cf..f3d17f age=6s
INFO [03-26|19:27:48.188] Loaded most recent local finalized block number=64512 hash=f269b6..f2777e age=5m4s
INFO [03-26|19:27:48.189] Initialized transaction indexer          range="last 2350000 blocks"
INFO [03-26|19:27:48.189] Initialized log indexer                  firstblock=0 lastblock=64540 firstmap=0 lastmap=4 headindexed=true
INFO [03-26|19:27:48.215] Enabled full-sync                        head=64540 hash=7097cf..f3d17f
INFO [03-26|19:27:48.215] Unprotected transactions allowed
INFO [03-26|19:27:48.215] Gasprice oracle is ignoring threshold set threshold=2
INFO [03-26|19:27:48.216] Registered sync override service
WARN [03-26|19:27:48.216] You are running Geth in --dev mode. Please note the following:
WARN [03-26|19:27:48.216] 
WARN [03-26|19:27:48.216]   1. This mode is only intended for fast, iterative development without assumptions on
WARN [03-26|19:27:48.216]      security or persistence.
WARN [03-26|19:27:48.216]   2. The database is created in memory unless specified otherwise. Therefore, shutting down
WARN [03-26|19:27:48.216]      your computer or losing power will wipe your entire block data and chain state for
WARN [03-26|19:27:48.216]      your dev environment.
WARN [03-26|19:27:48.216]   3. A random, pre-allocated developer account will be available and unlocked as
WARN [03-26|19:27:48.216]      eth.coinbase, which can be used for testing. The random dev account is temporary,
WARN [03-26|19:27:48.216]      stored on a ramdisk, and will be lost if your machine is restarted.
WARN [03-26|19:27:48.216]   4. Mining is enabled by default. However, the client will only seal blocks if transactions
WARN [03-26|19:27:48.216]      are pending in the mempool. The miner's minimum accepted gas price is 1.
WARN [03-26|19:27:48.216]   5. Networking is disabled; there is no listen-address, the maximum number of peers is set
WARN [03-26|19:27:48.216]      to 0, and discovery is disabled.
WARN [03-26|19:27:48.216] 
INFO [03-26|19:27:48.216] Starting peer-to-peer node               instance=Geth/v1.17.2-unstable-5d0e18f7-20260325/linux-amd64/go1.24.1
WARN [03-26|19:27:48.216] P2P server will be useless, neither dialing nor listening
INFO [03-26|19:27:48.231] IPC endpoint opened                      url=/home/CPerezz/bintrie-benchmarks/mpt-vs-bintrie/dbs/mpt/geth.ipc
ERROR[03-26|19:27:48.231] Unavailable modules in HTTP API list     unavailable=[personal] available="[admin debug web3 eth txpool miner net dev testing]"
INFO [03-26|19:27:48.231] New local node record                    seq=1,774,465,406,117 id=9566f6e861acb2c3 ip=127.0.0.1 udp=0 tcp=0
INFO [03-26|19:27:48.232] Started P2P networking                   self=enode://7bcb27e0859fe4ed7072e298a58918cc0b55d08376b1207f77d84f6d0d34ded7448b64ab16dd00733b489383beff49c04f662afae4dd1dc102807640ff82a1cd@127.0.0.1:0
INFO [03-26|19:27:48.232] HTTP server started                      endpoint=[::]:8545 auth=false prefix= cors= vhosts=localhost
INFO [03-26|19:27:48.232] WebSocket enabled                        url=ws://[::]:8546
INFO [03-26|19:27:48.280] Loaded local transaction journal         transactions=633 dropped=0
INFO [03-26|19:27:49.349] Submitted contract creation              hash=0xca2be58f8edafb78400d4acd38c8ad16d88f6877415936070d448ab9c11f6510 from=0xf39Fd6e51aad88F6F4ce6aB8827279cffFb92266 nonce=496 contract=0xD5bFeBDce5c91413E41cc7B24C8402c59A344f7c value=0
INFO [03-26|19:27:49.351] Submitted transaction                    hash=0xe2d3b217442a238649270573211e60b7e6b178881638ee3b32364252e495c415 from=0xf39Fd6e51aad88F6F4ce6aB8827279cffFb92266 nonce=497 recipient=0x65Fa251513c47F71457e40Cc1ff0A581B051EF90 value=97,600,000,000
INFO [03-26|19:27:50.250] Started log indexer
INFO [03-26|19:27:50.255] Starting work on payload                 id=0x033802eaa37d05d4
INFO [03-26|19:27:50.261] Updated payload                          id=0x033802eaa37d05d4 number=64541 hash=d8f891..fa9e5a txs=2 withdrawals=0 gas=90958 fees=8.8047344e-11 root=40e247..c38ff7 elapsed=5.889ms
INFO [03-26|19:27:50.261] Stopping work on payload                 id=0x033802eaa37d05d4 reason=delivery
WARN [03-26|19:27:50.264] {"level":"warn","msg":"Slow block","block":{"number":64541,"hash":"0xd8f8912d0433bf255074ee56531a50d4736c225df959de8e1d2a81c6f2fa9e5a","gas_used":90958,"tx_count":2},"timing":{"execution_ms":0.072149,"state_read_ms":0.290219,"state_hash_ms":0.337868,"commit_ms":0.445767,"total_ms":1.253573},"throughput":{"mgas_per_sec":72.55899736194063},"state_reads":{"accounts":11,"storage_slots":0,"code":0,"code_bytes":0},"state_writes":{"accounts":3,"accounts_deleted":0,"storage_slots":0,"storage_slots_deleted":0,"code":1,"code_bytes":78},"cache":{"account":{"hits":4,"misses":7,"hit_rate":36.36363636363637},"storage":{"hits":0,"misses":0,"hit_rate":0},"code":{"hits":0,"misses":0,"hit_rate":0,"hit_bytes":0,"miss_bytes":0}}}
INFO [03-26|19:27:50.264] Imported new potential chain segment     number=64541 hash=d8f891..fa9e5a blocks=1 txs=2 mgas=0.091 elapsed=2.035ms mgasps=44.681 triediffs=44.87MiB triedirty=0.00B
INFO [03-26|19:27:50.264] Ready for fork activation                fork=Osaka date="07 Feb 06 07:28 CET" remaining=700116h0m25s timestamp=4,294,967,295
INFO [03-26|19:27:50.265] Chain head was updated                   number=64541 hash=d8f891..fa9e5a root=40e247..c38ff7 elapsed="268.748µs"
INFO [03-26|19:27:50.364] Submitted transaction                    hash=0x653e0d9b1de15881c6a0e00193110887c0c6fc331e56bcf24d38cc99413b8542 from=0x65Fa251513c47F71457e40Cc1ff0A581B051EF90 nonce=0   recipient=0xD5bFeBDce5c91413E41cc7B24C8402c59A344f7c value=0
INFO [03-26|19:28:00.267] Starting work on payload                 id=0x03f461d8eff2ed00
INFO [03-26|19:28:01.172] Updated payload                          id=0x03f461d8eff2ed00 number=64542 hash=a0f63f..001220 txs=1 withdrawals=0 gas=93,739,282 fees=9.073962498e-08 root=3fa0fa..8920fb elapsed=905.271ms
INFO [03-26|19:28:01.172] Stopping work on payload                 id=0x03f461d8eff2ed00 reason=delivery
WARN [03-26|19:28:02.171] {"level":"warn","msg":"Slow block","block":{"number":64542,"hash":"0xa0f63f4fe600edb775191856c833104c3497e42f94d1c5e5d500101b78001220","gas_used":93739282,"tx_count":1},"timing":{"execution_ms":53.302475,"state_read_ms":579.837117,"state_hash_ms":333.771183,"commit_ms":27.916173,"total_ms":994.929308},"throughput":{"mgas_per_sec":94.21702752774874},"state_reads":{"accounts":8,"storage_slots":4094,"code":2,"code_bytes":1422},"state_writes":{"accounts":3,"accounts_deleted":0,"storage_slots":4094,"storage_slots_deleted":0,"code":0,"code_bytes":0},"cache":{"account":{"hits":3,"misses":5,"hit_rate":37.5},"storage":{"hits":525,"misses":3569,"hit_rate":12.823644357596484},"code":{"hits":2,"misses":0,"hit_rate":100,"hit_bytes":1422,"miss_bytes":0}}}
INFO [03-26|19:28:02.171] Imported new potential chain segment     number=64542 hash=a0f63f..001220 blocks=1 txs=1 mgas=93.739 elapsed=997.788ms   mgasps=93.947 triediffs=52.67MiB triedirty=0.00B
INFO [03-26|19:28:02.173] Chain head was updated                   number=64542 hash=a0f63f..001220 root=3fa0fa..8920fb elapsed="70.47µs"
INFO [03-26|19:28:02.452] Submitted transaction                    hash=0x4d1c295a0e8fb586c8730b28ae6ff29a8824d0c50ba05ae5235e53d47705b149 from=0x65Fa251513c47F71457e40Cc1ff0A581B051EF90 nonce=1   recipient=0xf39Fd6e51aad88F6F4ce6aB8827279cffFb92266 value=6,100,065,768
INFO [03-26|19:28:12.175] Starting work on payload                 id=0x036fb7fcd52beae3
INFO [03-26|19:28:12.176] Updated payload                          id=0x036fb7fcd52beae3 number=64543 hash=2bcbfb..6a31ca txs=1 withdrawals=0 gas=21000      fees=1.0101e-11      root=6928e8..a2b9b8 elapsed="774.466µs"
INFO [03-26|19:28:12.176] Stopping work on payload                 id=0x036fb7fcd52beae3 reason=delivery
WARN [03-26|19:28:12.177] {"level":"warn","msg":"Slow block","block":{"number":64543,"hash":"0x2bcbfb78af569bf0eb69eca63acb8905005166d0e0d11072abd18fbcb16a31ca","gas_used":21000,"tx_count":1},"timing":{"execution_ms":0.04267,"state_read_ms":0.224029,"state_hash_ms":0.128679,"commit_ms":0.500167,"total_ms":0.944785},"throughput":{"mgas_per_sec":22.227279222256914},"state_reads":{"accounts":6,"storage_slots":0,"code":0,"code_bytes":0},"state_writes":{"accounts":2,"accounts_deleted":0,"storage_slots":0,"storage_slots_deleted":0,"code":0,"code_bytes":0},"cache":{"account":{"hits":2,"misses":4,"hit_rate":33.33333333333333},"storage":{"hits":0,"misses":0,"hit_rate":0},"code":{"hits":0,"misses":0,"hit_rate":0,"hit_bytes":0,"miss_bytes":0}}}
INFO [03-26|19:28:12.178] Imported new potential chain segment     number=64543 hash=2bcbfb..6a31ca blocks=1 txs=1 mgas=0.021  elapsed=1.113ms     mgasps=18.864 triediffs=52.66MiB triedirty=0.00B
INFO [03-26|19:28:12.178] Chain head was updated                   number=64543 hash=2bcbfb..6a31ca root=6928e8..a2b9b8 elapsed="68.38µs"
