INFO [03-26|19:56:01.944] Starting Geth on Ethereum mainnet...
INFO [03-26|19:56:01.945] Maximum peer count                       ETH=0 total=0
INFO [03-26|19:56:01.946] Smartcard socket not found, disabling    err="stat /run/pcscd/pcscd.comm: no such file or directory"
WARN [03-26|19:56:01.947] Option --miner.etherbase is deprecated as the etherbase is set by the consensus client post-merge
WARN [03-26|19:56:01.948] Snap sync requested, resetting --cache.snapshot
INFO [03-26|19:56:01.948] Global gas cap disabled
INFO [03-26|19:56:02.604] Using developer account                  address=0xf39Fd6e51aad88F6F4ce6aB8827279cffFb92266
INFO [03-26|19:56:02.771] Using pebble as the backing database
INFO [03-26|19:56:02.771] Allocated cache and file handles         database=/home/CPerezz/bintrie-benchmarks/mpt-vs-bintrie/dbs/mpt/geth/chaindata cache=16.00MiB handles=524,288
INFO [03-26|19:56:03.942] Opened ancient database                  database=/home/CPerezz/bintrie-benchmarks/mpt-vs-bintrie/dbs/mpt/geth/chaindata/ancient/chain readonly=true
INFO [03-26|19:56:03.942] Opened Era store                         datadir=/home/CPerezz/bintrie-benchmarks/mpt-vs-bintrie/dbs/mpt/geth/chaindata/ancient/chain/era
INFO [03-26|19:56:03.948] Initializing the KZG library             backend=gokzg
INFO [03-26|19:56:03.949] Allocated trie memory caches             clean=0.00B dirty=0.00B
INFO [03-26|19:56:04.026] Using pebble as the backing database
INFO [03-26|19:56:04.026] Allocated cache and file handles         database=/home/CPerezz/bintrie-benchmarks/mpt-vs-bintrie/dbs/mpt/geth/chaindata cache=16.00MiB handles=524,288
INFO [03-26|19:56:05.310] Opened ancient database                  database=/home/CPerezz/bintrie-benchmarks/mpt-vs-bintrie/dbs/mpt/geth/chaindata/ancient/chain readonly=false
INFO [03-26|19:56:05.311] Opened Era store                         datadir=/home/CPerezz/bintrie-benchmarks/mpt-vs-bintrie/dbs/mpt/geth/chaindata/ancient/chain/era
INFO [03-26|19:56:05.312] State scheme set to already existing     scheme=path
INFO [03-26|19:56:05.313] Initialising Ethereum protocol           network=1337 dbversion=9
INFO [03-26|19:56:05.313] Load database journal from file          path=/home/CPerezz/bintrie-benchmarks/mpt-vs-bintrie/dbs/mpt/geth/triedb/merkle.journal
INFO [03-26|19:56:07.201] Opened ancient database                  database=/home/CPerezz/bintrie-benchmarks/mpt-vs-bintrie/dbs/mpt/geth/chaindata/ancient/state readonly=false
INFO [03-26|19:56:07.201] Initialized path database                triecache=0.00B statecache=0.00B buffer=0.00B state-history="last 90000 blocks" journal-dir=/home/CPerezz/bintrie-benchmarks/mpt-vs-bintrie/dbs/mpt/geth/triedb
INFO [03-26|19:56:07.202] 
INFO [03-26|19:56:07.202] ---------------------------------------------------------------------------------------------------------------------------------------------------------
INFO [03-26|19:56:07.202] Chain ID:  1337 (unknown)
INFO [03-26|19:56:07.202] Consensus: unknown
INFO [03-26|19:56:07.202] 
INFO [03-26|19:56:07.202] Pre-Merge hard forks (block based):
INFO [03-26|19:56:07.202]  - Homestead:                   #0       
INFO [03-26|19:56:07.202]  - Tangerine Whistle (EIP 150): #0       
INFO [03-26|19:56:07.202]  - Spurious Dragon/1 (EIP 155): #0       
INFO [03-26|19:56:07.202]  - Spurious Dragon/2 (EIP 158): #0       
INFO [03-26|19:56:07.202]  - Byzantium:                   #0       
INFO [03-26|19:56:07.202]  - Constantinople:              #0       
INFO [03-26|19:56:07.202]  - Petersburg:                  #0       
INFO [03-26|19:56:07.202]  - Istanbul:                    #0       
INFO [03-26|19:56:07.202]  - Muir Glacier:                #0       
INFO [03-26|19:56:07.202]  - Berlin:                      #0       
INFO [03-26|19:56:07.202]  - London:                      #0       
INFO [03-26|19:56:07.202]  - Arrow Glacier:               #0       
INFO [03-26|19:56:07.202]  - Gray Glacier:                #0       
INFO [03-26|19:56:07.202] 
INFO [03-26|19:56:07.202] Merge configured:
INFO [03-26|19:56:07.202]  - Total terminal difficulty:  0
INFO [03-26|19:56:07.202]  - Merge netsplit block:       #0       
INFO [03-26|19:56:07.202] 
INFO [03-26|19:56:07.202] Post-Merge hard forks (timestamp based):
INFO [03-26|19:56:07.202]  - Shanghai:                    @0         
INFO [03-26|19:56:07.202]  - Cancun:                      @0          blob: (target: 3, max: 6, fraction: 3338477)
INFO [03-26|19:56:07.202]  - Prague:                      @0          blob: (target: 6, max: 9, fraction: 5225352)
INFO [03-26|19:56:07.202]  - Osaka:                       @4294967295 blob: (target: 9, max: 12, fraction: 5225352)
INFO [03-26|19:56:07.202] 
INFO [03-26|19:56:07.202] All fork specifications can be found at https://ethereum.github.io/execution-specs/src/ethereum/forks/
INFO [03-26|19:56:07.202] 
INFO [03-26|19:56:07.202] ---------------------------------------------------------------------------------------------------------------------------------------------------------
INFO [03-26|19:56:07.202] 
INFO [03-26|19:56:07.202] Loaded most recent local block           number=64697 hash=0bb2d5..911e8f age=10s
INFO [03-26|19:56:07.202] Loaded most recent local finalized block number=64672 hash=98967e..d2d907 age=4m53s
INFO [03-26|19:56:07.203] Initialized transaction indexer          range="last 2350000 blocks"
INFO [03-26|19:56:07.203] Initialized log indexer                  firstblock=0 lastblock=64697 firstmap=0 lastmap=4 headindexed=true
INFO [03-26|19:56:07.204] Enabled full-sync                        head=64697 hash=0bb2d5..911e8f
INFO [03-26|19:56:07.204] Unprotected transactions allowed
INFO [03-26|19:56:07.204] Gasprice oracle is ignoring threshold set threshold=2
INFO [03-26|19:56:07.204] Registered sync override service
WARN [03-26|19:56:07.204] You are running Geth in --dev mode. Please note the following:
WARN [03-26|19:56:07.204] 
WARN [03-26|19:56:07.204]   1. This mode is only intended for fast, iterative development without assumptions on
WARN [03-26|19:56:07.204]      security or persistence.
WARN [03-26|19:56:07.204]   2. The database is created in memory unless specified otherwise. Therefore, shutting down
WARN [03-26|19:56:07.204]      your computer or losing power will wipe your entire block data and chain state for
WARN [03-26|19:56:07.204]      your dev environment.
WARN [03-26|19:56:07.204]   3. A random, pre-allocated developer account will be available and unlocked as
WARN [03-26|19:56:07.204]      eth.coinbase, which can be used for testing. The random dev account is temporary,
WARN [03-26|19:56:07.204]      stored on a ramdisk, and will be lost if your machine is restarted.
WARN [03-26|19:56:07.204]   4. Mining is enabled by default. However, the client will only seal blocks if transactions
WARN [03-26|19:56:07.204]      are pending in the mempool. The miner's minimum accepted gas price is 1.
WARN [03-26|19:56:07.204]   5. Networking is disabled; there is no listen-address, the maximum number of peers is set
WARN [03-26|19:56:07.204]      to 0, and discovery is disabled.
WARN [03-26|19:56:07.204] 
INFO [03-26|19:56:07.204] Starting peer-to-peer node               instance=Geth/v1.17.2-unstable-5d0e18f7-20260325/linux-amd64/go1.24.1
WARN [03-26|19:56:07.204] P2P server will be useless, neither dialing nor listening
INFO [03-26|19:56:07.207] IPC endpoint opened                      url=/home/CPerezz/bintrie-benchmarks/mpt-vs-bintrie/dbs/mpt/geth.ipc
ERROR[03-26|19:56:07.207] Unavailable modules in HTTP API list     unavailable=[personal] available="[admin debug web3 eth txpool miner net dev testing]"
INFO [03-26|19:56:07.208] HTTP server started                      endpoint=[::]:8545 auth=false prefix= cors= vhosts=localhost
INFO [03-26|19:56:07.208] WebSocket enabled                        url=ws://[::]:8546
INFO [03-26|19:56:07.209] New local node record                    seq=1,774,465,406,168 id=9566f6e861acb2c3 ip=127.0.0.1 udp=0 tcp=0
INFO [03-26|19:56:07.209] Started P2P networking                   self=enode://7bcb27e0859fe4ed7072e298a58918cc0b55d08376b1207f77d84f6d0d34ded7448b64ab16dd00733b489383beff49c04f662afae4dd1dc102807640ff82a1cd@127.0.0.1:0
INFO [03-26|19:56:07.247] Loaded local transaction journal         transactions=837 dropped=0
INFO [03-26|19:56:08.898] Submitted contract creation              hash=0x3898159506a68948eb6d1f8e7a8ec7dd906db7b14963b18a5782d2bc20846dd9 from=0xf39Fd6e51aad88F6F4ce6aB8827279cffFb92266 nonce=598 contract=0xCdb63c58b907e76872474A0597C5252eDC97c883 value=0
INFO [03-26|19:56:08.900] Submitted transaction                    hash=0x5ceebe0345cd7d83608bef143db4a8d5fdf74fa596c4b39063034fe849a1c079 from=0xf39Fd6e51aad88F6F4ce6aB8827279cffFb92266 nonce=599 recipient=0x0D6662f92887f6f0429250Cf8d6B0886260dC1a2 value=7,400,500,000,000
INFO [03-26|19:56:09.169] Started log indexer
INFO [03-26|19:56:09.175] Starting work on payload                 id=0x03d02cf034ac3802
INFO [03-26|19:56:09.183] Updated payload                          id=0x03d02cf034ac3802 number=64698 hash=6e1bca..15a9f1 txs=2 withdrawals=0 gas=90958 fees=6.730619126e-09 root=c3d61e..12ac16 elapsed=7.939ms
INFO [03-26|19:56:09.183] Stopping work on payload                 id=0x03d02cf034ac3802 reason=delivery
WARN [03-26|19:56:09.197] {"level":"warn","msg":"Slow block","block":{"number":64698,"hash":"0x6e1bca3db731732d6ae4398dd2173f988cefad56d1cd06a35a5773a0c415a9f1","gas_used":90958,"tx_count":2},"timing":{"execution_ms":0.098477,"state_read_ms":0.105002,"state_hash_ms":0.446477,"commit_ms":13.036598,"total_ms":13.749605},"throughput":{"mgas_per_sec":6.615317312751894},"state_reads":{"accounts":11,"storage_slots":0,"code":0,"code_bytes":0},"state_writes":{"accounts":3,"accounts_deleted":0,"storage_slots":0,"storage_slots_deleted":0,"code":1,"code_bytes":78},"cache":{"account":{"hits":4,"misses":7,"hit_rate":36.36363636363637},"storage":{"hits":0,"misses":0,"hit_rate":0},"code":{"hits":0,"misses":0,"hit_rate":0,"hit_bytes":0,"miss_bytes":0}}}
INFO [03-26|19:56:09.197] Imported new potential chain segment     number=64698 hash=6e1bca..15a9f1 blocks=1 txs=2 mgas=0.091 elapsed=14.016ms mgasps=6.489 triediffs=306.47MiB triedirty=0.00B
INFO [03-26|19:56:09.197] Ready for fork activation                fork=Osaka date="07 Feb 06 07:28 CET" remaining=700115h32m6s timestamp=4,294,967,295
INFO [03-26|19:56:09.198] Chain head was updated                   number=64698 hash=6e1bca..15a9f1 root=c3d61e..12ac16 elapsed="304.858µs"
INFO [03-26|19:56:09.914] Submitted transaction                    hash=0xb4a8d3be160c36dbdfce3686d8211fc58e04b926552ac7a720b4e76816bfd946 from=0x0D6662f92887f6f0429250Cf8d6B0886260dC1a2 nonce=0   recipient=0xCdb63c58b907e76872474A0597C5252eDC97c883 value=0
INFO [03-26|19:56:19.205] Starting work on payload                 id=0x036569ad4fdce826
INFO [03-26|19:56:20.043] Updated payload                          id=0x036569ad4fdce826 number=64699 hash=e49d76..12c54e txs=1 withdrawals=0 gas=93,739,282 fees=6.93642565e-06  root=8c9818..c1a237 elapsed=838.079ms
INFO [03-26|19:56:20.043] Stopping work on payload                 id=0x036569ad4fdce826 reason=delivery
WARN [03-26|19:56:20.934] {"level":"warn","msg":"Slow block","block":{"number":64699,"hash":"0xe49d7646090f24d8b88f6973cff4a7edcc994ba2f4a1bd891a75a4ddcf12c54e","gas_used":93739282,"tx_count":1},"timing":{"execution_ms":43.866535,"state_read_ms":537.154084,"state_hash_ms":280.279458,"commit_ms":27.703345,"total_ms":889.325611},"throughput":{"mgas_per_sec":105.40490551553451},"state_reads":{"accounts":8,"storage_slots":4094,"code":2,"code_bytes":1422},"state_writes":{"accounts":3,"accounts_deleted":0,"storage_slots":4094,"storage_slots_deleted":0,"code":0,"code_bytes":0},"cache":{"account":{"hits":3,"misses":5,"hit_rate":37.5},"storage":{"hits":434,"misses":3660,"hit_rate":10.600879335613092},"code":{"hits":2,"misses":0,"hit_rate":100,"hit_bytes":1422,"miss_bytes":0}}}
INFO [03-26|19:56:20.934] Imported new potential chain segment     number=64699 hash=e49d76..12c54e blocks=1 txs=1 mgas=93.739 elapsed=890.307ms   mgasps=105.289 triediffs=314.26MiB triedirty=0.00B
INFO [03-26|19:56:20.936] Chain head was updated                   number=64699 hash=e49d76..12c54e root=8c9818..c1a237 elapsed="89.44µs"
INFO [03-26|19:56:20.978] Submitted transaction                    hash=0xd531e942da0390fc1ecf92605d0e71c7e195d283284a990b51ddad95cf52d7b5 from=0x0D6662f92887f6f0429250Cf8d6B0886260dC1a2 nonce=1   recipient=0xf39Fd6e51aad88F6F4ce6aB8827279cffFb92266 value=462,547,246,590
INFO [03-26|19:56:30.939] Starting work on payload                 id=0x038e2572e2f1007f
INFO [03-26|19:56:30.941] Updated payload                          id=0x038e2572e2f1007f number=64700 hash=71534c..a87d16 txs=1 withdrawals=0 gas=21000      fees=7.76916e-10     root=8eec49..5eed74 elapsed=1.773ms
INFO [03-26|19:56:30.941] Stopping work on payload                 id=0x038e2572e2f1007f reason=delivery
WARN [03-26|19:56:30.944] {"level":"warn","msg":"Slow block","block":{"number":64700,"hash":"0x71534c4150a9807a69be5ed97244116a35c78cced8a623f35e519e2709a87d16","gas_used":21000,"tx_count":1},"timing":{"execution_ms":0.052991,"state_read_ms":0.438787,"state_hash_ms":0.14981,"commit_ms":0.536506,"total_ms":1.242445},"throughput":{"mgas_per_sec":16.902156634700127},"state_reads":{"accounts":6,"storage_slots":0,"code":0,"code_bytes":0},"state_writes":{"accounts":2,"accounts_deleted":0,"storage_slots":0,"storage_slots_deleted":0,"code":0,"code_bytes":0},"cache":{"account":{"hits":2,"misses":4,"hit_rate":33.33333333333333},"storage":{"hits":0,"misses":0,"hit_rate":0},"code":{"hits":0,"misses":0,"hit_rate":0,"hit_bytes":0,"miss_bytes":0}}}
INFO [03-26|19:56:30.944] Imported new potential chain segment     number=64700 hash=71534c..a87d16 blocks=1 txs=1 mgas=0.021  elapsed=2.757ms     mgasps=7.616   triediffs=314.26MiB triedirty=0.00B
INFO [03-26|19:56:30.944] Chain head was updated                   number=64700 hash=71534c..a87d16 root=8eec49..5eed74 elapsed="82.65µs"
