INFO [03-26|17:51:08.636] Starting Geth on Ethereum mainnet...
INFO [03-26|17:51:08.637] Maximum peer count                       ETH=0 total=0
INFO [03-26|17:51:08.638] Smartcard socket not found, disabling    err="stat /run/pcscd/pcscd.comm: no such file or directory"
WARN [03-26|17:51:08.640] Option --miner.etherbase is deprecated as the etherbase is set by the consensus client post-merge
WARN [03-26|17:51:08.641] Snap sync requested, resetting --cache.snapshot
INFO [03-26|17:51:08.641] Global gas cap disabled
INFO [03-26|17:51:09.287] Using developer account                  address=0xf39Fd6e51aad88F6F4ce6aB8827279cffFb92266
INFO [03-26|17:51:09.526] Using pebble as the backing database
INFO [03-26|17:51:09.526] Allocated cache and file handles         database=/home/CPerezz/bintrie-benchmarks/mpt-vs-bintrie/dbs/mpt/geth/chaindata cache=16.00MiB handles=524,288
INFO [03-26|17:51:11.754] Opened ancient database                  database=/home/CPerezz/bintrie-benchmarks/mpt-vs-bintrie/dbs/mpt/geth/chaindata/ancient/chain readonly=true
INFO [03-26|17:51:11.754] Opened Era store                         datadir=/home/CPerezz/bintrie-benchmarks/mpt-vs-bintrie/dbs/mpt/geth/chaindata/ancient/chain/era
INFO [03-26|17:51:11.763] Initializing the KZG library             backend=gokzg
INFO [03-26|17:51:11.766] Allocated trie memory caches             clean=0.00B dirty=0.00B
INFO [03-26|17:51:11.871] Using pebble as the backing database
INFO [03-26|17:51:11.871] Allocated cache and file handles         database=/home/CPerezz/bintrie-benchmarks/mpt-vs-bintrie/dbs/mpt/geth/chaindata cache=16.00MiB handles=524,288
INFO [03-26|17:51:13.168] Opened ancient database                  database=/home/CPerezz/bintrie-benchmarks/mpt-vs-bintrie/dbs/mpt/geth/chaindata/ancient/chain readonly=false
INFO [03-26|17:51:13.168] Opened Era store                         datadir=/home/CPerezz/bintrie-benchmarks/mpt-vs-bintrie/dbs/mpt/geth/chaindata/ancient/chain/era
INFO [03-26|17:51:13.170] State scheme set to already existing     scheme=path
INFO [03-26|17:51:13.172] Initialising Ethereum protocol           network=1337 dbversion=9
INFO [03-26|17:51:13.172] Load database journal from file          path=/home/CPerezz/bintrie-benchmarks/mpt-vs-bintrie/dbs/mpt/geth/triedb/merkle.journal
INFO [03-26|17:51:14.378] Opened ancient database                  database=/home/CPerezz/bintrie-benchmarks/mpt-vs-bintrie/dbs/mpt/geth/chaindata/ancient/state readonly=false
INFO [03-26|17:51:14.379] Initialized path database                triecache=0.00B statecache=0.00B buffer=0.00B state-history="last 90000 blocks" journal-dir=/home/CPerezz/bintrie-benchmarks/mpt-vs-bintrie/dbs/mpt/geth/triedb
INFO [03-26|17:51:14.379] 
INFO [03-26|17:51:14.379] ---------------------------------------------------------------------------------------------------------------------------------------------------------
INFO [03-26|17:51:14.379] Chain ID:  1337 (unknown)
INFO [03-26|17:51:14.379] Consensus: unknown
INFO [03-26|17:51:14.379] 
INFO [03-26|17:51:14.379] Pre-Merge hard forks (block based):
INFO [03-26|17:51:14.379]  - Homestead:                   #0       
INFO [03-26|17:51:14.379]  - Tangerine Whistle (EIP 150): #0       
INFO [03-26|17:51:14.379]  - Spurious Dragon/1 (EIP 155): #0       
INFO [03-26|17:51:14.379]  - Spurious Dragon/2 (EIP 158): #0       
INFO [03-26|17:51:14.379]  - Byzantium:                   #0       
INFO [03-26|17:51:14.379]  - Constantinople:              #0       
INFO [03-26|17:51:14.379]  - Petersburg:                  #0       
INFO [03-26|17:51:14.379]  - Istanbul:                    #0       
INFO [03-26|17:51:14.379]  - Muir Glacier:                #0       
INFO [03-26|17:51:14.379]  - Berlin:                      #0       
INFO [03-26|17:51:14.379]  - London:                      #0       
INFO [03-26|17:51:14.379]  - Arrow Glacier:               #0       
INFO [03-26|17:51:14.379]  - Gray Glacier:                #0       
INFO [03-26|17:51:14.379] 
INFO [03-26|17:51:14.379] Merge configured:
INFO [03-26|17:51:14.379]  - Total terminal difficulty:  0
INFO [03-26|17:51:14.379]  - Merge netsplit block:       #0       
INFO [03-26|17:51:14.379] 
INFO [03-26|17:51:14.379] Post-Merge hard forks (timestamp based):
INFO [03-26|17:51:14.379]  - Shanghai:                    @0         
INFO [03-26|17:51:14.379]  - Cancun:                      @0          blob: (target: 3, max: 6, fraction: 3338477)
INFO [03-26|17:51:14.379]  - Prague:                      @0          blob: (target: 6, max: 9, fraction: 5225352)
INFO [03-26|17:51:14.379]  - Osaka:                       @4294967295 blob: (target: 9, max: 12, fraction: 5225352)
INFO [03-26|17:51:14.379] 
INFO [03-26|17:51:14.379] All fork specifications can be found at https://ethereum.github.io/execution-specs/src/ethereum/forks/
INFO [03-26|17:51:14.379] 
INFO [03-26|17:51:14.379] ---------------------------------------------------------------------------------------------------------------------------------------------------------
INFO [03-26|17:51:14.379] 
INFO [03-26|17:51:14.380] Loaded most recent local block           number=64086 hash=8c056b..4f3296 age=24s
INFO [03-26|17:51:14.380] Loaded most recent local finalized block number=64064 hash=a4f6df..2e07cb age=6m3s
INFO [03-26|17:51:14.381] Initialized transaction indexer          range="last 2350000 blocks"
INFO [03-26|17:51:14.381] Initialized log indexer                  firstblock=0 lastblock=64086 firstmap=0 lastmap=4 headindexed=true
INFO [03-26|17:51:14.386] Enabled full-sync                        head=64086 hash=8c056b..4f3296
INFO [03-26|17:51:14.387] Unprotected transactions allowed
INFO [03-26|17:51:14.387] Gasprice oracle is ignoring threshold set threshold=2
INFO [03-26|17:51:14.387] Registered sync override service
WARN [03-26|17:51:14.387] You are running Geth in --dev mode. Please note the following:
WARN [03-26|17:51:14.387] 
WARN [03-26|17:51:14.387]   1. This mode is only intended for fast, iterative development without assumptions on
WARN [03-26|17:51:14.387]      security or persistence.
WARN [03-26|17:51:14.387]   2. The database is created in memory unless specified otherwise. Therefore, shutting down
WARN [03-26|17:51:14.387]      your computer or losing power will wipe your entire block data and chain state for
WARN [03-26|17:51:14.387]      your dev environment.
WARN [03-26|17:51:14.387]   3. A random, pre-allocated developer account will be available and unlocked as
WARN [03-26|17:51:14.387]      eth.coinbase, which can be used for testing. The random dev account is temporary,
WARN [03-26|17:51:14.387]      stored on a ramdisk, and will be lost if your machine is restarted.
WARN [03-26|17:51:14.387]   4. Mining is enabled by default. However, the client will only seal blocks if transactions
WARN [03-26|17:51:14.387]      are pending in the mempool. The miner's minimum accepted gas price is 1.
WARN [03-26|17:51:14.387]   5. Networking is disabled; there is no listen-address, the maximum number of peers is set
WARN [03-26|17:51:14.387]      to 0, and discovery is disabled.
WARN [03-26|17:51:14.387] 
INFO [03-26|17:51:14.387] Starting peer-to-peer node               instance=Geth/v1.17.2-unstable-5d0e18f7-20260325/linux-amd64/go1.24.1
WARN [03-26|17:51:14.387] P2P server will be useless, neither dialing nor listening
INFO [03-26|17:51:14.392] IPC endpoint opened                      url=/home/CPerezz/bintrie-benchmarks/mpt-vs-bintrie/dbs/mpt/geth.ipc
ERROR[03-26|17:51:14.392] Unavailable modules in HTTP API list     unavailable=[personal] available="[admin debug web3 eth txpool miner net dev testing]"
INFO [03-26|17:51:14.392] HTTP server started                      endpoint=[::]:8545 auth=false prefix= cors= vhosts=localhost
INFO [03-26|17:51:14.392] WebSocket enabled                        url=ws://[::]:8546
INFO [03-26|17:51:14.393] New local node record                    seq=1,774,465,405,944 id=9566f6e861acb2c3 ip=127.0.0.1 udp=0 tcp=0
INFO [03-26|17:51:14.393] Started P2P networking                   self=enode://7bcb27e0859fe4ed7072e298a58918cc0b55d08376b1207f77d84f6d0d34ded7448b64ab16dd00733b489383beff49c04f662afae4dd1dc102807640ff82a1cd@127.0.0.1:0
INFO [03-26|17:51:14.398] Loaded local transaction journal         transactions=108 dropped=0
INFO [03-26|17:51:15.688] Started log indexer
INFO [03-26|17:51:15.698] Starting work on payload                 id=0x0364e5e0da188b5a
INFO [03-26|17:51:15.698] Updated payload                          id=0x0364e5e0da188b5a number=64087 hash=f50c49..eb2b68 txs=0 withdrawals=0 gas=0 fees=0 root=48e26d..2df058 elapsed="467.128µs"
INFO [03-26|17:51:15.698] Stopping work on payload                 id=0x0364e5e0da188b5a reason=delivery
WARN [03-26|17:51:15.701] {"level":"warn","msg":"Slow block","block":{"number":64087,"hash":"0xf50c49a2946c53470e0c7555f44105848c22de6f0ae25f85de3fab1183eb2b68","gas_used":0,"tx_count":0},"timing":{"execution_ms":0.00962,"state_read_ms":0.05022,"state_hash_ms":0.00918,"commit_ms":0.06591,"total_ms":0.17104},"throughput":{"mgas_per_sec":0},"state_reads":{"accounts":4,"storage_slots":0,"code":0,"code_bytes":0},"state_writes":{"accounts":0,"accounts_deleted":0,"storage_slots":0,"storage_slots_deleted":0,"code":0,"code_bytes":0},"cache":{"account":{"hits":0,"misses":4,"hit_rate":0},"storage":{"hits":0,"misses":0,"hit_rate":0},"code":{"hits":0,"misses":0,"hit_rate":0,"hit_bytes":0,"miss_bytes":0}}}
INFO [03-26|17:51:15.701] Imported new potential chain segment     number=64087 hash=f50c49..eb2b68 blocks=1 txs=0 mgas=0.000 elapsed=2.817ms     mgasps=0.000 triediffs=200.74MiB triedirty=0.00B
INFO [03-26|17:51:15.701] Ready for fork activation                fork=Osaka date="07 Feb 06 07:28 CET" remaining=700117h36m59s timestamp=4,294,967,295
INFO [03-26|17:51:15.701] Chain head was updated                   number=64087 hash=f50c49..eb2b68 root=48e26d..2df058 elapsed="21.999µs"
INFO [03-26|17:51:15.914] Submitted contract creation              hash=0x5d975253932d24ffb1099da27c145b76ace75e07a424265286f7c2e8c2dcd474 from=0xf39Fd6e51aad88F6F4ce6aB8827279cffFb92266 nonce=150 contract=0xFD6F7A6a5c21A3f503EBaE7a473639974379c351 value=0
INFO [03-26|17:51:15.916] Submitted transaction                    hash=0x3457de1817ee4cad69638c7ed179d61a01c4cfba57a4c94aa8f8b5c82691cd11 from=0xf39Fd6e51aad88F6F4ce6aB8827279cffFb92266 nonce=151 recipient=0x9CADeee6778eeC03831754100551C69F6D78bA31 value=1,600,000,000
INFO [03-26|17:51:25.703] Starting work on payload                 id=0x03fe9c883f99c79b
INFO [03-26|17:51:25.711] Updated payload                          id=0x03fe9c883f99c79b number=64088 hash=070e3f..64c3c6 txs=2 withdrawals=0 gas=89662 fees=7.17296e-13 root=3a2785..b3bf9a elapsed=7.483ms
INFO [03-26|17:51:25.711] Stopping work on payload                 id=0x03fe9c883f99c79b reason=delivery
WARN [03-26|17:51:25.718] {"level":"warn","msg":"Slow block","block":{"number":64088,"hash":"0x070e3f69e1bdf9cd62ff2b409631a3e4fbe42fdcf59dcd04f96315134a64c3c6","gas_used":89662,"tx_count":2},"timing":{"execution_ms":0.140629,"state_read_ms":0.07469,"state_hash_ms":1.119144,"commit_ms":5.001872,"total_ms":6.373386},"throughput":{"mgas_per_sec":14.068189185465936},"state_reads":{"accounts":11,"storage_slots":0,"code":0,"code_bytes":0},"state_writes":{"accounts":3,"accounts_deleted":0,"storage_slots":0,"storage_slots_deleted":0,"code":1,"code_bytes":72},"cache":{"account":{"hits":4,"misses":7,"hit_rate":36.36363636363637},"storage":{"hits":0,"misses":0,"hit_rate":0},"code":{"hits":0,"misses":0,"hit_rate":0,"hit_bytes":0,"miss_bytes":0}}}
INFO [03-26|17:51:25.718] Imported new potential chain segment     number=64088 hash=070e3f..64c3c6 blocks=1 txs=2 mgas=0.090 elapsed=6.491ms     mgasps=13.813 triediffs=196.54MiB triedirty=0.00B
INFO [03-26|17:51:25.718] Chain head was updated                   number=64088 hash=070e3f..64c3c6 root=3a2785..b3bf9a elapsed="94.679µs"
INFO [03-26|17:51:25.999] Submitted transaction                    hash=0xcf40c8c9c7f99988536abe1270d0da1e9fad6b428ec1b425242e14c953b97367 from=0x9CADeee6778eeC03831754100551C69F6D78bA31 nonce=0   recipient=0xFD6F7A6a5c21A3f503EBaE7a473639974379c351 value=0
INFO [03-26|17:51:35.722] Starting work on payload                 id=0x03135368a0d93985
WARN [03-26|17:51:42.897] Block building is interrupted            allowance=2s
INFO [03-26|17:51:42.898] Updated payload                          id=0x03135368a0d93985 number=64089 hash=f8db99..faf03c txs=1 withdrawals=0 gas=100,000,000 fees=8e-10       root=4ed668..73a4d3 elapsed=7.176s
WARN [03-26|17:51:47.984] Block building is interrupted            allowance=2s
INFO [03-26|17:51:47.984] Stopping work on payload                 id=0x03135368a0d93985 reason=delivery
WARN [03-26|17:51:48.014] {"level":"warn","msg":"Slow block","block":{"number":64089,"hash":"0xf8db9961e6c41b711bd7fa77dfbe8b1ce6b77f2928994ab82eccfb78e7faf03c","gas_used":100000000,"tx_count":1},"timing":{"execution_ms":294.809738,"state_read_ms":4788.73294,"state_hash_ms":0.09357,"commit_ms":29.750383,"total_ms":5113.50022},"throughput":{"mgas_per_sec":19.556076209575288},"state_reads":{"accounts":8,"storage_slots":36742,"code":2,"code_bytes":1416},"state_writes":{"accounts":2,"accounts_deleted":0,"storage_slots":0,"storage_slots_deleted":0,"code":0,"code_bytes":0},"cache":{"account":{"hits":3,"misses":5,"hit_rate":37.5},"storage":{"hits":2225,"misses":34517,"hit_rate":6.055740025039465},"code":{"hits":2,"misses":0,"hit_rate":100,"hit_bytes":1416,"miss_bytes":0}}}
INFO [03-26|17:51:48.014] Imported new potential chain segment     number=64089 hash=f8db99..faf03c blocks=1 txs=1 mgas=100.000 elapsed=5.114s      mgasps=19.552 triediffs=193.62MiB triedirty=0.00B
INFO [03-26|17:51:48.014] Chain head was updated                   number=64089 hash=f8db99..faf03c root=4ed668..73a4d3 elapsed="41.33µs"
