INFO [03-26|19:49:48.734] Starting Geth on Ethereum mainnet...
INFO [03-26|19:49:48.735] Maximum peer count                       ETH=0 total=0
INFO [03-26|19:49:48.736] Smartcard socket not found, disabling    err="stat /run/pcscd/pcscd.comm: no such file or directory"
WARN [03-26|19:49:48.737] Option --miner.etherbase is deprecated as the etherbase is set by the consensus client post-merge
WARN [03-26|19:49:48.739] Snap sync requested, resetting --cache.snapshot
INFO [03-26|19:49:48.740] Global gas cap disabled
INFO [03-26|19:49:49.383] Using developer account                  address=0xf39Fd6e51aad88F6F4ce6aB8827279cffFb92266
INFO [03-26|19:49:49.550] Using pebble as the backing database
INFO [03-26|19:49:49.550] Allocated cache and file handles         database=/home/CPerezz/bintrie-benchmarks/mpt-vs-bintrie/dbs/mpt/geth/chaindata cache=16.00MiB handles=524,288
INFO [03-26|19:49:50.671] Opened ancient database                  database=/home/CPerezz/bintrie-benchmarks/mpt-vs-bintrie/dbs/mpt/geth/chaindata/ancient/chain readonly=true
INFO [03-26|19:49:50.671] Opened Era store                         datadir=/home/CPerezz/bintrie-benchmarks/mpt-vs-bintrie/dbs/mpt/geth/chaindata/ancient/chain/era
INFO [03-26|19:49:50.681] Initializing the KZG library             backend=gokzg
INFO [03-26|19:49:50.684] Allocated trie memory caches             clean=0.00B dirty=0.00B
INFO [03-26|19:49:50.782] Using pebble as the backing database
INFO [03-26|19:49:50.782] Allocated cache and file handles         database=/home/CPerezz/bintrie-benchmarks/mpt-vs-bintrie/dbs/mpt/geth/chaindata cache=16.00MiB handles=524,288
INFO [03-26|19:49:52.126] Opened ancient database                  database=/home/CPerezz/bintrie-benchmarks/mpt-vs-bintrie/dbs/mpt/geth/chaindata/ancient/chain readonly=false
INFO [03-26|19:49:52.126] Opened Era store                         datadir=/home/CPerezz/bintrie-benchmarks/mpt-vs-bintrie/dbs/mpt/geth/chaindata/ancient/chain/era
INFO [03-26|19:49:52.127] State scheme set to already existing     scheme=path
INFO [03-26|19:49:52.129] Initialising Ethereum protocol           network=1337 dbversion=9
INFO [03-26|19:49:52.129] Load database journal from file          path=/home/CPerezz/bintrie-benchmarks/mpt-vs-bintrie/dbs/mpt/geth/triedb/merkle.journal
INFO [03-26|19:49:54.041] Opened ancient database                  database=/home/CPerezz/bintrie-benchmarks/mpt-vs-bintrie/dbs/mpt/geth/chaindata/ancient/state readonly=false
INFO [03-26|19:49:54.042] Initialized path database                triecache=0.00B statecache=0.00B buffer=0.00B state-history="last 90000 blocks" journal-dir=/home/CPerezz/bintrie-benchmarks/mpt-vs-bintrie/dbs/mpt/geth/triedb
INFO [03-26|19:49:54.046] 
INFO [03-26|19:49:54.046] ---------------------------------------------------------------------------------------------------------------------------------------------------------
INFO [03-26|19:49:54.046] Chain ID:  1337 (unknown)
INFO [03-26|19:49:54.046] Consensus: unknown
INFO [03-26|19:49:54.046] 
INFO [03-26|19:49:54.046] Pre-Merge hard forks (block based):
INFO [03-26|19:49:54.046]  - Homestead:                   #0       
INFO [03-26|19:49:54.046]  - Tangerine Whistle (EIP 150): #0       
INFO [03-26|19:49:54.046]  - Spurious Dragon/1 (EIP 155): #0       
INFO [03-26|19:49:54.046]  - Spurious Dragon/2 (EIP 158): #0       
INFO [03-26|19:49:54.046]  - Byzantium:                   #0       
INFO [03-26|19:49:54.046]  - Constantinople:              #0       
INFO [03-26|19:49:54.046]  - Petersburg:                  #0       
INFO [03-26|19:49:54.046]  - Istanbul:                    #0       
INFO [03-26|19:49:54.046]  - Muir Glacier:                #0       
INFO [03-26|19:49:54.046]  - Berlin:                      #0       
INFO [03-26|19:49:54.046]  - London:                      #0       
INFO [03-26|19:49:54.046]  - Arrow Glacier:               #0       
INFO [03-26|19:49:54.046]  - Gray Glacier:                #0       
INFO [03-26|19:49:54.046] 
INFO [03-26|19:49:54.046] Merge configured:
INFO [03-26|19:49:54.046]  - Total terminal difficulty:  0
INFO [03-26|19:49:54.046]  - Merge netsplit block:       #0       
INFO [03-26|19:49:54.046] 
INFO [03-26|19:49:54.046] Post-Merge hard forks (timestamp based):
INFO [03-26|19:49:54.046]  - Shanghai:                    @0         
INFO [03-26|19:49:54.046]  - Cancun:                      @0          blob: (target: 3, max: 6, fraction: 3338477)
INFO [03-26|19:49:54.046]  - Prague:                      @0          blob: (target: 6, max: 9, fraction: 5225352)
INFO [03-26|19:49:54.046]  - Osaka:                       @4294967295 blob: (target: 9, max: 12, fraction: 5225352)
INFO [03-26|19:49:54.046] 
INFO [03-26|19:49:54.046] All fork specifications can be found at https://ethereum.github.io/execution-specs/src/ethereum/forks/
INFO [03-26|19:49:54.046] 
INFO [03-26|19:49:54.046] ---------------------------------------------------------------------------------------------------------------------------------------------------------
INFO [03-26|19:49:54.046] 
INFO [03-26|19:49:54.047] Loaded most recent local block           number=64664 hash=163895..1e365c age=10s
INFO [03-26|19:49:54.047] Loaded most recent local finalized block number=64640 hash=cf89e6..b1000e age=4m34s
INFO [03-26|19:49:54.047] Initialized transaction indexer          range="last 2350000 blocks"
INFO [03-26|19:49:54.047] Initialized log indexer                  firstblock=0 lastblock=64664 firstmap=0 lastmap=4 headindexed=true
INFO [03-26|19:49:54.050] Enabled full-sync                        head=64664 hash=163895..1e365c
INFO [03-26|19:49:54.050] Unprotected transactions allowed
INFO [03-26|19:49:54.050] Gasprice oracle is ignoring threshold set threshold=2
INFO [03-26|19:49:54.051] Registered sync override service
WARN [03-26|19:49:54.051] You are running Geth in --dev mode. Please note the following:
WARN [03-26|19:49:54.051] 
WARN [03-26|19:49:54.051]   1. This mode is only intended for fast, iterative development without assumptions on
WARN [03-26|19:49:54.051]      security or persistence.
WARN [03-26|19:49:54.051]   2. The database is created in memory unless specified otherwise. Therefore, shutting down
WARN [03-26|19:49:54.051]      your computer or losing power will wipe your entire block data and chain state for
WARN [03-26|19:49:54.051]      your dev environment.
WARN [03-26|19:49:54.051]   3. A random, pre-allocated developer account will be available and unlocked as
WARN [03-26|19:49:54.051]      eth.coinbase, which can be used for testing. The random dev account is temporary,
WARN [03-26|19:49:54.051]      stored on a ramdisk, and will be lost if your machine is restarted.
WARN [03-26|19:49:54.051]   4. Mining is enabled by default. However, the client will only seal blocks if transactions
WARN [03-26|19:49:54.051]      are pending in the mempool. The miner's minimum accepted gas price is 1.
WARN [03-26|19:49:54.051]   5. Networking is disabled; there is no listen-address, the maximum number of peers is set
WARN [03-26|19:49:54.051]      to 0, and discovery is disabled.
WARN [03-26|19:49:54.051] 
INFO [03-26|19:49:54.051] Starting peer-to-peer node               instance=Geth/v1.17.2-unstable-5d0e18f7-20260325/linux-amd64/go1.24.1
WARN [03-26|19:49:54.051] P2P server will be useless, neither dialing nor listening
INFO [03-26|19:49:54.056] New local node record                    seq=1,774,465,406,157 id=9566f6e861acb2c3 ip=127.0.0.1 udp=0 tcp=0
INFO [03-26|19:49:54.056] Started P2P networking                   self=enode://7bcb27e0859fe4ed7072e298a58918cc0b55d08376b1207f77d84f6d0d34ded7448b64ab16dd00733b489383beff49c04f662afae4dd1dc102807640ff82a1cd@127.0.0.1:0
INFO [03-26|19:49:54.056] IPC endpoint opened                      url=/home/CPerezz/bintrie-benchmarks/mpt-vs-bintrie/dbs/mpt/geth.ipc
ERROR[03-26|19:49:54.056] Unavailable modules in HTTP API list     unavailable=[personal] available="[admin debug web3 eth txpool miner net dev testing]"
INFO [03-26|19:49:54.057] HTTP server started                      endpoint=[::]:8545 auth=false prefix= cors= vhosts=localhost
INFO [03-26|19:49:54.057] WebSocket enabled                        url=ws://[::]:8546
INFO [03-26|19:49:54.094] Loaded local transaction journal         transactions=793 dropped=0
INFO [03-26|19:49:55.697] Submitted contract creation              hash=0xb1dea3672bc3768430fdd7ea3222f40b08c3be699d54cf97e08560823b89be82 from=0xf39Fd6e51aad88F6F4ce6aB8827279cffFb92266 nonce=576 contract=0x3818eAb6Ca8Bf427222bfACFA706c514145F4104 value=0
INFO [03-26|19:49:55.699] Submitted transaction                    hash=0x8eb5e9dac42f4733efc8bc361e82f35fe3820a28fb1225cca2cee8e4feedb73e from=0xf39Fd6e51aad88F6F4ce6aB8827279cffFb92266 nonce=577 recipient=0x498D0B20b87426449AF22AEFfa4673855f5Cc7cD value=2,948,500,000,000
INFO [03-26|19:49:55.808] Started log indexer
INFO [03-26|19:49:55.815] Starting work on payload                 id=0x039d95066dd485cb
INFO [03-26|19:49:55.822] Updated payload                          id=0x039d95066dd485cb number=64665 hash=077988..7652b2 txs=2 withdrawals=0 gas=90958 fees=2.681168966e-09 root=110bac..392ac5 elapsed=7.776ms
INFO [03-26|19:49:55.823] Stopping work on payload                 id=0x039d95066dd485cb reason=delivery
WARN [03-26|19:49:55.829] {"level":"warn","msg":"Slow block","block":{"number":64665,"hash":"0x077988a20acf7665951dd31d6e5cf6622ef3f6ba6eca567896d79c28d07652b2","gas_used":90958,"tx_count":2},"timing":{"execution_ms":0.160299,"state_read_ms":0.181349,"state_hash_ms":0.383578,"commit_ms":5.959145,"total_ms":6.737261},"throughput":{"mgas_per_sec":13.500738653289519},"state_reads":{"accounts":11,"storage_slots":0,"code":0,"code_bytes":0},"state_writes":{"accounts":3,"accounts_deleted":0,"storage_slots":0,"storage_slots_deleted":0,"code":1,"code_bytes":78},"cache":{"account":{"hits":5,"misses":6,"hit_rate":45.45454545454545},"storage":{"hits":0,"misses":0,"hit_rate":0},"code":{"hits":0,"misses":0,"hit_rate":0,"hit_bytes":0,"miss_bytes":0}}}
INFO [03-26|19:49:55.829] Imported new potential chain segment     number=64665 hash=077988..7652b2 blocks=1 txs=2 mgas=0.091 elapsed=6.913ms mgasps=13.156 triediffs=306.57MiB triedirty=0.00B
INFO [03-26|19:49:55.830] Ready for fork activation                fork=Osaka date="07 Feb 06 07:28 CET" remaining=700115h38m19s timestamp=4,294,967,295
INFO [03-26|19:49:55.830] Chain head was updated                   number=64665 hash=077988..7652b2 root=110bac..392ac5 elapsed="110.699µs"
INFO [03-26|19:49:56.715] Submitted transaction                    hash=0x7d4a063033838c236d8b9570ec35524488e200f23a7f9f18d3655ff236fa28d8 from=0x498D0B20b87426449AF22AEFfa4673855f5Cc7cD nonce=0   recipient=0x3818eAb6Ca8Bf427222bfACFA706c514145F4104 value=0
INFO [03-26|19:50:05.835] Starting work on payload                 id=0x03295741a6171e10
INFO [03-26|19:50:06.669] Updated payload                          id=0x03295741a6171e10 number=64666 hash=fcfc8a..6c6aa1 txs=1 withdrawals=0 gas=93,739,282 fees=2.763152816e-06 root=f4a5aa..c6b7bb elapsed=833.556ms
INFO [03-26|19:50:06.669] Stopping work on payload                 id=0x03295741a6171e10 reason=delivery
WARN [03-26|19:50:07.582] {"level":"warn","msg":"Slow block","block":{"number":64666,"hash":"0xfcfc8ac474c6edd3cf235f14d4f7d2ba08a59333ad07cdec9cdc5a07c46c6aa1","gas_used":93739282,"tx_count":1},"timing":{"execution_ms":42.187832,"state_read_ms":574.01479,"state_hash_ms":262.3402,"commit_ms":32.812093,"total_ms":911.432134},"throughput":{"mgas_per_sec":102.84833999499956},"state_reads":{"accounts":8,"storage_slots":4094,"code":2,"code_bytes":1422},"state_writes":{"accounts":3,"accounts_deleted":0,"storage_slots":4094,"storage_slots_deleted":0,"code":0,"code_bytes":0},"cache":{"account":{"hits":3,"misses":5,"hit_rate":37.5},"storage":{"hits":608,"misses":3486,"hit_rate":14.851001465559355},"code":{"hits":2,"misses":0,"hit_rate":100,"hit_bytes":1422,"miss_bytes":0}}}
INFO [03-26|19:50:07.582] Imported new potential chain segment     number=64666 hash=fcfc8a..6c6aa1 blocks=1 txs=1 mgas=93.739 elapsed=912.636ms   mgasps=102.713 triediffs=314.35MiB triedirty=0.00B
INFO [03-26|19:50:07.584] Chain head was updated                   number=64666 hash=fcfc8a..6c6aa1 root=f4a5aa..c6b7bb elapsed="108.139µs"
INFO [03-26|19:50:07.792] Submitted transaction                    hash=0xa88af831820745a147ab370d552bd47df97ee07e7bafdbf5debb65ea99a6ef13 from=0x498D0B20b87426449AF22AEFfa4673855f5Cc7cD nonce=1   recipient=0xf39Fd6e51aad88F6F4ce6aB8827279cffFb92266 value=184,287,541,230
INFO [03-26|19:50:17.587] Starting work on payload                 id=0x036ea874064c1b15
INFO [03-26|19:50:17.589] Updated payload                          id=0x036ea874064c1b15 number=64667 hash=d5f78a..33e541 txs=1 withdrawals=0 gas=21000      fees=3.09456e-10     root=2e926a..17e66d elapsed=2.119ms
INFO [03-26|19:50:17.589] Stopping work on payload                 id=0x036ea874064c1b15 reason=delivery
WARN [03-26|19:50:17.592] {"level":"warn","msg":"Slow block","block":{"number":64667,"hash":"0xd5f78a4b27e8e356ea462a1ab23dd4ce9469d5843b594490098f65947633e541","gas_used":21000,"tx_count":1},"timing":{"execution_ms":0.05917,"state_read_ms":0.799375,"state_hash_ms":0.113568,"commit_ms":0.575656,"total_ms":1.637211},"throughput":{"mgas_per_sec":12.826691245050272},"state_reads":{"accounts":6,"storage_slots":0,"code":0,"code_bytes":0},"state_writes":{"accounts":2,"accounts_deleted":0,"storage_slots":0,"storage_slots_deleted":0,"code":0,"code_bytes":0},"cache":{"account":{"hits":2,"misses":4,"hit_rate":33.33333333333333},"storage":{"hits":0,"misses":0,"hit_rate":0},"code":{"hits":0,"misses":0,"hit_rate":0,"hit_bytes":0,"miss_bytes":0}}}
INFO [03-26|19:50:17.592] Imported new potential chain segment     number=64667 hash=d5f78a..33e541 blocks=1 txs=1 mgas=0.021  elapsed=1.840ms     mgasps=11.408  triediffs=314.35MiB triedirty=0.00B
INFO [03-26|19:50:17.593] Chain head was updated                   number=64667 hash=d5f78a..33e541 root=2e926a..17e66d elapsed="62.92µs"
