INFO [03-26|20:04:32.431] Starting Geth on Ethereum mainnet...
INFO [03-26|20:04:32.432] Maximum peer count                       ETH=0 total=0
INFO [03-26|20:04:32.433] Smartcard socket not found, disabling    err="stat /run/pcscd/pcscd.comm: no such file or directory"
WARN [03-26|20:04:32.435] Option --miner.etherbase is deprecated as the etherbase is set by the consensus client post-merge
WARN [03-26|20:04:32.436] Snap sync requested, resetting --cache.snapshot
INFO [03-26|20:04:32.436] Global gas cap disabled
INFO [03-26|20:04:33.080] Using developer account                  address=0xf39Fd6e51aad88F6F4ce6aB8827279cffFb92266
INFO [03-26|20:04:33.247] Using pebble as the backing database
INFO [03-26|20:04:33.247] Allocated cache and file handles         database=/home/CPerezz/bintrie-benchmarks/mpt-vs-bintrie/dbs/mpt/geth/chaindata cache=16.00MiB handles=524,288
INFO [03-26|20:04:34.372] Opened ancient database                  database=/home/CPerezz/bintrie-benchmarks/mpt-vs-bintrie/dbs/mpt/geth/chaindata/ancient/chain readonly=true
INFO [03-26|20:04:34.372] Opened Era store                         datadir=/home/CPerezz/bintrie-benchmarks/mpt-vs-bintrie/dbs/mpt/geth/chaindata/ancient/chain/era
INFO [03-26|20:04:34.383] Initializing the KZG library             backend=gokzg
INFO [03-26|20:04:34.386] Allocated trie memory caches             clean=0.00B dirty=0.00B
INFO [03-26|20:04:34.483] Using pebble as the backing database
INFO [03-26|20:04:34.483] Allocated cache and file handles         database=/home/CPerezz/bintrie-benchmarks/mpt-vs-bintrie/dbs/mpt/geth/chaindata cache=16.00MiB handles=524,288
INFO [03-26|20:04:35.794] Opened ancient database                  database=/home/CPerezz/bintrie-benchmarks/mpt-vs-bintrie/dbs/mpt/geth/chaindata/ancient/chain readonly=false
INFO [03-26|20:04:35.794] Opened Era store                         datadir=/home/CPerezz/bintrie-benchmarks/mpt-vs-bintrie/dbs/mpt/geth/chaindata/ancient/chain/era
INFO [03-26|20:04:35.795] State scheme set to already existing     scheme=path
INFO [03-26|20:04:35.796] Initialising Ethereum protocol           network=1337 dbversion=9
INFO [03-26|20:04:35.796] Load database journal from file          path=/home/CPerezz/bintrie-benchmarks/mpt-vs-bintrie/dbs/mpt/geth/triedb/merkle.journal
INFO [03-26|20:04:37.653] Opened ancient database                  database=/home/CPerezz/bintrie-benchmarks/mpt-vs-bintrie/dbs/mpt/geth/chaindata/ancient/state readonly=false
INFO [03-26|20:04:37.654] Initialized path database                triecache=0.00B statecache=0.00B buffer=0.00B state-history="last 90000 blocks" journal-dir=/home/CPerezz/bintrie-benchmarks/mpt-vs-bintrie/dbs/mpt/geth/triedb
INFO [03-26|20:04:37.656] 
INFO [03-26|20:04:37.656] ---------------------------------------------------------------------------------------------------------------------------------------------------------
INFO [03-26|20:04:37.656] Chain ID:  1337 (unknown)
INFO [03-26|20:04:37.656] Consensus: unknown
INFO [03-26|20:04:37.656] 
INFO [03-26|20:04:37.656] Pre-Merge hard forks (block based):
INFO [03-26|20:04:37.656]  - Homestead:                   #0       
INFO [03-26|20:04:37.656]  - Tangerine Whistle (EIP 150): #0       
INFO [03-26|20:04:37.656]  - Spurious Dragon/1 (EIP 155): #0       
INFO [03-26|20:04:37.656]  - Spurious Dragon/2 (EIP 158): #0       
INFO [03-26|20:04:37.656]  - Byzantium:                   #0       
INFO [03-26|20:04:37.656]  - Constantinople:              #0       
INFO [03-26|20:04:37.656]  - Petersburg:                  #0       
INFO [03-26|20:04:37.656]  - Istanbul:                    #0       
INFO [03-26|20:04:37.656]  - Muir Glacier:                #0       
INFO [03-26|20:04:37.656]  - Berlin:                      #0       
INFO [03-26|20:04:37.656]  - London:                      #0       
INFO [03-26|20:04:37.656]  - Arrow Glacier:               #0       
INFO [03-26|20:04:37.656]  - Gray Glacier:                #0       
INFO [03-26|20:04:37.656] 
INFO [03-26|20:04:37.656] Merge configured:
INFO [03-26|20:04:37.656]  - Total terminal difficulty:  0
INFO [03-26|20:04:37.656]  - Merge netsplit block:       #0       
INFO [03-26|20:04:37.656] 
INFO [03-26|20:04:37.656] Post-Merge hard forks (timestamp based):
INFO [03-26|20:04:37.656]  - Shanghai:                    @0         
INFO [03-26|20:04:37.656]  - Cancun:                      @0          blob: (target: 3, max: 6, fraction: 3338477)
INFO [03-26|20:04:37.656]  - Prague:                      @0          blob: (target: 6, max: 9, fraction: 5225352)
INFO [03-26|20:04:37.656]  - Osaka:                       @4294967295 blob: (target: 9, max: 12, fraction: 5225352)
INFO [03-26|20:04:37.656] 
INFO [03-26|20:04:37.656] All fork specifications can be found at https://ethereum.github.io/execution-specs/src/ethereum/forks/
INFO [03-26|20:04:37.656] 
INFO [03-26|20:04:37.656] ---------------------------------------------------------------------------------------------------------------------------------------------------------
INFO [03-26|20:04:37.656] 
INFO [03-26|20:04:37.657] Loaded most recent local block           number=64742 hash=bd95a5..ff5ee7 age=10s
INFO [03-26|20:04:37.657] Loaded most recent local finalized block number=64736 hash=f47186..bc1cb6 age=1m19s
INFO [03-26|20:04:37.658] Initialized transaction indexer          range="last 2350000 blocks"
INFO [03-26|20:04:37.658] Initialized log indexer                  firstblock=0 lastblock=64742 firstmap=0 lastmap=4 headindexed=true
INFO [03-26|20:04:37.679] Enabled full-sync                        head=64742 hash=bd95a5..ff5ee7
INFO [03-26|20:04:37.679] Unprotected transactions allowed
INFO [03-26|20:04:37.679] Gasprice oracle is ignoring threshold set threshold=2
INFO [03-26|20:04:37.680] Registered sync override service
WARN [03-26|20:04:37.680] You are running Geth in --dev mode. Please note the following:
WARN [03-26|20:04:37.680] 
WARN [03-26|20:04:37.680]   1. This mode is only intended for fast, iterative development without assumptions on
WARN [03-26|20:04:37.680]      security or persistence.
WARN [03-26|20:04:37.680]   2. The database is created in memory unless specified otherwise. Therefore, shutting down
WARN [03-26|20:04:37.680]      your computer or losing power will wipe your entire block data and chain state for
WARN [03-26|20:04:37.680]      your dev environment.
WARN [03-26|20:04:37.680]   3. A random, pre-allocated developer account will be available and unlocked as
WARN [03-26|20:04:37.680]      eth.coinbase, which can be used for testing. The random dev account is temporary,
WARN [03-26|20:04:37.680]      stored on a ramdisk, and will be lost if your machine is restarted.
WARN [03-26|20:04:37.680]   4. Mining is enabled by default. However, the client will only seal blocks if transactions
WARN [03-26|20:04:37.680]      are pending in the mempool. The miner's minimum accepted gas price is 1.
WARN [03-26|20:04:37.680]   5. Networking is disabled; there is no listen-address, the maximum number of peers is set
WARN [03-26|20:04:37.680]      to 0, and discovery is disabled.
WARN [03-26|20:04:37.680] 
INFO [03-26|20:04:37.680] Starting peer-to-peer node               instance=Geth/v1.17.2-unstable-5d0e18f7-20260325/linux-amd64/go1.24.1
WARN [03-26|20:04:37.680] P2P server will be useless, neither dialing nor listening
INFO [03-26|20:04:37.691] New local node record                    seq=1,774,465,406,183 id=9566f6e861acb2c3 ip=127.0.0.1 udp=0 tcp=0
INFO [03-26|20:04:37.691] Started P2P networking                   self=enode://7bcb27e0859fe4ed7072e298a58918cc0b55d08376b1207f77d84f6d0d34ded7448b64ab16dd00733b489383beff49c04f662afae4dd1dc102807640ff82a1cd@127.0.0.1:0
INFO [03-26|20:04:37.691] IPC endpoint opened                      url=/home/CPerezz/bintrie-benchmarks/mpt-vs-bintrie/dbs/mpt/geth.ipc
ERROR[03-26|20:04:37.692] Unavailable modules in HTTP API list     unavailable=[personal] available="[admin debug web3 eth txpool miner net dev testing]"
INFO [03-26|20:04:37.692] HTTP server started                      endpoint=[::]:8545 auth=false prefix= cors= vhosts=localhost
INFO [03-26|20:04:37.693] WebSocket enabled                        url=ws://[::]:8546
INFO [03-26|20:04:37.736] Loaded local transaction journal         transactions=897 dropped=0
INFO [03-26|20:04:39.384] Submitted contract creation              hash=0x644bc691c559fd760271fd35682660d4ae5d6261e351717c414839f3e9fba97c from=0xf39Fd6e51aad88F6F4ce6aB8827279cffFb92266 nonce=628 contract=0xD56e6F296352B03C3c3386543185E9B8c2e5Fd0b value=0
INFO [03-26|20:04:39.387] Submitted transaction                    hash=0x65ee1c20dbf14e1bd159e5841d01ca7c43354c39b16111390cc86c0f4fe7f04a from=0xf39Fd6e51aad88F6F4ce6aB8827279cffFb92266 nonce=629 recipient=0x46fA4172dff153Ab6cF40Ef43cEf2B109A23231b value=26,574,700,000,000
INFO [03-26|20:04:39.712] Started log indexer
INFO [03-26|20:04:39.717] Starting work on payload                 id=0x038b9ae0400069e8
INFO [03-26|20:04:39.724] Updated payload                          id=0x038b9ae0400069e8 number=64743 hash=9a3f14..e464ef txs=2 withdrawals=0 gas=90958 fees=2.417108796e-08 root=10b150..7ca786 elapsed=6.065ms
INFO [03-26|20:04:39.724] Stopping work on payload                 id=0x038b9ae0400069e8 reason=delivery
WARN [03-26|20:04:39.732] {"level":"warn","msg":"Slow block","block":{"number":64743,"hash":"0x9a3f14ad8fef6a1bda52b73ff059b72d6ba2cd3ec454e204c7cc96fa60e464ef","gas_used":90958,"tx_count":2},"timing":{"execution_ms":0.065978,"state_read_ms":0.147521,"state_hash_ms":1.073713,"commit_ms":6.112054,"total_ms":7.465948},"throughput":{"mgas_per_sec":12.183047618333264},"state_reads":{"accounts":11,"storage_slots":0,"code":0,"code_bytes":0},"state_writes":{"accounts":3,"accounts_deleted":0,"storage_slots":0,"storage_slots_deleted":0,"code":1,"code_bytes":78},"cache":{"account":{"hits":5,"misses":6,"hit_rate":45.45454545454545},"storage":{"hits":0,"misses":0,"hit_rate":0},"code":{"hits":0,"misses":0,"hit_rate":0,"hit_bytes":0,"miss_bytes":0}}}
INFO [03-26|20:04:39.732] Imported new potential chain segment     number=64743 hash=9a3f14..e464ef blocks=1 txs=2 mgas=0.091 elapsed=7.677ms mgasps=11.847 triediffs=306.48MiB triedirty=0.00B
INFO [03-26|20:04:39.732] Ready for fork activation                fork=Osaka date="07 Feb 06 07:28 CET" remaining=700115h23m35s timestamp=4,294,967,295
INFO [03-26|20:04:39.732] Chain head was updated                   number=64743 hash=9a3f14..e464ef root=10b150..7ca786 elapsed="141.399µs"
INFO [03-26|20:04:40.401] Submitted transaction                    hash=0x65c14863dbff068bba003755bbdb8de99c49d9a5c9a44928c8b37c7b207eaab9 from=0x46fA4172dff153Ab6cF40Ef43cEf2B109A23231b nonce=0   recipient=0xD56e6F296352B03C3c3386543185E9B8c2e5Fd0b value=0
INFO [03-26|20:04:49.737] Starting work on payload                 id=0x033283dc7ef7cb9e
INFO [03-26|20:04:50.555] Updated payload                          id=0x033283dc7ef7cb9e number=64744 hash=a5a2fc..8a5640 txs=1 withdrawals=0 gas=93,739,282 fees=2.491018306e-05 root=151270..c1e497 elapsed=817.320ms
INFO [03-26|20:04:50.555] Stopping work on payload                 id=0x033283dc7ef7cb9e reason=delivery
WARN [03-26|20:04:51.482] {"level":"warn","msg":"Slow block","block":{"number":64744,"hash":"0xa5a2fcb506fb683315cc0ba63b96436c6661d11167bee86bd98722cf0b8a5640","gas_used":93739282,"tx_count":1},"timing":{"execution_ms":43.985454,"state_read_ms":569.057746,"state_hash_ms":276.504174,"commit_ms":34.014334,"total_ms":923.634239},"throughput":{"mgas_per_sec":101.48961357418887},"state_reads":{"accounts":8,"storage_slots":4094,"code":2,"code_bytes":1422},"state_writes":{"accounts":3,"accounts_deleted":0,"storage_slots":4094,"storage_slots_deleted":0,"code":0,"code_bytes":0},"cache":{"account":{"hits":3,"misses":5,"hit_rate":37.5},"storage":{"hits":508,"misses":3586,"hit_rate":12.408402540302882},"code":{"hits":2,"misses":0,"hit_rate":100,"hit_bytes":1422,"miss_bytes":0}}}
INFO [03-26|20:04:51.482] Imported new potential chain segment     number=64744 hash=a5a2fc..8a5640 blocks=1 txs=1 mgas=93.739 elapsed=926.857ms   mgasps=101.137 triediffs=314.26MiB triedirty=0.00B
INFO [03-26|20:04:51.483] Chain head was updated                   number=64744 hash=a5a2fc..8a5640 root=151270..c1e497 elapsed="82.07µs"
INFO [03-26|20:04:52.490] Submitted transaction                    hash=0x27de312733f01cd705b5f0e01c1014aec481ba0b2cb7dab44b724eb5293133a0 from=0x46fA4172dff153Ab6cF40Ef43cEf2B109A23231b nonce=1   recipient=0xf39Fd6e51aad88F6F4ce6aB8827279cffFb92266 value=1,660,976,546,346
INFO [03-26|20:05:01.487] Starting work on payload                 id=0x03073afe2b9f5a41
INFO [03-26|20:05:01.488] Updated payload                          id=0x03073afe2b9f5a41 number=64745 hash=706440..fb5202 txs=1 withdrawals=0 gas=21000      fees=2.790207e-09    root=069f70..f2e14d elapsed="767.926µs"
INFO [03-26|20:05:01.488] Stopping work on payload                 id=0x03073afe2b9f5a41 reason=delivery
WARN [03-26|20:05:01.490] {"level":"warn","msg":"Slow block","block":{"number":64745,"hash":"0x7064400700f85a17ada90b8d397f487dd2aaf3eda48e79483fc28f5694fb5202","gas_used":21000,"tx_count":1},"timing":{"execution_ms":0.06373,"state_read_ms":0.113539,"state_hash_ms":0.107119,"commit_ms":0.744316,"total_ms":1.094395},"throughput":{"mgas_per_sec":19.18868415882748},"state_reads":{"accounts":6,"storage_slots":0,"code":0,"code_bytes":0},"state_writes":{"accounts":2,"accounts_deleted":0,"storage_slots":0,"storage_slots_deleted":0,"code":0,"code_bytes":0},"cache":{"account":{"hits":0,"misses":6,"hit_rate":0},"storage":{"hits":0,"misses":0,"hit_rate":0},"code":{"hits":0,"misses":0,"hit_rate":0,"hit_bytes":0,"miss_bytes":0}}}
INFO [03-26|20:05:01.490] Imported new potential chain segment     number=64745 hash=706440..fb5202 blocks=1 txs=1 mgas=0.021  elapsed=1.278ms     mgasps=16.419  triediffs=314.26MiB triedirty=0.00B
INFO [03-26|20:05:01.490] Chain head was updated                   number=64745 hash=706440..fb5202 root=069f70..f2e14d elapsed="81.24µs"
