INFO [03-26|19:57:43.610] Starting Geth on Ethereum mainnet...
INFO [03-26|19:57:43.612] Maximum peer count                       ETH=0 total=0
INFO [03-26|19:57:43.613] Smartcard socket not found, disabling    err="stat /run/pcscd/pcscd.comm: no such file or directory"
WARN [03-26|19:57:43.615] Option --miner.etherbase is deprecated as the etherbase is set by the consensus client post-merge
WARN [03-26|19:57:43.616] Snap sync requested, resetting --cache.snapshot
INFO [03-26|19:57:43.616] Global gas cap disabled
INFO [03-26|19:57:44.259] Using developer account                  address=0xf39Fd6e51aad88F6F4ce6aB8827279cffFb92266
INFO [03-26|19:57:44.427] Using pebble as the backing database
INFO [03-26|19:57:44.427] Allocated cache and file handles         database=/home/CPerezz/bintrie-benchmarks/mpt-vs-bintrie/dbs/mpt/geth/chaindata cache=16.00MiB handles=524,288
INFO [03-26|19:57:45.586] Opened ancient database                  database=/home/CPerezz/bintrie-benchmarks/mpt-vs-bintrie/dbs/mpt/geth/chaindata/ancient/chain readonly=true
INFO [03-26|19:57:45.586] Opened Era store                         datadir=/home/CPerezz/bintrie-benchmarks/mpt-vs-bintrie/dbs/mpt/geth/chaindata/ancient/chain/era
INFO [03-26|19:57:45.592] Initializing the KZG library             backend=gokzg
INFO [03-26|19:57:45.593] Allocated trie memory caches             clean=0.00B dirty=0.00B
INFO [03-26|19:57:45.674] Using pebble as the backing database
INFO [03-26|19:57:45.674] Allocated cache and file handles         database=/home/CPerezz/bintrie-benchmarks/mpt-vs-bintrie/dbs/mpt/geth/chaindata cache=16.00MiB handles=524,288
INFO [03-26|19:57:47.042] Opened ancient database                  database=/home/CPerezz/bintrie-benchmarks/mpt-vs-bintrie/dbs/mpt/geth/chaindata/ancient/chain readonly=false
INFO [03-26|19:57:47.042] Opened Era store                         datadir=/home/CPerezz/bintrie-benchmarks/mpt-vs-bintrie/dbs/mpt/geth/chaindata/ancient/chain/era
INFO [03-26|19:57:47.043] State scheme set to already existing     scheme=path
INFO [03-26|19:57:47.044] Initialising Ethereum protocol           network=1337 dbversion=9
INFO [03-26|19:57:47.047] Load database journal from file          path=/home/CPerezz/bintrie-benchmarks/mpt-vs-bintrie/dbs/mpt/geth/triedb/merkle.journal
INFO [03-26|19:57:48.860] Opened ancient database                  database=/home/CPerezz/bintrie-benchmarks/mpt-vs-bintrie/dbs/mpt/geth/chaindata/ancient/state readonly=false
INFO [03-26|19:57:48.861] Initialized path database                triecache=0.00B statecache=0.00B buffer=0.00B state-history="last 90000 blocks" journal-dir=/home/CPerezz/bintrie-benchmarks/mpt-vs-bintrie/dbs/mpt/geth/triedb
INFO [03-26|19:57:48.863] 
INFO [03-26|19:57:48.863] ---------------------------------------------------------------------------------------------------------------------------------------------------------
INFO [03-26|19:57:48.863] Chain ID:  1337 (unknown)
INFO [03-26|19:57:48.863] Consensus: unknown
INFO [03-26|19:57:48.863] 
INFO [03-26|19:57:48.863] Pre-Merge hard forks (block based):
INFO [03-26|19:57:48.863]  - Homestead:                   #0       
INFO [03-26|19:57:48.863]  - Tangerine Whistle (EIP 150): #0       
INFO [03-26|19:57:48.863]  - Spurious Dragon/1 (EIP 155): #0       
INFO [03-26|19:57:48.863]  - Spurious Dragon/2 (EIP 158): #0       
INFO [03-26|19:57:48.863]  - Byzantium:                   #0       
INFO [03-26|19:57:48.863]  - Constantinople:              #0       
INFO [03-26|19:57:48.863]  - Petersburg:                  #0       
INFO [03-26|19:57:48.863]  - Istanbul:                    #0       
INFO [03-26|19:57:48.863]  - Muir Glacier:                #0       
INFO [03-26|19:57:48.863]  - Berlin:                      #0       
INFO [03-26|19:57:48.863]  - London:                      #0       
INFO [03-26|19:57:48.863]  - Arrow Glacier:               #0       
INFO [03-26|19:57:48.863]  - Gray Glacier:                #0       
INFO [03-26|19:57:48.863] 
INFO [03-26|19:57:48.863] Merge configured:
INFO [03-26|19:57:48.863]  - Total terminal difficulty:  0
INFO [03-26|19:57:48.863]  - Merge netsplit block:       #0       
INFO [03-26|19:57:48.863] 
INFO [03-26|19:57:48.863] Post-Merge hard forks (timestamp based):
INFO [03-26|19:57:48.863]  - Shanghai:                    @0         
INFO [03-26|19:57:48.863]  - Cancun:                      @0          blob: (target: 3, max: 6, fraction: 3338477)
INFO [03-26|19:57:48.863]  - Prague:                      @0          blob: (target: 6, max: 9, fraction: 5225352)
INFO [03-26|19:57:48.863]  - Osaka:                       @4294967295 blob: (target: 9, max: 12, fraction: 5225352)
INFO [03-26|19:57:48.863] 
INFO [03-26|19:57:48.863] All fork specifications can be found at https://ethereum.github.io/execution-specs/src/ethereum/forks/
INFO [03-26|19:57:48.863] 
INFO [03-26|19:57:48.863] ---------------------------------------------------------------------------------------------------------------------------------------------------------
INFO [03-26|19:57:48.863] 
INFO [03-26|19:57:48.864] Loaded most recent local block           number=64706 hash=9a5201..58f495 age=9s
INFO [03-26|19:57:48.864] Loaded most recent local finalized block number=64704 hash=3f6559..2da836 age=31s
INFO [03-26|19:57:48.865] Initialized transaction indexer          range="last 2350000 blocks"
INFO [03-26|19:57:48.865] Initialized log indexer                  firstblock=0 lastblock=64706 firstmap=0 lastmap=4 headindexed=true
INFO [03-26|19:57:48.866] Enabled full-sync                        head=64706 hash=9a5201..58f495
INFO [03-26|19:57:48.866] Unprotected transactions allowed
INFO [03-26|19:57:48.866] Gasprice oracle is ignoring threshold set threshold=2
INFO [03-26|19:57:48.867] Registered sync override service
WARN [03-26|19:57:48.867] You are running Geth in --dev mode. Please note the following:
WARN [03-26|19:57:48.867] 
WARN [03-26|19:57:48.867]   1. This mode is only intended for fast, iterative development without assumptions on
WARN [03-26|19:57:48.867]      security or persistence.
WARN [03-26|19:57:48.867]   2. The database is created in memory unless specified otherwise. Therefore, shutting down
WARN [03-26|19:57:48.867]      your computer or losing power will wipe your entire block data and chain state for
WARN [03-26|19:57:48.867]      your dev environment.
WARN [03-26|19:57:48.867]   3. A random, pre-allocated developer account will be available and unlocked as
WARN [03-26|19:57:48.867]      eth.coinbase, which can be used for testing. The random dev account is temporary,
WARN [03-26|19:57:48.867]      stored on a ramdisk, and will be lost if your machine is restarted.
WARN [03-26|19:57:48.867]   4. Mining is enabled by default. However, the client will only seal blocks if transactions
WARN [03-26|19:57:48.867]      are pending in the mempool. The miner's minimum accepted gas price is 1.
WARN [03-26|19:57:48.867]   5. Networking is disabled; there is no listen-address, the maximum number of peers is set
WARN [03-26|19:57:48.867]      to 0, and discovery is disabled.
WARN [03-26|19:57:48.867] 
INFO [03-26|19:57:48.867] Starting peer-to-peer node               instance=Geth/v1.17.2-unstable-5d0e18f7-20260325/linux-amd64/go1.24.1
WARN [03-26|19:57:48.867] P2P server will be useless, neither dialing nor listening
INFO [03-26|19:57:48.870] IPC endpoint opened                      url=/home/CPerezz/bintrie-benchmarks/mpt-vs-bintrie/dbs/mpt/geth.ipc
ERROR[03-26|19:57:48.870] Unavailable modules in HTTP API list     unavailable=[personal] available="[admin debug web3 eth txpool miner net dev testing]"
INFO [03-26|19:57:48.870] HTTP server started                      endpoint=[::]:8545 auth=false prefix= cors= vhosts=localhost
INFO [03-26|19:57:48.870] WebSocket enabled                        url=ws://[::]:8546
INFO [03-26|19:57:48.871] New local node record                    seq=1,774,465,406,171 id=9566f6e861acb2c3 ip=127.0.0.1 udp=0 tcp=0
INFO [03-26|19:57:48.871] Started P2P networking                   self=enode://7bcb27e0859fe4ed7072e298a58918cc0b55d08376b1207f77d84f6d0d34ded7448b64ab16dd00733b489383beff49c04f662afae4dd1dc102807640ff82a1cd@127.0.0.1:0
INFO [03-26|19:57:48.910] Loaded local transaction journal         transactions=849 dropped=0
INFO [03-26|19:57:50.590] Submitted contract creation              hash=0x6a72c3ce8a7d02951a728e1b1cd6693e417305b3a8bd54807eae2645ccad7ec5 from=0xf39Fd6e51aad88F6F4ce6aB8827279cffFb92266 nonce=604 contract=0x76a999d5F7EFDE0a300e710e6f52Fb0A4b61aD58 value=0
INFO [03-26|19:57:50.592] Submitted transaction                    hash=0x25450ab3ea0103bf2801ab8468d226ab9f9a5efcd1732fec5796122cf6dbeba8 from=0xf39Fd6e51aad88F6F4ce6aB8827279cffFb92266 nonce=605 recipient=0xE4BAd073D4561CaE7743f0B8D4F075400203bb16 value=9,868,600,000,000
INFO [03-26|19:57:50.800] Started log indexer
INFO [03-26|19:57:50.804] Starting work on payload                 id=0x038ea5b3538a09eb
INFO [03-26|19:57:50.808] Updated payload                          id=0x038ea5b3538a09eb number=64707 hash=0e7ef5..27674f txs=2 withdrawals=0 gas=90958 fees=8.975553524e-09 root=b676d3..4dbdda elapsed=3.864ms
INFO [03-26|19:57:50.808] Stopping work on payload                 id=0x038ea5b3538a09eb reason=delivery
WARN [03-26|19:57:50.819] {"level":"warn","msg":"Slow block","block":{"number":64707,"hash":"0x0e7ef50965209c2585b4bb5b47040a1bef4e190b6c490083e14d32e37c27674f","gas_used":90958,"tx_count":2},"timing":{"execution_ms":0.09868,"state_read_ms":0.241868,"state_hash_ms":0.738905,"commit_ms":9.101829,"total_ms":10.280124},"throughput":{"mgas_per_sec":8.847947748490194},"state_reads":{"accounts":11,"storage_slots":0,"code":0,"code_bytes":0},"state_writes":{"accounts":3,"accounts_deleted":0,"storage_slots":0,"storage_slots_deleted":0,"code":1,"code_bytes":78},"cache":{"account":{"hits":6,"misses":5,"hit_rate":54.54545454545454},"storage":{"hits":0,"misses":0,"hit_rate":0},"code":{"hits":0,"misses":0,"hit_rate":0,"hit_bytes":0,"miss_bytes":0}}}
INFO [03-26|19:57:50.819] Imported new potential chain segment     number=64707 hash=0e7ef5..27674f blocks=1 txs=2 mgas=0.091 elapsed=10.560ms mgasps=8.613 triediffs=306.52MiB triedirty=0.00B
INFO [03-26|19:57:50.819] Ready for fork activation                fork=Osaka date="07 Feb 06 07:28 CET" remaining=700115h30m24s timestamp=4,294,967,295
INFO [03-26|19:57:50.819] Chain head was updated                   number=64707 hash=0e7ef5..27674f root=b676d3..4dbdda elapsed="223.509µs"
INFO [03-26|19:57:51.606] Submitted transaction                    hash=0x665e07b474a9f900e458fe2110ba02b50b12fb235a69d329089593142c84f124 from=0xE4BAd073D4561CaE7743f0B8D4F075400203bb16 nonce=0   recipient=0x76a999d5F7EFDE0a300e710e6f52Fb0A4b61aD58 value=0
INFO [03-26|19:58:00.824] Starting work on payload                 id=0x03354f7ea5193e93
INFO [03-26|19:58:01.645] Updated payload                          id=0x03354f7ea5193e93 number=64708 hash=776e76..3102d7 txs=1 withdrawals=0 gas=93,739,282 fees=9.250004869e-06 root=803331..92b0e4 elapsed=821.262ms
INFO [03-26|19:58:01.645] Stopping work on payload                 id=0x03354f7ea5193e93 reason=delivery
WARN [03-26|19:58:02.631] {"level":"warn","msg":"Slow block","block":{"number":64708,"hash":"0x776e76b33e11710c120414e5c574c853ef178192e6794d32ba3c44bb2f3102d7","gas_used":93739282,"tx_count":1},"timing":{"execution_ms":48.290878,"state_read_ms":604.819293,"state_hash_ms":296.58422,"commit_ms":33.638151,"total_ms":983.442021},"throughput":{"mgas_per_sec":95.3175479574103},"state_reads":{"accounts":8,"storage_slots":4094,"code":2,"code_bytes":1422},"state_writes":{"accounts":3,"accounts_deleted":0,"storage_slots":4094,"storage_slots_deleted":0,"code":0,"code_bytes":0},"cache":{"account":{"hits":3,"misses":5,"hit_rate":37.5},"storage":{"hits":646,"misses":3448,"hit_rate":15.779189057156815},"code":{"hits":2,"misses":0,"hit_rate":100,"hit_bytes":1422,"miss_bytes":0}}}
INFO [03-26|19:58:02.631] Imported new potential chain segment     number=64708 hash=776e76..3102d7 blocks=1 txs=1 mgas=93.739 elapsed=985.258ms   mgasps=95.142 triediffs=314.29MiB triedirty=0.00B
INFO [03-26|19:58:02.633] Chain head was updated                   number=64708 hash=776e76..3102d7 root=803331..92b0e4 elapsed="92.319µs"
INFO [03-26|19:58:02.688] Submitted transaction                    hash=0xe217d5a8520b199e9db478fd41f1ef19aa44727f1dac9d8be81b5914cf468541 from=0xE4BAd073D4561CaE7743f0B8D4F075400203bb16 nonce=1   recipient=0xf39Fd6e51aad88F6F4ce6aB8827279cffFb92266 value=616,808,866,548
INFO [03-26|19:58:12.636] Starting work on payload                 id=0x032ca80a2ba1ec72
INFO [03-26|19:58:12.637] Updated payload                          id=0x032ca80a2ba1ec72 number=64709 hash=7acc86..00d4ba txs=1 withdrawals=0 gas=21000      fees=1.036056e-09    root=c76e5e..534cfe elapsed="929.394µs"
INFO [03-26|19:58:12.637] Stopping work on payload                 id=0x032ca80a2ba1ec72 reason=delivery
WARN [03-26|19:58:12.639] {"level":"warn","msg":"Slow block","block":{"number":64709,"hash":"0x7acc864f0236b27e7d9a9575ea7b9a15498de08a6f99b511be2cc0755300d4ba","gas_used":21000,"tx_count":1},"timing":{"execution_ms":0.07736,"state_read_ms":0.203369,"state_hash_ms":0.169871,"commit_ms":0.712555,"total_ms":1.273754},"throughput":{"mgas_per_sec":16.486699943631187},"state_reads":{"accounts":6,"storage_slots":0,"code":0,"code_bytes":0},"state_writes":{"accounts":2,"accounts_deleted":0,"storage_slots":0,"storage_slots_deleted":0,"code":0,"code_bytes":0},"cache":{"account":{"hits":1,"misses":5,"hit_rate":16.666666666666664},"storage":{"hits":0,"misses":0,"hit_rate":0},"code":{"hits":0,"misses":0,"hit_rate":0,"hit_bytes":0,"miss_bytes":0}}}
INFO [03-26|19:58:12.640] Imported new potential chain segment     number=64709 hash=7acc86..00d4ba blocks=1 txs=1 mgas=0.021  elapsed=1.469ms     mgasps=14.292 triediffs=314.29MiB triedirty=0.00B
INFO [03-26|19:58:12.640] Chain head was updated                   number=64709 hash=7acc86..00d4ba root=c76e5e..534cfe elapsed="78.35µs"
