INFO [03-26|17:50:33.618] Starting Geth on Ethereum mainnet...
INFO [03-26|17:50:33.620] Maximum peer count                       ETH=0 total=0
INFO [03-26|17:50:33.621] Smartcard socket not found, disabling    err="stat /run/pcscd/pcscd.comm: no such file or directory"
WARN [03-26|17:50:33.623] Option --miner.etherbase is deprecated as the etherbase is set by the consensus client post-merge
WARN [03-26|17:50:33.624] Snap sync requested, resetting --cache.snapshot
INFO [03-26|17:50:33.624] Global gas cap disabled
INFO [03-26|17:50:34.280] Using developer account                  address=0xf39Fd6e51aad88F6F4ce6aB8827279cffFb92266
INFO [03-26|17:50:34.535] Using pebble as the backing database
INFO [03-26|17:50:34.535] Allocated cache and file handles         database=/home/CPerezz/bintrie-benchmarks/mpt-vs-bintrie/dbs/mpt/geth/chaindata cache=16.00MiB handles=524,288
INFO [03-26|17:50:36.734] Opened ancient database                  database=/home/CPerezz/bintrie-benchmarks/mpt-vs-bintrie/dbs/mpt/geth/chaindata/ancient/chain readonly=true
INFO [03-26|17:50:36.734] Opened Era store                         datadir=/home/CPerezz/bintrie-benchmarks/mpt-vs-bintrie/dbs/mpt/geth/chaindata/ancient/chain/era
INFO [03-26|17:50:36.743] Initializing the KZG library             backend=gokzg
INFO [03-26|17:50:36.746] Allocated trie memory caches             clean=0.00B dirty=0.00B
INFO [03-26|17:50:36.857] Using pebble as the backing database
INFO [03-26|17:50:36.858] Allocated cache and file handles         database=/home/CPerezz/bintrie-benchmarks/mpt-vs-bintrie/dbs/mpt/geth/chaindata cache=16.00MiB handles=524,288
INFO [03-26|17:50:38.184] Opened ancient database                  database=/home/CPerezz/bintrie-benchmarks/mpt-vs-bintrie/dbs/mpt/geth/chaindata/ancient/chain readonly=false
INFO [03-26|17:50:38.184] Opened Era store                         datadir=/home/CPerezz/bintrie-benchmarks/mpt-vs-bintrie/dbs/mpt/geth/chaindata/ancient/chain/era
INFO [03-26|17:50:38.186] State scheme set to already existing     scheme=path
INFO [03-26|17:50:38.188] Initialising Ethereum protocol           network=1337 dbversion=9
INFO [03-26|17:50:38.188] Load database journal from file          path=/home/CPerezz/bintrie-benchmarks/mpt-vs-bintrie/dbs/mpt/geth/triedb/merkle.journal
INFO [03-26|17:50:39.404] Opened ancient database                  database=/home/CPerezz/bintrie-benchmarks/mpt-vs-bintrie/dbs/mpt/geth/chaindata/ancient/state readonly=false
INFO [03-26|17:50:39.405] Initialized path database                triecache=0.00B statecache=0.00B buffer=0.00B state-history="last 90000 blocks" journal-dir=/home/CPerezz/bintrie-benchmarks/mpt-vs-bintrie/dbs/mpt/geth/triedb
INFO [03-26|17:50:39.405] 
INFO [03-26|17:50:39.405] ---------------------------------------------------------------------------------------------------------------------------------------------------------
INFO [03-26|17:50:39.405] Chain ID:  1337 (unknown)
INFO [03-26|17:50:39.405] Consensus: unknown
INFO [03-26|17:50:39.405] 
INFO [03-26|17:50:39.405] Pre-Merge hard forks (block based):
INFO [03-26|17:50:39.405]  - Homestead:                   #0       
INFO [03-26|17:50:39.405]  - Tangerine Whistle (EIP 150): #0       
INFO [03-26|17:50:39.405]  - Spurious Dragon/1 (EIP 155): #0       
INFO [03-26|17:50:39.405]  - Spurious Dragon/2 (EIP 158): #0       
INFO [03-26|17:50:39.405]  - Byzantium:                   #0       
INFO [03-26|17:50:39.405]  - Constantinople:              #0       
INFO [03-26|17:50:39.405]  - Petersburg:                  #0       
INFO [03-26|17:50:39.405]  - Istanbul:                    #0       
INFO [03-26|17:50:39.405]  - Muir Glacier:                #0       
INFO [03-26|17:50:39.405]  - Berlin:                      #0       
INFO [03-26|17:50:39.405]  - London:                      #0       
INFO [03-26|17:50:39.405]  - Arrow Glacier:               #0       
INFO [03-26|17:50:39.405]  - Gray Glacier:                #0       
INFO [03-26|17:50:39.405] 
INFO [03-26|17:50:39.405] Merge configured:
INFO [03-26|17:50:39.405]  - Total terminal difficulty:  0
INFO [03-26|17:50:39.405]  - Merge netsplit block:       #0       
INFO [03-26|17:50:39.405] 
INFO [03-26|17:50:39.405] Post-Merge hard forks (timestamp based):
INFO [03-26|17:50:39.405]  - Shanghai:                    @0         
INFO [03-26|17:50:39.405]  - Cancun:                      @0          blob: (target: 3, max: 6, fraction: 3338477)
INFO [03-26|17:50:39.405]  - Prague:                      @0          blob: (target: 6, max: 9, fraction: 5225352)
INFO [03-26|17:50:39.405]  - Osaka:                       @4294967295 blob: (target: 9, max: 12, fraction: 5225352)
INFO [03-26|17:50:39.405] 
INFO [03-26|17:50:39.405] All fork specifications can be found at https://ethereum.github.io/execution-specs/src/ethereum/forks/
INFO [03-26|17:50:39.405] 
INFO [03-26|17:50:39.405] ---------------------------------------------------------------------------------------------------------------------------------------------------------
INFO [03-26|17:50:39.405] 
INFO [03-26|17:50:39.406] Loaded most recent local block           number=64084 hash=d992f1..4d840a age=23s
INFO [03-26|17:50:39.406] Loaded most recent local finalized block number=64064 hash=a4f6df..2e07cb age=5m28s
INFO [03-26|17:50:39.407] Initialized transaction indexer          range="last 2350000 blocks"
INFO [03-26|17:50:39.407] Initialized log indexer                  firstblock=0 lastblock=64084 firstmap=0 lastmap=4 headindexed=true
INFO [03-26|17:50:39.411] Enabled full-sync                        head=64084 hash=d992f1..4d840a
INFO [03-26|17:50:39.411] Unprotected transactions allowed
INFO [03-26|17:50:39.411] Gasprice oracle is ignoring threshold set threshold=2
INFO [03-26|17:50:39.412] Registered sync override service
WARN [03-26|17:50:39.412] You are running Geth in --dev mode. Please note the following:
WARN [03-26|17:50:39.412] 
WARN [03-26|17:50:39.412]   1. This mode is only intended for fast, iterative development without assumptions on
WARN [03-26|17:50:39.412]      security or persistence.
WARN [03-26|17:50:39.412]   2. The database is created in memory unless specified otherwise. Therefore, shutting down
WARN [03-26|17:50:39.412]      your computer or losing power will wipe your entire block data and chain state for
WARN [03-26|17:50:39.412]      your dev environment.
WARN [03-26|17:50:39.412]   3. A random, pre-allocated developer account will be available and unlocked as
WARN [03-26|17:50:39.412]      eth.coinbase, which can be used for testing. The random dev account is temporary,
WARN [03-26|17:50:39.412]      stored on a ramdisk, and will be lost if your machine is restarted.
WARN [03-26|17:50:39.412]   4. Mining is enabled by default. However, the client will only seal blocks if transactions
WARN [03-26|17:50:39.412]      are pending in the mempool. The miner's minimum accepted gas price is 1.
WARN [03-26|17:50:39.412]   5. Networking is disabled; there is no listen-address, the maximum number of peers is set
WARN [03-26|17:50:39.412]      to 0, and discovery is disabled.
WARN [03-26|17:50:39.412] 
INFO [03-26|17:50:39.412] Starting peer-to-peer node               instance=Geth/v1.17.2-unstable-5d0e18f7-20260325/linux-amd64/go1.24.1
WARN [03-26|17:50:39.412] P2P server will be useless, neither dialing nor listening
INFO [03-26|17:50:39.417] IPC endpoint opened                      url=/home/CPerezz/bintrie-benchmarks/mpt-vs-bintrie/dbs/mpt/geth.ipc
ERROR[03-26|17:50:39.417] Unavailable modules in HTTP API list     unavailable=[personal] available="[admin debug web3 eth txpool miner net dev testing]"
INFO [03-26|17:50:39.417] HTTP server started                      endpoint=[::]:8545 auth=false prefix= cors= vhosts=localhost
INFO [03-26|17:50:39.417] WebSocket enabled                        url=ws://[::]:8546
INFO [03-26|17:50:39.418] New local node record                    seq=1,774,465,405,943 id=9566f6e861acb2c3 ip=127.0.0.1 udp=0 tcp=0
INFO [03-26|17:50:39.418] Started P2P networking                   self=enode://7bcb27e0859fe4ed7072e298a58918cc0b55d08376b1207f77d84f6d0d34ded7448b64ab16dd00733b489383beff49c04f662afae4dd1dc102807640ff82a1cd@127.0.0.1:0
INFO [03-26|17:50:39.424] Loaded local transaction journal         transactions=105 dropped=0
INFO [03-26|17:50:40.901] Submitted contract creation              hash=0xd3be891efbe8d45956a2469503789dc7e4f3da844a97b5c3341ff737e13bd1dc from=0xf39Fd6e51aad88F6F4ce6aB8827279cffFb92266 nonce=148 contract=0x638A246F0Ec8883eF68280293FFE8Cfbabe61B44 value=0
INFO [03-26|17:50:40.903] Submitted transaction                    hash=0x8a07c59ff61c79cb02f326a052a280180c7562299185c9578d62bd2f29636b7f from=0xf39Fd6e51aad88F6F4ce6aB8827279cffFb92266 nonce=149 recipient=0x3066B004244Ac4ceDCFc21D8FCf2532a95acA5bE value=1,400,000,000
INFO [03-26|17:50:40.943] Started log indexer
INFO [03-26|17:50:40.951] Starting work on payload                 id=0x0370300d6f4a1c13
INFO [03-26|17:50:40.958] Updated payload                          id=0x0370300d6f4a1c13 number=64085 hash=4700d1..85af59 txs=2 withdrawals=0 gas=89662 fees=4.4831e-13 root=ff64c2..b74461 elapsed=6.253ms
INFO [03-26|17:50:40.958] Stopping work on payload                 id=0x0370300d6f4a1c13 reason=delivery
WARN [03-26|17:50:40.964] {"level":"warn","msg":"Slow block","block":{"number":64085,"hash":"0x4700d182c23ba96ce5535b2fcb6593d617b57ab84c353470697480119c85af59","gas_used":89662,"tx_count":2},"timing":{"execution_ms":0.048901,"state_read_ms":0.104488,"state_hash_ms":0.761466,"commit_ms":4.661114,"total_ms":5.64934},"throughput":{"mgas_per_sec":15.871234515890352},"state_reads":{"accounts":11,"storage_slots":0,"code":0,"code_bytes":0},"state_writes":{"accounts":3,"accounts_deleted":0,"storage_slots":0,"storage_slots_deleted":0,"code":1,"code_bytes":72},"cache":{"account":{"hits":4,"misses":7,"hit_rate":36.36363636363637},"storage":{"hits":0,"misses":0,"hit_rate":0},"code":{"hits":0,"misses":0,"hit_rate":0,"hit_bytes":0,"miss_bytes":0}}}
INFO [03-26|17:50:40.964] Imported new potential chain segment     number=64085 hash=4700d1..85af59 blocks=1 txs=2 mgas=0.090 elapsed=5.819ms mgasps=15.406 triediffs=203.65MiB triedirty=0.00B
INFO [03-26|17:50:40.964] Ready for fork activation                fork=Osaka date="07 Feb 06 07:28 CET" remaining=700117h37m34s timestamp=4,294,967,295
INFO [03-26|17:50:40.964] Chain head was updated                   number=64085 hash=4700d1..85af59 root=ff64c2..b74461 elapsed="117.449µs"
INFO [03-26|17:50:41.918] Submitted transaction                    hash=0x8737c1a31d5924683c8f2a743f6255e18e7bf0731cbfa28e9dcbf6e845963eab from=0x3066B004244Ac4ceDCFc21D8FCf2532a95acA5bE nonce=0   recipient=0x638A246F0Ec8883eF68280293FFE8Cfbabe61B44 value=0
INFO [03-26|17:50:50.968] Starting work on payload                 id=0x034d9eaf29cace42
WARN [03-26|17:50:58.272] Block building is interrupted            allowance=2s
INFO [03-26|17:50:58.272] Updated payload                          id=0x034d9eaf29cace42 number=64086 hash=8c056b..4f3296 txs=1 withdrawals=0 gas=100,000,000 fees=6e-10      root=48e26d..2df058 elapsed=7.304s
WARN [03-26|17:51:03.485] Block building is interrupted            allowance=2s
INFO [03-26|17:51:03.485] Stopping work on payload                 id=0x034d9eaf29cace42 reason=delivery
WARN [03-26|17:51:03.516] {"level":"warn","msg":"Slow block","block":{"number":64086,"hash":"0x8c056b94382d3b892bf2f16986cb066085ab78f76dd78975a4bab2a99f4f3296","gas_used":100000000,"tx_count":1},"timing":{"execution_ms":270.482964,"state_read_ms":4940.52092,"state_hash_ms":0.077768,"commit_ms":30.675088,"total_ms":5241.844622},"throughput":{"mgas_per_sec":19.077253755347957},"state_reads":{"accounts":8,"storage_slots":36742,"code":2,"code_bytes":1416},"state_writes":{"accounts":2,"accounts_deleted":0,"storage_slots":0,"storage_slots_deleted":0,"code":0,"code_bytes":0},"cache":{"account":{"hits":3,"misses":5,"hit_rate":37.5},"storage":{"hits":1976,"misses":34766,"hit_rate":5.378041478417071},"code":{"hits":2,"misses":0,"hit_rate":100,"hit_bytes":1416,"miss_bytes":0}}}
INFO [03-26|17:51:03.516] Imported new potential chain segment     number=64086 hash=8c056b..4f3296 blocks=1 txs=1 mgas=100.000 elapsed=5.242s      mgasps=19.074 triediffs=200.74MiB triedirty=0.00B
INFO [03-26|17:51:03.516] Chain head was updated                   number=64086 hash=8c056b..4f3296 root=48e26d..2df058 elapsed="52.929µs"
