INFO [03-26|18:24:21.868] Starting Geth on Ethereum mainnet...
INFO [03-26|18:24:21.869] Maximum peer count                       ETH=0 total=0
INFO [03-26|18:24:21.870] Smartcard socket not found, disabling    err="stat /run/pcscd/pcscd.comm: no such file or directory"
WARN [03-26|18:24:21.873] Option --miner.etherbase is deprecated as the etherbase is set by the consensus client post-merge
WARN [03-26|18:24:21.874] Snap sync requested, resetting --cache.snapshot
INFO [03-26|18:24:21.874] Global gas cap disabled
INFO [03-26|18:24:22.522] Using developer account                  address=0xf39Fd6e51aad88F6F4ce6aB8827279cffFb92266
INFO [03-26|18:24:22.764] Using pebble as the backing database
INFO [03-26|18:24:22.764] Allocated cache and file handles         database=/home/CPerezz/bintrie-benchmarks/mpt-vs-bintrie/dbs/mpt/geth/chaindata cache=16.00MiB handles=524,288
INFO [03-26|18:24:25.000] Opened ancient database                  database=/home/CPerezz/bintrie-benchmarks/mpt-vs-bintrie/dbs/mpt/geth/chaindata/ancient/chain readonly=true
INFO [03-26|18:24:25.000] Opened Era store                         datadir=/home/CPerezz/bintrie-benchmarks/mpt-vs-bintrie/dbs/mpt/geth/chaindata/ancient/chain/era
INFO [03-26|18:24:25.008] Initializing the KZG library             backend=gokzg
INFO [03-26|18:24:25.009] Allocated trie memory caches             clean=0.00B dirty=0.00B
INFO [03-26|18:24:25.085] Using pebble as the backing database
INFO [03-26|18:24:25.085] Allocated cache and file handles         database=/home/CPerezz/bintrie-benchmarks/mpt-vs-bintrie/dbs/mpt/geth/chaindata cache=16.00MiB handles=524,288
INFO [03-26|18:24:26.422] Opened ancient database                  database=/home/CPerezz/bintrie-benchmarks/mpt-vs-bintrie/dbs/mpt/geth/chaindata/ancient/chain readonly=false
INFO [03-26|18:24:26.423] Opened Era store                         datadir=/home/CPerezz/bintrie-benchmarks/mpt-vs-bintrie/dbs/mpt/geth/chaindata/ancient/chain/era
INFO [03-26|18:24:26.424] State scheme set to already existing     scheme=path
INFO [03-26|18:24:26.426] Initialising Ethereum protocol           network=1337 dbversion=9
INFO [03-26|18:24:26.426] Load database journal from file          path=/home/CPerezz/bintrie-benchmarks/mpt-vs-bintrie/dbs/mpt/geth/triedb/merkle.journal
INFO [03-26|18:24:26.442] Opened ancient database                  database=/home/CPerezz/bintrie-benchmarks/mpt-vs-bintrie/dbs/mpt/geth/chaindata/ancient/state readonly=false
INFO [03-26|18:24:26.444] Initialized path database                triecache=0.00B statecache=0.00B buffer=0.00B state-history="last 90000 blocks" journal-dir=/home/CPerezz/bintrie-benchmarks/mpt-vs-bintrie/dbs/mpt/geth/triedb
INFO [03-26|18:24:26.444] 
INFO [03-26|18:24:26.444] ---------------------------------------------------------------------------------------------------------------------------------------------------------
INFO [03-26|18:24:26.444] Chain ID:  1337 (unknown)
INFO [03-26|18:24:26.444] Consensus: unknown
INFO [03-26|18:24:26.444] 
INFO [03-26|18:24:26.444] Pre-Merge hard forks (block based):
INFO [03-26|18:24:26.444]  - Homestead:                   #0       
INFO [03-26|18:24:26.444]  - Tangerine Whistle (EIP 150): #0       
INFO [03-26|18:24:26.444]  - Spurious Dragon/1 (EIP 155): #0       
INFO [03-26|18:24:26.444]  - Spurious Dragon/2 (EIP 158): #0       
INFO [03-26|18:24:26.444]  - Byzantium:                   #0       
INFO [03-26|18:24:26.444]  - Constantinople:              #0       
INFO [03-26|18:24:26.444]  - Petersburg:                  #0       
INFO [03-26|18:24:26.444]  - Istanbul:                    #0       
INFO [03-26|18:24:26.444]  - Muir Glacier:                #0       
INFO [03-26|18:24:26.444]  - Berlin:                      #0       
INFO [03-26|18:24:26.444]  - London:                      #0       
INFO [03-26|18:24:26.444]  - Arrow Glacier:               #0       
INFO [03-26|18:24:26.444]  - Gray Glacier:                #0       
INFO [03-26|18:24:26.444] 
INFO [03-26|18:24:26.444] Merge configured:
INFO [03-26|18:24:26.444]  - Total terminal difficulty:  0
INFO [03-26|18:24:26.444]  - Merge netsplit block:       #0       
INFO [03-26|18:24:26.444] 
INFO [03-26|18:24:26.444] Post-Merge hard forks (timestamp based):
INFO [03-26|18:24:26.444]  - Shanghai:                    @0         
INFO [03-26|18:24:26.444]  - Cancun:                      @0          blob: (target: 3, max: 6, fraction: 3338477)
INFO [03-26|18:24:26.444]  - Prague:                      @0          blob: (target: 6, max: 9, fraction: 5225352)
INFO [03-26|18:24:26.444]  - Osaka:                       @4294967295 blob: (target: 9, max: 12, fraction: 5225352)
INFO [03-26|18:24:26.444] 
INFO [03-26|18:24:26.444] All fork specifications can be found at https://ethereum.github.io/execution-specs/src/ethereum/forks/
INFO [03-26|18:24:26.444] 
INFO [03-26|18:24:26.444] ---------------------------------------------------------------------------------------------------------------------------------------------------------
INFO [03-26|18:24:26.444] 
INFO [03-26|18:24:26.445] Loaded most recent local block           number=64227 hash=ddec48..3e814c age=20s
INFO [03-26|18:24:26.445] Loaded most recent local finalized block number=64224 hash=3595e1..941170 age=1m1s
INFO [03-26|18:24:26.445] Initialized transaction indexer          range="last 2350000 blocks"
INFO [03-26|18:24:26.445] Initialized log indexer                  firstblock=0 lastblock=64227 firstmap=0 lastmap=4 headindexed=true
INFO [03-26|18:24:26.461] Enabled full-sync                        head=64227 hash=ddec48..3e814c
INFO [03-26|18:24:26.462] Unprotected transactions allowed
INFO [03-26|18:24:26.462] Gasprice oracle is ignoring threshold set threshold=2
INFO [03-26|18:24:26.462] Registered sync override service
WARN [03-26|18:24:26.462] You are running Geth in --dev mode. Please note the following:
WARN [03-26|18:24:26.462] 
WARN [03-26|18:24:26.462]   1. This mode is only intended for fast, iterative development without assumptions on
WARN [03-26|18:24:26.462]      security or persistence.
WARN [03-26|18:24:26.462]   2. The database is created in memory unless specified otherwise. Therefore, shutting down
WARN [03-26|18:24:26.462]      your computer or losing power will wipe your entire block data and chain state for
WARN [03-26|18:24:26.462]      your dev environment.
WARN [03-26|18:24:26.462]   3. A random, pre-allocated developer account will be available and unlocked as
WARN [03-26|18:24:26.462]      eth.coinbase, which can be used for testing. The random dev account is temporary,
WARN [03-26|18:24:26.462]      stored on a ramdisk, and will be lost if your machine is restarted.
WARN [03-26|18:24:26.462]   4. Mining is enabled by default. However, the client will only seal blocks if transactions
WARN [03-26|18:24:26.462]      are pending in the mempool. The miner's minimum accepted gas price is 1.
WARN [03-26|18:24:26.462]   5. Networking is disabled; there is no listen-address, the maximum number of peers is set
WARN [03-26|18:24:26.462]      to 0, and discovery is disabled.
WARN [03-26|18:24:26.462] 
INFO [03-26|18:24:26.462] Starting peer-to-peer node               instance=Geth/v1.17.2-unstable-5d0e18f7-20260325/linux-amd64/go1.24.1
WARN [03-26|18:24:26.462] P2P server will be useless, neither dialing nor listening
INFO [03-26|18:24:26.467] IPC endpoint opened                      url=/home/CPerezz/bintrie-benchmarks/mpt-vs-bintrie/dbs/mpt/geth.ipc
ERROR[03-26|18:24:26.467] Unavailable modules in HTTP API list     unavailable=[personal] available="[admin debug web3 eth txpool miner net dev testing]"
INFO [03-26|18:24:26.467] HTTP server started                      endpoint=[::]:8545 auth=false prefix= cors= vhosts=localhost
INFO [03-26|18:24:26.467] WebSocket enabled                        url=ws://[::]:8546
INFO [03-26|18:24:26.468] New local node record                    seq=1,774,465,405,991 id=9566f6e861acb2c3 ip=127.0.0.1 udp=0 tcp=0
INFO [03-26|18:24:26.468] Started P2P networking                   self=enode://7bcb27e0859fe4ed7072e298a58918cc0b55d08376b1207f77d84f6d0d34ded7448b64ab16dd00733b489383beff49c04f662afae4dd1dc102807640ff82a1cd@127.0.0.1:0
INFO [03-26|18:24:26.479] Loaded local transaction journal         transactions=249 dropped=0
INFO [03-26|18:24:27.594] Started log indexer
INFO [03-26|18:24:27.603] Starting work on payload                 id=0x032a8eb6e2451871
INFO [03-26|18:24:27.603] Updated payload                          id=0x032a8eb6e2451871 number=64228 hash=fd68b6..e304c6 txs=0 withdrawals=0 gas=0 fees=0 root=190d71..ded940 elapsed="132.04µs"
INFO [03-26|18:24:27.603] Stopping work on payload                 id=0x032a8eb6e2451871 reason=delivery
WARN [03-26|18:24:27.608] {"level":"warn","msg":"Slow block","block":{"number":64228,"hash":"0xfd68b678b29b392b58213ba89c87233462f21c980624c80823873cc079e304c6","gas_used":0,"tx_count":0},"timing":{"execution_ms":0.02387,"state_read_ms":0.694857,"state_hash_ms":0.007981,"commit_ms":0.08734,"total_ms":0.894946},"throughput":{"mgas_per_sec":0},"state_reads":{"accounts":4,"storage_slots":0,"code":0,"code_bytes":0},"state_writes":{"accounts":0,"accounts_deleted":0,"storage_slots":0,"storage_slots_deleted":0,"code":0,"code_bytes":0},"cache":{"account":{"hits":0,"misses":4,"hit_rate":0},"storage":{"hits":0,"misses":0,"hit_rate":0},"code":{"hits":0,"misses":0,"hit_rate":0,"hit_bytes":0,"miss_bytes":0}}}
INFO [03-26|18:24:27.608] Imported new potential chain segment     number=64228 hash=fd68b6..e304c6 blocks=1 txs=0 mgas=0.000 elapsed=4.819ms    mgasps=0.000 triediffs=1.20MiB triedirty=0.00B
INFO [03-26|18:24:27.608] Ready for fork activation                fork=Osaka date="07 Feb 06 07:28 CET" remaining=700117h3m47s timestamp=4,294,967,295
INFO [03-26|18:24:27.609] Chain head was updated                   number=64228 hash=fd68b6..e304c6 root=190d71..ded940 elapsed="39.46µs"
INFO [03-26|18:24:28.159] Submitted contract creation              hash=0x8920508395616968adc40ec237ecfef21a5ddcd1400006015b54b0adc651d5bf from=0xf39Fd6e51aad88F6F4ce6aB8827279cffFb92266 nonce=244 contract=0x871ACbEabBaf8Bed65c22ba7132beCFaBf8c27B5 value=0
INFO [03-26|18:24:28.161] Submitted transaction                    hash=0x03a357a10294a6027a2d4083079fe9dbef8d2f05884deec62019e1752f595d67 from=0xf39Fd6e51aad88F6F4ce6aB8827279cffFb92266 nonce=245 recipient=0x7130232b27E210CDEe61185880EFd260df8b224c value=1,600,000,000
INFO [03-26|18:24:37.611] Starting work on payload                 id=0x03493a6e77e26b09
INFO [03-26|18:24:37.621] Updated payload                          id=0x03493a6e77e26b09 number=64229 hash=af3889..d5fb12 txs=2 withdrawals=0 gas=89662 fees=7.17296e-13 root=c02785..63d6d2 elapsed=9.518ms
INFO [03-26|18:24:37.621] Stopping work on payload                 id=0x03493a6e77e26b09 reason=delivery
WARN [03-26|18:24:37.624] {"level":"warn","msg":"Slow block","block":{"number":64229,"hash":"0xaf3889efc1f90f1ce251e1b46fdc506511c5cc6c5469297ea4c160e6b9d5fb12","gas_used":89662,"tx_count":2},"timing":{"execution_ms":0.063339,"state_read_ms":0.162729,"state_hash_ms":0.500307,"commit_ms":1.376882,"total_ms":2.162968},"throughput":{"mgas_per_sec":41.453225382899795},"state_reads":{"accounts":11,"storage_slots":0,"code":0,"code_bytes":0},"state_writes":{"accounts":3,"accounts_deleted":0,"storage_slots":0,"storage_slots_deleted":0,"code":1,"code_bytes":72},"cache":{"account":{"hits":4,"misses":7,"hit_rate":36.36363636363637},"storage":{"hits":0,"misses":0,"hit_rate":0},"code":{"hits":0,"misses":0,"hit_rate":0,"hit_bytes":0,"miss_bytes":0}}}
INFO [03-26|18:24:37.624] Imported new potential chain segment     number=64229 hash=af3889..d5fb12 blocks=1 txs=2 mgas=0.090 elapsed=2.934ms    mgasps=30.550 triediffs=1.20MiB triedirty=0.00B
INFO [03-26|18:24:37.625] Chain head was updated                   number=64229 hash=af3889..d5fb12 root=c02785..63d6d2 elapsed="276.579µs"
INFO [03-26|18:24:38.245] Submitted transaction                    hash=0x105dbd3626ac18f32f31d3239b1ccb312d7b9b3744fda7ed5e6561f8c28819eb from=0x7130232b27E210CDEe61185880EFd260df8b224c nonce=0   recipient=0x871ACbEabBaf8Bed65c22ba7132beCFaBf8c27B5 value=0
INFO [03-26|18:24:47.627] Starting work on payload                 id=0x0338a5457e8d5249
WARN [03-26|18:24:55.053] Block building is interrupted            allowance=2s
INFO [03-26|18:24:55.054] Updated payload                          id=0x0338a5457e8d5249 number=64230 hash=ce163c..78480b txs=1 withdrawals=0 gas=100,000,000 fees=8e-10       root=6797b3..5dd97b elapsed=7.427s
WARN [03-26|18:25:00.122] Block building is interrupted            allowance=2s
INFO [03-26|18:25:00.123] Stopping work on payload                 id=0x0338a5457e8d5249 reason=delivery
WARN [03-26|18:25:00.145] {"level":"warn","msg":"Slow block","block":{"number":64230,"hash":"0xce163cbaa2e7c2d516ae50bb0ff70c200656150865f63271b3597fc83978480b","gas_used":100000000,"tx_count":1},"timing":{"execution_ms":284.494487,"state_read_ms":4782.368668,"state_hash_ms":0.08035,"commit_ms":22.605564,"total_ms":5089.666628},"throughput":{"mgas_per_sec":19.64765225483841},"state_reads":{"accounts":8,"storage_slots":36742,"code":2,"code_bytes":1416},"state_writes":{"accounts":2,"accounts_deleted":0,"storage_slots":0,"storage_slots_deleted":0,"code":0,"code_bytes":0},"cache":{"account":{"hits":4,"misses":4,"hit_rate":50},"storage":{"hits":2260,"misses":34482,"hit_rate":6.1509988568940175},"code":{"hits":2,"misses":0,"hit_rate":100,"hit_bytes":1416,"miss_bytes":0}}}
INFO [03-26|18:25:00.146] Imported new potential chain segment     number=64230 hash=ce163c..78480b blocks=1 txs=1 mgas=100.000 elapsed=5.090s      mgasps=19.643 triediffs=1.20MiB triedirty=0.00B
INFO [03-26|18:25:00.146] Chain head was updated                   number=64230 hash=ce163c..78480b root=6797b3..5dd97b elapsed="40.6µs"
