INFO [03-26|18:03:34.645] Starting Geth on Ethereum mainnet...
INFO [03-26|18:03:34.648] Maximum peer count                       ETH=0 total=0
INFO [03-26|18:03:34.650] Smartcard socket not found, disabling    err="stat /run/pcscd/pcscd.comm: no such file or directory"
WARN [03-26|18:03:34.653] Option --miner.etherbase is deprecated as the etherbase is set by the consensus client post-merge
WARN [03-26|18:03:34.655] Snap sync requested, resetting --cache.snapshot
INFO [03-26|18:03:34.655] Global gas cap disabled
INFO [03-26|18:03:35.310] Using developer account                  address=0xf39Fd6e51aad88F6F4ce6aB8827279cffFb92266
INFO [03-26|18:03:35.569] Using pebble as the backing database
INFO [03-26|18:03:35.570] Allocated cache and file handles         database=/home/CPerezz/bintrie-benchmarks/mpt-vs-bintrie/dbs/mpt/geth/chaindata cache=16.00MiB handles=524,288
INFO [03-26|18:03:37.784] Opened ancient database                  database=/home/CPerezz/bintrie-benchmarks/mpt-vs-bintrie/dbs/mpt/geth/chaindata/ancient/chain readonly=true
INFO [03-26|18:03:37.784] Opened Era store                         datadir=/home/CPerezz/bintrie-benchmarks/mpt-vs-bintrie/dbs/mpt/geth/chaindata/ancient/chain/era
INFO [03-26|18:03:37.793] Initializing the KZG library             backend=gokzg
INFO [03-26|18:03:37.796] Allocated trie memory caches             clean=0.00B dirty=0.00B
INFO [03-26|18:03:37.898] Using pebble as the backing database
INFO [03-26|18:03:37.898] Allocated cache and file handles         database=/home/CPerezz/bintrie-benchmarks/mpt-vs-bintrie/dbs/mpt/geth/chaindata cache=16.00MiB handles=524,288
INFO [03-26|18:03:39.217] Opened ancient database                  database=/home/CPerezz/bintrie-benchmarks/mpt-vs-bintrie/dbs/mpt/geth/chaindata/ancient/chain readonly=false
INFO [03-26|18:03:39.217] Opened Era store                         datadir=/home/CPerezz/bintrie-benchmarks/mpt-vs-bintrie/dbs/mpt/geth/chaindata/ancient/chain/era
INFO [03-26|18:03:39.218] State scheme set to already existing     scheme=path
INFO [03-26|18:03:39.220] Initialising Ethereum protocol           network=1337 dbversion=9
INFO [03-26|18:03:39.221] Load database journal from file          path=/home/CPerezz/bintrie-benchmarks/mpt-vs-bintrie/dbs/mpt/geth/triedb/merkle.journal
INFO [03-26|18:03:39.660] Opened ancient database                  database=/home/CPerezz/bintrie-benchmarks/mpt-vs-bintrie/dbs/mpt/geth/chaindata/ancient/state readonly=false
INFO [03-26|18:03:39.661] Initialized path database                triecache=0.00B statecache=0.00B buffer=0.00B state-history="last 90000 blocks" journal-dir=/home/CPerezz/bintrie-benchmarks/mpt-vs-bintrie/dbs/mpt/geth/triedb
INFO [03-26|18:03:39.661] 
INFO [03-26|18:03:39.661] ---------------------------------------------------------------------------------------------------------------------------------------------------------
INFO [03-26|18:03:39.661] Chain ID:  1337 (unknown)
INFO [03-26|18:03:39.661] Consensus: unknown
INFO [03-26|18:03:39.661] 
INFO [03-26|18:03:39.661] Pre-Merge hard forks (block based):
INFO [03-26|18:03:39.661]  - Homestead:                   #0       
INFO [03-26|18:03:39.661]  - Tangerine Whistle (EIP 150): #0       
INFO [03-26|18:03:39.661]  - Spurious Dragon/1 (EIP 155): #0       
INFO [03-26|18:03:39.661]  - Spurious Dragon/2 (EIP 158): #0       
INFO [03-26|18:03:39.661]  - Byzantium:                   #0       
INFO [03-26|18:03:39.661]  - Constantinople:              #0       
INFO [03-26|18:03:39.661]  - Petersburg:                  #0       
INFO [03-26|18:03:39.661]  - Istanbul:                    #0       
INFO [03-26|18:03:39.661]  - Muir Glacier:                #0       
INFO [03-26|18:03:39.661]  - Berlin:                      #0       
INFO [03-26|18:03:39.661]  - London:                      #0       
INFO [03-26|18:03:39.661]  - Arrow Glacier:               #0       
INFO [03-26|18:03:39.661]  - Gray Glacier:                #0       
INFO [03-26|18:03:39.661] 
INFO [03-26|18:03:39.661] Merge configured:
INFO [03-26|18:03:39.661]  - Total terminal difficulty:  0
INFO [03-26|18:03:39.661]  - Merge netsplit block:       #0       
INFO [03-26|18:03:39.661] 
INFO [03-26|18:03:39.661] Post-Merge hard forks (timestamp based):
INFO [03-26|18:03:39.661]  - Shanghai:                    @0         
INFO [03-26|18:03:39.661]  - Cancun:                      @0          blob: (target: 3, max: 6, fraction: 3338477)
INFO [03-26|18:03:39.661]  - Prague:                      @0          blob: (target: 6, max: 9, fraction: 5225352)
INFO [03-26|18:03:39.661]  - Osaka:                       @4294967295 blob: (target: 9, max: 12, fraction: 5225352)
INFO [03-26|18:03:39.661] 
INFO [03-26|18:03:39.661] All fork specifications can be found at https://ethereum.github.io/execution-specs/src/ethereum/forks/
INFO [03-26|18:03:39.661] 
INFO [03-26|18:03:39.661] ---------------------------------------------------------------------------------------------------------------------------------------------------------
INFO [03-26|18:03:39.661] 
INFO [03-26|18:03:39.662] Loaded most recent local block           number=64137 hash=edb614..239729 age=22s
INFO [03-26|18:03:39.662] Loaded most recent local finalized block number=64128 hash=04b738..bb55b3 age=2m32s
INFO [03-26|18:03:39.663] Initialized transaction indexer          range="last 2350000 blocks"
INFO [03-26|18:03:39.663] Initialized log indexer                  firstblock=0 lastblock=64137 firstmap=0 lastmap=4 headindexed=true
INFO [03-26|18:03:39.680] Enabled full-sync                        head=64137 hash=edb614..239729
INFO [03-26|18:03:39.681] Unprotected transactions allowed
INFO [03-26|18:03:39.681] Gasprice oracle is ignoring threshold set threshold=2
INFO [03-26|18:03:39.681] Registered sync override service
WARN [03-26|18:03:39.681] You are running Geth in --dev mode. Please note the following:
WARN [03-26|18:03:39.681] 
WARN [03-26|18:03:39.681]   1. This mode is only intended for fast, iterative development without assumptions on
WARN [03-26|18:03:39.681]      security or persistence.
WARN [03-26|18:03:39.681]   2. The database is created in memory unless specified otherwise. Therefore, shutting down
WARN [03-26|18:03:39.681]      your computer or losing power will wipe your entire block data and chain state for
WARN [03-26|18:03:39.681]      your dev environment.
WARN [03-26|18:03:39.681]   3. A random, pre-allocated developer account will be available and unlocked as
WARN [03-26|18:03:39.681]      eth.coinbase, which can be used for testing. The random dev account is temporary,
WARN [03-26|18:03:39.681]      stored on a ramdisk, and will be lost if your machine is restarted.
WARN [03-26|18:03:39.681]   4. Mining is enabled by default. However, the client will only seal blocks if transactions
WARN [03-26|18:03:39.681]      are pending in the mempool. The miner's minimum accepted gas price is 1.
WARN [03-26|18:03:39.681]   5. Networking is disabled; there is no listen-address, the maximum number of peers is set
WARN [03-26|18:03:39.681]      to 0, and discovery is disabled.
WARN [03-26|18:03:39.681] 
INFO [03-26|18:03:39.681] Starting peer-to-peer node               instance=Geth/v1.17.2-unstable-5d0e18f7-20260325/linux-amd64/go1.24.1
WARN [03-26|18:03:39.681] P2P server will be useless, neither dialing nor listening
INFO [03-26|18:03:39.690] IPC endpoint opened                      url=/home/CPerezz/bintrie-benchmarks/mpt-vs-bintrie/dbs/mpt/geth.ipc
ERROR[03-26|18:03:39.690] Unavailable modules in HTTP API list     unavailable=[personal] available="[admin debug web3 eth txpool miner net dev testing]"
INFO [03-26|18:03:39.691] HTTP server started                      endpoint=[::]:8545 auth=false prefix= cors= vhosts=localhost
INFO [03-26|18:03:39.691] WebSocket enabled                        url=ws://[::]:8546
INFO [03-26|18:03:39.691] New local node record                    seq=1,774,465,405,961 id=9566f6e861acb2c3 ip=127.0.0.1 udp=0 tcp=0
INFO [03-26|18:03:39.691] Started P2P networking                   self=enode://7bcb27e0859fe4ed7072e298a58918cc0b55d08376b1207f77d84f6d0d34ded7448b64ab16dd00733b489383beff49c04f662afae4dd1dc102807640ff82a1cd@127.0.0.1:0
INFO [03-26|18:03:39.701] Loaded local transaction journal         transactions=159 dropped=0
INFO [03-26|18:03:40.746] Started log indexer
INFO [03-26|18:03:40.754] Starting work on payload                 id=0x036c8d01ec5ae42e
INFO [03-26|18:03:40.755] Updated payload                          id=0x036c8d01ec5ae42e number=64138 hash=2004f6..f1c520 txs=0 withdrawals=0 gas=0 fees=0 root=39b032..81766f elapsed="154.089µs"
INFO [03-26|18:03:40.755] Stopping work on payload                 id=0x036c8d01ec5ae42e reason=delivery
WARN [03-26|18:03:40.757] {"level":"warn","msg":"Slow block","block":{"number":64138,"hash":"0x2004f60274436883c007c312589ed5142d0f61cd63d6c507c8c75f9f39f1c520","gas_used":0,"tx_count":0},"timing":{"execution_ms":0.01005,"state_read_ms":0.05196,"state_hash_ms":0.00945,"commit_ms":0.0491,"total_ms":0.15614},"throughput":{"mgas_per_sec":0},"state_reads":{"accounts":4,"storage_slots":0,"code":0,"code_bytes":0},"state_writes":{"accounts":0,"accounts_deleted":0,"storage_slots":0,"storage_slots_deleted":0,"code":0,"code_bytes":0},"cache":{"account":{"hits":0,"misses":4,"hit_rate":0},"storage":{"hits":0,"misses":0,"hit_rate":0},"code":{"hits":0,"misses":0,"hit_rate":0,"hit_bytes":0,"miss_bytes":0}}}
INFO [03-26|18:03:40.757] Imported new potential chain segment     number=64138 hash=2004f6..f1c520 blocks=1 txs=0 mgas=0.000 elapsed=2.281ms     mgasps=0.000 triediffs=79.60MiB triedirty=0.00B
INFO [03-26|18:03:40.757] Ready for fork activation                fork=Osaka date="07 Feb 06 07:28 CET" remaining=700117h24m34s timestamp=4,294,967,295
INFO [03-26|18:03:40.758] Chain head was updated                   number=64138 hash=2004f6..f1c520 root=39b032..81766f elapsed="36.82µs"
INFO [03-26|18:03:40.918] Submitted contract creation              hash=0xb93ff5412f4c00de3e311add1948865e3fb5146197bfce2df4e8bc2cb0b38b76 from=0xf39Fd6e51aad88F6F4ce6aB8827279cffFb92266 nonce=184 contract=0x1780bCf4103D3F501463AD3414c7f4b654bb7aFd value=0
INFO [03-26|18:03:40.920] Submitted transaction                    hash=0x7dd7a44069f3da9c62c99b57f9986daf037801feaa0e12f8cd1288c347d9cc5c from=0xf39Fd6e51aad88F6F4ce6aB8827279cffFb92266 nonce=185 recipient=0x44406BD5A9AcB91Dfa0CD6c900b97D52D36b0d81 value=1,600,000,000
INFO [03-26|18:03:50.761] Starting work on payload                 id=0x031847c16fc1b08c
INFO [03-26|18:03:50.770] Updated payload                          id=0x031847c16fc1b08c number=64139 hash=958a38..cb9c20 txs=2 withdrawals=0 gas=89662 fees=7.17296e-13 root=57214d..d26e51 elapsed=8.277ms
INFO [03-26|18:03:50.770] Stopping work on payload                 id=0x031847c16fc1b08c reason=delivery
WARN [03-26|18:03:50.777] {"level":"warn","msg":"Slow block","block":{"number":64139,"hash":"0x958a386f8df406fa605a2dbc9e67bf95888b44a8325b0ef9710fbca53dcb9c20","gas_used":89662,"tx_count":2},"timing":{"execution_ms":0.202889,"state_read_ms":0.846796,"state_hash_ms":0.742016,"commit_ms":4.790353,"total_ms":6.666494},"throughput":{"mgas_per_sec":13.44964834589216},"state_reads":{"accounts":11,"storage_slots":0,"code":0,"code_bytes":0},"state_writes":{"accounts":3,"accounts_deleted":0,"storage_slots":0,"storage_slots_deleted":0,"code":1,"code_bytes":72},"cache":{"account":{"hits":7,"misses":4,"hit_rate":63.63636363636363},"storage":{"hits":0,"misses":0,"hit_rate":0},"code":{"hits":0,"misses":0,"hit_rate":0,"hit_bytes":0,"miss_bytes":0}}}
INFO [03-26|18:03:50.777] Imported new potential chain segment     number=64139 hash=958a38..cb9c20 blocks=1 txs=2 mgas=0.090 elapsed=6.776ms     mgasps=13.232 triediffs=75.40MiB triedirty=0.00B
INFO [03-26|18:03:50.777] Chain head was updated                   number=64139 hash=958a38..cb9c20 root=57214d..d26e51 elapsed="93.85µs"
INFO [03-26|18:03:51.004] Submitted transaction                    hash=0x397d0ec7b8215877f9409dfe6b7d37f849c7de429b69c892ed1c3a9252ebf7a3 from=0x44406BD5A9AcB91Dfa0CD6c900b97D52D36b0d81 nonce=0   recipient=0x1780bCf4103D3F501463AD3414c7f4b654bb7aFd value=0
INFO [03-26|18:04:00.780] Starting work on payload                 id=0x0334db4cb98a65f4
WARN [03-26|18:04:08.511] Block building is interrupted            allowance=2s
INFO [03-26|18:04:08.512] Updated payload                          id=0x0334db4cb98a65f4 number=64140 hash=da21ab..8bf110 txs=1 withdrawals=0 gas=100,000,000 fees=8e-10       root=65037b..12cd53 elapsed=7.731s
WARN [03-26|18:04:13.987] {"level":"warn","msg":"Slow block","block":{"number":64140,"hash":"0xda21ab4cb2cbe69d4e579504f2ef636550298b8237affa9f30008eab298bf110","gas_used":100000000,"tx_count":1},"timing":{"execution_ms":268.142908,"state_read_ms":5169.781151,"state_hash_ms":0.06926,"commit_ms":34.593826,"total_ms":5472.680465},"throughput":{"mgas_per_sec":18.272581532859512},"state_reads":{"accounts":8,"storage_slots":36742,"code":2,"code_bytes":1416},"state_writes":{"accounts":2,"accounts_deleted":0,"storage_slots":0,"storage_slots_deleted":0,"code":0,"code_bytes":0},"cache":{"account":{"hits":3,"misses":5,"hit_rate":37.5},"storage":{"hits":2383,"misses":34359,"hit_rate":6.485765608840019},"code":{"hits":2,"misses":0,"hit_rate":100,"hit_bytes":1416,"miss_bytes":0}}}
INFO [03-26|18:04:13.987] Imported new potential chain segment     number=64140 hash=da21ab..8bf110 blocks=1 txs=1 mgas=100.000 elapsed=5.473s      mgasps=18.269 triediffs=72.47MiB triedirty=0.00B
INFO [03-26|18:04:13.988] Chain head was updated                   number=64140 hash=da21ab..8bf110 root=65037b..12cd53 elapsed="108.9µs"
WARN [03-26|18:04:14.303] Block building is interrupted            allowance=2s
INFO [03-26|18:04:14.303] Stopping work on payload                 id=0x0334db4cb98a65f4 reason=delivery
