INFO [03-26|20:19:12.823] Starting Geth on Ethereum mainnet...
INFO [03-26|20:19:12.824] Maximum peer count                       ETH=0 total=0
INFO [03-26|20:19:12.825] Smartcard socket not found, disabling    err="stat /run/pcscd/pcscd.comm: no such file or directory"
WARN [03-26|20:19:12.826] Option --miner.etherbase is deprecated as the etherbase is set by the consensus client post-merge
WARN [03-26|20:19:12.827] Snap sync requested, resetting --cache.snapshot
INFO [03-26|20:19:12.827] Global gas cap disabled
INFO [03-26|20:19:13.471] Using developer account                  address=0xf39Fd6e51aad88F6F4ce6aB8827279cffFb92266
INFO [03-26|20:19:13.638] Using pebble as the backing database
INFO [03-26|20:19:13.638] Allocated cache and file handles         database=/home/CPerezz/bintrie-benchmarks/mpt-vs-bintrie/dbs/mpt/geth/chaindata cache=16.00MiB handles=524,288
INFO [03-26|20:19:14.758] Opened ancient database                  database=/home/CPerezz/bintrie-benchmarks/mpt-vs-bintrie/dbs/mpt/geth/chaindata/ancient/chain readonly=true
INFO [03-26|20:19:14.758] Opened Era store                         datadir=/home/CPerezz/bintrie-benchmarks/mpt-vs-bintrie/dbs/mpt/geth/chaindata/ancient/chain/era
INFO [03-26|20:19:14.769] Initializing the KZG library             backend=gokzg
INFO [03-26|20:19:14.772] Allocated trie memory caches             clean=0.00B dirty=0.00B
INFO [03-26|20:19:14.872] Using pebble as the backing database
INFO [03-26|20:19:14.872] Allocated cache and file handles         database=/home/CPerezz/bintrie-benchmarks/mpt-vs-bintrie/dbs/mpt/geth/chaindata cache=16.00MiB handles=524,288
INFO [03-26|20:19:16.197] Opened ancient database                  database=/home/CPerezz/bintrie-benchmarks/mpt-vs-bintrie/dbs/mpt/geth/chaindata/ancient/chain readonly=false
INFO [03-26|20:19:16.197] Opened Era store                         datadir=/home/CPerezz/bintrie-benchmarks/mpt-vs-bintrie/dbs/mpt/geth/chaindata/ancient/chain/era
INFO [03-26|20:19:16.198] State scheme set to already existing     scheme=path
INFO [03-26|20:19:16.199] Initialising Ethereum protocol           network=1337 dbversion=9
INFO [03-26|20:19:16.199] Load database journal from file          path=/home/CPerezz/bintrie-benchmarks/mpt-vs-bintrie/dbs/mpt/geth/triedb/merkle.journal
INFO [03-26|20:19:18.124] Opened ancient database                  database=/home/CPerezz/bintrie-benchmarks/mpt-vs-bintrie/dbs/mpt/geth/chaindata/ancient/state readonly=false
INFO [03-26|20:19:18.125] Initialized path database                triecache=0.00B statecache=0.00B buffer=0.00B state-history="last 90000 blocks" journal-dir=/home/CPerezz/bintrie-benchmarks/mpt-vs-bintrie/dbs/mpt/geth/triedb
INFO [03-26|20:19:18.131] 
INFO [03-26|20:19:18.131] ---------------------------------------------------------------------------------------------------------------------------------------------------------
INFO [03-26|20:19:18.131] Chain ID:  1337 (unknown)
INFO [03-26|20:19:18.131] Consensus: unknown
INFO [03-26|20:19:18.131] 
INFO [03-26|20:19:18.131] Pre-Merge hard forks (block based):
INFO [03-26|20:19:18.131]  - Homestead:                   #0       
INFO [03-26|20:19:18.131]  - Tangerine Whistle (EIP 150): #0       
INFO [03-26|20:19:18.131]  - Spurious Dragon/1 (EIP 155): #0       
INFO [03-26|20:19:18.131]  - Spurious Dragon/2 (EIP 158): #0       
INFO [03-26|20:19:18.131]  - Byzantium:                   #0       
INFO [03-26|20:19:18.131]  - Constantinople:              #0       
INFO [03-26|20:19:18.131]  - Petersburg:                  #0       
INFO [03-26|20:19:18.131]  - Istanbul:                    #0       
INFO [03-26|20:19:18.131]  - Muir Glacier:                #0       
INFO [03-26|20:19:18.131]  - Berlin:                      #0       
INFO [03-26|20:19:18.131]  - London:                      #0       
INFO [03-26|20:19:18.131]  - Arrow Glacier:               #0       
INFO [03-26|20:19:18.131]  - Gray Glacier:                #0       
INFO [03-26|20:19:18.131] 
INFO [03-26|20:19:18.131] Merge configured:
INFO [03-26|20:19:18.131]  - Total terminal difficulty:  0
INFO [03-26|20:19:18.131]  - Merge netsplit block:       #0       
INFO [03-26|20:19:18.131] 
INFO [03-26|20:19:18.131] Post-Merge hard forks (timestamp based):
INFO [03-26|20:19:18.131]  - Shanghai:                    @0         
INFO [03-26|20:19:18.131]  - Cancun:                      @0          blob: (target: 3, max: 6, fraction: 3338477)
INFO [03-26|20:19:18.131]  - Prague:                      @0          blob: (target: 6, max: 9, fraction: 5225352)
INFO [03-26|20:19:18.131]  - Osaka:                       @4294967295 blob: (target: 9, max: 12, fraction: 5225352)
INFO [03-26|20:19:18.131] 
INFO [03-26|20:19:18.131] All fork specifications can be found at https://ethereum.github.io/execution-specs/src/ethereum/forks/
INFO [03-26|20:19:18.131] 
INFO [03-26|20:19:18.131] ---------------------------------------------------------------------------------------------------------------------------------------------------------
INFO [03-26|20:19:18.131] 
INFO [03-26|20:19:18.132] Loaded most recent local block           number=64820 hash=55eb91..77c986 age=10s
INFO [03-26|20:19:18.132] Loaded most recent local finalized block number=64800 hash=175909..0a02a7 age=3m56s
INFO [03-26|20:19:18.134] Initialized transaction indexer          range="last 2350000 blocks"
INFO [03-26|20:19:18.134] Initialized log indexer                  firstblock=0 lastblock=64820 firstmap=0 lastmap=4 headindexed=true
INFO [03-26|20:19:18.137] Enabled full-sync                        head=64820 hash=55eb91..77c986
INFO [03-26|20:19:18.137] Unprotected transactions allowed
INFO [03-26|20:19:18.137] Gasprice oracle is ignoring threshold set threshold=2
INFO [03-26|20:19:18.138] Registered sync override service
WARN [03-26|20:19:18.138] You are running Geth in --dev mode. Please note the following:
WARN [03-26|20:19:18.138] 
WARN [03-26|20:19:18.138]   1. This mode is only intended for fast, iterative development without assumptions on
WARN [03-26|20:19:18.138]      security or persistence.
WARN [03-26|20:19:18.138]   2. The database is created in memory unless specified otherwise. Therefore, shutting down
WARN [03-26|20:19:18.138]      your computer or losing power will wipe your entire block data and chain state for
WARN [03-26|20:19:18.138]      your dev environment.
WARN [03-26|20:19:18.138]   3. A random, pre-allocated developer account will be available and unlocked as
WARN [03-26|20:19:18.138]      eth.coinbase, which can be used for testing. The random dev account is temporary,
WARN [03-26|20:19:18.138]      stored on a ramdisk, and will be lost if your machine is restarted.
WARN [03-26|20:19:18.138]   4. Mining is enabled by default. However, the client will only seal blocks if transactions
WARN [03-26|20:19:18.138]      are pending in the mempool. The miner's minimum accepted gas price is 1.
WARN [03-26|20:19:18.138]   5. Networking is disabled; there is no listen-address, the maximum number of peers is set
WARN [03-26|20:19:18.138]      to 0, and discovery is disabled.
WARN [03-26|20:19:18.138] 
INFO [03-26|20:19:18.138] Starting peer-to-peer node               instance=Geth/v1.17.2-unstable-5d0e18f7-20260325/linux-amd64/go1.24.1
WARN [03-26|20:19:18.138] P2P server will be useless, neither dialing nor listening
INFO [03-26|20:19:18.141] IPC endpoint opened                      url=/home/CPerezz/bintrie-benchmarks/mpt-vs-bintrie/dbs/mpt/geth.ipc
ERROR[03-26|20:19:18.141] Unavailable modules in HTTP API list     unavailable=[personal] available="[admin debug web3 eth txpool miner net dev testing]"
INFO [03-26|20:19:18.142] HTTP server started                      endpoint=[::]:8545 auth=false prefix= cors= vhosts=localhost
INFO [03-26|20:19:18.142] WebSocket enabled                        url=ws://[::]:8546
INFO [03-26|20:19:18.142] New local node record                    seq=1,774,465,406,209 id=9566f6e861acb2c3 ip=127.0.0.1 udp=0 tcp=0
INFO [03-26|20:19:18.142] Started P2P networking                   self=enode://7bcb27e0859fe4ed7072e298a58918cc0b55d08376b1207f77d84f6d0d34ded7448b64ab16dd00733b489383beff49c04f662afae4dd1dc102807640ff82a1cd@127.0.0.1:0
INFO [03-26|20:19:18.189] Loaded local transaction journal         transactions=1001 dropped=0
INFO [03-26|20:19:19.784] Submitted contract creation              hash=0x59daf8c5ef90e3f74ce6ba2d4ea9a3f69f3e15781a1004fd9ae8cbf6ce92729f from=0xf39Fd6e51aad88F6F4ce6aB8827279cffFb92266 nonce=680 contract=0x3A906C603F080D96dc08f81CF2889dAB6FF299dE value=0
INFO [03-26|20:19:19.786] Submitted transaction                    hash=0x40f055734aa3a82bd27b0ce5de3097caa4a4f0416b07fe82c62593053ff23d19 from=0xf39Fd6e51aad88F6F4ce6aB8827279cffFb92266 nonce=681 recipient=0x55b06C67AD04D454dE9C51bb05CfA518E51F2A82 value=239,175,400,000,000
INFO [03-26|20:19:20.026] Started log indexer
INFO [03-26|20:19:20.032] Starting work on payload                 id=0x036636cc2d3e2bec
INFO [03-26|20:19:20.038] Updated payload                          id=0x036636cc2d3e2bec number=64821 hash=c4c43d..f50fa9 txs=2 withdrawals=0 gas=90958 fees=2.175484327e-07 root=5a6dc5..a69776 elapsed=5.697ms
INFO [03-26|20:19:20.038] Stopping work on payload                 id=0x036636cc2d3e2bec reason=delivery
WARN [03-26|20:19:20.050] {"level":"warn","msg":"Slow block","block":{"number":64821,"hash":"0xc4c43d5fc0dee34cad05f94b4521530e886e7a2e65f8e4d7d68aeaabe4f50fa9","gas_used":90958,"tx_count":2},"timing":{"execution_ms":0.039881,"state_read_ms":0.107798,"state_hash_ms":1.114844,"commit_ms":10.361369,"total_ms":11.667343},"throughput":{"mgas_per_sec":7.795948057754023},"state_reads":{"accounts":11,"storage_slots":0,"code":0,"code_bytes":0},"state_writes":{"accounts":3,"accounts_deleted":0,"storage_slots":0,"storage_slots_deleted":0,"code":1,"code_bytes":78},"cache":{"account":{"hits":4,"misses":7,"hit_rate":36.36363636363637},"storage":{"hits":0,"misses":0,"hit_rate":0},"code":{"hits":0,"misses":0,"hit_rate":0,"hit_bytes":0,"miss_bytes":0}}}
INFO [03-26|20:19:20.050] Imported new potential chain segment     number=64821 hash=c4c43d..f50fa9 blocks=1 txs=2 mgas=0.091 elapsed=11.909ms mgasps=7.637 triediffs=306.43MiB triedirty=0.00B
INFO [03-26|20:19:20.050] Ready for fork activation                fork=Osaka date="07 Feb 06 07:28 CET" remaining=700115h8m55s timestamp=4,294,967,295
INFO [03-26|20:19:20.050] Chain head was updated                   number=64821 hash=c4c43d..f50fa9 root=5a6dc5..a69776 elapsed="201.288µs"
INFO [03-26|20:19:20.803] Submitted transaction                    hash=0x5f6d95de7ac70fcacecb57629a5a4849a15c530de8a3a61fdaf79a0c4be2a8d6 from=0x55b06C67AD04D454dE9C51bb05CfA518E51F2A82 nonce=0   recipient=0x3A906C603F080D96dc08f81CF2889dAB6FF299dE value=0
INFO [03-26|20:19:30.056] Starting work on payload                 id=0x035370caa97b8fe9
INFO [03-26|20:19:30.881] Updated payload                          id=0x035370caa97b8fe9 number=64822 hash=8e2ed9..5ca49b txs=1 withdrawals=0 gas=93,739,282 fees=0.0002242005528 root=6a4279..9701ce elapsed=824.944ms
INFO [03-26|20:19:30.881] Stopping work on payload                 id=0x035370caa97b8fe9 reason=delivery
WARN [03-26|20:19:31.797] {"level":"warn","msg":"Slow block","block":{"number":64822,"hash":"0x8e2ed9da4b72295336635efc7c43f4138591c4929bcd2cf1a7cc86451a5ca49b","gas_used":93739282,"tx_count":1},"timing":{"execution_ms":42.133748,"state_read_ms":550.473105,"state_hash_ms":291.943747,"commit_ms":28.84111,"total_ms":913.470391},"throughput":{"mgas_per_sec":102.61885105808537},"state_reads":{"accounts":8,"storage_slots":4094,"code":2,"code_bytes":1422},"state_writes":{"accounts":3,"accounts_deleted":0,"storage_slots":4094,"storage_slots_deleted":0,"code":0,"code_bytes":0},"cache":{"account":{"hits":3,"misses":5,"hit_rate":37.5},"storage":{"hits":592,"misses":3502,"hit_rate":14.460185637518318},"code":{"hits":2,"misses":0,"hit_rate":100,"hit_bytes":1422,"miss_bytes":0}}}
INFO [03-26|20:19:31.797] Imported new potential chain segment     number=64822 hash=8e2ed9..5ca49b blocks=1 txs=1 mgas=93.739 elapsed=915.482ms   mgasps=102.393 triediffs=314.19MiB triedirty=0.00B
INFO [03-26|20:19:31.800] Chain head was updated                   number=64822 hash=8e2ed9..5ca49b root=6a4279..9701ce elapsed="79.309µs"
INFO [03-26|20:19:31.887] Submitted transaction                    hash=0x94663cd8eaa09f16ec4a63af46dfcf6db0892e527b93d5469d960a49ae05ae96 from=0x55b06C67AD04D454dE9C51bb05CfA518E51F2A82 nonce=1   recipient=0xf39Fd6e51aad88F6F4ce6aB8827279cffFb92266 value=14,948,983,755,372
INFO [03-26|20:19:41.803] Starting work on payload                 id=0x030536c91813cb9c
INFO [03-26|20:19:41.803] Updated payload                          id=0x030536c91813cb9c number=64823 hash=662968..361e24 txs=1 withdrawals=0 gas=21000      fees=2.511327e-08    root=aa463d..d04e68 elapsed="871.885µs"
INFO [03-26|20:19:41.804] Stopping work on payload                 id=0x030536c91813cb9c reason=delivery
WARN [03-26|20:19:41.805] {"level":"warn","msg":"Slow block","block":{"number":64823,"hash":"0x662968e899e65d462e207e0525f62934872b925b4275799096e3cc300a361e24","gas_used":21000,"tx_count":1},"timing":{"execution_ms":0.05648,"state_read_ms":0.117299,"state_hash_ms":0.10199,"commit_ms":0.751515,"total_ms":1.097944},"throughput":{"mgas_per_sec":19.126658554534657},"state_reads":{"accounts":6,"storage_slots":0,"code":0,"code_bytes":0},"state_writes":{"accounts":2,"accounts_deleted":0,"storage_slots":0,"storage_slots_deleted":0,"code":0,"code_bytes":0},"cache":{"account":{"hits":0,"misses":6,"hit_rate":0},"storage":{"hits":0,"misses":0,"hit_rate":0},"code":{"hits":0,"misses":0,"hit_rate":0,"hit_bytes":0,"miss_bytes":0}}}
INFO [03-26|20:19:41.805] Imported new potential chain segment     number=64823 hash=662968..361e24 blocks=1 txs=1 mgas=0.021  elapsed=1.295ms     mgasps=16.208  triediffs=314.18MiB triedirty=0.00B
INFO [03-26|20:19:41.806] Chain head was updated                   number=64823 hash=662968..361e24 root=aa463d..d04e68 elapsed="67.609µs"
