INFO [03-26|18:12:43.852] Starting Geth on Ethereum mainnet...
INFO [03-26|18:12:43.854] Maximum peer count                       ETH=0 total=0
INFO [03-26|18:12:43.855] Smartcard socket not found, disabling    err="stat /run/pcscd/pcscd.comm: no such file or directory"
WARN [03-26|18:12:43.857] Option --miner.etherbase is deprecated as the etherbase is set by the consensus client post-merge
WARN [03-26|18:12:43.859] Snap sync requested, resetting --cache.snapshot
INFO [03-26|18:12:43.859] Global gas cap disabled
INFO [03-26|18:12:44.511] Using developer account                  address=0xf39Fd6e51aad88F6F4ce6aB8827279cffFb92266
INFO [03-26|18:12:44.753] Using pebble as the backing database
INFO [03-26|18:12:44.753] Allocated cache and file handles         database=/home/CPerezz/bintrie-benchmarks/mpt-vs-bintrie/dbs/mpt/geth/chaindata cache=16.00MiB handles=524,288
INFO [03-26|18:12:46.940] Opened ancient database                  database=/home/CPerezz/bintrie-benchmarks/mpt-vs-bintrie/dbs/mpt/geth/chaindata/ancient/chain readonly=true
INFO [03-26|18:12:46.940] Opened Era store                         datadir=/home/CPerezz/bintrie-benchmarks/mpt-vs-bintrie/dbs/mpt/geth/chaindata/ancient/chain/era
INFO [03-26|18:12:46.948] Initializing the KZG library             backend=gokzg
INFO [03-26|18:12:46.949] Allocated trie memory caches             clean=0.00B dirty=0.00B
INFO [03-26|18:12:47.028] Using pebble as the backing database
INFO [03-26|18:12:47.028] Allocated cache and file handles         database=/home/CPerezz/bintrie-benchmarks/mpt-vs-bintrie/dbs/mpt/geth/chaindata cache=16.00MiB handles=524,288
INFO [03-26|18:12:48.328] Opened ancient database                  database=/home/CPerezz/bintrie-benchmarks/mpt-vs-bintrie/dbs/mpt/geth/chaindata/ancient/chain readonly=false
INFO [03-26|18:12:48.328] Opened Era store                         datadir=/home/CPerezz/bintrie-benchmarks/mpt-vs-bintrie/dbs/mpt/geth/chaindata/ancient/chain/era
INFO [03-26|18:12:48.329] State scheme set to already existing     scheme=path
INFO [03-26|18:12:48.331] Initialising Ethereum protocol           network=1337 dbversion=9
INFO [03-26|18:12:48.332] Load database journal from file          path=/home/CPerezz/bintrie-benchmarks/mpt-vs-bintrie/dbs/mpt/geth/triedb/merkle.journal
INFO [03-26|18:12:48.346] Opened ancient database                  database=/home/CPerezz/bintrie-benchmarks/mpt-vs-bintrie/dbs/mpt/geth/chaindata/ancient/state readonly=false
INFO [03-26|18:12:48.347] Initialized path database                triecache=0.00B statecache=0.00B buffer=0.00B state-history="last 90000 blocks" journal-dir=/home/CPerezz/bintrie-benchmarks/mpt-vs-bintrie/dbs/mpt/geth/triedb
INFO [03-26|18:12:48.348] 
INFO [03-26|18:12:48.348] ---------------------------------------------------------------------------------------------------------------------------------------------------------
INFO [03-26|18:12:48.348] Chain ID:  1337 (unknown)
INFO [03-26|18:12:48.348] Consensus: unknown
INFO [03-26|18:12:48.348] 
INFO [03-26|18:12:48.348] Pre-Merge hard forks (block based):
INFO [03-26|18:12:48.348]  - Homestead:                   #0       
INFO [03-26|18:12:48.348]  - Tangerine Whistle (EIP 150): #0       
INFO [03-26|18:12:48.348]  - Spurious Dragon/1 (EIP 155): #0       
INFO [03-26|18:12:48.348]  - Spurious Dragon/2 (EIP 158): #0       
INFO [03-26|18:12:48.348]  - Byzantium:                   #0       
INFO [03-26|18:12:48.348]  - Constantinople:              #0       
INFO [03-26|18:12:48.348]  - Petersburg:                  #0       
INFO [03-26|18:12:48.348]  - Istanbul:                    #0       
INFO [03-26|18:12:48.348]  - Muir Glacier:                #0       
INFO [03-26|18:12:48.348]  - Berlin:                      #0       
INFO [03-26|18:12:48.348]  - London:                      #0       
INFO [03-26|18:12:48.348]  - Arrow Glacier:               #0       
INFO [03-26|18:12:48.348]  - Gray Glacier:                #0       
INFO [03-26|18:12:48.348] 
INFO [03-26|18:12:48.348] Merge configured:
INFO [03-26|18:12:48.348]  - Total terminal difficulty:  0
INFO [03-26|18:12:48.348]  - Merge netsplit block:       #0       
INFO [03-26|18:12:48.348] 
INFO [03-26|18:12:48.348] Post-Merge hard forks (timestamp based):
INFO [03-26|18:12:48.348]  - Shanghai:                    @0         
INFO [03-26|18:12:48.348]  - Cancun:                      @0          blob: (target: 3, max: 6, fraction: 3338477)
INFO [03-26|18:12:48.348]  - Prague:                      @0          blob: (target: 6, max: 9, fraction: 5225352)
INFO [03-26|18:12:48.348]  - Osaka:                       @4294967295 blob: (target: 9, max: 12, fraction: 5225352)
INFO [03-26|18:12:48.348] 
INFO [03-26|18:12:48.348] All fork specifications can be found at https://ethereum.github.io/execution-specs/src/ethereum/forks/
INFO [03-26|18:12:48.348] 
INFO [03-26|18:12:48.348] ---------------------------------------------------------------------------------------------------------------------------------------------------------
INFO [03-26|18:12:48.348] 
INFO [03-26|18:12:48.348] Loaded most recent local block           number=64176 hash=be8664..d0802b age=20s
INFO [03-26|18:12:48.348] Loaded most recent local finalized block number=64160 hash=7f8934..6c63f7 age=4m
INFO [03-26|18:12:48.349] Initialized transaction indexer          range="last 2350000 blocks"
INFO [03-26|18:12:48.349] Initialized log indexer                  firstblock=0 lastblock=64176 firstmap=0 lastmap=4 headindexed=true
INFO [03-26|18:12:48.362] Enabled full-sync                        head=64176 hash=be8664..d0802b
INFO [03-26|18:12:48.363] Unprotected transactions allowed
INFO [03-26|18:12:48.363] Gasprice oracle is ignoring threshold set threshold=2
INFO [03-26|18:12:48.363] Registered sync override service
WARN [03-26|18:12:48.363] You are running Geth in --dev mode. Please note the following:
WARN [03-26|18:12:48.363] 
WARN [03-26|18:12:48.363]   1. This mode is only intended for fast, iterative development without assumptions on
WARN [03-26|18:12:48.363]      security or persistence.
WARN [03-26|18:12:48.363]   2. The database is created in memory unless specified otherwise. Therefore, shutting down
WARN [03-26|18:12:48.363]      your computer or losing power will wipe your entire block data and chain state for
WARN [03-26|18:12:48.363]      your dev environment.
WARN [03-26|18:12:48.363]   3. A random, pre-allocated developer account will be available and unlocked as
WARN [03-26|18:12:48.363]      eth.coinbase, which can be used for testing. The random dev account is temporary,
WARN [03-26|18:12:48.363]      stored on a ramdisk, and will be lost if your machine is restarted.
WARN [03-26|18:12:48.363]   4. Mining is enabled by default. However, the client will only seal blocks if transactions
WARN [03-26|18:12:48.363]      are pending in the mempool. The miner's minimum accepted gas price is 1.
WARN [03-26|18:12:48.363]   5. Networking is disabled; there is no listen-address, the maximum number of peers is set
WARN [03-26|18:12:48.363]      to 0, and discovery is disabled.
WARN [03-26|18:12:48.363] 
INFO [03-26|18:12:48.363] Starting peer-to-peer node               instance=Geth/v1.17.2-unstable-5d0e18f7-20260325/linux-amd64/go1.24.1
WARN [03-26|18:12:48.363] P2P server will be useless, neither dialing nor listening
INFO [03-26|18:12:48.370] IPC endpoint opened                      url=/home/CPerezz/bintrie-benchmarks/mpt-vs-bintrie/dbs/mpt/geth.ipc
INFO [03-26|18:12:48.370] New local node record                    seq=1,774,465,405,974 id=9566f6e861acb2c3 ip=127.0.0.1 udp=0 tcp=0
ERROR[03-26|18:12:48.370] Unavailable modules in HTTP API list     unavailable=[personal] available="[admin debug web3 eth txpool miner net dev testing]"
INFO [03-26|18:12:48.370] Started P2P networking                   self=enode://7bcb27e0859fe4ed7072e298a58918cc0b55d08376b1207f77d84f6d0d34ded7448b64ab16dd00733b489383beff49c04f662afae4dd1dc102807640ff82a1cd@127.0.0.1:0
INFO [03-26|18:12:48.371] HTTP server started                      endpoint=[::]:8545 auth=false prefix= cors= vhosts=localhost
INFO [03-26|18:12:48.371] WebSocket enabled                        url=ws://[::]:8546
INFO [03-26|18:12:48.394] Loaded local transaction journal         transactions=198 dropped=0
INFO [03-26|18:12:49.481] Started log indexer
INFO [03-26|18:12:49.490] Starting work on payload                 id=0x038ad28e7aae18fe
INFO [03-26|18:12:49.490] Updated payload                          id=0x038ad28e7aae18fe number=64177 hash=6cf124..a72898 txs=0 withdrawals=0 gas=0 fees=0 root=d5bb3a..37a87d elapsed="332.658µs"
INFO [03-26|18:12:49.490] Stopping work on payload                 id=0x038ad28e7aae18fe reason=delivery
WARN [03-26|18:12:49.493] {"level":"warn","msg":"Slow block","block":{"number":64177,"hash":"0x6cf12432f8205df6d777d7e08df8654cee9e439d60b0bc945bb011a8aaa72898","gas_used":0,"tx_count":0},"timing":{"execution_ms":0.00955,"state_read_ms":0.0453,"state_hash_ms":0.01006,"commit_ms":0.04399,"total_ms":0.15647},"throughput":{"mgas_per_sec":0},"state_reads":{"accounts":4,"storage_slots":0,"code":0,"code_bytes":0},"state_writes":{"accounts":0,"accounts_deleted":0,"storage_slots":0,"storage_slots_deleted":0,"code":0,"code_bytes":0},"cache":{"account":{"hits":0,"misses":4,"hit_rate":0},"storage":{"hits":0,"misses":0,"hit_rate":0},"code":{"hits":0,"misses":0,"hit_rate":0,"hit_bytes":0,"miss_bytes":0}}}
INFO [03-26|18:12:49.493] Imported new potential chain segment     number=64177 hash=6cf124..a72898 blocks=1 txs=0 mgas=0.000 elapsed=2.825ms     mgasps=0.000 triediffs=1.20MiB triedirty=0.00B
INFO [03-26|18:12:49.493] Ready for fork activation                fork=Osaka date="07 Feb 06 07:28 CET" remaining=700117h15m26s timestamp=4,294,967,295
INFO [03-26|18:12:49.494] Chain head was updated                   number=64177 hash=6cf124..a72898 root=d5bb3a..37a87d elapsed="20.03µs"
INFO [03-26|18:12:50.137] Submitted contract creation              hash=0x3cad9c15c6cd7a02fd3f09498e6a86850a509a7f7210f08ffc120233288339d3 from=0xf39Fd6e51aad88F6F4ce6aB8827279cffFb92266 nonce=210 contract=0x2625760C4A8e8101801D3a48eE64B2bEA42f1E96 value=0
INFO [03-26|18:12:50.139] Submitted transaction                    hash=0xaa0b774cc886818c0d8096326f24a8d5cd2c5dd6e72be08dab032d7841b311d6 from=0xf39Fd6e51aad88F6F4ce6aB8827279cffFb92266 nonce=211 recipient=0x9Aa0AC30336cD58c35adC6709d05D2A4f88A88E9 value=1,600,000,000
INFO [03-26|18:12:59.498] Starting work on payload                 id=0x031df3e65212f5bb
INFO [03-26|18:12:59.506] Updated payload                          id=0x031df3e65212f5bb number=64178 hash=858bfa..8884b5 txs=2 withdrawals=0 gas=89662 fees=7.17296e-13 root=b8889e..9c6337 elapsed=8.676ms
INFO [03-26|18:12:59.506] Stopping work on payload                 id=0x031df3e65212f5bb reason=delivery
WARN [03-26|18:12:59.510] {"level":"warn","msg":"Slow block","block":{"number":64178,"hash":"0x858bfa0eb92e9b6c9e25a2abea35283c8e91e3c4918f75b2613609a54d8884b5","gas_used":89662,"tx_count":2},"timing":{"execution_ms":0.0588,"state_read_ms":0.134659,"state_hash_ms":1.031265,"commit_ms":1.326532,"total_ms":2.591217},"throughput":{"mgas_per_sec":34.602273757852004},"state_reads":{"accounts":11,"storage_slots":0,"code":0,"code_bytes":0},"state_writes":{"accounts":3,"accounts_deleted":0,"storage_slots":0,"storage_slots_deleted":0,"code":1,"code_bytes":72},"cache":{"account":{"hits":6,"misses":5,"hit_rate":54.54545454545454},"storage":{"hits":0,"misses":0,"hit_rate":0},"code":{"hits":0,"misses":0,"hit_rate":0,"hit_bytes":0,"miss_bytes":0}}}
INFO [03-26|18:12:59.510] Imported new potential chain segment     number=64178 hash=858bfa..8884b5 blocks=1 txs=2 mgas=0.090 elapsed=2.744ms     mgasps=32.668 triediffs=1.20MiB triedirty=0.00B
INFO [03-26|18:12:59.510] Chain head was updated                   number=64178 hash=858bfa..8884b5 root=b8889e..9c6337 elapsed="247.748µs"
INFO [03-26|18:13:00.227] Submitted transaction                    hash=0x10ba768f53140d7008bf51c8c0466b17d610b4db0f2bfd90de0f596e800624a6 from=0x9Aa0AC30336cD58c35adC6709d05D2A4f88A88E9 nonce=0   recipient=0x2625760C4A8e8101801D3a48eE64B2bEA42f1E96 value=0
INFO [03-26|18:13:09.512] Starting work on payload                 id=0x03df0741073cf0a0
WARN [03-26|18:13:16.631] Block building is interrupted            allowance=2s
INFO [03-26|18:13:16.632] Updated payload                          id=0x03df0741073cf0a0 number=64179 hash=e879dc..9bdf05 txs=1 withdrawals=0 gas=100,000,000 fees=8e-10       root=f92d41..479719 elapsed=7.119s
WARN [03-26|18:13:21.912] {"level":"warn","msg":"Slow block","block":{"number":64179,"hash":"0xe879dc57a9e717d6bde015fe311ad82a467e86e4662adcafcfb129cefd9bdf05","gas_used":100000000,"tx_count":1},"timing":{"execution_ms":272.365736,"state_read_ms":4980.021466,"state_hash_ms":0.050819,"commit_ms":25.750236,"total_ms":5278.270908},"throughput":{"mgas_per_sec":18.945598235292398},"state_reads":{"accounts":8,"storage_slots":36742,"code":2,"code_bytes":1416},"state_writes":{"accounts":2,"accounts_deleted":0,"storage_slots":0,"storage_slots_deleted":0,"code":0,"code_bytes":0},"cache":{"account":{"hits":3,"misses":5,"hit_rate":37.5},"storage":{"hits":2847,"misses":33895,"hit_rate":7.748625551140384},"code":{"hits":2,"misses":0,"hit_rate":100,"hit_bytes":1416,"miss_bytes":0}}}
INFO [03-26|18:13:21.912] Imported new potential chain segment     number=64179 hash=e879dc..9bdf05 blocks=1 txs=1 mgas=100.000 elapsed=5.279s      mgasps=18.942 triediffs=1.20MiB triedirty=0.00B
INFO [03-26|18:13:21.913] Chain head was updated                   number=64179 hash=e879dc..9bdf05 root=f92d41..479719 elapsed="45.699µs"
WARN [03-26|18:13:22.203] Block building is interrupted            allowance=2s
INFO [03-26|18:13:22.204] Stopping work on payload                 id=0x03df0741073cf0a0 reason=timeout
