INFO [03-26|19:31:48.850] Starting Geth on Ethereum mainnet...
INFO [03-26|19:31:48.852] Maximum peer count                       ETH=0 total=0
INFO [03-26|19:31:48.852] Smartcard socket not found, disabling    err="stat /run/pcscd/pcscd.comm: no such file or directory"
WARN [03-26|19:31:48.854] Option --miner.etherbase is deprecated as the etherbase is set by the consensus client post-merge
WARN [03-26|19:31:48.856] Snap sync requested, resetting --cache.snapshot
INFO [03-26|19:31:48.856] Global gas cap disabled
INFO [03-26|19:31:49.507] Using developer account                  address=0xf39Fd6e51aad88F6F4ce6aB8827279cffFb92266
INFO [03-26|19:31:49.674] Using pebble as the backing database
INFO [03-26|19:31:49.674] Allocated cache and file handles         database=/home/CPerezz/bintrie-benchmarks/mpt-vs-bintrie/dbs/mpt/geth/chaindata cache=16.00MiB handles=524,288
INFO [03-26|19:31:50.789] Opened ancient database                  database=/home/CPerezz/bintrie-benchmarks/mpt-vs-bintrie/dbs/mpt/geth/chaindata/ancient/chain readonly=true
INFO [03-26|19:31:50.789] Opened Era store                         datadir=/home/CPerezz/bintrie-benchmarks/mpt-vs-bintrie/dbs/mpt/geth/chaindata/ancient/chain/era
INFO [03-26|19:31:50.800] Initializing the KZG library             backend=gokzg
INFO [03-26|19:31:50.802] Allocated trie memory caches             clean=0.00B dirty=0.00B
INFO [03-26|19:31:50.902] Using pebble as the backing database
INFO [03-26|19:31:50.902] Allocated cache and file handles         database=/home/CPerezz/bintrie-benchmarks/mpt-vs-bintrie/dbs/mpt/geth/chaindata cache=16.00MiB handles=524,288
INFO [03-26|19:31:52.187] Opened ancient database                  database=/home/CPerezz/bintrie-benchmarks/mpt-vs-bintrie/dbs/mpt/geth/chaindata/ancient/chain readonly=false
INFO [03-26|19:31:52.187] Opened Era store                         datadir=/home/CPerezz/bintrie-benchmarks/mpt-vs-bintrie/dbs/mpt/geth/chaindata/ancient/chain/era
INFO [03-26|19:31:52.189] State scheme set to already existing     scheme=path
INFO [03-26|19:31:52.189] Initialising Ethereum protocol           network=1337 dbversion=9
INFO [03-26|19:31:52.189] Load database journal from file          path=/home/CPerezz/bintrie-benchmarks/mpt-vs-bintrie/dbs/mpt/geth/triedb/merkle.journal
INFO [03-26|19:31:52.820] Opened ancient database                  database=/home/CPerezz/bintrie-benchmarks/mpt-vs-bintrie/dbs/mpt/geth/chaindata/ancient/state readonly=false
INFO [03-26|19:31:52.821] Initialized path database                triecache=0.00B statecache=0.00B buffer=0.00B state-history="last 90000 blocks" journal-dir=/home/CPerezz/bintrie-benchmarks/mpt-vs-bintrie/dbs/mpt/geth/triedb
INFO [03-26|19:31:52.821] 
INFO [03-26|19:31:52.821] ---------------------------------------------------------------------------------------------------------------------------------------------------------
INFO [03-26|19:31:52.821] Chain ID:  1337 (unknown)
INFO [03-26|19:31:52.821] Consensus: unknown
INFO [03-26|19:31:52.821] 
INFO [03-26|19:31:52.821] Pre-Merge hard forks (block based):
INFO [03-26|19:31:52.821]  - Homestead:                   #0       
INFO [03-26|19:31:52.821]  - Tangerine Whistle (EIP 150): #0       
INFO [03-26|19:31:52.821]  - Spurious Dragon/1 (EIP 155): #0       
INFO [03-26|19:31:52.821]  - Spurious Dragon/2 (EIP 158): #0       
INFO [03-26|19:31:52.821]  - Byzantium:                   #0       
INFO [03-26|19:31:52.821]  - Constantinople:              #0       
INFO [03-26|19:31:52.821]  - Petersburg:                  #0       
INFO [03-26|19:31:52.821]  - Istanbul:                    #0       
INFO [03-26|19:31:52.821]  - Muir Glacier:                #0       
INFO [03-26|19:31:52.821]  - Berlin:                      #0       
INFO [03-26|19:31:52.821]  - London:                      #0       
INFO [03-26|19:31:52.822]  - Arrow Glacier:               #0       
INFO [03-26|19:31:52.822]  - Gray Glacier:                #0       
INFO [03-26|19:31:52.822] 
INFO [03-26|19:31:52.822] Merge configured:
INFO [03-26|19:31:52.822]  - Total terminal difficulty:  0
INFO [03-26|19:31:52.822]  - Merge netsplit block:       #0       
INFO [03-26|19:31:52.822] 
INFO [03-26|19:31:52.822] Post-Merge hard forks (timestamp based):
INFO [03-26|19:31:52.822]  - Shanghai:                    @0         
INFO [03-26|19:31:52.822]  - Cancun:                      @0          blob: (target: 3, max: 6, fraction: 3338477)
INFO [03-26|19:31:52.822]  - Prague:                      @0          blob: (target: 6, max: 9, fraction: 5225352)
INFO [03-26|19:31:52.822]  - Osaka:                       @4294967295 blob: (target: 9, max: 12, fraction: 5225352)
INFO [03-26|19:31:52.822] 
INFO [03-26|19:31:52.822] All fork specifications can be found at https://ethereum.github.io/execution-specs/src/ethereum/forks/
INFO [03-26|19:31:52.822] 
INFO [03-26|19:31:52.822] ---------------------------------------------------------------------------------------------------------------------------------------------------------
INFO [03-26|19:31:52.822] 
INFO [03-26|19:31:52.822] Loaded most recent local block           number=64564 hash=f1a5a0..163543 age=7s
INFO [03-26|19:31:52.822] Loaded most recent local finalized block number=64544 hash=9bb378..a0f5f2 age=3m32s
INFO [03-26|19:31:52.823] Initialized transaction indexer          range="last 2350000 blocks"
INFO [03-26|19:31:52.823] Initialized log indexer                  firstblock=0 lastblock=64564 firstmap=0 lastmap=4 headindexed=true
INFO [03-26|19:31:52.857] Enabled full-sync                        head=64564 hash=f1a5a0..163543
INFO [03-26|19:31:52.858] Unprotected transactions allowed
INFO [03-26|19:31:52.858] Gasprice oracle is ignoring threshold set threshold=2
INFO [03-26|19:31:52.858] Registered sync override service
WARN [03-26|19:31:52.858] You are running Geth in --dev mode. Please note the following:
WARN [03-26|19:31:52.858] 
WARN [03-26|19:31:52.858]   1. This mode is only intended for fast, iterative development without assumptions on
WARN [03-26|19:31:52.858]      security or persistence.
WARN [03-26|19:31:52.858]   2. The database is created in memory unless specified otherwise. Therefore, shutting down
WARN [03-26|19:31:52.858]      your computer or losing power will wipe your entire block data and chain state for
WARN [03-26|19:31:52.858]      your dev environment.
WARN [03-26|19:31:52.858]   3. A random, pre-allocated developer account will be available and unlocked as
WARN [03-26|19:31:52.858]      eth.coinbase, which can be used for testing. The random dev account is temporary,
WARN [03-26|19:31:52.858]      stored on a ramdisk, and will be lost if your machine is restarted.
WARN [03-26|19:31:52.858]   4. Mining is enabled by default. However, the client will only seal blocks if transactions
WARN [03-26|19:31:52.858]      are pending in the mempool. The miner's minimum accepted gas price is 1.
WARN [03-26|19:31:52.858]   5. Networking is disabled; there is no listen-address, the maximum number of peers is set
WARN [03-26|19:31:52.858]      to 0, and discovery is disabled.
WARN [03-26|19:31:52.858] 
INFO [03-26|19:31:52.858] Starting peer-to-peer node               instance=Geth/v1.17.2-unstable-5d0e18f7-20260325/linux-amd64/go1.24.1
WARN [03-26|19:31:52.858] P2P server will be useless, neither dialing nor listening
INFO [03-26|19:31:52.866] IPC endpoint opened                      url=/home/CPerezz/bintrie-benchmarks/mpt-vs-bintrie/dbs/mpt/geth.ipc
ERROR[03-26|19:31:52.866] Unavailable modules in HTTP API list     unavailable=[personal] available="[admin debug web3 eth txpool miner net dev testing]"
INFO [03-26|19:31:52.866] HTTP server started                      endpoint=[::]:8545 auth=false prefix= cors= vhosts=localhost
INFO [03-26|19:31:52.866] WebSocket enabled                        url=ws://[::]:8546
INFO [03-26|19:31:52.866] New local node record                    seq=1,774,465,406,125 id=9566f6e861acb2c3 ip=127.0.0.1 udp=0 tcp=0
INFO [03-26|19:31:52.866] Started P2P networking                   self=enode://7bcb27e0859fe4ed7072e298a58918cc0b55d08376b1207f77d84f6d0d34ded7448b64ab16dd00733b489383beff49c04f662afae4dd1dc102807640ff82a1cd@127.0.0.1:0
INFO [03-26|19:31:52.897] Loaded local transaction journal         transactions=665 dropped=0
INFO [03-26|19:31:53.796] Submitted contract creation              hash=0x2f872adc85c1a730501e72d8233c68f5c0446bb2ad9c597f9bfdd77cff98c42f from=0xf39Fd6e51aad88F6F4ce6aB8827279cffFb92266 nonce=512 contract=0xbFD3c8A956AFB7a9754C951D03C9aDdA7EC5d638 value=0
INFO [03-26|19:31:53.799] Submitted transaction                    hash=0x5f529e4464be7c54bba07a00ee66f5391230ac58a247cf01a86bd67382a95179 from=0xf39Fd6e51aad88F6F4ce6aB8827279cffFb92266 nonce=513 recipient=0x4805281954e7Ee70E5Fd55A10894217BF48aB733 value=195,400,000,000
INFO [03-26|19:31:54.666] Started log indexer
INFO [03-26|19:31:54.670] Starting work on payload                 id=0x03f18a17e534a06d
INFO [03-26|19:31:54.675] Updated payload                          id=0x03f18a17e534a06d number=64565 hash=8019a9..daa2cb txs=2 withdrawals=0 gas=90958 fees=1.77004268e-10 root=3edaa5..6ee033 elapsed=5.129ms
INFO [03-26|19:31:54.676] Stopping work on payload                 id=0x03f18a17e534a06d reason=delivery
WARN [03-26|19:31:54.677] {"level":"warn","msg":"Slow block","block":{"number":64565,"hash":"0x8019a998cb1cc5b9c2ab5d476b3f1865b5b112d60282cfb62f19ccb151daa2cb","gas_used":90958,"tx_count":2},"timing":{"execution_ms":0.0521,"state_read_ms":0.089099,"state_hash_ms":0.703256,"commit_ms":0.551967,"total_ms":1.456183},"throughput":{"mgas_per_sec":62.46330303265455},"state_reads":{"accounts":11,"storage_slots":0,"code":0,"code_bytes":0},"state_writes":{"accounts":3,"accounts_deleted":0,"storage_slots":0,"storage_slots_deleted":0,"code":1,"code_bytes":78},"cache":{"account":{"hits":5,"misses":6,"hit_rate":45.45454545454545},"storage":{"hits":0,"misses":0,"hit_rate":0},"code":{"hits":0,"misses":0,"hit_rate":0,"hit_bytes":0,"miss_bytes":0}}}
INFO [03-26|19:31:54.677] Imported new potential chain segment     number=64565 hash=8019a9..daa2cb blocks=1 txs=2 mgas=0.091 elapsed=1.679ms mgasps=54.172 triediffs=103.06MiB triedirty=0.00B
INFO [03-26|19:31:54.677] Ready for fork activation                fork=Osaka date="07 Feb 06 07:28 CET" remaining=700115h56m20s timestamp=4,294,967,295
INFO [03-26|19:31:54.678] Chain head was updated                   number=64565 hash=8019a9..daa2cb root=3edaa5..6ee033 elapsed="192.979µs"
INFO [03-26|19:31:54.816] Submitted transaction                    hash=0xd0ecb507e631c263ac692658f4fd111f328c48278427005f961b978de3d81b33 from=0x4805281954e7Ee70E5Fd55A10894217BF48aB733 nonce=0   recipient=0xbFD3c8A956AFB7a9754C951D03C9aDdA7EC5d638 value=0
INFO [03-26|19:32:04.679] Starting work on payload                 id=0x0331968eafd43381
INFO [03-26|19:32:05.558] Updated payload                          id=0x0331968eafd43381 number=64566 hash=a27fc3..50e5af txs=1 withdrawals=0 gas=93,739,282 fees=1.824166428e-07 root=1e6dd0..abb815 elapsed=878.810ms
INFO [03-26|19:32:05.558] Stopping work on payload                 id=0x0331968eafd43381 reason=delivery
WARN [03-26|19:32:06.531] {"level":"warn","msg":"Slow block","block":{"number":64566,"hash":"0xa27fc3f2829eaa27043a8c35ae3690d23846ee0ac32d837808bf94ab4650e5af","gas_used":93739282,"tx_count":1},"timing":{"execution_ms":50.491462,"state_read_ms":554.671057,"state_hash_ms":322.157021,"commit_ms":43.739249,"total_ms":971.144049},"throughput":{"mgas_per_sec":96.52459086427456},"state_reads":{"accounts":8,"storage_slots":4094,"code":2,"code_bytes":1422},"state_writes":{"accounts":3,"accounts_deleted":0,"storage_slots":4094,"storage_slots_deleted":0,"code":0,"code_bytes":0},"cache":{"account":{"hits":4,"misses":4,"hit_rate":50},"storage":{"hits":637,"misses":3457,"hit_rate":15.559355153883732},"code":{"hits":2,"misses":0,"hit_rate":100,"hit_bytes":1422,"miss_bytes":0}}}
INFO [03-26|19:32:06.531] Imported new potential chain segment     number=64566 hash=a27fc3..50e5af blocks=1 txs=1 mgas=93.739 elapsed=972.766ms   mgasps=96.364 triediffs=110.83MiB triedirty=0.00B
INFO [03-26|19:32:06.535] Chain head was updated                   number=64566 hash=a27fc3..50e5af root=1e6dd0..abb815 elapsed="104.58µs"
INFO [03-26|19:32:06.900] Submitted transaction                    hash=0x19853bba6aea0ef55fa82c2f12cf2d7dcaf1add8e08f0dcc1c657298ec7f3909 from=0x4805281954e7Ee70E5Fd55A10894217BF48aB733 nonce=1   recipient=0xf39Fd6e51aad88F6F4ce6aB8827279cffFb92266 value=12,212,778,972
INFO [03-26|19:32:16.539] Starting work on payload                 id=0x030e6462d7dfc513
INFO [03-26|19:32:16.541] Updated payload                          id=0x030e6462d7dfc513 number=64567 hash=989bf3..33669a txs=1 withdrawals=0 gas=21000      fees=2.037e-11       root=cdd7ef..147a55 elapsed=1.905ms
INFO [03-26|19:32:16.541] Stopping work on payload                 id=0x030e6462d7dfc513 reason=delivery
WARN [03-26|19:32:16.544] {"level":"warn","msg":"Slow block","block":{"number":64567,"hash":"0x989bf3b530ced9f0d896a563048ac888b7088b181e1c22e26825d8242033669a","gas_used":21000,"tx_count":1},"timing":{"execution_ms":0.061078,"state_read_ms":0.25304,"state_hash_ms":0.098559,"commit_ms":0.599877,"total_ms":1.079925},"throughput":{"mgas_per_sec":19.445794846864366},"state_reads":{"accounts":6,"storage_slots":0,"code":0,"code_bytes":0},"state_writes":{"accounts":2,"accounts_deleted":0,"storage_slots":0,"storage_slots_deleted":0,"code":0,"code_bytes":0},"cache":{"account":{"hits":1,"misses":5,"hit_rate":16.666666666666664},"storage":{"hits":0,"misses":0,"hit_rate":0},"code":{"hits":0,"misses":0,"hit_rate":0,"hit_bytes":0,"miss_bytes":0}}}
INFO [03-26|19:32:16.544] Imported new potential chain segment     number=64567 hash=989bf3..33669a blocks=1 txs=1 mgas=0.021  elapsed=2.601ms     mgasps=8.072  triediffs=110.83MiB triedirty=0.00B
INFO [03-26|19:32:16.545] Chain head was updated                   number=64567 hash=989bf3..33669a root=cdd7ef..147a55 elapsed="75.09µs"
