INFO [03-26|19:40:16.656] Starting Geth on Ethereum mainnet...
INFO [03-26|19:40:16.657] Maximum peer count                       ETH=0 total=0
INFO [03-26|19:40:16.658] Smartcard socket not found, disabling    err="stat /run/pcscd/pcscd.comm: no such file or directory"
WARN [03-26|19:40:16.659] Option --miner.etherbase is deprecated as the etherbase is set by the consensus client post-merge
WARN [03-26|19:40:16.662] Snap sync requested, resetting --cache.snapshot
INFO [03-26|19:40:16.662] Global gas cap disabled
INFO [03-26|19:40:17.323] Using developer account                  address=0xf39Fd6e51aad88F6F4ce6aB8827279cffFb92266
INFO [03-26|19:40:17.490] Using pebble as the backing database
INFO [03-26|19:40:17.490] Allocated cache and file handles         database=/home/CPerezz/bintrie-benchmarks/mpt-vs-bintrie/dbs/mpt/geth/chaindata cache=16.00MiB handles=524,288
INFO [03-26|19:40:18.669] Opened ancient database                  database=/home/CPerezz/bintrie-benchmarks/mpt-vs-bintrie/dbs/mpt/geth/chaindata/ancient/chain readonly=true
INFO [03-26|19:40:18.669] Opened Era store                         datadir=/home/CPerezz/bintrie-benchmarks/mpt-vs-bintrie/dbs/mpt/geth/chaindata/ancient/chain/era
INFO [03-26|19:40:18.676] Initializing the KZG library             backend=gokzg
INFO [03-26|19:40:18.676] Allocated trie memory caches             clean=0.00B dirty=0.00B
INFO [03-26|19:40:18.752] Using pebble as the backing database
INFO [03-26|19:40:18.753] Allocated cache and file handles         database=/home/CPerezz/bintrie-benchmarks/mpt-vs-bintrie/dbs/mpt/geth/chaindata cache=16.00MiB handles=524,288
INFO [03-26|19:40:20.046] Opened ancient database                  database=/home/CPerezz/bintrie-benchmarks/mpt-vs-bintrie/dbs/mpt/geth/chaindata/ancient/chain readonly=false
INFO [03-26|19:40:20.046] Opened Era store                         datadir=/home/CPerezz/bintrie-benchmarks/mpt-vs-bintrie/dbs/mpt/geth/chaindata/ancient/chain/era
INFO [03-26|19:40:20.047] State scheme set to already existing     scheme=path
INFO [03-26|19:40:20.048] Initialising Ethereum protocol           network=1337 dbversion=9
INFO [03-26|19:40:20.049] Load database journal from file          path=/home/CPerezz/bintrie-benchmarks/mpt-vs-bintrie/dbs/mpt/geth/triedb/merkle.journal
INFO [03-26|19:40:21.398] Opened ancient database                  database=/home/CPerezz/bintrie-benchmarks/mpt-vs-bintrie/dbs/mpt/geth/chaindata/ancient/state readonly=false
INFO [03-26|19:40:21.399] Initialized path database                triecache=0.00B statecache=0.00B buffer=0.00B state-history="last 90000 blocks" journal-dir=/home/CPerezz/bintrie-benchmarks/mpt-vs-bintrie/dbs/mpt/geth/triedb
INFO [03-26|19:40:21.401] 
INFO [03-26|19:40:21.401] ---------------------------------------------------------------------------------------------------------------------------------------------------------
INFO [03-26|19:40:21.401] Chain ID:  1337 (unknown)
INFO [03-26|19:40:21.401] Consensus: unknown
INFO [03-26|19:40:21.401] 
INFO [03-26|19:40:21.401] Pre-Merge hard forks (block based):
INFO [03-26|19:40:21.401]  - Homestead:                   #0       
INFO [03-26|19:40:21.401]  - Tangerine Whistle (EIP 150): #0       
INFO [03-26|19:40:21.401]  - Spurious Dragon/1 (EIP 155): #0       
INFO [03-26|19:40:21.401]  - Spurious Dragon/2 (EIP 158): #0       
INFO [03-26|19:40:21.401]  - Byzantium:                   #0       
INFO [03-26|19:40:21.401]  - Constantinople:              #0       
INFO [03-26|19:40:21.401]  - Petersburg:                  #0       
INFO [03-26|19:40:21.401]  - Istanbul:                    #0       
INFO [03-26|19:40:21.401]  - Muir Glacier:                #0       
INFO [03-26|19:40:21.401]  - Berlin:                      #0       
INFO [03-26|19:40:21.401]  - London:                      #0       
INFO [03-26|19:40:21.401]  - Arrow Glacier:               #0       
INFO [03-26|19:40:21.401]  - Gray Glacier:                #0       
INFO [03-26|19:40:21.401] 
INFO [03-26|19:40:21.401] Merge configured:
INFO [03-26|19:40:21.401]  - Total terminal difficulty:  0
INFO [03-26|19:40:21.401]  - Merge netsplit block:       #0       
INFO [03-26|19:40:21.401] 
INFO [03-26|19:40:21.401] Post-Merge hard forks (timestamp based):
INFO [03-26|19:40:21.401]  - Shanghai:                    @0         
INFO [03-26|19:40:21.401]  - Cancun:                      @0          blob: (target: 3, max: 6, fraction: 3338477)
INFO [03-26|19:40:21.401]  - Prague:                      @0          blob: (target: 6, max: 9, fraction: 5225352)
INFO [03-26|19:40:21.401]  - Osaka:                       @4294967295 blob: (target: 9, max: 12, fraction: 5225352)
INFO [03-26|19:40:21.401] 
INFO [03-26|19:40:21.401] All fork specifications can be found at https://ethereum.github.io/execution-specs/src/ethereum/forks/
INFO [03-26|19:40:21.401] 
INFO [03-26|19:40:21.401] ---------------------------------------------------------------------------------------------------------------------------------------------------------
INFO [03-26|19:40:21.401] 
INFO [03-26|19:40:21.401] Loaded most recent local block           number=64612 hash=98973d..02e43b age=9s
INFO [03-26|19:40:21.401] Loaded most recent local finalized block number=64608 hash=a6c6e8..1d4107 age=53s
INFO [03-26|19:40:21.402] Initialized transaction indexer          range="last 2350000 blocks"
INFO [03-26|19:40:21.402] Initialized log indexer                  firstblock=0 lastblock=64612 firstmap=0 lastmap=4 headindexed=true
INFO [03-26|19:40:21.403] Enabled full-sync                        head=64612 hash=98973d..02e43b
INFO [03-26|19:40:21.403] Unprotected transactions allowed
INFO [03-26|19:40:21.403] Gasprice oracle is ignoring threshold set threshold=2
INFO [03-26|19:40:21.404] Registered sync override service
WARN [03-26|19:40:21.404] You are running Geth in --dev mode. Please note the following:
WARN [03-26|19:40:21.404] 
WARN [03-26|19:40:21.404]   1. This mode is only intended for fast, iterative development without assumptions on
WARN [03-26|19:40:21.404]      security or persistence.
WARN [03-26|19:40:21.404]   2. The database is created in memory unless specified otherwise. Therefore, shutting down
WARN [03-26|19:40:21.404]      your computer or losing power will wipe your entire block data and chain state for
WARN [03-26|19:40:21.404]      your dev environment.
WARN [03-26|19:40:21.404]   3. A random, pre-allocated developer account will be available and unlocked as
WARN [03-26|19:40:21.404]      eth.coinbase, which can be used for testing. The random dev account is temporary,
WARN [03-26|19:40:21.404]      stored on a ramdisk, and will be lost if your machine is restarted.
WARN [03-26|19:40:21.404]   4. Mining is enabled by default. However, the client will only seal blocks if transactions
WARN [03-26|19:40:21.404]      are pending in the mempool. The miner's minimum accepted gas price is 1.
WARN [03-26|19:40:21.404]   5. Networking is disabled; there is no listen-address, the maximum number of peers is set
WARN [03-26|19:40:21.404]      to 0, and discovery is disabled.
WARN [03-26|19:40:21.404] 
INFO [03-26|19:40:21.404] Starting peer-to-peer node               instance=Geth/v1.17.2-unstable-5d0e18f7-20260325/linux-amd64/go1.24.1
WARN [03-26|19:40:21.404] P2P server will be useless, neither dialing nor listening
INFO [03-26|19:40:21.407] IPC endpoint opened                      url=/home/CPerezz/bintrie-benchmarks/mpt-vs-bintrie/dbs/mpt/geth.ipc
ERROR[03-26|19:40:21.407] Unavailable modules in HTTP API list     unavailable=[personal] available="[admin debug web3 eth txpool miner net dev testing]"
INFO [03-26|19:40:21.407] HTTP server started                      endpoint=[::]:8545 auth=false prefix= cors= vhosts=localhost
INFO [03-26|19:40:21.407] WebSocket enabled                        url=ws://[::]:8546
INFO [03-26|19:40:21.408] New local node record                    seq=1,774,465,406,141 id=9566f6e861acb2c3 ip=127.0.0.1 udp=0 tcp=0
INFO [03-26|19:40:21.408] Started P2P networking                   self=enode://7bcb27e0859fe4ed7072e298a58918cc0b55d08376b1207f77d84f6d0d34ded7448b64ab16dd00733b489383beff49c04f662afae4dd1dc102807640ff82a1cd@127.0.0.1:0
INFO [03-26|19:40:21.442] Loaded local transaction journal         transactions=729 dropped=0
INFO [03-26|19:40:22.620] Submitted contract creation              hash=0x60ea0ab6d243bb9c2f017237f5fffbcddb0ad26acd16adc38224fe59fc332822 from=0xf39Fd6e51aad88F6F4ce6aB8827279cffFb92266 nonce=544 contract=0x89ec9355b1Bcc964e576211c8B011BD709083f8d value=0
INFO [03-26|19:40:22.622] Submitted transaction                    hash=0x5f5bddc093e131adcbba4242bbb56373f6c73b7af9e56f2d0529c029a70b4df5 from=0xf39Fd6e51aad88F6F4ce6aB8827279cffFb92266 nonce=545 recipient=0xc3A743966dd82b641875dC29fB3fbD273C67c14a value=874,000,000,000
INFO [03-26|19:40:23.358] Started log indexer
INFO [03-26|19:40:23.364] Starting work on payload                 id=0x03bffa0643595132
INFO [03-26|19:40:23.372] Updated payload                          id=0x03bffa0643595132 number=64613 hash=a39a53..c2159c txs=2 withdrawals=0 gas=90958 fees=7.94245256e-10 root=38ca1b..5ef680 elapsed=8.151ms
INFO [03-26|19:40:23.372] Stopping work on payload                 id=0x03bffa0643595132 reason=delivery
WARN [03-26|19:40:23.377] {"level":"warn","msg":"Slow block","block":{"number":64613,"hash":"0xa39a53395d2a9258fd342f40e1e48eff4121378e0c57d3f0b2b2eec752c2159c","gas_used":90958,"tx_count":2},"timing":{"execution_ms":0.117772,"state_read_ms":0.272856,"state_hash_ms":3.360771,"commit_ms":0.757176,"total_ms":4.573794},"throughput":{"mgas_per_sec":19.886772338238234},"state_reads":{"accounts":11,"storage_slots":0,"code":0,"code_bytes":0},"state_writes":{"accounts":3,"accounts_deleted":0,"storage_slots":0,"storage_slots_deleted":0,"code":1,"code_bytes":78},"cache":{"account":{"hits":4,"misses":7,"hit_rate":36.36363636363637},"storage":{"hits":0,"misses":0,"hit_rate":0},"code":{"hits":0,"misses":0,"hit_rate":0,"hit_bytes":0,"miss_bytes":0}}}
INFO [03-26|19:40:23.377] Imported new potential chain segment     number=64613 hash=a39a53..c2159c blocks=1 txs=2 mgas=0.091 elapsed=4.881ms mgasps=18.632 triediffs=219.40MiB triedirty=0.00B
INFO [03-26|19:40:23.377] Ready for fork activation                fork=Osaka date="07 Feb 06 07:28 CET" remaining=700115h47m52s timestamp=4,294,967,295
INFO [03-26|19:40:23.378] Chain head was updated                   number=64613 hash=a39a53..c2159c root=38ca1b..5ef680 elapsed="190.949µs"
INFO [03-26|19:40:23.637] Submitted transaction                    hash=0xd2a53ea32a8b85f70baca17632431f7cea49a27d12f003e41b6ed2cc85638b12 from=0xc3A743966dd82b641875dC29fB3fbD273C67c14a nonce=0   recipient=0x89ec9355b1Bcc964e576211c8B011BD709083f8d value=0
INFO [03-26|19:40:33.379] Starting work on payload                 id=0x03fc40a011517f6b
INFO [03-26|19:40:34.220] Updated payload                          id=0x03fc40a011517f6b number=64614 hash=07cfb5..05e3ad txs=1 withdrawals=0 gas=93,739,282 fees=8.185314104e-07 root=9c9bd4..20d42e elapsed=840.667ms
INFO [03-26|19:40:34.220] Stopping work on payload                 id=0x03fc40a011517f6b reason=delivery
WARN [03-26|19:40:35.160] {"level":"warn","msg":"Slow block","block":{"number":64614,"hash":"0x07cfb5deade723d31409be5c9b207442b7a4ae225ad75abeaabcde8bcf05e3ad","gas_used":93739282,"tx_count":1},"timing":{"execution_ms":42.111297,"state_read_ms":571.52645,"state_hash_ms":303.005538,"commit_ms":21.247773,"total_ms":937.981606},"throughput":{"mgas_per_sec":99.93722840658775},"state_reads":{"accounts":8,"storage_slots":4094,"code":2,"code_bytes":1422},"state_writes":{"accounts":3,"accounts_deleted":0,"storage_slots":4094,"storage_slots_deleted":0,"code":0,"code_bytes":0},"cache":{"account":{"hits":3,"misses":5,"hit_rate":37.5},"storage":{"hits":533,"misses":3561,"hit_rate":13.019052271617001},"code":{"hits":2,"misses":0,"hit_rate":100,"hit_bytes":1422,"miss_bytes":0}}}
INFO [03-26|19:40:35.160] Imported new potential chain segment     number=64614 hash=07cfb5..05e3ad blocks=1 txs=1 mgas=93.739 elapsed=939.900ms   mgasps=99.733 triediffs=227.22MiB triedirty=0.00B
INFO [03-26|19:40:35.163] Chain head was updated                   number=64614 hash=07cfb5..05e3ad root=9c9bd4..20d42e elapsed="109.909µs"
INFO [03-26|19:40:35.718] Submitted transaction                    hash=0x1a00e171fab6ed355d6054996e819708a59585d3aee7282d64c530540fdab9a0 from=0xc3A743966dd82b641875dC29fB3fbD273C67c14a nonce=1   recipient=0xf39Fd6e51aad88F6F4ce6aB8827279cffFb92266 value=54,626,758,320
INFO [03-26|19:40:45.165] Starting work on payload                 id=0x032b39d5ec878c91
INFO [03-26|19:40:45.166] Updated payload                          id=0x032b39d5ec878c91 number=64615 hash=ff302e..cb3db7 txs=1 withdrawals=0 gas=21000      fees=9.1623e-11      root=9b0c50..4b2f92 elapsed="837.085µs"
INFO [03-26|19:40:45.166] Stopping work on payload                 id=0x032b39d5ec878c91 reason=delivery
WARN [03-26|19:40:45.168] {"level":"warn","msg":"Slow block","block":{"number":64615,"hash":"0xff302e425bbf096e51d8d57e7e5bd36cc0770963d10cbc3087b2ec79d6cb3db7","gas_used":21000,"tx_count":1},"timing":{"execution_ms":0.043831,"state_read_ms":0.102268,"state_hash_ms":0.203179,"commit_ms":0.608056,"total_ms":1.014195},"throughput":{"mgas_per_sec":20.706077233668083},"state_reads":{"accounts":6,"storage_slots":0,"code":0,"code_bytes":0},"state_writes":{"accounts":2,"accounts_deleted":0,"storage_slots":0,"storage_slots_deleted":0,"code":0,"code_bytes":0},"cache":{"account":{"hits":2,"misses":4,"hit_rate":33.33333333333333},"storage":{"hits":0,"misses":0,"hit_rate":0},"code":{"hits":0,"misses":0,"hit_rate":0,"hit_bytes":0,"miss_bytes":0}}}
INFO [03-26|19:40:45.168] Imported new potential chain segment     number=64615 hash=ff302e..cb3db7 blocks=1 txs=1 mgas=0.021  elapsed=1.598ms     mgasps=13.137 triediffs=227.22MiB triedirty=0.00B
INFO [03-26|19:40:45.168] Chain head was updated                   number=64615 hash=ff302e..cb3db7 root=9b0c50..4b2f92 elapsed="72.679µs"
