INFO [03-26|17:39:18.855] Starting Geth on Ethereum mainnet...
INFO [03-26|17:39:18.857] Maximum peer count                       ETH=0 total=0
INFO [03-26|17:39:18.858] Smartcard socket not found, disabling    err="stat /run/pcscd/pcscd.comm: no such file or directory"
WARN [03-26|17:39:18.859] Option --miner.etherbase is deprecated as the etherbase is set by the consensus client post-merge
WARN [03-26|17:39:18.860] Snap sync requested, resetting --cache.snapshot
INFO [03-26|17:39:18.860] Global gas cap disabled
INFO [03-26|17:39:19.510] Using developer account                  address=0xf39Fd6e51aad88F6F4ce6aB8827279cffFb92266
INFO [03-26|17:39:19.751] Using pebble as the backing database
INFO [03-26|17:39:19.751] Allocated cache and file handles         database=/home/CPerezz/bintrie-benchmarks/mpt-vs-bintrie/dbs/mpt/geth/chaindata cache=16.00MiB handles=524,288
INFO [03-26|17:39:21.952] Opened ancient database                  database=/home/CPerezz/bintrie-benchmarks/mpt-vs-bintrie/dbs/mpt/geth/chaindata/ancient/chain readonly=true
INFO [03-26|17:39:21.952] Opened Era store                         datadir=/home/CPerezz/bintrie-benchmarks/mpt-vs-bintrie/dbs/mpt/geth/chaindata/ancient/chain/era
INFO [03-26|17:39:21.961] Initializing the KZG library             backend=gokzg
INFO [03-26|17:39:21.963] Allocated trie memory caches             clean=0.00B dirty=0.00B
INFO [03-26|17:39:22.048] Using pebble as the backing database
INFO [03-26|17:39:22.048] Allocated cache and file handles         database=/home/CPerezz/bintrie-benchmarks/mpt-vs-bintrie/dbs/mpt/geth/chaindata cache=16.00MiB handles=524,288
INFO [03-26|17:39:23.354] Opened ancient database                  database=/home/CPerezz/bintrie-benchmarks/mpt-vs-bintrie/dbs/mpt/geth/chaindata/ancient/chain readonly=false
INFO [03-26|17:39:23.354] Opened Era store                         datadir=/home/CPerezz/bintrie-benchmarks/mpt-vs-bintrie/dbs/mpt/geth/chaindata/ancient/chain/era
INFO [03-26|17:39:23.356] State scheme set to already existing     scheme=path
INFO [03-26|17:39:23.358] Initialising Ethereum protocol           network=1337 dbversion=9
INFO [03-26|17:39:23.358] Load database journal from file          path=/home/CPerezz/bintrie-benchmarks/mpt-vs-bintrie/dbs/mpt/geth/triedb/merkle.journal
INFO [03-26|17:39:25.184] Opened ancient database                  database=/home/CPerezz/bintrie-benchmarks/mpt-vs-bintrie/dbs/mpt/geth/chaindata/ancient/state readonly=false
INFO [03-26|17:39:25.185] Initialized path database                triecache=0.00B statecache=0.00B buffer=0.00B state-history="last 90000 blocks" journal-dir=/home/CPerezz/bintrie-benchmarks/mpt-vs-bintrie/dbs/mpt/geth/triedb
INFO [03-26|17:39:25.186] 
INFO [03-26|17:39:25.186] ---------------------------------------------------------------------------------------------------------------------------------------------------------
INFO [03-26|17:39:25.186] Chain ID:  1337 (unknown)
INFO [03-26|17:39:25.186] Consensus: unknown
INFO [03-26|17:39:25.186] 
INFO [03-26|17:39:25.186] Pre-Merge hard forks (block based):
INFO [03-26|17:39:25.186]  - Homestead:                   #0       
INFO [03-26|17:39:25.186]  - Tangerine Whistle (EIP 150): #0       
INFO [03-26|17:39:25.186]  - Spurious Dragon/1 (EIP 155): #0       
INFO [03-26|17:39:25.186]  - Spurious Dragon/2 (EIP 158): #0       
INFO [03-26|17:39:25.186]  - Byzantium:                   #0       
INFO [03-26|17:39:25.186]  - Constantinople:              #0       
INFO [03-26|17:39:25.186]  - Petersburg:                  #0       
INFO [03-26|17:39:25.186]  - Istanbul:                    #0       
INFO [03-26|17:39:25.186]  - Muir Glacier:                #0       
INFO [03-26|17:39:25.186]  - Berlin:                      #0       
INFO [03-26|17:39:25.186]  - London:                      #0       
INFO [03-26|17:39:25.186]  - Arrow Glacier:               #0       
INFO [03-26|17:39:25.186]  - Gray Glacier:                #0       
INFO [03-26|17:39:25.186] 
INFO [03-26|17:39:25.186] Merge configured:
INFO [03-26|17:39:25.186]  - Total terminal difficulty:  0
INFO [03-26|17:39:25.186]  - Merge netsplit block:       #0       
INFO [03-26|17:39:25.186] 
INFO [03-26|17:39:25.186] Post-Merge hard forks (timestamp based):
INFO [03-26|17:39:25.186]  - Shanghai:                    @0         
INFO [03-26|17:39:25.186]  - Cancun:                      @0          blob: (target: 3, max: 6, fraction: 3338477)
INFO [03-26|17:39:25.186]  - Prague:                      @0          blob: (target: 6, max: 9, fraction: 5225352)
INFO [03-26|17:39:25.186]  - Osaka:                       @4294967295 blob: (target: 9, max: 12, fraction: 5225352)
INFO [03-26|17:39:25.186] 
INFO [03-26|17:39:25.186] All fork specifications can be found at https://ethereum.github.io/execution-specs/src/ethereum/forks/
INFO [03-26|17:39:25.186] 
INFO [03-26|17:39:25.186] ---------------------------------------------------------------------------------------------------------------------------------------------------------
INFO [03-26|17:39:25.186] 
INFO [03-26|17:39:25.187] Loaded most recent local block           number=64040 hash=5908a7..856937 age=26s
INFO [03-26|17:39:25.187] Loaded most recent local finalized block number=64032 hash=cbcc68..28addb age=2m20s
INFO [03-26|17:39:25.187] Initialized transaction indexer          range="last 2350000 blocks"
INFO [03-26|17:39:25.187] Initialized log indexer                  firstblock=0 lastblock=64040 firstmap=0 lastmap=4 headindexed=true
INFO [03-26|17:39:25.191] Enabled full-sync                        head=64040 hash=5908a7..856937
INFO [03-26|17:39:25.191] Unprotected transactions allowed
INFO [03-26|17:39:25.191] Gasprice oracle is ignoring threshold set threshold=2
INFO [03-26|17:39:25.192] Registered sync override service
WARN [03-26|17:39:25.192] You are running Geth in --dev mode. Please note the following:
WARN [03-26|17:39:25.192] 
WARN [03-26|17:39:25.192]   1. This mode is only intended for fast, iterative development without assumptions on
WARN [03-26|17:39:25.192]      security or persistence.
WARN [03-26|17:39:25.192]   2. The database is created in memory unless specified otherwise. Therefore, shutting down
WARN [03-26|17:39:25.192]      your computer or losing power will wipe your entire block data and chain state for
WARN [03-26|17:39:25.192]      your dev environment.
WARN [03-26|17:39:25.192]   3. A random, pre-allocated developer account will be available and unlocked as
WARN [03-26|17:39:25.192]      eth.coinbase, which can be used for testing. The random dev account is temporary,
WARN [03-26|17:39:25.192]      stored on a ramdisk, and will be lost if your machine is restarted.
WARN [03-26|17:39:25.192]   4. Mining is enabled by default. However, the client will only seal blocks if transactions
WARN [03-26|17:39:25.192]      are pending in the mempool. The miner's minimum accepted gas price is 1.
WARN [03-26|17:39:25.192]   5. Networking is disabled; there is no listen-address, the maximum number of peers is set
WARN [03-26|17:39:25.192]      to 0, and discovery is disabled.
WARN [03-26|17:39:25.192] 
INFO [03-26|17:39:25.192] Starting peer-to-peer node               instance=Geth/v1.17.2-unstable-5d0e18f7-20260325/linux-amd64/go1.24.1
WARN [03-26|17:39:25.192] P2P server will be useless, neither dialing nor listening
INFO [03-26|17:39:25.197] New local node record                    seq=1,774,465,405,928 id=9566f6e861acb2c3 ip=127.0.0.1 udp=0 tcp=0
INFO [03-26|17:39:25.197] Started P2P networking                   self=enode://7bcb27e0859fe4ed7072e298a58918cc0b55d08376b1207f77d84f6d0d34ded7448b64ab16dd00733b489383beff49c04f662afae4dd1dc102807640ff82a1cd@127.0.0.1:0
INFO [03-26|17:39:25.197] IPC endpoint opened                      url=/home/CPerezz/bintrie-benchmarks/mpt-vs-bintrie/dbs/mpt/geth.ipc
ERROR[03-26|17:39:25.197] Unavailable modules in HTTP API list     unavailable=[personal] available="[admin debug web3 eth txpool miner net dev testing]"
INFO [03-26|17:39:25.198] HTTP server started                      endpoint=[::]:8545 auth=false prefix= cors= vhosts=localhost
INFO [03-26|17:39:25.198] WebSocket enabled                        url=ws://[::]:8546
INFO [03-26|17:39:25.202] Loaded local transaction journal         transactions=60 dropped=0
INFO [03-26|17:39:26.784] Started log indexer
INFO [03-26|17:39:26.791] Starting work on payload                 id=0x03d99b213e1cb7cf
INFO [03-26|17:39:26.792] Updated payload                          id=0x03d99b213e1cb7cf number=64041 hash=f464a2..e25c8a txs=0 withdrawals=0 gas=0 fees=0 root=a5973e..721b7c elapsed="167.459µs"
INFO [03-26|17:39:26.792] Stopping work on payload                 id=0x03d99b213e1cb7cf reason=delivery
WARN [03-26|17:39:26.798] {"level":"warn","msg":"Slow block","block":{"number":64041,"hash":"0xf464a2eab6a0eeb1dff1bae417b40b96ba1839df3d011f87dfaaaa04fbe25c8a","gas_used":0,"tx_count":0},"timing":{"execution_ms":0.029821,"state_read_ms":0.834524,"state_hash_ms":0.00447,"commit_ms":0.088309,"total_ms":1.049406},"throughput":{"mgas_per_sec":0},"state_reads":{"accounts":4,"storage_slots":0,"code":0,"code_bytes":0},"state_writes":{"accounts":0,"accounts_deleted":0,"storage_slots":0,"storage_slots_deleted":0,"code":0,"code_bytes":0},"cache":{"account":{"hits":0,"misses":4,"hit_rate":0},"storage":{"hits":0,"misses":0,"hit_rate":0},"code":{"hits":0,"misses":0,"hit_rate":0,"hit_bytes":0,"miss_bytes":0}}}
INFO [03-26|17:39:26.798] Imported new potential chain segment     number=64041 hash=f464a2..e25c8a blocks=1 txs=0 mgas=0.000 elapsed=5.079ms     mgasps=0.000 triediffs=314.81MiB triedirty=0.00B
INFO [03-26|17:39:26.798] Ready for fork activation                fork=Osaka date="07 Feb 06 07:28 CET" remaining=700117h48m48s timestamp=4,294,967,295
INFO [03-26|17:39:26.798] Chain head was updated                   number=64041 hash=f464a2..e25c8a root=a5973e..721b7c elapsed="23.07µs"
INFO [03-26|17:39:27.146] Submitted contract creation              hash=0x05558da958e1c41da2847ac6d5ce85ba4780918df80a9272f3e2681e229efc50 from=0xf39Fd6e51aad88F6F4ce6aB8827279cffFb92266 nonce=118 contract=0x5bf5b11053e734690269C6B9D438F8C9d48F528A value=0
INFO [03-26|17:39:27.149] Submitted transaction                    hash=0xe27e7986a9d46015ba695e2c1d4cb7adf5d84f40bf8f9eaf8840b15b9fdc130c from=0xf39Fd6e51aad88F6F4ce6aB8827279cffFb92266 nonce=119 recipient=0x15360243A98E73e04241dE6C2F266D5BBc6a4945 value=1,600,000,000
INFO [03-26|17:39:36.800] Starting work on payload                 id=0x03a90645687b4b0d
INFO [03-26|17:39:36.807] Updated payload                          id=0x03a90645687b4b0d number=64042 hash=8b7631..6c73f6 txs=2 withdrawals=0 gas=89662 fees=7.17296e-13 root=10bc95..a88d44 elapsed=6.546ms
INFO [03-26|17:39:36.807] Stopping work on payload                 id=0x03a90645687b4b0d reason=delivery
WARN [03-26|17:39:36.813] {"level":"warn","msg":"Slow block","block":{"number":64042,"hash":"0x8b7631739e140e39bfe26270a505ec9620fa2230a7f0e7c0b778b325896c73f6","gas_used":89662,"tx_count":2},"timing":{"execution_ms":0.14623,"state_read_ms":0.113859,"state_hash_ms":0.871555,"commit_ms":4.146637,"total_ms":5.313461},"throughput":{"mgas_per_sec":16.874500443308044},"state_reads":{"accounts":11,"storage_slots":0,"code":0,"code_bytes":0},"state_writes":{"accounts":3,"accounts_deleted":0,"storage_slots":0,"storage_slots_deleted":0,"code":1,"code_bytes":72},"cache":{"account":{"hits":4,"misses":7,"hit_rate":36.36363636363637},"storage":{"hits":0,"misses":0,"hit_rate":0},"code":{"hits":0,"misses":0,"hit_rate":0,"hit_bytes":0,"miss_bytes":0}}}
INFO [03-26|17:39:36.813] Imported new potential chain segment     number=64042 hash=8b7631..6c73f6 blocks=1 txs=2 mgas=0.090 elapsed=5.720ms     mgasps=15.675 triediffs=310.60MiB triedirty=0.00B
INFO [03-26|17:39:36.814] Chain head was updated                   number=64042 hash=8b7631..6c73f6 root=10bc95..a88d44 elapsed="91.889µs"
INFO [03-26|17:39:37.233] Submitted transaction                    hash=0x8fe60e2b6297934502166d253d20583de79974dc95e25448d4cad0d202368ebd from=0x15360243A98E73e04241dE6C2F266D5BBc6a4945 nonce=0   recipient=0x5bf5b11053e734690269C6B9D438F8C9d48F528A value=0
INFO [03-26|17:39:46.817] Starting work on payload                 id=0x039190fb1496a219
WARN [03-26|17:39:54.054] Block building is interrupted            allowance=2s
INFO [03-26|17:39:54.055] Updated payload                          id=0x039190fb1496a219 number=64043 hash=19a36a..045c40 txs=1 withdrawals=0 gas=100,000,000 fees=8e-10       root=27e664..e2ab93 elapsed=7.237s
WARN [03-26|17:39:59.155] Block building is interrupted            allowance=2s
INFO [03-26|17:39:59.156] Stopping work on payload                 id=0x039190fb1496a219 reason=delivery
WARN [03-26|17:39:59.184] {"level":"warn","msg":"Slow block","block":{"number":64043,"hash":"0x19a36ab1345efd0721f6d36f98447ca62af2a2da84e7bedeb98047be6a045c40","gas_used":100000000,"tx_count":1},"timing":{"execution_ms":273.429006,"state_read_ms":4826.980508,"state_hash_ms":0.04532,"commit_ms":27.817492,"total_ms":5128.350707},"throughput":{"mgas_per_sec":19.499446452346536},"state_reads":{"accounts":8,"storage_slots":36742,"code":2,"code_bytes":1416},"state_writes":{"accounts":2,"accounts_deleted":0,"storage_slots":0,"storage_slots_deleted":0,"code":0,"code_bytes":0},"cache":{"account":{"hits":4,"misses":4,"hit_rate":50},"storage":{"hits":2611,"misses":34131,"hit_rate":7.106308856349681},"code":{"hits":2,"misses":0,"hit_rate":100,"hit_bytes":1416,"miss_bytes":0}}}
INFO [03-26|17:39:59.184] Imported new potential chain segment     number=64043 hash=19a36a..045c40 blocks=1 txs=1 mgas=100.000 elapsed=5.128s      mgasps=19.497 triediffs=307.68MiB triedirty=0.00B
INFO [03-26|17:39:59.185] Chain head was updated                   number=64043 hash=19a36a..045c40 root=27e664..e2ab93 elapsed="43.46µs"
