INFO [03-26|19:37:34.870] Starting Geth on Ethereum mainnet...
INFO [03-26|19:37:34.871] Maximum peer count                       ETH=0 total=0
INFO [03-26|19:37:34.873] Smartcard socket not found, disabling    err="stat /run/pcscd/pcscd.comm: no such file or directory"
WARN [03-26|19:37:34.874] Option --miner.etherbase is deprecated as the etherbase is set by the consensus client post-merge
WARN [03-26|19:37:34.875] Snap sync requested, resetting --cache.snapshot
INFO [03-26|19:37:34.875] Global gas cap disabled
INFO [03-26|19:37:35.565] Using developer account                  address=0xf39Fd6e51aad88F6F4ce6aB8827279cffFb92266
INFO [03-26|19:37:35.731] Using pebble as the backing database
INFO [03-26|19:37:35.731] Allocated cache and file handles         database=/home/CPerezz/bintrie-benchmarks/mpt-vs-bintrie/dbs/mpt/geth/chaindata cache=16.00MiB handles=524,288
INFO [03-26|19:37:36.897] Opened ancient database                  database=/home/CPerezz/bintrie-benchmarks/mpt-vs-bintrie/dbs/mpt/geth/chaindata/ancient/chain readonly=true
INFO [03-26|19:37:36.897] Opened Era store                         datadir=/home/CPerezz/bintrie-benchmarks/mpt-vs-bintrie/dbs/mpt/geth/chaindata/ancient/chain/era
INFO [03-26|19:37:36.906] Initializing the KZG library             backend=gokzg
INFO [03-26|19:37:36.908] Allocated trie memory caches             clean=0.00B dirty=0.00B
INFO [03-26|19:37:37.001] Using pebble as the backing database
INFO [03-26|19:37:37.001] Allocated cache and file handles         database=/home/CPerezz/bintrie-benchmarks/mpt-vs-bintrie/dbs/mpt/geth/chaindata cache=16.00MiB handles=524,288
INFO [03-26|19:37:38.289] Opened ancient database                  database=/home/CPerezz/bintrie-benchmarks/mpt-vs-bintrie/dbs/mpt/geth/chaindata/ancient/chain readonly=false
INFO [03-26|19:37:38.289] Opened Era store                         datadir=/home/CPerezz/bintrie-benchmarks/mpt-vs-bintrie/dbs/mpt/geth/chaindata/ancient/chain/era
INFO [03-26|19:37:38.290] State scheme set to already existing     scheme=path
INFO [03-26|19:37:38.291] Initialising Ethereum protocol           network=1337 dbversion=9
INFO [03-26|19:37:38.291] Load database journal from file          path=/home/CPerezz/bintrie-benchmarks/mpt-vs-bintrie/dbs/mpt/geth/triedb/merkle.journal
INFO [03-26|19:37:39.346] Opened ancient database                  database=/home/CPerezz/bintrie-benchmarks/mpt-vs-bintrie/dbs/mpt/geth/chaindata/ancient/state readonly=false
INFO [03-26|19:37:39.347] Initialized path database                triecache=0.00B statecache=0.00B buffer=0.00B state-history="last 90000 blocks" journal-dir=/home/CPerezz/bintrie-benchmarks/mpt-vs-bintrie/dbs/mpt/geth/triedb
INFO [03-26|19:37:39.349] 
INFO [03-26|19:37:39.349] ---------------------------------------------------------------------------------------------------------------------------------------------------------
INFO [03-26|19:37:39.349] Chain ID:  1337 (unknown)
INFO [03-26|19:37:39.349] Consensus: unknown
INFO [03-26|19:37:39.349] 
INFO [03-26|19:37:39.349] Pre-Merge hard forks (block based):
INFO [03-26|19:37:39.349]  - Homestead:                   #0       
INFO [03-26|19:37:39.349]  - Tangerine Whistle (EIP 150): #0       
INFO [03-26|19:37:39.349]  - Spurious Dragon/1 (EIP 155): #0       
INFO [03-26|19:37:39.349]  - Spurious Dragon/2 (EIP 158): #0       
INFO [03-26|19:37:39.349]  - Byzantium:                   #0       
INFO [03-26|19:37:39.349]  - Constantinople:              #0       
INFO [03-26|19:37:39.349]  - Petersburg:                  #0       
INFO [03-26|19:37:39.349]  - Istanbul:                    #0       
INFO [03-26|19:37:39.349]  - Muir Glacier:                #0       
INFO [03-26|19:37:39.349]  - Berlin:                      #0       
INFO [03-26|19:37:39.349]  - London:                      #0       
INFO [03-26|19:37:39.349]  - Arrow Glacier:               #0       
INFO [03-26|19:37:39.349]  - Gray Glacier:                #0       
INFO [03-26|19:37:39.349] 
INFO [03-26|19:37:39.349] Merge configured:
INFO [03-26|19:37:39.349]  - Total terminal difficulty:  0
INFO [03-26|19:37:39.349]  - Merge netsplit block:       #0       
INFO [03-26|19:37:39.349] 
INFO [03-26|19:37:39.349] Post-Merge hard forks (timestamp based):
INFO [03-26|19:37:39.349]  - Shanghai:                    @0         
INFO [03-26|19:37:39.349]  - Cancun:                      @0          blob: (target: 3, max: 6, fraction: 3338477)
INFO [03-26|19:37:39.349]  - Prague:                      @0          blob: (target: 6, max: 9, fraction: 5225352)
INFO [03-26|19:37:39.349]  - Osaka:                       @4294967295 blob: (target: 9, max: 12, fraction: 5225352)
INFO [03-26|19:37:39.349] 
INFO [03-26|19:37:39.349] All fork specifications can be found at https://ethereum.github.io/execution-specs/src/ethereum/forks/
INFO [03-26|19:37:39.349] 
INFO [03-26|19:37:39.349] ---------------------------------------------------------------------------------------------------------------------------------------------------------
INFO [03-26|19:37:39.349] 
INFO [03-26|19:37:39.350] Loaded most recent local block           number=64597 hash=52bf51..c46072 age=9s
INFO [03-26|19:37:39.350] Loaded most recent local finalized block number=64576 hash=760e77..5513a7 age=3m51s
INFO [03-26|19:37:39.350] Initialized transaction indexer          range="last 2350000 blocks"
INFO [03-26|19:37:39.350] Initialized log indexer                  firstblock=0 lastblock=64597 firstmap=0 lastmap=4 headindexed=true
INFO [03-26|19:37:39.351] Enabled full-sync                        head=64597 hash=52bf51..c46072
INFO [03-26|19:37:39.352] Unprotected transactions allowed
INFO [03-26|19:37:39.352] Gasprice oracle is ignoring threshold set threshold=2
INFO [03-26|19:37:39.352] Registered sync override service
WARN [03-26|19:37:39.352] You are running Geth in --dev mode. Please note the following:
WARN [03-26|19:37:39.352] 
WARN [03-26|19:37:39.352]   1. This mode is only intended for fast, iterative development without assumptions on
WARN [03-26|19:37:39.352]      security or persistence.
WARN [03-26|19:37:39.352]   2. The database is created in memory unless specified otherwise. Therefore, shutting down
WARN [03-26|19:37:39.352]      your computer or losing power will wipe your entire block data and chain state for
WARN [03-26|19:37:39.352]      your dev environment.
WARN [03-26|19:37:39.352]   3. A random, pre-allocated developer account will be available and unlocked as
WARN [03-26|19:37:39.352]      eth.coinbase, which can be used for testing. The random dev account is temporary,
WARN [03-26|19:37:39.352]      stored on a ramdisk, and will be lost if your machine is restarted.
WARN [03-26|19:37:39.352]   4. Mining is enabled by default. However, the client will only seal blocks if transactions
WARN [03-26|19:37:39.352]      are pending in the mempool. The miner's minimum accepted gas price is 1.
WARN [03-26|19:37:39.352]   5. Networking is disabled; there is no listen-address, the maximum number of peers is set
WARN [03-26|19:37:39.352]      to 0, and discovery is disabled.
WARN [03-26|19:37:39.352] 
INFO [03-26|19:37:39.352] Starting peer-to-peer node               instance=Geth/v1.17.2-unstable-5d0e18f7-20260325/linux-amd64/go1.24.1
WARN [03-26|19:37:39.352] P2P server will be useless, neither dialing nor listening
INFO [03-26|19:37:39.355] IPC endpoint opened                      url=/home/CPerezz/bintrie-benchmarks/mpt-vs-bintrie/dbs/mpt/geth.ipc
ERROR[03-26|19:37:39.355] Unavailable modules in HTTP API list     unavailable=[personal] available="[admin debug web3 eth txpool miner net dev testing]"
INFO [03-26|19:37:39.356] HTTP server started                      endpoint=[::]:8545 auth=false prefix= cors= vhosts=localhost
INFO [03-26|19:37:39.356] WebSocket enabled                        url=ws://[::]:8546
INFO [03-26|19:37:39.356] New local node record                    seq=1,774,465,406,136 id=9566f6e861acb2c3 ip=127.0.0.1 udp=0 tcp=0
INFO [03-26|19:37:39.356] Started P2P networking                   self=enode://7bcb27e0859fe4ed7072e298a58918cc0b55d08376b1207f77d84f6d0d34ded7448b64ab16dd00733b489383beff49c04f662afae4dd1dc102807640ff82a1cd@127.0.0.1:0
INFO [03-26|19:37:39.390] Loaded local transaction journal         transactions=709 dropped=0
INFO [03-26|19:37:40.825] Submitted contract creation              hash=0x21c9b36a29764b765f3a21ffae8f24ec17b1d982503583dbc0ca8c6a568a6537 from=0xf39Fd6e51aad88F6F4ce6aB8827279cffFb92266 nonce=534 contract=0xb4e9A5BC64DC07f890367F72941403EEd7faDCbB value=0
INFO [03-26|19:37:40.827] Submitted transaction                    hash=0x6fa1c12cca3a9b979920ae8b4910cf59bf43f5eea4939a63fd31d866b5e4ab7e from=0xf39Fd6e51aad88F6F4ce6aB8827279cffFb92266 nonce=535 recipient=0xb59dC227B30f6FBa96CE1f0cE3a1b7859E44FA2b value=487,600,000,000
INFO [03-26|19:37:41.143] Started log indexer
INFO [03-26|19:37:41.148] Starting work on payload                 id=0x030d4b4750481d19
INFO [03-26|19:37:41.154] Updated payload                          id=0x030d4b4750481d19 number=64598 hash=27b7f5..49d78f txs=2 withdrawals=0 gas=90958 fees=4.42783544e-10 root=a9f031..afa186 elapsed=5.926ms
INFO [03-26|19:37:41.154] Stopping work on payload                 id=0x030d4b4750481d19 reason=delivery
WARN [03-26|19:37:41.157] {"level":"warn","msg":"Slow block","block":{"number":64598,"hash":"0x27b7f5162c19067a26ee5acf47390430b77a50057d8059aea573a5c2f449d78f","gas_used":90958,"tx_count":2},"timing":{"execution_ms":0.047049,"state_read_ms":0.10267,"state_hash_ms":0.923485,"commit_ms":0.604617,"total_ms":1.732461},"throughput":{"mgas_per_sec":52.50219196853493},"state_reads":{"accounts":11,"storage_slots":0,"code":0,"code_bytes":0},"state_writes":{"accounts":3,"accounts_deleted":0,"storage_slots":0,"storage_slots_deleted":0,"code":1,"code_bytes":78},"cache":{"account":{"hits":4,"misses":7,"hit_rate":36.36363636363637},"storage":{"hits":0,"misses":0,"hit_rate":0},"code":{"hits":0,"misses":0,"hit_rate":0,"hit_bytes":0,"miss_bytes":0}}}
INFO [03-26|19:37:41.157] Imported new potential chain segment     number=64598 hash=27b7f5..49d78f blocks=1 txs=2 mgas=0.091 elapsed=2.369ms mgasps=38.395 triediffs=183.03MiB triedirty=0.00B
INFO [03-26|19:37:41.157] Ready for fork activation                fork=Osaka date="07 Feb 06 07:28 CET" remaining=700115h50m34s timestamp=4,294,967,295
INFO [03-26|19:37:41.158] Chain head was updated                   number=64598 hash=27b7f5..49d78f root=a9f031..afa186 elapsed="251.438µs"
INFO [03-26|19:37:41.844] Submitted transaction                    hash=0xca5d75ec5026aa9f32a1653bad38ade48cf41b6ff66e9cf9cb1d15051baf536d from=0xb59dC227B30f6FBa96CE1f0cE3a1b7859E44FA2b nonce=0   recipient=0xb4e9A5BC64DC07f890367F72941403EEd7faDCbB value=0
INFO [03-26|19:37:51.160] Starting work on payload                 id=0x03587fb4b7f295a4
INFO [03-26|19:37:52.009] Updated payload                          id=0x03587fb4b7f295a4 number=64599 hash=24051b..e85b41 txs=1 withdrawals=0 gas=93,739,282 fees=4.563228248e-07 root=28fe57..07e475 elapsed=848.869ms
INFO [03-26|19:37:52.009] Stopping work on payload                 id=0x03587fb4b7f295a4 reason=delivery
WARN [03-26|19:37:52.938] {"level":"warn","msg":"Slow block","block":{"number":64599,"hash":"0x24051b33ec268a9fe4b70f6f3015268ac8f5da462cdaea96a772d04ef9e85b41","gas_used":93739282,"tx_count":1},"timing":{"execution_ms":49.57401,"state_read_ms":549.545184,"state_hash_ms":295.184673,"commit_ms":32.418526,"total_ms":926.816493},"throughput":{"mgas_per_sec":101.14114574782388},"state_reads":{"accounts":8,"storage_slots":4094,"code":2,"code_bytes":1422},"state_writes":{"accounts":3,"accounts_deleted":0,"storage_slots":4094,"storage_slots_deleted":0,"code":0,"code_bytes":0},"cache":{"account":{"hits":4,"misses":4,"hit_rate":50},"storage":{"hits":691,"misses":3403,"hit_rate":16.878358573522227},"code":{"hits":2,"misses":0,"hit_rate":100,"hit_bytes":1422,"miss_bytes":0}}}
INFO [03-26|19:37:52.938] Imported new potential chain segment     number=64599 hash=24051b..e85b41 blocks=1 txs=1 mgas=93.739 elapsed=928.739ms   mgasps=100.932 triediffs=190.79MiB triedirty=0.00B
INFO [03-26|19:37:52.940] Chain head was updated                   number=64599 hash=24051b..e85b41 root=28fe57..07e475 elapsed="50.13µs"
INFO [03-26|19:37:53.928] Submitted transaction                    hash=0xd86eef0a7d8d82aa0a8659099f0c859020d042d5841fe5aa72ec79800d90cf91 from=0xb59dC227B30f6FBa96CE1f0cE3a1b7859E44FA2b nonce=1   recipient=0xf39Fd6e51aad88F6F4ce6aB8827279cffFb92266 value=30,475,915,968
INFO [03-26|19:38:02.943] Starting work on payload                 id=0x033afc3c8b817070
INFO [03-26|19:38:02.944] Updated payload                          id=0x033afc3c8b817070 number=64600 hash=5ba07e..ceae91 txs=1 withdrawals=0 gas=21000      fees=5.1051e-11      root=8b088c..cc228a elapsed="530.747µs"
INFO [03-26|19:38:02.944] Stopping work on payload                 id=0x033afc3c8b817070 reason=delivery
WARN [03-26|19:38:02.946] {"level":"warn","msg":"Slow block","block":{"number":64600,"hash":"0x5ba07e04111d75ecc811311b4dc8469d6093b938b53a358f444e7e917fceae91","gas_used":21000,"tx_count":1},"timing":{"execution_ms":0.08314,"state_read_ms":0.111129,"state_hash_ms":0.114219,"commit_ms":0.595566,"total_ms":0.981125},"throughput":{"mgas_per_sec":21.40400050961906},"state_reads":{"accounts":6,"storage_slots":0,"code":0,"code_bytes":0},"state_writes":{"accounts":2,"accounts_deleted":0,"storage_slots":0,"storage_slots_deleted":0,"code":0,"code_bytes":0},"cache":{"account":{"hits":2,"misses":4,"hit_rate":33.33333333333333},"storage":{"hits":0,"misses":0,"hit_rate":0},"code":{"hits":0,"misses":0,"hit_rate":0,"hit_bytes":0,"miss_bytes":0}}}
INFO [03-26|19:38:02.946] Imported new potential chain segment     number=64600 hash=5ba07e..ceae91 blocks=1 txs=1 mgas=0.021  elapsed=1.193ms     mgasps=17.595  triediffs=190.79MiB triedirty=0.00B
INFO [03-26|19:38:02.947] Chain head was updated                   number=64600 hash=5ba07e..ceae91 root=8b088c..cc228a elapsed="91.09µs"
