INFO [03-26|18:31:55.733] Starting Geth on Ethereum mainnet...
INFO [03-26|18:31:55.734] Maximum peer count                       ETH=0 total=0
INFO [03-26|18:31:55.735] Smartcard socket not found, disabling    err="stat /run/pcscd/pcscd.comm: no such file or directory"
WARN [03-26|18:31:55.736] Option --miner.etherbase is deprecated as the etherbase is set by the consensus client post-merge
WARN [03-26|18:31:55.738] Snap sync requested, resetting --cache.snapshot
INFO [03-26|18:31:55.738] Global gas cap disabled
INFO [03-26|18:31:56.383] Using developer account                  address=0xf39Fd6e51aad88F6F4ce6aB8827279cffFb92266
INFO [03-26|18:31:56.626] Using pebble as the backing database
INFO [03-26|18:31:56.626] Allocated cache and file handles         database=/home/CPerezz/bintrie-benchmarks/mpt-vs-bintrie/dbs/mpt/geth/chaindata cache=16.00MiB handles=524,288
INFO [03-26|18:31:58.804] Opened ancient database                  database=/home/CPerezz/bintrie-benchmarks/mpt-vs-bintrie/dbs/mpt/geth/chaindata/ancient/chain readonly=true
INFO [03-26|18:31:58.804] Opened Era store                         datadir=/home/CPerezz/bintrie-benchmarks/mpt-vs-bintrie/dbs/mpt/geth/chaindata/ancient/chain/era
INFO [03-26|18:31:58.814] Initializing the KZG library             backend=gokzg
INFO [03-26|18:31:58.817] Allocated trie memory caches             clean=0.00B dirty=0.00B
INFO [03-26|18:31:58.917] Using pebble as the backing database
INFO [03-26|18:31:58.917] Allocated cache and file handles         database=/home/CPerezz/bintrie-benchmarks/mpt-vs-bintrie/dbs/mpt/geth/chaindata cache=16.00MiB handles=524,288
INFO [03-26|18:32:00.241] Opened ancient database                  database=/home/CPerezz/bintrie-benchmarks/mpt-vs-bintrie/dbs/mpt/geth/chaindata/ancient/chain readonly=false
INFO [03-26|18:32:00.241] Opened Era store                         datadir=/home/CPerezz/bintrie-benchmarks/mpt-vs-bintrie/dbs/mpt/geth/chaindata/ancient/chain/era
INFO [03-26|18:32:00.242] State scheme set to already existing     scheme=path
INFO [03-26|18:32:00.244] Initialising Ethereum protocol           network=1337 dbversion=9
INFO [03-26|18:32:00.244] Load database journal from file          path=/home/CPerezz/bintrie-benchmarks/mpt-vs-bintrie/dbs/mpt/geth/triedb/merkle.journal
INFO [03-26|18:32:00.262] Opened ancient database                  database=/home/CPerezz/bintrie-benchmarks/mpt-vs-bintrie/dbs/mpt/geth/chaindata/ancient/state readonly=false
INFO [03-26|18:32:00.275] Initialized path database                triecache=0.00B statecache=0.00B buffer=0.00B state-history="last 90000 blocks" journal-dir=/home/CPerezz/bintrie-benchmarks/mpt-vs-bintrie/dbs/mpt/geth/triedb
INFO [03-26|18:32:00.275] 
INFO [03-26|18:32:00.275] ---------------------------------------------------------------------------------------------------------------------------------------------------------
INFO [03-26|18:32:00.275] Chain ID:  1337 (unknown)
INFO [03-26|18:32:00.275] Consensus: unknown
INFO [03-26|18:32:00.275] 
INFO [03-26|18:32:00.275] Pre-Merge hard forks (block based):
INFO [03-26|18:32:00.275]  - Homestead:                   #0       
INFO [03-26|18:32:00.275]  - Tangerine Whistle (EIP 150): #0       
INFO [03-26|18:32:00.275]  - Spurious Dragon/1 (EIP 155): #0       
INFO [03-26|18:32:00.275]  - Spurious Dragon/2 (EIP 158): #0       
INFO [03-26|18:32:00.275]  - Byzantium:                   #0       
INFO [03-26|18:32:00.275]  - Constantinople:              #0       
INFO [03-26|18:32:00.275]  - Petersburg:                  #0       
INFO [03-26|18:32:00.275]  - Istanbul:                    #0       
INFO [03-26|18:32:00.275]  - Muir Glacier:                #0       
INFO [03-26|18:32:00.276]  - Berlin:                      #0       
INFO [03-26|18:32:00.276]  - London:                      #0       
INFO [03-26|18:32:00.276]  - Arrow Glacier:               #0       
INFO [03-26|18:32:00.276]  - Gray Glacier:                #0       
INFO [03-26|18:32:00.276] 
INFO [03-26|18:32:00.276] Merge configured:
INFO [03-26|18:32:00.276]  - Total terminal difficulty:  0
INFO [03-26|18:32:00.276]  - Merge netsplit block:       #0       
INFO [03-26|18:32:00.276] 
INFO [03-26|18:32:00.276] Post-Merge hard forks (timestamp based):
INFO [03-26|18:32:00.276]  - Shanghai:                    @0         
INFO [03-26|18:32:00.276]  - Cancun:                      @0          blob: (target: 3, max: 6, fraction: 3338477)
INFO [03-26|18:32:00.276]  - Prague:                      @0          blob: (target: 6, max: 9, fraction: 5225352)
INFO [03-26|18:32:00.276]  - Osaka:                       @4294967295 blob: (target: 9, max: 12, fraction: 5225352)
INFO [03-26|18:32:00.276] 
INFO [03-26|18:32:00.276] All fork specifications can be found at https://ethereum.github.io/execution-specs/src/ethereum/forks/
INFO [03-26|18:32:00.276] 
INFO [03-26|18:32:00.276] ---------------------------------------------------------------------------------------------------------------------------------------------------------
INFO [03-26|18:32:00.276] 
INFO [03-26|18:32:00.276] Loaded most recent local block           number=64260 hash=d7546a..8ce01e age=20s
INFO [03-26|18:32:00.276] Loaded most recent local finalized block number=64256 hash=d2323c..ec08f4 age=1m11s
INFO [03-26|18:32:00.277] Initialized transaction indexer          range="last 2350000 blocks"
INFO [03-26|18:32:00.277] Initialized log indexer                  firstblock=0 lastblock=64260 firstmap=0 lastmap=4 headindexed=true
INFO [03-26|18:32:00.294] Enabled full-sync                        head=64260 hash=d7546a..8ce01e
INFO [03-26|18:32:00.295] Unprotected transactions allowed
INFO [03-26|18:32:00.295] Gasprice oracle is ignoring threshold set threshold=2
INFO [03-26|18:32:00.296] Registered sync override service
WARN [03-26|18:32:00.296] You are running Geth in --dev mode. Please note the following:
WARN [03-26|18:32:00.296] 
WARN [03-26|18:32:00.296]   1. This mode is only intended for fast, iterative development without assumptions on
WARN [03-26|18:32:00.296]      security or persistence.
WARN [03-26|18:32:00.296]   2. The database is created in memory unless specified otherwise. Therefore, shutting down
WARN [03-26|18:32:00.296]      your computer or losing power will wipe your entire block data and chain state for
WARN [03-26|18:32:00.296]      your dev environment.
WARN [03-26|18:32:00.296]   3. A random, pre-allocated developer account will be available and unlocked as
WARN [03-26|18:32:00.296]      eth.coinbase, which can be used for testing. The random dev account is temporary,
WARN [03-26|18:32:00.296]      stored on a ramdisk, and will be lost if your machine is restarted.
WARN [03-26|18:32:00.296]   4. Mining is enabled by default. However, the client will only seal blocks if transactions
WARN [03-26|18:32:00.296]      are pending in the mempool. The miner's minimum accepted gas price is 1.
WARN [03-26|18:32:00.296]   5. Networking is disabled; there is no listen-address, the maximum number of peers is set
WARN [03-26|18:32:00.296]      to 0, and discovery is disabled.
WARN [03-26|18:32:00.296] 
INFO [03-26|18:32:00.296] Starting peer-to-peer node               instance=Geth/v1.17.2-unstable-5d0e18f7-20260325/linux-amd64/go1.24.1
WARN [03-26|18:32:00.296] P2P server will be useless, neither dialing nor listening
INFO [03-26|18:32:00.301] IPC endpoint opened                      url=/home/CPerezz/bintrie-benchmarks/mpt-vs-bintrie/dbs/mpt/geth.ipc
ERROR[03-26|18:32:00.301] Unavailable modules in HTTP API list     unavailable=[personal] available="[admin debug web3 eth txpool miner net dev testing]"
INFO [03-26|18:32:00.302] HTTP server started                      endpoint=[::]:8545 auth=false prefix= cors= vhosts=localhost
INFO [03-26|18:32:00.302] WebSocket enabled                        url=ws://[::]:8546
INFO [03-26|18:32:00.302] New local node record                    seq=1,774,465,406,002 id=9566f6e861acb2c3 ip=127.0.0.1 udp=0 tcp=0
INFO [03-26|18:32:00.302] Started P2P networking                   self=enode://7bcb27e0859fe4ed7072e298a58918cc0b55d08376b1207f77d84f6d0d34ded7448b64ab16dd00733b489383beff49c04f662afae4dd1dc102807640ff82a1cd@127.0.0.1:0
INFO [03-26|18:32:00.315] Loaded local transaction journal         transactions=282 dropped=0
INFO [03-26|18:32:01.388] Started log indexer
INFO [03-26|18:32:01.396] Starting work on payload                 id=0x0332e2a1ba2f795f
INFO [03-26|18:32:01.397] Updated payload                          id=0x0332e2a1ba2f795f number=64261 hash=d363a8..90edf3 txs=0 withdrawals=0 gas=0 fees=0 root=727a73..918be1 elapsed="203.729µs"
INFO [03-26|18:32:01.397] Stopping work on payload                 id=0x0332e2a1ba2f795f reason=delivery
WARN [03-26|18:32:01.402] {"level":"warn","msg":"Slow block","block":{"number":64261,"hash":"0xd363a85e30d7c618b0ccd69d6accdedf7e647ece64e4f14e6c6f851ede90edf3","gas_used":0,"tx_count":0},"timing":{"execution_ms":0.01994,"state_read_ms":0.487187,"state_hash_ms":0.00729,"commit_ms":0.089429,"total_ms":0.663647},"throughput":{"mgas_per_sec":0},"state_reads":{"accounts":4,"storage_slots":0,"code":0,"code_bytes":0},"state_writes":{"accounts":0,"accounts_deleted":0,"storage_slots":0,"storage_slots_deleted":0,"code":0,"code_bytes":0},"cache":{"account":{"hits":0,"misses":4,"hit_rate":0},"storage":{"hits":0,"misses":0,"hit_rate":0},"code":{"hits":0,"misses":0,"hit_rate":0,"hit_bytes":0,"miss_bytes":0}}}
INFO [03-26|18:32:01.402] Imported new potential chain segment     number=64261 hash=d363a8..90edf3 blocks=1 txs=0 mgas=0.000 elapsed=4.075ms     mgasps=0.000 triediffs=1.21MiB triedirty=0.00B
INFO [03-26|18:32:01.402] Ready for fork activation                fork=Osaka date="07 Feb 06 07:28 CET" remaining=700116h56m14s timestamp=4,294,967,295
INFO [03-26|18:32:01.402] Chain head was updated                   number=64261 hash=d363a8..90edf3 root=727a73..918be1 elapsed="61.34µs"
INFO [03-26|18:32:02.022] Submitted contract creation              hash=0x0198d78a5ce4d7ce7f6ca7eb86ba0d784e120ce1c6824a90be35e0b7d66f5875 from=0xf39Fd6e51aad88F6F4ce6aB8827279cffFb92266 nonce=266 contract=0x95775fD3Afb1F4072794CA4ddA27F2444BCf8Ac3 value=0
INFO [03-26|18:32:02.024] Submitted transaction                    hash=0x111934bab952b4bb6154a899d2b63f216cdce8f97ba425cd6d880485671a0811 from=0xf39Fd6e51aad88F6F4ce6aB8827279cffFb92266 nonce=267 recipient=0x6d2937B08eC0Eb53f71F8c7aD000555F6B1c3c79 value=1,600,000,000
INFO [03-26|18:32:11.405] Starting work on payload                 id=0x03b03cf40c63ea03
INFO [03-26|18:32:11.414] Updated payload                          id=0x03b03cf40c63ea03 number=64262 hash=f5bed5..34d82f txs=2 withdrawals=0 gas=89662 fees=7.17296e-13 root=6b39d1..36cace elapsed=8.257ms
INFO [03-26|18:32:11.414] Stopping work on payload                 id=0x03b03cf40c63ea03 reason=delivery
WARN [03-26|18:32:11.418] {"level":"warn","msg":"Slow block","block":{"number":64262,"hash":"0xf5bed53495ae18465b0bb1839aa9566c84ae5ce6049ffab170a90597a534d82f","gas_used":89662,"tx_count":2},"timing":{"execution_ms":0.140077,"state_read_ms":0.088391,"state_hash_ms":1.446092,"commit_ms":1.991819,"total_ms":3.71009},"throughput":{"mgas_per_sec":24.16706872340024},"state_reads":{"accounts":11,"storage_slots":0,"code":0,"code_bytes":0},"state_writes":{"accounts":3,"accounts_deleted":0,"storage_slots":0,"storage_slots_deleted":0,"code":1,"code_bytes":72},"cache":{"account":{"hits":4,"misses":7,"hit_rate":36.36363636363637},"storage":{"hits":0,"misses":0,"hit_rate":0},"code":{"hits":0,"misses":0,"hit_rate":0,"hit_bytes":0,"miss_bytes":0}}}
INFO [03-26|18:32:11.419] Imported new potential chain segment     number=64262 hash=f5bed5..34d82f blocks=1 txs=2 mgas=0.090 elapsed=3.917ms     mgasps=22.887 triediffs=1.21MiB triedirty=0.00B
INFO [03-26|18:32:11.419] Chain head was updated                   number=64262 hash=f5bed5..34d82f root=6b39d1..36cace elapsed="274.058µs"
INFO [03-26|18:32:12.114] Submitted transaction                    hash=0x719448693302489cbae1f5d1491268588b99071338380e96eceade6122039f39 from=0x6d2937B08eC0Eb53f71F8c7aD000555F6B1c3c79 nonce=0   recipient=0x95775fD3Afb1F4072794CA4ddA27F2444BCf8Ac3 value=0
INFO [03-26|18:32:21.421] Starting work on payload                 id=0x032fe583b6014295
WARN [03-26|18:32:28.657] Block building is interrupted            allowance=2s
INFO [03-26|18:32:28.657] Updated payload                          id=0x032fe583b6014295 number=64263 hash=86ada9..c2ff69 txs=1 withdrawals=0 gas=100,000,000 fees=8e-10       root=abe671..9615e8 elapsed=7.236s
WARN [03-26|18:32:33.944] {"level":"warn","msg":"Slow block","block":{"number":64263,"hash":"0x86ada9df179cbea77b1d8879058ae3f6960f42993c50c8e4fdfacf8eccc2ff69","gas_used":100000000,"tx_count":1},"timing":{"execution_ms":274.072881,"state_read_ms":4980.707844,"state_hash_ms":0.111639,"commit_ms":29.175057,"total_ms":5284.172522},"throughput":{"mgas_per_sec":18.9244388943893},"state_reads":{"accounts":8,"storage_slots":36742,"code":2,"code_bytes":1416},"state_writes":{"accounts":2,"accounts_deleted":0,"storage_slots":0,"storage_slots_deleted":0,"code":0,"code_bytes":0},"cache":{"account":{"hits":4,"misses":4,"hit_rate":50},"storage":{"hits":3548,"misses":33194,"hit_rate":9.656523869141582},"code":{"hits":2,"misses":0,"hit_rate":100,"hit_bytes":1416,"miss_bytes":0}}}
INFO [03-26|18:32:33.944] Imported new potential chain segment     number=64263 hash=86ada9..c2ff69 blocks=1 txs=1 mgas=100.000 elapsed=5.285s      mgasps=18.920 triediffs=1.21MiB triedirty=0.00B
INFO [03-26|18:32:33.947] Chain head was updated                   number=64263 hash=86ada9..c2ff69 root=abe671..9615e8 elapsed="138.179µs"
WARN [03-26|18:32:34.446] Block building is interrupted            allowance=2s
INFO [03-26|18:32:34.446] Stopping work on payload                 id=0x032fe583b6014295 reason=timeout
