INFO [03-26|20:05:05.979] Starting Geth on Ethereum mainnet...
INFO [03-26|20:05:05.981] Maximum peer count                       ETH=0 total=0
INFO [03-26|20:05:05.982] Smartcard socket not found, disabling    err="stat /run/pcscd/pcscd.comm: no such file or directory"
WARN [03-26|20:05:05.984] Option --miner.etherbase is deprecated as the etherbase is set by the consensus client post-merge
WARN [03-26|20:05:05.986] Snap sync requested, resetting --cache.snapshot
INFO [03-26|20:05:05.986] Global gas cap disabled
INFO [03-26|20:05:06.639] Using developer account                  address=0xf39Fd6e51aad88F6F4ce6aB8827279cffFb92266
INFO [03-26|20:05:06.807] Using pebble as the backing database
INFO [03-26|20:05:06.807] Allocated cache and file handles         database=/home/CPerezz/bintrie-benchmarks/mpt-vs-bintrie/dbs/mpt/geth/chaindata cache=16.00MiB handles=524,288
INFO [03-26|20:05:07.983] Opened ancient database                  database=/home/CPerezz/bintrie-benchmarks/mpt-vs-bintrie/dbs/mpt/geth/chaindata/ancient/chain readonly=true
INFO [03-26|20:05:07.983] Opened Era store                         datadir=/home/CPerezz/bintrie-benchmarks/mpt-vs-bintrie/dbs/mpt/geth/chaindata/ancient/chain/era
INFO [03-26|20:05:07.995] Initializing the KZG library             backend=gokzg
INFO [03-26|20:05:07.997] Allocated trie memory caches             clean=0.00B dirty=0.00B
INFO [03-26|20:05:08.079] Using pebble as the backing database
INFO [03-26|20:05:08.079] Allocated cache and file handles         database=/home/CPerezz/bintrie-benchmarks/mpt-vs-bintrie/dbs/mpt/geth/chaindata cache=16.00MiB handles=524,288
INFO [03-26|20:05:09.363] Opened ancient database                  database=/home/CPerezz/bintrie-benchmarks/mpt-vs-bintrie/dbs/mpt/geth/chaindata/ancient/chain readonly=false
INFO [03-26|20:05:09.363] Opened Era store                         datadir=/home/CPerezz/bintrie-benchmarks/mpt-vs-bintrie/dbs/mpt/geth/chaindata/ancient/chain/era
INFO [03-26|20:05:09.365] State scheme set to already existing     scheme=path
INFO [03-26|20:05:09.365] Initialising Ethereum protocol           network=1337 dbversion=9
INFO [03-26|20:05:09.365] Load database journal from file          path=/home/CPerezz/bintrie-benchmarks/mpt-vs-bintrie/dbs/mpt/geth/triedb/merkle.journal
INFO [03-26|20:05:11.197] Opened ancient database                  database=/home/CPerezz/bintrie-benchmarks/mpt-vs-bintrie/dbs/mpt/geth/chaindata/ancient/state readonly=false
INFO [03-26|20:05:11.198] Initialized path database                triecache=0.00B statecache=0.00B buffer=0.00B state-history="last 90000 blocks" journal-dir=/home/CPerezz/bintrie-benchmarks/mpt-vs-bintrie/dbs/mpt/geth/triedb
INFO [03-26|20:05:11.200] 
INFO [03-26|20:05:11.200] ---------------------------------------------------------------------------------------------------------------------------------------------------------
INFO [03-26|20:05:11.200] Chain ID:  1337 (unknown)
INFO [03-26|20:05:11.200] Consensus: unknown
INFO [03-26|20:05:11.200] 
INFO [03-26|20:05:11.200] Pre-Merge hard forks (block based):
INFO [03-26|20:05:11.200]  - Homestead:                   #0       
INFO [03-26|20:05:11.200]  - Tangerine Whistle (EIP 150): #0       
INFO [03-26|20:05:11.200]  - Spurious Dragon/1 (EIP 155): #0       
INFO [03-26|20:05:11.200]  - Spurious Dragon/2 (EIP 158): #0       
INFO [03-26|20:05:11.200]  - Byzantium:                   #0       
INFO [03-26|20:05:11.200]  - Constantinople:              #0       
INFO [03-26|20:05:11.200]  - Petersburg:                  #0       
INFO [03-26|20:05:11.200]  - Istanbul:                    #0       
INFO [03-26|20:05:11.200]  - Muir Glacier:                #0       
INFO [03-26|20:05:11.200]  - Berlin:                      #0       
INFO [03-26|20:05:11.200]  - London:                      #0       
INFO [03-26|20:05:11.200]  - Arrow Glacier:               #0       
INFO [03-26|20:05:11.200]  - Gray Glacier:                #0       
INFO [03-26|20:05:11.200] 
INFO [03-26|20:05:11.200] Merge configured:
INFO [03-26|20:05:11.200]  - Total terminal difficulty:  0
INFO [03-26|20:05:11.200]  - Merge netsplit block:       #0       
INFO [03-26|20:05:11.200] 
INFO [03-26|20:05:11.200] Post-Merge hard forks (timestamp based):
INFO [03-26|20:05:11.200]  - Shanghai:                    @0         
INFO [03-26|20:05:11.200]  - Cancun:                      @0          blob: (target: 3, max: 6, fraction: 3338477)
INFO [03-26|20:05:11.200]  - Prague:                      @0          blob: (target: 6, max: 9, fraction: 5225352)
INFO [03-26|20:05:11.200]  - Osaka:                       @4294967295 blob: (target: 9, max: 12, fraction: 5225352)
INFO [03-26|20:05:11.200] 
INFO [03-26|20:05:11.200] All fork specifications can be found at https://ethereum.github.io/execution-specs/src/ethereum/forks/
INFO [03-26|20:05:11.200] 
INFO [03-26|20:05:11.200] ---------------------------------------------------------------------------------------------------------------------------------------------------------
INFO [03-26|20:05:11.200] 
INFO [03-26|20:05:11.201] Loaded most recent local block           number=64745 hash=706440..fb5202 age=10s
INFO [03-26|20:05:11.201] Loaded most recent local finalized block number=64736 hash=f47186..bc1cb6 age=1m53s
INFO [03-26|20:05:11.202] Initialized transaction indexer          range="last 2350000 blocks"
INFO [03-26|20:05:11.203] Initialized log indexer                  firstblock=0 lastblock=64745 firstmap=0 lastmap=4 headindexed=true
INFO [03-26|20:05:11.220] Enabled full-sync                        head=64745 hash=706440..fb5202
INFO [03-26|20:05:11.221] Unprotected transactions allowed
INFO [03-26|20:05:11.221] Gasprice oracle is ignoring threshold set threshold=2
INFO [03-26|20:05:11.222] Registered sync override service
WARN [03-26|20:05:11.222] You are running Geth in --dev mode. Please note the following:
WARN [03-26|20:05:11.222] 
WARN [03-26|20:05:11.222]   1. This mode is only intended for fast, iterative development without assumptions on
WARN [03-26|20:05:11.222]      security or persistence.
WARN [03-26|20:05:11.222]   2. The database is created in memory unless specified otherwise. Therefore, shutting down
WARN [03-26|20:05:11.222]      your computer or losing power will wipe your entire block data and chain state for
WARN [03-26|20:05:11.222]      your dev environment.
WARN [03-26|20:05:11.222]   3. A random, pre-allocated developer account will be available and unlocked as
WARN [03-26|20:05:11.222]      eth.coinbase, which can be used for testing. The random dev account is temporary,
WARN [03-26|20:05:11.222]      stored on a ramdisk, and will be lost if your machine is restarted.
WARN [03-26|20:05:11.222]   4. Mining is enabled by default. However, the client will only seal blocks if transactions
WARN [03-26|20:05:11.222]      are pending in the mempool. The miner's minimum accepted gas price is 1.
WARN [03-26|20:05:11.222]   5. Networking is disabled; there is no listen-address, the maximum number of peers is set
WARN [03-26|20:05:11.222]      to 0, and discovery is disabled.
WARN [03-26|20:05:11.222] 
INFO [03-26|20:05:11.222] Starting peer-to-peer node               instance=Geth/v1.17.2-unstable-5d0e18f7-20260325/linux-amd64/go1.24.1
WARN [03-26|20:05:11.222] P2P server will be useless, neither dialing nor listening
INFO [03-26|20:05:11.228] IPC endpoint opened                      url=/home/CPerezz/bintrie-benchmarks/mpt-vs-bintrie/dbs/mpt/geth.ipc
ERROR[03-26|20:05:11.228] Unavailable modules in HTTP API list     unavailable=[personal] available="[admin debug web3 eth txpool miner net dev testing]"
INFO [03-26|20:05:11.228] New local node record                    seq=1,774,465,406,184 id=9566f6e861acb2c3 ip=127.0.0.1 udp=0 tcp=0
INFO [03-26|20:05:11.228] HTTP server started                      endpoint=[::]:8545 auth=false prefix= cors= vhosts=localhost
INFO [03-26|20:05:11.229] Started P2P networking                   self=enode://7bcb27e0859fe4ed7072e298a58918cc0b55d08376b1207f77d84f6d0d34ded7448b64ab16dd00733b489383beff49c04f662afae4dd1dc102807640ff82a1cd@127.0.0.1:0
INFO [03-26|20:05:11.229] WebSocket enabled                        url=ws://[::]:8546
INFO [03-26|20:05:11.276] Loaded local transaction journal         transactions=901 dropped=0
INFO [03-26|20:05:12.937] Submitted contract creation              hash=0x8b806579a170e74823b450988101310830a1bb37a025cc6a1e93b67a597fc545 from=0xf39Fd6e51aad88F6F4ce6aB8827279cffFb92266 nonce=630 contract=0x3C2BafebbB0c8c58f39A976e725cD20D611d01e9 value=0
INFO [03-26|20:05:12.938] Submitted transaction                    hash=0x5554f3a69503b1a3fa04baa882f465ce77ea8c9a1c27f0cad55f62dfedf7e797 from=0xf39Fd6e51aad88F6F4ce6aB8827279cffFb92266 nonce=631 recipient=0x56Aa018502DBB2391e7842264Ca71f87d230f165 value=29,616,700,000,000
INFO [03-26|20:05:13.291] Started log indexer
INFO [03-26|20:05:13.297] Starting work on payload                 id=0x03b14d7c25a639ff
INFO [03-26|20:05:13.304] Updated payload                          id=0x03b14d7c25a639ff number=64746 hash=c64ac8..df2b17 txs=2 withdrawals=0 gas=90958 fees=2.693803032e-08 root=ab88b2..9bd4d5 elapsed=7.105ms
INFO [03-26|20:05:13.304] Stopping work on payload                 id=0x03b14d7c25a639ff reason=delivery
WARN [03-26|20:05:13.312] {"level":"warn","msg":"Slow block","block":{"number":64746,"hash":"0xc64ac8d3d457a0c85549ff6883f5a96cd54a3e80f5f0f726fdcf9385b0df2b17","gas_used":90958,"tx_count":2},"timing":{"execution_ms":0.129859,"state_read_ms":0.214569,"state_hash_ms":0.858605,"commit_ms":6.127805,"total_ms":7.466067},"throughput":{"mgas_per_sec":12.182853435416533},"state_reads":{"accounts":11,"storage_slots":0,"code":0,"code_bytes":0},"state_writes":{"accounts":3,"accounts_deleted":0,"storage_slots":0,"storage_slots_deleted":0,"code":1,"code_bytes":78},"cache":{"account":{"hits":7,"misses":4,"hit_rate":63.63636363636363},"storage":{"hits":0,"misses":0,"hit_rate":0},"code":{"hits":0,"misses":0,"hit_rate":0,"hit_bytes":0,"miss_bytes":0}}}
INFO [03-26|20:05:13.313] Imported new potential chain segment     number=64746 hash=c64ac8..df2b17 blocks=1 txs=2 mgas=0.091 elapsed=7.845ms mgasps=11.594 triediffs=306.44MiB triedirty=0.00B
INFO [03-26|20:05:13.313] Ready for fork activation                fork=Osaka date="07 Feb 06 07:28 CET" remaining=700115h23m2s timestamp=4,294,967,295
INFO [03-26|20:05:13.313] Chain head was updated                   number=64746 hash=c64ac8..df2b17 root=ab88b2..9bd4d5 elapsed="126.899µs"
INFO [03-26|20:05:13.956] Submitted transaction                    hash=0xe75b324bec6a45d09766b5140229d8b352d6a3460c90380c44b9ce3bc155ef3f from=0x56Aa018502DBB2391e7842264Ca71f87d230f165 nonce=0   recipient=0x3C2BafebbB0c8c58f39A976e725cD20D611d01e9 value=0
INFO [03-26|20:05:23.319] Starting work on payload                 id=0x03619e1396732ef1
INFO [03-26|20:05:24.108] Updated payload                          id=0x03619e1396732ef1 number=64747 hash=867b81..afa402 txs=1 withdrawals=0 gas=93,739,282 fees=2.776173202e-05 root=b4345c..c16df7 elapsed=788.363ms
INFO [03-26|20:05:24.108] Stopping work on payload                 id=0x03619e1396732ef1 reason=delivery
WARN [03-26|20:05:24.980] {"level":"warn","msg":"Slow block","block":{"number":64747,"hash":"0x867b81e0602640c1b89a2a987ecd80e11019f2d5020929951c42cc1518afa402","gas_used":93739282,"tx_count":1},"timing":{"execution_ms":36.361602,"state_read_ms":531.141818,"state_hash_ms":269.102144,"commit_ms":33.792644,"total_ms":870.46948},"throughput":{"mgas_per_sec":107.68818913674032},"state_reads":{"accounts":8,"storage_slots":4094,"code":2,"code_bytes":1422},"state_writes":{"accounts":3,"accounts_deleted":0,"storage_slots":4094,"storage_slots_deleted":0,"code":0,"code_bytes":0},"cache":{"account":{"hits":3,"misses":5,"hit_rate":37.5},"storage":{"hits":342,"misses":3752,"hit_rate":8.353688324377137},"code":{"hits":2,"misses":0,"hit_rate":100,"hit_bytes":1422,"miss_bytes":0}}}
INFO [03-26|20:05:24.980] Imported new potential chain segment     number=64747 hash=867b81..afa402 blocks=1 txs=1 mgas=93.739 elapsed=872.034ms   mgasps=107.495 triediffs=314.20MiB triedirty=0.00B
INFO [03-26|20:05:24.983] Chain head was updated                   number=64747 hash=867b81..afa402 root=b4345c..c16df7 elapsed="93.26µs"
INFO [03-26|20:05:25.033] Submitted transaction                    hash=0xd7fc4e10f5197a2368a2613e5eff7df8534465169f0bbff1018bbf8e094d696b from=0x56Aa018502DBB2391e7842264Ca71f87d230f165 nonce=1   recipient=0xf39Fd6e51aad88F6F4ce6aB8827279cffFb92266 value=1,851,108,177,906
INFO [03-26|20:05:34.985] Starting work on payload                 id=0x03405ad2db5743b0
INFO [03-26|20:05:34.986] Updated payload                          id=0x03405ad2db5743b0 number=64748 hash=dc4b53..339e4c txs=1 withdrawals=0 gas=21000      fees=3.109617e-09    root=f15dcd..2b6184 elapsed="801.496µs"
INFO [03-26|20:05:34.986] Stopping work on payload                 id=0x03405ad2db5743b0 reason=delivery
WARN [03-26|20:05:34.988] {"level":"warn","msg":"Slow block","block":{"number":64748,"hash":"0xdc4b5356547f049efa1f20f8ca5e6b7a68c6516dc7f0778b5753bd5a57339e4c","gas_used":21000,"tx_count":1},"timing":{"execution_ms":0.04987,"state_read_ms":0.264178,"state_hash_ms":0.09873,"commit_ms":0.520677,"total_ms":1.003025},"throughput":{"mgas_per_sec":20.936666583584657},"state_reads":{"accounts":6,"storage_slots":0,"code":0,"code_bytes":0},"state_writes":{"accounts":2,"accounts_deleted":0,"storage_slots":0,"storage_slots_deleted":0,"code":0,"code_bytes":0},"cache":{"account":{"hits":2,"misses":4,"hit_rate":33.33333333333333},"storage":{"hits":0,"misses":0,"hit_rate":0},"code":{"hits":0,"misses":0,"hit_rate":0,"hit_bytes":0,"miss_bytes":0}}}
INFO [03-26|20:05:34.988] Imported new potential chain segment     number=64748 hash=dc4b53..339e4c blocks=1 txs=1 mgas=0.021  elapsed=1.537ms     mgasps=13.660  triediffs=314.20MiB triedirty=0.00B
INFO [03-26|20:05:34.988] Chain head was updated                   number=64748 hash=dc4b53..339e4c root=f15dcd..2b6184 elapsed="67.67µs"
