INFO [03-26|18:18:53.411] Starting Geth on Ethereum mainnet...
INFO [03-26|18:18:53.413] Maximum peer count                       ETH=0 total=0
INFO [03-26|18:18:53.414] Smartcard socket not found, disabling    err="stat /run/pcscd/pcscd.comm: no such file or directory"
WARN [03-26|18:18:53.415] Option --miner.etherbase is deprecated as the etherbase is set by the consensus client post-merge
WARN [03-26|18:18:53.416] Snap sync requested, resetting --cache.snapshot
INFO [03-26|18:18:53.416] Global gas cap disabled
INFO [03-26|18:18:54.065] Using developer account                  address=0xf39Fd6e51aad88F6F4ce6aB8827279cffFb92266
INFO [03-26|18:18:54.309] Using pebble as the backing database
INFO [03-26|18:18:54.309] Allocated cache and file handles         database=/home/CPerezz/bintrie-benchmarks/mpt-vs-bintrie/dbs/mpt/geth/chaindata cache=16.00MiB handles=524,288
INFO [03-26|18:18:56.524] Opened ancient database                  database=/home/CPerezz/bintrie-benchmarks/mpt-vs-bintrie/dbs/mpt/geth/chaindata/ancient/chain readonly=true
INFO [03-26|18:18:56.524] Opened Era store                         datadir=/home/CPerezz/bintrie-benchmarks/mpt-vs-bintrie/dbs/mpt/geth/chaindata/ancient/chain/era
INFO [03-26|18:18:56.530] Initializing the KZG library             backend=gokzg
INFO [03-26|18:18:56.531] Allocated trie memory caches             clean=0.00B dirty=0.00B
INFO [03-26|18:18:56.608] Using pebble as the backing database
INFO [03-26|18:18:56.608] Allocated cache and file handles         database=/home/CPerezz/bintrie-benchmarks/mpt-vs-bintrie/dbs/mpt/geth/chaindata cache=16.00MiB handles=524,288
INFO [03-26|18:18:57.896] Opened ancient database                  database=/home/CPerezz/bintrie-benchmarks/mpt-vs-bintrie/dbs/mpt/geth/chaindata/ancient/chain readonly=false
INFO [03-26|18:18:57.896] Opened Era store                         datadir=/home/CPerezz/bintrie-benchmarks/mpt-vs-bintrie/dbs/mpt/geth/chaindata/ancient/chain/era
INFO [03-26|18:18:57.897] State scheme set to already existing     scheme=path
INFO [03-26|18:18:57.899] Initialising Ethereum protocol           network=1337 dbversion=9
INFO [03-26|18:18:57.899] Load database journal from file          path=/home/CPerezz/bintrie-benchmarks/mpt-vs-bintrie/dbs/mpt/geth/triedb/merkle.journal
INFO [03-26|18:18:57.915] Opened ancient database                  database=/home/CPerezz/bintrie-benchmarks/mpt-vs-bintrie/dbs/mpt/geth/chaindata/ancient/state readonly=false
INFO [03-26|18:18:57.916] Initialized path database                triecache=0.00B statecache=0.00B buffer=0.00B state-history="last 90000 blocks" journal-dir=/home/CPerezz/bintrie-benchmarks/mpt-vs-bintrie/dbs/mpt/geth/triedb
INFO [03-26|18:18:57.916] 
INFO [03-26|18:18:57.916] ---------------------------------------------------------------------------------------------------------------------------------------------------------
INFO [03-26|18:18:57.916] Chain ID:  1337 (unknown)
INFO [03-26|18:18:57.916] Consensus: unknown
INFO [03-26|18:18:57.916] 
INFO [03-26|18:18:57.916] Pre-Merge hard forks (block based):
INFO [03-26|18:18:57.916]  - Homestead:                   #0       
INFO [03-26|18:18:57.916]  - Tangerine Whistle (EIP 150): #0       
INFO [03-26|18:18:57.916]  - Spurious Dragon/1 (EIP 155): #0       
INFO [03-26|18:18:57.916]  - Spurious Dragon/2 (EIP 158): #0       
INFO [03-26|18:18:57.916]  - Byzantium:                   #0       
INFO [03-26|18:18:57.916]  - Constantinople:              #0       
INFO [03-26|18:18:57.916]  - Petersburg:                  #0       
INFO [03-26|18:18:57.916]  - Istanbul:                    #0       
INFO [03-26|18:18:57.916]  - Muir Glacier:                #0       
INFO [03-26|18:18:57.916]  - Berlin:                      #0       
INFO [03-26|18:18:57.916]  - London:                      #0       
INFO [03-26|18:18:57.916]  - Arrow Glacier:               #0       
INFO [03-26|18:18:57.916]  - Gray Glacier:                #0       
INFO [03-26|18:18:57.916] 
INFO [03-26|18:18:57.916] Merge configured:
INFO [03-26|18:18:57.916]  - Total terminal difficulty:  0
INFO [03-26|18:18:57.916]  - Merge netsplit block:       #0       
INFO [03-26|18:18:57.916] 
INFO [03-26|18:18:57.916] Post-Merge hard forks (timestamp based):
INFO [03-26|18:18:57.916]  - Shanghai:                    @0         
INFO [03-26|18:18:57.916]  - Cancun:                      @0          blob: (target: 3, max: 6, fraction: 3338477)
INFO [03-26|18:18:57.916]  - Prague:                      @0          blob: (target: 6, max: 9, fraction: 5225352)
INFO [03-26|18:18:57.916]  - Osaka:                       @4294967295 blob: (target: 9, max: 12, fraction: 5225352)
INFO [03-26|18:18:57.916] 
INFO [03-26|18:18:57.916] All fork specifications can be found at https://ethereum.github.io/execution-specs/src/ethereum/forks/
INFO [03-26|18:18:57.916] 
INFO [03-26|18:18:57.916] ---------------------------------------------------------------------------------------------------------------------------------------------------------
INFO [03-26|18:18:57.916] 
INFO [03-26|18:18:57.917] Loaded most recent local block           number=64203 hash=8a0a11..7bce67 age=20s
INFO [03-26|18:18:57.917] Loaded most recent local finalized block number=64192 hash=77ddfb..528a26 age=2m43s
INFO [03-26|18:18:57.917] Initialized transaction indexer          range="last 2350000 blocks"
INFO [03-26|18:18:57.917] Initialized log indexer                  firstblock=0 lastblock=64203 firstmap=0 lastmap=4 headindexed=true
INFO [03-26|18:18:57.927] Enabled full-sync                        head=64203 hash=8a0a11..7bce67
INFO [03-26|18:18:57.927] Unprotected transactions allowed
INFO [03-26|18:18:57.927] Gasprice oracle is ignoring threshold set threshold=2
INFO [03-26|18:18:57.928] Registered sync override service
WARN [03-26|18:18:57.928] You are running Geth in --dev mode. Please note the following:
WARN [03-26|18:18:57.928] 
WARN [03-26|18:18:57.928]   1. This mode is only intended for fast, iterative development without assumptions on
WARN [03-26|18:18:57.928]      security or persistence.
WARN [03-26|18:18:57.928]   2. The database is created in memory unless specified otherwise. Therefore, shutting down
WARN [03-26|18:18:57.928]      your computer or losing power will wipe your entire block data and chain state for
WARN [03-26|18:18:57.928]      your dev environment.
WARN [03-26|18:18:57.928]   3. A random, pre-allocated developer account will be available and unlocked as
WARN [03-26|18:18:57.928]      eth.coinbase, which can be used for testing. The random dev account is temporary,
WARN [03-26|18:18:57.928]      stored on a ramdisk, and will be lost if your machine is restarted.
WARN [03-26|18:18:57.928]   4. Mining is enabled by default. However, the client will only seal blocks if transactions
WARN [03-26|18:18:57.928]      are pending in the mempool. The miner's minimum accepted gas price is 1.
WARN [03-26|18:18:57.928]   5. Networking is disabled; there is no listen-address, the maximum number of peers is set
WARN [03-26|18:18:57.928]      to 0, and discovery is disabled.
WARN [03-26|18:18:57.928] 
INFO [03-26|18:18:57.928] Starting peer-to-peer node               instance=Geth/v1.17.2-unstable-5d0e18f7-20260325/linux-amd64/go1.24.1
WARN [03-26|18:18:57.928] P2P server will be useless, neither dialing nor listening
INFO [03-26|18:18:57.934] IPC endpoint opened                      url=/home/CPerezz/bintrie-benchmarks/mpt-vs-bintrie/dbs/mpt/geth.ipc
ERROR[03-26|18:18:57.934] Unavailable modules in HTTP API list     unavailable=[personal] available="[admin debug web3 eth txpool miner net dev testing]"
INFO [03-26|18:18:57.934] HTTP server started                      endpoint=[::]:8545 auth=false prefix= cors= vhosts=localhost
INFO [03-26|18:18:57.934] WebSocket enabled                        url=ws://[::]:8546
INFO [03-26|18:18:57.935] New local node record                    seq=1,774,465,405,983 id=9566f6e861acb2c3 ip=127.0.0.1 udp=0 tcp=0
INFO [03-26|18:18:57.935] Started P2P networking                   self=enode://7bcb27e0859fe4ed7072e298a58918cc0b55d08376b1207f77d84f6d0d34ded7448b64ab16dd00733b489383beff49c04f662afae4dd1dc102807640ff82a1cd@127.0.0.1:0
INFO [03-26|18:18:57.945] Loaded local transaction journal         transactions=225 dropped=0
INFO [03-26|18:18:59.010] Started log indexer
INFO [03-26|18:18:59.018] Starting work on payload                 id=0x03c101efe2de5e98
INFO [03-26|18:18:59.018] Updated payload                          id=0x03c101efe2de5e98 number=64204 hash=66e176..fbf440 txs=0 withdrawals=0 gas=0 fees=0 root=6ff64d..f79948 elapsed="193.469µs"
INFO [03-26|18:18:59.018] Stopping work on payload                 id=0x03c101efe2de5e98 reason=delivery
WARN [03-26|18:18:59.022] {"level":"warn","msg":"Slow block","block":{"number":64204,"hash":"0x66e176dd904271fb4a153fb7344a69316a0ec617d0abb29212c02fa3c9fbf440","gas_used":0,"tx_count":0},"timing":{"execution_ms":0.016111,"state_read_ms":0.334098,"state_hash_ms":0.0039,"commit_ms":0.0614,"total_ms":0.464888},"throughput":{"mgas_per_sec":0},"state_reads":{"accounts":4,"storage_slots":0,"code":0,"code_bytes":0},"state_writes":{"accounts":0,"accounts_deleted":0,"storage_slots":0,"storage_slots_deleted":0,"code":0,"code_bytes":0},"cache":{"account":{"hits":0,"misses":4,"hit_rate":0},"storage":{"hits":0,"misses":0,"hit_rate":0},"code":{"hits":0,"misses":0,"hit_rate":0,"hit_bytes":0,"miss_bytes":0}}}
INFO [03-26|18:18:59.023] Imported new potential chain segment     number=64204 hash=66e176..fbf440 blocks=1 txs=0 mgas=0.000 elapsed=3.657ms     mgasps=0.000 triediffs=1.20MiB triedirty=0.00B
INFO [03-26|18:18:59.023] Ready for fork activation                fork=Osaka date="07 Feb 06 07:28 CET" remaining=700117h9m16s timestamp=4,294,967,295
INFO [03-26|18:18:59.023] Chain head was updated                   number=64204 hash=66e176..fbf440 root=6ff64d..f79948 elapsed="25.97µs"
INFO [03-26|18:18:59.689] Submitted contract creation              hash=0xf2bf3c221f492fee830f821710e5938da7250e91c4c652afe65cde4663a2dbc3 from=0xf39Fd6e51aad88F6F4ce6aB8827279cffFb92266 nonce=228 contract=0x9385556B571ab92bf6dC9a0DbD75429Dd4d56F91 value=0
INFO [03-26|18:18:59.691] Submitted transaction                    hash=0x0de259d5b66971424ab6bce7094c0cba7da25e6e933787519016ee3732266726 from=0xf39Fd6e51aad88F6F4ce6aB8827279cffFb92266 nonce=229 recipient=0xF3f9A4009f34164914292f77dD37f283E6c1ac7F value=1,600,000,000
INFO [03-26|18:19:09.026] Starting work on payload                 id=0x033b5348b2182a37
INFO [03-26|18:19:09.033] Updated payload                          id=0x033b5348b2182a37 number=64205 hash=440b9e..c1b7bf txs=2 withdrawals=0 gas=89662 fees=7.17296e-13 root=34f66c..8deb1d elapsed=7.444ms
INFO [03-26|18:19:09.033] Stopping work on payload                 id=0x033b5348b2182a37 reason=delivery
WARN [03-26|18:19:09.037] {"level":"warn","msg":"Slow block","block":{"number":64205,"hash":"0x440b9e97f85ff3b24a7fc6dac985cdb5d0532adcaf212bb3670e7c40ffc1b7bf","gas_used":89662,"tx_count":2},"timing":{"execution_ms":0.057289,"state_read_ms":0.1121,"state_hash_ms":1.328082,"commit_ms":1.600142,"total_ms":3.138324},"throughput":{"mgas_per_sec":28.570026549202694},"state_reads":{"accounts":11,"storage_slots":0,"code":0,"code_bytes":0},"state_writes":{"accounts":3,"accounts_deleted":0,"storage_slots":0,"storage_slots_deleted":0,"code":1,"code_bytes":72},"cache":{"account":{"hits":4,"misses":7,"hit_rate":36.36363636363637},"storage":{"hits":0,"misses":0,"hit_rate":0},"code":{"hits":0,"misses":0,"hit_rate":0,"hit_bytes":0,"miss_bytes":0}}}
INFO [03-26|18:19:09.037] Imported new potential chain segment     number=64205 hash=440b9e..c1b7bf blocks=1 txs=2 mgas=0.090 elapsed=3.424ms     mgasps=26.179 triediffs=1.20MiB triedirty=0.00B
INFO [03-26|18:19:09.038] Chain head was updated                   number=64205 hash=440b9e..c1b7bf root=34f66c..8deb1d elapsed="275.849µs"
INFO [03-26|18:19:09.765] Submitted transaction                    hash=0x73852708d3fb1d904681390bdcfe160955b7c425c70aec658ec4d449a999eca8 from=0xF3f9A4009f34164914292f77dD37f283E6c1ac7F nonce=0   recipient=0x9385556B571ab92bf6dC9a0DbD75429Dd4d56F91 value=0
INFO [03-26|18:19:19.040] Starting work on payload                 id=0x036fc8d407fd8d32
WARN [03-26|18:19:26.326] Block building is interrupted            allowance=2s
INFO [03-26|18:19:26.327] Updated payload                          id=0x036fc8d407fd8d32 number=64206 hash=824688..42b193 txs=1 withdrawals=0 gas=100,000,000 fees=8e-10       root=7e2067..9f8d23 elapsed=7.287s
WARN [03-26|18:19:31.635] {"level":"warn","msg":"Slow block","block":{"number":64206,"hash":"0x82468857ddd0e879ba25c837a7749548a50541f5e83d5b00376d5ace0942b193","gas_used":100000000,"tx_count":1},"timing":{"execution_ms":278.789622,"state_read_ms":5002.199974,"state_hash_ms":0.084279,"commit_ms":25.313519,"total_ms":5306.498295},"throughput":{"mgas_per_sec":18.8448190201482},"state_reads":{"accounts":8,"storage_slots":36742,"code":2,"code_bytes":1416},"state_writes":{"accounts":2,"accounts_deleted":0,"storage_slots":0,"storage_slots_deleted":0,"code":0,"code_bytes":0},"cache":{"account":{"hits":3,"misses":5,"hit_rate":37.5},"storage":{"hits":2907,"misses":33835,"hit_rate":7.91192640574819},"code":{"hits":2,"misses":0,"hit_rate":100,"hit_bytes":1416,"miss_bytes":0}}}
INFO [03-26|18:19:31.635] Imported new potential chain segment     number=64206 hash=824688..42b193 blocks=1 txs=1 mgas=100.000 elapsed=5.307s      mgasps=18.841 triediffs=1.20MiB triedirty=0.00B
INFO [03-26|18:19:31.636] Chain head was updated                   number=64206 hash=824688..42b193 root=7e2067..9f8d23 elapsed="48.07µs"
WARN [03-26|18:19:31.842] Block building is interrupted            allowance=2s
INFO [03-26|18:19:31.842] Stopping work on payload                 id=0x036fc8d407fd8d32 reason=timeout
