INFO [03-26|19:02:24.619] Starting Geth on Ethereum mainnet...
INFO [03-26|19:02:24.620] Maximum peer count                       ETH=0 total=0
INFO [03-26|19:02:24.621] Smartcard socket not found, disabling    err="stat /run/pcscd/pcscd.comm: no such file or directory"
WARN [03-26|19:02:24.622] Option --miner.etherbase is deprecated as the etherbase is set by the consensus client post-merge
WARN [03-26|19:02:24.623] Snap sync requested, resetting --cache.snapshot
INFO [03-26|19:02:24.623] Global gas cap disabled
INFO [03-26|19:02:25.268] Using developer account                  address=0xf39Fd6e51aad88F6F4ce6aB8827279cffFb92266
INFO [03-26|19:02:25.435] Using pebble as the backing database
INFO [03-26|19:02:25.435] Allocated cache and file handles         database=/home/CPerezz/bintrie-benchmarks/mpt-vs-bintrie/dbs/mpt/geth/chaindata cache=16.00MiB handles=524,288
INFO [03-26|19:02:26.545] Opened ancient database                  database=/home/CPerezz/bintrie-benchmarks/mpt-vs-bintrie/dbs/mpt/geth/chaindata/ancient/chain readonly=true
INFO [03-26|19:02:26.545] Opened Era store                         datadir=/home/CPerezz/bintrie-benchmarks/mpt-vs-bintrie/dbs/mpt/geth/chaindata/ancient/chain/era
INFO [03-26|19:02:26.551] Initializing the KZG library             backend=gokzg
INFO [03-26|19:02:26.552] Allocated trie memory caches             clean=0.00B dirty=0.00B
INFO [03-26|19:02:26.628] Using pebble as the backing database
INFO [03-26|19:02:26.628] Allocated cache and file handles         database=/home/CPerezz/bintrie-benchmarks/mpt-vs-bintrie/dbs/mpt/geth/chaindata cache=16.00MiB handles=524,288
INFO [03-26|19:02:27.920] Opened ancient database                  database=/home/CPerezz/bintrie-benchmarks/mpt-vs-bintrie/dbs/mpt/geth/chaindata/ancient/chain readonly=false
INFO [03-26|19:02:27.920] Opened Era store                         datadir=/home/CPerezz/bintrie-benchmarks/mpt-vs-bintrie/dbs/mpt/geth/chaindata/ancient/chain/era
INFO [03-26|19:02:27.921] State scheme set to already existing     scheme=path
INFO [03-26|19:02:27.922] Initialising Ethereum protocol           network=1337 dbversion=9
INFO [03-26|19:02:27.922] Load database journal from file          path=/home/CPerezz/bintrie-benchmarks/mpt-vs-bintrie/dbs/mpt/geth/triedb/merkle.journal
INFO [03-26|19:02:27.943] Opened ancient database                  database=/home/CPerezz/bintrie-benchmarks/mpt-vs-bintrie/dbs/mpt/geth/chaindata/ancient/state readonly=false
INFO [03-26|19:02:27.943] Initialized path database                triecache=0.00B statecache=0.00B buffer=0.00B state-history="last 90000 blocks" journal-dir=/home/CPerezz/bintrie-benchmarks/mpt-vs-bintrie/dbs/mpt/geth/triedb
INFO [03-26|19:02:27.943] 
INFO [03-26|19:02:27.943] ---------------------------------------------------------------------------------------------------------------------------------------------------------
INFO [03-26|19:02:27.943] Chain ID:  1337 (unknown)
INFO [03-26|19:02:27.943] Consensus: unknown
INFO [03-26|19:02:27.943] 
INFO [03-26|19:02:27.943] Pre-Merge hard forks (block based):
INFO [03-26|19:02:27.943]  - Homestead:                   #0       
INFO [03-26|19:02:27.943]  - Tangerine Whistle (EIP 150): #0       
INFO [03-26|19:02:27.943]  - Spurious Dragon/1 (EIP 155): #0       
INFO [03-26|19:02:27.943]  - Spurious Dragon/2 (EIP 158): #0       
INFO [03-26|19:02:27.943]  - Byzantium:                   #0       
INFO [03-26|19:02:27.943]  - Constantinople:              #0       
INFO [03-26|19:02:27.943]  - Petersburg:                  #0       
INFO [03-26|19:02:27.943]  - Istanbul:                    #0       
INFO [03-26|19:02:27.943]  - Muir Glacier:                #0       
INFO [03-26|19:02:27.943]  - Berlin:                      #0       
INFO [03-26|19:02:27.943]  - London:                      #0       
INFO [03-26|19:02:27.943]  - Arrow Glacier:               #0       
INFO [03-26|19:02:27.943]  - Gray Glacier:                #0       
INFO [03-26|19:02:27.943] 
INFO [03-26|19:02:27.943] Merge configured:
INFO [03-26|19:02:27.943]  - Total terminal difficulty:  0
INFO [03-26|19:02:27.943]  - Merge netsplit block:       #0       
INFO [03-26|19:02:27.943] 
INFO [03-26|19:02:27.943] Post-Merge hard forks (timestamp based):
INFO [03-26|19:02:27.943]  - Shanghai:                    @0         
INFO [03-26|19:02:27.943]  - Cancun:                      @0          blob: (target: 3, max: 6, fraction: 3338477)
INFO [03-26|19:02:27.943]  - Prague:                      @0          blob: (target: 6, max: 9, fraction: 5225352)
INFO [03-26|19:02:27.943]  - Osaka:                       @4294967295 blob: (target: 9, max: 12, fraction: 5225352)
INFO [03-26|19:02:27.943] 
INFO [03-26|19:02:27.943] All fork specifications can be found at https://ethereum.github.io/execution-specs/src/ethereum/forks/
INFO [03-26|19:02:27.943] 
INFO [03-26|19:02:27.943] ---------------------------------------------------------------------------------------------------------------------------------------------------------
INFO [03-26|19:02:27.943] 
INFO [03-26|19:02:27.943] Loaded most recent local block           number=64406 hash=a2d7f4..abab7a age=11s
INFO [03-26|19:02:27.944] Loaded most recent local finalized block number=64384 hash=c5b90a..13004f age=4m31s
INFO [03-26|19:02:27.944] Initialized transaction indexer          range="last 2350000 blocks"
INFO [03-26|19:02:27.944] Initialized log indexer                  firstblock=0 lastblock=64406 firstmap=0 lastmap=4 headindexed=true
INFO [03-26|19:02:27.953] Enabled full-sync                        head=64406 hash=a2d7f4..abab7a
INFO [03-26|19:02:27.954] Unprotected transactions allowed
INFO [03-26|19:02:27.954] Gasprice oracle is ignoring threshold set threshold=2
INFO [03-26|19:02:27.960] Registered sync override service
WARN [03-26|19:02:27.960] You are running Geth in --dev mode. Please note the following:
WARN [03-26|19:02:27.960] 
WARN [03-26|19:02:27.960]   1. This mode is only intended for fast, iterative development without assumptions on
WARN [03-26|19:02:27.960]      security or persistence.
WARN [03-26|19:02:27.960]   2. The database is created in memory unless specified otherwise. Therefore, shutting down
WARN [03-26|19:02:27.960]      your computer or losing power will wipe your entire block data and chain state for
WARN [03-26|19:02:27.960]      your dev environment.
WARN [03-26|19:02:27.960]   3. A random, pre-allocated developer account will be available and unlocked as
WARN [03-26|19:02:27.960]      eth.coinbase, which can be used for testing. The random dev account is temporary,
WARN [03-26|19:02:27.960]      stored on a ramdisk, and will be lost if your machine is restarted.
WARN [03-26|19:02:27.960]   4. Mining is enabled by default. However, the client will only seal blocks if transactions
WARN [03-26|19:02:27.960]      are pending in the mempool. The miner's minimum accepted gas price is 1.
WARN [03-26|19:02:27.960]   5. Networking is disabled; there is no listen-address, the maximum number of peers is set
WARN [03-26|19:02:27.960]      to 0, and discovery is disabled.
WARN [03-26|19:02:27.960] 
INFO [03-26|19:02:27.960] Starting peer-to-peer node               instance=Geth/v1.17.2-unstable-5d0e18f7-20260325/linux-amd64/go1.24.1
WARN [03-26|19:02:27.961] P2P server will be useless, neither dialing nor listening
INFO [03-26|19:02:27.967] IPC endpoint opened                      url=/home/CPerezz/bintrie-benchmarks/mpt-vs-bintrie/dbs/mpt/geth.ipc
ERROR[03-26|19:02:27.967] Unavailable modules in HTTP API list     unavailable=[personal] available="[admin debug web3 eth txpool miner net dev testing]"
INFO [03-26|19:02:27.967] New local node record                    seq=1,774,465,406,053 id=9566f6e861acb2c3 ip=127.0.0.1 udp=0 tcp=0
INFO [03-26|19:02:27.967] Started P2P networking                   self=enode://7bcb27e0859fe4ed7072e298a58918cc0b55d08376b1207f77d84f6d0d34ded7448b64ab16dd00733b489383beff49c04f662afae4dd1dc102807640ff82a1cd@127.0.0.1:0
INFO [03-26|19:02:27.967] HTTP server started                      endpoint=[::]:8545 auth=false prefix= cors= vhosts=localhost
INFO [03-26|19:02:27.968] WebSocket enabled                        url=ws://[::]:8546
INFO [03-26|19:02:28.014] Loaded local transaction journal         transactions=435 dropped=0
INFO [03-26|19:02:29.585] Submitted contract creation              hash=0x95ff6a65b67372a51a7cf17c1e298d90a0339a5b35aa4c136439bedcaa8c4871 from=0xf39Fd6e51aad88F6F4ce6aB8827279cffFb92266 nonce=368 contract=0x6A47346e722937B60Df7a1149168c0E76DD6520f value=0
INFO [03-26|19:02:29.586] Submitted transaction                    hash=0xcf7ee4cddd4cce56f7f81b75b914409591284858fd07bcb7bcdc4e78a7c5c588 from=0xf39Fd6e51aad88F6F4ce6aB8827279cffFb92266 nonce=369 recipient=0x9b77e9ef4B187aDDC215BB76a5F736cED0535717 value=1,400,000,000
INFO [03-26|19:02:29.902] Started log indexer
INFO [03-26|19:02:29.905] Starting work on payload                 id=0x0359cf083b0d64a6
INFO [03-26|19:02:29.911] Updated payload                          id=0x0359cf083b0d64a6 number=64407 hash=501202..ae7c8d txs=2 withdrawals=0 gas=106,226 fees=5.3113e-13 root=431c93..5ff818 elapsed=5.396ms
INFO [03-26|19:02:29.911] Stopping work on payload                 id=0x0359cf083b0d64a6 reason=delivery
WARN [03-26|19:02:29.914] {"level":"warn","msg":"Slow block","block":{"number":64407,"hash":"0x501202090c492b46d9517c8a8c8c6a236992724d0d6de08cef149f3777ae7c8d","gas_used":106226,"tx_count":2},"timing":{"execution_ms":0.127008,"state_read_ms":0.10281,"state_hash_ms":0.933405,"commit_ms":0.675836,"total_ms":1.884309},"throughput":{"mgas_per_sec":56.37398112517639},"state_reads":{"accounts":11,"storage_slots":0,"code":0,"code_bytes":0},"state_writes":{"accounts":3,"accounts_deleted":0,"storage_slots":0,"storage_slots_deleted":0,"code":1,"code_bytes":149},"cache":{"account":{"hits":4,"misses":7,"hit_rate":36.36363636363637},"storage":{"hits":0,"misses":0,"hit_rate":0},"code":{"hits":0,"misses":0,"hit_rate":0,"hit_bytes":0,"miss_bytes":0}}}
INFO [03-26|19:02:29.914] Imported new potential chain segment     number=64407 hash=501202..ae7c8d blocks=1 txs=2 mgas=0.106 elapsed=2.111ms mgasps=50.310 triediffs=1.20MiB triedirty=0.00B
INFO [03-26|19:02:29.914] Ready for fork activation                fork=Osaka date="07 Feb 06 07:28 CET" remaining=700116h25m45s timestamp=4,294,967,295
INFO [03-26|19:02:29.914] Chain head was updated                   number=64407 hash=501202..ae7c8d root=431c93..5ff818 elapsed="207.839µs"
INFO [03-26|19:02:30.601] Submitted transaction                    hash=0xd219dbe607e570a9e8ca95a49f2557e5bb9878c668440b512afdfbf9f5263a45 from=0x9b77e9ef4B187aDDC215BB76a5F736cED0535717 nonce=0   recipient=0x6A47346e722937B60Df7a1149168c0E76DD6520f value=0
INFO [03-26|19:02:39.915] Starting work on payload                 id=0x03df3bfbadf9d2b6
WARN [03-26|19:02:42.345] Block building is interrupted            allowance=2s
INFO [03-26|19:02:42.345] Updated payload                          id=0x03df3bfbadf9d2b6 number=64408 hash=df6c3c..53e177 txs=1 withdrawals=0 gas=100,000,000 fees=6e-10      root=9e30d8..190ea5 elapsed=2.429s
WARN [03-26|19:02:45.748] {"level":"warn","msg":"Slow block","block":{"number":64408,"hash":"0xdf6c3cc384f4189cf301bff0c9aacc8aee148d73a70694308160592b2b53e177","gas_used":100000000,"tx_count":1},"timing":{"execution_ms":188.528783,"state_read_ms":3193.086636,"state_hash_ms":0.061909,"commit_ms":15.937691,"total_ms":3397.70656},"throughput":{"mgas_per_sec":29.431617543805785},"state_reads":{"accounts":8,"storage_slots":23418,"code":2,"code_bytes":1493},"state_writes":{"accounts":2,"accounts_deleted":0,"storage_slots":0,"storage_slots_deleted":0,"code":0,"code_bytes":0},"cache":{"account":{"hits":3,"misses":5,"hit_rate":37.5},"storage":{"hits":2585,"misses":20833,"hit_rate":11.038517379793321},"code":{"hits":2,"misses":0,"hit_rate":100,"hit_bytes":1493,"miss_bytes":0}}}
INFO [03-26|19:02:45.748] Imported new potential chain segment     number=64408 hash=df6c3c..53e177 blocks=1 txs=1 mgas=100.000 elapsed=3.401s      mgasps=29.403 triediffs=1.20MiB triedirty=0.00B
INFO [03-26|19:02:45.749] Chain head was updated                   number=64408 hash=df6c3c..53e177 root=9e30d8..190ea5 elapsed="45.88µs"
WARN [03-26|19:02:46.130] Block building is interrupted            allowance=2s
INFO [03-26|19:02:46.130] Stopping work on payload                 id=0x03df3bfbadf9d2b6 reason=delivery
