INFO [03-26|19:13:10.473] Starting Geth on Ethereum mainnet...
INFO [03-26|19:13:10.474] Maximum peer count                       ETH=0 total=0
INFO [03-26|19:13:10.475] Smartcard socket not found, disabling    err="stat /run/pcscd/pcscd.comm: no such file or directory"
WARN [03-26|19:13:10.477] Option --miner.etherbase is deprecated as the etherbase is set by the consensus client post-merge
WARN [03-26|19:13:10.478] Snap sync requested, resetting --cache.snapshot
INFO [03-26|19:13:10.478] Global gas cap disabled
INFO [03-26|19:13:11.178] Using developer account                  address=0xf39Fd6e51aad88F6F4ce6aB8827279cffFb92266
INFO [03-26|19:13:11.345] Using pebble as the backing database
INFO [03-26|19:13:11.345] Allocated cache and file handles         database=/home/CPerezz/bintrie-benchmarks/mpt-vs-bintrie/dbs/mpt/geth/chaindata cache=16.00MiB handles=524,288
INFO [03-26|19:13:12.445] Opened ancient database                  database=/home/CPerezz/bintrie-benchmarks/mpt-vs-bintrie/dbs/mpt/geth/chaindata/ancient/chain readonly=true
INFO [03-26|19:13:12.445] Opened Era store                         datadir=/home/CPerezz/bintrie-benchmarks/mpt-vs-bintrie/dbs/mpt/geth/chaindata/ancient/chain/era
INFO [03-26|19:13:12.457] Initializing the KZG library             backend=gokzg
INFO [03-26|19:13:12.460] Allocated trie memory caches             clean=0.00B dirty=0.00B
INFO [03-26|19:13:12.557] Using pebble as the backing database
INFO [03-26|19:13:12.557] Allocated cache and file handles         database=/home/CPerezz/bintrie-benchmarks/mpt-vs-bintrie/dbs/mpt/geth/chaindata cache=16.00MiB handles=524,288
INFO [03-26|19:13:13.906] Opened ancient database                  database=/home/CPerezz/bintrie-benchmarks/mpt-vs-bintrie/dbs/mpt/geth/chaindata/ancient/chain readonly=false
INFO [03-26|19:13:13.906] Opened Era store                         datadir=/home/CPerezz/bintrie-benchmarks/mpt-vs-bintrie/dbs/mpt/geth/chaindata/ancient/chain/era
INFO [03-26|19:13:13.921] State scheme set to already existing     scheme=path
INFO [03-26|19:13:13.922] Initialising Ethereum protocol           network=1337 dbversion=9
INFO [03-26|19:13:13.922] Load database journal from file          path=/home/CPerezz/bintrie-benchmarks/mpt-vs-bintrie/dbs/mpt/geth/triedb/merkle.journal
INFO [03-26|19:13:13.945] Opened ancient database                  database=/home/CPerezz/bintrie-benchmarks/mpt-vs-bintrie/dbs/mpt/geth/chaindata/ancient/state readonly=false
INFO [03-26|19:13:13.945] Initialized path database                triecache=0.00B statecache=0.00B buffer=0.00B state-history="last 90000 blocks" journal-dir=/home/CPerezz/bintrie-benchmarks/mpt-vs-bintrie/dbs/mpt/geth/triedb
INFO [03-26|19:13:13.946] 
INFO [03-26|19:13:13.946] ---------------------------------------------------------------------------------------------------------------------------------------------------------
INFO [03-26|19:13:13.946] Chain ID:  1337 (unknown)
INFO [03-26|19:13:13.946] Consensus: unknown
INFO [03-26|19:13:13.946] 
INFO [03-26|19:13:13.946] Pre-Merge hard forks (block based):
INFO [03-26|19:13:13.946]  - Homestead:                   #0       
INFO [03-26|19:13:13.946]  - Tangerine Whistle (EIP 150): #0       
INFO [03-26|19:13:13.946]  - Spurious Dragon/1 (EIP 155): #0       
INFO [03-26|19:13:13.946]  - Spurious Dragon/2 (EIP 158): #0       
INFO [03-26|19:13:13.946]  - Byzantium:                   #0       
INFO [03-26|19:13:13.946]  - Constantinople:              #0       
INFO [03-26|19:13:13.946]  - Petersburg:                  #0       
INFO [03-26|19:13:13.946]  - Istanbul:                    #0       
INFO [03-26|19:13:13.946]  - Muir Glacier:                #0       
INFO [03-26|19:13:13.946]  - Berlin:                      #0       
INFO [03-26|19:13:13.946]  - London:                      #0       
INFO [03-26|19:13:13.946]  - Arrow Glacier:               #0       
INFO [03-26|19:13:13.946]  - Gray Glacier:                #0       
INFO [03-26|19:13:13.946] 
INFO [03-26|19:13:13.946] Merge configured:
INFO [03-26|19:13:13.946]  - Total terminal difficulty:  0
INFO [03-26|19:13:13.946]  - Merge netsplit block:       #0       
INFO [03-26|19:13:13.946] 
INFO [03-26|19:13:13.946] Post-Merge hard forks (timestamp based):
INFO [03-26|19:13:13.946]  - Shanghai:                    @0         
INFO [03-26|19:13:13.946]  - Cancun:                      @0          blob: (target: 3, max: 6, fraction: 3338477)
INFO [03-26|19:13:13.946]  - Prague:                      @0          blob: (target: 6, max: 9, fraction: 5225352)
INFO [03-26|19:13:13.946]  - Osaka:                       @4294967295 blob: (target: 9, max: 12, fraction: 5225352)
INFO [03-26|19:13:13.946] 
INFO [03-26|19:13:13.946] All fork specifications can be found at https://ethereum.github.io/execution-specs/src/ethereum/forks/
INFO [03-26|19:13:13.946] 
INFO [03-26|19:13:13.946] ---------------------------------------------------------------------------------------------------------------------------------------------------------
INFO [03-26|19:13:13.946] 
INFO [03-26|19:13:13.947] Loaded most recent local block           number=64462 hash=9af75f..4dbdda age=11s
INFO [03-26|19:13:13.947] Loaded most recent local finalized block number=64448 hash=c4e168..8b18d9 age=2m53s
INFO [03-26|19:13:13.947] Initialized transaction indexer          range="last 2350000 blocks"
INFO [03-26|19:13:13.947] Initialized log indexer                  firstblock=0 lastblock=64462 firstmap=0 lastmap=4 headindexed=true
INFO [03-26|19:13:13.956] Enabled full-sync                        head=64462 hash=9af75f..4dbdda
INFO [03-26|19:13:13.956] Unprotected transactions allowed
INFO [03-26|19:13:13.956] Gasprice oracle is ignoring threshold set threshold=2
INFO [03-26|19:13:13.959] Registered sync override service
WARN [03-26|19:13:13.959] You are running Geth in --dev mode. Please note the following:
WARN [03-26|19:13:13.959] 
WARN [03-26|19:13:13.959]   1. This mode is only intended for fast, iterative development without assumptions on
WARN [03-26|19:13:13.959]      security or persistence.
WARN [03-26|19:13:13.959]   2. The database is created in memory unless specified otherwise. Therefore, shutting down
WARN [03-26|19:13:13.959]      your computer or losing power will wipe your entire block data and chain state for
WARN [03-26|19:13:13.959]      your dev environment.
WARN [03-26|19:13:13.959]   3. A random, pre-allocated developer account will be available and unlocked as
WARN [03-26|19:13:13.959]      eth.coinbase, which can be used for testing. The random dev account is temporary,
WARN [03-26|19:13:13.959]      stored on a ramdisk, and will be lost if your machine is restarted.
WARN [03-26|19:13:13.959]   4. Mining is enabled by default. However, the client will only seal blocks if transactions
WARN [03-26|19:13:13.959]      are pending in the mempool. The miner's minimum accepted gas price is 1.
WARN [03-26|19:13:13.959]   5. Networking is disabled; there is no listen-address, the maximum number of peers is set
WARN [03-26|19:13:13.959]      to 0, and discovery is disabled.
WARN [03-26|19:13:13.959] 
INFO [03-26|19:13:13.959] Starting peer-to-peer node               instance=Geth/v1.17.2-unstable-5d0e18f7-20260325/linux-amd64/go1.24.1
WARN [03-26|19:13:13.959] P2P server will be useless, neither dialing nor listening
INFO [03-26|19:13:13.966] IPC endpoint opened                      url=/home/CPerezz/bintrie-benchmarks/mpt-vs-bintrie/dbs/mpt/geth.ipc
ERROR[03-26|19:13:13.966] Unavailable modules in HTTP API list     unavailable=[personal] available="[admin debug web3 eth txpool miner net dev testing]"
INFO [03-26|19:13:13.967] HTTP server started                      endpoint=[::]:8545 auth=false prefix= cors= vhosts=localhost
INFO [03-26|19:13:13.967] WebSocket enabled                        url=ws://[::]:8546
INFO [03-26|19:13:13.967] New local node record                    seq=1,774,465,406,081 id=9566f6e861acb2c3 ip=127.0.0.1 udp=0 tcp=0
INFO [03-26|19:13:13.968] Started P2P networking                   self=enode://7bcb27e0859fe4ed7072e298a58918cc0b55d08376b1207f77d84f6d0d34ded7448b64ab16dd00733b489383beff49c04f662afae4dd1dc102807640ff82a1cd@127.0.0.1:0
INFO [03-26|19:13:13.991] Loaded local transaction journal         transactions=519 dropped=0
INFO [03-26|19:13:15.435] Submitted contract creation              hash=0x4563bec2281fbb82b9c657bb158cacf71bf090f6dafa8ddfac6ea2bd94eaaaf5 from=0xf39Fd6e51aad88F6F4ce6aB8827279cffFb92266 nonce=424 contract=0x1eB5C49630E08e95Ba7f139BcF4B9BA171C9a8C7 value=0
INFO [03-26|19:13:15.437] Submitted transaction                    hash=0xdf48679c13d882d2cc1521e1f06076f9d44285ecdb77c2e6c8544204d53f7a9b from=0xf39Fd6e51aad88F6F4ce6aB8827279cffFb92266 nonce=425 recipient=0x7e263ABA1d1F45A0Df32fC92273c96c6692Dd085 value=7,800,000,000
INFO [03-26|19:13:15.791] Started log indexer
INFO [03-26|19:13:15.796] Starting work on payload                 id=0x033bc4eb7e61dd9d
INFO [03-26|19:13:15.804] Updated payload                          id=0x033bc4eb7e61dd9d number=64463 hash=9ad136..6aab6e txs=2 withdrawals=0 gas=106,226 fees=7.329594e-12 root=e9691b..f70897 elapsed=7.922ms
INFO [03-26|19:13:15.804] Stopping work on payload                 id=0x033bc4eb7e61dd9d reason=delivery
WARN [03-26|19:13:15.808] {"level":"warn","msg":"Slow block","block":{"number":64463,"hash":"0x9ad1368e499b160ebaac8b7e3ce1b4d531a951de5e8876edfe3984392d6aab6e","gas_used":106226,"tx_count":2},"timing":{"execution_ms":0.164188,"state_read_ms":0.14407,"state_hash_ms":1.004754,"commit_ms":0.738635,"total_ms":2.107188},"throughput":{"mgas_per_sec":50.411258985909186},"state_reads":{"accounts":11,"storage_slots":0,"code":0,"code_bytes":0},"state_writes":{"accounts":3,"accounts_deleted":0,"storage_slots":0,"storage_slots_deleted":0,"code":1,"code_bytes":149},"cache":{"account":{"hits":4,"misses":7,"hit_rate":36.36363636363637},"storage":{"hits":0,"misses":0,"hit_rate":0},"code":{"hits":0,"misses":0,"hit_rate":0,"hit_bytes":0,"miss_bytes":0}}}
INFO [03-26|19:13:15.808] Imported new potential chain segment     number=64463 hash=9ad136..6aab6e blocks=1 txs=2 mgas=0.106 elapsed=2.371ms mgasps=44.795 triediffs=1.20MiB triedirty=0.00B
INFO [03-26|19:13:15.808] Ready for fork activation                fork=Osaka date="07 Feb 06 07:28 CET" remaining=700116h14m59s timestamp=4,294,967,295
INFO [03-26|19:13:15.809] Chain head was updated                   number=64463 hash=9ad136..6aab6e root=e9691b..f70897 elapsed="209.279µs"
INFO [03-26|19:13:16.454] Submitted transaction                    hash=0x9957842dbe7ee204deee8fa9c9f372b80d013e002d5c002c27d51f4b812d6666 from=0x7e263ABA1d1F45A0Df32fC92273c96c6692Dd085 nonce=0   recipient=0x1eB5C49630E08e95Ba7f139BcF4B9BA171C9a8C7 value=0
INFO [03-26|19:13:25.810] Starting work on payload                 id=0x035fd9250d8e84ae
WARN [03-26|19:13:28.339] Block building is interrupted            allowance=2s
INFO [03-26|19:13:28.339] Updated payload                          id=0x035fd9250d8e84ae number=64464 hash=d20ff9..40223b txs=1 withdrawals=0 gas=100,000,000 fees=7e-09        root=7d72b0..c0e6e4 elapsed=2.529s
WARN [03-26|19:13:31.723] {"level":"warn","msg":"Slow block","block":{"number":64464,"hash":"0xd20ff9dec675ea0c13ba26b45670040a3bf7ac0f3c8d1b7174509e85a340223b","gas_used":100000000,"tx_count":1},"timing":{"execution_ms":171.753623,"state_read_ms":3191.050593,"state_hash_ms":0.06628,"commit_ms":17.694483,"total_ms":3380.65736},"throughput":{"mgas_per_sec":29.580045935208293},"state_reads":{"accounts":8,"storage_slots":23418,"code":2,"code_bytes":1493},"state_writes":{"accounts":2,"accounts_deleted":0,"storage_slots":0,"storage_slots_deleted":0,"code":0,"code_bytes":0},"cache":{"account":{"hits":3,"misses":5,"hit_rate":37.5},"storage":{"hits":2664,"misses":20754,"hit_rate":11.375864719446579},"code":{"hits":2,"misses":0,"hit_rate":100,"hit_bytes":1493,"miss_bytes":0}}}
INFO [03-26|19:13:31.723] Imported new potential chain segment     number=64464 hash=d20ff9..40223b blocks=1 txs=1 mgas=100.000 elapsed=3.382s      mgasps=29.565 triediffs=1.20MiB triedirty=0.00B
INFO [03-26|19:13:31.724] Chain head was updated                   number=64464 hash=d20ff9..40223b root=7d72b0..c0e6e4 elapsed="47.18µs"
WARN [03-26|19:13:32.021] Block building is interrupted            allowance=2s
INFO [03-26|19:13:32.022] Stopping work on payload                 id=0x035fd9250d8e84ae reason=delivery
