INFO [03-26|19:19:48.189] Starting Geth on Ethereum mainnet...
INFO [03-26|19:19:48.191] Maximum peer count                       ETH=0 total=0
INFO [03-26|19:19:48.191] Smartcard socket not found, disabling    err="stat /run/pcscd/pcscd.comm: no such file or directory"
WARN [03-26|19:19:48.193] Option --miner.etherbase is deprecated as the etherbase is set by the consensus client post-merge
WARN [03-26|19:19:48.194] Snap sync requested, resetting --cache.snapshot
INFO [03-26|19:19:48.195] Global gas cap disabled
INFO [03-26|19:19:48.839] Using developer account                  address=0xf39Fd6e51aad88F6F4ce6aB8827279cffFb92266
INFO [03-26|19:19:49.006] Using pebble as the backing database
INFO [03-26|19:19:49.006] Allocated cache and file handles         database=/home/CPerezz/bintrie-benchmarks/mpt-vs-bintrie/dbs/mpt/geth/chaindata cache=16.00MiB handles=524,288
INFO [03-26|19:19:50.157] Opened ancient database                  database=/home/CPerezz/bintrie-benchmarks/mpt-vs-bintrie/dbs/mpt/geth/chaindata/ancient/chain readonly=true
INFO [03-26|19:19:50.157] Opened Era store                         datadir=/home/CPerezz/bintrie-benchmarks/mpt-vs-bintrie/dbs/mpt/geth/chaindata/ancient/chain/era
INFO [03-26|19:19:50.168] Initializing the KZG library             backend=gokzg
INFO [03-26|19:19:50.170] Allocated trie memory caches             clean=0.00B dirty=0.00B
INFO [03-26|19:19:50.270] Using pebble as the backing database
INFO [03-26|19:19:50.270] Allocated cache and file handles         database=/home/CPerezz/bintrie-benchmarks/mpt-vs-bintrie/dbs/mpt/geth/chaindata cache=16.00MiB handles=524,288
INFO [03-26|19:19:51.612] Opened ancient database                  database=/home/CPerezz/bintrie-benchmarks/mpt-vs-bintrie/dbs/mpt/geth/chaindata/ancient/chain readonly=false
INFO [03-26|19:19:51.612] Opened Era store                         datadir=/home/CPerezz/bintrie-benchmarks/mpt-vs-bintrie/dbs/mpt/geth/chaindata/ancient/chain/era
INFO [03-26|19:19:51.613] State scheme set to already existing     scheme=path
INFO [03-26|19:19:51.614] Initialising Ethereum protocol           network=1337 dbversion=9
INFO [03-26|19:19:51.614] Load database journal from file          path=/home/CPerezz/bintrie-benchmarks/mpt-vs-bintrie/dbs/mpt/geth/triedb/merkle.journal
INFO [03-26|19:19:51.633] Opened ancient database                  database=/home/CPerezz/bintrie-benchmarks/mpt-vs-bintrie/dbs/mpt/geth/chaindata/ancient/state readonly=false
INFO [03-26|19:19:51.633] Initialized path database                triecache=0.00B statecache=0.00B buffer=0.00B state-history="last 90000 blocks" journal-dir=/home/CPerezz/bintrie-benchmarks/mpt-vs-bintrie/dbs/mpt/geth/triedb
INFO [03-26|19:19:51.633] 
INFO [03-26|19:19:51.633] ---------------------------------------------------------------------------------------------------------------------------------------------------------
INFO [03-26|19:19:51.634] Chain ID:  1337 (unknown)
INFO [03-26|19:19:51.634] Consensus: unknown
INFO [03-26|19:19:51.634] 
INFO [03-26|19:19:51.634] Pre-Merge hard forks (block based):
INFO [03-26|19:19:51.634]  - Homestead:                   #0       
INFO [03-26|19:19:51.634]  - Tangerine Whistle (EIP 150): #0       
INFO [03-26|19:19:51.634]  - Spurious Dragon/1 (EIP 155): #0       
INFO [03-26|19:19:51.634]  - Spurious Dragon/2 (EIP 158): #0       
INFO [03-26|19:19:51.634]  - Byzantium:                   #0       
INFO [03-26|19:19:51.634]  - Constantinople:              #0       
INFO [03-26|19:19:51.634]  - Petersburg:                  #0       
INFO [03-26|19:19:51.634]  - Istanbul:                    #0       
INFO [03-26|19:19:51.634]  - Muir Glacier:                #0       
INFO [03-26|19:19:51.634]  - Berlin:                      #0       
INFO [03-26|19:19:51.634]  - London:                      #0       
INFO [03-26|19:19:51.634]  - Arrow Glacier:               #0       
INFO [03-26|19:19:51.634]  - Gray Glacier:                #0       
INFO [03-26|19:19:51.634] 
INFO [03-26|19:19:51.634] Merge configured:
INFO [03-26|19:19:51.634]  - Total terminal difficulty:  0
INFO [03-26|19:19:51.634]  - Merge netsplit block:       #0       
INFO [03-26|19:19:51.634] 
INFO [03-26|19:19:51.634] Post-Merge hard forks (timestamp based):
INFO [03-26|19:19:51.634]  - Shanghai:                    @0         
INFO [03-26|19:19:51.634]  - Cancun:                      @0          blob: (target: 3, max: 6, fraction: 3338477)
INFO [03-26|19:19:51.634]  - Prague:                      @0          blob: (target: 6, max: 9, fraction: 5225352)
INFO [03-26|19:19:51.634]  - Osaka:                       @4294967295 blob: (target: 9, max: 12, fraction: 5225352)
INFO [03-26|19:19:51.634] 
INFO [03-26|19:19:51.634] All fork specifications can be found at https://ethereum.github.io/execution-specs/src/ethereum/forks/
INFO [03-26|19:19:51.634] 
INFO [03-26|19:19:51.634] ---------------------------------------------------------------------------------------------------------------------------------------------------------
INFO [03-26|19:19:51.634] 
INFO [03-26|19:19:51.634] Loaded most recent local block           number=64496 hash=0240ac..a8f9f2 age=11s
INFO [03-26|19:19:51.634] Loaded most recent local finalized block number=64480 hash=41eac9..aedd69 age=3m20s
INFO [03-26|19:19:51.634] Initialized transaction indexer          range="last 2350000 blocks"
INFO [03-26|19:19:51.634] Initialized log indexer                  firstblock=0 lastblock=64496 firstmap=0 lastmap=4 headindexed=true
INFO [03-26|19:19:51.636] Enabled full-sync                        head=64496 hash=0240ac..a8f9f2
INFO [03-26|19:19:51.637] Unprotected transactions allowed
INFO [03-26|19:19:51.637] Gasprice oracle is ignoring threshold set threshold=2
INFO [03-26|19:19:51.637] Registered sync override service
WARN [03-26|19:19:51.637] You are running Geth in --dev mode. Please note the following:
WARN [03-26|19:19:51.637] 
WARN [03-26|19:19:51.637]   1. This mode is only intended for fast, iterative development without assumptions on
WARN [03-26|19:19:51.637]      security or persistence.
WARN [03-26|19:19:51.637]   2. The database is created in memory unless specified otherwise. Therefore, shutting down
WARN [03-26|19:19:51.637]      your computer or losing power will wipe your entire block data and chain state for
WARN [03-26|19:19:51.637]      your dev environment.
WARN [03-26|19:19:51.637]   3. A random, pre-allocated developer account will be available and unlocked as
WARN [03-26|19:19:51.637]      eth.coinbase, which can be used for testing. The random dev account is temporary,
WARN [03-26|19:19:51.637]      stored on a ramdisk, and will be lost if your machine is restarted.
WARN [03-26|19:19:51.637]   4. Mining is enabled by default. However, the client will only seal blocks if transactions
WARN [03-26|19:19:51.637]      are pending in the mempool. The miner's minimum accepted gas price is 1.
WARN [03-26|19:19:51.637]   5. Networking is disabled; there is no listen-address, the maximum number of peers is set
WARN [03-26|19:19:51.637]      to 0, and discovery is disabled.
WARN [03-26|19:19:51.637] 
INFO [03-26|19:19:51.637] Starting peer-to-peer node               instance=Geth/v1.17.2-unstable-5d0e18f7-20260325/linux-amd64/go1.24.1
WARN [03-26|19:19:51.637] P2P server will be useless, neither dialing nor listening
INFO [03-26|19:19:51.641] New local node record                    seq=1,774,465,406,098 id=9566f6e861acb2c3 ip=127.0.0.1 udp=0 tcp=0
INFO [03-26|19:19:51.641] Started P2P networking                   self=enode://7bcb27e0859fe4ed7072e298a58918cc0b55d08376b1207f77d84f6d0d34ded7448b64ab16dd00733b489383beff49c04f662afae4dd1dc102807640ff82a1cd@127.0.0.1:0
INFO [03-26|19:19:51.656] IPC endpoint opened                      url=/home/CPerezz/bintrie-benchmarks/mpt-vs-bintrie/dbs/mpt/geth.ipc
ERROR[03-26|19:19:51.656] Unavailable modules in HTTP API list     unavailable=[personal] available="[admin debug web3 eth txpool miner net dev testing]"
INFO [03-26|19:19:51.656] HTTP server started                      endpoint=[::]:8545 auth=false prefix= cors= vhosts=localhost
INFO [03-26|19:19:51.656] WebSocket enabled                        url=ws://[::]:8546
INFO [03-26|19:19:51.683] Loaded local transaction journal         transactions=570 dropped=0
INFO [03-26|19:19:53.155] Submitted contract creation              hash=0x257784ca6c3f50051b61eb374b0b119708c48a15bd26b1b041ceca260f0f6d69 from=0xf39Fd6e51aad88F6F4ce6aB8827279cffFb92266 nonce=458 contract=0xb04CB6c52E73CF3e2753776030CE85a36549c9C2 value=0
INFO [03-26|19:19:53.157] Submitted transaction                    hash=0xbfa9cfa41323179d6c5edbc63fbd641ce986c21403b436c7aada8bfde8d89795 from=0xf39Fd6e51aad88F6F4ce6aB8827279cffFb92266 nonce=459 recipient=0x35c8C5DD1f78e1193c290eDe7CF2463850Db8C9C value=22,200,000,000
INFO [03-26|19:19:53.609] Started log indexer
INFO [03-26|19:19:53.615] Starting work on payload                 id=0x03ccff19e48c85a6
INFO [03-26|19:19:53.622] Updated payload                          id=0x03ccff19e48c85a6 number=64497 hash=c63cd7..7bcd64 txs=2 withdrawals=0 gas=106,226 fees=2.2626138e-11 root=b90cc6..09532b elapsed=7.022ms
INFO [03-26|19:19:53.622] Stopping work on payload                 id=0x03ccff19e48c85a6 reason=delivery
WARN [03-26|19:19:53.626] {"level":"warn","msg":"Slow block","block":{"number":64497,"hash":"0xc63cd7912181d68ecf26e3b003217b3f9d7455e823d2808ee8e77d9b217bcd64","gas_used":106226,"tx_count":2},"timing":{"execution_ms":0.20358,"state_read_ms":0.167468,"state_hash_ms":0.803855,"commit_ms":0.742826,"total_ms":2.008549},"throughput":{"mgas_per_sec":52.88693479720933},"state_reads":{"accounts":11,"storage_slots":0,"code":0,"code_bytes":0},"state_writes":{"accounts":3,"accounts_deleted":0,"storage_slots":0,"storage_slots_deleted":0,"code":1,"code_bytes":149},"cache":{"account":{"hits":4,"misses":7,"hit_rate":36.36363636363637},"storage":{"hits":0,"misses":0,"hit_rate":0},"code":{"hits":0,"misses":0,"hit_rate":0,"hit_bytes":0,"miss_bytes":0}}}
INFO [03-26|19:19:53.626] Imported new potential chain segment     number=64497 hash=c63cd7..7bcd64 blocks=1 txs=2 mgas=0.106 elapsed=2.305ms mgasps=46.073 triediffs=1.20MiB triedirty=0.00B
INFO [03-26|19:19:53.626] Ready for fork activation                fork=Osaka date="07 Feb 06 07:28 CET" remaining=700116h8m21s timestamp=4,294,967,295
INFO [03-26|19:19:53.627] Chain head was updated                   number=64497 hash=c63cd7..7bcd64 root=b90cc6..09532b elapsed="225.089µs"
INFO [03-26|19:19:54.171] Submitted transaction                    hash=0xa8bb2ecf91d6bb7817b6ad0af4baecf653f854b03fec82a9eda75887ddb2b634 from=0x35c8C5DD1f78e1193c290eDe7CF2463850Db8C9C nonce=0   recipient=0xb04CB6c52E73CF3e2753776030CE85a36549c9C2 value=0
INFO [03-26|19:20:03.629] Starting work on payload                 id=0x03b4c6c12a8286d6
WARN [03-26|19:20:06.118] Block building is interrupted            allowance=2s
INFO [03-26|19:20:06.118] Updated payload                          id=0x03b4c6c12a8286d6 number=64498 hash=4b3e94..085072 txs=1 withdrawals=0 gas=100,000,000 fees=2.14e-08      root=bee65b..6845a4 elapsed=2.489s
WARN [03-26|19:20:09.364] {"level":"warn","msg":"Slow block","block":{"number":64498,"hash":"0x4b3e942e531ff11a35a8b8dd4660a4b47da94178da2c9d77302b37fca3085072","gas_used":100000000,"tx_count":1},"timing":{"execution_ms":173.16712,"state_read_ms":3049.412816,"state_hash_ms":0.06467,"commit_ms":19.799841,"total_ms":3242.531097},"throughput":{"mgas_per_sec":30.840105155050114},"state_reads":{"accounts":8,"storage_slots":23418,"code":2,"code_bytes":1493},"state_writes":{"accounts":2,"accounts_deleted":0,"storage_slots":0,"storage_slots_deleted":0,"code":0,"code_bytes":0},"cache":{"account":{"hits":3,"misses":5,"hit_rate":37.5},"storage":{"hits":1910,"misses":21508,"hit_rate":8.15611922452814},"code":{"hits":2,"misses":0,"hit_rate":100,"hit_bytes":1493,"miss_bytes":0}}}
INFO [03-26|19:20:09.364] Imported new potential chain segment     number=64498 hash=4b3e94..085072 blocks=1 txs=1 mgas=100.000 elapsed=3.244s      mgasps=30.817 triediffs=1.20MiB triedirty=0.00B
INFO [03-26|19:20:09.366] Chain head was updated                   number=64498 hash=4b3e94..085072 root=bee65b..6845a4 elapsed="76.97µs"
WARN [03-26|19:20:09.450] Block building is interrupted            allowance=2s
INFO [03-26|19:20:09.450] Stopping work on payload                 id=0x03b4c6c12a8286d6 reason=delivery
