INFO [03-26|19:12:01.946] Starting Geth on Ethereum mainnet...
INFO [03-26|19:12:01.947] Maximum peer count                       ETH=0 total=0
INFO [03-26|19:12:01.948] Smartcard socket not found, disabling    err="stat /run/pcscd/pcscd.comm: no such file or directory"
WARN [03-26|19:12:01.949] Option --miner.etherbase is deprecated as the etherbase is set by the consensus client post-merge
WARN [03-26|19:12:01.950] Snap sync requested, resetting --cache.snapshot
INFO [03-26|19:12:01.951] Global gas cap disabled
INFO [03-26|19:12:02.593] Using developer account                  address=0xf39Fd6e51aad88F6F4ce6aB8827279cffFb92266
INFO [03-26|19:12:02.761] Using pebble as the backing database
INFO [03-26|19:12:02.761] Allocated cache and file handles         database=/home/CPerezz/bintrie-benchmarks/mpt-vs-bintrie/dbs/mpt/geth/chaindata cache=16.00MiB handles=524,288
INFO [03-26|19:12:03.868] Opened ancient database                  database=/home/CPerezz/bintrie-benchmarks/mpt-vs-bintrie/dbs/mpt/geth/chaindata/ancient/chain readonly=true
INFO [03-26|19:12:03.868] Opened Era store                         datadir=/home/CPerezz/bintrie-benchmarks/mpt-vs-bintrie/dbs/mpt/geth/chaindata/ancient/chain/era
INFO [03-26|19:12:03.879] Initializing the KZG library             backend=gokzg
INFO [03-26|19:12:03.881] Allocated trie memory caches             clean=0.00B dirty=0.00B
INFO [03-26|19:12:03.965] Using pebble as the backing database
INFO [03-26|19:12:03.965] Allocated cache and file handles         database=/home/CPerezz/bintrie-benchmarks/mpt-vs-bintrie/dbs/mpt/geth/chaindata cache=16.00MiB handles=524,288
INFO [03-26|19:12:05.217] Opened ancient database                  database=/home/CPerezz/bintrie-benchmarks/mpt-vs-bintrie/dbs/mpt/geth/chaindata/ancient/chain readonly=false
INFO [03-26|19:12:05.217] Opened Era store                         datadir=/home/CPerezz/bintrie-benchmarks/mpt-vs-bintrie/dbs/mpt/geth/chaindata/ancient/chain/era
INFO [03-26|19:12:05.219] State scheme set to already existing     scheme=path
INFO [03-26|19:12:05.219] Initialising Ethereum protocol           network=1337 dbversion=9
INFO [03-26|19:12:05.219] Load database journal from file          path=/home/CPerezz/bintrie-benchmarks/mpt-vs-bintrie/dbs/mpt/geth/triedb/merkle.journal
INFO [03-26|19:12:05.237] Opened ancient database                  database=/home/CPerezz/bintrie-benchmarks/mpt-vs-bintrie/dbs/mpt/geth/chaindata/ancient/state readonly=false
INFO [03-26|19:12:05.238] Initialized path database                triecache=0.00B statecache=0.00B buffer=0.00B state-history="last 90000 blocks" journal-dir=/home/CPerezz/bintrie-benchmarks/mpt-vs-bintrie/dbs/mpt/geth/triedb
INFO [03-26|19:12:05.238] 
INFO [03-26|19:12:05.238] ---------------------------------------------------------------------------------------------------------------------------------------------------------
INFO [03-26|19:12:05.239] Chain ID:  1337 (unknown)
INFO [03-26|19:12:05.239] Consensus: unknown
INFO [03-26|19:12:05.239] 
INFO [03-26|19:12:05.239] Pre-Merge hard forks (block based):
INFO [03-26|19:12:05.239]  - Homestead:                   #0       
INFO [03-26|19:12:05.239]  - Tangerine Whistle (EIP 150): #0       
INFO [03-26|19:12:05.239]  - Spurious Dragon/1 (EIP 155): #0       
INFO [03-26|19:12:05.239]  - Spurious Dragon/2 (EIP 158): #0       
INFO [03-26|19:12:05.239]  - Byzantium:                   #0       
INFO [03-26|19:12:05.239]  - Constantinople:              #0       
INFO [03-26|19:12:05.239]  - Petersburg:                  #0       
INFO [03-26|19:12:05.239]  - Istanbul:                    #0       
INFO [03-26|19:12:05.239]  - Muir Glacier:                #0       
INFO [03-26|19:12:05.239]  - Berlin:                      #0       
INFO [03-26|19:12:05.239]  - London:                      #0       
INFO [03-26|19:12:05.239]  - Arrow Glacier:               #0       
INFO [03-26|19:12:05.239]  - Gray Glacier:                #0       
INFO [03-26|19:12:05.239] 
INFO [03-26|19:12:05.239] Merge configured:
INFO [03-26|19:12:05.239]  - Total terminal difficulty:  0
INFO [03-26|19:12:05.239]  - Merge netsplit block:       #0       
INFO [03-26|19:12:05.239] 
INFO [03-26|19:12:05.239] Post-Merge hard forks (timestamp based):
INFO [03-26|19:12:05.239]  - Shanghai:                    @0         
INFO [03-26|19:12:05.239]  - Cancun:                      @0          blob: (target: 3, max: 6, fraction: 3338477)
INFO [03-26|19:12:05.239]  - Prague:                      @0          blob: (target: 6, max: 9, fraction: 5225352)
INFO [03-26|19:12:05.239]  - Osaka:                       @4294967295 blob: (target: 9, max: 12, fraction: 5225352)
INFO [03-26|19:12:05.239] 
INFO [03-26|19:12:05.239] All fork specifications can be found at https://ethereum.github.io/execution-specs/src/ethereum/forks/
INFO [03-26|19:12:05.239] 
INFO [03-26|19:12:05.239] ---------------------------------------------------------------------------------------------------------------------------------------------------------
INFO [03-26|19:12:05.239] 
INFO [03-26|19:12:05.240] Loaded most recent local block           number=64456 hash=05724b..4c979b age=11s
INFO [03-26|19:12:05.240] Loaded most recent local finalized block number=64448 hash=c4e168..8b18d9 age=1m45s
INFO [03-26|19:12:05.240] Initialized transaction indexer          range="last 2350000 blocks"
INFO [03-26|19:12:05.240] Initialized log indexer                  firstblock=0 lastblock=64456 firstmap=0 lastmap=4 headindexed=true
INFO [03-26|19:12:05.257] Enabled full-sync                        head=64456 hash=05724b..4c979b
INFO [03-26|19:12:05.257] Unprotected transactions allowed
INFO [03-26|19:12:05.257] Gasprice oracle is ignoring threshold set threshold=2
INFO [03-26|19:12:05.258] Registered sync override service
WARN [03-26|19:12:05.258] You are running Geth in --dev mode. Please note the following:
WARN [03-26|19:12:05.258] 
WARN [03-26|19:12:05.258]   1. This mode is only intended for fast, iterative development without assumptions on
WARN [03-26|19:12:05.258]      security or persistence.
WARN [03-26|19:12:05.258]   2. The database is created in memory unless specified otherwise. Therefore, shutting down
WARN [03-26|19:12:05.258]      your computer or losing power will wipe your entire block data and chain state for
WARN [03-26|19:12:05.258]      your dev environment.
WARN [03-26|19:12:05.258]   3. A random, pre-allocated developer account will be available and unlocked as
WARN [03-26|19:12:05.258]      eth.coinbase, which can be used for testing. The random dev account is temporary,
WARN [03-26|19:12:05.258]      stored on a ramdisk, and will be lost if your machine is restarted.
WARN [03-26|19:12:05.258]   4. Mining is enabled by default. However, the client will only seal blocks if transactions
WARN [03-26|19:12:05.258]      are pending in the mempool. The miner's minimum accepted gas price is 1.
WARN [03-26|19:12:05.258]   5. Networking is disabled; there is no listen-address, the maximum number of peers is set
WARN [03-26|19:12:05.258]      to 0, and discovery is disabled.
WARN [03-26|19:12:05.258] 
INFO [03-26|19:12:05.258] Starting peer-to-peer node               instance=Geth/v1.17.2-unstable-5d0e18f7-20260325/linux-amd64/go1.24.1
WARN [03-26|19:12:05.258] P2P server will be useless, neither dialing nor listening
INFO [03-26|19:12:05.261] IPC endpoint opened                      url=/home/CPerezz/bintrie-benchmarks/mpt-vs-bintrie/dbs/mpt/geth.ipc
ERROR[03-26|19:12:05.261] Unavailable modules in HTTP API list     unavailable=[personal] available="[admin debug web3 eth txpool miner net dev testing]"
INFO [03-26|19:12:05.262] HTTP server started                      endpoint=[::]:8545 auth=false prefix= cors= vhosts=localhost
INFO [03-26|19:12:05.262] WebSocket enabled                        url=ws://[::]:8546
INFO [03-26|19:12:05.262] New local node record                    seq=1,774,465,406,078 id=9566f6e861acb2c3 ip=127.0.0.1 udp=0 tcp=0
INFO [03-26|19:12:05.262] Started P2P networking                   self=enode://7bcb27e0859fe4ed7072e298a58918cc0b55d08376b1207f77d84f6d0d34ded7448b64ab16dd00733b489383beff49c04f662afae4dd1dc102807640ff82a1cd@127.0.0.1:0
INFO [03-26|19:12:05.286] Loaded local transaction journal         transactions=510 dropped=0
INFO [03-26|19:12:06.910] Submitted contract creation              hash=0xc34e0ae40b6dc26f0c4c9f8b0269d68f520473063982923397e45367c9c10050 from=0xf39Fd6e51aad88F6F4ce6aB8827279cffFb92266 nonce=418 contract=0x773330693cb7d5D233348E25809770A32483A940 value=0
INFO [03-26|19:12:06.911] Submitted transaction                    hash=0x3b5e6951a5c4fd73533c294943a00ddda82030c8709cf09ccfd7899dea07de9f from=0xf39Fd6e51aad88F6F4ce6aB8827279cffFb92266 nonce=419 recipient=0x93679779D075eC0Db548e1301546e7BADbF47B5D value=7,800,000,000
INFO [03-26|19:12:06.997] Started log indexer
INFO [03-26|19:12:07.002] Starting work on payload                 id=0x03f6cf8e966c30c3
INFO [03-26|19:12:07.008] Updated payload                          id=0x03f6cf8e966c30c3 number=64457 hash=ad53db..e1fad4 txs=2 withdrawals=0 gas=106,226 fees=7.329594e-12 root=7de778..69297a elapsed=5.898ms
INFO [03-26|19:12:07.008] Stopping work on payload                 id=0x03f6cf8e966c30c3 reason=delivery
WARN [03-26|19:12:07.011] {"level":"warn","msg":"Slow block","block":{"number":64457,"hash":"0xad53dbe6232406d97a1d476c931554d2464927dceec96fed9b73e36edfe1fad4","gas_used":106226,"tx_count":2},"timing":{"execution_ms":0.062791,"state_read_ms":0.243357,"state_hash_ms":0.847455,"commit_ms":0.520717,"total_ms":1.735721},"throughput":{"mgas_per_sec":61.199927868591786},"state_reads":{"accounts":11,"storage_slots":0,"code":0,"code_bytes":0},"state_writes":{"accounts":3,"accounts_deleted":0,"storage_slots":0,"storage_slots_deleted":0,"code":1,"code_bytes":149},"cache":{"account":{"hits":6,"misses":5,"hit_rate":54.54545454545454},"storage":{"hits":0,"misses":0,"hit_rate":0},"code":{"hits":0,"misses":0,"hit_rate":0,"hit_bytes":0,"miss_bytes":0}}}
INFO [03-26|19:12:07.011] Imported new potential chain segment     number=64457 hash=ad53db..e1fad4 blocks=1 txs=2 mgas=0.106 elapsed=2.031ms mgasps=52.281 triediffs=1.20MiB triedirty=0.00B
INFO [03-26|19:12:07.011] Ready for fork activation                fork=Osaka date="07 Feb 06 07:28 CET" remaining=700116h16m8s timestamp=4,294,967,295
INFO [03-26|19:12:07.012] Chain head was updated                   number=64457 hash=ad53db..e1fad4 root=7de778..69297a elapsed="252.538µs"
INFO [03-26|19:12:07.931] Submitted transaction                    hash=0x306dcc98d2e630f9ff162840a62c058c5c9f16aab1b528596df45cbff9dade58 from=0x93679779D075eC0Db548e1301546e7BADbF47B5D nonce=0   recipient=0x773330693cb7d5D233348E25809770A32483A940 value=0
INFO [03-26|19:12:17.013] Starting work on payload                 id=0x030897c588a006c3
WARN [03-26|19:12:19.488] Block building is interrupted            allowance=2s
INFO [03-26|19:12:19.489] Updated payload                          id=0x030897c588a006c3 number=64458 hash=91f329..9afb50 txs=1 withdrawals=0 gas=100,000,000 fees=7e-09        root=e05eae..7008e8 elapsed=2.475s
WARN [03-26|19:12:22.748] {"level":"warn","msg":"Slow block","block":{"number":64458,"hash":"0x91f32956b4e79d07fd2d93c6ee8014c1f979ce0aa82d6081cb8a62b0759afb50","gas_used":100000000,"tx_count":1},"timing":{"execution_ms":180.693274,"state_read_ms":3057.488313,"state_hash_ms":0.062179,"commit_ms":17.666973,"total_ms":3256.02655},"throughput":{"mgas_per_sec":30.712280279164187},"state_reads":{"accounts":8,"storage_slots":23418,"code":2,"code_bytes":1493},"state_writes":{"accounts":2,"accounts_deleted":0,"storage_slots":0,"storage_slots_deleted":0,"code":0,"code_bytes":0},"cache":{"account":{"hits":3,"misses":5,"hit_rate":37.5},"storage":{"hits":1925,"misses":21493,"hit_rate":8.220172516867368},"code":{"hits":2,"misses":0,"hit_rate":100,"hit_bytes":1493,"miss_bytes":0}}}
INFO [03-26|19:12:22.748] Imported new potential chain segment     number=64458 hash=91f329..9afb50 blocks=1 txs=1 mgas=100.000 elapsed=3.257s      mgasps=30.696 triediffs=1.20MiB triedirty=0.00B
INFO [03-26|19:12:22.749] Chain head was updated                   number=64458 hash=91f329..9afb50 root=e05eae..7008e8 elapsed="80.129µs"
WARN [03-26|19:12:23.036] Block building is interrupted            allowance=2s
INFO [03-26|19:12:23.036] Stopping work on payload                 id=0x030897c588a006c3 reason=delivery
