INFO [03-26|19:14:21.025] Starting Geth on Ethereum mainnet...
INFO [03-26|19:14:21.026] Maximum peer count                       ETH=0 total=0
INFO [03-26|19:14:21.027] Smartcard socket not found, disabling    err="stat /run/pcscd/pcscd.comm: no such file or directory"
WARN [03-26|19:14:21.029] Option --miner.etherbase is deprecated as the etherbase is set by the consensus client post-merge
WARN [03-26|19:14:21.030] Snap sync requested, resetting --cache.snapshot
INFO [03-26|19:14:21.031] Global gas cap disabled
INFO [03-26|19:14:21.670] Using developer account                  address=0xf39Fd6e51aad88F6F4ce6aB8827279cffFb92266
INFO [03-26|19:14:21.838] Using pebble as the backing database
INFO [03-26|19:14:21.838] Allocated cache and file handles         database=/home/CPerezz/bintrie-benchmarks/mpt-vs-bintrie/dbs/mpt/geth/chaindata cache=16.00MiB handles=524,288
INFO [03-26|19:14:23.022] Opened ancient database                  database=/home/CPerezz/bintrie-benchmarks/mpt-vs-bintrie/dbs/mpt/geth/chaindata/ancient/chain readonly=true
INFO [03-26|19:14:23.022] Opened Era store                         datadir=/home/CPerezz/bintrie-benchmarks/mpt-vs-bintrie/dbs/mpt/geth/chaindata/ancient/chain/era
INFO [03-26|19:14:23.032] Initializing the KZG library             backend=gokzg
INFO [03-26|19:14:23.035] Allocated trie memory caches             clean=0.00B dirty=0.00B
INFO [03-26|19:14:23.113] Using pebble as the backing database
INFO [03-26|19:14:23.113] Allocated cache and file handles         database=/home/CPerezz/bintrie-benchmarks/mpt-vs-bintrie/dbs/mpt/geth/chaindata cache=16.00MiB handles=524,288
INFO [03-26|19:14:24.429] Opened ancient database                  database=/home/CPerezz/bintrie-benchmarks/mpt-vs-bintrie/dbs/mpt/geth/chaindata/ancient/chain readonly=false
INFO [03-26|19:14:24.429] Opened Era store                         datadir=/home/CPerezz/bintrie-benchmarks/mpt-vs-bintrie/dbs/mpt/geth/chaindata/ancient/chain/era
INFO [03-26|19:14:24.430] State scheme set to already existing     scheme=path
INFO [03-26|19:14:24.431] Initialising Ethereum protocol           network=1337 dbversion=9
INFO [03-26|19:14:24.431] Load database journal from file          path=/home/CPerezz/bintrie-benchmarks/mpt-vs-bintrie/dbs/mpt/geth/triedb/merkle.journal
INFO [03-26|19:14:24.445] Opened ancient database                  database=/home/CPerezz/bintrie-benchmarks/mpt-vs-bintrie/dbs/mpt/geth/chaindata/ancient/state readonly=false
INFO [03-26|19:14:24.446] Initialized path database                triecache=0.00B statecache=0.00B buffer=0.00B state-history="last 90000 blocks" journal-dir=/home/CPerezz/bintrie-benchmarks/mpt-vs-bintrie/dbs/mpt/geth/triedb
INFO [03-26|19:14:24.446] 
INFO [03-26|19:14:24.446] ---------------------------------------------------------------------------------------------------------------------------------------------------------
INFO [03-26|19:14:24.446] Chain ID:  1337 (unknown)
INFO [03-26|19:14:24.446] Consensus: unknown
INFO [03-26|19:14:24.446] 
INFO [03-26|19:14:24.446] Pre-Merge hard forks (block based):
INFO [03-26|19:14:24.446]  - Homestead:                   #0       
INFO [03-26|19:14:24.446]  - Tangerine Whistle (EIP 150): #0       
INFO [03-26|19:14:24.446]  - Spurious Dragon/1 (EIP 155): #0       
INFO [03-26|19:14:24.446]  - Spurious Dragon/2 (EIP 158): #0       
INFO [03-26|19:14:24.446]  - Byzantium:                   #0       
INFO [03-26|19:14:24.446]  - Constantinople:              #0       
INFO [03-26|19:14:24.446]  - Petersburg:                  #0       
INFO [03-26|19:14:24.446]  - Istanbul:                    #0       
INFO [03-26|19:14:24.446]  - Muir Glacier:                #0       
INFO [03-26|19:14:24.446]  - Berlin:                      #0       
INFO [03-26|19:14:24.446]  - London:                      #0       
INFO [03-26|19:14:24.446]  - Arrow Glacier:               #0       
INFO [03-26|19:14:24.446]  - Gray Glacier:                #0       
INFO [03-26|19:14:24.446] 
INFO [03-26|19:14:24.446] Merge configured:
INFO [03-26|19:14:24.446]  - Total terminal difficulty:  0
INFO [03-26|19:14:24.446]  - Merge netsplit block:       #0       
INFO [03-26|19:14:24.446] 
INFO [03-26|19:14:24.446] Post-Merge hard forks (timestamp based):
INFO [03-26|19:14:24.446]  - Shanghai:                    @0         
INFO [03-26|19:14:24.446]  - Cancun:                      @0          blob: (target: 3, max: 6, fraction: 3338477)
INFO [03-26|19:14:24.446]  - Prague:                      @0          blob: (target: 6, max: 9, fraction: 5225352)
INFO [03-26|19:14:24.446]  - Osaka:                       @4294967295 blob: (target: 9, max: 12, fraction: 5225352)
INFO [03-26|19:14:24.446] 
INFO [03-26|19:14:24.446] All fork specifications can be found at https://ethereum.github.io/execution-specs/src/ethereum/forks/
INFO [03-26|19:14:24.446] 
INFO [03-26|19:14:24.446] ---------------------------------------------------------------------------------------------------------------------------------------------------------
INFO [03-26|19:14:24.446] 
INFO [03-26|19:14:24.446] Loaded most recent local block           number=64468 hash=a4c806..0d55dd age=12s
INFO [03-26|19:14:24.446] Loaded most recent local finalized block number=64448 hash=c4e168..8b18d9 age=4m4s
INFO [03-26|19:14:24.446] Initialized transaction indexer          range="last 2350000 blocks"
INFO [03-26|19:14:24.447] Initialized log indexer                  firstblock=0 lastblock=64468 firstmap=0 lastmap=4 headindexed=true
INFO [03-26|19:14:24.448] Enabled full-sync                        head=64468 hash=a4c806..0d55dd
INFO [03-26|19:14:24.449] Unprotected transactions allowed
INFO [03-26|19:14:24.449] Gasprice oracle is ignoring threshold set threshold=2
INFO [03-26|19:14:24.449] Registered sync override service
WARN [03-26|19:14:24.449] You are running Geth in --dev mode. Please note the following:
WARN [03-26|19:14:24.449] 
WARN [03-26|19:14:24.449]   1. This mode is only intended for fast, iterative development without assumptions on
WARN [03-26|19:14:24.449]      security or persistence.
WARN [03-26|19:14:24.449]   2. The database is created in memory unless specified otherwise. Therefore, shutting down
WARN [03-26|19:14:24.449]      your computer or losing power will wipe your entire block data and chain state for
WARN [03-26|19:14:24.449]      your dev environment.
WARN [03-26|19:14:24.449]   3. A random, pre-allocated developer account will be available and unlocked as
WARN [03-26|19:14:24.449]      eth.coinbase, which can be used for testing. The random dev account is temporary,
WARN [03-26|19:14:24.449]      stored on a ramdisk, and will be lost if your machine is restarted.
WARN [03-26|19:14:24.449]   4. Mining is enabled by default. However, the client will only seal blocks if transactions
WARN [03-26|19:14:24.449]      are pending in the mempool. The miner's minimum accepted gas price is 1.
WARN [03-26|19:14:24.449]   5. Networking is disabled; there is no listen-address, the maximum number of peers is set
WARN [03-26|19:14:24.449]      to 0, and discovery is disabled.
WARN [03-26|19:14:24.449] 
INFO [03-26|19:14:24.449] Starting peer-to-peer node               instance=Geth/v1.17.2-unstable-5d0e18f7-20260325/linux-amd64/go1.24.1
WARN [03-26|19:14:24.449] P2P server will be useless, neither dialing nor listening
INFO [03-26|19:14:24.458] IPC endpoint opened                      url=/home/CPerezz/bintrie-benchmarks/mpt-vs-bintrie/dbs/mpt/geth.ipc
ERROR[03-26|19:14:24.458] Unavailable modules in HTTP API list     unavailable=[personal] available="[admin debug web3 eth txpool miner net dev testing]"
INFO [03-26|19:14:24.458] HTTP server started                      endpoint=[::]:8545 auth=false prefix= cors= vhosts=localhost
INFO [03-26|19:14:24.458] WebSocket enabled                        url=ws://[::]:8546
INFO [03-26|19:14:24.459] New local node record                    seq=1,774,465,406,084 id=9566f6e861acb2c3 ip=127.0.0.1 udp=0 tcp=0
INFO [03-26|19:14:24.459] Started P2P networking                   self=enode://7bcb27e0859fe4ed7072e298a58918cc0b55d08376b1207f77d84f6d0d34ded7448b64ab16dd00733b489383beff49c04f662afae4dd1dc102807640ff82a1cd@127.0.0.1:0
INFO [03-26|19:14:24.514] Loaded local transaction journal         transactions=528 dropped=0
INFO [03-26|19:14:25.979] Submitted contract creation              hash=0x3c64173223940c8152a6283e81bbb5cf61769eb0363bdc8a4b3657140e00e19d from=0xf39Fd6e51aad88F6F4ce6aB8827279cffFb92266 nonce=430 contract=0xF9c0bF1CFAAB883ADb95fed4cfD60133BffaB18a value=0
INFO [03-26|19:14:25.980] Submitted transaction                    hash=0xf8988ff2ac3b1752553025572ddb7761016b87144141f2fb21d6db36c3f22965 from=0xf39Fd6e51aad88F6F4ce6aB8827279cffFb92266 nonce=431 recipient=0x5850506BbEA163F4Fc8FE5288814da40ED6A0873 value=7,800,000,000
INFO [03-26|19:14:26.288] Started log indexer
INFO [03-26|19:14:26.294] Starting work on payload                 id=0x0377d60ad7a20ca9
INFO [03-26|19:14:26.301] Updated payload                          id=0x0377d60ad7a20ca9 number=64469 hash=1afd9e..9f298e txs=2 withdrawals=0 gas=106,226 fees=7.329594e-12 root=a1e359..304885 elapsed=7.141ms
INFO [03-26|19:14:26.301] Stopping work on payload                 id=0x0377d60ad7a20ca9 reason=delivery
WARN [03-26|19:14:26.303] {"level":"warn","msg":"Slow block","block":{"number":64469,"hash":"0x1afd9ef444839db55d3fe735bbcc76691763141a4625e59b9ab1f37cb19f298e","gas_used":106226,"tx_count":2},"timing":{"execution_ms":0.04079,"state_read_ms":0.0661,"state_hash_ms":0.267808,"commit_ms":0.368628,"total_ms":0.783827},"throughput":{"mgas_per_sec":135.52225172136198},"state_reads":{"accounts":11,"storage_slots":0,"code":0,"code_bytes":0},"state_writes":{"accounts":3,"accounts_deleted":0,"storage_slots":0,"storage_slots_deleted":0,"code":1,"code_bytes":149},"cache":{"account":{"hits":5,"misses":6,"hit_rate":45.45454545454545},"storage":{"hits":0,"misses":0,"hit_rate":0},"code":{"hits":0,"misses":0,"hit_rate":0,"hit_bytes":0,"miss_bytes":0}}}
INFO [03-26|19:14:26.303] Imported new potential chain segment     number=64469 hash=1afd9e..9f298e blocks=1 txs=2 mgas=0.106 elapsed=1.061ms mgasps=100.067 triediffs=1.20MiB triedirty=0.00B
INFO [03-26|19:14:26.303] Ready for fork activation                fork=Osaka date="07 Feb 06 07:28 CET" remaining=700116h13m49s timestamp=4,294,967,295
INFO [03-26|19:14:26.303] Chain head was updated                   number=64469 hash=1afd9e..9f298e root=a1e359..304885 elapsed="243.138µs"
INFO [03-26|19:14:26.993] Submitted transaction                    hash=0x9fff7abd1a077cdcfd45fac86391b56f59a4893fa75d8d91dcb5f2518666908e from=0x5850506BbEA163F4Fc8FE5288814da40ED6A0873 nonce=0   recipient=0xF9c0bF1CFAAB883ADb95fed4cfD60133BffaB18a value=0
INFO [03-26|19:14:36.305] Starting work on payload                 id=0x036e86973ed9d35a
WARN [03-26|19:14:38.755] Block building is interrupted            allowance=2s
INFO [03-26|19:14:38.755] Updated payload                          id=0x036e86973ed9d35a number=64470 hash=c45698..b6b8aa txs=1 withdrawals=0 gas=100,000,000 fees=7e-09        root=b22e69..78bf91 elapsed=2.450s
WARN [03-26|19:14:42.142] {"level":"warn","msg":"Slow block","block":{"number":64470,"hash":"0xc45698a5a28a5bde3ef6a6a823dfce88fefb6d84cc292d48c125f85cdbb6b8aa","gas_used":100000000,"tx_count":1},"timing":{"execution_ms":183.861049,"state_read_ms":3183.458504,"state_hash_ms":0.050258,"commit_ms":14.93118,"total_ms":3382.382603},"throughput":{"mgas_per_sec":29.5649581189618},"state_reads":{"accounts":8,"storage_slots":23418,"code":2,"code_bytes":1493},"state_writes":{"accounts":2,"accounts_deleted":0,"storage_slots":0,"storage_slots_deleted":0,"code":0,"code_bytes":0},"cache":{"account":{"hits":3,"misses":5,"hit_rate":37.5},"storage":{"hits":2199,"misses":21219,"hit_rate":9.390212656930567},"code":{"hits":2,"misses":0,"hit_rate":100,"hit_bytes":1493,"miss_bytes":0}}}
INFO [03-26|19:14:42.142] Imported new potential chain segment     number=64470 hash=c45698..b6b8aa blocks=1 txs=1 mgas=100.000 elapsed=3.385s      mgasps=29.540  triediffs=1.20MiB triedirty=0.00B
INFO [03-26|19:14:42.144] Chain head was updated                   number=64470 hash=c45698..b6b8aa root=b22e69..78bf91 elapsed="111.619µs"
WARN [03-26|19:14:42.493] Block building is interrupted            allowance=2s
INFO [03-26|19:14:42.493] Stopping work on payload                 id=0x036e86973ed9d35a reason=delivery
