INFO [03-26|18:57:50.851] Starting Geth on Ethereum mainnet...
INFO [03-26|18:57:50.852] Maximum peer count                       ETH=0 total=0
INFO [03-26|18:57:50.853] Smartcard socket not found, disabling    err="stat /run/pcscd/pcscd.comm: no such file or directory"
WARN [03-26|18:57:50.855] Option --miner.etherbase is deprecated as the etherbase is set by the consensus client post-merge
WARN [03-26|18:57:50.857] Snap sync requested, resetting --cache.snapshot
INFO [03-26|18:57:50.857] Global gas cap disabled
INFO [03-26|18:57:51.501] Using developer account                  address=0xf39Fd6e51aad88F6F4ce6aB8827279cffFb92266
INFO [03-26|18:57:51.744] Using pebble as the backing database
INFO [03-26|18:57:51.744] Allocated cache and file handles         database=/home/CPerezz/bintrie-benchmarks/mpt-vs-bintrie/dbs/mpt/geth/chaindata cache=16.00MiB handles=524,288
INFO [03-26|18:57:53.920] Opened ancient database                  database=/home/CPerezz/bintrie-benchmarks/mpt-vs-bintrie/dbs/mpt/geth/chaindata/ancient/chain readonly=true
INFO [03-26|18:57:53.920] Opened Era store                         datadir=/home/CPerezz/bintrie-benchmarks/mpt-vs-bintrie/dbs/mpt/geth/chaindata/ancient/chain/era
INFO [03-26|18:57:53.930] Initializing the KZG library             backend=gokzg
INFO [03-26|18:57:53.933] Allocated trie memory caches             clean=0.00B dirty=0.00B
INFO [03-26|18:57:54.047] Using pebble as the backing database
INFO [03-26|18:57:54.047] Allocated cache and file handles         database=/home/CPerezz/bintrie-benchmarks/mpt-vs-bintrie/dbs/mpt/geth/chaindata cache=16.00MiB handles=524,288
INFO [03-26|18:57:55.356] Opened ancient database                  database=/home/CPerezz/bintrie-benchmarks/mpt-vs-bintrie/dbs/mpt/geth/chaindata/ancient/chain readonly=false
INFO [03-26|18:57:55.356] Opened Era store                         datadir=/home/CPerezz/bintrie-benchmarks/mpt-vs-bintrie/dbs/mpt/geth/chaindata/ancient/chain/era
INFO [03-26|18:57:55.358] State scheme set to already existing     scheme=path
INFO [03-26|18:57:55.360] Initialising Ethereum protocol           network=1337 dbversion=9
INFO [03-26|18:57:55.360] Load database journal from file          path=/home/CPerezz/bintrie-benchmarks/mpt-vs-bintrie/dbs/mpt/geth/triedb/merkle.journal
INFO [03-26|18:57:55.375] Opened ancient database                  database=/home/CPerezz/bintrie-benchmarks/mpt-vs-bintrie/dbs/mpt/geth/chaindata/ancient/state readonly=false
INFO [03-26|18:57:55.376] Initialized path database                triecache=0.00B statecache=0.00B buffer=0.00B state-history="last 90000 blocks" journal-dir=/home/CPerezz/bintrie-benchmarks/mpt-vs-bintrie/dbs/mpt/geth/triedb
INFO [03-26|18:57:55.376] 
INFO [03-26|18:57:55.376] ---------------------------------------------------------------------------------------------------------------------------------------------------------
INFO [03-26|18:57:55.376] Chain ID:  1337 (unknown)
INFO [03-26|18:57:55.376] Consensus: unknown
INFO [03-26|18:57:55.376] 
INFO [03-26|18:57:55.376] Pre-Merge hard forks (block based):
INFO [03-26|18:57:55.376]  - Homestead:                   #0       
INFO [03-26|18:57:55.376]  - Tangerine Whistle (EIP 150): #0       
INFO [03-26|18:57:55.376]  - Spurious Dragon/1 (EIP 155): #0       
INFO [03-26|18:57:55.376]  - Spurious Dragon/2 (EIP 158): #0       
INFO [03-26|18:57:55.376]  - Byzantium:                   #0       
INFO [03-26|18:57:55.376]  - Constantinople:              #0       
INFO [03-26|18:57:55.376]  - Petersburg:                  #0       
INFO [03-26|18:57:55.376]  - Istanbul:                    #0       
INFO [03-26|18:57:55.376]  - Muir Glacier:                #0       
INFO [03-26|18:57:55.376]  - Berlin:                      #0       
INFO [03-26|18:57:55.376]  - London:                      #0       
INFO [03-26|18:57:55.376]  - Arrow Glacier:               #0       
INFO [03-26|18:57:55.376]  - Gray Glacier:                #0       
INFO [03-26|18:57:55.376] 
INFO [03-26|18:57:55.376] Merge configured:
INFO [03-26|18:57:55.376]  - Total terminal difficulty:  0
INFO [03-26|18:57:55.376]  - Merge netsplit block:       #0       
INFO [03-26|18:57:55.376] 
INFO [03-26|18:57:55.376] Post-Merge hard forks (timestamp based):
INFO [03-26|18:57:55.376]  - Shanghai:                    @0         
INFO [03-26|18:57:55.376]  - Cancun:                      @0          blob: (target: 3, max: 6, fraction: 3338477)
INFO [03-26|18:57:55.376]  - Prague:                      @0          blob: (target: 6, max: 9, fraction: 5225352)
INFO [03-26|18:57:55.376]  - Osaka:                       @4294967295 blob: (target: 9, max: 12, fraction: 5225352)
INFO [03-26|18:57:55.376] 
INFO [03-26|18:57:55.376] All fork specifications can be found at https://ethereum.github.io/execution-specs/src/ethereum/forks/
INFO [03-26|18:57:55.376] 
INFO [03-26|18:57:55.376] ---------------------------------------------------------------------------------------------------------------------------------------------------------
INFO [03-26|18:57:55.376] 
INFO [03-26|18:57:55.377] Loaded most recent local block           number=64383 hash=112780..67f79f age=16s
INFO [03-26|18:57:55.377] Loaded most recent local finalized block number=64352 hash=06c63a..cc0268 age=6m36s
INFO [03-26|18:57:55.378] Initialized transaction indexer          range="last 2350000 blocks"
INFO [03-26|18:57:55.378] Initialized log indexer                  firstblock=0 lastblock=64383 firstmap=0 lastmap=4 headindexed=true
INFO [03-26|18:57:55.392] Enabled full-sync                        head=64383 hash=112780..67f79f
INFO [03-26|18:57:55.393] Unprotected transactions allowed
INFO [03-26|18:57:55.393] Gasprice oracle is ignoring threshold set threshold=2
INFO [03-26|18:57:55.394] Registered sync override service
WARN [03-26|18:57:55.394] You are running Geth in --dev mode. Please note the following:
WARN [03-26|18:57:55.394] 
WARN [03-26|18:57:55.394]   1. This mode is only intended for fast, iterative development without assumptions on
WARN [03-26|18:57:55.394]      security or persistence.
WARN [03-26|18:57:55.394]   2. The database is created in memory unless specified otherwise. Therefore, shutting down
WARN [03-26|18:57:55.394]      your computer or losing power will wipe your entire block data and chain state for
WARN [03-26|18:57:55.394]      your dev environment.
WARN [03-26|18:57:55.394]   3. A random, pre-allocated developer account will be available and unlocked as
WARN [03-26|18:57:55.394]      eth.coinbase, which can be used for testing. The random dev account is temporary,
WARN [03-26|18:57:55.394]      stored on a ramdisk, and will be lost if your machine is restarted.
WARN [03-26|18:57:55.394]   4. Mining is enabled by default. However, the client will only seal blocks if transactions
WARN [03-26|18:57:55.394]      are pending in the mempool. The miner's minimum accepted gas price is 1.
WARN [03-26|18:57:55.394]   5. Networking is disabled; there is no listen-address, the maximum number of peers is set
WARN [03-26|18:57:55.394]      to 0, and discovery is disabled.
WARN [03-26|18:57:55.394] 
INFO [03-26|18:57:55.394] Starting peer-to-peer node               instance=Geth/v1.17.2-unstable-5d0e18f7-20260325/linux-amd64/go1.24.1
WARN [03-26|18:57:55.394] P2P server will be useless, neither dialing nor listening
INFO [03-26|18:57:55.403] IPC endpoint opened                      url=/home/CPerezz/bintrie-benchmarks/mpt-vs-bintrie/dbs/mpt/geth.ipc
ERROR[03-26|18:57:55.403] Unavailable modules in HTTP API list     unavailable=[personal] available="[admin debug web3 eth txpool miner net dev testing]"
INFO [03-26|18:57:55.404] HTTP server started                      endpoint=[::]:8545 auth=false prefix= cors= vhosts=localhost
INFO [03-26|18:57:55.404] WebSocket enabled                        url=ws://[::]:8546
INFO [03-26|18:57:55.404] New local node record                    seq=1,774,465,406,043 id=9566f6e861acb2c3 ip=127.0.0.1 udp=0 tcp=0
INFO [03-26|18:57:55.404] Started P2P networking                   self=enode://7bcb27e0859fe4ed7072e298a58918cc0b55d08376b1207f77d84f6d0d34ded7448b64ab16dd00733b489383beff49c04f662afae4dd1dc102807640ff82a1cd@127.0.0.1:0
INFO [03-26|18:57:55.423] Loaded local transaction journal         transactions=405 dropped=0
INFO [03-26|18:57:56.440] Started log indexer
INFO [03-26|18:57:56.449] Starting work on payload                 id=0x03ee4e1842563ae9
INFO [03-26|18:57:56.449] Updated payload                          id=0x03ee4e1842563ae9 number=64384 hash=c5b90a..13004f txs=0 withdrawals=0 gas=0 fees=0 root=1c333d..6d9250 elapsed="191.558µs"
INFO [03-26|18:57:56.449] Stopping work on payload                 id=0x03ee4e1842563ae9 reason=delivery
WARN [03-26|18:57:56.454] {"level":"warn","msg":"Slow block","block":{"number":64384,"hash":"0xc5b90a0921c841cd9a472d9519adf8c7ed47bc4c600a0c6c26e6a2f07413004f","gas_used":0,"tx_count":0},"timing":{"execution_ms":0.01468,"state_read_ms":0.12481,"state_hash_ms":0.00488,"commit_ms":0.057639,"total_ms":0.250289},"throughput":{"mgas_per_sec":0},"state_reads":{"accounts":4,"storage_slots":0,"code":0,"code_bytes":0},"state_writes":{"accounts":0,"accounts_deleted":0,"storage_slots":0,"storage_slots_deleted":0,"code":0,"code_bytes":0},"cache":{"account":{"hits":0,"misses":4,"hit_rate":0},"storage":{"hits":0,"misses":0,"hit_rate":0},"code":{"hits":0,"misses":0,"hit_rate":0,"hit_bytes":0,"miss_bytes":0}}}
INFO [03-26|18:57:56.454] Imported new potential chain segment     number=64384 hash=c5b90a..13004f blocks=1 txs=0 mgas=0.000 elapsed=4.035ms     mgasps=0.000 triediffs=1.20MiB triedirty=0.00B
INFO [03-26|18:57:56.454] Ready for fork activation                fork=Osaka date="07 Feb 06 07:28 CET" remaining=700116h30m19s timestamp=4,294,967,295
INFO [03-26|18:57:56.454] Chain head was updated                   number=64384 hash=c5b90a..13004f root=1c333d..6d9250 elapsed="21.09µs"
INFO [03-26|18:57:57.141] Submitted contract creation              hash=0x7830bd42fe5477ba22478048552ce85bdc64a0b4dc80d23e55a563d57422b7b4 from=0xf39Fd6e51aad88F6F4ce6aB8827279cffFb92266 nonce=348 contract=0x90c84237fDdf091b1E63f369AF122EB46000bc70 value=0
INFO [03-26|18:57:57.143] Submitted transaction                    hash=0x095c987e15735b59b32eb746d700f293b1f8a431ca6e427fee9967f0da51e740 from=0xf39Fd6e51aad88F6F4ce6aB8827279cffFb92266 nonce=349 recipient=0x11d9B44BBc0F86E8852638CbbC7cfE42279d86F4 value=1,600,000,000
INFO [03-26|18:58:06.458] Starting work on payload                 id=0x033c8f7726124b66
INFO [03-26|18:58:06.466] Updated payload                          id=0x033c8f7726124b66 number=64385 hash=c23cd6..c633eb txs=2 withdrawals=0 gas=106,226 fees=8.49808e-13 root=33aa9a..a41bd5 elapsed=8.357ms
INFO [03-26|18:58:06.466] Stopping work on payload                 id=0x033c8f7726124b66 reason=delivery
WARN [03-26|18:58:06.470] {"level":"warn","msg":"Slow block","block":{"number":64385,"hash":"0xc23cd61a37fee1b79b81460058d77c25b7634c7c22f11528ba286b4356c633eb","gas_used":106226,"tx_count":2},"timing":{"execution_ms":0.06052,"state_read_ms":0.158479,"state_hash_ms":1.250801,"commit_ms":1.805428,"total_ms":3.31635},"throughput":{"mgas_per_sec":32.030997934476154},"state_reads":{"accounts":11,"storage_slots":0,"code":0,"code_bytes":0},"state_writes":{"accounts":3,"accounts_deleted":0,"storage_slots":0,"storage_slots_deleted":0,"code":1,"code_bytes":149},"cache":{"account":{"hits":4,"misses":7,"hit_rate":36.36363636363637},"storage":{"hits":0,"misses":0,"hit_rate":0},"code":{"hits":0,"misses":0,"hit_rate":0,"hit_bytes":0,"miss_bytes":0}}}
INFO [03-26|18:58:06.470] Imported new potential chain segment     number=64385 hash=c23cd6..c633eb blocks=1 txs=2 mgas=0.106 elapsed=3.493ms     mgasps=30.405 triediffs=1.20MiB triedirty=0.00B
INFO [03-26|18:58:06.471] Chain head was updated                   number=64385 hash=c23cd6..c633eb root=33aa9a..a41bd5 elapsed="290.088µs"
INFO [03-26|18:58:07.228] Submitted transaction                    hash=0xf225e154f21f17b613f8c8b65f6dc00827c4796f412365208591ef61d7498385 from=0x11d9B44BBc0F86E8852638CbbC7cfE42279d86F4 nonce=0   recipient=0x90c84237fDdf091b1E63f369AF122EB46000bc70 value=0
INFO [03-26|18:58:16.473] Starting work on payload                 id=0x03f8fc6762c883d7
WARN [03-26|18:58:21.234] Block building is interrupted            allowance=2s
INFO [03-26|18:58:21.234] Updated payload                          id=0x03f8fc6762c883d7 number=64386 hash=fa4858..bcaee3 txs=1 withdrawals=0 gas=100,000,000 fees=8e-10       root=293adf..430b5d elapsed=4.761s
WARN [03-26|18:58:24.589] Block building is interrupted            allowance=2s
INFO [03-26|18:58:24.589] Stopping work on payload                 id=0x03f8fc6762c883d7 reason=delivery
WARN [03-26|18:58:24.629] {"level":"warn","msg":"Slow block","block":{"number":64386,"hash":"0xfa4858fc99d2a4d9264b3f93c8e882afb166538a3fbbb803a1e3486671bcaee3","gas_used":100000000,"tx_count":1},"timing":{"execution_ms":192.511827,"state_read_ms":3160.340901,"state_hash_ms":0.12049,"commit_ms":39.892683,"total_ms":3392.922971},"throughput":{"mgas_per_sec":29.473112373820527},"state_reads":{"accounts":8,"storage_slots":23418,"code":2,"code_bytes":1493},"state_writes":{"accounts":2,"accounts_deleted":0,"storage_slots":0,"storage_slots_deleted":0,"code":0,"code_bytes":0},"cache":{"account":{"hits":3,"misses":5,"hit_rate":37.5},"storage":{"hits":1620,"misses":21798,"hit_rate":6.917755572636433},"code":{"hits":2,"misses":0,"hit_rate":100,"hit_bytes":1493,"miss_bytes":0}}}
INFO [03-26|18:58:24.629] Imported new potential chain segment     number=64386 hash=fa4858..bcaee3 blocks=1 txs=1 mgas=100.000 elapsed=3.394s      mgasps=29.464 triediffs=1.20MiB triedirty=0.00B
INFO [03-26|18:58:24.633] Chain head was updated                   number=64386 hash=fa4858..bcaee3 root=293adf..430b5d elapsed="78.749µs"
