INFO [03-26|19:20:57.784] Starting Geth on Ethereum mainnet...
INFO [03-26|19:20:57.786] Maximum peer count                       ETH=0 total=0
INFO [03-26|19:20:57.787] Smartcard socket not found, disabling    err="stat /run/pcscd/pcscd.comm: no such file or directory"
WARN [03-26|19:20:57.788] Option --miner.etherbase is deprecated as the etherbase is set by the consensus client post-merge
WARN [03-26|19:20:57.789] Snap sync requested, resetting --cache.snapshot
INFO [03-26|19:20:57.789] Global gas cap disabled
INFO [03-26|19:20:58.500] Using developer account                  address=0xf39Fd6e51aad88F6F4ce6aB8827279cffFb92266
INFO [03-26|19:20:58.667] Using pebble as the backing database
INFO [03-26|19:20:58.667] Allocated cache and file handles         database=/home/CPerezz/bintrie-benchmarks/mpt-vs-bintrie/dbs/mpt/geth/chaindata cache=16.00MiB handles=524,288
INFO [03-26|19:20:59.770] Opened ancient database                  database=/home/CPerezz/bintrie-benchmarks/mpt-vs-bintrie/dbs/mpt/geth/chaindata/ancient/chain readonly=true
INFO [03-26|19:20:59.770] Opened Era store                         datadir=/home/CPerezz/bintrie-benchmarks/mpt-vs-bintrie/dbs/mpt/geth/chaindata/ancient/chain/era
INFO [03-26|19:20:59.776] Initializing the KZG library             backend=gokzg
INFO [03-26|19:20:59.776] Allocated trie memory caches             clean=0.00B dirty=0.00B
INFO [03-26|19:20:59.861] Using pebble as the backing database
INFO [03-26|19:20:59.861] Allocated cache and file handles         database=/home/CPerezz/bintrie-benchmarks/mpt-vs-bintrie/dbs/mpt/geth/chaindata cache=16.00MiB handles=524,288
INFO [03-26|19:21:01.225] Opened ancient database                  database=/home/CPerezz/bintrie-benchmarks/mpt-vs-bintrie/dbs/mpt/geth/chaindata/ancient/chain readonly=false
INFO [03-26|19:21:01.225] Opened Era store                         datadir=/home/CPerezz/bintrie-benchmarks/mpt-vs-bintrie/dbs/mpt/geth/chaindata/ancient/chain/era
INFO [03-26|19:21:01.226] State scheme set to already existing     scheme=path
INFO [03-26|19:21:01.227] Initialising Ethereum protocol           network=1337 dbversion=9
INFO [03-26|19:21:01.228] Load database journal from file          path=/home/CPerezz/bintrie-benchmarks/mpt-vs-bintrie/dbs/mpt/geth/triedb/merkle.journal
INFO [03-26|19:21:01.266] Opened ancient database                  database=/home/CPerezz/bintrie-benchmarks/mpt-vs-bintrie/dbs/mpt/geth/chaindata/ancient/state readonly=false
INFO [03-26|19:21:01.268] Initialized path database                triecache=0.00B statecache=0.00B buffer=0.00B state-history="last 90000 blocks" journal-dir=/home/CPerezz/bintrie-benchmarks/mpt-vs-bintrie/dbs/mpt/geth/triedb
INFO [03-26|19:21:01.268] 
INFO [03-26|19:21:01.268] ---------------------------------------------------------------------------------------------------------------------------------------------------------
INFO [03-26|19:21:01.268] Chain ID:  1337 (unknown)
INFO [03-26|19:21:01.268] Consensus: unknown
INFO [03-26|19:21:01.268] 
INFO [03-26|19:21:01.268] Pre-Merge hard forks (block based):
INFO [03-26|19:21:01.268]  - Homestead:                   #0       
INFO [03-26|19:21:01.268]  - Tangerine Whistle (EIP 150): #0       
INFO [03-26|19:21:01.268]  - Spurious Dragon/1 (EIP 155): #0       
INFO [03-26|19:21:01.268]  - Spurious Dragon/2 (EIP 158): #0       
INFO [03-26|19:21:01.268]  - Byzantium:                   #0       
INFO [03-26|19:21:01.268]  - Constantinople:              #0       
INFO [03-26|19:21:01.268]  - Petersburg:                  #0       
INFO [03-26|19:21:01.268]  - Istanbul:                    #0       
INFO [03-26|19:21:01.268]  - Muir Glacier:                #0       
INFO [03-26|19:21:01.268]  - Berlin:                      #0       
INFO [03-26|19:21:01.268]  - London:                      #0       
INFO [03-26|19:21:01.268]  - Arrow Glacier:               #0       
INFO [03-26|19:21:01.268]  - Gray Glacier:                #0       
INFO [03-26|19:21:01.268] 
INFO [03-26|19:21:01.268] Merge configured:
INFO [03-26|19:21:01.268]  - Total terminal difficulty:  0
INFO [03-26|19:21:01.268]  - Merge netsplit block:       #0       
INFO [03-26|19:21:01.268] 
INFO [03-26|19:21:01.268] Post-Merge hard forks (timestamp based):
INFO [03-26|19:21:01.268]  - Shanghai:                    @0         
INFO [03-26|19:21:01.268]  - Cancun:                      @0          blob: (target: 3, max: 6, fraction: 3338477)
INFO [03-26|19:21:01.268]  - Prague:                      @0          blob: (target: 6, max: 9, fraction: 5225352)
INFO [03-26|19:21:01.268]  - Osaka:                       @4294967295 blob: (target: 9, max: 12, fraction: 5225352)
INFO [03-26|19:21:01.268] 
INFO [03-26|19:21:01.268] All fork specifications can be found at https://ethereum.github.io/execution-specs/src/ethereum/forks/
INFO [03-26|19:21:01.268] 
INFO [03-26|19:21:01.268] ---------------------------------------------------------------------------------------------------------------------------------------------------------
INFO [03-26|19:21:01.268] 
INFO [03-26|19:21:01.269] Loaded most recent local block           number=64502 hash=faed62..46bbf9 age=11s
INFO [03-26|19:21:01.269] Loaded most recent local finalized block number=64480 hash=41eac9..aedd69 age=4m30s
INFO [03-26|19:21:01.269] Initialized transaction indexer          range="last 2350000 blocks"
INFO [03-26|19:21:01.269] Initialized log indexer                  firstblock=0 lastblock=64502 firstmap=0 lastmap=4 headindexed=true
INFO [03-26|19:21:01.273] Enabled full-sync                        head=64502 hash=faed62..46bbf9
INFO [03-26|19:21:01.273] Unprotected transactions allowed
INFO [03-26|19:21:01.273] Gasprice oracle is ignoring threshold set threshold=2
INFO [03-26|19:21:01.273] Registered sync override service
WARN [03-26|19:21:01.273] You are running Geth in --dev mode. Please note the following:
WARN [03-26|19:21:01.273] 
WARN [03-26|19:21:01.273]   1. This mode is only intended for fast, iterative development without assumptions on
WARN [03-26|19:21:01.273]      security or persistence.
WARN [03-26|19:21:01.273]   2. The database is created in memory unless specified otherwise. Therefore, shutting down
WARN [03-26|19:21:01.273]      your computer or losing power will wipe your entire block data and chain state for
WARN [03-26|19:21:01.273]      your dev environment.
WARN [03-26|19:21:01.273]   3. A random, pre-allocated developer account will be available and unlocked as
WARN [03-26|19:21:01.273]      eth.coinbase, which can be used for testing. The random dev account is temporary,
WARN [03-26|19:21:01.273]      stored on a ramdisk, and will be lost if your machine is restarted.
WARN [03-26|19:21:01.273]   4. Mining is enabled by default. However, the client will only seal blocks if transactions
WARN [03-26|19:21:01.273]      are pending in the mempool. The miner's minimum accepted gas price is 1.
WARN [03-26|19:21:01.273]   5. Networking is disabled; there is no listen-address, the maximum number of peers is set
WARN [03-26|19:21:01.273]      to 0, and discovery is disabled.
WARN [03-26|19:21:01.273] 
INFO [03-26|19:21:01.273] Starting peer-to-peer node               instance=Geth/v1.17.2-unstable-5d0e18f7-20260325/linux-amd64/go1.24.1
WARN [03-26|19:21:01.273] P2P server will be useless, neither dialing nor listening
INFO [03-26|19:21:01.285] New local node record                    seq=1,774,465,406,101 id=9566f6e861acb2c3 ip=127.0.0.1 udp=0 tcp=0
INFO [03-26|19:21:01.285] Started P2P networking                   self=enode://7bcb27e0859fe4ed7072e298a58918cc0b55d08376b1207f77d84f6d0d34ded7448b64ab16dd00733b489383beff49c04f662afae4dd1dc102807640ff82a1cd@127.0.0.1:0
INFO [03-26|19:21:01.286] IPC endpoint opened                      url=/home/CPerezz/bintrie-benchmarks/mpt-vs-bintrie/dbs/mpt/geth.ipc
ERROR[03-26|19:21:01.286] Unavailable modules in HTTP API list     unavailable=[personal] available="[admin debug web3 eth txpool miner net dev testing]"
INFO [03-26|19:21:01.288] HTTP server started                      endpoint=[::]:8545 auth=false prefix= cors= vhosts=localhost
INFO [03-26|19:21:01.288] WebSocket enabled                        url=ws://[::]:8546
INFO [03-26|19:21:01.351] Loaded local transaction journal         transactions=579 dropped=0
INFO [03-26|19:21:02.759] Submitted contract creation              hash=0xf96789f2d7df4102182167dd48ba9ba38576ac33b4d14cbefd4f9145fb33fe60 from=0xf39Fd6e51aad88F6F4ce6aB8827279cffFb92266 nonce=464 contract=0x0bF7dE8d71820840063D4B8653Fd3F0618986faF value=0
INFO [03-26|19:21:02.761] Submitted transaction                    hash=0x75857187734c1ff94c2aeaeedcc89ab64d6e0a35b12fdb41f053eff00f481399 from=0xf39Fd6e51aad88F6F4ce6aB8827279cffFb92266 nonce=465 recipient=0x72a26A5169df681fea3D2f8f3f4Ad0517a094Dc2 value=22,200,000,000
INFO [03-26|19:21:03.168] Started log indexer
INFO [03-26|19:21:03.174] Starting work on payload                 id=0x03b6af8371daa91b
INFO [03-26|19:21:03.183] Updated payload                          id=0x03b6af8371daa91b number=64503 hash=a87196..04ab80 txs=2 withdrawals=0 gas=106,226 fees=2.2626138e-11 root=bf5fc5..888df6 elapsed=9.623ms
INFO [03-26|19:21:03.183] Stopping work on payload                 id=0x03b6af8371daa91b reason=delivery
WARN [03-26|19:21:03.187] {"level":"warn","msg":"Slow block","block":{"number":64503,"hash":"0xa87196a2b3ce07014fc4a93e4ccd5ba4dbb0ca7e72f6961f6497311bbf04ab80","gas_used":106226,"tx_count":2},"timing":{"execution_ms":0.058469,"state_read_ms":0.202419,"state_hash_ms":1.111663,"commit_ms":0.694686,"total_ms":2.120688},"throughput":{"mgas_per_sec":50.09034803799522},"state_reads":{"accounts":11,"storage_slots":0,"code":0,"code_bytes":0},"state_writes":{"accounts":3,"accounts_deleted":0,"storage_slots":0,"storage_slots_deleted":0,"code":1,"code_bytes":149},"cache":{"account":{"hits":5,"misses":6,"hit_rate":45.45454545454545},"storage":{"hits":0,"misses":0,"hit_rate":0},"code":{"hits":0,"misses":0,"hit_rate":0,"hit_bytes":0,"miss_bytes":0}}}
INFO [03-26|19:21:03.187] Imported new potential chain segment     number=64503 hash=a87196..04ab80 blocks=1 txs=2 mgas=0.106 elapsed=2.402ms mgasps=44.212 triediffs=1.20MiB triedirty=0.00B
INFO [03-26|19:21:03.187] Ready for fork activation                fork=Osaka date="07 Feb 06 07:28 CET" remaining=700116h7m12s timestamp=4,294,967,295
INFO [03-26|19:21:03.187] Chain head was updated                   number=64503 hash=a87196..04ab80 root=bf5fc5..888df6 elapsed="247.759µs"
INFO [03-26|19:21:03.778] Submitted transaction                    hash=0xd7f21f3150e130125c686df897380e060eccf442ee1dbf184bb6c8a74c31459c from=0x72a26A5169df681fea3D2f8f3f4Ad0517a094Dc2 nonce=0   recipient=0x0bF7dE8d71820840063D4B8653Fd3F0618986faF value=0
INFO [03-26|19:21:13.189] Starting work on payload                 id=0x0304d62a4c6ea4d5
WARN [03-26|19:21:15.634] Block building is interrupted            allowance=2s
INFO [03-26|19:21:15.634] Updated payload                          id=0x0304d62a4c6ea4d5 number=64504 hash=ac6db5..003bd2 txs=1 withdrawals=0 gas=100,000,000 fees=2.14e-08      root=4ce8bb..857c09 elapsed=2.445s
WARN [03-26|19:21:19.110] {"level":"warn","msg":"Slow block","block":{"number":64504,"hash":"0xac6db51c469be044af1886225869579952011d97a608301487f9af6680003bd2","gas_used":100000000,"tx_count":1},"timing":{"execution_ms":198.489464,"state_read_ms":3234.365782,"state_hash_ms":0.06966,"commit_ms":38.284601,"total_ms":3471.312416},"throughput":{"mgas_per_sec":28.807548274560144},"state_reads":{"accounts":8,"storage_slots":23418,"code":2,"code_bytes":1493},"state_writes":{"accounts":2,"accounts_deleted":0,"storage_slots":0,"storage_slots_deleted":0,"code":0,"code_bytes":0},"cache":{"account":{"hits":4,"misses":4,"hit_rate":50},"storage":{"hits":2485,"misses":20933,"hit_rate":10.611495430865146},"code":{"hits":2,"misses":0,"hit_rate":100,"hit_bytes":1493,"miss_bytes":0}}}
INFO [03-26|19:21:19.110] Imported new potential chain segment     number=64504 hash=ac6db5..003bd2 blocks=1 txs=1 mgas=100.000 elapsed=3.474s      mgasps=28.782 triediffs=1.20MiB triedirty=0.00B
INFO [03-26|19:21:19.114] Chain head was updated                   number=64504 hash=ac6db5..003bd2 root=4ce8bb..857c09 elapsed="80.789µs"
WARN [03-26|19:21:19.473] Block building is interrupted            allowance=2s
INFO [03-26|19:21:19.474] Stopping work on payload                 id=0x0304d62a4c6ea4d5 reason=delivery
