INFO [03-26|18:58:27.900] Starting Geth on Ethereum mainnet...
INFO [03-26|18:58:27.902] Maximum peer count                       ETH=0 total=0
INFO [03-26|18:58:27.902] Smartcard socket not found, disabling    err="stat /run/pcscd/pcscd.comm: no such file or directory"
WARN [03-26|18:58:27.904] Option --miner.etherbase is deprecated as the etherbase is set by the consensus client post-merge
WARN [03-26|18:58:27.905] Snap sync requested, resetting --cache.snapshot
INFO [03-26|18:58:27.905] Global gas cap disabled
INFO [03-26|18:58:28.630] Using developer account                  address=0xf39Fd6e51aad88F6F4ce6aB8827279cffFb92266
INFO [03-26|18:58:28.873] Using pebble as the backing database
INFO [03-26|18:58:28.873] Allocated cache and file handles         database=/home/CPerezz/bintrie-benchmarks/mpt-vs-bintrie/dbs/mpt/geth/chaindata cache=16.00MiB handles=524,288
INFO [03-26|18:58:31.074] Opened ancient database                  database=/home/CPerezz/bintrie-benchmarks/mpt-vs-bintrie/dbs/mpt/geth/chaindata/ancient/chain readonly=true
INFO [03-26|18:58:31.074] Opened Era store                         datadir=/home/CPerezz/bintrie-benchmarks/mpt-vs-bintrie/dbs/mpt/geth/chaindata/ancient/chain/era
INFO [03-26|18:58:31.083] Initializing the KZG library             backend=gokzg
INFO [03-26|18:58:31.085] Allocated trie memory caches             clean=0.00B dirty=0.00B
INFO [03-26|18:58:31.188] Using pebble as the backing database
INFO [03-26|18:58:31.188] Allocated cache and file handles         database=/home/CPerezz/bintrie-benchmarks/mpt-vs-bintrie/dbs/mpt/geth/chaindata cache=16.00MiB handles=524,288
INFO [03-26|18:58:32.470] Opened ancient database                  database=/home/CPerezz/bintrie-benchmarks/mpt-vs-bintrie/dbs/mpt/geth/chaindata/ancient/chain readonly=false
INFO [03-26|18:58:32.470] Opened Era store                         datadir=/home/CPerezz/bintrie-benchmarks/mpt-vs-bintrie/dbs/mpt/geth/chaindata/ancient/chain/era
INFO [03-26|18:58:32.471] State scheme set to already existing     scheme=path
INFO [03-26|18:58:32.473] Initialising Ethereum protocol           network=1337 dbversion=9
INFO [03-26|18:58:32.474] Load database journal from file          path=/home/CPerezz/bintrie-benchmarks/mpt-vs-bintrie/dbs/mpt/geth/triedb/merkle.journal
INFO [03-26|18:58:32.488] Opened ancient database                  database=/home/CPerezz/bintrie-benchmarks/mpt-vs-bintrie/dbs/mpt/geth/chaindata/ancient/state readonly=false
INFO [03-26|18:58:32.489] Initialized path database                triecache=0.00B statecache=0.00B buffer=0.00B state-history="last 90000 blocks" journal-dir=/home/CPerezz/bintrie-benchmarks/mpt-vs-bintrie/dbs/mpt/geth/triedb
INFO [03-26|18:58:32.489] 
INFO [03-26|18:58:32.489] ---------------------------------------------------------------------------------------------------------------------------------------------------------
INFO [03-26|18:58:32.490] Chain ID:  1337 (unknown)
INFO [03-26|18:58:32.490] Consensus: unknown
INFO [03-26|18:58:32.490] 
INFO [03-26|18:58:32.490] Pre-Merge hard forks (block based):
INFO [03-26|18:58:32.490]  - Homestead:                   #0       
INFO [03-26|18:58:32.490]  - Tangerine Whistle (EIP 150): #0       
INFO [03-26|18:58:32.490]  - Spurious Dragon/1 (EIP 155): #0       
INFO [03-26|18:58:32.490]  - Spurious Dragon/2 (EIP 158): #0       
INFO [03-26|18:58:32.490]  - Byzantium:                   #0       
INFO [03-26|18:58:32.490]  - Constantinople:              #0       
INFO [03-26|18:58:32.490]  - Petersburg:                  #0       
INFO [03-26|18:58:32.490]  - Istanbul:                    #0       
INFO [03-26|18:58:32.490]  - Muir Glacier:                #0       
INFO [03-26|18:58:32.490]  - Berlin:                      #0       
INFO [03-26|18:58:32.490]  - London:                      #0       
INFO [03-26|18:58:32.490]  - Arrow Glacier:               #0       
INFO [03-26|18:58:32.490]  - Gray Glacier:                #0       
INFO [03-26|18:58:32.490] 
INFO [03-26|18:58:32.490] Merge configured:
INFO [03-26|18:58:32.490]  - Total terminal difficulty:  0
INFO [03-26|18:58:32.490]  - Merge netsplit block:       #0       
INFO [03-26|18:58:32.490] 
INFO [03-26|18:58:32.490] Post-Merge hard forks (timestamp based):
INFO [03-26|18:58:32.490]  - Shanghai:                    @0         
INFO [03-26|18:58:32.490]  - Cancun:                      @0          blob: (target: 3, max: 6, fraction: 3338477)
INFO [03-26|18:58:32.490]  - Prague:                      @0          blob: (target: 6, max: 9, fraction: 5225352)
INFO [03-26|18:58:32.490]  - Osaka:                       @4294967295 blob: (target: 9, max: 12, fraction: 5225352)
INFO [03-26|18:58:32.490] 
INFO [03-26|18:58:32.490] All fork specifications can be found at https://ethereum.github.io/execution-specs/src/ethereum/forks/
INFO [03-26|18:58:32.490] 
INFO [03-26|18:58:32.490] ---------------------------------------------------------------------------------------------------------------------------------------------------------
INFO [03-26|18:58:32.490] 
INFO [03-26|18:58:32.490] Loaded most recent local block           number=64386 hash=fa4858..bcaee3 age=16s
INFO [03-26|18:58:32.490] Loaded most recent local finalized block number=64384 hash=c5b90a..13004f age=36s
INFO [03-26|18:58:32.490] Initialized transaction indexer          range="last 2350000 blocks"
INFO [03-26|18:58:32.490] Initialized log indexer                  firstblock=0 lastblock=64386 firstmap=0 lastmap=4 headindexed=true
INFO [03-26|18:58:32.502] Enabled full-sync                        head=64386 hash=fa4858..bcaee3
INFO [03-26|18:58:32.503] Unprotected transactions allowed
INFO [03-26|18:58:32.503] Gasprice oracle is ignoring threshold set threshold=2
INFO [03-26|18:58:32.504] Registered sync override service
WARN [03-26|18:58:32.504] You are running Geth in --dev mode. Please note the following:
WARN [03-26|18:58:32.504] 
WARN [03-26|18:58:32.504]   1. This mode is only intended for fast, iterative development without assumptions on
WARN [03-26|18:58:32.504]      security or persistence.
WARN [03-26|18:58:32.504]   2. The database is created in memory unless specified otherwise. Therefore, shutting down
WARN [03-26|18:58:32.504]      your computer or losing power will wipe your entire block data and chain state for
WARN [03-26|18:58:32.504]      your dev environment.
WARN [03-26|18:58:32.504]   3. A random, pre-allocated developer account will be available and unlocked as
WARN [03-26|18:58:32.504]      eth.coinbase, which can be used for testing. The random dev account is temporary,
WARN [03-26|18:58:32.504]      stored on a ramdisk, and will be lost if your machine is restarted.
WARN [03-26|18:58:32.504]   4. Mining is enabled by default. However, the client will only seal blocks if transactions
WARN [03-26|18:58:32.504]      are pending in the mempool. The miner's minimum accepted gas price is 1.
WARN [03-26|18:58:32.504]   5. Networking is disabled; there is no listen-address, the maximum number of peers is set
WARN [03-26|18:58:32.504]      to 0, and discovery is disabled.
WARN [03-26|18:58:32.504] 
INFO [03-26|18:58:32.504] Starting peer-to-peer node               instance=Geth/v1.17.2-unstable-5d0e18f7-20260325/linux-amd64/go1.24.1
WARN [03-26|18:58:32.504] P2P server will be useless, neither dialing nor listening
INFO [03-26|18:58:32.516] New local node record                    seq=1,774,465,406,044 id=9566f6e861acb2c3 ip=127.0.0.1 udp=0 tcp=0
INFO [03-26|18:58:32.516] Started P2P networking                   self=enode://7bcb27e0859fe4ed7072e298a58918cc0b55d08376b1207f77d84f6d0d34ded7448b64ab16dd00733b489383beff49c04f662afae4dd1dc102807640ff82a1cd@127.0.0.1:0
INFO [03-26|18:58:32.516] IPC endpoint opened                      url=/home/CPerezz/bintrie-benchmarks/mpt-vs-bintrie/dbs/mpt/geth.ipc
ERROR[03-26|18:58:32.516] Unavailable modules in HTTP API list     unavailable=[personal] available="[admin debug web3 eth txpool miner net dev testing]"
INFO [03-26|18:58:32.516] HTTP server started                      endpoint=[::]:8545 auth=false prefix= cors= vhosts=localhost
INFO [03-26|18:58:32.516] WebSocket enabled                        url=ws://[::]:8546
INFO [03-26|18:58:32.549] Loaded local transaction journal         transactions=408 dropped=0
INFO [03-26|18:58:33.612] Started log indexer
INFO [03-26|18:58:33.621] Starting work on payload                 id=0x03143a675b47e9c5
INFO [03-26|18:58:33.621] Updated payload                          id=0x03143a675b47e9c5 number=64387 hash=0f6eac..7c227b txs=0 withdrawals=0 gas=0 fees=0 root=293adf..430b5d elapsed="185.758µs"
INFO [03-26|18:58:33.622] Stopping work on payload                 id=0x03143a675b47e9c5 reason=delivery
WARN [03-26|18:58:33.626] {"level":"warn","msg":"Slow block","block":{"number":64387,"hash":"0x0f6eac56271a013bc95ef8330c93528346202f15bcb4264640f807c16f7c227b","gas_used":0,"tx_count":0},"timing":{"execution_ms":0.024609,"state_read_ms":0.501077,"state_hash_ms":0.00734,"commit_ms":0.101889,"total_ms":0.714666},"throughput":{"mgas_per_sec":0},"state_reads":{"accounts":4,"storage_slots":0,"code":0,"code_bytes":0},"state_writes":{"accounts":0,"accounts_deleted":0,"storage_slots":0,"storage_slots_deleted":0,"code":0,"code_bytes":0},"cache":{"account":{"hits":0,"misses":4,"hit_rate":0},"storage":{"hits":0,"misses":0,"hit_rate":0},"code":{"hits":0,"misses":0,"hit_rate":0,"hit_bytes":0,"miss_bytes":0}}}
INFO [03-26|18:58:33.626] Imported new potential chain segment     number=64387 hash=0f6eac..7c227b blocks=1 txs=0 mgas=0.000 elapsed=4.083ms     mgasps=0.000 triediffs=1.20MiB triedirty=0.00B
INFO [03-26|18:58:33.626] Ready for fork activation                fork=Osaka date="07 Feb 06 07:28 CET" remaining=700116h29m41s timestamp=4,294,967,295
INFO [03-26|18:58:33.627] Chain head was updated                   number=64387 hash=0f6eac..7c227b root=293adf..430b5d elapsed="52.969µs"
INFO [03-26|18:58:34.192] Submitted contract creation              hash=0x560b3afd3593a47fa0a2874db4f077f6a114e77fd66c4b1bd5d7ebefd2b7937a from=0xf39Fd6e51aad88F6F4ce6aB8827279cffFb92266 nonce=350 contract=0x103A3b128991781EE2c8db0454cA99d67b257923 value=0
INFO [03-26|18:58:34.195] Submitted transaction                    hash=0x7da152434ec73a630f2a66fce8006a876277b65ec8e73108193339da1dee2db4 from=0xf39Fd6e51aad88F6F4ce6aB8827279cffFb92266 nonce=351 recipient=0xAD87C27b9e2cCA7A4A65e5Ff25a24d8b7587E7C5 value=1,600,000,000
INFO [03-26|18:58:43.630] Starting work on payload                 id=0x03624f3bff49206e
INFO [03-26|18:58:43.639] Updated payload                          id=0x03624f3bff49206e number=64388 hash=7cdcdc..d935f2 txs=2 withdrawals=0 gas=106,226 fees=8.49808e-13 root=4187eb..1d49e4 elapsed=9.174ms
INFO [03-26|18:58:43.639] Stopping work on payload                 id=0x03624f3bff49206e reason=delivery
WARN [03-26|18:58:43.642] {"level":"warn","msg":"Slow block","block":{"number":64388,"hash":"0x7cdcdc3fd7eab00a6f5f0a23a57f45fe8da4e9645b0af6e2ebec7db7e2d935f2","gas_used":106226,"tx_count":2},"timing":{"execution_ms":0.10833,"state_read_ms":0.675656,"state_hash_ms":0.414058,"commit_ms":1.47442,"total_ms":2.745323},"throughput":{"mgas_per_sec":38.6934433580311},"state_reads":{"accounts":11,"storage_slots":0,"code":0,"code_bytes":0},"state_writes":{"accounts":3,"accounts_deleted":0,"storage_slots":0,"storage_slots_deleted":0,"code":1,"code_bytes":149},"cache":{"account":{"hits":7,"misses":4,"hit_rate":63.63636363636363},"storage":{"hits":0,"misses":0,"hit_rate":0},"code":{"hits":0,"misses":0,"hit_rate":0,"hit_bytes":0,"miss_bytes":0}}}
INFO [03-26|18:58:43.642] Imported new potential chain segment     number=64388 hash=7cdcdc..d935f2 blocks=1 txs=2 mgas=0.106 elapsed=2.896ms     mgasps=36.672 triediffs=1.20MiB triedirty=0.00B
INFO [03-26|18:58:43.642] Chain head was updated                   number=64388 hash=7cdcdc..d935f2 root=4187eb..1d49e4 elapsed="102.709µs"
INFO [03-26|18:58:44.282] Submitted transaction                    hash=0xbcbaaa0804bd8fc0b237fd2747ef5dd24ada498142ecdc1f701e35ed5775bb4b from=0xAD87C27b9e2cCA7A4A65e5Ff25a24d8b7587E7C5 nonce=0   recipient=0x103A3b128991781EE2c8db0454cA99d67b257923 value=0
INFO [03-26|18:58:53.644] Starting work on payload                 id=0x03de10f541ad7ad0
WARN [03-26|18:58:58.427] Block building is interrupted            allowance=2s
INFO [03-26|18:58:58.427] Updated payload                          id=0x03de10f541ad7ad0 number=64389 hash=3a032a..57791e txs=1 withdrawals=0 gas=100,000,000 fees=8e-10       root=1f4ec7..2dab3a elapsed=4.783s
WARN [03-26|18:59:01.727] {"level":"warn","msg":"Slow block","block":{"number":64389,"hash":"0x3a032ab6408714f2f2c1d4d91b3ae95891e646aa2319aaeca237160b0457791e","gas_used":100000000,"tx_count":1},"timing":{"execution_ms":184.817109,"state_read_ms":3094.127138,"state_hash_ms":0.05403,"commit_ms":19.262977,"total_ms":3298.365273},"throughput":{"mgas_per_sec":30.318049010092157},"state_reads":{"accounts":8,"storage_slots":23418,"code":2,"code_bytes":1493},"state_writes":{"accounts":2,"accounts_deleted":0,"storage_slots":0,"storage_slots_deleted":0,"code":0,"code_bytes":0},"cache":{"account":{"hits":4,"misses":4,"hit_rate":50},"storage":{"hits":1337,"misses":22081,"hit_rate":5.709283457169699},"code":{"hits":2,"misses":0,"hit_rate":100,"hit_bytes":1493,"miss_bytes":0}}}
INFO [03-26|18:59:01.727] Imported new potential chain segment     number=64389 hash=3a032a..57791e blocks=1 txs=1 mgas=100.000 elapsed=3.299s      mgasps=30.308 triediffs=1.20MiB triedirty=0.00B
INFO [03-26|18:59:01.728] Chain head was updated                   number=64389 hash=3a032a..57791e root=1f4ec7..2dab3a elapsed="67.64µs"
WARN [03-26|18:59:01.913] Block building is interrupted            allowance=2s
INFO [03-26|18:59:01.913] Stopping work on payload                 id=0x03de10f541ad7ad0 reason=delivery
