INFO [03-26|18:39:19.448] Starting Geth on Ethereum mainnet...
INFO [03-26|18:39:19.450] Maximum peer count                       ETH=0 total=0
INFO [03-26|18:39:19.451] Smartcard socket not found, disabling    err="stat /run/pcscd/pcscd.comm: no such file or directory"
WARN [03-26|18:39:19.452] Option --miner.etherbase is deprecated as the etherbase is set by the consensus client post-merge
WARN [03-26|18:39:19.455] Snap sync requested, resetting --cache.snapshot
INFO [03-26|18:39:19.455] Global gas cap disabled
INFO [03-26|18:39:20.095] Using developer account                  address=0xf39Fd6e51aad88F6F4ce6aB8827279cffFb92266
INFO [03-26|18:39:20.338] Using pebble as the backing database
INFO [03-26|18:39:20.338] Allocated cache and file handles         database=/home/CPerezz/bintrie-benchmarks/mpt-vs-bintrie/dbs/mpt/geth/chaindata cache=16.00MiB handles=524,288
INFO [03-26|18:39:22.529] Opened ancient database                  database=/home/CPerezz/bintrie-benchmarks/mpt-vs-bintrie/dbs/mpt/geth/chaindata/ancient/chain readonly=true
INFO [03-26|18:39:22.530] Opened Era store                         datadir=/home/CPerezz/bintrie-benchmarks/mpt-vs-bintrie/dbs/mpt/geth/chaindata/ancient/chain/era
INFO [03-26|18:39:22.535] Initializing the KZG library             backend=gokzg
INFO [03-26|18:39:22.537] Allocated trie memory caches             clean=0.00B dirty=0.00B
INFO [03-26|18:39:22.626] Using pebble as the backing database
INFO [03-26|18:39:22.626] Allocated cache and file handles         database=/home/CPerezz/bintrie-benchmarks/mpt-vs-bintrie/dbs/mpt/geth/chaindata cache=16.00MiB handles=524,288
INFO [03-26|18:39:23.957] Opened ancient database                  database=/home/CPerezz/bintrie-benchmarks/mpt-vs-bintrie/dbs/mpt/geth/chaindata/ancient/chain readonly=false
INFO [03-26|18:39:23.957] Opened Era store                         datadir=/home/CPerezz/bintrie-benchmarks/mpt-vs-bintrie/dbs/mpt/geth/chaindata/ancient/chain/era
INFO [03-26|18:39:23.958] State scheme set to already existing     scheme=path
INFO [03-26|18:39:23.961] Initialising Ethereum protocol           network=1337 dbversion=9
INFO [03-26|18:39:23.961] Load database journal from file          path=/home/CPerezz/bintrie-benchmarks/mpt-vs-bintrie/dbs/mpt/geth/triedb/merkle.journal
INFO [03-26|18:39:23.977] Opened ancient database                  database=/home/CPerezz/bintrie-benchmarks/mpt-vs-bintrie/dbs/mpt/geth/chaindata/ancient/state readonly=false
INFO [03-26|18:39:23.978] Initialized path database                triecache=0.00B statecache=0.00B buffer=0.00B state-history="last 90000 blocks" journal-dir=/home/CPerezz/bintrie-benchmarks/mpt-vs-bintrie/dbs/mpt/geth/triedb
INFO [03-26|18:39:23.978] 
INFO [03-26|18:39:23.978] ---------------------------------------------------------------------------------------------------------------------------------------------------------
INFO [03-26|18:39:23.978] Chain ID:  1337 (unknown)
INFO [03-26|18:39:23.978] Consensus: unknown
INFO [03-26|18:39:23.978] 
INFO [03-26|18:39:23.978] Pre-Merge hard forks (block based):
INFO [03-26|18:39:23.978]  - Homestead:                   #0       
INFO [03-26|18:39:23.978]  - Tangerine Whistle (EIP 150): #0       
INFO [03-26|18:39:23.978]  - Spurious Dragon/1 (EIP 155): #0       
INFO [03-26|18:39:23.978]  - Spurious Dragon/2 (EIP 158): #0       
INFO [03-26|18:39:23.978]  - Byzantium:                   #0       
INFO [03-26|18:39:23.978]  - Constantinople:              #0       
INFO [03-26|18:39:23.978]  - Petersburg:                  #0       
INFO [03-26|18:39:23.978]  - Istanbul:                    #0       
INFO [03-26|18:39:23.978]  - Muir Glacier:                #0       
INFO [03-26|18:39:23.978]  - Berlin:                      #0       
INFO [03-26|18:39:23.978]  - London:                      #0       
INFO [03-26|18:39:23.978]  - Arrow Glacier:               #0       
INFO [03-26|18:39:23.978]  - Gray Glacier:                #0       
INFO [03-26|18:39:23.978] 
INFO [03-26|18:39:23.978] Merge configured:
INFO [03-26|18:39:23.978]  - Total terminal difficulty:  0
INFO [03-26|18:39:23.978]  - Merge netsplit block:       #0       
INFO [03-26|18:39:23.978] 
INFO [03-26|18:39:23.978] Post-Merge hard forks (timestamp based):
INFO [03-26|18:39:23.978]  - Shanghai:                    @0         
INFO [03-26|18:39:23.978]  - Cancun:                      @0          blob: (target: 3, max: 6, fraction: 3338477)
INFO [03-26|18:39:23.978]  - Prague:                      @0          blob: (target: 6, max: 9, fraction: 5225352)
INFO [03-26|18:39:23.978]  - Osaka:                       @4294967295 blob: (target: 9, max: 12, fraction: 5225352)
INFO [03-26|18:39:23.978] 
INFO [03-26|18:39:23.978] All fork specifications can be found at https://ethereum.github.io/execution-specs/src/ethereum/forks/
INFO [03-26|18:39:23.978] 
INFO [03-26|18:39:23.978] ---------------------------------------------------------------------------------------------------------------------------------------------------------
INFO [03-26|18:39:23.978] 
INFO [03-26|18:39:23.979] Loaded most recent local block           number=64293 hash=3d71fc..2f7dfb age=15s
INFO [03-26|18:39:23.979] Loaded most recent local finalized block number=64288 hash=0e90f3..4dcb07 age=1m13s
INFO [03-26|18:39:23.979] Initialized transaction indexer          range="last 2350000 blocks"
INFO [03-26|18:39:23.979] Initialized log indexer                  firstblock=0 lastblock=64293 firstmap=0 lastmap=4 headindexed=true
INFO [03-26|18:39:23.997] Enabled full-sync                        head=64293 hash=3d71fc..2f7dfb
INFO [03-26|18:39:23.998] Unprotected transactions allowed
INFO [03-26|18:39:23.998] Gasprice oracle is ignoring threshold set threshold=2
INFO [03-26|18:39:23.998] Registered sync override service
WARN [03-26|18:39:23.998] You are running Geth in --dev mode. Please note the following:
WARN [03-26|18:39:23.998] 
WARN [03-26|18:39:23.998]   1. This mode is only intended for fast, iterative development without assumptions on
WARN [03-26|18:39:23.998]      security or persistence.
WARN [03-26|18:39:23.998]   2. The database is created in memory unless specified otherwise. Therefore, shutting down
WARN [03-26|18:39:23.998]      your computer or losing power will wipe your entire block data and chain state for
WARN [03-26|18:39:23.998]      your dev environment.
WARN [03-26|18:39:23.998]   3. A random, pre-allocated developer account will be available and unlocked as
WARN [03-26|18:39:23.998]      eth.coinbase, which can be used for testing. The random dev account is temporary,
WARN [03-26|18:39:23.998]      stored on a ramdisk, and will be lost if your machine is restarted.
WARN [03-26|18:39:23.998]   4. Mining is enabled by default. However, the client will only seal blocks if transactions
WARN [03-26|18:39:23.998]      are pending in the mempool. The miner's minimum accepted gas price is 1.
WARN [03-26|18:39:23.998]   5. Networking is disabled; there is no listen-address, the maximum number of peers is set
WARN [03-26|18:39:23.999]      to 0, and discovery is disabled.
WARN [03-26|18:39:23.999] 
INFO [03-26|18:39:23.999] Starting peer-to-peer node               instance=Geth/v1.17.2-unstable-5d0e18f7-20260325/linux-amd64/go1.24.1
WARN [03-26|18:39:23.999] P2P server will be useless, neither dialing nor listening
INFO [03-26|18:39:24.007] IPC endpoint opened                      url=/home/CPerezz/bintrie-benchmarks/mpt-vs-bintrie/dbs/mpt/geth.ipc
ERROR[03-26|18:39:24.007] Unavailable modules in HTTP API list     unavailable=[personal] available="[admin debug web3 eth txpool miner net dev testing]"
INFO [03-26|18:39:24.007] HTTP server started                      endpoint=[::]:8545 auth=false prefix= cors= vhosts=localhost
INFO [03-26|18:39:24.007] WebSocket enabled                        url=ws://[::]:8546
INFO [03-26|18:39:24.008] New local node record                    seq=1,774,465,406,013 id=9566f6e861acb2c3 ip=127.0.0.1 udp=0 tcp=0
INFO [03-26|18:39:24.008] Started P2P networking                   self=enode://7bcb27e0859fe4ed7072e298a58918cc0b55d08376b1207f77d84f6d0d34ded7448b64ab16dd00733b489383beff49c04f662afae4dd1dc102807640ff82a1cd@127.0.0.1:0
INFO [03-26|18:39:24.022] Loaded local transaction journal         transactions=315 dropped=0
INFO [03-26|18:39:25.027] Started log indexer
INFO [03-26|18:39:25.036] Starting work on payload                 id=0x030a4ee1533da946
INFO [03-26|18:39:25.036] Updated payload                          id=0x030a4ee1533da946 number=64294 hash=62f241..3ac24f txs=0 withdrawals=0 gas=0 fees=0 root=b83ddc..43ab61 elapsed="143.14µs"
INFO [03-26|18:39:25.036] Stopping work on payload                 id=0x030a4ee1533da946 reason=delivery
WARN [03-26|18:39:25.039] {"level":"warn","msg":"Slow block","block":{"number":64294,"hash":"0x62f2412d3ca1d8dc052e417baab005b99d8942a0a8224339dcf6c21d613ac24f","gas_used":0,"tx_count":0},"timing":{"execution_ms":0.00967,"state_read_ms":0.05002,"state_hash_ms":0.01035,"commit_ms":0.04576,"total_ms":0.15501},"throughput":{"mgas_per_sec":0},"state_reads":{"accounts":4,"storage_slots":0,"code":0,"code_bytes":0},"state_writes":{"accounts":0,"accounts_deleted":0,"storage_slots":0,"storage_slots_deleted":0,"code":0,"code_bytes":0},"cache":{"account":{"hits":0,"misses":4,"hit_rate":0},"storage":{"hits":0,"misses":0,"hit_rate":0},"code":{"hits":0,"misses":0,"hit_rate":0,"hit_bytes":0,"miss_bytes":0}}}
INFO [03-26|18:39:25.039] Imported new potential chain segment     number=64294 hash=62f241..3ac24f blocks=1 txs=0 mgas=0.000 elapsed=3.066ms    mgasps=0.000 triediffs=1.20MiB triedirty=0.00B
INFO [03-26|18:39:25.039] Ready for fork activation                fork=Osaka date="07 Feb 06 07:28 CET" remaining=700116h48m50s timestamp=4,294,967,295
INFO [03-26|18:39:25.039] Chain head was updated                   number=64294 hash=62f241..3ac24f root=b83ddc..43ab61 elapsed="19.7µs"
INFO [03-26|18:39:25.750] Submitted contract creation              hash=0x6916b8d110e266ce180b43202a663e0cdf4b2173ce83b503deb045d739a4c658 from=0xf39Fd6e51aad88F6F4ce6aB8827279cffFb92266 nonce=288 contract=0xFD2Cf3b56a73c75A7535fFe44EBABe7723c64719 value=0
INFO [03-26|18:39:25.753] Submitted transaction                    hash=0x66129db871169bb1015dece60288d34317322fac11425c17a813bc9ffd8651d2 from=0xf39Fd6e51aad88F6F4ce6aB8827279cffFb92266 nonce=289 recipient=0x76A5B54551f4F096BbE4fadC30f6f3b887B5E698 value=1,600,000,000
INFO [03-26|18:39:35.044] Starting work on payload                 id=0x03c3be1b937dc591
INFO [03-26|18:39:35.051] Updated payload                          id=0x03c3be1b937dc591 number=64295 hash=bcafda..7cd463 txs=2 withdrawals=0 gas=106,226 fees=8.49808e-13 root=53a7c0..321af5 elapsed=6.740ms
INFO [03-26|18:39:35.051] Stopping work on payload                 id=0x03c3be1b937dc591 reason=delivery
WARN [03-26|18:39:35.054] {"level":"warn","msg":"Slow block","block":{"number":64295,"hash":"0xbcafda2198711bcde7eec1c852a08558e2379e007e8ef5eb16f67fec0c7cd463","gas_used":106226,"tx_count":2},"timing":{"execution_ms":0.060379,"state_read_ms":0.1686,"state_hash_ms":0.963913,"commit_ms":1.281363,"total_ms":2.515057},"throughput":{"mgas_per_sec":42.23602089336345},"state_reads":{"accounts":11,"storage_slots":0,"code":0,"code_bytes":0},"state_writes":{"accounts":3,"accounts_deleted":0,"storage_slots":0,"storage_slots_deleted":0,"code":1,"code_bytes":149},"cache":{"account":{"hits":5,"misses":6,"hit_rate":45.45454545454545},"storage":{"hits":0,"misses":0,"hit_rate":0},"code":{"hits":0,"misses":0,"hit_rate":0,"hit_bytes":0,"miss_bytes":0}}}
INFO [03-26|18:39:35.054] Imported new potential chain segment     number=64295 hash=bcafda..7cd463 blocks=1 txs=2 mgas=0.106 elapsed=2.687ms    mgasps=39.530 triediffs=1.20MiB triedirty=0.00B
INFO [03-26|18:39:35.054] Chain head was updated                   number=64295 hash=bcafda..7cd463 root=53a7c0..321af5 elapsed="228.188µs"
INFO [03-26|18:39:35.842] Submitted transaction                    hash=0x9211cef2e68a4194679b310f0946407875bfdc4784094e7d5801dbaacd3801ce from=0x76A5B54551f4F096BbE4fadC30f6f3b887B5E698 nonce=0   recipient=0xFD2Cf3b56a73c75A7535fFe44EBABe7723c64719 value=0
INFO [03-26|18:39:45.057] Starting work on payload                 id=0x0386951dede630ac
WARN [03-26|18:39:49.846] Block building is interrupted            allowance=2s
INFO [03-26|18:39:49.847] Updated payload                          id=0x0386951dede630ac number=64296 hash=45031d..595bdb txs=1 withdrawals=0 gas=100,000,000 fees=8e-10       root=8729ef..300463 elapsed=4.790s
WARN [03-26|18:39:53.144] Block building is interrupted            allowance=2s
INFO [03-26|18:39:53.144] Stopping work on payload                 id=0x0386951dede630ac reason=delivery
WARN [03-26|18:39:53.166] {"level":"warn","msg":"Slow block","block":{"number":64296,"hash":"0x45031d04fba731f835b1f53ee82e8e14cc769f09b9713c1c48e8e0fb7e595bdb","gas_used":100000000,"tx_count":1},"timing":{"execution_ms":184.255144,"state_read_ms":3106.798055,"state_hash_ms":0.112879,"commit_ms":25.423818,"total_ms":3316.675656},"throughput":{"mgas_per_sec":30.1506720499172},"state_reads":{"accounts":8,"storage_slots":23418,"code":2,"code_bytes":1493},"state_writes":{"accounts":2,"accounts_deleted":0,"storage_slots":0,"storage_slots_deleted":0,"code":0,"code_bytes":0},"cache":{"account":{"hits":3,"misses":5,"hit_rate":37.5},"storage":{"hits":1586,"misses":21832,"hit_rate":6.772568110000854},"code":{"hits":2,"misses":0,"hit_rate":100,"hit_bytes":1493,"miss_bytes":0}}}
INFO [03-26|18:39:53.166] Imported new potential chain segment     number=64296 hash=45031d..595bdb blocks=1 txs=1 mgas=100.000 elapsed=3.317s      mgasps=30.142 triediffs=1.20MiB triedirty=0.00B
INFO [03-26|18:39:53.166] Chain head was updated                   number=64296 hash=45031d..595bdb root=8729ef..300463 elapsed="42.52µs"
