INFO [03-26|19:04:42.884] Starting Geth on Ethereum mainnet...
INFO [03-26|19:04:42.885] Maximum peer count                       ETH=0 total=0
INFO [03-26|19:04:42.886] Smartcard socket not found, disabling    err="stat /run/pcscd/pcscd.comm: no such file or directory"
WARN [03-26|19:04:42.887] Option --miner.etherbase is deprecated as the etherbase is set by the consensus client post-merge
WARN [03-26|19:04:42.888] Snap sync requested, resetting --cache.snapshot
INFO [03-26|19:04:42.888] Global gas cap disabled
INFO [03-26|19:04:43.545] Using developer account                  address=0xf39Fd6e51aad88F6F4ce6aB8827279cffFb92266
INFO [03-26|19:04:43.712] Using pebble as the backing database
INFO [03-26|19:04:43.712] Allocated cache and file handles         database=/home/CPerezz/bintrie-benchmarks/mpt-vs-bintrie/dbs/mpt/geth/chaindata cache=16.00MiB handles=524,288
INFO [03-26|19:04:44.887] Opened ancient database                  database=/home/CPerezz/bintrie-benchmarks/mpt-vs-bintrie/dbs/mpt/geth/chaindata/ancient/chain readonly=true
INFO [03-26|19:04:44.888] Opened Era store                         datadir=/home/CPerezz/bintrie-benchmarks/mpt-vs-bintrie/dbs/mpt/geth/chaindata/ancient/chain/era
INFO [03-26|19:04:44.899] Initializing the KZG library             backend=gokzg
INFO [03-26|19:04:44.901] Allocated trie memory caches             clean=0.00B dirty=0.00B
INFO [03-26|19:04:45.027] Using pebble as the backing database
INFO [03-26|19:04:45.027] Allocated cache and file handles         database=/home/CPerezz/bintrie-benchmarks/mpt-vs-bintrie/dbs/mpt/geth/chaindata cache=16.00MiB handles=524,288
INFO [03-26|19:04:46.354] Opened ancient database                  database=/home/CPerezz/bintrie-benchmarks/mpt-vs-bintrie/dbs/mpt/geth/chaindata/ancient/chain readonly=false
INFO [03-26|19:04:46.354] Opened Era store                         datadir=/home/CPerezz/bintrie-benchmarks/mpt-vs-bintrie/dbs/mpt/geth/chaindata/ancient/chain/era
INFO [03-26|19:04:46.355] State scheme set to already existing     scheme=path
INFO [03-26|19:04:46.356] Initialising Ethereum protocol           network=1337 dbversion=9
INFO [03-26|19:04:46.357] Load database journal from file          path=/home/CPerezz/bintrie-benchmarks/mpt-vs-bintrie/dbs/mpt/geth/triedb/merkle.journal
INFO [03-26|19:04:46.375] Opened ancient database                  database=/home/CPerezz/bintrie-benchmarks/mpt-vs-bintrie/dbs/mpt/geth/chaindata/ancient/state readonly=false
INFO [03-26|19:04:46.376] Initialized path database                triecache=0.00B statecache=0.00B buffer=0.00B state-history="last 90000 blocks" journal-dir=/home/CPerezz/bintrie-benchmarks/mpt-vs-bintrie/dbs/mpt/geth/triedb
INFO [03-26|19:04:46.376] 
INFO [03-26|19:04:46.376] ---------------------------------------------------------------------------------------------------------------------------------------------------------
INFO [03-26|19:04:46.377] Chain ID:  1337 (unknown)
INFO [03-26|19:04:46.377] Consensus: unknown
INFO [03-26|19:04:46.377] 
INFO [03-26|19:04:46.377] Pre-Merge hard forks (block based):
INFO [03-26|19:04:46.377]  - Homestead:                   #0       
INFO [03-26|19:04:46.377]  - Tangerine Whistle (EIP 150): #0       
INFO [03-26|19:04:46.377]  - Spurious Dragon/1 (EIP 155): #0       
INFO [03-26|19:04:46.377]  - Spurious Dragon/2 (EIP 158): #0       
INFO [03-26|19:04:46.377]  - Byzantium:                   #0       
INFO [03-26|19:04:46.377]  - Constantinople:              #0       
INFO [03-26|19:04:46.377]  - Petersburg:                  #0       
INFO [03-26|19:04:46.377]  - Istanbul:                    #0       
INFO [03-26|19:04:46.377]  - Muir Glacier:                #0       
INFO [03-26|19:04:46.377]  - Berlin:                      #0       
INFO [03-26|19:04:46.377]  - London:                      #0       
INFO [03-26|19:04:46.377]  - Arrow Glacier:               #0       
INFO [03-26|19:04:46.377]  - Gray Glacier:                #0       
INFO [03-26|19:04:46.377] 
INFO [03-26|19:04:46.377] Merge configured:
INFO [03-26|19:04:46.377]  - Total terminal difficulty:  0
INFO [03-26|19:04:46.377]  - Merge netsplit block:       #0       
INFO [03-26|19:04:46.377] 
INFO [03-26|19:04:46.377] Post-Merge hard forks (timestamp based):
INFO [03-26|19:04:46.377]  - Shanghai:                    @0         
INFO [03-26|19:04:46.377]  - Cancun:                      @0          blob: (target: 3, max: 6, fraction: 3338477)
INFO [03-26|19:04:46.377]  - Prague:                      @0          blob: (target: 6, max: 9, fraction: 5225352)
INFO [03-26|19:04:46.377]  - Osaka:                       @4294967295 blob: (target: 9, max: 12, fraction: 5225352)
INFO [03-26|19:04:46.377] 
INFO [03-26|19:04:46.377] All fork specifications can be found at https://ethereum.github.io/execution-specs/src/ethereum/forks/
INFO [03-26|19:04:46.377] 
INFO [03-26|19:04:46.377] ---------------------------------------------------------------------------------------------------------------------------------------------------------
INFO [03-26|19:04:46.377] 
INFO [03-26|19:04:46.377] Loaded most recent local block           number=64418 hash=20b66c..d370bc age=11s
INFO [03-26|19:04:46.377] Loaded most recent local finalized block number=64416 hash=d4c184..76187c age=34s
INFO [03-26|19:04:46.377] Initialized transaction indexer          range="last 2350000 blocks"
INFO [03-26|19:04:46.377] Initialized log indexer                  firstblock=0 lastblock=64418 firstmap=0 lastmap=4 headindexed=true
INFO [03-26|19:04:46.379] Enabled full-sync                        head=64418 hash=20b66c..d370bc
INFO [03-26|19:04:46.379] Unprotected transactions allowed
INFO [03-26|19:04:46.379] Gasprice oracle is ignoring threshold set threshold=2
INFO [03-26|19:04:46.379] Registered sync override service
WARN [03-26|19:04:46.379] You are running Geth in --dev mode. Please note the following:
WARN [03-26|19:04:46.379] 
WARN [03-26|19:04:46.379]   1. This mode is only intended for fast, iterative development without assumptions on
WARN [03-26|19:04:46.379]      security or persistence.
WARN [03-26|19:04:46.379]   2. The database is created in memory unless specified otherwise. Therefore, shutting down
WARN [03-26|19:04:46.379]      your computer or losing power will wipe your entire block data and chain state for
WARN [03-26|19:04:46.379]      your dev environment.
WARN [03-26|19:04:46.379]   3. A random, pre-allocated developer account will be available and unlocked as
WARN [03-26|19:04:46.379]      eth.coinbase, which can be used for testing. The random dev account is temporary,
WARN [03-26|19:04:46.379]      stored on a ramdisk, and will be lost if your machine is restarted.
WARN [03-26|19:04:46.379]   4. Mining is enabled by default. However, the client will only seal blocks if transactions
WARN [03-26|19:04:46.379]      are pending in the mempool. The miner's minimum accepted gas price is 1.
WARN [03-26|19:04:46.379]   5. Networking is disabled; there is no listen-address, the maximum number of peers is set
WARN [03-26|19:04:46.379]      to 0, and discovery is disabled.
WARN [03-26|19:04:46.379] 
INFO [03-26|19:04:46.379] Starting peer-to-peer node               instance=Geth/v1.17.2-unstable-5d0e18f7-20260325/linux-amd64/go1.24.1
WARN [03-26|19:04:46.379] P2P server will be useless, neither dialing nor listening
INFO [03-26|19:04:46.392] IPC endpoint opened                      url=/home/CPerezz/bintrie-benchmarks/mpt-vs-bintrie/dbs/mpt/geth.ipc
ERROR[03-26|19:04:46.392] Unavailable modules in HTTP API list     unavailable=[personal] available="[admin debug web3 eth txpool miner net dev testing]"
INFO [03-26|19:04:46.392] HTTP server started                      endpoint=[::]:8545 auth=false prefix= cors= vhosts=localhost
INFO [03-26|19:04:46.392] WebSocket enabled                        url=ws://[::]:8546
INFO [03-26|19:04:46.392] New local node record                    seq=1,774,465,406,059 id=9566f6e861acb2c3 ip=127.0.0.1 udp=0 tcp=0
INFO [03-26|19:04:46.393] Started P2P networking                   self=enode://7bcb27e0859fe4ed7072e298a58918cc0b55d08376b1207f77d84f6d0d34ded7448b64ab16dd00733b489383beff49c04f662afae4dd1dc102807640ff82a1cd@127.0.0.1:0
INFO [03-26|19:04:46.413] Loaded local transaction journal         transactions=453 dropped=0
INFO [03-26|19:04:47.838] Submitted contract creation              hash=0x81d023d37c11bc741c69c3b56560d32ddfc6e1173de7a80813d01749e3ec6515 from=0xf39Fd6e51aad88F6F4ce6aB8827279cffFb92266 nonce=380 contract=0x0F527785e39B22911946feDf580d87a4E00465f0 value=0
INFO [03-26|19:04:47.841] Submitted transaction                    hash=0xf38d390afbf959740f44cdb1eb322ec1c20eacb5bc5598b060c6a9c8d27f4607 from=0xf39Fd6e51aad88F6F4ce6aB8827279cffFb92266 nonce=381 recipient=0x68d6D44B06e2019089E89FdAfb818F15079565ee value=3,000,000,000
INFO [03-26|19:04:48.362] Started log indexer
INFO [03-26|19:04:48.374] Starting work on payload                 id=0x039d78facd1dfcbc
INFO [03-26|19:04:48.387] Updated payload                          id=0x039d78facd1dfcbc number=64419 hash=c98437..f61e70 txs=2 withdrawals=0 gas=106,226 fees=2.230746e-12 root=99d2d8..5ce6fd elapsed=12.105ms
INFO [03-26|19:04:48.387] Stopping work on payload                 id=0x039d78facd1dfcbc reason=delivery
WARN [03-26|19:04:48.390] {"level":"warn","msg":"Slow block","block":{"number":64419,"hash":"0xc984377e7accc45fb9a286010e775d6810cd7a73daa259f32a5aad4f19f61e70","gas_used":106226,"tx_count":2},"timing":{"execution_ms":0.172919,"state_read_ms":0.337768,"state_hash_ms":0.828755,"commit_ms":0.752966,"total_ms":2.191488},"throughput":{"mgas_per_sec":48.472088371006365},"state_reads":{"accounts":11,"storage_slots":0,"code":0,"code_bytes":0},"state_writes":{"accounts":3,"accounts_deleted":0,"storage_slots":0,"storage_slots_deleted":0,"code":1,"code_bytes":149},"cache":{"account":{"hits":6,"misses":5,"hit_rate":54.54545454545454},"storage":{"hits":0,"misses":0,"hit_rate":0},"code":{"hits":0,"misses":0,"hit_rate":0,"hit_bytes":0,"miss_bytes":0}}}
INFO [03-26|19:04:48.390] Imported new potential chain segment     number=64419 hash=c98437..f61e70 blocks=1 txs=2 mgas=0.106 elapsed=2.441ms  mgasps=43.511 triediffs=1.20MiB triedirty=0.00B
INFO [03-26|19:04:48.390] Ready for fork activation                fork=Osaka date="07 Feb 06 07:28 CET" remaining=700116h23m27s timestamp=4,294,967,295
INFO [03-26|19:04:48.390] Chain head was updated                   number=64419 hash=c98437..f61e70 root=99d2d8..5ce6fd elapsed="240.169µs"
INFO [03-26|19:04:48.857] Submitted transaction                    hash=0xa1358a401c296e2efac717e1659e11bb77a7259284c3d1c19cdc512d86c61c2c from=0x68d6D44B06e2019089E89FdAfb818F15079565ee nonce=0   recipient=0x0F527785e39B22911946feDf580d87a4E00465f0 value=0
INFO [03-26|19:04:58.392] Starting work on payload                 id=0x030b1324b24acb74
WARN [03-26|19:05:00.841] Block building is interrupted            allowance=2s
INFO [03-26|19:05:00.841] Updated payload                          id=0x030b1324b24acb74 number=64420 hash=ed6db4..62b294 txs=1 withdrawals=0 gas=100,000,000 fees=2.2e-09      root=9665ad..7bc3ba elapsed=2.448s
WARN [03-26|19:05:04.173] {"level":"warn","msg":"Slow block","block":{"number":64420,"hash":"0xed6db4e4757a6b2cb861cb74699f1b58f189fd041e167b06a23539ff0262b294","gas_used":100000000,"tx_count":1},"timing":{"execution_ms":174.329774,"state_read_ms":3135.000989,"state_hash_ms":0.06798,"commit_ms":17.982298,"total_ms":3327.470681},"throughput":{"mgas_per_sec":30.052856835374772},"state_reads":{"accounts":8,"storage_slots":23418,"code":2,"code_bytes":1493},"state_writes":{"accounts":2,"accounts_deleted":0,"storage_slots":0,"storage_slots_deleted":0,"code":0,"code_bytes":0},"cache":{"account":{"hits":3,"misses":5,"hit_rate":37.5},"storage":{"hits":2709,"misses":20709,"hit_rate":11.568024596464259},"code":{"hits":2,"misses":0,"hit_rate":100,"hit_bytes":1493,"miss_bytes":0}}}
INFO [03-26|19:05:04.173] Imported new potential chain segment     number=64420 hash=ed6db4..62b294 blocks=1 txs=1 mgas=100.000 elapsed=3.330s      mgasps=30.023 triediffs=1.20MiB triedirty=0.00B
INFO [03-26|19:05:04.174] Chain head was updated                   number=64420 hash=ed6db4..62b294 root=9665ad..7bc3ba elapsed="52.34µs"
WARN [03-26|19:05:04.468] Block building is interrupted            allowance=2s
INFO [03-26|19:05:04.468] Stopping work on payload                 id=0x030b1324b24acb74 reason=delivery
