INFO [03-26|18:43:01.788] Starting Geth on Ethereum mainnet...
INFO [03-26|18:43:01.790] Maximum peer count                       ETH=0 total=0
INFO [03-26|18:43:01.791] Smartcard socket not found, disabling    err="stat /run/pcscd/pcscd.comm: no such file or directory"
WARN [03-26|18:43:01.792] Option --miner.etherbase is deprecated as the etherbase is set by the consensus client post-merge
WARN [03-26|18:43:01.794] Snap sync requested, resetting --cache.snapshot
INFO [03-26|18:43:01.794] Global gas cap disabled
INFO [03-26|18:43:02.488] Using developer account                  address=0xf39Fd6e51aad88F6F4ce6aB8827279cffFb92266
INFO [03-26|18:43:02.731] Using pebble as the backing database
INFO [03-26|18:43:02.731] Allocated cache and file handles         database=/home/CPerezz/bintrie-benchmarks/mpt-vs-bintrie/dbs/mpt/geth/chaindata cache=16.00MiB handles=524,288
INFO [03-26|18:43:04.966] Opened ancient database                  database=/home/CPerezz/bintrie-benchmarks/mpt-vs-bintrie/dbs/mpt/geth/chaindata/ancient/chain readonly=true
INFO [03-26|18:43:04.966] Opened Era store                         datadir=/home/CPerezz/bintrie-benchmarks/mpt-vs-bintrie/dbs/mpt/geth/chaindata/ancient/chain/era
INFO [03-26|18:43:04.971] Initializing the KZG library             backend=gokzg
INFO [03-26|18:43:04.973] Allocated trie memory caches             clean=0.00B dirty=0.00B
INFO [03-26|18:43:05.049] Using pebble as the backing database
INFO [03-26|18:43:05.049] Allocated cache and file handles         database=/home/CPerezz/bintrie-benchmarks/mpt-vs-bintrie/dbs/mpt/geth/chaindata cache=16.00MiB handles=524,288
INFO [03-26|18:43:06.423] Opened ancient database                  database=/home/CPerezz/bintrie-benchmarks/mpt-vs-bintrie/dbs/mpt/geth/chaindata/ancient/chain readonly=false
INFO [03-26|18:43:06.423] Opened Era store                         datadir=/home/CPerezz/bintrie-benchmarks/mpt-vs-bintrie/dbs/mpt/geth/chaindata/ancient/chain/era
INFO [03-26|18:43:06.425] State scheme set to already existing     scheme=path
INFO [03-26|18:43:06.427] Initialising Ethereum protocol           network=1337 dbversion=9
INFO [03-26|18:43:06.427] Load database journal from file          path=/home/CPerezz/bintrie-benchmarks/mpt-vs-bintrie/dbs/mpt/geth/triedb/merkle.journal
INFO [03-26|18:43:06.454] Opened ancient database                  database=/home/CPerezz/bintrie-benchmarks/mpt-vs-bintrie/dbs/mpt/geth/chaindata/ancient/state readonly=false
INFO [03-26|18:43:06.456] Initialized path database                triecache=0.00B statecache=0.00B buffer=0.00B state-history="last 90000 blocks" journal-dir=/home/CPerezz/bintrie-benchmarks/mpt-vs-bintrie/dbs/mpt/geth/triedb
INFO [03-26|18:43:06.456] 
INFO [03-26|18:43:06.456] ---------------------------------------------------------------------------------------------------------------------------------------------------------
INFO [03-26|18:43:06.456] Chain ID:  1337 (unknown)
INFO [03-26|18:43:06.456] Consensus: unknown
INFO [03-26|18:43:06.456] 
INFO [03-26|18:43:06.456] Pre-Merge hard forks (block based):
INFO [03-26|18:43:06.456]  - Homestead:                   #0       
INFO [03-26|18:43:06.456]  - Tangerine Whistle (EIP 150): #0       
INFO [03-26|18:43:06.456]  - Spurious Dragon/1 (EIP 155): #0       
INFO [03-26|18:43:06.456]  - Spurious Dragon/2 (EIP 158): #0       
INFO [03-26|18:43:06.456]  - Byzantium:                   #0       
INFO [03-26|18:43:06.456]  - Constantinople:              #0       
INFO [03-26|18:43:06.456]  - Petersburg:                  #0       
INFO [03-26|18:43:06.456]  - Istanbul:                    #0       
INFO [03-26|18:43:06.456]  - Muir Glacier:                #0       
INFO [03-26|18:43:06.456]  - Berlin:                      #0       
INFO [03-26|18:43:06.456]  - London:                      #0       
INFO [03-26|18:43:06.456]  - Arrow Glacier:               #0       
INFO [03-26|18:43:06.456]  - Gray Glacier:                #0       
INFO [03-26|18:43:06.456] 
INFO [03-26|18:43:06.456] Merge configured:
INFO [03-26|18:43:06.456]  - Total terminal difficulty:  0
INFO [03-26|18:43:06.456]  - Merge netsplit block:       #0       
INFO [03-26|18:43:06.456] 
INFO [03-26|18:43:06.456] Post-Merge hard forks (timestamp based):
INFO [03-26|18:43:06.456]  - Shanghai:                    @0         
INFO [03-26|18:43:06.456]  - Cancun:                      @0          blob: (target: 3, max: 6, fraction: 3338477)
INFO [03-26|18:43:06.456]  - Prague:                      @0          blob: (target: 6, max: 9, fraction: 5225352)
INFO [03-26|18:43:06.456]  - Osaka:                       @4294967295 blob: (target: 9, max: 12, fraction: 5225352)
INFO [03-26|18:43:06.456] 
INFO [03-26|18:43:06.456] All fork specifications can be found at https://ethereum.github.io/execution-specs/src/ethereum/forks/
INFO [03-26|18:43:06.456] 
INFO [03-26|18:43:06.456] ---------------------------------------------------------------------------------------------------------------------------------------------------------
INFO [03-26|18:43:06.456] 
INFO [03-26|18:43:06.457] Loaded most recent local block           number=64311 hash=a3ae52..ecdd4a age=16s
INFO [03-26|18:43:06.458] Loaded most recent local finalized block number=64288 hash=0e90f3..4dcb07 age=4m56s
INFO [03-26|18:43:06.458] Initialized transaction indexer          range="last 2350000 blocks"
INFO [03-26|18:43:06.458] Initialized log indexer                  firstblock=0 lastblock=64311 firstmap=0 lastmap=4 headindexed=true
INFO [03-26|18:43:06.464] Enabled full-sync                        head=64311 hash=a3ae52..ecdd4a
INFO [03-26|18:43:06.464] Unprotected transactions allowed
INFO [03-26|18:43:06.464] Gasprice oracle is ignoring threshold set threshold=2
INFO [03-26|18:43:06.464] Registered sync override service
WARN [03-26|18:43:06.464] You are running Geth in --dev mode. Please note the following:
WARN [03-26|18:43:06.464] 
WARN [03-26|18:43:06.464]   1. This mode is only intended for fast, iterative development without assumptions on
WARN [03-26|18:43:06.464]      security or persistence.
WARN [03-26|18:43:06.464]   2. The database is created in memory unless specified otherwise. Therefore, shutting down
WARN [03-26|18:43:06.464]      your computer or losing power will wipe your entire block data and chain state for
WARN [03-26|18:43:06.464]      your dev environment.
WARN [03-26|18:43:06.465]   3. A random, pre-allocated developer account will be available and unlocked as
WARN [03-26|18:43:06.465]      eth.coinbase, which can be used for testing. The random dev account is temporary,
WARN [03-26|18:43:06.465]      stored on a ramdisk, and will be lost if your machine is restarted.
WARN [03-26|18:43:06.465]   4. Mining is enabled by default. However, the client will only seal blocks if transactions
WARN [03-26|18:43:06.465]      are pending in the mempool. The miner's minimum accepted gas price is 1.
WARN [03-26|18:43:06.465]   5. Networking is disabled; there is no listen-address, the maximum number of peers is set
WARN [03-26|18:43:06.465]      to 0, and discovery is disabled.
WARN [03-26|18:43:06.465] 
INFO [03-26|18:43:06.465] Starting peer-to-peer node               instance=Geth/v1.17.2-unstable-5d0e18f7-20260325/linux-amd64/go1.24.1
WARN [03-26|18:43:06.465] P2P server will be useless, neither dialing nor listening
INFO [03-26|18:43:06.470] IPC endpoint opened                      url=/home/CPerezz/bintrie-benchmarks/mpt-vs-bintrie/dbs/mpt/geth.ipc
ERROR[03-26|18:43:06.470] Unavailable modules in HTTP API list     unavailable=[personal] available="[admin debug web3 eth txpool miner net dev testing]"
INFO [03-26|18:43:06.470] HTTP server started                      endpoint=[::]:8545 auth=false prefix= cors= vhosts=localhost
INFO [03-26|18:43:06.470] WebSocket enabled                        url=ws://[::]:8546
INFO [03-26|18:43:06.471] New local node record                    seq=1,774,465,406,019 id=9566f6e861acb2c3 ip=127.0.0.1 udp=0 tcp=0
INFO [03-26|18:43:06.471] Started P2P networking                   self=enode://7bcb27e0859fe4ed7072e298a58918cc0b55d08376b1207f77d84f6d0d34ded7448b64ab16dd00733b489383beff49c04f662afae4dd1dc102807640ff82a1cd@127.0.0.1:0
INFO [03-26|18:43:06.486] Loaded local transaction journal         transactions=333 dropped=0
INFO [03-26|18:43:07.438] Started log indexer
INFO [03-26|18:43:07.448] Starting work on payload                 id=0x033d4d9407f2c559
INFO [03-26|18:43:07.448] Updated payload                          id=0x033d4d9407f2c559 number=64312 hash=5f052a..0fe37e txs=0 withdrawals=0 gas=0 fees=0 root=9d5380..09caf9 elapsed="162.12µs"
INFO [03-26|18:43:07.448] Stopping work on payload                 id=0x033d4d9407f2c559 reason=delivery
WARN [03-26|18:43:07.452] {"level":"warn","msg":"Slow block","block":{"number":64312,"hash":"0x5f052aef486f9d151e10421c80324c2032cb01ba80a6ec3f55fb7c6d250fe37e","gas_used":0,"tx_count":0},"timing":{"execution_ms":0.027739,"state_read_ms":0.27941,"state_hash_ms":0.008929,"commit_ms":0.164059,"total_ms":0.543838},"throughput":{"mgas_per_sec":0},"state_reads":{"accounts":4,"storage_slots":0,"code":0,"code_bytes":0},"state_writes":{"accounts":0,"accounts_deleted":0,"storage_slots":0,"storage_slots_deleted":0,"code":0,"code_bytes":0},"cache":{"account":{"hits":0,"misses":4,"hit_rate":0},"storage":{"hits":0,"misses":0,"hit_rate":0},"code":{"hits":0,"misses":0,"hit_rate":0,"hit_bytes":0,"miss_bytes":0}}}
INFO [03-26|18:43:07.452] Imported new potential chain segment     number=64312 hash=5f052a..0fe37e blocks=1 txs=0 mgas=0.000 elapsed=3.910ms    mgasps=0.000 triediffs=1.20MiB triedirty=0.00B
INFO [03-26|18:43:07.452] Ready for fork activation                fork=Osaka date="07 Feb 06 07:28 CET" remaining=700116h45m8s timestamp=4,294,967,295
INFO [03-26|18:43:07.452] Chain head was updated                   number=64312 hash=5f052a..0fe37e root=9d5380..09caf9 elapsed="44.56µs"
INFO [03-26|18:43:08.088] Submitted contract creation              hash=0x5627d4eebe0a0302f412e5b5a4842e9675396e9a37a9b31932733797b1c2eee7 from=0xf39Fd6e51aad88F6F4ce6aB8827279cffFb92266 nonce=300 contract=0x9338CA7d556248055f5751d85cDA7aD6eF254433 value=0
INFO [03-26|18:43:08.091] Submitted transaction                    hash=0xcd0a597ee6574ef7b8dcbead1aeda1db242b14b41e65a882f4c974fd74f06bb9 from=0xf39Fd6e51aad88F6F4ce6aB8827279cffFb92266 nonce=301 recipient=0x4DbD8d9Fc2717081905Fb25fB79F1E9e0c841303 value=1,600,000,000
INFO [03-26|18:43:17.457] Starting work on payload                 id=0x037cb96aa82ffcee
INFO [03-26|18:43:17.465] Updated payload                          id=0x037cb96aa82ffcee number=64313 hash=75959b..ae3b27 txs=2 withdrawals=0 gas=106,226 fees=8.49808e-13 root=bd4ada..c280b2 elapsed=8.263ms
INFO [03-26|18:43:17.465] Stopping work on payload                 id=0x037cb96aa82ffcee reason=delivery
WARN [03-26|18:43:17.468] {"level":"warn","msg":"Slow block","block":{"number":64313,"hash":"0x75959b9aba22147812bfff4c717f53a7c5876d1c09918d5bb4be67808fae3b27","gas_used":106226,"tx_count":2},"timing":{"execution_ms":0.100539,"state_read_ms":0.544867,"state_hash_ms":0.423017,"commit_ms":1.338923,"total_ms":2.471437},"throughput":{"mgas_per_sec":42.98147191289926},"state_reads":{"accounts":11,"storage_slots":0,"code":0,"code_bytes":0},"state_writes":{"accounts":3,"accounts_deleted":0,"storage_slots":0,"storage_slots_deleted":0,"code":1,"code_bytes":149},"cache":{"account":{"hits":7,"misses":4,"hit_rate":63.63636363636363},"storage":{"hits":0,"misses":0,"hit_rate":0},"code":{"hits":0,"misses":0,"hit_rate":0,"hit_bytes":0,"miss_bytes":0}}}
INFO [03-26|18:43:17.468] Imported new potential chain segment     number=64313 hash=75959b..ae3b27 blocks=1 txs=2 mgas=0.106 elapsed=2.699ms    mgasps=39.350 triediffs=1.20MiB triedirty=0.00B
INFO [03-26|18:43:17.468] Chain head was updated                   number=64313 hash=75959b..ae3b27 root=bd4ada..c280b2 elapsed="231.379µs"
INFO [03-26|18:43:18.176] Submitted transaction                    hash=0xd96b1bb9bdcb0a27acd442daf07764f62c9c8b6b3e3c387af115b1158fafa61a from=0x4DbD8d9Fc2717081905Fb25fB79F1E9e0c841303 nonce=0   recipient=0x9338CA7d556248055f5751d85cDA7aD6eF254433 value=0
INFO [03-26|18:43:27.471] Starting work on payload                 id=0x038d12e5a730f28b
WARN [03-26|18:43:32.259] Block building is interrupted            allowance=2s
INFO [03-26|18:43:32.260] Updated payload                          id=0x038d12e5a730f28b number=64314 hash=238ff1..267557 txs=1 withdrawals=0 gas=100,000,000 fees=8e-10       root=e42501..70cdd4 elapsed=4.789s
WARN [03-26|18:43:35.561] {"level":"warn","msg":"Slow block","block":{"number":64314,"hash":"0x238ff166f67818c679dfaf5935ebf15768861862e98d5f81ffb7bcfb68267557","gas_used":100000000,"tx_count":1},"timing":{"execution_ms":172.172134,"state_read_ms":3102.903613,"state_hash_ms":0.103819,"commit_ms":24.430962,"total_ms":3299.692658},"throughput":{"mgas_per_sec":30.305852806488865},"state_reads":{"accounts":8,"storage_slots":23418,"code":2,"code_bytes":1493},"state_writes":{"accounts":2,"accounts_deleted":0,"storage_slots":0,"storage_slots_deleted":0,"code":0,"code_bytes":0},"cache":{"account":{"hits":3,"misses":5,"hit_rate":37.5},"storage":{"hits":1463,"misses":21955,"hit_rate":6.247331112819198},"code":{"hits":2,"misses":0,"hit_rate":100,"hit_bytes":1493,"miss_bytes":0}}}
INFO [03-26|18:43:35.561] Imported new potential chain segment     number=64314 hash=238ff1..267557 blocks=1 txs=1 mgas=100.000 elapsed=3.300s      mgasps=30.296 triediffs=1.20MiB triedirty=0.00B
INFO [03-26|18:43:35.563] Chain head was updated                   number=64314 hash=238ff1..267557 root=e42501..70cdd4 elapsed="78.149µs"
WARN [03-26|18:43:35.784] Block building is interrupted            allowance=2s
INFO [03-26|18:43:35.784] Stopping work on payload                 id=0x038d12e5a730f28b reason=delivery
