INFO [03-26|19:22:06.388] Starting Geth on Ethereum mainnet...
INFO [03-26|19:22:06.390] Maximum peer count                       ETH=0 total=0
INFO [03-26|19:22:06.390] Smartcard socket not found, disabling    err="stat /run/pcscd/pcscd.comm: no such file or directory"
WARN [03-26|19:22:06.392] Option --miner.etherbase is deprecated as the etherbase is set by the consensus client post-merge
WARN [03-26|19:22:06.394] Snap sync requested, resetting --cache.snapshot
INFO [03-26|19:22:06.394] Global gas cap disabled
INFO [03-26|19:22:07.034] Using developer account                  address=0xf39Fd6e51aad88F6F4ce6aB8827279cffFb92266
INFO [03-26|19:22:07.201] Using pebble as the backing database
INFO [03-26|19:22:07.201] Allocated cache and file handles         database=/home/CPerezz/bintrie-benchmarks/mpt-vs-bintrie/dbs/mpt/geth/chaindata cache=16.00MiB handles=524,288
INFO [03-26|19:22:08.333] Opened ancient database                  database=/home/CPerezz/bintrie-benchmarks/mpt-vs-bintrie/dbs/mpt/geth/chaindata/ancient/chain readonly=true
INFO [03-26|19:22:08.333] Opened Era store                         datadir=/home/CPerezz/bintrie-benchmarks/mpt-vs-bintrie/dbs/mpt/geth/chaindata/ancient/chain/era
INFO [03-26|19:22:08.347] Initializing the KZG library             backend=gokzg
INFO [03-26|19:22:08.348] Allocated trie memory caches             clean=0.00B dirty=0.00B
INFO [03-26|19:22:08.425] Using pebble as the backing database
INFO [03-26|19:22:08.425] Allocated cache and file handles         database=/home/CPerezz/bintrie-benchmarks/mpt-vs-bintrie/dbs/mpt/geth/chaindata cache=16.00MiB handles=524,288
INFO [03-26|19:22:09.768] Opened ancient database                  database=/home/CPerezz/bintrie-benchmarks/mpt-vs-bintrie/dbs/mpt/geth/chaindata/ancient/chain readonly=false
INFO [03-26|19:22:09.768] Opened Era store                         datadir=/home/CPerezz/bintrie-benchmarks/mpt-vs-bintrie/dbs/mpt/geth/chaindata/ancient/chain/era
INFO [03-26|19:22:09.769] State scheme set to already existing     scheme=path
INFO [03-26|19:22:09.770] Initialising Ethereum protocol           network=1337 dbversion=9
INFO [03-26|19:22:09.770] Load database journal from file          path=/home/CPerezz/bintrie-benchmarks/mpt-vs-bintrie/dbs/mpt/geth/triedb/merkle.journal
INFO [03-26|19:22:09.796] Opened ancient database                  database=/home/CPerezz/bintrie-benchmarks/mpt-vs-bintrie/dbs/mpt/geth/chaindata/ancient/state readonly=false
INFO [03-26|19:22:09.797] Initialized path database                triecache=0.00B statecache=0.00B buffer=0.00B state-history="last 90000 blocks" journal-dir=/home/CPerezz/bintrie-benchmarks/mpt-vs-bintrie/dbs/mpt/geth/triedb
INFO [03-26|19:22:09.797] 
INFO [03-26|19:22:09.797] ---------------------------------------------------------------------------------------------------------------------------------------------------------
INFO [03-26|19:22:09.798] Chain ID:  1337 (unknown)
INFO [03-26|19:22:09.798] Consensus: unknown
INFO [03-26|19:22:09.798] 
INFO [03-26|19:22:09.798] Pre-Merge hard forks (block based):
INFO [03-26|19:22:09.798]  - Homestead:                   #0       
INFO [03-26|19:22:09.798]  - Tangerine Whistle (EIP 150): #0       
INFO [03-26|19:22:09.798]  - Spurious Dragon/1 (EIP 155): #0       
INFO [03-26|19:22:09.798]  - Spurious Dragon/2 (EIP 158): #0       
INFO [03-26|19:22:09.798]  - Byzantium:                   #0       
INFO [03-26|19:22:09.798]  - Constantinople:              #0       
INFO [03-26|19:22:09.798]  - Petersburg:                  #0       
INFO [03-26|19:22:09.798]  - Istanbul:                    #0       
INFO [03-26|19:22:09.798]  - Muir Glacier:                #0       
INFO [03-26|19:22:09.798]  - Berlin:                      #0       
INFO [03-26|19:22:09.798]  - London:                      #0       
INFO [03-26|19:22:09.798]  - Arrow Glacier:               #0       
INFO [03-26|19:22:09.798]  - Gray Glacier:                #0       
INFO [03-26|19:22:09.798] 
INFO [03-26|19:22:09.798] Merge configured:
INFO [03-26|19:22:09.798]  - Total terminal difficulty:  0
INFO [03-26|19:22:09.798]  - Merge netsplit block:       #0       
INFO [03-26|19:22:09.798] 
INFO [03-26|19:22:09.798] Post-Merge hard forks (timestamp based):
INFO [03-26|19:22:09.798]  - Shanghai:                    @0         
INFO [03-26|19:22:09.798]  - Cancun:                      @0          blob: (target: 3, max: 6, fraction: 3338477)
INFO [03-26|19:22:09.798]  - Prague:                      @0          blob: (target: 6, max: 9, fraction: 5225352)
INFO [03-26|19:22:09.798]  - Osaka:                       @4294967295 blob: (target: 9, max: 12, fraction: 5225352)
INFO [03-26|19:22:09.798] 
INFO [03-26|19:22:09.798] All fork specifications can be found at https://ethereum.github.io/execution-specs/src/ethereum/forks/
INFO [03-26|19:22:09.798] 
INFO [03-26|19:22:09.798] ---------------------------------------------------------------------------------------------------------------------------------------------------------
INFO [03-26|19:22:09.798] 
INFO [03-26|19:22:09.798] Loaded most recent local block           number=64508 hash=ab6386..992720 age=10s
INFO [03-26|19:22:09.798] Loaded most recent local finalized block number=64480 hash=41eac9..aedd69 age=5m38s
INFO [03-26|19:22:09.799] Initialized transaction indexer          range="last 2350000 blocks"
INFO [03-26|19:22:09.799] Initialized log indexer                  firstblock=0 lastblock=64508 firstmap=0 lastmap=4 headindexed=true
INFO [03-26|19:22:09.806] Enabled full-sync                        head=64508 hash=ab6386..992720
INFO [03-26|19:22:09.806] Unprotected transactions allowed
INFO [03-26|19:22:09.806] Gasprice oracle is ignoring threshold set threshold=2
INFO [03-26|19:22:09.806] Registered sync override service
WARN [03-26|19:22:09.806] You are running Geth in --dev mode. Please note the following:
WARN [03-26|19:22:09.806] 
WARN [03-26|19:22:09.806]   1. This mode is only intended for fast, iterative development without assumptions on
WARN [03-26|19:22:09.806]      security or persistence.
WARN [03-26|19:22:09.806]   2. The database is created in memory unless specified otherwise. Therefore, shutting down
WARN [03-26|19:22:09.806]      your computer or losing power will wipe your entire block data and chain state for
WARN [03-26|19:22:09.806]      your dev environment.
WARN [03-26|19:22:09.806]   3. A random, pre-allocated developer account will be available and unlocked as
WARN [03-26|19:22:09.806]      eth.coinbase, which can be used for testing. The random dev account is temporary,
WARN [03-26|19:22:09.806]      stored on a ramdisk, and will be lost if your machine is restarted.
WARN [03-26|19:22:09.806]   4. Mining is enabled by default. However, the client will only seal blocks if transactions
WARN [03-26|19:22:09.806]      are pending in the mempool. The miner's minimum accepted gas price is 1.
WARN [03-26|19:22:09.806]   5. Networking is disabled; there is no listen-address, the maximum number of peers is set
WARN [03-26|19:22:09.806]      to 0, and discovery is disabled.
WARN [03-26|19:22:09.806] 
INFO [03-26|19:22:09.806] Starting peer-to-peer node               instance=Geth/v1.17.2-unstable-5d0e18f7-20260325/linux-amd64/go1.24.1
WARN [03-26|19:22:09.806] P2P server will be useless, neither dialing nor listening
INFO [03-26|19:22:09.812] IPC endpoint opened                      url=/home/CPerezz/bintrie-benchmarks/mpt-vs-bintrie/dbs/mpt/geth.ipc
ERROR[03-26|19:22:09.812] Unavailable modules in HTTP API list     unavailable=[personal] available="[admin debug web3 eth txpool miner net dev testing]"
INFO [03-26|19:22:09.812] New local node record                    seq=1,774,465,406,104 id=9566f6e861acb2c3 ip=127.0.0.1 udp=0 tcp=0
INFO [03-26|19:22:09.812] Started P2P networking                   self=enode://7bcb27e0859fe4ed7072e298a58918cc0b55d08376b1207f77d84f6d0d34ded7448b64ab16dd00733b489383beff49c04f662afae4dd1dc102807640ff82a1cd@127.0.0.1:0
INFO [03-26|19:22:09.813] HTTP server started                      endpoint=[::]:8545 auth=false prefix= cors= vhosts=localhost
INFO [03-26|19:22:09.813] WebSocket enabled                        url=ws://[::]:8546
INFO [03-26|19:22:09.858] Loaded local transaction journal         transactions=588 dropped=0
INFO [03-26|19:22:11.350] Submitted contract creation              hash=0xecf578267a88be088d5871e3a1c00ac2ad620da5af4ce23c92267b14b6bf69db from=0xf39Fd6e51aad88F6F4ce6aB8827279cffFb92266 nonce=470 contract=0x9D3DA37d36BB0B825CD319ed129c2872b893f538 value=0
INFO [03-26|19:22:11.352] Submitted transaction                    hash=0x3ace21f822a9cbd3c93680092bc2d716d00d1f1bf68759c224d372e37e19ba7c from=0xf39Fd6e51aad88F6F4ce6aB8827279cffFb92266 nonce=471 recipient=0x7740821B6a48f8B4038267C57C0D469aE46B475B value=22,200,000,000
INFO [03-26|19:22:11.467] Started log indexer
INFO [03-26|19:22:11.473] Starting work on payload                 id=0x03c80547fff5fd63
INFO [03-26|19:22:11.482] Updated payload                          id=0x03c80547fff5fd63 number=64509 hash=243b48..0282e0 txs=2 withdrawals=0 gas=106,226 fees=2.2626138e-11 root=82d943..22211c elapsed=8.754ms
INFO [03-26|19:22:11.482] Stopping work on payload                 id=0x03c80547fff5fd63 reason=delivery
WARN [03-26|19:22:11.485] {"level":"warn","msg":"Slow block","block":{"number":64509,"hash":"0x243b480099cd8782ad90244cf65edb38ac30ee0b13b72da6e7b61cd42e0282e0","gas_used":106226,"tx_count":2},"timing":{"execution_ms":0.111602,"state_read_ms":0.149477,"state_hash_ms":1.145722,"commit_ms":0.641006,"total_ms":2.110779},"throughput":{"mgas_per_sec":50.32549594249327},"state_reads":{"accounts":11,"storage_slots":0,"code":0,"code_bytes":0},"state_writes":{"accounts":3,"accounts_deleted":0,"storage_slots":0,"storage_slots_deleted":0,"code":1,"code_bytes":149},"cache":{"account":{"hits":4,"misses":7,"hit_rate":36.36363636363637},"storage":{"hits":0,"misses":0,"hit_rate":0},"code":{"hits":0,"misses":0,"hit_rate":0,"hit_bytes":0,"miss_bytes":0}}}
INFO [03-26|19:22:11.485] Imported new potential chain segment     number=64509 hash=243b48..0282e0 blocks=1 txs=2 mgas=0.106 elapsed=2.351ms mgasps=45.169 triediffs=1.20MiB triedirty=0.00B
INFO [03-26|19:22:11.485] Ready for fork activation                fork=Osaka date="07 Feb 06 07:28 CET" remaining=700116h6m4s timestamp=4,294,967,295
INFO [03-26|19:22:11.486] Chain head was updated                   number=64509 hash=243b48..0282e0 root=82d943..22211c elapsed="240.149µs"
INFO [03-26|19:22:12.369] Submitted transaction                    hash=0xe5c808b005ae679e2739b07dd0abe39ff220246e4a497665a1872639fb47f071 from=0x7740821B6a48f8B4038267C57C0D469aE46B475B nonce=0   recipient=0x9D3DA37d36BB0B825CD319ed129c2872b893f538 value=0
INFO [03-26|19:22:21.488] Starting work on payload                 id=0x03df7cb7e13aabbf
WARN [03-26|19:22:23.920] Block building is interrupted            allowance=2s
INFO [03-26|19:22:23.920] Updated payload                          id=0x03df7cb7e13aabbf number=64510 hash=2532f5..6ad8be txs=1 withdrawals=0 gas=100,000,000 fees=2.14e-08      root=dc8c3e..45a945 elapsed=2.432s
WARN [03-26|19:22:27.343] {"level":"warn","msg":"Slow block","block":{"number":64510,"hash":"0x2532f5093918f00926907f925d0a8420c59fa2f6a4b7dca4208c5043f76ad8be","gas_used":100000000,"tx_count":1},"timing":{"execution_ms":178.942114,"state_read_ms":3219.189386,"state_hash_ms":0.05721,"commit_ms":19.487293,"total_ms":3417.755883},"throughput":{"mgas_per_sec":29.258965070443566},"state_reads":{"accounts":8,"storage_slots":23418,"code":2,"code_bytes":1493},"state_writes":{"accounts":2,"accounts_deleted":0,"storage_slots":0,"storage_slots_deleted":0,"code":0,"code_bytes":0},"cache":{"account":{"hits":3,"misses":5,"hit_rate":37.5},"storage":{"hits":2205,"misses":21213,"hit_rate":9.415833973866256},"code":{"hits":2,"misses":0,"hit_rate":100,"hit_bytes":1493,"miss_bytes":0}}}
INFO [03-26|19:22:27.343] Imported new potential chain segment     number=64510 hash=2532f5..6ad8be blocks=1 txs=1 mgas=100.000 elapsed=3.421s      mgasps=29.231 triediffs=1.20MiB triedirty=0.00B
INFO [03-26|19:22:27.346] Chain head was updated                   number=64510 hash=2532f5..6ad8be root=dc8c3e..45a945 elapsed="132.5µs"
WARN [03-26|19:22:27.566] Block building is interrupted            allowance=2s
INFO [03-26|19:22:27.566] Stopping work on payload                 id=0x03df7cb7e13aabbf reason=delivery
