INFO [03-26|19:04:20.362] Starting Geth on Ethereum mainnet...
INFO [03-26|19:04:20.363] Maximum peer count                       ETH=0 total=0
INFO [03-26|19:04:20.364] Smartcard socket not found, disabling    err="stat /run/pcscd/pcscd.comm: no such file or directory"
WARN [03-26|19:04:20.365] Option --miner.etherbase is deprecated as the etherbase is set by the consensus client post-merge
WARN [03-26|19:04:20.367] Snap sync requested, resetting --cache.snapshot
INFO [03-26|19:04:20.367] Global gas cap disabled
INFO [03-26|19:04:21.018] Using developer account                  address=0xf39Fd6e51aad88F6F4ce6aB8827279cffFb92266
INFO [03-26|19:04:21.184] Using pebble as the backing database
INFO [03-26|19:04:21.184] Allocated cache and file handles         database=/home/CPerezz/bintrie-benchmarks/mpt-vs-bintrie/dbs/mpt/geth/chaindata cache=16.00MiB handles=524,288
INFO [03-26|19:04:22.346] Opened ancient database                  database=/home/CPerezz/bintrie-benchmarks/mpt-vs-bintrie/dbs/mpt/geth/chaindata/ancient/chain readonly=true
INFO [03-26|19:04:22.346] Opened Era store                         datadir=/home/CPerezz/bintrie-benchmarks/mpt-vs-bintrie/dbs/mpt/geth/chaindata/ancient/chain/era
INFO [03-26|19:04:22.357] Initializing the KZG library             backend=gokzg
INFO [03-26|19:04:22.359] Allocated trie memory caches             clean=0.00B dirty=0.00B
INFO [03-26|19:04:22.440] Using pebble as the backing database
INFO [03-26|19:04:22.440] Allocated cache and file handles         database=/home/CPerezz/bintrie-benchmarks/mpt-vs-bintrie/dbs/mpt/geth/chaindata cache=16.00MiB handles=524,288
INFO [03-26|19:04:23.728] Opened ancient database                  database=/home/CPerezz/bintrie-benchmarks/mpt-vs-bintrie/dbs/mpt/geth/chaindata/ancient/chain readonly=false
INFO [03-26|19:04:23.728] Opened Era store                         datadir=/home/CPerezz/bintrie-benchmarks/mpt-vs-bintrie/dbs/mpt/geth/chaindata/ancient/chain/era
INFO [03-26|19:04:23.730] State scheme set to already existing     scheme=path
INFO [03-26|19:04:23.731] Initialising Ethereum protocol           network=1337 dbversion=9
INFO [03-26|19:04:23.733] Load database journal from file          path=/home/CPerezz/bintrie-benchmarks/mpt-vs-bintrie/dbs/mpt/geth/triedb/merkle.journal
INFO [03-26|19:04:23.781] Opened ancient database                  database=/home/CPerezz/bintrie-benchmarks/mpt-vs-bintrie/dbs/mpt/geth/chaindata/ancient/state readonly=false
INFO [03-26|19:04:23.782] Initialized path database                triecache=0.00B statecache=0.00B buffer=0.00B state-history="last 90000 blocks" journal-dir=/home/CPerezz/bintrie-benchmarks/mpt-vs-bintrie/dbs/mpt/geth/triedb
INFO [03-26|19:04:23.782] 
INFO [03-26|19:04:23.782] ---------------------------------------------------------------------------------------------------------------------------------------------------------
INFO [03-26|19:04:23.782] Chain ID:  1337 (unknown)
INFO [03-26|19:04:23.782] Consensus: unknown
INFO [03-26|19:04:23.782] 
INFO [03-26|19:04:23.782] Pre-Merge hard forks (block based):
INFO [03-26|19:04:23.782]  - Homestead:                   #0       
INFO [03-26|19:04:23.782]  - Tangerine Whistle (EIP 150): #0       
INFO [03-26|19:04:23.782]  - Spurious Dragon/1 (EIP 155): #0       
INFO [03-26|19:04:23.782]  - Spurious Dragon/2 (EIP 158): #0       
INFO [03-26|19:04:23.782]  - Byzantium:                   #0       
INFO [03-26|19:04:23.782]  - Constantinople:              #0       
INFO [03-26|19:04:23.782]  - Petersburg:                  #0       
INFO [03-26|19:04:23.782]  - Istanbul:                    #0       
INFO [03-26|19:04:23.782]  - Muir Glacier:                #0       
INFO [03-26|19:04:23.782]  - Berlin:                      #0       
INFO [03-26|19:04:23.782]  - London:                      #0       
INFO [03-26|19:04:23.782]  - Arrow Glacier:               #0       
INFO [03-26|19:04:23.782]  - Gray Glacier:                #0       
INFO [03-26|19:04:23.782] 
INFO [03-26|19:04:23.782] Merge configured:
INFO [03-26|19:04:23.782]  - Total terminal difficulty:  0
INFO [03-26|19:04:23.782]  - Merge netsplit block:       #0       
INFO [03-26|19:04:23.782] 
INFO [03-26|19:04:23.782] Post-Merge hard forks (timestamp based):
INFO [03-26|19:04:23.782]  - Shanghai:                    @0         
INFO [03-26|19:04:23.782]  - Cancun:                      @0          blob: (target: 3, max: 6, fraction: 3338477)
INFO [03-26|19:04:23.782]  - Prague:                      @0          blob: (target: 6, max: 9, fraction: 5225352)
INFO [03-26|19:04:23.782]  - Osaka:                       @4294967295 blob: (target: 9, max: 12, fraction: 5225352)
INFO [03-26|19:04:23.782] 
INFO [03-26|19:04:23.782] All fork specifications can be found at https://ethereum.github.io/execution-specs/src/ethereum/forks/
INFO [03-26|19:04:23.782] 
INFO [03-26|19:04:23.782] ---------------------------------------------------------------------------------------------------------------------------------------------------------
INFO [03-26|19:04:23.782] 
INFO [03-26|19:04:23.783] Loaded most recent local block           number=64416 hash=d4c184..76187c age=11s
INFO [03-26|19:04:23.783] Loaded most recent local finalized block number=64416 hash=d4c184..76187c age=11s
INFO [03-26|19:04:23.783] Initialized transaction indexer          range="last 2350000 blocks"
INFO [03-26|19:04:23.783] Initialized log indexer                  firstblock=0 lastblock=64416 firstmap=0 lastmap=4 headindexed=true
INFO [03-26|19:04:23.795] Enabled full-sync                        head=64416 hash=d4c184..76187c
INFO [03-26|19:04:23.796] Unprotected transactions allowed
INFO [03-26|19:04:23.796] Gasprice oracle is ignoring threshold set threshold=2
INFO [03-26|19:04:23.798] Registered sync override service
WARN [03-26|19:04:23.798] You are running Geth in --dev mode. Please note the following:
WARN [03-26|19:04:23.798] 
WARN [03-26|19:04:23.798]   1. This mode is only intended for fast, iterative development without assumptions on
WARN [03-26|19:04:23.798]      security or persistence.
WARN [03-26|19:04:23.798]   2. The database is created in memory unless specified otherwise. Therefore, shutting down
WARN [03-26|19:04:23.798]      your computer or losing power will wipe your entire block data and chain state for
WARN [03-26|19:04:23.798]      your dev environment.
WARN [03-26|19:04:23.798]   3. A random, pre-allocated developer account will be available and unlocked as
WARN [03-26|19:04:23.798]      eth.coinbase, which can be used for testing. The random dev account is temporary,
WARN [03-26|19:04:23.798]      stored on a ramdisk, and will be lost if your machine is restarted.
WARN [03-26|19:04:23.798]   4. Mining is enabled by default. However, the client will only seal blocks if transactions
WARN [03-26|19:04:23.798]      are pending in the mempool. The miner's minimum accepted gas price is 1.
WARN [03-26|19:04:23.798]   5. Networking is disabled; there is no listen-address, the maximum number of peers is set
WARN [03-26|19:04:23.798]      to 0, and discovery is disabled.
WARN [03-26|19:04:23.798] 
INFO [03-26|19:04:23.798] Starting peer-to-peer node               instance=Geth/v1.17.2-unstable-5d0e18f7-20260325/linux-amd64/go1.24.1
WARN [03-26|19:04:23.798] P2P server will be useless, neither dialing nor listening
INFO [03-26|19:04:23.804] New local node record                    seq=1,774,465,406,058 id=9566f6e861acb2c3 ip=127.0.0.1 udp=0 tcp=0
INFO [03-26|19:04:23.804] Started P2P networking                   self=enode://7bcb27e0859fe4ed7072e298a58918cc0b55d08376b1207f77d84f6d0d34ded7448b64ab16dd00733b489383beff49c04f662afae4dd1dc102807640ff82a1cd@127.0.0.1:0
INFO [03-26|19:04:23.819] IPC endpoint opened                      url=/home/CPerezz/bintrie-benchmarks/mpt-vs-bintrie/dbs/mpt/geth.ipc
ERROR[03-26|19:04:23.819] Unavailable modules in HTTP API list     unavailable=[personal] available="[admin debug web3 eth txpool miner net dev testing]"
INFO [03-26|19:04:23.820] HTTP server started                      endpoint=[::]:8545 auth=false prefix= cors= vhosts=localhost
INFO [03-26|19:04:23.820] WebSocket enabled                        url=ws://[::]:8546
INFO [03-26|19:04:23.876] Loaded local transaction journal         transactions=450 dropped=0
INFO [03-26|19:04:25.321] Submitted contract creation              hash=0xbaa21b8b645ac1293d7a35798707c73861d97a8d85d19e9dc8908f9843eadec5 from=0xf39Fd6e51aad88F6F4ce6aB8827279cffFb92266 nonce=378 contract=0xaB837301d12cDc4b97f1E910FC56C9179894d9cf value=0
INFO [03-26|19:04:25.322] Submitted transaction                    hash=0x5d0f29cca3dee602c74e4a24592e5dce9f45c990c75d84b294252aad157ad15c from=0xf39Fd6e51aad88F6F4ce6aB8827279cffFb92266 nonce=379 recipient=0xc19975AE870aE6Da812Bc8b70f83921b33A9BD13 value=3,000,000,000
INFO [03-26|19:04:25.630] Started log indexer
INFO [03-26|19:04:25.635] Starting work on payload                 id=0x032a5f41e57e4774
INFO [03-26|19:04:25.641] Updated payload                          id=0x032a5f41e57e4774 number=64417 hash=9852f8..2e7228 txs=2 withdrawals=0 gas=106,226 fees=2.230746e-12 root=c3edf2..670d86 elapsed=6.647ms
INFO [03-26|19:04:25.641] Stopping work on payload                 id=0x032a5f41e57e4774 reason=delivery
WARN [03-26|19:04:25.643] {"level":"warn","msg":"Slow block","block":{"number":64417,"hash":"0x9852f8d86f39d8d67023670e01ddfa5e0ac51b99ba3adf98e233be70af2e7228","gas_used":106226,"tx_count":2},"timing":{"execution_ms":0.053859,"state_read_ms":0.08018,"state_hash_ms":0.447517,"commit_ms":0.488687,"total_ms":1.113784},"throughput":{"mgas_per_sec":95.37396838166107},"state_reads":{"accounts":11,"storage_slots":0,"code":0,"code_bytes":0},"state_writes":{"accounts":3,"accounts_deleted":0,"storage_slots":0,"storage_slots_deleted":0,"code":1,"code_bytes":149},"cache":{"account":{"hits":4,"misses":7,"hit_rate":36.36363636363637},"storage":{"hits":0,"misses":0,"hit_rate":0},"code":{"hits":0,"misses":0,"hit_rate":0,"hit_bytes":0,"miss_bytes":0}}}
INFO [03-26|19:04:25.643] Imported new potential chain segment     number=64417 hash=9852f8..2e7228 blocks=1 txs=2 mgas=0.106 elapsed=1.341ms mgasps=79.182 triediffs=1.20MiB triedirty=0.00B
INFO [03-26|19:04:25.643] Ready for fork activation                fork=Osaka date="07 Feb 06 07:28 CET" remaining=700116h23m49s timestamp=4,294,967,295
INFO [03-26|19:04:25.644] Chain head was updated                   number=64417 hash=9852f8..2e7228 root=c3edf2..670d86 elapsed="222.029µs"
INFO [03-26|19:04:26.338] Submitted transaction                    hash=0xaa7db0961faa3b184e88faf29490b88f8f94d6c0f7246d7bd7504bad3a3e0df8 from=0xc19975AE870aE6Da812Bc8b70f83921b33A9BD13 nonce=0   recipient=0xaB837301d12cDc4b97f1E910FC56C9179894d9cf value=0
INFO [03-26|19:04:35.646] Starting work on payload                 id=0x038fef78cca1ff18
WARN [03-26|19:04:38.057] Block building is interrupted            allowance=2s
INFO [03-26|19:04:38.057] Updated payload                          id=0x038fef78cca1ff18 number=64418 hash=20b66c..d370bc txs=1 withdrawals=0 gas=100,000,000 fees=2.2e-09      root=ed3a78..2404e9 elapsed=2.411s
WARN [03-26|19:04:41.339] {"level":"warn","msg":"Slow block","block":{"number":64418,"hash":"0x20b66cb9b912a6f761908f286569e4f83b581f50ebcacfde9c2304c51fd370bc","gas_used":100000000,"tx_count":1},"timing":{"execution_ms":180.873374,"state_read_ms":3079.380283,"state_hash_ms":0.057379,"commit_ms":19.147501,"total_ms":3279.542388},"throughput":{"mgas_per_sec":30.492059003690485},"state_reads":{"accounts":8,"storage_slots":23418,"code":2,"code_bytes":1493},"state_writes":{"accounts":2,"accounts_deleted":0,"storage_slots":0,"storage_slots_deleted":0,"code":0,"code_bytes":0},"cache":{"account":{"hits":4,"misses":4,"hit_rate":50},"storage":{"hits":2221,"misses":21197,"hit_rate":9.484157485694764},"code":{"hits":2,"misses":0,"hit_rate":100,"hit_bytes":1493,"miss_bytes":0}}}
INFO [03-26|19:04:41.340] Imported new potential chain segment     number=64418 hash=20b66c..d370bc blocks=1 txs=1 mgas=100.000 elapsed=3.281s      mgasps=30.471 triediffs=1.20MiB triedirty=0.00B
INFO [03-26|19:04:41.340] Chain head was updated                   number=64418 hash=20b66c..d370bc root=ed3a78..2404e9 elapsed="51.32µs"
WARN [03-26|19:04:41.636] Block building is interrupted            allowance=2s
INFO [03-26|19:04:41.637] Stopping work on payload                 id=0x038fef78cca1ff18 reason=delivery
