INFO [03-26|19:23:15.970] Starting Geth on Ethereum mainnet...
INFO [03-26|19:23:15.971] Maximum peer count                       ETH=0 total=0
INFO [03-26|19:23:15.972] Smartcard socket not found, disabling    err="stat /run/pcscd/pcscd.comm: no such file or directory"
WARN [03-26|19:23:15.974] Option --miner.etherbase is deprecated as the etherbase is set by the consensus client post-merge
WARN [03-26|19:23:15.976] Snap sync requested, resetting --cache.snapshot
INFO [03-26|19:23:15.976] Global gas cap disabled
INFO [03-26|19:23:16.667] Using developer account                  address=0xf39Fd6e51aad88F6F4ce6aB8827279cffFb92266
INFO [03-26|19:23:16.834] Using pebble as the backing database
INFO [03-26|19:23:16.834] Allocated cache and file handles         database=/home/CPerezz/bintrie-benchmarks/mpt-vs-bintrie/dbs/mpt/geth/chaindata cache=16.00MiB handles=524,288
INFO [03-26|19:23:17.978] Opened ancient database                  database=/home/CPerezz/bintrie-benchmarks/mpt-vs-bintrie/dbs/mpt/geth/chaindata/ancient/chain readonly=true
INFO [03-26|19:23:17.978] Opened Era store                         datadir=/home/CPerezz/bintrie-benchmarks/mpt-vs-bintrie/dbs/mpt/geth/chaindata/ancient/chain/era
INFO [03-26|19:23:17.989] Initializing the KZG library             backend=gokzg
INFO [03-26|19:23:17.991] Allocated trie memory caches             clean=0.00B dirty=0.00B
INFO [03-26|19:23:18.109] Using pebble as the backing database
INFO [03-26|19:23:18.109] Allocated cache and file handles         database=/home/CPerezz/bintrie-benchmarks/mpt-vs-bintrie/dbs/mpt/geth/chaindata cache=16.00MiB handles=524,288
INFO [03-26|19:23:19.432] Opened ancient database                  database=/home/CPerezz/bintrie-benchmarks/mpt-vs-bintrie/dbs/mpt/geth/chaindata/ancient/chain readonly=false
INFO [03-26|19:23:19.432] Opened Era store                         datadir=/home/CPerezz/bintrie-benchmarks/mpt-vs-bintrie/dbs/mpt/geth/chaindata/ancient/chain/era
INFO [03-26|19:23:19.433] State scheme set to already existing     scheme=path
INFO [03-26|19:23:19.434] Initialising Ethereum protocol           network=1337 dbversion=9
INFO [03-26|19:23:19.434] Load database journal from file          path=/home/CPerezz/bintrie-benchmarks/mpt-vs-bintrie/dbs/mpt/geth/triedb/merkle.journal
INFO [03-26|19:23:19.455] Opened ancient database                  database=/home/CPerezz/bintrie-benchmarks/mpt-vs-bintrie/dbs/mpt/geth/chaindata/ancient/state readonly=false
INFO [03-26|19:23:19.455] Initialized path database                triecache=0.00B statecache=0.00B buffer=0.00B state-history="last 90000 blocks" journal-dir=/home/CPerezz/bintrie-benchmarks/mpt-vs-bintrie/dbs/mpt/geth/triedb
INFO [03-26|19:23:19.455] 
INFO [03-26|19:23:19.455] ---------------------------------------------------------------------------------------------------------------------------------------------------------
INFO [03-26|19:23:19.456] Chain ID:  1337 (unknown)
INFO [03-26|19:23:19.456] Consensus: unknown
INFO [03-26|19:23:19.456] 
INFO [03-26|19:23:19.456] Pre-Merge hard forks (block based):
INFO [03-26|19:23:19.456]  - Homestead:                   #0       
INFO [03-26|19:23:19.456]  - Tangerine Whistle (EIP 150): #0       
INFO [03-26|19:23:19.456]  - Spurious Dragon/1 (EIP 155): #0       
INFO [03-26|19:23:19.456]  - Spurious Dragon/2 (EIP 158): #0       
INFO [03-26|19:23:19.456]  - Byzantium:                   #0       
INFO [03-26|19:23:19.456]  - Constantinople:              #0       
INFO [03-26|19:23:19.456]  - Petersburg:                  #0       
INFO [03-26|19:23:19.456]  - Istanbul:                    #0       
INFO [03-26|19:23:19.456]  - Muir Glacier:                #0       
INFO [03-26|19:23:19.456]  - Berlin:                      #0       
INFO [03-26|19:23:19.456]  - London:                      #0       
INFO [03-26|19:23:19.456]  - Arrow Glacier:               #0       
INFO [03-26|19:23:19.456]  - Gray Glacier:                #0       
INFO [03-26|19:23:19.456] 
INFO [03-26|19:23:19.456] Merge configured:
INFO [03-26|19:23:19.456]  - Total terminal difficulty:  0
INFO [03-26|19:23:19.456]  - Merge netsplit block:       #0       
INFO [03-26|19:23:19.456] 
INFO [03-26|19:23:19.456] Post-Merge hard forks (timestamp based):
INFO [03-26|19:23:19.456]  - Shanghai:                    @0         
INFO [03-26|19:23:19.456]  - Cancun:                      @0          blob: (target: 3, max: 6, fraction: 3338477)
INFO [03-26|19:23:19.456]  - Prague:                      @0          blob: (target: 6, max: 9, fraction: 5225352)
INFO [03-26|19:23:19.456]  - Osaka:                       @4294967295 blob: (target: 9, max: 12, fraction: 5225352)
INFO [03-26|19:23:19.456] 
INFO [03-26|19:23:19.456] All fork specifications can be found at https://ethereum.github.io/execution-specs/src/ethereum/forks/
INFO [03-26|19:23:19.456] 
INFO [03-26|19:23:19.456] ---------------------------------------------------------------------------------------------------------------------------------------------------------
INFO [03-26|19:23:19.456] 
INFO [03-26|19:23:19.456] Loaded most recent local block           number=64514 hash=ceca0e..dc9246 age=12s
INFO [03-26|19:23:19.456] Loaded most recent local finalized block number=64512 hash=f269b6..f2777e age=35s
INFO [03-26|19:23:19.456] Initialized transaction indexer          range="last 2350000 blocks"
INFO [03-26|19:23:19.457] Initialized log indexer                  firstblock=0 lastblock=64514 firstmap=0 lastmap=4 headindexed=true
INFO [03-26|19:23:19.464] Enabled full-sync                        head=64514 hash=ceca0e..dc9246
INFO [03-26|19:23:19.464] Unprotected transactions allowed
INFO [03-26|19:23:19.464] Gasprice oracle is ignoring threshold set threshold=2
INFO [03-26|19:23:19.464] Registered sync override service
WARN [03-26|19:23:19.464] You are running Geth in --dev mode. Please note the following:
WARN [03-26|19:23:19.464] 
WARN [03-26|19:23:19.464]   1. This mode is only intended for fast, iterative development without assumptions on
WARN [03-26|19:23:19.464]      security or persistence.
WARN [03-26|19:23:19.464]   2. The database is created in memory unless specified otherwise. Therefore, shutting down
WARN [03-26|19:23:19.464]      your computer or losing power will wipe your entire block data and chain state for
WARN [03-26|19:23:19.464]      your dev environment.
WARN [03-26|19:23:19.464]   3. A random, pre-allocated developer account will be available and unlocked as
WARN [03-26|19:23:19.464]      eth.coinbase, which can be used for testing. The random dev account is temporary,
WARN [03-26|19:23:19.464]      stored on a ramdisk, and will be lost if your machine is restarted.
WARN [03-26|19:23:19.464]   4. Mining is enabled by default. However, the client will only seal blocks if transactions
WARN [03-26|19:23:19.464]      are pending in the mempool. The miner's minimum accepted gas price is 1.
WARN [03-26|19:23:19.464]   5. Networking is disabled; there is no listen-address, the maximum number of peers is set
WARN [03-26|19:23:19.464]      to 0, and discovery is disabled.
WARN [03-26|19:23:19.464] 
INFO [03-26|19:23:19.464] Starting peer-to-peer node               instance=Geth/v1.17.2-unstable-5d0e18f7-20260325/linux-amd64/go1.24.1
WARN [03-26|19:23:19.465] P2P server will be useless, neither dialing nor listening
INFO [03-26|19:23:19.487] IPC endpoint opened                      url=/home/CPerezz/bintrie-benchmarks/mpt-vs-bintrie/dbs/mpt/geth.ipc
INFO [03-26|19:23:19.487] New local node record                    seq=1,774,465,406,107 id=9566f6e861acb2c3 ip=127.0.0.1 udp=0 tcp=0
INFO [03-26|19:23:19.487] Started P2P networking                   self=enode://7bcb27e0859fe4ed7072e298a58918cc0b55d08376b1207f77d84f6d0d34ded7448b64ab16dd00733b489383beff49c04f662afae4dd1dc102807640ff82a1cd@127.0.0.1:0
ERROR[03-26|19:23:19.487] Unavailable modules in HTTP API list     unavailable=[personal] available="[admin debug web3 eth txpool miner net dev testing]"
INFO [03-26|19:23:19.488] HTTP server started                      endpoint=[::]:8545 auth=false prefix= cors= vhosts=localhost
INFO [03-26|19:23:19.488] WebSocket enabled                        url=ws://[::]:8546
INFO [03-26|19:23:19.515] Loaded local transaction journal         transactions=597 dropped=0
INFO [03-26|19:23:20.923] Submitted contract creation              hash=0x71232565c20094685d112b07f23cb375627d48ec411c7a8e2b0a9f249ad0f71e from=0xf39Fd6e51aad88F6F4ce6aB8827279cffFb92266 nonce=476 contract=0x30426D33a78afdb8788597D5BFaBdADc3Be95698 value=0
INFO [03-26|19:23:20.925] Submitted transaction                    hash=0xe3621a640b28910a4bbd7e920cca89cb30b310d058a997027c87d0a95a0c40aa from=0xf39Fd6e51aad88F6F4ce6aB8827279cffFb92266 nonce=477 recipient=0x2416De0a684D6c315f0f5daf523f2ED6C9F862D9 value=65,400,000,000
INFO [03-26|19:23:21.129] Started log indexer
INFO [03-26|19:23:21.134] Starting work on payload                 id=0x033f9418c005860f
INFO [03-26|19:23:21.139] Updated payload                          id=0x033f9418c005860f number=64515 hash=56f357..575483 txs=2 withdrawals=0 gas=106,226 fees=6.851577e-11 root=146a27..81b450 elapsed=5.254ms
INFO [03-26|19:23:21.139] Stopping work on payload                 id=0x033f9418c005860f reason=delivery
WARN [03-26|19:23:21.141] {"level":"warn","msg":"Slow block","block":{"number":64515,"hash":"0x56f3574d05c30b929338f8c7a0f3b41bba7f5d238328b853be022c6d79575483","gas_used":106226,"tx_count":2},"timing":{"execution_ms":0.0468,"state_read_ms":0.232988,"state_hash_ms":0.419718,"commit_ms":0.402978,"total_ms":1.151485},"throughput":{"mgas_per_sec":92.2513102645714},"state_reads":{"accounts":11,"storage_slots":0,"code":0,"code_bytes":0},"state_writes":{"accounts":3,"accounts_deleted":0,"storage_slots":0,"storage_slots_deleted":0,"code":1,"code_bytes":149},"cache":{"account":{"hits":6,"misses":5,"hit_rate":54.54545454545454},"storage":{"hits":0,"misses":0,"hit_rate":0},"code":{"hits":0,"misses":0,"hit_rate":0,"hit_bytes":0,"miss_bytes":0}}}
INFO [03-26|19:23:21.141] Imported new potential chain segment     number=64515 hash=56f357..575483 blocks=1 txs=2 mgas=0.106 elapsed=1.917ms mgasps=55.392 triediffs=1.20MiB triedirty=0.00B
INFO [03-26|19:23:21.142] Ready for fork activation                fork=Osaka date="07 Feb 06 07:28 CET" remaining=700116h4m54s timestamp=4,294,967,295
INFO [03-26|19:23:21.142] Chain head was updated                   number=64515 hash=56f357..575483 root=146a27..81b450 elapsed="235.388µs"
INFO [03-26|19:23:21.939] Submitted transaction                    hash=0x4bef86a216162f81364b18189a88f42cc5b8648a8cc7db2635331b69f11d9aa1 from=0x2416De0a684D6c315f0f5daf523f2ED6C9F862D9 nonce=0   recipient=0x30426D33a78afdb8788597D5BFaBdADc3Be95698 value=0
INFO [03-26|19:23:31.143] Starting work on payload                 id=0x033b7a37913b0ef0
WARN [03-26|19:23:33.513] Block building is interrupted            allowance=2s
INFO [03-26|19:23:33.514] Updated payload                          id=0x033b7a37913b0ef0 number=64516 hash=6073f7..cfa4d4 txs=1 withdrawals=0 gas=100,000,000 fees=6.46e-08     root=2ba274..a191dc elapsed=2.370s
WARN [03-26|19:23:36.823] {"level":"warn","msg":"Slow block","block":{"number":64516,"hash":"0x6073f77a93525be0df03e7dad6d356c343c2b2b9211c80e162c0d82b40cfa4d4","gas_used":100000000,"tx_count":1},"timing":{"execution_ms":172.725641,"state_read_ms":3113.472686,"state_hash_ms":0.08776,"commit_ms":19.358404,"total_ms":3305.73372},"throughput":{"mgas_per_sec":30.25047038573936},"state_reads":{"accounts":8,"storage_slots":23418,"code":2,"code_bytes":1493},"state_writes":{"accounts":2,"accounts_deleted":0,"storage_slots":0,"storage_slots_deleted":0,"code":0,"code_bytes":0},"cache":{"account":{"hits":4,"misses":4,"hit_rate":50},"storage":{"hits":2718,"misses":20700,"hit_rate":11.606456571867794},"code":{"hits":2,"misses":0,"hit_rate":100,"hit_bytes":1493,"miss_bytes":0}}}
INFO [03-26|19:23:36.823] Imported new potential chain segment     number=64516 hash=6073f7..cfa4d4 blocks=1 txs=1 mgas=100.000 elapsed=3.308s      mgasps=30.226 triediffs=1.20MiB triedirty=0.00B
INFO [03-26|19:23:36.824] Chain head was updated                   number=64516 hash=6073f7..cfa4d4 root=2ba274..a191dc elapsed="48.81µs"
WARN [03-26|19:23:36.881] Block building is interrupted            allowance=2s
INFO [03-26|19:23:36.882] Stopping work on payload                 id=0x033b7a37913b0ef0 reason=delivery
