INFO [03-26|19:10:28.935] Starting Geth on Ethereum mainnet...
INFO [03-26|19:10:28.936] Maximum peer count                       ETH=0 total=0
INFO [03-26|19:10:28.937] Smartcard socket not found, disabling    err="stat /run/pcscd/pcscd.comm: no such file or directory"
WARN [03-26|19:10:28.938] Option --miner.etherbase is deprecated as the etherbase is set by the consensus client post-merge
WARN [03-26|19:10:28.939] Snap sync requested, resetting --cache.snapshot
INFO [03-26|19:10:28.939] Global gas cap disabled
INFO [03-26|19:10:29.584] Using developer account                  address=0xf39Fd6e51aad88F6F4ce6aB8827279cffFb92266
INFO [03-26|19:10:29.751] Using pebble as the backing database
INFO [03-26|19:10:29.751] Allocated cache and file handles         database=/home/CPerezz/bintrie-benchmarks/mpt-vs-bintrie/dbs/mpt/geth/chaindata cache=16.00MiB handles=524,288
INFO [03-26|19:10:30.926] Opened ancient database                  database=/home/CPerezz/bintrie-benchmarks/mpt-vs-bintrie/dbs/mpt/geth/chaindata/ancient/chain readonly=true
INFO [03-26|19:10:30.926] Opened Era store                         datadir=/home/CPerezz/bintrie-benchmarks/mpt-vs-bintrie/dbs/mpt/geth/chaindata/ancient/chain/era
INFO [03-26|19:10:30.936] Initializing the KZG library             backend=gokzg
INFO [03-26|19:10:30.939] Allocated trie memory caches             clean=0.00B dirty=0.00B
INFO [03-26|19:10:31.055] Using pebble as the backing database
INFO [03-26|19:10:31.055] Allocated cache and file handles         database=/home/CPerezz/bintrie-benchmarks/mpt-vs-bintrie/dbs/mpt/geth/chaindata cache=16.00MiB handles=524,288
INFO [03-26|19:10:32.395] Opened ancient database                  database=/home/CPerezz/bintrie-benchmarks/mpt-vs-bintrie/dbs/mpt/geth/chaindata/ancient/chain readonly=false
INFO [03-26|19:10:32.395] Opened Era store                         datadir=/home/CPerezz/bintrie-benchmarks/mpt-vs-bintrie/dbs/mpt/geth/chaindata/ancient/chain/era
INFO [03-26|19:10:32.396] State scheme set to already existing     scheme=path
INFO [03-26|19:10:32.397] Initialising Ethereum protocol           network=1337 dbversion=9
INFO [03-26|19:10:32.400] Load database journal from file          path=/home/CPerezz/bintrie-benchmarks/mpt-vs-bintrie/dbs/mpt/geth/triedb/merkle.journal
INFO [03-26|19:10:32.418] Opened ancient database                  database=/home/CPerezz/bintrie-benchmarks/mpt-vs-bintrie/dbs/mpt/geth/chaindata/ancient/state readonly=false
INFO [03-26|19:10:32.418] Initialized path database                triecache=0.00B statecache=0.00B buffer=0.00B state-history="last 90000 blocks" journal-dir=/home/CPerezz/bintrie-benchmarks/mpt-vs-bintrie/dbs/mpt/geth/triedb
INFO [03-26|19:10:32.418] 
INFO [03-26|19:10:32.418] ---------------------------------------------------------------------------------------------------------------------------------------------------------
INFO [03-26|19:10:32.418] Chain ID:  1337 (unknown)
INFO [03-26|19:10:32.418] Consensus: unknown
INFO [03-26|19:10:32.418] 
INFO [03-26|19:10:32.418] Pre-Merge hard forks (block based):
INFO [03-26|19:10:32.418]  - Homestead:                   #0       
INFO [03-26|19:10:32.418]  - Tangerine Whistle (EIP 150): #0       
INFO [03-26|19:10:32.418]  - Spurious Dragon/1 (EIP 155): #0       
INFO [03-26|19:10:32.418]  - Spurious Dragon/2 (EIP 158): #0       
INFO [03-26|19:10:32.418]  - Byzantium:                   #0       
INFO [03-26|19:10:32.418]  - Constantinople:              #0       
INFO [03-26|19:10:32.418]  - Petersburg:                  #0       
INFO [03-26|19:10:32.418]  - Istanbul:                    #0       
INFO [03-26|19:10:32.418]  - Muir Glacier:                #0       
INFO [03-26|19:10:32.418]  - Berlin:                      #0       
INFO [03-26|19:10:32.418]  - London:                      #0       
INFO [03-26|19:10:32.418]  - Arrow Glacier:               #0       
INFO [03-26|19:10:32.418]  - Gray Glacier:                #0       
INFO [03-26|19:10:32.418] 
INFO [03-26|19:10:32.418] Merge configured:
INFO [03-26|19:10:32.418]  - Total terminal difficulty:  0
INFO [03-26|19:10:32.418]  - Merge netsplit block:       #0       
INFO [03-26|19:10:32.418] 
INFO [03-26|19:10:32.418] Post-Merge hard forks (timestamp based):
INFO [03-26|19:10:32.418]  - Shanghai:                    @0         
INFO [03-26|19:10:32.418]  - Cancun:                      @0          blob: (target: 3, max: 6, fraction: 3338477)
INFO [03-26|19:10:32.418]  - Prague:                      @0          blob: (target: 6, max: 9, fraction: 5225352)
INFO [03-26|19:10:32.418]  - Osaka:                       @4294967295 blob: (target: 9, max: 12, fraction: 5225352)
INFO [03-26|19:10:32.418] 
INFO [03-26|19:10:32.418] All fork specifications can be found at https://ethereum.github.io/execution-specs/src/ethereum/forks/
INFO [03-26|19:10:32.418] 
INFO [03-26|19:10:32.418] ---------------------------------------------------------------------------------------------------------------------------------------------------------
INFO [03-26|19:10:32.418] 
INFO [03-26|19:10:32.419] Loaded most recent local block           number=64448 hash=c4e168..8b18d9 age=12s
INFO [03-26|19:10:32.419] Loaded most recent local finalized block number=64448 hash=c4e168..8b18d9 age=12s
INFO [03-26|19:10:32.419] Initialized transaction indexer          range="last 2350000 blocks"
INFO [03-26|19:10:32.419] Initialized log indexer                  firstblock=0 lastblock=64448 firstmap=0 lastmap=4 headindexed=true
INFO [03-26|19:10:32.421] Enabled full-sync                        head=64448 hash=c4e168..8b18d9
INFO [03-26|19:10:32.421] Unprotected transactions allowed
INFO [03-26|19:10:32.421] Gasprice oracle is ignoring threshold set threshold=2
INFO [03-26|19:10:32.421] Registered sync override service
WARN [03-26|19:10:32.421] You are running Geth in --dev mode. Please note the following:
WARN [03-26|19:10:32.421] 
WARN [03-26|19:10:32.421]   1. This mode is only intended for fast, iterative development without assumptions on
WARN [03-26|19:10:32.421]      security or persistence.
WARN [03-26|19:10:32.421]   2. The database is created in memory unless specified otherwise. Therefore, shutting down
WARN [03-26|19:10:32.421]      your computer or losing power will wipe your entire block data and chain state for
WARN [03-26|19:10:32.421]      your dev environment.
WARN [03-26|19:10:32.421]   3. A random, pre-allocated developer account will be available and unlocked as
WARN [03-26|19:10:32.421]      eth.coinbase, which can be used for testing. The random dev account is temporary,
WARN [03-26|19:10:32.421]      stored on a ramdisk, and will be lost if your machine is restarted.
WARN [03-26|19:10:32.421]   4. Mining is enabled by default. However, the client will only seal blocks if transactions
WARN [03-26|19:10:32.421]      are pending in the mempool. The miner's minimum accepted gas price is 1.
WARN [03-26|19:10:32.421]   5. Networking is disabled; there is no listen-address, the maximum number of peers is set
WARN [03-26|19:10:32.421]      to 0, and discovery is disabled.
WARN [03-26|19:10:32.421] 
INFO [03-26|19:10:32.421] Starting peer-to-peer node               instance=Geth/v1.17.2-unstable-5d0e18f7-20260325/linux-amd64/go1.24.1
WARN [03-26|19:10:32.421] P2P server will be useless, neither dialing nor listening
INFO [03-26|19:10:32.427] New local node record                    seq=1,774,465,406,074 id=9566f6e861acb2c3 ip=127.0.0.1 udp=0 tcp=0
INFO [03-26|19:10:32.427] Started P2P networking                   self=enode://7bcb27e0859fe4ed7072e298a58918cc0b55d08376b1207f77d84f6d0d34ded7448b64ab16dd00733b489383beff49c04f662afae4dd1dc102807640ff82a1cd@127.0.0.1:0
INFO [03-26|19:10:32.439] IPC endpoint opened                      url=/home/CPerezz/bintrie-benchmarks/mpt-vs-bintrie/dbs/mpt/geth.ipc
ERROR[03-26|19:10:32.439] Unavailable modules in HTTP API list     unavailable=[personal] available="[admin debug web3 eth txpool miner net dev testing]"
INFO [03-26|19:10:32.439] HTTP server started                      endpoint=[::]:8545 auth=false prefix= cors= vhosts=localhost
INFO [03-26|19:10:32.439] WebSocket enabled                        url=ws://[::]:8546
INFO [03-26|19:10:32.473] Loaded local transaction journal         transactions=498 dropped=0
INFO [03-26|19:10:33.890] Submitted contract creation              hash=0x06e56f98ef2b81c032ef8b070948891ce4fd175504b11214b79b0e39d637a24c from=0xf39Fd6e51aad88F6F4ce6aB8827279cffFb92266 nonce=410 contract=0xD2D5e508C82EFc205cAFA4Ad969a4395Babce026 value=0
INFO [03-26|19:10:33.892] Submitted transaction                    hash=0x6da7d86d2fea508d39502abea37a3f6f260fe30b21d8e23c3021fc4bc5553f74 from=0xf39Fd6e51aad88F6F4ce6aB8827279cffFb92266 nonce=411 recipient=0x0C0aa57976cfCB40122c8c4607e69378d0A2d643 value=7,800,000,000
INFO [03-26|19:10:34.380] Started log indexer
INFO [03-26|19:10:34.392] Starting work on payload                 id=0x039902f5254b22d8
INFO [03-26|19:10:34.398] Updated payload                          id=0x039902f5254b22d8 number=64449 hash=a36c41..dba80d txs=2 withdrawals=0 gas=106,226 fees=7.329594e-12 root=786e3b..a8b0fe elapsed=5.982ms
INFO [03-26|19:10:34.398] Stopping work on payload                 id=0x039902f5254b22d8 reason=delivery
WARN [03-26|19:10:34.401] {"level":"warn","msg":"Slow block","block":{"number":64449,"hash":"0xa36c41fb80a7bf09379ae4d21d2d3d2a4838d4df3afa93495061550bfcdba80d","gas_used":106226,"tx_count":2},"timing":{"execution_ms":0.060861,"state_read_ms":0.153228,"state_hash_ms":0.461047,"commit_ms":0.489877,"total_ms":1.214454},"throughput":{"mgas_per_sec":87.46811324265884},"state_reads":{"accounts":11,"storage_slots":0,"code":0,"code_bytes":0},"state_writes":{"accounts":3,"accounts_deleted":0,"storage_slots":0,"storage_slots_deleted":0,"code":1,"code_bytes":149},"cache":{"account":{"hits":4,"misses":7,"hit_rate":36.36363636363637},"storage":{"hits":0,"misses":0,"hit_rate":0},"code":{"hits":0,"misses":0,"hit_rate":0,"hit_bytes":0,"miss_bytes":0}}}
INFO [03-26|19:10:34.401] Imported new potential chain segment     number=64449 hash=a36c41..dba80d blocks=1 txs=2 mgas=0.106 elapsed=1.523ms mgasps=69.738 triediffs=1.20MiB triedirty=0.00B
INFO [03-26|19:10:34.401] Ready for fork activation                fork=Osaka date="07 Feb 06 07:28 CET" remaining=700116h17m41s timestamp=4,294,967,295
INFO [03-26|19:10:34.401] Chain head was updated                   number=64449 hash=a36c41..dba80d root=786e3b..a8b0fe elapsed="246.128µs"
INFO [03-26|19:10:34.907] Submitted transaction                    hash=0x314bf0efbb454b2c948afd19be0bb29d20b51e70e1dc11b291580fc6652584e6 from=0x0C0aa57976cfCB40122c8c4607e69378d0A2d643 nonce=0   recipient=0xD2D5e508C82EFc205cAFA4Ad969a4395Babce026 value=0
INFO [03-26|19:10:44.403] Starting work on payload                 id=0x0342f9950e5af670
WARN [03-26|19:10:46.785] Block building is interrupted            allowance=2s
INFO [03-26|19:10:46.785] Updated payload                          id=0x0342f9950e5af670 number=64450 hash=63fa9c..b2aa8b txs=1 withdrawals=0 gas=100,000,000 fees=7e-09        root=3d0b9d..6a0b8f elapsed=2.382s
WARN [03-26|19:10:50.171] {"level":"warn","msg":"Slow block","block":{"number":64450,"hash":"0x63fa9caafc0966f086d5a024f6ad58e0fc478f1098f41c1bd583539131b2aa8b","gas_used":100000000,"tx_count":1},"timing":{"execution_ms":181.109209,"state_read_ms":3184.343357,"state_hash_ms":0.0659,"commit_ms":18.05738,"total_ms":3383.651146},"throughput":{"mgas_per_sec":29.553874109692277},"state_reads":{"accounts":8,"storage_slots":23418,"code":2,"code_bytes":1493},"state_writes":{"accounts":2,"accounts_deleted":0,"storage_slots":0,"storage_slots_deleted":0,"code":0,"code_bytes":0},"cache":{"account":{"hits":3,"misses":5,"hit_rate":37.5},"storage":{"hits":2379,"misses":21039,"hit_rate":10.158852165001282},"code":{"hits":2,"misses":0,"hit_rate":100,"hit_bytes":1493,"miss_bytes":0}}}
INFO [03-26|19:10:50.171] Imported new potential chain segment     number=64450 hash=63fa9c..b2aa8b blocks=1 txs=1 mgas=100.000 elapsed=3.384s      mgasps=29.545 triediffs=1.20MiB triedirty=0.00B
INFO [03-26|19:10:50.173] Chain head was updated                   number=64450 hash=63fa9c..b2aa8b root=3d0b9d..6a0b8f elapsed="70.39µs"
WARN [03-26|19:10:50.530] Block building is interrupted            allowance=2s
INFO [03-26|19:10:50.531] Stopping work on payload                 id=0x0342f9950e5af670 reason=delivery
