INFO [03-26|19:17:50.668] Starting Geth on Ethereum mainnet...
INFO [03-26|19:17:50.671] Maximum peer count                       ETH=0 total=0
INFO [03-26|19:17:50.672] Smartcard socket not found, disabling    err="stat /run/pcscd/pcscd.comm: no such file or directory"
WARN [03-26|19:17:50.673] Option --miner.etherbase is deprecated as the etherbase is set by the consensus client post-merge
WARN [03-26|19:17:50.674] Snap sync requested, resetting --cache.snapshot
INFO [03-26|19:17:50.674] Global gas cap disabled
INFO [03-26|19:17:51.368] Using developer account                  address=0xf39Fd6e51aad88F6F4ce6aB8827279cffFb92266
INFO [03-26|19:17:51.535] Using pebble as the backing database
INFO [03-26|19:17:51.535] Allocated cache and file handles         database=/home/CPerezz/bintrie-benchmarks/mpt-vs-bintrie/dbs/mpt/geth/chaindata cache=16.00MiB handles=524,288
INFO [03-26|19:17:52.651] Opened ancient database                  database=/home/CPerezz/bintrie-benchmarks/mpt-vs-bintrie/dbs/mpt/geth/chaindata/ancient/chain readonly=true
INFO [03-26|19:17:52.651] Opened Era store                         datadir=/home/CPerezz/bintrie-benchmarks/mpt-vs-bintrie/dbs/mpt/geth/chaindata/ancient/chain/era
INFO [03-26|19:17:52.663] Initializing the KZG library             backend=gokzg
INFO [03-26|19:17:52.666] Allocated trie memory caches             clean=0.00B dirty=0.00B
INFO [03-26|19:17:52.777] Using pebble as the backing database
INFO [03-26|19:17:52.777] Allocated cache and file handles         database=/home/CPerezz/bintrie-benchmarks/mpt-vs-bintrie/dbs/mpt/geth/chaindata cache=16.00MiB handles=524,288
INFO [03-26|19:17:54.105] Opened ancient database                  database=/home/CPerezz/bintrie-benchmarks/mpt-vs-bintrie/dbs/mpt/geth/chaindata/ancient/chain readonly=false
INFO [03-26|19:17:54.105] Opened Era store                         datadir=/home/CPerezz/bintrie-benchmarks/mpt-vs-bintrie/dbs/mpt/geth/chaindata/ancient/chain/era
INFO [03-26|19:17:54.107] State scheme set to already existing     scheme=path
INFO [03-26|19:17:54.108] Initialising Ethereum protocol           network=1337 dbversion=9
INFO [03-26|19:17:54.108] Load database journal from file          path=/home/CPerezz/bintrie-benchmarks/mpt-vs-bintrie/dbs/mpt/geth/triedb/merkle.journal
INFO [03-26|19:17:54.139] Opened ancient database                  database=/home/CPerezz/bintrie-benchmarks/mpt-vs-bintrie/dbs/mpt/geth/chaindata/ancient/state readonly=false
INFO [03-26|19:17:54.140] Initialized path database                triecache=0.00B statecache=0.00B buffer=0.00B state-history="last 90000 blocks" journal-dir=/home/CPerezz/bintrie-benchmarks/mpt-vs-bintrie/dbs/mpt/geth/triedb
INFO [03-26|19:17:54.140] 
INFO [03-26|19:17:54.140] ---------------------------------------------------------------------------------------------------------------------------------------------------------
INFO [03-26|19:17:54.140] Chain ID:  1337 (unknown)
INFO [03-26|19:17:54.140] Consensus: unknown
INFO [03-26|19:17:54.140] 
INFO [03-26|19:17:54.140] Pre-Merge hard forks (block based):
INFO [03-26|19:17:54.140]  - Homestead:                   #0       
INFO [03-26|19:17:54.140]  - Tangerine Whistle (EIP 150): #0       
INFO [03-26|19:17:54.140]  - Spurious Dragon/1 (EIP 155): #0       
INFO [03-26|19:17:54.140]  - Spurious Dragon/2 (EIP 158): #0       
INFO [03-26|19:17:54.140]  - Byzantium:                   #0       
INFO [03-26|19:17:54.140]  - Constantinople:              #0       
INFO [03-26|19:17:54.140]  - Petersburg:                  #0       
INFO [03-26|19:17:54.140]  - Istanbul:                    #0       
INFO [03-26|19:17:54.140]  - Muir Glacier:                #0       
INFO [03-26|19:17:54.140]  - Berlin:                      #0       
INFO [03-26|19:17:54.140]  - London:                      #0       
INFO [03-26|19:17:54.140]  - Arrow Glacier:               #0       
INFO [03-26|19:17:54.140]  - Gray Glacier:                #0       
INFO [03-26|19:17:54.140] 
INFO [03-26|19:17:54.140] Merge configured:
INFO [03-26|19:17:54.140]  - Total terminal difficulty:  0
INFO [03-26|19:17:54.140]  - Merge netsplit block:       #0       
INFO [03-26|19:17:54.140] 
INFO [03-26|19:17:54.140] Post-Merge hard forks (timestamp based):
INFO [03-26|19:17:54.140]  - Shanghai:                    @0         
INFO [03-26|19:17:54.140]  - Cancun:                      @0          blob: (target: 3, max: 6, fraction: 3338477)
INFO [03-26|19:17:54.140]  - Prague:                      @0          blob: (target: 6, max: 9, fraction: 5225352)
INFO [03-26|19:17:54.140]  - Osaka:                       @4294967295 blob: (target: 9, max: 12, fraction: 5225352)
INFO [03-26|19:17:54.140] 
INFO [03-26|19:17:54.140] All fork specifications can be found at https://ethereum.github.io/execution-specs/src/ethereum/forks/
INFO [03-26|19:17:54.140] 
INFO [03-26|19:17:54.140] ---------------------------------------------------------------------------------------------------------------------------------------------------------
INFO [03-26|19:17:54.140] 
INFO [03-26|19:17:54.141] Loaded most recent local block           number=64486 hash=1155a6..df6651 age=12s
INFO [03-26|19:17:54.141] Loaded most recent local finalized block number=64480 hash=41eac9..aedd69 age=1m23s
INFO [03-26|19:17:54.141] Initialized transaction indexer          range="last 2350000 blocks"
INFO [03-26|19:17:54.141] Initialized log indexer                  firstblock=0 lastblock=64486 firstmap=0 lastmap=4 headindexed=true
INFO [03-26|19:17:54.150] Enabled full-sync                        head=64486 hash=1155a6..df6651
INFO [03-26|19:17:54.150] Unprotected transactions allowed
INFO [03-26|19:17:54.150] Gasprice oracle is ignoring threshold set threshold=2
INFO [03-26|19:17:54.150] Registered sync override service
WARN [03-26|19:17:54.150] You are running Geth in --dev mode. Please note the following:
WARN [03-26|19:17:54.150] 
WARN [03-26|19:17:54.150]   1. This mode is only intended for fast, iterative development without assumptions on
WARN [03-26|19:17:54.150]      security or persistence.
WARN [03-26|19:17:54.150]   2. The database is created in memory unless specified otherwise. Therefore, shutting down
WARN [03-26|19:17:54.150]      your computer or losing power will wipe your entire block data and chain state for
WARN [03-26|19:17:54.150]      your dev environment.
WARN [03-26|19:17:54.150]   3. A random, pre-allocated developer account will be available and unlocked as
WARN [03-26|19:17:54.150]      eth.coinbase, which can be used for testing. The random dev account is temporary,
WARN [03-26|19:17:54.150]      stored on a ramdisk, and will be lost if your machine is restarted.
WARN [03-26|19:17:54.150]   4. Mining is enabled by default. However, the client will only seal blocks if transactions
WARN [03-26|19:17:54.150]      are pending in the mempool. The miner's minimum accepted gas price is 1.
WARN [03-26|19:17:54.150]   5. Networking is disabled; there is no listen-address, the maximum number of peers is set
WARN [03-26|19:17:54.150]      to 0, and discovery is disabled.
WARN [03-26|19:17:54.150] 
INFO [03-26|19:17:54.150] Starting peer-to-peer node               instance=Geth/v1.17.2-unstable-5d0e18f7-20260325/linux-amd64/go1.24.1
WARN [03-26|19:17:54.150] P2P server will be useless, neither dialing nor listening
INFO [03-26|19:17:54.154] IPC endpoint opened                      url=/home/CPerezz/bintrie-benchmarks/mpt-vs-bintrie/dbs/mpt/geth.ipc
ERROR[03-26|19:17:54.154] Unavailable modules in HTTP API list     unavailable=[personal] available="[admin debug web3 eth txpool miner net dev testing]"
INFO [03-26|19:17:54.154] New local node record                    seq=1,774,465,406,093 id=9566f6e861acb2c3 ip=127.0.0.1 udp=0 tcp=0
INFO [03-26|19:17:54.154] Started P2P networking                   self=enode://7bcb27e0859fe4ed7072e298a58918cc0b55d08376b1207f77d84f6d0d34ded7448b64ab16dd00733b489383beff49c04f662afae4dd1dc102807640ff82a1cd@127.0.0.1:0
INFO [03-26|19:17:54.154] HTTP server started                      endpoint=[::]:8545 auth=false prefix= cors= vhosts=localhost
INFO [03-26|19:17:54.155] WebSocket enabled                        url=ws://[::]:8546
INFO [03-26|19:17:54.198] Loaded local transaction journal         transactions=555 dropped=0
INFO [03-26|19:17:55.612] Submitted contract creation              hash=0x0f9f302e4a157e3ebb944de6db485209696cbd2358dce1a24b5c597d383e1847 from=0xf39Fd6e51aad88F6F4ce6aB8827279cffFb92266 nonce=448 contract=0x04F339eC4D75Cf2833069e6e61b60eF56461CD7C value=0
INFO [03-26|19:17:55.614] Submitted transaction                    hash=0xf9f03037fa3bba94ec6bc97efdbcfb631838d4db826e47a6c5270ac1f3dc70a3 from=0xf39Fd6e51aad88F6F4ce6aB8827279cffFb92266 nonce=449 recipient=0x49C5A03bB69C2f8F4c8c20b2b598dC4a97AeA262 value=22,200,000,000
INFO [03-26|19:17:56.119] Started log indexer
INFO [03-26|19:17:56.125] Starting work on payload                 id=0x03209c08a00ed70f
INFO [03-26|19:17:56.134] Updated payload                          id=0x03209c08a00ed70f number=64487 hash=ceda49..71d5db txs=2 withdrawals=0 gas=106,226 fees=2.2626138e-11 root=ad76ec..70d4fb elapsed=9.161ms
INFO [03-26|19:17:56.135] Stopping work on payload                 id=0x03209c08a00ed70f reason=delivery
WARN [03-26|19:17:56.137] {"level":"warn","msg":"Slow block","block":{"number":64487,"hash":"0xceda49bad7cf9c4f961e0b5160a01bd6f8fc0744e156fd51e77ce0a02171d5db","gas_used":106226,"tx_count":2},"timing":{"execution_ms":0.052222,"state_read_ms":0.696614,"state_hash_ms":0.221098,"commit_ms":0.483417,"total_ms":1.511872},"throughput":{"mgas_per_sec":70.26123904669178},"state_reads":{"accounts":11,"storage_slots":0,"code":0,"code_bytes":0},"state_writes":{"accounts":3,"accounts_deleted":0,"storage_slots":0,"storage_slots_deleted":0,"code":1,"code_bytes":149},"cache":{"account":{"hits":4,"misses":7,"hit_rate":36.36363636363637},"storage":{"hits":0,"misses":0,"hit_rate":0},"code":{"hits":0,"misses":0,"hit_rate":0,"hit_bytes":0,"miss_bytes":0}}}
INFO [03-26|19:17:56.137] Imported new potential chain segment     number=64487 hash=ceda49..71d5db blocks=1 txs=2 mgas=0.106 elapsed=2.321ms mgasps=45.756 triediffs=1.20MiB triedirty=0.00B
INFO [03-26|19:17:56.138] Ready for fork activation                fork=Osaka date="07 Feb 06 07:28 CET" remaining=700116h10m19s timestamp=4,294,967,295
INFO [03-26|19:17:56.138] Chain head was updated                   number=64487 hash=ceda49..71d5db root=ad76ec..70d4fb elapsed="253.638µs"
INFO [03-26|19:17:56.629] Submitted transaction                    hash=0x5be9b624e04a80e6c36168e00721f2e02a1d9ec24407c801c2139c3da6084df0 from=0x49C5A03bB69C2f8F4c8c20b2b598dC4a97AeA262 nonce=0   recipient=0x04F339eC4D75Cf2833069e6e61b60eF56461CD7C value=0
INFO [03-26|19:18:06.140] Starting work on payload                 id=0x03626d55dd47a534
WARN [03-26|19:18:08.591] Block building is interrupted            allowance=2s
INFO [03-26|19:18:08.592] Updated payload                          id=0x03626d55dd47a534 number=64488 hash=092ec7..78f9e6 txs=1 withdrawals=0 gas=100,000,000 fees=2.14e-08      root=116508..0cd3a9 elapsed=2.451s
WARN [03-26|19:18:11.889] {"level":"warn","msg":"Slow block","block":{"number":64488,"hash":"0x092ec7dd2fb2f52e0a85e2fa9658fc801f1716cdc7fc759583082f8b7f78f9e6","gas_used":100000000,"tx_count":1},"timing":{"execution_ms":179.874383,"state_read_ms":3095.435765,"state_hash_ms":0.05856,"commit_ms":19.855741,"total_ms":3295.29466},"throughput":{"mgas_per_sec":30.346299896592555},"state_reads":{"accounts":8,"storage_slots":23418,"code":2,"code_bytes":1493},"state_writes":{"accounts":2,"accounts_deleted":0,"storage_slots":0,"storage_slots_deleted":0,"code":0,"code_bytes":0},"cache":{"account":{"hits":2,"misses":6,"hit_rate":25},"storage":{"hits":2013,"misses":21405,"hit_rate":8.595951831924161},"code":{"hits":2,"misses":0,"hit_rate":100,"hit_bytes":1493,"miss_bytes":0}}}
INFO [03-26|19:18:11.889] Imported new potential chain segment     number=64488 hash=092ec7..78f9e6 blocks=1 txs=1 mgas=100.000 elapsed=3.296s      mgasps=30.334 triediffs=1.20MiB triedirty=0.00B
INFO [03-26|19:18:11.890] Chain head was updated                   number=64488 hash=092ec7..78f9e6 root=116508..0cd3a9 elapsed="44.099µs"
WARN [03-26|19:18:12.219] Block building is interrupted            allowance=2s
INFO [03-26|19:18:12.219] Stopping work on payload                 id=0x03626d55dd47a534 reason=delivery
