INFO [03-26|18:45:30.015] Starting Geth on Ethereum mainnet...
INFO [03-26|18:45:30.016] Maximum peer count                       ETH=0 total=0
INFO [03-26|18:45:30.017] Smartcard socket not found, disabling    err="stat /run/pcscd/pcscd.comm: no such file or directory"
WARN [03-26|18:45:30.018] Option --miner.etherbase is deprecated as the etherbase is set by the consensus client post-merge
WARN [03-26|18:45:30.020] Snap sync requested, resetting --cache.snapshot
INFO [03-26|18:45:30.020] Global gas cap disabled
INFO [03-26|18:45:30.682] Using developer account                  address=0xf39Fd6e51aad88F6F4ce6aB8827279cffFb92266
INFO [03-26|18:45:30.926] Using pebble as the backing database
INFO [03-26|18:45:30.927] Allocated cache and file handles         database=/home/CPerezz/bintrie-benchmarks/mpt-vs-bintrie/dbs/mpt/geth/chaindata cache=16.00MiB handles=524,288
INFO [03-26|18:45:33.110] Opened ancient database                  database=/home/CPerezz/bintrie-benchmarks/mpt-vs-bintrie/dbs/mpt/geth/chaindata/ancient/chain readonly=true
INFO [03-26|18:45:33.110] Opened Era store                         datadir=/home/CPerezz/bintrie-benchmarks/mpt-vs-bintrie/dbs/mpt/geth/chaindata/ancient/chain/era
INFO [03-26|18:45:33.120] Initializing the KZG library             backend=gokzg
INFO [03-26|18:45:33.121] Allocated trie memory caches             clean=0.00B dirty=0.00B
INFO [03-26|18:45:33.218] Using pebble as the backing database
INFO [03-26|18:45:33.218] Allocated cache and file handles         database=/home/CPerezz/bintrie-benchmarks/mpt-vs-bintrie/dbs/mpt/geth/chaindata cache=16.00MiB handles=524,288
INFO [03-26|18:45:34.534] Opened ancient database                  database=/home/CPerezz/bintrie-benchmarks/mpt-vs-bintrie/dbs/mpt/geth/chaindata/ancient/chain readonly=false
INFO [03-26|18:45:34.534] Opened Era store                         datadir=/home/CPerezz/bintrie-benchmarks/mpt-vs-bintrie/dbs/mpt/geth/chaindata/ancient/chain/era
INFO [03-26|18:45:34.536] State scheme set to already existing     scheme=path
INFO [03-26|18:45:34.538] Initialising Ethereum protocol           network=1337 dbversion=9
INFO [03-26|18:45:34.538] Load database journal from file          path=/home/CPerezz/bintrie-benchmarks/mpt-vs-bintrie/dbs/mpt/geth/triedb/merkle.journal
INFO [03-26|18:45:34.553] Opened ancient database                  database=/home/CPerezz/bintrie-benchmarks/mpt-vs-bintrie/dbs/mpt/geth/chaindata/ancient/state readonly=false
INFO [03-26|18:45:34.555] Initialized path database                triecache=0.00B statecache=0.00B buffer=0.00B state-history="last 90000 blocks" journal-dir=/home/CPerezz/bintrie-benchmarks/mpt-vs-bintrie/dbs/mpt/geth/triedb
INFO [03-26|18:45:34.555] 
INFO [03-26|18:45:34.555] ---------------------------------------------------------------------------------------------------------------------------------------------------------
INFO [03-26|18:45:34.555] Chain ID:  1337 (unknown)
INFO [03-26|18:45:34.555] Consensus: unknown
INFO [03-26|18:45:34.555] 
INFO [03-26|18:45:34.555] Pre-Merge hard forks (block based):
INFO [03-26|18:45:34.555]  - Homestead:                   #0       
INFO [03-26|18:45:34.555]  - Tangerine Whistle (EIP 150): #0       
INFO [03-26|18:45:34.555]  - Spurious Dragon/1 (EIP 155): #0       
INFO [03-26|18:45:34.555]  - Spurious Dragon/2 (EIP 158): #0       
INFO [03-26|18:45:34.555]  - Byzantium:                   #0       
INFO [03-26|18:45:34.555]  - Constantinople:              #0       
INFO [03-26|18:45:34.555]  - Petersburg:                  #0       
INFO [03-26|18:45:34.555]  - Istanbul:                    #0       
INFO [03-26|18:45:34.555]  - Muir Glacier:                #0       
INFO [03-26|18:45:34.555]  - Berlin:                      #0       
INFO [03-26|18:45:34.555]  - London:                      #0       
INFO [03-26|18:45:34.555]  - Arrow Glacier:               #0       
INFO [03-26|18:45:34.555]  - Gray Glacier:                #0       
INFO [03-26|18:45:34.555] 
INFO [03-26|18:45:34.555] Merge configured:
INFO [03-26|18:45:34.555]  - Total terminal difficulty:  0
INFO [03-26|18:45:34.555]  - Merge netsplit block:       #0       
INFO [03-26|18:45:34.555] 
INFO [03-26|18:45:34.555] Post-Merge hard forks (timestamp based):
INFO [03-26|18:45:34.555]  - Shanghai:                    @0         
INFO [03-26|18:45:34.555]  - Cancun:                      @0          blob: (target: 3, max: 6, fraction: 3338477)
INFO [03-26|18:45:34.555]  - Prague:                      @0          blob: (target: 6, max: 9, fraction: 5225352)
INFO [03-26|18:45:34.555]  - Osaka:                       @4294967295 blob: (target: 9, max: 12, fraction: 5225352)
INFO [03-26|18:45:34.555] 
INFO [03-26|18:45:34.555] All fork specifications can be found at https://ethereum.github.io/execution-specs/src/ethereum/forks/
INFO [03-26|18:45:34.555] 
INFO [03-26|18:45:34.555] ---------------------------------------------------------------------------------------------------------------------------------------------------------
INFO [03-26|18:45:34.555] 
INFO [03-26|18:45:34.556] Loaded most recent local block           number=64323 hash=f45609..e34698 age=16s
INFO [03-26|18:45:34.556] Loaded most recent local finalized block number=64320 hash=e9222e..03866f age=53s
INFO [03-26|18:45:34.557] Initialized transaction indexer          range="last 2350000 blocks"
INFO [03-26|18:45:34.557] Initialized log indexer                  firstblock=0 lastblock=64323 firstmap=0 lastmap=4 headindexed=true
INFO [03-26|18:45:34.566] Enabled full-sync                        head=64323 hash=f45609..e34698
INFO [03-26|18:45:34.567] Unprotected transactions allowed
INFO [03-26|18:45:34.567] Gasprice oracle is ignoring threshold set threshold=2
INFO [03-26|18:45:34.567] Registered sync override service
WARN [03-26|18:45:34.567] You are running Geth in --dev mode. Please note the following:
WARN [03-26|18:45:34.567] 
WARN [03-26|18:45:34.567]   1. This mode is only intended for fast, iterative development without assumptions on
WARN [03-26|18:45:34.567]      security or persistence.
WARN [03-26|18:45:34.567]   2. The database is created in memory unless specified otherwise. Therefore, shutting down
WARN [03-26|18:45:34.567]      your computer or losing power will wipe your entire block data and chain state for
WARN [03-26|18:45:34.567]      your dev environment.
WARN [03-26|18:45:34.567]   3. A random, pre-allocated developer account will be available and unlocked as
WARN [03-26|18:45:34.567]      eth.coinbase, which can be used for testing. The random dev account is temporary,
WARN [03-26|18:45:34.567]      stored on a ramdisk, and will be lost if your machine is restarted.
WARN [03-26|18:45:34.567]   4. Mining is enabled by default. However, the client will only seal blocks if transactions
WARN [03-26|18:45:34.567]      are pending in the mempool. The miner's minimum accepted gas price is 1.
WARN [03-26|18:45:34.567]   5. Networking is disabled; there is no listen-address, the maximum number of peers is set
WARN [03-26|18:45:34.567]      to 0, and discovery is disabled.
WARN [03-26|18:45:34.567] 
INFO [03-26|18:45:34.567] Starting peer-to-peer node               instance=Geth/v1.17.2-unstable-5d0e18f7-20260325/linux-amd64/go1.24.1
WARN [03-26|18:45:34.568] P2P server will be useless, neither dialing nor listening
INFO [03-26|18:45:34.580] IPC endpoint opened                      url=/home/CPerezz/bintrie-benchmarks/mpt-vs-bintrie/dbs/mpt/geth.ipc
ERROR[03-26|18:45:34.580] Unavailable modules in HTTP API list     unavailable=[personal] available="[admin debug web3 eth txpool miner net dev testing]"
INFO [03-26|18:45:34.580] New local node record                    seq=1,774,465,406,023 id=9566f6e861acb2c3 ip=127.0.0.1 udp=0 tcp=0
INFO [03-26|18:45:34.580] Started P2P networking                   self=enode://7bcb27e0859fe4ed7072e298a58918cc0b55d08376b1207f77d84f6d0d34ded7448b64ab16dd00733b489383beff49c04f662afae4dd1dc102807640ff82a1cd@127.0.0.1:0
INFO [03-26|18:45:34.580] HTTP server started                      endpoint=[::]:8545 auth=false prefix= cors= vhosts=localhost
INFO [03-26|18:45:34.580] WebSocket enabled                        url=ws://[::]:8546
INFO [03-26|18:45:34.597] Loaded local transaction journal         transactions=345 dropped=0
INFO [03-26|18:45:35.695] Started log indexer
INFO [03-26|18:45:35.704] Starting work on payload                 id=0x0393cf2eee03c410
INFO [03-26|18:45:35.704] Updated payload                          id=0x0393cf2eee03c410 number=64324 hash=ea949b..41cc3b txs=0 withdrawals=0 gas=0 fees=0 root=5131f3..8eb823 elapsed="133.188µs"
INFO [03-26|18:45:35.704] Stopping work on payload                 id=0x0393cf2eee03c410 reason=delivery
WARN [03-26|18:45:35.708] {"level":"warn","msg":"Slow block","block":{"number":64324,"hash":"0xea949b825b7b5a25c0cdef63f4bbc571e6a7bc4fdc84d5e8d1eedbae5841cc3b","gas_used":0,"tx_count":0},"timing":{"execution_ms":0.019549,"state_read_ms":0.712485,"state_hash_ms":0.0134,"commit_ms":0.119999,"total_ms":0.931804},"throughput":{"mgas_per_sec":0},"state_reads":{"accounts":4,"storage_slots":0,"code":0,"code_bytes":0},"state_writes":{"accounts":0,"accounts_deleted":0,"storage_slots":0,"storage_slots_deleted":0,"code":0,"code_bytes":0},"cache":{"account":{"hits":0,"misses":4,"hit_rate":0},"storage":{"hits":0,"misses":0,"hit_rate":0},"code":{"hits":0,"misses":0,"hit_rate":0,"hit_bytes":0,"miss_bytes":0}}}
INFO [03-26|18:45:35.708] Imported new potential chain segment     number=64324 hash=ea949b..41cc3b blocks=1 txs=0 mgas=0.000 elapsed=3.702ms     mgasps=0.000 triediffs=1.20MiB triedirty=0.00B
INFO [03-26|18:45:35.708] Ready for fork activation                fork=Osaka date="07 Feb 06 07:28 CET" remaining=700116h42m39s timestamp=4,294,967,295
INFO [03-26|18:45:35.708] Chain head was updated                   number=64324 hash=ea949b..41cc3b root=5131f3..8eb823 elapsed="53.549µs"
INFO [03-26|18:45:36.296] Submitted contract creation              hash=0xf3ced77cb5079f89f6008932d0b1fb4ee7b57cee58b8416c53a2086d31f02c40 from=0xf39Fd6e51aad88F6F4ce6aB8827279cffFb92266 nonce=308 contract=0x2F54D1563963fC04770E85AF819c89Dc807f6a06 value=0
INFO [03-26|18:45:36.298] Submitted transaction                    hash=0x7d29717bc45cc1d40ca1750838726af1531297ad886c71d3c4cea5d06bdd301c from=0xf39Fd6e51aad88F6F4ce6aB8827279cffFb92266 nonce=309 recipient=0xEDca2882d1ebA8Fa34aC8292751D58e67B801fb9 value=1,600,000,000
INFO [03-26|18:45:45.711] Starting work on payload                 id=0x035eecec981e2825
INFO [03-26|18:45:45.719] Updated payload                          id=0x035eecec981e2825 number=64325 hash=213c80..b64257 txs=2 withdrawals=0 gas=106,226 fees=8.49808e-13 root=c90f8c..85a5f0 elapsed=7.461ms
INFO [03-26|18:45:45.719] Stopping work on payload                 id=0x035eecec981e2825 reason=delivery
WARN [03-26|18:45:45.721] {"level":"warn","msg":"Slow block","block":{"number":64325,"hash":"0x213c80c101a9d68c88c64a428eaa996c946c5c93473e310ac7342706ceb64257","gas_used":106226,"tx_count":2},"timing":{"execution_ms":0.104519,"state_read_ms":0.100089,"state_hash_ms":0.284778,"commit_ms":1.203641,"total_ms":1.723967},"throughput":{"mgas_per_sec":61.617188728090504},"state_reads":{"accounts":11,"storage_slots":0,"code":0,"code_bytes":0},"state_writes":{"accounts":3,"accounts_deleted":0,"storage_slots":0,"storage_slots_deleted":0,"code":1,"code_bytes":149},"cache":{"account":{"hits":4,"misses":7,"hit_rate":36.36363636363637},"storage":{"hits":0,"misses":0,"hit_rate":0},"code":{"hits":0,"misses":0,"hit_rate":0,"hit_bytes":0,"miss_bytes":0}}}
INFO [03-26|18:45:45.721] Imported new potential chain segment     number=64325 hash=213c80..b64257 blocks=1 txs=2 mgas=0.106 elapsed=1.922ms     mgasps=55.266 triediffs=1.20MiB triedirty=0.00B
INFO [03-26|18:45:45.722] Chain head was updated                   number=64325 hash=213c80..b64257 root=c90f8c..85a5f0 elapsed="234.758µs"
INFO [03-26|18:45:46.388] Submitted transaction                    hash=0x5aced55260fac584bdbd29e88b7713ea664936ee626da9421c718955214ae47e from=0xEDca2882d1ebA8Fa34aC8292751D58e67B801fb9 nonce=0   recipient=0x2F54D1563963fC04770E85AF819c89Dc807f6a06 value=0
INFO [03-26|18:45:55.723] Starting work on payload                 id=0x03b404e5bc34670e
WARN [03-26|18:46:00.446] Block building is interrupted            allowance=2s
INFO [03-26|18:46:00.446] Updated payload                          id=0x03b404e5bc34670e number=64326 hash=b3e85f..edfcc2 txs=1 withdrawals=0 gas=100,000,000 fees=8e-10       root=9a87cb..f019ff elapsed=4.722s
WARN [03-26|18:46:03.892] Block building is interrupted            allowance=2s
INFO [03-26|18:46:03.893] Stopping work on payload                 id=0x03b404e5bc34670e reason=delivery
WARN [03-26|18:46:03.898] {"level":"warn","msg":"Slow block","block":{"number":64326,"hash":"0xb3e85f49ec44939ce31ef34748f15de819fc477d411d79a67e0765bfb9edfcc2","gas_used":100000000,"tx_count":1},"timing":{"execution_ms":192.431739,"state_read_ms":3234.984588,"state_hash_ms":0.119589,"commit_ms":23.050828,"total_ms":3450.670605},"throughput":{"mgas_per_sec":28.97987418883177},"state_reads":{"accounts":8,"storage_slots":23418,"code":2,"code_bytes":1493},"state_writes":{"accounts":2,"accounts_deleted":0,"storage_slots":0,"storage_slots_deleted":0,"code":0,"code_bytes":0},"cache":{"account":{"hits":3,"misses":5,"hit_rate":37.5},"storage":{"hits":1577,"misses":21841,"hit_rate":6.7341361345973185},"code":{"hits":2,"misses":0,"hit_rate":100,"hit_bytes":1493,"miss_bytes":0}}}
INFO [03-26|18:46:03.898] Imported new potential chain segment     number=64326 hash=b3e85f..edfcc2 blocks=1 txs=1 mgas=100.000 elapsed=3.451s      mgasps=28.975 triediffs=1.20MiB triedirty=0.00B
INFO [03-26|18:46:03.899] Chain head was updated                   number=64326 hash=b3e85f..edfcc2 root=9a87cb..f019ff elapsed="74.129µs"
