INFO [03-26|19:10:05.428] Starting Geth on Ethereum mainnet...
INFO [03-26|19:10:05.429] Maximum peer count                       ETH=0 total=0
INFO [03-26|19:10:05.430] Smartcard socket not found, disabling    err="stat /run/pcscd/pcscd.comm: no such file or directory"
WARN [03-26|19:10:05.431] Option --miner.etherbase is deprecated as the etherbase is set by the consensus client post-merge
WARN [03-26|19:10:05.433] Snap sync requested, resetting --cache.snapshot
INFO [03-26|19:10:05.433] Global gas cap disabled
INFO [03-26|19:10:06.071] Using developer account                  address=0xf39Fd6e51aad88F6F4ce6aB8827279cffFb92266
INFO [03-26|19:10:06.238] Using pebble as the backing database
INFO [03-26|19:10:06.238] Allocated cache and file handles         database=/home/CPerezz/bintrie-benchmarks/mpt-vs-bintrie/dbs/mpt/geth/chaindata cache=16.00MiB handles=524,288
INFO [03-26|19:10:07.344] Opened ancient database                  database=/home/CPerezz/bintrie-benchmarks/mpt-vs-bintrie/dbs/mpt/geth/chaindata/ancient/chain readonly=true
INFO [03-26|19:10:07.344] Opened Era store                         datadir=/home/CPerezz/bintrie-benchmarks/mpt-vs-bintrie/dbs/mpt/geth/chaindata/ancient/chain/era
INFO [03-26|19:10:07.355] Initializing the KZG library             backend=gokzg
INFO [03-26|19:10:07.356] Allocated trie memory caches             clean=0.00B dirty=0.00B
INFO [03-26|19:10:07.453] Using pebble as the backing database
INFO [03-26|19:10:07.453] Allocated cache and file handles         database=/home/CPerezz/bintrie-benchmarks/mpt-vs-bintrie/dbs/mpt/geth/chaindata cache=16.00MiB handles=524,288
INFO [03-26|19:10:08.799] Opened ancient database                  database=/home/CPerezz/bintrie-benchmarks/mpt-vs-bintrie/dbs/mpt/geth/chaindata/ancient/chain readonly=false
INFO [03-26|19:10:08.799] Opened Era store                         datadir=/home/CPerezz/bintrie-benchmarks/mpt-vs-bintrie/dbs/mpt/geth/chaindata/ancient/chain/era
INFO [03-26|19:10:08.800] State scheme set to already existing     scheme=path
INFO [03-26|19:10:08.801] Initialising Ethereum protocol           network=1337 dbversion=9
INFO [03-26|19:10:08.801] Load database journal from file          path=/home/CPerezz/bintrie-benchmarks/mpt-vs-bintrie/dbs/mpt/geth/triedb/merkle.journal
INFO [03-26|19:10:08.829] Opened ancient database                  database=/home/CPerezz/bintrie-benchmarks/mpt-vs-bintrie/dbs/mpt/geth/chaindata/ancient/state readonly=false
INFO [03-26|19:10:08.829] Initialized path database                triecache=0.00B statecache=0.00B buffer=0.00B state-history="last 90000 blocks" journal-dir=/home/CPerezz/bintrie-benchmarks/mpt-vs-bintrie/dbs/mpt/geth/triedb
INFO [03-26|19:10:08.830] 
INFO [03-26|19:10:08.830] ---------------------------------------------------------------------------------------------------------------------------------------------------------
INFO [03-26|19:10:08.830] Chain ID:  1337 (unknown)
INFO [03-26|19:10:08.830] Consensus: unknown
INFO [03-26|19:10:08.830] 
INFO [03-26|19:10:08.830] Pre-Merge hard forks (block based):
INFO [03-26|19:10:08.830]  - Homestead:                   #0       
INFO [03-26|19:10:08.830]  - Tangerine Whistle (EIP 150): #0       
INFO [03-26|19:10:08.830]  - Spurious Dragon/1 (EIP 155): #0       
INFO [03-26|19:10:08.830]  - Spurious Dragon/2 (EIP 158): #0       
INFO [03-26|19:10:08.830]  - Byzantium:                   #0       
INFO [03-26|19:10:08.830]  - Constantinople:              #0       
INFO [03-26|19:10:08.830]  - Petersburg:                  #0       
INFO [03-26|19:10:08.830]  - Istanbul:                    #0       
INFO [03-26|19:10:08.830]  - Muir Glacier:                #0       
INFO [03-26|19:10:08.830]  - Berlin:                      #0       
INFO [03-26|19:10:08.830]  - London:                      #0       
INFO [03-26|19:10:08.830]  - Arrow Glacier:               #0       
INFO [03-26|19:10:08.830]  - Gray Glacier:                #0       
INFO [03-26|19:10:08.830] 
INFO [03-26|19:10:08.830] Merge configured:
INFO [03-26|19:10:08.830]  - Total terminal difficulty:  0
INFO [03-26|19:10:08.830]  - Merge netsplit block:       #0       
INFO [03-26|19:10:08.830] 
INFO [03-26|19:10:08.830] Post-Merge hard forks (timestamp based):
INFO [03-26|19:10:08.830]  - Shanghai:                    @0         
INFO [03-26|19:10:08.830]  - Cancun:                      @0          blob: (target: 3, max: 6, fraction: 3338477)
INFO [03-26|19:10:08.830]  - Prague:                      @0          blob: (target: 6, max: 9, fraction: 5225352)
INFO [03-26|19:10:08.830]  - Osaka:                       @4294967295 blob: (target: 9, max: 12, fraction: 5225352)
INFO [03-26|19:10:08.830] 
INFO [03-26|19:10:08.830] All fork specifications can be found at https://ethereum.github.io/execution-specs/src/ethereum/forks/
INFO [03-26|19:10:08.830] 
INFO [03-26|19:10:08.830] ---------------------------------------------------------------------------------------------------------------------------------------------------------
INFO [03-26|19:10:08.830] 
INFO [03-26|19:10:08.831] Loaded most recent local block           number=64446 hash=862084..7b4289 age=10s
INFO [03-26|19:10:08.831] Loaded most recent local finalized block number=64416 hash=d4c184..76187c age=5m56s
INFO [03-26|19:10:08.831] Initialized transaction indexer          range="last 2350000 blocks"
INFO [03-26|19:10:08.831] Initialized log indexer                  firstblock=0 lastblock=64446 firstmap=0 lastmap=4 headindexed=true
INFO [03-26|19:10:08.855] Enabled full-sync                        head=64446 hash=862084..7b4289
INFO [03-26|19:10:08.855] Unprotected transactions allowed
INFO [03-26|19:10:08.855] Gasprice oracle is ignoring threshold set threshold=2
INFO [03-26|19:10:08.855] Registered sync override service
WARN [03-26|19:10:08.855] You are running Geth in --dev mode. Please note the following:
WARN [03-26|19:10:08.855] 
WARN [03-26|19:10:08.855]   1. This mode is only intended for fast, iterative development without assumptions on
WARN [03-26|19:10:08.855]      security or persistence.
WARN [03-26|19:10:08.855]   2. The database is created in memory unless specified otherwise. Therefore, shutting down
WARN [03-26|19:10:08.855]      your computer or losing power will wipe your entire block data and chain state for
WARN [03-26|19:10:08.855]      your dev environment.
WARN [03-26|19:10:08.855]   3. A random, pre-allocated developer account will be available and unlocked as
WARN [03-26|19:10:08.855]      eth.coinbase, which can be used for testing. The random dev account is temporary,
WARN [03-26|19:10:08.855]      stored on a ramdisk, and will be lost if your machine is restarted.
WARN [03-26|19:10:08.855]   4. Mining is enabled by default. However, the client will only seal blocks if transactions
WARN [03-26|19:10:08.855]      are pending in the mempool. The miner's minimum accepted gas price is 1.
WARN [03-26|19:10:08.855]   5. Networking is disabled; there is no listen-address, the maximum number of peers is set
WARN [03-26|19:10:08.855]      to 0, and discovery is disabled.
WARN [03-26|19:10:08.855] 
INFO [03-26|19:10:08.855] Starting peer-to-peer node               instance=Geth/v1.17.2-unstable-5d0e18f7-20260325/linux-amd64/go1.24.1
WARN [03-26|19:10:08.855] P2P server will be useless, neither dialing nor listening
INFO [03-26|19:10:08.861] IPC endpoint opened                      url=/home/CPerezz/bintrie-benchmarks/mpt-vs-bintrie/dbs/mpt/geth.ipc
ERROR[03-26|19:10:08.861] Unavailable modules in HTTP API list     unavailable=[personal] available="[admin debug web3 eth txpool miner net dev testing]"
INFO [03-26|19:10:08.861] New local node record                    seq=1,774,465,406,073 id=9566f6e861acb2c3 ip=127.0.0.1 udp=0 tcp=0
INFO [03-26|19:10:08.861] Started P2P networking                   self=enode://7bcb27e0859fe4ed7072e298a58918cc0b55d08376b1207f77d84f6d0d34ded7448b64ab16dd00733b489383beff49c04f662afae4dd1dc102807640ff82a1cd@127.0.0.1:0
INFO [03-26|19:10:08.861] HTTP server started                      endpoint=[::]:8545 auth=false prefix= cors= vhosts=localhost
INFO [03-26|19:10:08.861] WebSocket enabled                        url=ws://[::]:8546
INFO [03-26|19:10:08.886] Loaded local transaction journal         transactions=495 dropped=0
INFO [03-26|19:10:10.378] Submitted contract creation              hash=0x535c97093062b78d4f72e90c43b54290e77fbdd5caaca3eb991a9f4a76c43bf9 from=0xf39Fd6e51aad88F6F4ce6aB8827279cffFb92266 nonce=408 contract=0x6533158b042775e2FdFeF3cA1a782EFDbB8EB9b1 value=0
INFO [03-26|19:10:10.380] Submitted transaction                    hash=0x4297bb89f90062ecc615d6b801ae9962b2efe969d617962af1c80505957c61c9 from=0xf39Fd6e51aad88F6F4ce6aB8827279cffFb92266 nonce=409 recipient=0x7B2EFAc32162e93dBc4a178d300a4f723DB3Bc75 value=7,800,000,000
INFO [03-26|19:10:10.620] Started log indexer
INFO [03-26|19:10:10.625] Starting work on payload                 id=0x03e07459ee5cf816
INFO [03-26|19:10:10.633] Updated payload                          id=0x03e07459ee5cf816 number=64447 hash=252e35..c6ad1c txs=2 withdrawals=0 gas=106,226 fees=7.329594e-12 root=813c6c..9514e7 elapsed=7.626ms
INFO [03-26|19:10:10.633] Stopping work on payload                 id=0x03e07459ee5cf816 reason=delivery
WARN [03-26|19:10:10.637] {"level":"warn","msg":"Slow block","block":{"number":64447,"hash":"0x252e3500e3fde69113be455e6f5a1d2886812ae4aab268c0a6a7c0a717c6ad1c","gas_used":106226,"tx_count":2},"timing":{"execution_ms":0.13733,"state_read_ms":0.464747,"state_hash_ms":1.046754,"commit_ms":0.870135,"total_ms":2.661844},"throughput":{"mgas_per_sec":39.90692166783628},"state_reads":{"accounts":11,"storage_slots":0,"code":0,"code_bytes":0},"state_writes":{"accounts":3,"accounts_deleted":0,"storage_slots":0,"storage_slots_deleted":0,"code":1,"code_bytes":149},"cache":{"account":{"hits":6,"misses":5,"hit_rate":54.54545454545454},"storage":{"hits":0,"misses":0,"hit_rate":0},"code":{"hits":0,"misses":0,"hit_rate":0,"hit_bytes":0,"miss_bytes":0}}}
INFO [03-26|19:10:10.637] Imported new potential chain segment     number=64447 hash=252e35..c6ad1c blocks=1 txs=2 mgas=0.106 elapsed=2.975ms mgasps=35.698 triediffs=1.20MiB triedirty=0.00B
INFO [03-26|19:10:10.637] Ready for fork activation                fork=Osaka date="07 Feb 06 07:28 CET" remaining=700116h18m4s timestamp=4,294,967,295
INFO [03-26|19:10:10.638] Chain head was updated                   number=64447 hash=252e35..c6ad1c root=813c6c..9514e7 elapsed="243.848µs"
INFO [03-26|19:10:11.395] Submitted transaction                    hash=0xaea6eb58c77019c66c8ecfdd71960ff8a50afbf7c5663bc581455cc50f5ff05f from=0x7B2EFAc32162e93dBc4a178d300a4f723DB3Bc75 nonce=0   recipient=0x6533158b042775e2FdFeF3cA1a782EFDbB8EB9b1 value=0
INFO [03-26|19:10:20.639] Starting work on payload                 id=0x03003ff64e84a66e
WARN [03-26|19:10:23.111] Block building is interrupted            allowance=2s
INFO [03-26|19:10:23.112] Updated payload                          id=0x03003ff64e84a66e number=64448 hash=c4e168..8b18d9 txs=1 withdrawals=0 gas=100,000,000 fees=7e-09        root=9cfa73..1eba21 elapsed=2.472s
WARN [03-26|19:10:26.478] {"level":"warn","msg":"Slow block","block":{"number":64448,"hash":"0xc4e168e6e531a4756e31f60af0473a1022a07710a23d754db2c42f6d468b18d9","gas_used":100000000,"tx_count":1},"timing":{"execution_ms":184.280392,"state_read_ms":3161.063219,"state_hash_ms":0.092238,"commit_ms":18.586017,"total_ms":3364.117818},"throughput":{"mgas_per_sec":29.725474971459516},"state_reads":{"accounts":8,"storage_slots":23418,"code":2,"code_bytes":1493},"state_writes":{"accounts":2,"accounts_deleted":0,"storage_slots":0,"storage_slots_deleted":0,"code":0,"code_bytes":0},"cache":{"account":{"hits":3,"misses":5,"hit_rate":37.5},"storage":{"hits":2550,"misses":20868,"hit_rate":10.88905969766846},"code":{"hits":2,"misses":0,"hit_rate":100,"hit_bytes":1493,"miss_bytes":0}}}
INFO [03-26|19:10:26.478] Imported new potential chain segment     number=64448 hash=c4e168..8b18d9 blocks=1 txs=1 mgas=100.000 elapsed=3.364s      mgasps=29.720 triediffs=1.20MiB triedirty=0.00B
INFO [03-26|19:10:26.479] Chain head was updated                   number=64448 hash=c4e168..8b18d9 root=9cfa73..1eba21 elapsed="73.26µs"
WARN [03-26|19:10:26.841] Block building is interrupted            allowance=2s
INFO [03-26|19:10:26.841] Stopping work on payload                 id=0x03003ff64e84a66e reason=delivery
