INFO [03-26|19:17:03.665] Starting Geth on Ethereum mainnet...
INFO [03-26|19:17:03.667] Maximum peer count                       ETH=0 total=0
INFO [03-26|19:17:03.668] Smartcard socket not found, disabling    err="stat /run/pcscd/pcscd.comm: no such file or directory"
WARN [03-26|19:17:03.669] Option --miner.etherbase is deprecated as the etherbase is set by the consensus client post-merge
WARN [03-26|19:17:03.670] Snap sync requested, resetting --cache.snapshot
INFO [03-26|19:17:03.670] Global gas cap disabled
INFO [03-26|19:17:04.361] Using developer account                  address=0xf39Fd6e51aad88F6F4ce6aB8827279cffFb92266
INFO [03-26|19:17:04.528] Using pebble as the backing database
INFO [03-26|19:17:04.528] Allocated cache and file handles         database=/home/CPerezz/bintrie-benchmarks/mpt-vs-bintrie/dbs/mpt/geth/chaindata cache=16.00MiB handles=524,288
INFO [03-26|19:17:05.675] Opened ancient database                  database=/home/CPerezz/bintrie-benchmarks/mpt-vs-bintrie/dbs/mpt/geth/chaindata/ancient/chain readonly=true
INFO [03-26|19:17:05.675] Opened Era store                         datadir=/home/CPerezz/bintrie-benchmarks/mpt-vs-bintrie/dbs/mpt/geth/chaindata/ancient/chain/era
INFO [03-26|19:17:05.681] Initializing the KZG library             backend=gokzg
INFO [03-26|19:17:05.682] Allocated trie memory caches             clean=0.00B dirty=0.00B
INFO [03-26|19:17:05.771] Using pebble as the backing database
INFO [03-26|19:17:05.771] Allocated cache and file handles         database=/home/CPerezz/bintrie-benchmarks/mpt-vs-bintrie/dbs/mpt/geth/chaindata cache=16.00MiB handles=524,288
INFO [03-26|19:17:07.120] Opened ancient database                  database=/home/CPerezz/bintrie-benchmarks/mpt-vs-bintrie/dbs/mpt/geth/chaindata/ancient/chain readonly=false
INFO [03-26|19:17:07.120] Opened Era store                         datadir=/home/CPerezz/bintrie-benchmarks/mpt-vs-bintrie/dbs/mpt/geth/chaindata/ancient/chain/era
INFO [03-26|19:17:07.121] State scheme set to already existing     scheme=path
INFO [03-26|19:17:07.122] Initialising Ethereum protocol           network=1337 dbversion=9
INFO [03-26|19:17:07.122] Load database journal from file          path=/home/CPerezz/bintrie-benchmarks/mpt-vs-bintrie/dbs/mpt/geth/triedb/merkle.journal
INFO [03-26|19:17:07.143] Opened ancient database                  database=/home/CPerezz/bintrie-benchmarks/mpt-vs-bintrie/dbs/mpt/geth/chaindata/ancient/state readonly=false
INFO [03-26|19:17:07.144] Initialized path database                triecache=0.00B statecache=0.00B buffer=0.00B state-history="last 90000 blocks" journal-dir=/home/CPerezz/bintrie-benchmarks/mpt-vs-bintrie/dbs/mpt/geth/triedb
INFO [03-26|19:17:07.144] 
INFO [03-26|19:17:07.144] ---------------------------------------------------------------------------------------------------------------------------------------------------------
INFO [03-26|19:17:07.144] Chain ID:  1337 (unknown)
INFO [03-26|19:17:07.144] Consensus: unknown
INFO [03-26|19:17:07.144] 
INFO [03-26|19:17:07.144] Pre-Merge hard forks (block based):
INFO [03-26|19:17:07.144]  - Homestead:                   #0       
INFO [03-26|19:17:07.144]  - Tangerine Whistle (EIP 150): #0       
INFO [03-26|19:17:07.144]  - Spurious Dragon/1 (EIP 155): #0       
INFO [03-26|19:17:07.144]  - Spurious Dragon/2 (EIP 158): #0       
INFO [03-26|19:17:07.144]  - Byzantium:                   #0       
INFO [03-26|19:17:07.144]  - Constantinople:              #0       
INFO [03-26|19:17:07.144]  - Petersburg:                  #0       
INFO [03-26|19:17:07.144]  - Istanbul:                    #0       
INFO [03-26|19:17:07.144]  - Muir Glacier:                #0       
INFO [03-26|19:17:07.144]  - Berlin:                      #0       
INFO [03-26|19:17:07.144]  - London:                      #0       
INFO [03-26|19:17:07.144]  - Arrow Glacier:               #0       
INFO [03-26|19:17:07.144]  - Gray Glacier:                #0       
INFO [03-26|19:17:07.144] 
INFO [03-26|19:17:07.144] Merge configured:
INFO [03-26|19:17:07.144]  - Total terminal difficulty:  0
INFO [03-26|19:17:07.144]  - Merge netsplit block:       #0       
INFO [03-26|19:17:07.144] 
INFO [03-26|19:17:07.144] Post-Merge hard forks (timestamp based):
INFO [03-26|19:17:07.144]  - Shanghai:                    @0         
INFO [03-26|19:17:07.144]  - Cancun:                      @0          blob: (target: 3, max: 6, fraction: 3338477)
INFO [03-26|19:17:07.144]  - Prague:                      @0          blob: (target: 6, max: 9, fraction: 5225352)
INFO [03-26|19:17:07.144]  - Osaka:                       @4294967295 blob: (target: 9, max: 12, fraction: 5225352)
INFO [03-26|19:17:07.144] 
INFO [03-26|19:17:07.144] All fork specifications can be found at https://ethereum.github.io/execution-specs/src/ethereum/forks/
INFO [03-26|19:17:07.144] 
INFO [03-26|19:17:07.144] ---------------------------------------------------------------------------------------------------------------------------------------------------------
INFO [03-26|19:17:07.144] 
INFO [03-26|19:17:07.145] Loaded most recent local block           number=64482 hash=359639..eb9c7c age=12s
INFO [03-26|19:17:07.145] Loaded most recent local finalized block number=64480 hash=41eac9..aedd69 age=36s
INFO [03-26|19:17:07.145] Initialized transaction indexer          range="last 2350000 blocks"
INFO [03-26|19:17:07.145] Initialized log indexer                  firstblock=0 lastblock=64482 firstmap=0 lastmap=4 headindexed=true
INFO [03-26|19:17:07.164] Enabled full-sync                        head=64482 hash=359639..eb9c7c
INFO [03-26|19:17:07.164] Unprotected transactions allowed
INFO [03-26|19:17:07.164] Gasprice oracle is ignoring threshold set threshold=2
INFO [03-26|19:17:07.164] Registered sync override service
WARN [03-26|19:17:07.164] You are running Geth in --dev mode. Please note the following:
WARN [03-26|19:17:07.164] 
WARN [03-26|19:17:07.164]   1. This mode is only intended for fast, iterative development without assumptions on
WARN [03-26|19:17:07.164]      security or persistence.
WARN [03-26|19:17:07.164]   2. The database is created in memory unless specified otherwise. Therefore, shutting down
WARN [03-26|19:17:07.164]      your computer or losing power will wipe your entire block data and chain state for
WARN [03-26|19:17:07.164]      your dev environment.
WARN [03-26|19:17:07.164]   3. A random, pre-allocated developer account will be available and unlocked as
WARN [03-26|19:17:07.164]      eth.coinbase, which can be used for testing. The random dev account is temporary,
WARN [03-26|19:17:07.164]      stored on a ramdisk, and will be lost if your machine is restarted.
WARN [03-26|19:17:07.164]   4. Mining is enabled by default. However, the client will only seal blocks if transactions
WARN [03-26|19:17:07.164]      are pending in the mempool. The miner's minimum accepted gas price is 1.
WARN [03-26|19:17:07.164]   5. Networking is disabled; there is no listen-address, the maximum number of peers is set
WARN [03-26|19:17:07.164]      to 0, and discovery is disabled.
WARN [03-26|19:17:07.164] 
INFO [03-26|19:17:07.164] Starting peer-to-peer node               instance=Geth/v1.17.2-unstable-5d0e18f7-20260325/linux-amd64/go1.24.1
WARN [03-26|19:17:07.164] P2P server will be useless, neither dialing nor listening
INFO [03-26|19:17:07.169] IPC endpoint opened                      url=/home/CPerezz/bintrie-benchmarks/mpt-vs-bintrie/dbs/mpt/geth.ipc
ERROR[03-26|19:17:07.169] Unavailable modules in HTTP API list     unavailable=[personal] available="[admin debug web3 eth txpool miner net dev testing]"
INFO [03-26|19:17:07.169] HTTP server started                      endpoint=[::]:8545 auth=false prefix= cors= vhosts=localhost
INFO [03-26|19:17:07.169] WebSocket enabled                        url=ws://[::]:8546
INFO [03-26|19:17:07.170] New local node record                    seq=1,774,465,406,091 id=9566f6e861acb2c3 ip=127.0.0.1 udp=0 tcp=0
INFO [03-26|19:17:07.170] Started P2P networking                   self=enode://7bcb27e0859fe4ed7072e298a58918cc0b55d08376b1207f77d84f6d0d34ded7448b64ab16dd00733b489383beff49c04f662afae4dd1dc102807640ff82a1cd@127.0.0.1:0
INFO [03-26|19:17:07.195] Loaded local transaction journal         transactions=549 dropped=0
INFO [03-26|19:17:08.613] Submitted contract creation              hash=0xccee108083c8fdd692aeb03e4e01fe87de3817dedfcf671d03377862e31d8ad8 from=0xf39Fd6e51aad88F6F4ce6aB8827279cffFb92266 nonce=444 contract=0x9e7F7d0E8b8F38e3CF2b3F7dd362ba2e9E82baa4 value=0
INFO [03-26|19:17:08.615] Submitted transaction                    hash=0x73c3027d5310587ee3138c532485d899ca9daea9c5b943e7fd0aa5bcc4a878b1 from=0xf39Fd6e51aad88F6F4ce6aB8827279cffFb92266 nonce=445 recipient=0x3dd05E16055a66d80a35F29D5Ff86011f66cC61F value=22,200,000,000
INFO [03-26|19:17:09.069] Started log indexer
INFO [03-26|19:17:09.075] Starting work on payload                 id=0x03e6c7f5e0cc9127
INFO [03-26|19:17:09.083] Updated payload                          id=0x03e6c7f5e0cc9127 number=64483 hash=6ffd2d..d30f84 txs=2 withdrawals=0 gas=106,226 fees=2.2626138e-11 root=718d30..0b9fca elapsed=7.725ms
INFO [03-26|19:17:09.083] Stopping work on payload                 id=0x03e6c7f5e0cc9127 reason=delivery
WARN [03-26|19:17:09.086] {"level":"warn","msg":"Slow block","block":{"number":64483,"hash":"0x6ffd2de204800927c9d614d8188248b54bdbe2cac62eb8beb7df4aa882d30f84","gas_used":106226,"tx_count":2},"timing":{"execution_ms":0.129549,"state_read_ms":0.240428,"state_hash_ms":0.754706,"commit_ms":0.545967,"total_ms":1.73754},"throughput":{"mgas_per_sec":61.13585874282031},"state_reads":{"accounts":11,"storage_slots":0,"code":0,"code_bytes":0},"state_writes":{"accounts":3,"accounts_deleted":0,"storage_slots":0,"storage_slots_deleted":0,"code":1,"code_bytes":149},"cache":{"account":{"hits":4,"misses":7,"hit_rate":36.36363636363637},"storage":{"hits":0,"misses":0,"hit_rate":0},"code":{"hits":0,"misses":0,"hit_rate":0,"hit_bytes":0,"miss_bytes":0}}}
INFO [03-26|19:17:09.087] Imported new potential chain segment     number=64483 hash=6ffd2d..d30f84 blocks=1 txs=2 mgas=0.106 elapsed=2.581ms mgasps=41.149 triediffs=1.20MiB triedirty=0.00B
INFO [03-26|19:17:09.087] Ready for fork activation                fork=Osaka date="07 Feb 06 07:28 CET" remaining=700116h11m6s timestamp=4,294,967,295
INFO [03-26|19:17:09.087] Chain head was updated                   number=64483 hash=6ffd2d..d30f84 root=718d30..0b9fca elapsed="240.759µs"
INFO [03-26|19:17:09.630] Submitted transaction                    hash=0x3e62410dc505764000588aecef9b6585debf9da8c9b843738389fc33a0f1799e from=0x3dd05E16055a66d80a35F29D5Ff86011f66cC61F nonce=0   recipient=0x9e7F7d0E8b8F38e3CF2b3F7dd362ba2e9E82baa4 value=0
INFO [03-26|19:17:19.089] Starting work on payload                 id=0x03e5f8f73b189914
WARN [03-26|19:17:21.546] Block building is interrupted            allowance=2s
INFO [03-26|19:17:21.547] Updated payload                          id=0x03e5f8f73b189914 number=64484 hash=3d4fa9..c91ea8 txs=1 withdrawals=0 gas=100,000,000 fees=2.14e-08      root=9c68e1..42526a elapsed=2.457s
WARN [03-26|19:17:24.970] {"level":"warn","msg":"Slow block","block":{"number":64484,"hash":"0x3d4fa94b6a376e1ceb33a17eb162f1fd2b01ea9adfd276db79f6f3aa58c91ea8","gas_used":100000000,"tx_count":1},"timing":{"execution_ms":181.429573,"state_read_ms":3219.21292,"state_hash_ms":0.05813,"commit_ms":19.346573,"total_ms":3420.142816},"throughput":{"mgas_per_sec":29.238545107585356},"state_reads":{"accounts":8,"storage_slots":23418,"code":2,"code_bytes":1493},"state_writes":{"accounts":2,"accounts_deleted":0,"storage_slots":0,"storage_slots_deleted":0,"code":0,"code_bytes":0},"cache":{"account":{"hits":3,"misses":5,"hit_rate":37.5},"storage":{"hits":2119,"misses":21299,"hit_rate":9.048595097788025},"code":{"hits":2,"misses":0,"hit_rate":100,"hit_bytes":1493,"miss_bytes":0}}}
INFO [03-26|19:17:24.970] Imported new potential chain segment     number=64484 hash=3d4fa9..c91ea8 blocks=1 txs=1 mgas=100.000 elapsed=3.422s      mgasps=29.220 triediffs=1.20MiB triedirty=0.00B
INFO [03-26|19:17:24.971] Chain head was updated                   number=64484 hash=3d4fa9..c91ea8 root=9c68e1..42526a elapsed="43.58µs"
WARN [03-26|19:17:25.256] Block building is interrupted            allowance=2s
INFO [03-26|19:17:25.256] Stopping work on payload                 id=0x03e5f8f73b189914 reason=delivery
