INFO [03-26|19:15:30.585] Starting Geth on Ethereum mainnet...
INFO [03-26|19:15:30.587] Maximum peer count                       ETH=0 total=0
INFO [03-26|19:15:30.588] Smartcard socket not found, disabling    err="stat /run/pcscd/pcscd.comm: no such file or directory"
WARN [03-26|19:15:30.589] Option --miner.etherbase is deprecated as the etherbase is set by the consensus client post-merge
WARN [03-26|19:15:30.591] Snap sync requested, resetting --cache.snapshot
INFO [03-26|19:15:30.591] Global gas cap disabled
INFO [03-26|19:15:31.234] Using developer account                  address=0xf39Fd6e51aad88F6F4ce6aB8827279cffFb92266
INFO [03-26|19:15:31.402] Using pebble as the backing database
INFO [03-26|19:15:31.402] Allocated cache and file handles         database=/home/CPerezz/bintrie-benchmarks/mpt-vs-bintrie/dbs/mpt/geth/chaindata cache=16.00MiB handles=524,288
INFO [03-26|19:15:32.519] Opened ancient database                  database=/home/CPerezz/bintrie-benchmarks/mpt-vs-bintrie/dbs/mpt/geth/chaindata/ancient/chain readonly=true
INFO [03-26|19:15:32.519] Opened Era store                         datadir=/home/CPerezz/bintrie-benchmarks/mpt-vs-bintrie/dbs/mpt/geth/chaindata/ancient/chain/era
INFO [03-26|19:15:32.530] Initializing the KZG library             backend=gokzg
INFO [03-26|19:15:32.532] Allocated trie memory caches             clean=0.00B dirty=0.00B
INFO [03-26|19:15:32.611] Using pebble as the backing database
INFO [03-26|19:15:32.611] Allocated cache and file handles         database=/home/CPerezz/bintrie-benchmarks/mpt-vs-bintrie/dbs/mpt/geth/chaindata cache=16.00MiB handles=524,288
INFO [03-26|19:15:33.975] Opened ancient database                  database=/home/CPerezz/bintrie-benchmarks/mpt-vs-bintrie/dbs/mpt/geth/chaindata/ancient/chain readonly=false
INFO [03-26|19:15:33.975] Opened Era store                         datadir=/home/CPerezz/bintrie-benchmarks/mpt-vs-bintrie/dbs/mpt/geth/chaindata/ancient/chain/era
INFO [03-26|19:15:33.976] State scheme set to already existing     scheme=path
INFO [03-26|19:15:33.978] Initialising Ethereum protocol           network=1337 dbversion=9
INFO [03-26|19:15:33.978] Load database journal from file          path=/home/CPerezz/bintrie-benchmarks/mpt-vs-bintrie/dbs/mpt/geth/triedb/merkle.journal
INFO [03-26|19:15:34.011] Opened ancient database                  database=/home/CPerezz/bintrie-benchmarks/mpt-vs-bintrie/dbs/mpt/geth/chaindata/ancient/state readonly=false
INFO [03-26|19:15:34.012] Initialized path database                triecache=0.00B statecache=0.00B buffer=0.00B state-history="last 90000 blocks" journal-dir=/home/CPerezz/bintrie-benchmarks/mpt-vs-bintrie/dbs/mpt/geth/triedb
INFO [03-26|19:15:34.012] 
INFO [03-26|19:15:34.012] ---------------------------------------------------------------------------------------------------------------------------------------------------------
INFO [03-26|19:15:34.013] Chain ID:  1337 (unknown)
INFO [03-26|19:15:34.013] Consensus: unknown
INFO [03-26|19:15:34.013] 
INFO [03-26|19:15:34.013] Pre-Merge hard forks (block based):
INFO [03-26|19:15:34.013]  - Homestead:                   #0       
INFO [03-26|19:15:34.013]  - Tangerine Whistle (EIP 150): #0       
INFO [03-26|19:15:34.013]  - Spurious Dragon/1 (EIP 155): #0       
INFO [03-26|19:15:34.013]  - Spurious Dragon/2 (EIP 158): #0       
INFO [03-26|19:15:34.013]  - Byzantium:                   #0       
INFO [03-26|19:15:34.013]  - Constantinople:              #0       
INFO [03-26|19:15:34.013]  - Petersburg:                  #0       
INFO [03-26|19:15:34.013]  - Istanbul:                    #0       
INFO [03-26|19:15:34.013]  - Muir Glacier:                #0       
INFO [03-26|19:15:34.013]  - Berlin:                      #0       
INFO [03-26|19:15:34.013]  - London:                      #0       
INFO [03-26|19:15:34.013]  - Arrow Glacier:               #0       
INFO [03-26|19:15:34.013]  - Gray Glacier:                #0       
INFO [03-26|19:15:34.013] 
INFO [03-26|19:15:34.013] Merge configured:
INFO [03-26|19:15:34.013]  - Total terminal difficulty:  0
INFO [03-26|19:15:34.013]  - Merge netsplit block:       #0       
INFO [03-26|19:15:34.013] 
INFO [03-26|19:15:34.013] Post-Merge hard forks (timestamp based):
INFO [03-26|19:15:34.013]  - Shanghai:                    @0         
INFO [03-26|19:15:34.013]  - Cancun:                      @0          blob: (target: 3, max: 6, fraction: 3338477)
INFO [03-26|19:15:34.013]  - Prague:                      @0          blob: (target: 6, max: 9, fraction: 5225352)
INFO [03-26|19:15:34.013]  - Osaka:                       @4294967295 blob: (target: 9, max: 12, fraction: 5225352)
INFO [03-26|19:15:34.013] 
INFO [03-26|19:15:34.013] All fork specifications can be found at https://ethereum.github.io/execution-specs/src/ethereum/forks/
INFO [03-26|19:15:34.013] 
INFO [03-26|19:15:34.013] ---------------------------------------------------------------------------------------------------------------------------------------------------------
INFO [03-26|19:15:34.013] 
INFO [03-26|19:15:34.013] Loaded most recent local block           number=64474 hash=ebe6d6..8f5955 age=12s
INFO [03-26|19:15:34.013] Loaded most recent local finalized block number=64448 hash=c4e168..8b18d9 age=5m14s
INFO [03-26|19:15:34.014] Initialized transaction indexer          range="last 2350000 blocks"
INFO [03-26|19:15:34.014] Initialized log indexer                  firstblock=0 lastblock=64474 firstmap=0 lastmap=4 headindexed=true
INFO [03-26|19:15:34.017] Enabled full-sync                        head=64474 hash=ebe6d6..8f5955
INFO [03-26|19:15:34.017] Unprotected transactions allowed
INFO [03-26|19:15:34.017] Gasprice oracle is ignoring threshold set threshold=2
INFO [03-26|19:15:34.018] Registered sync override service
WARN [03-26|19:15:34.018] You are running Geth in --dev mode. Please note the following:
WARN [03-26|19:15:34.018] 
WARN [03-26|19:15:34.018]   1. This mode is only intended for fast, iterative development without assumptions on
WARN [03-26|19:15:34.018]      security or persistence.
WARN [03-26|19:15:34.018]   2. The database is created in memory unless specified otherwise. Therefore, shutting down
WARN [03-26|19:15:34.018]      your computer or losing power will wipe your entire block data and chain state for
WARN [03-26|19:15:34.018]      your dev environment.
WARN [03-26|19:15:34.018]   3. A random, pre-allocated developer account will be available and unlocked as
WARN [03-26|19:15:34.018]      eth.coinbase, which can be used for testing. The random dev account is temporary,
WARN [03-26|19:15:34.018]      stored on a ramdisk, and will be lost if your machine is restarted.
WARN [03-26|19:15:34.018]   4. Mining is enabled by default. However, the client will only seal blocks if transactions
WARN [03-26|19:15:34.018]      are pending in the mempool. The miner's minimum accepted gas price is 1.
WARN [03-26|19:15:34.018]   5. Networking is disabled; there is no listen-address, the maximum number of peers is set
WARN [03-26|19:15:34.018]      to 0, and discovery is disabled.
WARN [03-26|19:15:34.018] 
INFO [03-26|19:15:34.018] Starting peer-to-peer node               instance=Geth/v1.17.2-unstable-5d0e18f7-20260325/linux-amd64/go1.24.1
WARN [03-26|19:15:34.018] P2P server will be useless, neither dialing nor listening
INFO [03-26|19:15:34.023] New local node record                    seq=1,774,465,406,087 id=9566f6e861acb2c3 ip=127.0.0.1 udp=0 tcp=0
INFO [03-26|19:15:34.023] Started P2P networking                   self=enode://7bcb27e0859fe4ed7072e298a58918cc0b55d08376b1207f77d84f6d0d34ded7448b64ab16dd00733b489383beff49c04f662afae4dd1dc102807640ff82a1cd@127.0.0.1:0
INFO [03-26|19:15:34.035] IPC endpoint opened                      url=/home/CPerezz/bintrie-benchmarks/mpt-vs-bintrie/dbs/mpt/geth.ipc
ERROR[03-26|19:15:34.035] Unavailable modules in HTTP API list     unavailable=[personal] available="[admin debug web3 eth txpool miner net dev testing]"
INFO [03-26|19:15:34.036] HTTP server started                      endpoint=[::]:8545 auth=false prefix= cors= vhosts=localhost
INFO [03-26|19:15:34.036] WebSocket enabled                        url=ws://[::]:8546
INFO [03-26|19:15:34.092] Loaded local transaction journal         transactions=537 dropped=0
INFO [03-26|19:15:35.537] Submitted contract creation              hash=0x76387570f6e72de6e92ac6bfc84a14174c0083f4850a9e3a5e7af3bd0381a4e0 from=0xf39Fd6e51aad88F6F4ce6aB8827279cffFb92266 nonce=436 contract=0xF45B1CdbA9AACE2e9bbE80bf376CE816bb7E73FB value=0
INFO [03-26|19:15:35.540] Submitted transaction                    hash=0xcf154ad32fe081c2a55437c8b47e7890c6355b59c9a0177647ba878e59052337 from=0xf39Fd6e51aad88F6F4ce6aB8827279cffFb92266 nonce=437 recipient=0x2F3De9029aBd7bB9a30e9445999567f5e4965b08 value=7,800,000,000
INFO [03-26|19:15:35.780] Started log indexer
INFO [03-26|19:15:35.786] Starting work on payload                 id=0x03db776d59f568f4
INFO [03-26|19:15:35.791] Updated payload                          id=0x03db776d59f568f4 number=64475 hash=79bbf6..be85ab txs=2 withdrawals=0 gas=106,226 fees=7.329594e-12 root=379770..572792 elapsed=5.259ms
INFO [03-26|19:15:35.791] Stopping work on payload                 id=0x03db776d59f568f4 reason=delivery
WARN [03-26|19:15:35.794] {"level":"warn","msg":"Slow block","block":{"number":64475,"hash":"0x79bbf6a5c9a8056ca790f4f45b34b529d7d567642e216f0826f183e237be85ab","gas_used":106226,"tx_count":2},"timing":{"execution_ms":0.105098,"state_read_ms":0.192891,"state_hash_ms":0.777696,"commit_ms":0.578246,"total_ms":1.75412},"throughput":{"mgas_per_sec":60.55800059288988},"state_reads":{"accounts":11,"storage_slots":0,"code":0,"code_bytes":0},"state_writes":{"accounts":3,"accounts_deleted":0,"storage_slots":0,"storage_slots_deleted":0,"code":1,"code_bytes":149},"cache":{"account":{"hits":6,"misses":5,"hit_rate":54.54545454545454},"storage":{"hits":0,"misses":0,"hit_rate":0},"code":{"hits":0,"misses":0,"hit_rate":0,"hit_bytes":0,"miss_bytes":0}}}
INFO [03-26|19:15:35.794] Imported new potential chain segment     number=64475 hash=79bbf6..be85ab blocks=1 txs=2 mgas=0.106 elapsed=2.135ms mgasps=49.734 triediffs=1.20MiB triedirty=0.00B
INFO [03-26|19:15:35.794] Ready for fork activation                fork=Osaka date="07 Feb 06 07:28 CET" remaining=700116h12m39s timestamp=4,294,967,295
INFO [03-26|19:15:35.794] Chain head was updated                   number=64475 hash=79bbf6..be85ab root=379770..572792 elapsed="251.069µs"
INFO [03-26|19:15:36.555] Submitted transaction                    hash=0x88567bb402a73895f81e3ec19279d34afed50872214ad66f508375b94d1c34d4 from=0x2F3De9029aBd7bB9a30e9445999567f5e4965b08 nonce=0   recipient=0xF45B1CdbA9AACE2e9bbE80bf376CE816bb7E73FB value=0
INFO [03-26|19:15:45.796] Starting work on payload                 id=0x03d188356a442b46
WARN [03-26|19:15:48.213] Block building is interrupted            allowance=2s
INFO [03-26|19:15:48.214] Updated payload                          id=0x03d188356a442b46 number=64476 hash=081d7d..5f8d0b txs=1 withdrawals=0 gas=100,000,000 fees=7e-09        root=3f4894..61a2ec elapsed=2.417s
WARN [03-26|19:15:51.551] {"level":"warn","msg":"Slow block","block":{"number":64476,"hash":"0x081d7d9d4450ea40a293fd8cefec5a1b5d5a7230a5ad75b0c1dd78645a5f8d0b","gas_used":100000000,"tx_count":1},"timing":{"execution_ms":179.914613,"state_read_ms":3135.615462,"state_hash_ms":0.07711,"commit_ms":16.933397,"total_ms":3332.669661},"throughput":{"mgas_per_sec":30.005974240481436},"state_reads":{"accounts":8,"storage_slots":23418,"code":2,"code_bytes":1493},"state_writes":{"accounts":2,"accounts_deleted":0,"storage_slots":0,"storage_slots_deleted":0,"code":0,"code_bytes":0},"cache":{"account":{"hits":3,"misses":5,"hit_rate":37.5},"storage":{"hits":2273,"misses":21145,"hit_rate":9.706208899137415},"code":{"hits":2,"misses":0,"hit_rate":100,"hit_bytes":1493,"miss_bytes":0}}}
INFO [03-26|19:15:51.551] Imported new potential chain segment     number=64476 hash=081d7d..5f8d0b blocks=1 txs=1 mgas=100.000 elapsed=3.335s      mgasps=29.977 triediffs=1.20MiB triedirty=0.00B
INFO [03-26|19:15:51.552] Chain head was updated                   number=64476 hash=081d7d..5f8d0b root=3f4894..61a2ec elapsed="67.37µs"
WARN [03-26|19:15:51.876] Block building is interrupted            allowance=2s
INFO [03-26|19:15:51.876] Stopping work on payload                 id=0x03d188356a442b46 reason=delivery
