INFO [03-26|18:46:07.069] Starting Geth on Ethereum mainnet...
INFO [03-26|18:46:07.070] Maximum peer count                       ETH=0 total=0
INFO [03-26|18:46:07.071] Smartcard socket not found, disabling    err="stat /run/pcscd/pcscd.comm: no such file or directory"
WARN [03-26|18:46:07.072] Option --miner.etherbase is deprecated as the etherbase is set by the consensus client post-merge
WARN [03-26|18:46:07.073] Snap sync requested, resetting --cache.snapshot
INFO [03-26|18:46:07.073] Global gas cap disabled
INFO [03-26|18:46:07.735] Using developer account                  address=0xf39Fd6e51aad88F6F4ce6aB8827279cffFb92266
INFO [03-26|18:46:07.979] Using pebble as the backing database
INFO [03-26|18:46:07.979] Allocated cache and file handles         database=/home/CPerezz/bintrie-benchmarks/mpt-vs-bintrie/dbs/mpt/geth/chaindata cache=16.00MiB handles=524,288
INFO [03-26|18:46:10.182] Opened ancient database                  database=/home/CPerezz/bintrie-benchmarks/mpt-vs-bintrie/dbs/mpt/geth/chaindata/ancient/chain readonly=true
INFO [03-26|18:46:10.182] Opened Era store                         datadir=/home/CPerezz/bintrie-benchmarks/mpt-vs-bintrie/dbs/mpt/geth/chaindata/ancient/chain/era
INFO [03-26|18:46:10.192] Initializing the KZG library             backend=gokzg
INFO [03-26|18:46:10.193] Allocated trie memory caches             clean=0.00B dirty=0.00B
INFO [03-26|18:46:10.300] Using pebble as the backing database
INFO [03-26|18:46:10.300] Allocated cache and file handles         database=/home/CPerezz/bintrie-benchmarks/mpt-vs-bintrie/dbs/mpt/geth/chaindata cache=16.00MiB handles=524,288
INFO [03-26|18:46:11.571] Opened ancient database                  database=/home/CPerezz/bintrie-benchmarks/mpt-vs-bintrie/dbs/mpt/geth/chaindata/ancient/chain readonly=false
INFO [03-26|18:46:11.571] Opened Era store                         datadir=/home/CPerezz/bintrie-benchmarks/mpt-vs-bintrie/dbs/mpt/geth/chaindata/ancient/chain/era
INFO [03-26|18:46:11.574] State scheme set to already existing     scheme=path
INFO [03-26|18:46:11.576] Initialising Ethereum protocol           network=1337 dbversion=9
INFO [03-26|18:46:11.576] Load database journal from file          path=/home/CPerezz/bintrie-benchmarks/mpt-vs-bintrie/dbs/mpt/geth/triedb/merkle.journal
INFO [03-26|18:46:11.595] Opened ancient database                  database=/home/CPerezz/bintrie-benchmarks/mpt-vs-bintrie/dbs/mpt/geth/chaindata/ancient/state readonly=false
INFO [03-26|18:46:11.597] Initialized path database                triecache=0.00B statecache=0.00B buffer=0.00B state-history="last 90000 blocks" journal-dir=/home/CPerezz/bintrie-benchmarks/mpt-vs-bintrie/dbs/mpt/geth/triedb
INFO [03-26|18:46:11.597] 
INFO [03-26|18:46:11.597] ---------------------------------------------------------------------------------------------------------------------------------------------------------
INFO [03-26|18:46:11.597] Chain ID:  1337 (unknown)
INFO [03-26|18:46:11.597] Consensus: unknown
INFO [03-26|18:46:11.597] 
INFO [03-26|18:46:11.597] Pre-Merge hard forks (block based):
INFO [03-26|18:46:11.597]  - Homestead:                   #0       
INFO [03-26|18:46:11.597]  - Tangerine Whistle (EIP 150): #0       
INFO [03-26|18:46:11.597]  - Spurious Dragon/1 (EIP 155): #0       
INFO [03-26|18:46:11.597]  - Spurious Dragon/2 (EIP 158): #0       
INFO [03-26|18:46:11.597]  - Byzantium:                   #0       
INFO [03-26|18:46:11.597]  - Constantinople:              #0       
INFO [03-26|18:46:11.597]  - Petersburg:                  #0       
INFO [03-26|18:46:11.597]  - Istanbul:                    #0       
INFO [03-26|18:46:11.597]  - Muir Glacier:                #0       
INFO [03-26|18:46:11.597]  - Berlin:                      #0       
INFO [03-26|18:46:11.597]  - London:                      #0       
INFO [03-26|18:46:11.597]  - Arrow Glacier:               #0       
INFO [03-26|18:46:11.597]  - Gray Glacier:                #0       
INFO [03-26|18:46:11.597] 
INFO [03-26|18:46:11.597] Merge configured:
INFO [03-26|18:46:11.597]  - Total terminal difficulty:  0
INFO [03-26|18:46:11.597]  - Merge netsplit block:       #0       
INFO [03-26|18:46:11.597] 
INFO [03-26|18:46:11.597] Post-Merge hard forks (timestamp based):
INFO [03-26|18:46:11.597]  - Shanghai:                    @0         
INFO [03-26|18:46:11.597]  - Cancun:                      @0          blob: (target: 3, max: 6, fraction: 3338477)
INFO [03-26|18:46:11.597]  - Prague:                      @0          blob: (target: 6, max: 9, fraction: 5225352)
INFO [03-26|18:46:11.597]  - Osaka:                       @4294967295 blob: (target: 9, max: 12, fraction: 5225352)
INFO [03-26|18:46:11.597] 
INFO [03-26|18:46:11.597] All fork specifications can be found at https://ethereum.github.io/execution-specs/src/ethereum/forks/
INFO [03-26|18:46:11.597] 
INFO [03-26|18:46:11.597] ---------------------------------------------------------------------------------------------------------------------------------------------------------
INFO [03-26|18:46:11.597] 
INFO [03-26|18:46:11.599] Loaded most recent local block           number=64326 hash=b3e85f..edfcc2 age=16s
INFO [03-26|18:46:11.599] Loaded most recent local finalized block number=64320 hash=e9222e..03866f age=1m30s
INFO [03-26|18:46:11.600] Initialized transaction indexer          range="last 2350000 blocks"
INFO [03-26|18:46:11.600] Initialized log indexer                  firstblock=0 lastblock=64326 firstmap=0 lastmap=4 headindexed=true
INFO [03-26|18:46:11.610] Enabled full-sync                        head=64326 hash=b3e85f..edfcc2
INFO [03-26|18:46:11.610] Unprotected transactions allowed
INFO [03-26|18:46:11.610] Gasprice oracle is ignoring threshold set threshold=2
INFO [03-26|18:46:11.611] Registered sync override service
WARN [03-26|18:46:11.611] You are running Geth in --dev mode. Please note the following:
WARN [03-26|18:46:11.611] 
WARN [03-26|18:46:11.611]   1. This mode is only intended for fast, iterative development without assumptions on
WARN [03-26|18:46:11.611]      security or persistence.
WARN [03-26|18:46:11.611]   2. The database is created in memory unless specified otherwise. Therefore, shutting down
WARN [03-26|18:46:11.611]      your computer or losing power will wipe your entire block data and chain state for
WARN [03-26|18:46:11.611]      your dev environment.
WARN [03-26|18:46:11.611]   3. A random, pre-allocated developer account will be available and unlocked as
WARN [03-26|18:46:11.611]      eth.coinbase, which can be used for testing. The random dev account is temporary,
WARN [03-26|18:46:11.611]      stored on a ramdisk, and will be lost if your machine is restarted.
WARN [03-26|18:46:11.611]   4. Mining is enabled by default. However, the client will only seal blocks if transactions
WARN [03-26|18:46:11.611]      are pending in the mempool. The miner's minimum accepted gas price is 1.
WARN [03-26|18:46:11.611]   5. Networking is disabled; there is no listen-address, the maximum number of peers is set
WARN [03-26|18:46:11.611]      to 0, and discovery is disabled.
WARN [03-26|18:46:11.611] 
INFO [03-26|18:46:11.611] Starting peer-to-peer node               instance=Geth/v1.17.2-unstable-5d0e18f7-20260325/linux-amd64/go1.24.1
WARN [03-26|18:46:11.611] P2P server will be useless, neither dialing nor listening
INFO [03-26|18:46:11.616] New local node record                    seq=1,774,465,406,024 id=9566f6e861acb2c3 ip=127.0.0.1 udp=0 tcp=0
INFO [03-26|18:46:11.616] Started P2P networking                   self=enode://7bcb27e0859fe4ed7072e298a58918cc0b55d08376b1207f77d84f6d0d34ded7448b64ab16dd00733b489383beff49c04f662afae4dd1dc102807640ff82a1cd@127.0.0.1:0
INFO [03-26|18:46:11.616] IPC endpoint opened                      url=/home/CPerezz/bintrie-benchmarks/mpt-vs-bintrie/dbs/mpt/geth.ipc
ERROR[03-26|18:46:11.616] Unavailable modules in HTTP API list     unavailable=[personal] available="[admin debug web3 eth txpool miner net dev testing]"
INFO [03-26|18:46:11.617] HTTP server started                      endpoint=[::]:8545 auth=false prefix= cors= vhosts=localhost
INFO [03-26|18:46:11.617] WebSocket enabled                        url=ws://[::]:8546
INFO [03-26|18:46:11.647] Loaded local transaction journal         transactions=348 dropped=0
INFO [03-26|18:46:12.615] Started log indexer
INFO [03-26|18:46:12.624] Starting work on payload                 id=0x030439e0233b5826
INFO [03-26|18:46:12.624] Updated payload                          id=0x030439e0233b5826 number=64327 hash=e40040..a54407 txs=0 withdrawals=0 gas=0 fees=0 root=9a87cb..f019ff elapsed="185.408µs"
INFO [03-26|18:46:12.624] Stopping work on payload                 id=0x030439e0233b5826 reason=delivery
WARN [03-26|18:46:12.629] {"level":"warn","msg":"Slow block","block":{"number":64327,"hash":"0xe400406171dae7df40d092da006d621d839add91b372b9a3f41299adc9a54407","gas_used":0,"tx_count":0},"timing":{"execution_ms":0.014551,"state_read_ms":0.111718,"state_hash_ms":0.00471,"commit_ms":0.058039,"total_ms":0.259678},"throughput":{"mgas_per_sec":0},"state_reads":{"accounts":4,"storage_slots":0,"code":0,"code_bytes":0},"state_writes":{"accounts":0,"accounts_deleted":0,"storage_slots":0,"storage_slots_deleted":0,"code":0,"code_bytes":0},"cache":{"account":{"hits":0,"misses":4,"hit_rate":0},"storage":{"hits":0,"misses":0,"hit_rate":0},"code":{"hits":0,"misses":0,"hit_rate":0,"hit_bytes":0,"miss_bytes":0}}}
INFO [03-26|18:46:12.629] Imported new potential chain segment     number=64327 hash=e40040..a54407 blocks=1 txs=0 mgas=0.000 elapsed=3.920ms     mgasps=0.000 triediffs=1.20MiB triedirty=0.00B
INFO [03-26|18:46:12.629] Ready for fork activation                fork=Osaka date="07 Feb 06 07:28 CET" remaining=700116h42m2s timestamp=4,294,967,295
INFO [03-26|18:46:12.629] Chain head was updated                   number=64327 hash=e40040..a54407 root=9a87cb..f019ff elapsed="22.69µs"
INFO [03-26|18:46:13.346] Submitted contract creation              hash=0xca645224483d6bfe3f12e98b249a1b1058b0283598d4782652ca7aa4674ffb2c from=0xf39Fd6e51aad88F6F4ce6aB8827279cffFb92266 nonce=310 contract=0x9849832a1d8274aaeDb1112ad9686413461e7101 value=0
INFO [03-26|18:46:13.349] Submitted transaction                    hash=0x6393233f9b178835f0f0f4b4fc3802c4bdf08f3e40b390baff33a1613ec87731 from=0xf39Fd6e51aad88F6F4ce6aB8827279cffFb92266 nonce=311 recipient=0x5c71302d7f8e76838Caa30d103A4775f5900704F value=1,600,000,000
INFO [03-26|18:46:22.633] Starting work on payload                 id=0x0301916eb7368d51
INFO [03-26|18:46:22.641] Updated payload                          id=0x0301916eb7368d51 number=64328 hash=4a03cc..00211b txs=2 withdrawals=0 gas=106,226 fees=8.49808e-13 root=8a6b9a..c6a488 elapsed=7.907ms
INFO [03-26|18:46:22.641] Stopping work on payload                 id=0x0301916eb7368d51 reason=delivery
WARN [03-26|18:46:22.645] {"level":"warn","msg":"Slow block","block":{"number":64328,"hash":"0x4a03ccffd667209e2a0c8f9f7fbfd6ef6cd6f611bd6314b30c5fd66c4300211b","gas_used":106226,"tx_count":2},"timing":{"execution_ms":0.085421,"state_read_ms":0.213487,"state_hash_ms":0.629376,"commit_ms":1.540358,"total_ms":2.553691},"throughput":{"mgas_per_sec":41.597045218078456},"state_reads":{"accounts":11,"storage_slots":0,"code":0,"code_bytes":0},"state_writes":{"accounts":3,"accounts_deleted":0,"storage_slots":0,"storage_slots_deleted":0,"code":1,"code_bytes":149},"cache":{"account":{"hits":6,"misses":5,"hit_rate":54.54545454545454},"storage":{"hits":0,"misses":0,"hit_rate":0},"code":{"hits":0,"misses":0,"hit_rate":0,"hit_bytes":0,"miss_bytes":0}}}
INFO [03-26|18:46:22.645] Imported new potential chain segment     number=64328 hash=4a03cc..00211b blocks=1 txs=2 mgas=0.106 elapsed=2.745ms     mgasps=38.690 triediffs=1.20MiB triedirty=0.00B
INFO [03-26|18:46:22.646] Chain head was updated                   number=64328 hash=4a03cc..00211b root=8a6b9a..c6a488 elapsed="224.578µs"
INFO [03-26|18:46:23.434] Submitted transaction                    hash=0x0374e0f37d68a4a9b62c9ea6da045150e0b5b405e510ff405bd0f70eaee3092b from=0x5c71302d7f8e76838Caa30d103A4775f5900704F nonce=0   recipient=0x9849832a1d8274aaeDb1112ad9686413461e7101 value=0
INFO [03-26|18:46:32.647] Starting work on payload                 id=0x032fbb828c5697b3
WARN [03-26|18:46:37.415] Block building is interrupted            allowance=2s
INFO [03-26|18:46:37.416] Updated payload                          id=0x032fbb828c5697b3 number=64329 hash=60f29b..0b4391 txs=1 withdrawals=0 gas=100,000,000 fees=8e-10       root=8b22cd..70a50e elapsed=4.768s
WARN [03-26|18:46:40.694] Block building is interrupted            allowance=2s
INFO [03-26|18:46:40.695] Stopping work on payload                 id=0x032fbb828c5697b3 reason=delivery
WARN [03-26|18:46:40.713] {"level":"warn","msg":"Slow block","block":{"number":64329,"hash":"0x60f29bbceb072537ea8daaecea051f4ebf39c8933b8ee295094b049a930b4391","gas_used":100000000,"tx_count":1},"timing":{"execution_ms":178.183216,"state_read_ms":3098.544067,"state_hash_ms":0.06724,"commit_ms":18.144609,"total_ms":3294.999473},"throughput":{"mgas_per_sec":30.349018511056983},"state_reads":{"accounts":8,"storage_slots":23418,"code":2,"code_bytes":1493},"state_writes":{"accounts":2,"accounts_deleted":0,"storage_slots":0,"storage_slots_deleted":0,"code":0,"code_bytes":0},"cache":{"account":{"hits":2,"misses":6,"hit_rate":25},"storage":{"hits":1303,"misses":22115,"hit_rate":5.564095994534119},"code":{"hits":2,"misses":0,"hit_rate":100,"hit_bytes":1493,"miss_bytes":0}}}
INFO [03-26|18:46:40.713] Imported new potential chain segment     number=64329 hash=60f29b..0b4391 blocks=1 txs=1 mgas=100.000 elapsed=3.295s      mgasps=30.340 triediffs=1.20MiB triedirty=0.00B
INFO [03-26|18:46:40.714] Chain head was updated                   number=64329 hash=60f29b..0b4391 root=8b22cd..70a50e elapsed="41.41µs"
