INFO [03-26|19:21:21.312] Starting Geth on Ethereum mainnet...
INFO [03-26|19:21:21.314] Maximum peer count                       ETH=0 total=0
INFO [03-26|19:21:21.314] Smartcard socket not found, disabling    err="stat /run/pcscd/pcscd.comm: no such file or directory"
WARN [03-26|19:21:21.316] Option --miner.etherbase is deprecated as the etherbase is set by the consensus client post-merge
WARN [03-26|19:21:21.318] Snap sync requested, resetting --cache.snapshot
INFO [03-26|19:21:21.318] Global gas cap disabled
INFO [03-26|19:21:21.965] Using developer account                  address=0xf39Fd6e51aad88F6F4ce6aB8827279cffFb92266
INFO [03-26|19:21:22.132] Using pebble as the backing database
INFO [03-26|19:21:22.132] Allocated cache and file handles         database=/home/CPerezz/bintrie-benchmarks/mpt-vs-bintrie/dbs/mpt/geth/chaindata cache=16.00MiB handles=524,288
INFO [03-26|19:21:23.288] Opened ancient database                  database=/home/CPerezz/bintrie-benchmarks/mpt-vs-bintrie/dbs/mpt/geth/chaindata/ancient/chain readonly=true
INFO [03-26|19:21:23.288] Opened Era store                         datadir=/home/CPerezz/bintrie-benchmarks/mpt-vs-bintrie/dbs/mpt/geth/chaindata/ancient/chain/era
INFO [03-26|19:21:23.300] Initializing the KZG library             backend=gokzg
INFO [03-26|19:21:23.302] Allocated trie memory caches             clean=0.00B dirty=0.00B
INFO [03-26|19:21:23.398] Using pebble as the backing database
INFO [03-26|19:21:23.398] Allocated cache and file handles         database=/home/CPerezz/bintrie-benchmarks/mpt-vs-bintrie/dbs/mpt/geth/chaindata cache=16.00MiB handles=524,288
INFO [03-26|19:21:24.654] Opened ancient database                  database=/home/CPerezz/bintrie-benchmarks/mpt-vs-bintrie/dbs/mpt/geth/chaindata/ancient/chain readonly=false
INFO [03-26|19:21:24.654] Opened Era store                         datadir=/home/CPerezz/bintrie-benchmarks/mpt-vs-bintrie/dbs/mpt/geth/chaindata/ancient/chain/era
INFO [03-26|19:21:24.655] State scheme set to already existing     scheme=path
INFO [03-26|19:21:24.656] Initialising Ethereum protocol           network=1337 dbversion=9
INFO [03-26|19:21:24.656] Load database journal from file          path=/home/CPerezz/bintrie-benchmarks/mpt-vs-bintrie/dbs/mpt/geth/triedb/merkle.journal
INFO [03-26|19:21:24.685] Opened ancient database                  database=/home/CPerezz/bintrie-benchmarks/mpt-vs-bintrie/dbs/mpt/geth/chaindata/ancient/state readonly=false
INFO [03-26|19:21:24.686] Initialized path database                triecache=0.00B statecache=0.00B buffer=0.00B state-history="last 90000 blocks" journal-dir=/home/CPerezz/bintrie-benchmarks/mpt-vs-bintrie/dbs/mpt/geth/triedb
INFO [03-26|19:21:24.686] 
INFO [03-26|19:21:24.686] ---------------------------------------------------------------------------------------------------------------------------------------------------------
INFO [03-26|19:21:24.686] Chain ID:  1337 (unknown)
INFO [03-26|19:21:24.686] Consensus: unknown
INFO [03-26|19:21:24.686] 
INFO [03-26|19:21:24.686] Pre-Merge hard forks (block based):
INFO [03-26|19:21:24.686]  - Homestead:                   #0       
INFO [03-26|19:21:24.686]  - Tangerine Whistle (EIP 150): #0       
INFO [03-26|19:21:24.686]  - Spurious Dragon/1 (EIP 155): #0       
INFO [03-26|19:21:24.686]  - Spurious Dragon/2 (EIP 158): #0       
INFO [03-26|19:21:24.686]  - Byzantium:                   #0       
INFO [03-26|19:21:24.686]  - Constantinople:              #0       
INFO [03-26|19:21:24.686]  - Petersburg:                  #0       
INFO [03-26|19:21:24.686]  - Istanbul:                    #0       
INFO [03-26|19:21:24.686]  - Muir Glacier:                #0       
INFO [03-26|19:21:24.686]  - Berlin:                      #0       
INFO [03-26|19:21:24.686]  - London:                      #0       
INFO [03-26|19:21:24.686]  - Arrow Glacier:               #0       
INFO [03-26|19:21:24.686]  - Gray Glacier:                #0       
INFO [03-26|19:21:24.686] 
INFO [03-26|19:21:24.686] Merge configured:
INFO [03-26|19:21:24.686]  - Total terminal difficulty:  0
INFO [03-26|19:21:24.686]  - Merge netsplit block:       #0       
INFO [03-26|19:21:24.686] 
INFO [03-26|19:21:24.686] Post-Merge hard forks (timestamp based):
INFO [03-26|19:21:24.686]  - Shanghai:                    @0         
INFO [03-26|19:21:24.686]  - Cancun:                      @0          blob: (target: 3, max: 6, fraction: 3338477)
INFO [03-26|19:21:24.686]  - Prague:                      @0          blob: (target: 6, max: 9, fraction: 5225352)
INFO [03-26|19:21:24.686]  - Osaka:                       @4294967295 blob: (target: 9, max: 12, fraction: 5225352)
INFO [03-26|19:21:24.686] 
INFO [03-26|19:21:24.686] All fork specifications can be found at https://ethereum.github.io/execution-specs/src/ethereum/forks/
INFO [03-26|19:21:24.686] 
INFO [03-26|19:21:24.686] ---------------------------------------------------------------------------------------------------------------------------------------------------------
INFO [03-26|19:21:24.686] 
INFO [03-26|19:21:24.687] Loaded most recent local block           number=64504 hash=ac6db5..003bd2 age=11s
INFO [03-26|19:21:24.687] Loaded most recent local finalized block number=64480 hash=41eac9..aedd69 age=4m53s
INFO [03-26|19:21:24.687] Initialized transaction indexer          range="last 2350000 blocks"
INFO [03-26|19:21:24.687] Initialized log indexer                  firstblock=0 lastblock=64504 firstmap=0 lastmap=4 headindexed=true
INFO [03-26|19:21:24.698] Enabled full-sync                        head=64504 hash=ac6db5..003bd2
INFO [03-26|19:21:24.698] Unprotected transactions allowed
INFO [03-26|19:21:24.698] Gasprice oracle is ignoring threshold set threshold=2
INFO [03-26|19:21:24.699] Registered sync override service
WARN [03-26|19:21:24.699] You are running Geth in --dev mode. Please note the following:
WARN [03-26|19:21:24.699] 
WARN [03-26|19:21:24.699]   1. This mode is only intended for fast, iterative development without assumptions on
WARN [03-26|19:21:24.699]      security or persistence.
WARN [03-26|19:21:24.699]   2. The database is created in memory unless specified otherwise. Therefore, shutting down
WARN [03-26|19:21:24.699]      your computer or losing power will wipe your entire block data and chain state for
WARN [03-26|19:21:24.699]      your dev environment.
WARN [03-26|19:21:24.699]   3. A random, pre-allocated developer account will be available and unlocked as
WARN [03-26|19:21:24.699]      eth.coinbase, which can be used for testing. The random dev account is temporary,
WARN [03-26|19:21:24.699]      stored on a ramdisk, and will be lost if your machine is restarted.
WARN [03-26|19:21:24.699]   4. Mining is enabled by default. However, the client will only seal blocks if transactions
WARN [03-26|19:21:24.699]      are pending in the mempool. The miner's minimum accepted gas price is 1.
WARN [03-26|19:21:24.699]   5. Networking is disabled; there is no listen-address, the maximum number of peers is set
WARN [03-26|19:21:24.699]      to 0, and discovery is disabled.
WARN [03-26|19:21:24.699] 
INFO [03-26|19:21:24.699] Starting peer-to-peer node               instance=Geth/v1.17.2-unstable-5d0e18f7-20260325/linux-amd64/go1.24.1
WARN [03-26|19:21:24.699] P2P server will be useless, neither dialing nor listening
INFO [03-26|19:21:24.704] IPC endpoint opened                      url=/home/CPerezz/bintrie-benchmarks/mpt-vs-bintrie/dbs/mpt/geth.ipc
ERROR[03-26|19:21:24.704] Unavailable modules in HTTP API list     unavailable=[personal] available="[admin debug web3 eth txpool miner net dev testing]"
INFO [03-26|19:21:24.704] HTTP server started                      endpoint=[::]:8545 auth=false prefix= cors= vhosts=localhost
INFO [03-26|19:21:24.704] WebSocket enabled                        url=ws://[::]:8546
INFO [03-26|19:21:24.705] New local node record                    seq=1,774,465,406,102 id=9566f6e861acb2c3 ip=127.0.0.1 udp=0 tcp=0
INFO [03-26|19:21:24.705] Started P2P networking                   self=enode://7bcb27e0859fe4ed7072e298a58918cc0b55d08376b1207f77d84f6d0d34ded7448b64ab16dd00733b489383beff49c04f662afae4dd1dc102807640ff82a1cd@127.0.0.1:0
INFO [03-26|19:21:24.731] Loaded local transaction journal         transactions=582 dropped=0
INFO [03-26|19:21:26.276] Submitted contract creation              hash=0xa7ad5d5064d45ff2a75f5efe8a9e8879a70ead74f8aaed3cb891bf4bb3a716fe from=0xf39Fd6e51aad88F6F4ce6aB8827279cffFb92266 nonce=466 contract=0x5E5713a0d915701F464DEbb66015adD62B2e6AE9 value=0
INFO [03-26|19:21:26.278] Submitted transaction                    hash=0x4c00e8e361ad42feddd17e309dfb24721c9afbdb97e51e6a271af44efb6fd889 from=0xf39Fd6e51aad88F6F4ce6aB8827279cffFb92266 nonce=467 recipient=0x7409D47402E389bbbf380Ceb73879400EB655a77 value=22,200,000,000
INFO [03-26|19:21:26.445] Started log indexer
INFO [03-26|19:21:26.451] Starting work on payload                 id=0x03a09ad9140a3350
INFO [03-26|19:21:26.459] Updated payload                          id=0x03a09ad9140a3350 number=64505 hash=9d10c1..a85ca3 txs=2 withdrawals=0 gas=106,226 fees=2.2626138e-11 root=1073b1..90dc0b elapsed=7.809ms
INFO [03-26|19:21:26.459] Stopping work on payload                 id=0x03a09ad9140a3350 reason=delivery
WARN [03-26|19:21:26.462] {"level":"warn","msg":"Slow block","block":{"number":64505,"hash":"0x9d10c1e3e3f229860e31916c38a1d6bed168da25f2212c93e2621a8cc3a85ca3","gas_used":106226,"tx_count":2},"timing":{"execution_ms":0.099061,"state_read_ms":0.189347,"state_hash_ms":0.892544,"commit_ms":0.616227,"total_ms":1.90904},"throughput":{"mgas_per_sec":55.64367430750534},"state_reads":{"accounts":11,"storage_slots":0,"code":0,"code_bytes":0},"state_writes":{"accounts":3,"accounts_deleted":0,"storage_slots":0,"storage_slots_deleted":0,"code":1,"code_bytes":149},"cache":{"account":{"hits":6,"misses":5,"hit_rate":54.54545454545454},"storage":{"hits":0,"misses":0,"hit_rate":0},"code":{"hits":0,"misses":0,"hit_rate":0,"hit_bytes":0,"miss_bytes":0}}}
INFO [03-26|19:21:26.462] Imported new potential chain segment     number=64505 hash=9d10c1..a85ca3 blocks=1 txs=2 mgas=0.106 elapsed=2.253ms mgasps=47.132 triediffs=1.20MiB triedirty=0.00B
INFO [03-26|19:21:26.462] Ready for fork activation                fork=Osaka date="07 Feb 06 07:28 CET" remaining=700116h6m49s timestamp=4,294,967,295
INFO [03-26|19:21:26.463] Chain head was updated                   number=64505 hash=9d10c1..a85ca3 root=1073b1..90dc0b elapsed="221.019µs"
INFO [03-26|19:21:27.293] Submitted transaction                    hash=0x86cebbc2c0e44fba29450f83140a3b108b77f14ac1b5ca0528e87b704e0ce889 from=0x7409D47402E389bbbf380Ceb73879400EB655a77 nonce=0   recipient=0x5E5713a0d915701F464DEbb66015adD62B2e6AE9 value=0
INFO [03-26|19:21:36.464] Starting work on payload                 id=0x03dd1ba441e74082
WARN [03-26|19:21:38.892] Block building is interrupted            allowance=2s
INFO [03-26|19:21:38.892] Updated payload                          id=0x03dd1ba441e74082 number=64506 hash=87ab97..20311a txs=1 withdrawals=0 gas=100,000,000 fees=2.14e-08      root=8e6962..33bb00 elapsed=2.428s
WARN [03-26|19:21:42.226] {"level":"warn","msg":"Slow block","block":{"number":64506,"hash":"0x87ab975bbdbf56b8fb9144febee57bdd9005bd836cafe3af6d557f3fc620311a","gas_used":100000000,"tx_count":1},"timing":{"execution_ms":171.894658,"state_read_ms":3140.190107,"state_hash_ms":0.06255,"commit_ms":16.282173,"total_ms":3328.517739},"throughput":{"mgas_per_sec":30.043403052448024},"state_reads":{"accounts":8,"storage_slots":23418,"code":2,"code_bytes":1493},"state_writes":{"accounts":2,"accounts_deleted":0,"storage_slots":0,"storage_slots_deleted":0,"code":0,"code_bytes":0},"cache":{"account":{"hits":3,"misses":5,"hit_rate":37.5},"storage":{"hits":2340,"misses":21078,"hit_rate":9.992313604919293},"code":{"hits":2,"misses":0,"hit_rate":100,"hit_bytes":1493,"miss_bytes":0}}}
INFO [03-26|19:21:42.226] Imported new potential chain segment     number=64506 hash=87ab97..20311a blocks=1 txs=1 mgas=100.000 elapsed=3.332s      mgasps=30.009 triediffs=1.20MiB triedirty=0.00B
INFO [03-26|19:21:42.228] Chain head was updated                   number=64506 hash=87ab97..20311a root=8e6962..33bb00 elapsed="49.729µs"
WARN [03-26|19:21:42.472] Block building is interrupted            allowance=2s
INFO [03-26|19:21:42.473] Stopping work on payload                 id=0x03dd1ba441e74082 reason=delivery
