INFO [03-26|18:38:05.342] Starting Geth on Ethereum mainnet...
INFO [03-26|18:38:05.344] Maximum peer count                       ETH=0 total=0
INFO [03-26|18:38:05.345] Smartcard socket not found, disabling    err="stat /run/pcscd/pcscd.comm: no such file or directory"
WARN [03-26|18:38:05.347] Option --miner.etherbase is deprecated as the etherbase is set by the consensus client post-merge
WARN [03-26|18:38:05.348] Snap sync requested, resetting --cache.snapshot
INFO [03-26|18:38:05.348] Global gas cap disabled
INFO [03-26|18:38:05.993] Using developer account                  address=0xf39Fd6e51aad88F6F4ce6aB8827279cffFb92266
INFO [03-26|18:38:06.236] Using pebble as the backing database
INFO [03-26|18:38:06.236] Allocated cache and file handles         database=/home/CPerezz/bintrie-benchmarks/mpt-vs-bintrie/dbs/mpt/geth/chaindata cache=16.00MiB handles=524,288
INFO [03-26|18:38:08.477] Opened ancient database                  database=/home/CPerezz/bintrie-benchmarks/mpt-vs-bintrie/dbs/mpt/geth/chaindata/ancient/chain readonly=true
INFO [03-26|18:38:08.477] Opened Era store                         datadir=/home/CPerezz/bintrie-benchmarks/mpt-vs-bintrie/dbs/mpt/geth/chaindata/ancient/chain/era
INFO [03-26|18:38:08.486] Initializing the KZG library             backend=gokzg
INFO [03-26|18:38:08.488] Allocated trie memory caches             clean=0.00B dirty=0.00B
INFO [03-26|18:38:08.586] Using pebble as the backing database
INFO [03-26|18:38:08.586] Allocated cache and file handles         database=/home/CPerezz/bintrie-benchmarks/mpt-vs-bintrie/dbs/mpt/geth/chaindata cache=16.00MiB handles=524,288
INFO [03-26|18:38:09.893] Opened ancient database                  database=/home/CPerezz/bintrie-benchmarks/mpt-vs-bintrie/dbs/mpt/geth/chaindata/ancient/chain readonly=false
INFO [03-26|18:38:09.893] Opened Era store                         datadir=/home/CPerezz/bintrie-benchmarks/mpt-vs-bintrie/dbs/mpt/geth/chaindata/ancient/chain/era
INFO [03-26|18:38:09.894] State scheme set to already existing     scheme=path
INFO [03-26|18:38:09.897] Initialising Ethereum protocol           network=1337 dbversion=9
INFO [03-26|18:38:09.897] Load database journal from file          path=/home/CPerezz/bintrie-benchmarks/mpt-vs-bintrie/dbs/mpt/geth/triedb/merkle.journal
INFO [03-26|18:38:09.911] Opened ancient database                  database=/home/CPerezz/bintrie-benchmarks/mpt-vs-bintrie/dbs/mpt/geth/chaindata/ancient/state readonly=false
INFO [03-26|18:38:09.913] Initialized path database                triecache=0.00B statecache=0.00B buffer=0.00B state-history="last 90000 blocks" journal-dir=/home/CPerezz/bintrie-benchmarks/mpt-vs-bintrie/dbs/mpt/geth/triedb
INFO [03-26|18:38:09.913] 
INFO [03-26|18:38:09.913] ---------------------------------------------------------------------------------------------------------------------------------------------------------
INFO [03-26|18:38:09.913] Chain ID:  1337 (unknown)
INFO [03-26|18:38:09.913] Consensus: unknown
INFO [03-26|18:38:09.913] 
INFO [03-26|18:38:09.913] Pre-Merge hard forks (block based):
INFO [03-26|18:38:09.913]  - Homestead:                   #0       
INFO [03-26|18:38:09.913]  - Tangerine Whistle (EIP 150): #0       
INFO [03-26|18:38:09.913]  - Spurious Dragon/1 (EIP 155): #0       
INFO [03-26|18:38:09.913]  - Spurious Dragon/2 (EIP 158): #0       
INFO [03-26|18:38:09.913]  - Byzantium:                   #0       
INFO [03-26|18:38:09.913]  - Constantinople:              #0       
INFO [03-26|18:38:09.913]  - Petersburg:                  #0       
INFO [03-26|18:38:09.913]  - Istanbul:                    #0       
INFO [03-26|18:38:09.913]  - Muir Glacier:                #0       
INFO [03-26|18:38:09.913]  - Berlin:                      #0       
INFO [03-26|18:38:09.913]  - London:                      #0       
INFO [03-26|18:38:09.913]  - Arrow Glacier:               #0       
INFO [03-26|18:38:09.913]  - Gray Glacier:                #0       
INFO [03-26|18:38:09.913] 
INFO [03-26|18:38:09.913] Merge configured:
INFO [03-26|18:38:09.913]  - Total terminal difficulty:  0
INFO [03-26|18:38:09.913]  - Merge netsplit block:       #0       
INFO [03-26|18:38:09.913] 
INFO [03-26|18:38:09.913] Post-Merge hard forks (timestamp based):
INFO [03-26|18:38:09.913]  - Shanghai:                    @0         
INFO [03-26|18:38:09.913]  - Cancun:                      @0          blob: (target: 3, max: 6, fraction: 3338477)
INFO [03-26|18:38:09.913]  - Prague:                      @0          blob: (target: 6, max: 9, fraction: 5225352)
INFO [03-26|18:38:09.913]  - Osaka:                       @4294967295 blob: (target: 9, max: 12, fraction: 5225352)
INFO [03-26|18:38:09.913] 
INFO [03-26|18:38:09.913] All fork specifications can be found at https://ethereum.github.io/execution-specs/src/ethereum/forks/
INFO [03-26|18:38:09.913] 
INFO [03-26|18:38:09.913] ---------------------------------------------------------------------------------------------------------------------------------------------------------
INFO [03-26|18:38:09.913] 
INFO [03-26|18:38:09.913] Loaded most recent local block           number=64287 hash=a05f8e..a570eb age=20s
INFO [03-26|18:38:09.914] Loaded most recent local finalized block number=64256 hash=d2323c..ec08f4 age=7m20s
INFO [03-26|18:38:09.914] Initialized transaction indexer          range="last 2350000 blocks"
INFO [03-26|18:38:09.914] Initialized log indexer                  firstblock=0 lastblock=64287 firstmap=0 lastmap=4 headindexed=true
INFO [03-26|18:38:09.929] Enabled full-sync                        head=64287 hash=a05f8e..a570eb
INFO [03-26|18:38:09.929] Unprotected transactions allowed
INFO [03-26|18:38:09.929] Gasprice oracle is ignoring threshold set threshold=2
INFO [03-26|18:38:09.930] Registered sync override service
WARN [03-26|18:38:09.930] You are running Geth in --dev mode. Please note the following:
WARN [03-26|18:38:09.930] 
WARN [03-26|18:38:09.930]   1. This mode is only intended for fast, iterative development without assumptions on
WARN [03-26|18:38:09.930]      security or persistence.
WARN [03-26|18:38:09.930]   2. The database is created in memory unless specified otherwise. Therefore, shutting down
WARN [03-26|18:38:09.930]      your computer or losing power will wipe your entire block data and chain state for
WARN [03-26|18:38:09.930]      your dev environment.
WARN [03-26|18:38:09.930]   3. A random, pre-allocated developer account will be available and unlocked as
WARN [03-26|18:38:09.930]      eth.coinbase, which can be used for testing. The random dev account is temporary,
WARN [03-26|18:38:09.930]      stored on a ramdisk, and will be lost if your machine is restarted.
WARN [03-26|18:38:09.930]   4. Mining is enabled by default. However, the client will only seal blocks if transactions
WARN [03-26|18:38:09.930]      are pending in the mempool. The miner's minimum accepted gas price is 1.
WARN [03-26|18:38:09.930]   5. Networking is disabled; there is no listen-address, the maximum number of peers is set
WARN [03-26|18:38:09.930]      to 0, and discovery is disabled.
WARN [03-26|18:38:09.930] 
INFO [03-26|18:38:09.930] Starting peer-to-peer node               instance=Geth/v1.17.2-unstable-5d0e18f7-20260325/linux-amd64/go1.24.1
WARN [03-26|18:38:09.930] P2P server will be useless, neither dialing nor listening
INFO [03-26|18:38:09.938] IPC endpoint opened                      url=/home/CPerezz/bintrie-benchmarks/mpt-vs-bintrie/dbs/mpt/geth.ipc
ERROR[03-26|18:38:09.938] Unavailable modules in HTTP API list     unavailable=[personal] available="[admin debug web3 eth txpool miner net dev testing]"
INFO [03-26|18:38:09.940] New local node record                    seq=1,774,465,406,011 id=9566f6e861acb2c3 ip=127.0.0.1 udp=0 tcp=0
INFO [03-26|18:38:09.940] Started P2P networking                   self=enode://7bcb27e0859fe4ed7072e298a58918cc0b55d08376b1207f77d84f6d0d34ded7448b64ab16dd00733b489383beff49c04f662afae4dd1dc102807640ff82a1cd@127.0.0.1:0
INFO [03-26|18:38:09.940] HTTP server started                      endpoint=[::]:8545 auth=false prefix= cors= vhosts=localhost
INFO [03-26|18:38:09.940] WebSocket enabled                        url=ws://[::]:8546
INFO [03-26|18:38:09.976] Loaded local transaction journal         transactions=309 dropped=0
INFO [03-26|18:38:10.896] Started log indexer
INFO [03-26|18:38:10.906] Starting work on payload                 id=0x039328220ce52735
INFO [03-26|18:38:10.906] Updated payload                          id=0x039328220ce52735 number=64288 hash=0e90f3..4dcb07 txs=0 withdrawals=0 gas=0 fees=0 root=4ee4a3..1b0cb8 elapsed="144.59µs"
INFO [03-26|18:38:10.906] Stopping work on payload                 id=0x039328220ce52735 reason=delivery
WARN [03-26|18:38:10.909] {"level":"warn","msg":"Slow block","block":{"number":64288,"hash":"0x0e90f35c51df4e12688ea7119d8eaab87e02072ad728f5ad2a15956b404dcb07","gas_used":0,"tx_count":0},"timing":{"execution_ms":0.010459,"state_read_ms":0.06127,"state_hash_ms":0.01188,"commit_ms":0.07293,"total_ms":0.19027},"throughput":{"mgas_per_sec":0},"state_reads":{"accounts":4,"storage_slots":0,"code":0,"code_bytes":0},"state_writes":{"accounts":0,"accounts_deleted":0,"storage_slots":0,"storage_slots_deleted":0,"code":0,"code_bytes":0},"cache":{"account":{"hits":0,"misses":4,"hit_rate":0},"storage":{"hits":0,"misses":0,"hit_rate":0},"code":{"hits":0,"misses":0,"hit_rate":0,"hit_bytes":0,"miss_bytes":0}}}
INFO [03-26|18:38:10.909] Imported new potential chain segment     number=64288 hash=0e90f3..4dcb07 blocks=1 txs=0 mgas=0.000 elapsed=3.123ms    mgasps=0.000 triediffs=1.20MiB triedirty=0.00B
INFO [03-26|18:38:10.909] Ready for fork activation                fork=Osaka date="07 Feb 06 07:28 CET" remaining=700116h50m4s timestamp=4,294,967,295
INFO [03-26|18:38:10.909] Chain head was updated                   number=64288 hash=0e90f3..4dcb07 root=4ee4a3..1b0cb8 elapsed="20.51µs"
INFO [03-26|18:38:11.632] Submitted contract creation              hash=0xbe9a31369a0ebc304e45d9b07444acce966c82c79c12f7abff0142178495cc4c from=0xf39Fd6e51aad88F6F4ce6aB8827279cffFb92266 nonce=284 contract=0x94fFA1C7330845646CE9128450F8e6c3B5e44F86 value=0
INFO [03-26|18:38:11.634] Submitted transaction                    hash=0xa4151cd559a48f7f4494f1ff7b322c342c38fac14a6e10679de1c209e73560f0 from=0xf39Fd6e51aad88F6F4ce6aB8827279cffFb92266 nonce=285 recipient=0xe47ce8557A3fb7F31a8dB27E21f00b4856efeD26 value=1,600,000,000
INFO [03-26|18:38:20.914] Starting work on payload                 id=0x03ce8bb5dcf5d675
INFO [03-26|18:38:20.921] Updated payload                          id=0x03ce8bb5dcf5d675 number=64289 hash=c861af..b7e768 txs=2 withdrawals=0 gas=106,226 fees=8.49808e-13 root=154234..5aa26d elapsed=7.616ms
INFO [03-26|18:38:20.921] Stopping work on payload                 id=0x03ce8bb5dcf5d675 reason=delivery
WARN [03-26|18:38:20.926] {"level":"warn","msg":"Slow block","block":{"number":64289,"hash":"0xc861afaddd8300f625d5882578808a898358b72703d7d2aabf8ad491ddb7e768","gas_used":106226,"tx_count":2},"timing":{"execution_ms":0.198061,"state_read_ms":0.720834,"state_hash_ms":0.917755,"commit_ms":1.624631,"total_ms":3.540841},"throughput":{"mgas_per_sec":30.000217462461602},"state_reads":{"accounts":11,"storage_slots":0,"code":0,"code_bytes":0},"state_writes":{"accounts":3,"accounts_deleted":0,"storage_slots":0,"storage_slots_deleted":0,"code":1,"code_bytes":149},"cache":{"account":{"hits":5,"misses":6,"hit_rate":45.45454545454545},"storage":{"hits":0,"misses":0,"hit_rate":0},"code":{"hits":0,"misses":0,"hit_rate":0,"hit_bytes":0,"miss_bytes":0}}}
INFO [03-26|18:38:20.926] Imported new potential chain segment     number=64289 hash=c861af..b7e768 blocks=1 txs=2 mgas=0.106 elapsed=3.689ms    mgasps=28.792 triediffs=1.20MiB triedirty=0.00B
INFO [03-26|18:38:20.926] Chain head was updated                   number=64289 hash=c861af..b7e768 root=154234..5aa26d elapsed="243.799µs"
INFO [03-26|18:38:21.713] Submitted transaction                    hash=0x823e76805d5a9e0b4df613739278e90d2c5481e1421112751e13c664233382d6 from=0xe47ce8557A3fb7F31a8dB27E21f00b4856efeD26 nonce=0   recipient=0x94fFA1C7330845646CE9128450F8e6c3B5e44F86 value=0
INFO [03-26|18:38:30.927] Starting work on payload                 id=0x034afa418cf22cfc
WARN [03-26|18:38:35.648] Block building is interrupted            allowance=2s
INFO [03-26|18:38:35.649] Updated payload                          id=0x034afa418cf22cfc number=64290 hash=90c495..2d4602 txs=1 withdrawals=0 gas=100,000,000 fees=8e-10       root=b5602c..b626ca elapsed=4.721s
WARN [03-26|18:38:38.975] Block building is interrupted            allowance=2s
INFO [03-26|18:38:38.976] Stopping work on payload                 id=0x034afa418cf22cfc reason=delivery
WARN [03-26|18:38:39.006] {"level":"warn","msg":"Slow block","block":{"number":64290,"hash":"0x90c4959530186d6b1545dd47cf3a97957453b58d8a400388b9d59818002d4602","gas_used":100000000,"tx_count":1},"timing":{"execution_ms":182.501594,"state_read_ms":3145.29593,"state_hash_ms":0.1109,"commit_ms":27.067309,"total_ms":3355.107702},"throughput":{"mgas_per_sec":29.80530250650058},"state_reads":{"accounts":8,"storage_slots":23418,"code":2,"code_bytes":1493},"state_writes":{"accounts":2,"accounts_deleted":0,"storage_slots":0,"storage_slots_deleted":0,"code":0,"code_bytes":0},"cache":{"account":{"hits":4,"misses":4,"hit_rate":50},"storage":{"hits":1886,"misses":21532,"hit_rate":8.05363395678538},"code":{"hits":2,"misses":0,"hit_rate":100,"hit_bytes":1493,"miss_bytes":0}}}
INFO [03-26|18:38:39.006] Imported new potential chain segment     number=64290 hash=90c495..2d4602 blocks=1 txs=1 mgas=100.000 elapsed=3.356s      mgasps=29.795 triediffs=1.20MiB triedirty=0.00B
INFO [03-26|18:38:39.007] Chain head was updated                   number=64290 hash=90c495..2d4602 root=b5602c..b626ca elapsed="52.869µs"
