INFO [03-26|19:20:11.713] Starting Geth on Ethereum mainnet...
INFO [03-26|19:20:11.714] Maximum peer count                       ETH=0 total=0
INFO [03-26|19:20:11.715] Smartcard socket not found, disabling    err="stat /run/pcscd/pcscd.comm: no such file or directory"
WARN [03-26|19:20:11.717] Option --miner.etherbase is deprecated as the etherbase is set by the consensus client post-merge
WARN [03-26|19:20:11.718] Snap sync requested, resetting --cache.snapshot
INFO [03-26|19:20:11.718] Global gas cap disabled
INFO [03-26|19:20:12.362] Using developer account                  address=0xf39Fd6e51aad88F6F4ce6aB8827279cffFb92266
INFO [03-26|19:20:12.529] Using pebble as the backing database
INFO [03-26|19:20:12.529] Allocated cache and file handles         database=/home/CPerezz/bintrie-benchmarks/mpt-vs-bintrie/dbs/mpt/geth/chaindata cache=16.00MiB handles=524,288
INFO [03-26|19:20:13.686] Opened ancient database                  database=/home/CPerezz/bintrie-benchmarks/mpt-vs-bintrie/dbs/mpt/geth/chaindata/ancient/chain readonly=true
INFO [03-26|19:20:13.686] Opened Era store                         datadir=/home/CPerezz/bintrie-benchmarks/mpt-vs-bintrie/dbs/mpt/geth/chaindata/ancient/chain/era
INFO [03-26|19:20:13.697] Initializing the KZG library             backend=gokzg
INFO [03-26|19:20:13.699] Allocated trie memory caches             clean=0.00B dirty=0.00B
INFO [03-26|19:20:13.795] Using pebble as the backing database
INFO [03-26|19:20:13.795] Allocated cache and file handles         database=/home/CPerezz/bintrie-benchmarks/mpt-vs-bintrie/dbs/mpt/geth/chaindata cache=16.00MiB handles=524,288
INFO [03-26|19:20:15.111] Opened ancient database                  database=/home/CPerezz/bintrie-benchmarks/mpt-vs-bintrie/dbs/mpt/geth/chaindata/ancient/chain readonly=false
INFO [03-26|19:20:15.111] Opened Era store                         datadir=/home/CPerezz/bintrie-benchmarks/mpt-vs-bintrie/dbs/mpt/geth/chaindata/ancient/chain/era
INFO [03-26|19:20:15.113] State scheme set to already existing     scheme=path
INFO [03-26|19:20:15.114] Initialising Ethereum protocol           network=1337 dbversion=9
INFO [03-26|19:20:15.114] Load database journal from file          path=/home/CPerezz/bintrie-benchmarks/mpt-vs-bintrie/dbs/mpt/geth/triedb/merkle.journal
INFO [03-26|19:20:15.131] Opened ancient database                  database=/home/CPerezz/bintrie-benchmarks/mpt-vs-bintrie/dbs/mpt/geth/chaindata/ancient/state readonly=false
INFO [03-26|19:20:15.131] Initialized path database                triecache=0.00B statecache=0.00B buffer=0.00B state-history="last 90000 blocks" journal-dir=/home/CPerezz/bintrie-benchmarks/mpt-vs-bintrie/dbs/mpt/geth/triedb
INFO [03-26|19:20:15.132] 
INFO [03-26|19:20:15.132] ---------------------------------------------------------------------------------------------------------------------------------------------------------
INFO [03-26|19:20:15.132] Chain ID:  1337 (unknown)
INFO [03-26|19:20:15.132] Consensus: unknown
INFO [03-26|19:20:15.132] 
INFO [03-26|19:20:15.132] Pre-Merge hard forks (block based):
INFO [03-26|19:20:15.132]  - Homestead:                   #0       
INFO [03-26|19:20:15.132]  - Tangerine Whistle (EIP 150): #0       
INFO [03-26|19:20:15.132]  - Spurious Dragon/1 (EIP 155): #0       
INFO [03-26|19:20:15.132]  - Spurious Dragon/2 (EIP 158): #0       
INFO [03-26|19:20:15.132]  - Byzantium:                   #0       
INFO [03-26|19:20:15.132]  - Constantinople:              #0       
INFO [03-26|19:20:15.132]  - Petersburg:                  #0       
INFO [03-26|19:20:15.132]  - Istanbul:                    #0       
INFO [03-26|19:20:15.132]  - Muir Glacier:                #0       
INFO [03-26|19:20:15.132]  - Berlin:                      #0       
INFO [03-26|19:20:15.132]  - London:                      #0       
INFO [03-26|19:20:15.132]  - Arrow Glacier:               #0       
INFO [03-26|19:20:15.132]  - Gray Glacier:                #0       
INFO [03-26|19:20:15.132] 
INFO [03-26|19:20:15.132] Merge configured:
INFO [03-26|19:20:15.132]  - Total terminal difficulty:  0
INFO [03-26|19:20:15.132]  - Merge netsplit block:       #0       
INFO [03-26|19:20:15.132] 
INFO [03-26|19:20:15.132] Post-Merge hard forks (timestamp based):
INFO [03-26|19:20:15.132]  - Shanghai:                    @0         
INFO [03-26|19:20:15.132]  - Cancun:                      @0          blob: (target: 3, max: 6, fraction: 3338477)
INFO [03-26|19:20:15.132]  - Prague:                      @0          blob: (target: 6, max: 9, fraction: 5225352)
INFO [03-26|19:20:15.132]  - Osaka:                       @4294967295 blob: (target: 9, max: 12, fraction: 5225352)
INFO [03-26|19:20:15.132] 
INFO [03-26|19:20:15.132] All fork specifications can be found at https://ethereum.github.io/execution-specs/src/ethereum/forks/
INFO [03-26|19:20:15.132] 
INFO [03-26|19:20:15.132] ---------------------------------------------------------------------------------------------------------------------------------------------------------
INFO [03-26|19:20:15.132] 
INFO [03-26|19:20:15.132] Loaded most recent local block           number=64498 hash=4b3e94..085072 age=12s
INFO [03-26|19:20:15.132] Loaded most recent local finalized block number=64480 hash=41eac9..aedd69 age=3m44s
INFO [03-26|19:20:15.132] Initialized transaction indexer          range="last 2350000 blocks"
INFO [03-26|19:20:15.132] Initialized log indexer                  firstblock=0 lastblock=64498 firstmap=0 lastmap=4 headindexed=true
INFO [03-26|19:20:15.153] Enabled full-sync                        head=64498 hash=4b3e94..085072
INFO [03-26|19:20:15.153] Unprotected transactions allowed
INFO [03-26|19:20:15.153] Gasprice oracle is ignoring threshold set threshold=2
INFO [03-26|19:20:15.153] Registered sync override service
WARN [03-26|19:20:15.153] You are running Geth in --dev mode. Please note the following:
WARN [03-26|19:20:15.153] 
WARN [03-26|19:20:15.153]   1. This mode is only intended for fast, iterative development without assumptions on
WARN [03-26|19:20:15.153]      security or persistence.
WARN [03-26|19:20:15.153]   2. The database is created in memory unless specified otherwise. Therefore, shutting down
WARN [03-26|19:20:15.153]      your computer or losing power will wipe your entire block data and chain state for
WARN [03-26|19:20:15.153]      your dev environment.
WARN [03-26|19:20:15.153]   3. A random, pre-allocated developer account will be available and unlocked as
WARN [03-26|19:20:15.153]      eth.coinbase, which can be used for testing. The random dev account is temporary,
WARN [03-26|19:20:15.153]      stored on a ramdisk, and will be lost if your machine is restarted.
WARN [03-26|19:20:15.153]   4. Mining is enabled by default. However, the client will only seal blocks if transactions
WARN [03-26|19:20:15.153]      are pending in the mempool. The miner's minimum accepted gas price is 1.
WARN [03-26|19:20:15.153]   5. Networking is disabled; there is no listen-address, the maximum number of peers is set
WARN [03-26|19:20:15.153]      to 0, and discovery is disabled.
WARN [03-26|19:20:15.153] 
INFO [03-26|19:20:15.153] Starting peer-to-peer node               instance=Geth/v1.17.2-unstable-5d0e18f7-20260325/linux-amd64/go1.24.1
WARN [03-26|19:20:15.154] P2P server will be useless, neither dialing nor listening
INFO [03-26|19:20:15.159] IPC endpoint opened                      url=/home/CPerezz/bintrie-benchmarks/mpt-vs-bintrie/dbs/mpt/geth.ipc
ERROR[03-26|19:20:15.159] Unavailable modules in HTTP API list     unavailable=[personal] available="[admin debug web3 eth txpool miner net dev testing]"
INFO [03-26|19:20:15.159] New local node record                    seq=1,774,465,406,099 id=9566f6e861acb2c3 ip=127.0.0.1 udp=0 tcp=0
INFO [03-26|19:20:15.160] Started P2P networking                   self=enode://7bcb27e0859fe4ed7072e298a58918cc0b55d08376b1207f77d84f6d0d34ded7448b64ab16dd00733b489383beff49c04f662afae4dd1dc102807640ff82a1cd@127.0.0.1:0
INFO [03-26|19:20:15.160] HTTP server started                      endpoint=[::]:8545 auth=false prefix= cors= vhosts=localhost
INFO [03-26|19:20:15.160] WebSocket enabled                        url=ws://[::]:8546
INFO [03-26|19:20:15.208] Loaded local transaction journal         transactions=573 dropped=0
INFO [03-26|19:20:16.666] Submitted contract creation              hash=0x00a8f18df906e0151d8bc048017679533fad8e21b2415a281b0af9043795a14d from=0xf39Fd6e51aad88F6F4ce6aB8827279cffFb92266 nonce=460 contract=0xa195ACcEB1945163160CD5703Ed43E4f78176a54 value=0
INFO [03-26|19:20:16.668] Submitted transaction                    hash=0x9696a25e797e595d0fc1b3e110d315c21c0323eca27e8993ec02ed7d8f685df7 from=0xf39Fd6e51aad88F6F4ce6aB8827279cffFb92266 nonce=461 recipient=0x95060F224627AE6594D4DF4e571509a40D3bE141 value=22,200,000,000
INFO [03-26|19:20:17.107] Started log indexer
INFO [03-26|19:20:17.113] Starting work on payload                 id=0x03ccf309c0b42aa6
INFO [03-26|19:20:17.119] Updated payload                          id=0x03ccf309c0b42aa6 number=64499 hash=508a84..bc34b1 txs=2 withdrawals=0 gas=106,226 fees=2.2626138e-11 root=c5407f..8b2667 elapsed=5.849ms
INFO [03-26|19:20:17.119] Stopping work on payload                 id=0x03ccf309c0b42aa6 reason=delivery
WARN [03-26|19:20:17.122] {"level":"warn","msg":"Slow block","block":{"number":64499,"hash":"0x508a841f4f911cf3238d861aa2aaa14b6589ac1ded42a03fc667507e98bc34b1","gas_used":106226,"tx_count":2},"timing":{"execution_ms":0.17904,"state_read_ms":0.225558,"state_hash_ms":0.611847,"commit_ms":0.453037,"total_ms":1.522542},"throughput":{"mgas_per_sec":69.76884709912764},"state_reads":{"accounts":11,"storage_slots":0,"code":0,"code_bytes":0},"state_writes":{"accounts":3,"accounts_deleted":0,"storage_slots":0,"storage_slots_deleted":0,"code":1,"code_bytes":149},"cache":{"account":{"hits":4,"misses":7,"hit_rate":36.36363636363637},"storage":{"hits":0,"misses":0,"hit_rate":0},"code":{"hits":0,"misses":0,"hit_rate":0,"hit_bytes":0,"miss_bytes":0}}}
INFO [03-26|19:20:17.122] Imported new potential chain segment     number=64499 hash=508a84..bc34b1 blocks=1 txs=2 mgas=0.106 elapsed=1.795ms mgasps=59.172 triediffs=1.20MiB triedirty=0.00B
INFO [03-26|19:20:17.122] Ready for fork activation                fork=Osaka date="07 Feb 06 07:28 CET" remaining=700116h7m58s timestamp=4,294,967,295
INFO [03-26|19:20:17.122] Chain head was updated                   number=64499 hash=508a84..bc34b1 root=c5407f..8b2667 elapsed="245.389µs"
INFO [03-26|19:20:17.684] Submitted transaction                    hash=0xd3a68563cbd626378ab9c77070e970fa295fdc9363885907d1e2c20c197dacab from=0x95060F224627AE6594D4DF4e571509a40D3bE141 nonce=0   recipient=0xa195ACcEB1945163160CD5703Ed43E4f78176a54 value=0
INFO [03-26|19:20:27.124] Starting work on payload                 id=0x0359adb25156b801
WARN [03-26|19:20:29.529] Block building is interrupted            allowance=2s
INFO [03-26|19:20:29.530] Updated payload                          id=0x0359adb25156b801 number=64500 hash=0ed4e6..22def6 txs=1 withdrawals=0 gas=100,000,000 fees=2.14e-08      root=608df6..3c593e elapsed=2.405s
WARN [03-26|19:20:32.903] {"level":"warn","msg":"Slow block","block":{"number":64500,"hash":"0x0ed4e68d248f90a4374e56e1e0ec205a95ec48d7f03545ae1e524ac84d22def6","gas_used":100000000,"tx_count":1},"timing":{"execution_ms":191.320573,"state_read_ms":3160.236981,"state_hash_ms":0.05903,"commit_ms":17.622134,"total_ms":3369.345008},"throughput":{"mgas_per_sec":29.679358974092924},"state_reads":{"accounts":8,"storage_slots":23418,"code":2,"code_bytes":1493},"state_writes":{"accounts":2,"accounts_deleted":0,"storage_slots":0,"storage_slots_deleted":0,"code":0,"code_bytes":0},"cache":{"account":{"hits":4,"misses":4,"hit_rate":50},"storage":{"hits":2342,"misses":21076,"hit_rate":10.000854043897856},"code":{"hits":2,"misses":0,"hit_rate":100,"hit_bytes":1493,"miss_bytes":0}}}
INFO [03-26|19:20:32.903] Imported new potential chain segment     number=64500 hash=0ed4e6..22def6 blocks=1 txs=1 mgas=100.000 elapsed=3.372s      mgasps=29.654 triediffs=1.20MiB triedirty=0.00B
INFO [03-26|19:20:32.904] Chain head was updated                   number=64500 hash=0ed4e6..22def6 root=608df6..3c593e elapsed="55.639µs"
WARN [03-26|19:20:33.157] Block building is interrupted            allowance=2s
INFO [03-26|19:20:33.157] Stopping work on payload                 id=0x0359adb25156b801 reason=delivery
