INFO [03-26|19:00:51.488] Starting Geth on Ethereum mainnet...
INFO [03-26|19:00:51.489] Maximum peer count                       ETH=0 total=0
INFO [03-26|19:00:51.490] Smartcard socket not found, disabling    err="stat /run/pcscd/pcscd.comm: no such file or directory"
WARN [03-26|19:00:51.491] Option --miner.etherbase is deprecated as the etherbase is set by the consensus client post-merge
WARN [03-26|19:00:51.493] Snap sync requested, resetting --cache.snapshot
INFO [03-26|19:00:51.493] Global gas cap disabled
INFO [03-26|19:00:52.141] Using developer account                  address=0xf39Fd6e51aad88F6F4ce6aB8827279cffFb92266
INFO [03-26|19:00:52.308] Using pebble as the backing database
INFO [03-26|19:00:52.308] Allocated cache and file handles         database=/home/CPerezz/bintrie-benchmarks/mpt-vs-bintrie/dbs/mpt/geth/chaindata cache=16.00MiB handles=524,288
INFO [03-26|19:00:53.472] Opened ancient database                  database=/home/CPerezz/bintrie-benchmarks/mpt-vs-bintrie/dbs/mpt/geth/chaindata/ancient/chain readonly=true
INFO [03-26|19:00:53.472] Opened Era store                         datadir=/home/CPerezz/bintrie-benchmarks/mpt-vs-bintrie/dbs/mpt/geth/chaindata/ancient/chain/era
INFO [03-26|19:00:53.481] Initializing the KZG library             backend=gokzg
INFO [03-26|19:00:53.482] Allocated trie memory caches             clean=0.00B dirty=0.00B
INFO [03-26|19:00:53.569] Using pebble as the backing database
INFO [03-26|19:00:53.569] Allocated cache and file handles         database=/home/CPerezz/bintrie-benchmarks/mpt-vs-bintrie/dbs/mpt/geth/chaindata cache=16.00MiB handles=524,288
INFO [03-26|19:00:54.856] Opened ancient database                  database=/home/CPerezz/bintrie-benchmarks/mpt-vs-bintrie/dbs/mpt/geth/chaindata/ancient/chain readonly=false
INFO [03-26|19:00:54.856] Opened Era store                         datadir=/home/CPerezz/bintrie-benchmarks/mpt-vs-bintrie/dbs/mpt/geth/chaindata/ancient/chain/era
INFO [03-26|19:00:54.857] State scheme set to already existing     scheme=path
INFO [03-26|19:00:54.858] Initialising Ethereum protocol           network=1337 dbversion=9
INFO [03-26|19:00:54.858] Load database journal from file          path=/home/CPerezz/bintrie-benchmarks/mpt-vs-bintrie/dbs/mpt/geth/triedb/merkle.journal
INFO [03-26|19:00:54.870] Opened ancient database                  database=/home/CPerezz/bintrie-benchmarks/mpt-vs-bintrie/dbs/mpt/geth/chaindata/ancient/state readonly=false
INFO [03-26|19:00:54.879] Initialized path database                triecache=0.00B statecache=0.00B buffer=0.00B state-history="last 90000 blocks" journal-dir=/home/CPerezz/bintrie-benchmarks/mpt-vs-bintrie/dbs/mpt/geth/triedb
INFO [03-26|19:00:54.879] 
INFO [03-26|19:00:54.879] ---------------------------------------------------------------------------------------------------------------------------------------------------------
INFO [03-26|19:00:54.879] Chain ID:  1337 (unknown)
INFO [03-26|19:00:54.879] Consensus: unknown
INFO [03-26|19:00:54.879] 
INFO [03-26|19:00:54.879] Pre-Merge hard forks (block based):
INFO [03-26|19:00:54.879]  - Homestead:                   #0       
INFO [03-26|19:00:54.879]  - Tangerine Whistle (EIP 150): #0       
INFO [03-26|19:00:54.879]  - Spurious Dragon/1 (EIP 155): #0       
INFO [03-26|19:00:54.879]  - Spurious Dragon/2 (EIP 158): #0       
INFO [03-26|19:00:54.879]  - Byzantium:                   #0       
INFO [03-26|19:00:54.879]  - Constantinople:              #0       
INFO [03-26|19:00:54.879]  - Petersburg:                  #0       
INFO [03-26|19:00:54.879]  - Istanbul:                    #0       
INFO [03-26|19:00:54.879]  - Muir Glacier:                #0       
INFO [03-26|19:00:54.879]  - Berlin:                      #0       
INFO [03-26|19:00:54.879]  - London:                      #0       
INFO [03-26|19:00:54.879]  - Arrow Glacier:               #0       
INFO [03-26|19:00:54.879]  - Gray Glacier:                #0       
INFO [03-26|19:00:54.879] 
INFO [03-26|19:00:54.879] Merge configured:
INFO [03-26|19:00:54.879]  - Total terminal difficulty:  0
INFO [03-26|19:00:54.879]  - Merge netsplit block:       #0       
INFO [03-26|19:00:54.879] 
INFO [03-26|19:00:54.879] Post-Merge hard forks (timestamp based):
INFO [03-26|19:00:54.879]  - Shanghai:                    @0         
INFO [03-26|19:00:54.879]  - Cancun:                      @0          blob: (target: 3, max: 6, fraction: 3338477)
INFO [03-26|19:00:54.879]  - Prague:                      @0          blob: (target: 6, max: 9, fraction: 5225352)
INFO [03-26|19:00:54.879]  - Osaka:                       @4294967295 blob: (target: 9, max: 12, fraction: 5225352)
INFO [03-26|19:00:54.879] 
INFO [03-26|19:00:54.879] All fork specifications can be found at https://ethereum.github.io/execution-specs/src/ethereum/forks/
INFO [03-26|19:00:54.879] 
INFO [03-26|19:00:54.879] ---------------------------------------------------------------------------------------------------------------------------------------------------------
INFO [03-26|19:00:54.879] 
INFO [03-26|19:00:54.880] Loaded most recent local block           number=64398 hash=5ad2ae..de4dcc age=11s
INFO [03-26|19:00:54.880] Loaded most recent local finalized block number=64384 hash=c5b90a..13004f age=2m58s
INFO [03-26|19:00:54.880] Initialized transaction indexer          range="last 2350000 blocks"
INFO [03-26|19:00:54.880] Initialized log indexer                  firstblock=0 lastblock=64398 firstmap=0 lastmap=4 headindexed=true
INFO [03-26|19:00:54.882] Enabled full-sync                        head=64398 hash=5ad2ae..de4dcc
INFO [03-26|19:00:54.882] Unprotected transactions allowed
INFO [03-26|19:00:54.882] Gasprice oracle is ignoring threshold set threshold=2
INFO [03-26|19:00:54.882] Registered sync override service
WARN [03-26|19:00:54.882] You are running Geth in --dev mode. Please note the following:
WARN [03-26|19:00:54.882] 
WARN [03-26|19:00:54.882]   1. This mode is only intended for fast, iterative development without assumptions on
WARN [03-26|19:00:54.882]      security or persistence.
WARN [03-26|19:00:54.882]   2. The database is created in memory unless specified otherwise. Therefore, shutting down
WARN [03-26|19:00:54.882]      your computer or losing power will wipe your entire block data and chain state for
WARN [03-26|19:00:54.882]      your dev environment.
WARN [03-26|19:00:54.882]   3. A random, pre-allocated developer account will be available and unlocked as
WARN [03-26|19:00:54.882]      eth.coinbase, which can be used for testing. The random dev account is temporary,
WARN [03-26|19:00:54.882]      stored on a ramdisk, and will be lost if your machine is restarted.
WARN [03-26|19:00:54.882]   4. Mining is enabled by default. However, the client will only seal blocks if transactions
WARN [03-26|19:00:54.882]      are pending in the mempool. The miner's minimum accepted gas price is 1.
WARN [03-26|19:00:54.882]   5. Networking is disabled; there is no listen-address, the maximum number of peers is set
WARN [03-26|19:00:54.882]      to 0, and discovery is disabled.
WARN [03-26|19:00:54.882] 
INFO [03-26|19:00:54.882] Starting peer-to-peer node               instance=Geth/v1.17.2-unstable-5d0e18f7-20260325/linux-amd64/go1.24.1
WARN [03-26|19:00:54.882] P2P server will be useless, neither dialing nor listening
INFO [03-26|19:00:54.885] IPC endpoint opened                      url=/home/CPerezz/bintrie-benchmarks/mpt-vs-bintrie/dbs/mpt/geth.ipc
ERROR[03-26|19:00:54.885] Unavailable modules in HTTP API list     unavailable=[personal] available="[admin debug web3 eth txpool miner net dev testing]"
INFO [03-26|19:00:54.886] HTTP server started                      endpoint=[::]:8545 auth=false prefix= cors= vhosts=localhost
INFO [03-26|19:00:54.886] WebSocket enabled                        url=ws://[::]:8546
INFO [03-26|19:00:54.887] New local node record                    seq=1,774,465,406,049 id=9566f6e861acb2c3 ip=127.0.0.1 udp=0 tcp=0
INFO [03-26|19:00:54.887] Started P2P networking                   self=enode://7bcb27e0859fe4ed7072e298a58918cc0b55d08376b1207f77d84f6d0d34ded7448b64ab16dd00733b489383beff49c04f662afae4dd1dc102807640ff82a1cd@127.0.0.1:0
INFO [03-26|19:00:54.927] Loaded local transaction journal         transactions=423 dropped=0
INFO [03-26|19:00:56.518] Submitted contract creation              hash=0x3622077d19c76bc41ea52923bf09731311f9f670f1fa873544ac664ca83f7b1c from=0xf39Fd6e51aad88F6F4ce6aB8827279cffFb92266 nonce=360 contract=0x20d7B364E8Ed1F4260b5B90C41c2deC3C1F6D367 value=0
INFO [03-26|19:00:56.520] Submitted transaction                    hash=0xb4b06c53efdf30d03ce7139e64f3e5b09f203d3ef9e9f06a8f22961e4b637d34 from=0xf39Fd6e51aad88F6F4ce6aB8827279cffFb92266 nonce=361 recipient=0xD1CCC6d623BF8F0B9a3f19660b5fb9A18254685D value=1,400,000,000
INFO [03-26|19:00:56.649] Started log indexer
INFO [03-26|19:00:56.654] Starting work on payload                 id=0x03a40d2db47d3c62
INFO [03-26|19:00:56.662] Updated payload                          id=0x03a40d2db47d3c62 number=64399 hash=31bf15..2dd080 txs=2 withdrawals=0 gas=106,226 fees=5.3113e-13 root=6575dc..d667c9 elapsed=7.478ms
INFO [03-26|19:00:56.662] Stopping work on payload                 id=0x03a40d2db47d3c62 reason=delivery
WARN [03-26|19:00:56.665] {"level":"warn","msg":"Slow block","block":{"number":64399,"hash":"0x31bf15ed400a77f95cd71d1b646186682faeb048b7eb0599f244ba91d12dd080","gas_used":106226,"tx_count":2},"timing":{"execution_ms":0.145808,"state_read_ms":0.081561,"state_hash_ms":0.949354,"commit_ms":0.643887,"total_ms":1.887209},"throughput":{"mgas_per_sec":56.28735344098084},"state_reads":{"accounts":11,"storage_slots":0,"code":0,"code_bytes":0},"state_writes":{"accounts":3,"accounts_deleted":0,"storage_slots":0,"storage_slots_deleted":0,"code":1,"code_bytes":149},"cache":{"account":{"hits":5,"misses":6,"hit_rate":45.45454545454545},"storage":{"hits":0,"misses":0,"hit_rate":0},"code":{"hits":0,"misses":0,"hit_rate":0,"hit_bytes":0,"miss_bytes":0}}}
INFO [03-26|19:00:56.665] Imported new potential chain segment     number=64399 hash=31bf15..2dd080 blocks=1 txs=2 mgas=0.106 elapsed=2.141ms mgasps=49.598 triediffs=1.20MiB triedirty=0.00B
INFO [03-26|19:00:56.665] Ready for fork activation                fork=Osaka date="07 Feb 06 07:28 CET" remaining=700116h27m18s timestamp=4,294,967,295
INFO [03-26|19:00:56.665] Chain head was updated                   number=64399 hash=31bf15..2dd080 root=6575dc..d667c9 elapsed="219.498µs"
INFO [03-26|19:00:57.540] Submitted transaction                    hash=0xeb2f09b5ca5614b4e478562527d44e1e85aedc890775544d6fd17ccaefa48219 from=0xD1CCC6d623BF8F0B9a3f19660b5fb9A18254685D nonce=0   recipient=0x20d7B364E8Ed1F4260b5B90C41c2deC3C1F6D367 value=0
INFO [03-26|19:01:06.667] Starting work on payload                 id=0x03edc1be73b05776
WARN [03-26|19:01:09.142] Block building is interrupted            allowance=2s
INFO [03-26|19:01:09.142] Updated payload                          id=0x03edc1be73b05776 number=64400 hash=cd2f65..5f0fc5 txs=1 withdrawals=0 gas=100,000,000 fees=6e-10      root=f14c62..72b83c elapsed=2.475s
WARN [03-26|19:01:12.358] {"level":"warn","msg":"Slow block","block":{"number":64400,"hash":"0xcd2f65904ee3a1ebb7f52a2c1981b2596e4c555c27239eb746ab7ac99b5f0fc5","gas_used":100000000,"tx_count":1},"timing":{"execution_ms":174.181939,"state_read_ms":3020.21462,"state_hash_ms":0.07152,"commit_ms":18.257715,"total_ms":3212.802954},"throughput":{"mgas_per_sec":31.1254693897421},"state_reads":{"accounts":8,"storage_slots":23418,"code":2,"code_bytes":1493},"state_writes":{"accounts":2,"accounts_deleted":0,"storage_slots":0,"storage_slots_deleted":0,"code":0,"code_bytes":0},"cache":{"account":{"hits":4,"misses":4,"hit_rate":50},"storage":{"hits":2353,"misses":21065,"hit_rate":10.047826458279955},"code":{"hits":2,"misses":0,"hit_rate":100,"hit_bytes":1493,"miss_bytes":0}}}
INFO [03-26|19:01:12.358] Imported new potential chain segment     number=64400 hash=cd2f65..5f0fc5 blocks=1 txs=1 mgas=100.000 elapsed=3.214s      mgasps=31.106 triediffs=1.20MiB triedirty=0.00B
INFO [03-26|19:01:12.359] Chain head was updated                   number=64400 hash=cd2f65..5f0fc5 root=f14c62..72b83c elapsed="58.419µs"
WARN [03-26|19:01:12.723] Block building is interrupted            allowance=2s
INFO [03-26|19:01:12.724] Stopping work on payload                 id=0x03edc1be73b05776 reason=delivery
