INFO [03-26|19:06:15.089] Starting Geth on Ethereum mainnet...
INFO [03-26|19:06:15.090] Maximum peer count                       ETH=0 total=0
INFO [03-26|19:06:15.091] Smartcard socket not found, disabling    err="stat /run/pcscd/pcscd.comm: no such file or directory"
WARN [03-26|19:06:15.092] Option --miner.etherbase is deprecated as the etherbase is set by the consensus client post-merge
WARN [03-26|19:06:15.094] Snap sync requested, resetting --cache.snapshot
INFO [03-26|19:06:15.094] Global gas cap disabled
INFO [03-26|19:06:15.738] Using developer account                  address=0xf39Fd6e51aad88F6F4ce6aB8827279cffFb92266
INFO [03-26|19:06:15.904] Using pebble as the backing database
INFO [03-26|19:06:15.904] Allocated cache and file handles         database=/home/CPerezz/bintrie-benchmarks/mpt-vs-bintrie/dbs/mpt/geth/chaindata cache=16.00MiB handles=524,288
INFO [03-26|19:06:17.025] Opened ancient database                  database=/home/CPerezz/bintrie-benchmarks/mpt-vs-bintrie/dbs/mpt/geth/chaindata/ancient/chain readonly=true
INFO [03-26|19:06:17.025] Opened Era store                         datadir=/home/CPerezz/bintrie-benchmarks/mpt-vs-bintrie/dbs/mpt/geth/chaindata/ancient/chain/era
INFO [03-26|19:06:17.035] Initializing the KZG library             backend=gokzg
INFO [03-26|19:06:17.038] Allocated trie memory caches             clean=0.00B dirty=0.00B
INFO [03-26|19:06:17.143] Using pebble as the backing database
INFO [03-26|19:06:17.143] Allocated cache and file handles         database=/home/CPerezz/bintrie-benchmarks/mpt-vs-bintrie/dbs/mpt/geth/chaindata cache=16.00MiB handles=524,288
INFO [03-26|19:06:18.438] Opened ancient database                  database=/home/CPerezz/bintrie-benchmarks/mpt-vs-bintrie/dbs/mpt/geth/chaindata/ancient/chain readonly=false
INFO [03-26|19:06:18.438] Opened Era store                         datadir=/home/CPerezz/bintrie-benchmarks/mpt-vs-bintrie/dbs/mpt/geth/chaindata/ancient/chain/era
INFO [03-26|19:06:18.439] State scheme set to already existing     scheme=path
INFO [03-26|19:06:18.439] Initialising Ethereum protocol           network=1337 dbversion=9
INFO [03-26|19:06:18.439] Load database journal from file          path=/home/CPerezz/bintrie-benchmarks/mpt-vs-bintrie/dbs/mpt/geth/triedb/merkle.journal
INFO [03-26|19:06:18.464] Opened ancient database                  database=/home/CPerezz/bintrie-benchmarks/mpt-vs-bintrie/dbs/mpt/geth/chaindata/ancient/state readonly=false
INFO [03-26|19:06:18.465] Initialized path database                triecache=0.00B statecache=0.00B buffer=0.00B state-history="last 90000 blocks" journal-dir=/home/CPerezz/bintrie-benchmarks/mpt-vs-bintrie/dbs/mpt/geth/triedb
INFO [03-26|19:06:18.465] 
INFO [03-26|19:06:18.465] ---------------------------------------------------------------------------------------------------------------------------------------------------------
INFO [03-26|19:06:18.465] Chain ID:  1337 (unknown)
INFO [03-26|19:06:18.465] Consensus: unknown
INFO [03-26|19:06:18.465] 
INFO [03-26|19:06:18.465] Pre-Merge hard forks (block based):
INFO [03-26|19:06:18.465]  - Homestead:                   #0       
INFO [03-26|19:06:18.465]  - Tangerine Whistle (EIP 150): #0       
INFO [03-26|19:06:18.465]  - Spurious Dragon/1 (EIP 155): #0       
INFO [03-26|19:06:18.465]  - Spurious Dragon/2 (EIP 158): #0       
INFO [03-26|19:06:18.465]  - Byzantium:                   #0       
INFO [03-26|19:06:18.465]  - Constantinople:              #0       
INFO [03-26|19:06:18.465]  - Petersburg:                  #0       
INFO [03-26|19:06:18.465]  - Istanbul:                    #0       
INFO [03-26|19:06:18.465]  - Muir Glacier:                #0       
INFO [03-26|19:06:18.465]  - Berlin:                      #0       
INFO [03-26|19:06:18.465]  - London:                      #0       
INFO [03-26|19:06:18.465]  - Arrow Glacier:               #0       
INFO [03-26|19:06:18.465]  - Gray Glacier:                #0       
INFO [03-26|19:06:18.465] 
INFO [03-26|19:06:18.465] Merge configured:
INFO [03-26|19:06:18.465]  - Total terminal difficulty:  0
INFO [03-26|19:06:18.465]  - Merge netsplit block:       #0       
INFO [03-26|19:06:18.465] 
INFO [03-26|19:06:18.465] Post-Merge hard forks (timestamp based):
INFO [03-26|19:06:18.465]  - Shanghai:                    @0         
INFO [03-26|19:06:18.465]  - Cancun:                      @0          blob: (target: 3, max: 6, fraction: 3338477)
INFO [03-26|19:06:18.465]  - Prague:                      @0          blob: (target: 6, max: 9, fraction: 5225352)
INFO [03-26|19:06:18.465]  - Osaka:                       @4294967295 blob: (target: 9, max: 12, fraction: 5225352)
INFO [03-26|19:06:18.465] 
INFO [03-26|19:06:18.465] All fork specifications can be found at https://ethereum.github.io/execution-specs/src/ethereum/forks/
INFO [03-26|19:06:18.465] 
INFO [03-26|19:06:18.465] ---------------------------------------------------------------------------------------------------------------------------------------------------------
INFO [03-26|19:06:18.465] 
INFO [03-26|19:06:18.465] Loaded most recent local block           number=64426 hash=f9949d..5ee8e6 age=11s
INFO [03-26|19:06:18.465] Loaded most recent local finalized block number=64416 hash=d4c184..76187c age=2m6s
INFO [03-26|19:06:18.465] Initialized transaction indexer          range="last 2350000 blocks"
INFO [03-26|19:06:18.465] Initialized log indexer                  firstblock=0 lastblock=64426 firstmap=0 lastmap=4 headindexed=true
INFO [03-26|19:06:18.492] Enabled full-sync                        head=64426 hash=f9949d..5ee8e6
INFO [03-26|19:06:18.492] Unprotected transactions allowed
INFO [03-26|19:06:18.492] Gasprice oracle is ignoring threshold set threshold=2
INFO [03-26|19:06:18.492] Registered sync override service
WARN [03-26|19:06:18.492] You are running Geth in --dev mode. Please note the following:
WARN [03-26|19:06:18.492] 
WARN [03-26|19:06:18.492]   1. This mode is only intended for fast, iterative development without assumptions on
WARN [03-26|19:06:18.492]      security or persistence.
WARN [03-26|19:06:18.492]   2. The database is created in memory unless specified otherwise. Therefore, shutting down
WARN [03-26|19:06:18.492]      your computer or losing power will wipe your entire block data and chain state for
WARN [03-26|19:06:18.492]      your dev environment.
WARN [03-26|19:06:18.492]   3. A random, pre-allocated developer account will be available and unlocked as
WARN [03-26|19:06:18.492]      eth.coinbase, which can be used for testing. The random dev account is temporary,
WARN [03-26|19:06:18.492]      stored on a ramdisk, and will be lost if your machine is restarted.
WARN [03-26|19:06:18.492]   4. Mining is enabled by default. However, the client will only seal blocks if transactions
WARN [03-26|19:06:18.492]      are pending in the mempool. The miner's minimum accepted gas price is 1.
WARN [03-26|19:06:18.492]   5. Networking is disabled; there is no listen-address, the maximum number of peers is set
WARN [03-26|19:06:18.492]      to 0, and discovery is disabled.
WARN [03-26|19:06:18.492] 
INFO [03-26|19:06:18.492] Starting peer-to-peer node               instance=Geth/v1.17.2-unstable-5d0e18f7-20260325/linux-amd64/go1.24.1
WARN [03-26|19:06:18.492] P2P server will be useless, neither dialing nor listening
INFO [03-26|19:06:18.498] New local node record                    seq=1,774,465,406,063 id=9566f6e861acb2c3 ip=127.0.0.1 udp=0 tcp=0
INFO [03-26|19:06:18.498] Started P2P networking                   self=enode://7bcb27e0859fe4ed7072e298a58918cc0b55d08376b1207f77d84f6d0d34ded7448b64ab16dd00733b489383beff49c04f662afae4dd1dc102807640ff82a1cd@127.0.0.1:0
INFO [03-26|19:06:18.498] IPC endpoint opened                      url=/home/CPerezz/bintrie-benchmarks/mpt-vs-bintrie/dbs/mpt/geth.ipc
ERROR[03-26|19:06:18.498] Unavailable modules in HTTP API list     unavailable=[personal] available="[admin debug web3 eth txpool miner net dev testing]"
INFO [03-26|19:06:18.499] HTTP server started                      endpoint=[::]:8545 auth=false prefix= cors= vhosts=localhost
INFO [03-26|19:06:18.499] WebSocket enabled                        url=ws://[::]:8546
INFO [03-26|19:06:18.521] Loaded local transaction journal         transactions=465 dropped=0
INFO [03-26|19:06:20.043] Submitted contract creation              hash=0x218d2d57aa08b6a40b2e7995519effda0fce659e0b0c9a7e1de2eefe2a645511 from=0xf39Fd6e51aad88F6F4ce6aB8827279cffFb92266 nonce=388 contract=0xd038A2EE73b64F30d65802Ad188F27921656f28F value=0
INFO [03-26|19:06:20.045] Submitted transaction                    hash=0xd63e9881e56ff43b69ffafda64df3ca927d86475fc280d176d8c8ae159cd43c4 from=0xf39Fd6e51aad88F6F4ce6aB8827279cffFb92266 nonce=389 recipient=0xFAA28D52B3C1e5594Ea61663a3e0A2afaEBDeFAD value=3,000,000,000
INFO [03-26|19:06:20.415] Started log indexer
INFO [03-26|19:06:20.420] Starting work on payload                 id=0x03d5516b11f20e95
INFO [03-26|19:06:20.426] Updated payload                          id=0x03d5516b11f20e95 number=64427 hash=f96f99..db908d txs=2 withdrawals=0 gas=106,226 fees=2.230746e-12 root=3cda7a..f4ab96 elapsed=5.751ms
INFO [03-26|19:06:20.426] Stopping work on payload                 id=0x03d5516b11f20e95 reason=delivery
WARN [03-26|19:06:20.428] {"level":"warn","msg":"Slow block","block":{"number":64427,"hash":"0xf96f99190b10487426b0425c3b356115b25765771c61dbf924311847fcdb908d","gas_used":106226,"tx_count":2},"timing":{"execution_ms":0.050819,"state_read_ms":0.332138,"state_hash_ms":0.174678,"commit_ms":0.406338,"total_ms":1.048335},"throughput":{"mgas_per_sec":101.32829677536284},"state_reads":{"accounts":11,"storage_slots":0,"code":0,"code_bytes":0},"state_writes":{"accounts":3,"accounts_deleted":0,"storage_slots":0,"storage_slots_deleted":0,"code":1,"code_bytes":149},"cache":{"account":{"hits":6,"misses":5,"hit_rate":54.54545454545454},"storage":{"hits":0,"misses":0,"hit_rate":0},"code":{"hits":0,"misses":0,"hit_rate":0,"hit_bytes":0,"miss_bytes":0}}}
INFO [03-26|19:06:20.428] Imported new potential chain segment     number=64427 hash=f96f99..db908d blocks=1 txs=2 mgas=0.106 elapsed=1.273ms mgasps=83.403 triediffs=1.20MiB triedirty=0.00B
INFO [03-26|19:06:20.428] Ready for fork activation                fork=Osaka date="07 Feb 06 07:28 CET" remaining=700116h21m55s timestamp=4,294,967,295
INFO [03-26|19:06:20.429] Chain head was updated                   number=64427 hash=f96f99..db908d root=3cda7a..f4ab96 elapsed="215.799µs"
INFO [03-26|19:06:21.062] Submitted transaction                    hash=0x2e47d8d9708cd68837afa0bd1f8e41e4de3ab9eb1709a017824f20c99d7c1681 from=0xFAA28D52B3C1e5594Ea61663a3e0A2afaEBDeFAD nonce=0   recipient=0xd038A2EE73b64F30d65802Ad188F27921656f28F value=0
INFO [03-26|19:06:30.430] Starting work on payload                 id=0x03a9fc32b586f85d
WARN [03-26|19:06:32.960] Block building is interrupted            allowance=2s
INFO [03-26|19:06:32.961] Updated payload                          id=0x03a9fc32b586f85d number=64428 hash=71247c..f2963c txs=1 withdrawals=0 gas=100,000,000 fees=2.2e-09      root=0bc41d..6e0997 elapsed=2.530s
WARN [03-26|19:06:36.245] {"level":"warn","msg":"Slow block","block":{"number":64428,"hash":"0x71247c5cc47c9db8595fbab70ea89a4dd9374d6bbbab0d2d9442e76203f2963c","gas_used":100000000,"tx_count":1},"timing":{"execution_ms":175.992245,"state_read_ms":3085.224227,"state_hash_ms":0.06835,"commit_ms":18.586166,"total_ms":3279.961838},"throughput":{"mgas_per_sec":30.488159600349594},"state_reads":{"accounts":8,"storage_slots":23418,"code":2,"code_bytes":1493},"state_writes":{"accounts":2,"accounts_deleted":0,"storage_slots":0,"storage_slots_deleted":0,"code":0,"code_bytes":0},"cache":{"account":{"hits":3,"misses":5,"hit_rate":37.5},"storage":{"hits":2396,"misses":21022,"hit_rate":10.231445896319071},"code":{"hits":2,"misses":0,"hit_rate":100,"hit_bytes":1493,"miss_bytes":0}}}
INFO [03-26|19:06:36.245] Imported new potential chain segment     number=64428 hash=71247c..f2963c blocks=1 txs=1 mgas=100.000 elapsed=3.282s      mgasps=30.463 triediffs=1.20MiB triedirty=0.00B
INFO [03-26|19:06:36.245] Chain head was updated                   number=64428 hash=71247c..f2963c root=0bc41d..6e0997 elapsed="44.05µs"
WARN [03-26|19:06:36.432] Block building is interrupted            allowance=2s
INFO [03-26|19:06:36.432] Stopping work on payload                 id=0x03a9fc32b586f85d reason=delivery
