INFO [03-26|19:24:24.574] Starting Geth on Ethereum mainnet...
INFO [03-26|19:24:24.575] Maximum peer count                       ETH=0 total=0
INFO [03-26|19:24:24.576] Smartcard socket not found, disabling    err="stat /run/pcscd/pcscd.comm: no such file or directory"
WARN [03-26|19:24:24.577] Option --miner.etherbase is deprecated as the etherbase is set by the consensus client post-merge
WARN [03-26|19:24:24.578] Snap sync requested, resetting --cache.snapshot
INFO [03-26|19:24:24.578] Global gas cap disabled
INFO [03-26|19:24:25.221] Using developer account                  address=0xf39Fd6e51aad88F6F4ce6aB8827279cffFb92266
INFO [03-26|19:24:25.387] Using pebble as the backing database
INFO [03-26|19:24:25.387] Allocated cache and file handles         database=/home/CPerezz/bintrie-benchmarks/mpt-vs-bintrie/dbs/mpt/geth/chaindata cache=16.00MiB handles=524,288
INFO [03-26|19:24:26.483] Opened ancient database                  database=/home/CPerezz/bintrie-benchmarks/mpt-vs-bintrie/dbs/mpt/geth/chaindata/ancient/chain readonly=true
INFO [03-26|19:24:26.483] Opened Era store                         datadir=/home/CPerezz/bintrie-benchmarks/mpt-vs-bintrie/dbs/mpt/geth/chaindata/ancient/chain/era
INFO [03-26|19:24:26.494] Initializing the KZG library             backend=gokzg
INFO [03-26|19:24:26.496] Allocated trie memory caches             clean=0.00B dirty=0.00B
INFO [03-26|19:24:26.599] Using pebble as the backing database
INFO [03-26|19:24:26.599] Allocated cache and file handles         database=/home/CPerezz/bintrie-benchmarks/mpt-vs-bintrie/dbs/mpt/geth/chaindata cache=16.00MiB handles=524,288
INFO [03-26|19:24:27.887] Opened ancient database                  database=/home/CPerezz/bintrie-benchmarks/mpt-vs-bintrie/dbs/mpt/geth/chaindata/ancient/chain readonly=false
INFO [03-26|19:24:27.887] Opened Era store                         datadir=/home/CPerezz/bintrie-benchmarks/mpt-vs-bintrie/dbs/mpt/geth/chaindata/ancient/chain/era
INFO [03-26|19:24:27.889] State scheme set to already existing     scheme=path
INFO [03-26|19:24:27.889] Initialising Ethereum protocol           network=1337 dbversion=9
INFO [03-26|19:24:27.889] Load database journal from file          path=/home/CPerezz/bintrie-benchmarks/mpt-vs-bintrie/dbs/mpt/geth/triedb/merkle.journal
INFO [03-26|19:24:27.906] Opened ancient database                  database=/home/CPerezz/bintrie-benchmarks/mpt-vs-bintrie/dbs/mpt/geth/chaindata/ancient/state readonly=false
INFO [03-26|19:24:27.906] Initialized path database                triecache=0.00B statecache=0.00B buffer=0.00B state-history="last 90000 blocks" journal-dir=/home/CPerezz/bintrie-benchmarks/mpt-vs-bintrie/dbs/mpt/geth/triedb
INFO [03-26|19:24:27.907] 
INFO [03-26|19:24:27.907] ---------------------------------------------------------------------------------------------------------------------------------------------------------
INFO [03-26|19:24:27.907] Chain ID:  1337 (unknown)
INFO [03-26|19:24:27.907] Consensus: unknown
INFO [03-26|19:24:27.907] 
INFO [03-26|19:24:27.907] Pre-Merge hard forks (block based):
INFO [03-26|19:24:27.907]  - Homestead:                   #0       
INFO [03-26|19:24:27.907]  - Tangerine Whistle (EIP 150): #0       
INFO [03-26|19:24:27.907]  - Spurious Dragon/1 (EIP 155): #0       
INFO [03-26|19:24:27.907]  - Spurious Dragon/2 (EIP 158): #0       
INFO [03-26|19:24:27.907]  - Byzantium:                   #0       
INFO [03-26|19:24:27.907]  - Constantinople:              #0       
INFO [03-26|19:24:27.907]  - Petersburg:                  #0       
INFO [03-26|19:24:27.907]  - Istanbul:                    #0       
INFO [03-26|19:24:27.907]  - Muir Glacier:                #0       
INFO [03-26|19:24:27.907]  - Berlin:                      #0       
INFO [03-26|19:24:27.907]  - London:                      #0       
INFO [03-26|19:24:27.907]  - Arrow Glacier:               #0       
INFO [03-26|19:24:27.907]  - Gray Glacier:                #0       
INFO [03-26|19:24:27.907] 
INFO [03-26|19:24:27.907] Merge configured:
INFO [03-26|19:24:27.907]  - Total terminal difficulty:  0
INFO [03-26|19:24:27.907]  - Merge netsplit block:       #0       
INFO [03-26|19:24:27.907] 
INFO [03-26|19:24:27.907] Post-Merge hard forks (timestamp based):
INFO [03-26|19:24:27.907]  - Shanghai:                    @0         
INFO [03-26|19:24:27.907]  - Cancun:                      @0          blob: (target: 3, max: 6, fraction: 3338477)
INFO [03-26|19:24:27.907]  - Prague:                      @0          blob: (target: 6, max: 9, fraction: 5225352)
INFO [03-26|19:24:27.907]  - Osaka:                       @4294967295 blob: (target: 9, max: 12, fraction: 5225352)
INFO [03-26|19:24:27.907] 
INFO [03-26|19:24:27.907] All fork specifications can be found at https://ethereum.github.io/execution-specs/src/ethereum/forks/
INFO [03-26|19:24:27.907] 
INFO [03-26|19:24:27.907] ---------------------------------------------------------------------------------------------------------------------------------------------------------
INFO [03-26|19:24:27.907] 
INFO [03-26|19:24:27.907] Loaded most recent local block           number=64520 hash=52c645..a3b414 age=10s
INFO [03-26|19:24:27.907] Loaded most recent local finalized block number=64512 hash=f269b6..f2777e age=1m43s
INFO [03-26|19:24:27.907] Initialized transaction indexer          range="last 2350000 blocks"
INFO [03-26|19:24:27.907] Initialized log indexer                  firstblock=0 lastblock=64520 firstmap=0 lastmap=4 headindexed=true
INFO [03-26|19:24:27.909] Enabled full-sync                        head=64520 hash=52c645..a3b414
INFO [03-26|19:24:27.909] Unprotected transactions allowed
INFO [03-26|19:24:27.909] Gasprice oracle is ignoring threshold set threshold=2
INFO [03-26|19:24:27.910] Registered sync override service
WARN [03-26|19:24:27.910] You are running Geth in --dev mode. Please note the following:
WARN [03-26|19:24:27.910] 
WARN [03-26|19:24:27.910]   1. This mode is only intended for fast, iterative development without assumptions on
WARN [03-26|19:24:27.910]      security or persistence.
WARN [03-26|19:24:27.910]   2. The database is created in memory unless specified otherwise. Therefore, shutting down
WARN [03-26|19:24:27.910]      your computer or losing power will wipe your entire block data and chain state for
WARN [03-26|19:24:27.910]      your dev environment.
WARN [03-26|19:24:27.910]   3. A random, pre-allocated developer account will be available and unlocked as
WARN [03-26|19:24:27.910]      eth.coinbase, which can be used for testing. The random dev account is temporary,
WARN [03-26|19:24:27.910]      stored on a ramdisk, and will be lost if your machine is restarted.
WARN [03-26|19:24:27.910]   4. Mining is enabled by default. However, the client will only seal blocks if transactions
WARN [03-26|19:24:27.910]      are pending in the mempool. The miner's minimum accepted gas price is 1.
WARN [03-26|19:24:27.910]   5. Networking is disabled; there is no listen-address, the maximum number of peers is set
WARN [03-26|19:24:27.910]      to 0, and discovery is disabled.
WARN [03-26|19:24:27.910] 
INFO [03-26|19:24:27.910] Starting peer-to-peer node               instance=Geth/v1.17.2-unstable-5d0e18f7-20260325/linux-amd64/go1.24.1
WARN [03-26|19:24:27.910] P2P server will be useless, neither dialing nor listening
INFO [03-26|19:24:27.923] New local node record                    seq=1,774,465,406,110 id=9566f6e861acb2c3 ip=127.0.0.1 udp=0 tcp=0
INFO [03-26|19:24:27.923] IPC endpoint opened                      url=/home/CPerezz/bintrie-benchmarks/mpt-vs-bintrie/dbs/mpt/geth.ipc
ERROR[03-26|19:24:27.923] Unavailable modules in HTTP API list     unavailable=[personal] available="[admin debug web3 eth txpool miner net dev testing]"
INFO [03-26|19:24:27.923] Started P2P networking                   self=enode://7bcb27e0859fe4ed7072e298a58918cc0b55d08376b1207f77d84f6d0d34ded7448b64ab16dd00733b489383beff49c04f662afae4dd1dc102807640ff82a1cd@127.0.0.1:0
INFO [03-26|19:24:27.924] HTTP server started                      endpoint=[::]:8545 auth=false prefix= cors= vhosts=localhost
INFO [03-26|19:24:27.924] WebSocket enabled                        url=ws://[::]:8546
INFO [03-26|19:24:27.968] Loaded local transaction journal         transactions=606 dropped=0
INFO [03-26|19:24:29.522] Submitted contract creation              hash=0x5499b26dd6e2565a1fdb37d536ca5ac3d4b2715e8542d143107c962ad9ca0d31 from=0xf39Fd6e51aad88F6F4ce6aB8827279cffFb92266 nonce=482 contract=0x447786d977Ea11Ad0600E193b2d07A06EfB53e5F value=0
INFO [03-26|19:24:29.524] Submitted transaction                    hash=0xd3cac92f886dd74a987a91f58199b3e5f2b8150b3495d331998e6a909b5c70e9 from=0xf39Fd6e51aad88F6F4ce6aB8827279cffFb92266 nonce=483 recipient=0x75A667ed2a02De16E468F00A32DC1A7EABf24E32 value=65,400,000,000
INFO [03-26|19:24:29.662] Started log indexer
INFO [03-26|19:24:29.667] Starting work on payload                 id=0x0352f70e42ae68b3
INFO [03-26|19:24:29.673] Updated payload                          id=0x0352f70e42ae68b3 number=64521 hash=f0feb7..66c18e txs=2 withdrawals=0 gas=106,226 fees=6.851577e-11 root=219597..193ba9 elapsed=5.674ms
INFO [03-26|19:24:29.673] Stopping work on payload                 id=0x0352f70e42ae68b3 reason=delivery
WARN [03-26|19:24:29.676] {"level":"warn","msg":"Slow block","block":{"number":64521,"hash":"0xf0feb7ca389165e20bb1b3166320f2bdf744f88855e8d7c6cdd705977b66c18e","gas_used":106226,"tx_count":2},"timing":{"execution_ms":0.123499,"state_read_ms":0.14084,"state_hash_ms":0.822835,"commit_ms":0.675785,"total_ms":1.81328},"throughput":{"mgas_per_sec":58.582237712873905},"state_reads":{"accounts":11,"storage_slots":0,"code":0,"code_bytes":0},"state_writes":{"accounts":3,"accounts_deleted":0,"storage_slots":0,"storage_slots_deleted":0,"code":1,"code_bytes":149},"cache":{"account":{"hits":4,"misses":7,"hit_rate":36.36363636363637},"storage":{"hits":0,"misses":0,"hit_rate":0},"code":{"hits":0,"misses":0,"hit_rate":0,"hit_bytes":0,"miss_bytes":0}}}
INFO [03-26|19:24:29.676] Imported new potential chain segment     number=64521 hash=f0feb7..66c18e blocks=1 txs=2 mgas=0.106 elapsed=2.203ms mgasps=48.215 triediffs=1.20MiB triedirty=0.00B
INFO [03-26|19:24:29.676] Ready for fork activation                fork=Osaka date="07 Feb 06 07:28 CET" remaining=700116h3m45s timestamp=4,294,967,295
INFO [03-26|19:24:29.677] Chain head was updated                   number=64521 hash=f0feb7..66c18e root=219597..193ba9 elapsed="318.539µs"
INFO [03-26|19:24:30.541] Submitted transaction                    hash=0x979c7eb249497ee8b5fec8787409da7bc9def31f39cc1f79c372dee9b9624cfd from=0x75A667ed2a02De16E468F00A32DC1A7EABf24E32 nonce=0   recipient=0x447786d977Ea11Ad0600E193b2d07A06EfB53e5F value=0
INFO [03-26|19:24:39.678] Starting work on payload                 id=0x03ba78134ed7c3a2
WARN [03-26|19:24:42.136] Block building is interrupted            allowance=2s
INFO [03-26|19:24:42.136] Updated payload                          id=0x03ba78134ed7c3a2 number=64522 hash=5fdb03..dc577e txs=1 withdrawals=0 gas=100,000,000 fees=6.46e-08     root=fb3cae..aea584 elapsed=2.458s
WARN [03-26|19:24:45.382] {"level":"warn","msg":"Slow block","block":{"number":64522,"hash":"0x5fdb039de9d05b0737f048b1db01aa8605a47a089f9038eaf95e5c1661dc577e","gas_used":100000000,"tx_count":1},"timing":{"execution_ms":183.715413,"state_read_ms":3042.009043,"state_hash_ms":0.069488,"commit_ms":17.633025,"total_ms":3243.49706},"throughput":{"mgas_per_sec":30.830920500356488},"state_reads":{"accounts":8,"storage_slots":23418,"code":2,"code_bytes":1493},"state_writes":{"accounts":2,"accounts_deleted":0,"storage_slots":0,"storage_slots_deleted":0,"code":0,"code_bytes":0},"cache":{"account":{"hits":3,"misses":5,"hit_rate":37.5},"storage":{"hits":1751,"misses":21667,"hit_rate":7.477154325732342},"code":{"hits":2,"misses":0,"hit_rate":100,"hit_bytes":1493,"miss_bytes":0}}}
INFO [03-26|19:24:45.382] Imported new potential chain segment     number=64522 hash=5fdb03..dc577e blocks=1 txs=1 mgas=100.000 elapsed=3.244s      mgasps=30.818 triediffs=1.20MiB triedirty=0.00B
INFO [03-26|19:24:45.383] Chain head was updated                   number=64522 hash=5fdb03..dc577e root=fb3cae..aea584 elapsed="73.509µs"
WARN [03-26|19:24:45.664] Block building is interrupted            allowance=2s
INFO [03-26|19:24:45.665] Stopping work on payload                 id=0x03ba78134ed7c3a2 reason=delivery
