INFO [03-26|18:59:40.898] Starting Geth on Ethereum mainnet...
INFO [03-26|18:59:40.899] Maximum peer count                       ETH=0 total=0
INFO [03-26|18:59:40.900] Smartcard socket not found, disabling    err="stat /run/pcscd/pcscd.comm: no such file or directory"
WARN [03-26|18:59:40.901] Option --miner.etherbase is deprecated as the etherbase is set by the consensus client post-merge
WARN [03-26|18:59:40.902] Snap sync requested, resetting --cache.snapshot
INFO [03-26|18:59:40.902] Global gas cap disabled
INFO [03-26|18:59:41.545] Using developer account                  address=0xf39Fd6e51aad88F6F4ce6aB8827279cffFb92266
INFO [03-26|18:59:41.713] Using pebble as the backing database
INFO [03-26|18:59:41.713] Allocated cache and file handles         database=/home/CPerezz/bintrie-benchmarks/mpt-vs-bintrie/dbs/mpt/geth/chaindata cache=16.00MiB handles=524,288
INFO [03-26|18:59:42.855] Opened ancient database                  database=/home/CPerezz/bintrie-benchmarks/mpt-vs-bintrie/dbs/mpt/geth/chaindata/ancient/chain readonly=true
INFO [03-26|18:59:42.855] Opened Era store                         datadir=/home/CPerezz/bintrie-benchmarks/mpt-vs-bintrie/dbs/mpt/geth/chaindata/ancient/chain/era
INFO [03-26|18:59:42.861] Initializing the KZG library             backend=gokzg
INFO [03-26|18:59:42.863] Allocated trie memory caches             clean=0.00B dirty=0.00B
INFO [03-26|18:59:42.960] Using pebble as the backing database
INFO [03-26|18:59:42.960] Allocated cache and file handles         database=/home/CPerezz/bintrie-benchmarks/mpt-vs-bintrie/dbs/mpt/geth/chaindata cache=16.00MiB handles=524,288
INFO [03-26|18:59:44.294] Opened ancient database                  database=/home/CPerezz/bintrie-benchmarks/mpt-vs-bintrie/dbs/mpt/geth/chaindata/ancient/chain readonly=false
INFO [03-26|18:59:44.294] Opened Era store                         datadir=/home/CPerezz/bintrie-benchmarks/mpt-vs-bintrie/dbs/mpt/geth/chaindata/ancient/chain/era
INFO [03-26|18:59:44.295] State scheme set to already existing     scheme=path
INFO [03-26|18:59:44.297] Initialising Ethereum protocol           network=1337 dbversion=9
INFO [03-26|18:59:44.297] Load database journal from file          path=/home/CPerezz/bintrie-benchmarks/mpt-vs-bintrie/dbs/mpt/geth/triedb/merkle.journal
INFO [03-26|18:59:44.321] Opened ancient database                  database=/home/CPerezz/bintrie-benchmarks/mpt-vs-bintrie/dbs/mpt/geth/chaindata/ancient/state readonly=false
INFO [03-26|18:59:44.321] Initialized path database                triecache=0.00B statecache=0.00B buffer=0.00B state-history="last 90000 blocks" journal-dir=/home/CPerezz/bintrie-benchmarks/mpt-vs-bintrie/dbs/mpt/geth/triedb
INFO [03-26|18:59:44.321] 
INFO [03-26|18:59:44.321] ---------------------------------------------------------------------------------------------------------------------------------------------------------
INFO [03-26|18:59:44.321] Chain ID:  1337 (unknown)
INFO [03-26|18:59:44.321] Consensus: unknown
INFO [03-26|18:59:44.321] 
INFO [03-26|18:59:44.321] Pre-Merge hard forks (block based):
INFO [03-26|18:59:44.321]  - Homestead:                   #0       
INFO [03-26|18:59:44.321]  - Tangerine Whistle (EIP 150): #0       
INFO [03-26|18:59:44.321]  - Spurious Dragon/1 (EIP 155): #0       
INFO [03-26|18:59:44.321]  - Spurious Dragon/2 (EIP 158): #0       
INFO [03-26|18:59:44.321]  - Byzantium:                   #0       
INFO [03-26|18:59:44.321]  - Constantinople:              #0       
INFO [03-26|18:59:44.321]  - Petersburg:                  #0       
INFO [03-26|18:59:44.321]  - Istanbul:                    #0       
INFO [03-26|18:59:44.321]  - Muir Glacier:                #0       
INFO [03-26|18:59:44.321]  - Berlin:                      #0       
INFO [03-26|18:59:44.321]  - London:                      #0       
INFO [03-26|18:59:44.321]  - Arrow Glacier:               #0       
INFO [03-26|18:59:44.321]  - Gray Glacier:                #0       
INFO [03-26|18:59:44.321] 
INFO [03-26|18:59:44.321] Merge configured:
INFO [03-26|18:59:44.321]  - Total terminal difficulty:  0
INFO [03-26|18:59:44.321]  - Merge netsplit block:       #0       
INFO [03-26|18:59:44.321] 
INFO [03-26|18:59:44.321] Post-Merge hard forks (timestamp based):
INFO [03-26|18:59:44.321]  - Shanghai:                    @0         
INFO [03-26|18:59:44.321]  - Cancun:                      @0          blob: (target: 3, max: 6, fraction: 3338477)
INFO [03-26|18:59:44.321]  - Prague:                      @0          blob: (target: 6, max: 9, fraction: 5225352)
INFO [03-26|18:59:44.321]  - Osaka:                       @4294967295 blob: (target: 9, max: 12, fraction: 5225352)
INFO [03-26|18:59:44.321] 
INFO [03-26|18:59:44.321] All fork specifications can be found at https://ethereum.github.io/execution-specs/src/ethereum/forks/
INFO [03-26|18:59:44.321] 
INFO [03-26|18:59:44.321] ---------------------------------------------------------------------------------------------------------------------------------------------------------
INFO [03-26|18:59:44.321] 
INFO [03-26|18:59:44.322] Loaded most recent local block           number=64392 hash=47d0da..0088ba age=14s
INFO [03-26|18:59:44.322] Loaded most recent local finalized block number=64384 hash=c5b90a..13004f age=1m48s
INFO [03-26|18:59:44.322] Initialized transaction indexer          range="last 2350000 blocks"
INFO [03-26|18:59:44.322] Initialized log indexer                  firstblock=0 lastblock=64392 firstmap=0 lastmap=4 headindexed=true
INFO [03-26|18:59:44.324] Enabled full-sync                        head=64392 hash=47d0da..0088ba
INFO [03-26|18:59:44.324] Unprotected transactions allowed
INFO [03-26|18:59:44.324] Gasprice oracle is ignoring threshold set threshold=2
INFO [03-26|18:59:44.324] Registered sync override service
WARN [03-26|18:59:44.324] You are running Geth in --dev mode. Please note the following:
WARN [03-26|18:59:44.324] 
WARN [03-26|18:59:44.324]   1. This mode is only intended for fast, iterative development without assumptions on
WARN [03-26|18:59:44.324]      security or persistence.
WARN [03-26|18:59:44.324]   2. The database is created in memory unless specified otherwise. Therefore, shutting down
WARN [03-26|18:59:44.324]      your computer or losing power will wipe your entire block data and chain state for
WARN [03-26|18:59:44.324]      your dev environment.
WARN [03-26|18:59:44.324]   3. A random, pre-allocated developer account will be available and unlocked as
WARN [03-26|18:59:44.324]      eth.coinbase, which can be used for testing. The random dev account is temporary,
WARN [03-26|18:59:44.324]      stored on a ramdisk, and will be lost if your machine is restarted.
WARN [03-26|18:59:44.324]   4. Mining is enabled by default. However, the client will only seal blocks if transactions
WARN [03-26|18:59:44.324]      are pending in the mempool. The miner's minimum accepted gas price is 1.
WARN [03-26|18:59:44.324]   5. Networking is disabled; there is no listen-address, the maximum number of peers is set
WARN [03-26|18:59:44.324]      to 0, and discovery is disabled.
WARN [03-26|18:59:44.324] 
INFO [03-26|18:59:44.324] Starting peer-to-peer node               instance=Geth/v1.17.2-unstable-5d0e18f7-20260325/linux-amd64/go1.24.1
WARN [03-26|18:59:44.324] P2P server will be useless, neither dialing nor listening
INFO [03-26|18:59:44.343] IPC endpoint opened                      url=/home/CPerezz/bintrie-benchmarks/mpt-vs-bintrie/dbs/mpt/geth.ipc
ERROR[03-26|18:59:44.343] Unavailable modules in HTTP API list     unavailable=[personal] available="[admin debug web3 eth txpool miner net dev testing]"
INFO [03-26|18:59:44.344] HTTP server started                      endpoint=[::]:8545 auth=false prefix= cors= vhosts=localhost
INFO [03-26|18:59:44.344] WebSocket enabled                        url=ws://[::]:8546
INFO [03-26|18:59:44.344] New local node record                    seq=1,774,465,406,046 id=9566f6e861acb2c3 ip=127.0.0.1 udp=0 tcp=0
INFO [03-26|18:59:44.344] Started P2P networking                   self=enode://7bcb27e0859fe4ed7072e298a58918cc0b55d08376b1207f77d84f6d0d34ded7448b64ab16dd00733b489383beff49c04f662afae4dd1dc102807640ff82a1cd@127.0.0.1:0
INFO [03-26|18:59:44.363] Loaded local transaction journal         transactions=414 dropped=0
INFO [03-26|18:59:45.847] Submitted contract creation              hash=0x44ed2cd86d3723dc0886e064300957a3a44b775e4772c7b0cc22cabd03e291d2 from=0xf39Fd6e51aad88F6F4ce6aB8827279cffFb92266 nonce=354 contract=0x2538a10b7fFb1B78c890c870FC152b10be121f04 value=0
INFO [03-26|18:59:45.849] Submitted transaction                    hash=0x317a06272576872205f9e9b20a24c336993a88175bfdebe7a41f72ca62cd5e84 from=0xf39Fd6e51aad88F6F4ce6aB8827279cffFb92266 nonce=355 recipient=0x669C9950bfeb4184D36445cAf97845FfF367b9F8 value=1,400,000,000
INFO [03-26|18:59:46.256] Started log indexer
INFO [03-26|18:59:46.261] Starting work on payload                 id=0x0360210f7878ce17
INFO [03-26|18:59:46.268] Updated payload                          id=0x0360210f7878ce17 number=64393 hash=a877a7..fe9208 txs=2 withdrawals=0 gas=106,226 fees=5.3113e-13 root=553abd..460b54 elapsed=6.662ms
INFO [03-26|18:59:46.268] Stopping work on payload                 id=0x0360210f7878ce17 reason=delivery
WARN [03-26|18:59:46.270] {"level":"warn","msg":"Slow block","block":{"number":64393,"hash":"0xa877a7bf88e0156bd4297df1677c9848cbe6dcc73942adc7ecc7ffd239fe9208","gas_used":106226,"tx_count":2},"timing":{"execution_ms":0.057279,"state_read_ms":0.136329,"state_hash_ms":0.808225,"commit_ms":0.604866,"total_ms":1.66589},"throughput":{"mgas_per_sec":63.765314636620666},"state_reads":{"accounts":11,"storage_slots":0,"code":0,"code_bytes":0},"state_writes":{"accounts":3,"accounts_deleted":0,"storage_slots":0,"storage_slots_deleted":0,"code":1,"code_bytes":149},"cache":{"account":{"hits":6,"misses":5,"hit_rate":54.54545454545454},"storage":{"hits":0,"misses":0,"hit_rate":0},"code":{"hits":0,"misses":0,"hit_rate":0,"hit_bytes":0,"miss_bytes":0}}}
INFO [03-26|18:59:46.270] Imported new potential chain segment     number=64393 hash=a877a7..fe9208 blocks=1 txs=2 mgas=0.106 elapsed=1.827ms mgasps=58.115 triediffs=1.20MiB triedirty=0.00B
INFO [03-26|18:59:46.271] Ready for fork activation                fork=Osaka date="07 Feb 06 07:28 CET" remaining=700116h28m29s timestamp=4,294,967,295
INFO [03-26|18:59:46.271] Chain head was updated                   number=64393 hash=a877a7..fe9208 root=553abd..460b54 elapsed="111.839µs"
INFO [03-26|18:59:46.866] Submitted transaction                    hash=0x9a12a9515209287dd6497b46e73ca954054212d9368b01c8091e094345084308 from=0x669C9950bfeb4184D36445cAf97845FfF367b9F8 nonce=0   recipient=0x2538a10b7fFb1B78c890c870FC152b10be121f04 value=0
INFO [03-26|18:59:56.272] Starting work on payload                 id=0x034d6fccccadbff5
WARN [03-26|18:59:58.748] Block building is interrupted            allowance=2s
INFO [03-26|18:59:58.749] Updated payload                          id=0x034d6fccccadbff5 number=64394 hash=68950a..469a4f txs=1 withdrawals=0 gas=100,000,000 fees=6e-10      root=9925d9..259bdd elapsed=2.477s
WARN [03-26|19:00:02.067] {"level":"warn","msg":"Slow block","block":{"number":64394,"hash":"0x68950af30d2af90290592d80273b88de9fa85797757dada940b337b593469a4f","gas_used":100000000,"tx_count":1},"timing":{"execution_ms":184.420216,"state_read_ms":3107.253432,"state_hash_ms":0.09782,"commit_ms":22.906964,"total_ms":3314.772922},"throughput":{"mgas_per_sec":30.167979029967473},"state_reads":{"accounts":8,"storage_slots":23418,"code":2,"code_bytes":1493},"state_writes":{"accounts":2,"accounts_deleted":0,"storage_slots":0,"storage_slots_deleted":0,"code":0,"code_bytes":0},"cache":{"account":{"hits":3,"misses":5,"hit_rate":37.5},"storage":{"hits":2219,"misses":21199,"hit_rate":9.475617046716202},"code":{"hits":2,"misses":0,"hit_rate":100,"hit_bytes":1493,"miss_bytes":0}}}
INFO [03-26|19:00:02.067] Imported new potential chain segment     number=64394 hash=68950a..469a4f blocks=1 txs=1 mgas=100.000 elapsed=3.317s      mgasps=30.143 triediffs=1.20MiB triedirty=0.00B
INFO [03-26|19:00:02.069] Chain head was updated                   number=64394 hash=68950a..469a4f root=9925d9..259bdd elapsed="106.559µs"
WARN [03-26|19:00:02.355] Block building is interrupted            allowance=2s
INFO [03-26|19:00:02.356] Stopping work on payload                 id=0x034d6fccccadbff5 reason=delivery
