INFO [03-26|19:02:48.145] Starting Geth on Ethereum mainnet...
INFO [03-26|19:02:48.147] Maximum peer count                       ETH=0 total=0
INFO [03-26|19:02:48.147] Smartcard socket not found, disabling    err="stat /run/pcscd/pcscd.comm: no such file or directory"
WARN [03-26|19:02:48.149] Option --miner.etherbase is deprecated as the etherbase is set by the consensus client post-merge
WARN [03-26|19:02:48.150] Snap sync requested, resetting --cache.snapshot
INFO [03-26|19:02:48.150] Global gas cap disabled
INFO [03-26|19:02:48.848] Using developer account                  address=0xf39Fd6e51aad88F6F4ce6aB8827279cffFb92266
INFO [03-26|19:02:49.016] Using pebble as the backing database
INFO [03-26|19:02:49.016] Allocated cache and file handles         database=/home/CPerezz/bintrie-benchmarks/mpt-vs-bintrie/dbs/mpt/geth/chaindata cache=16.00MiB handles=524,288
INFO [03-26|19:02:50.164] Opened ancient database                  database=/home/CPerezz/bintrie-benchmarks/mpt-vs-bintrie/dbs/mpt/geth/chaindata/ancient/chain readonly=true
INFO [03-26|19:02:50.164] Opened Era store                         datadir=/home/CPerezz/bintrie-benchmarks/mpt-vs-bintrie/dbs/mpt/geth/chaindata/ancient/chain/era
INFO [03-26|19:02:50.175] Initializing the KZG library             backend=gokzg
INFO [03-26|19:02:50.177] Allocated trie memory caches             clean=0.00B dirty=0.00B
INFO [03-26|19:02:50.274] Using pebble as the backing database
INFO [03-26|19:02:50.274] Allocated cache and file handles         database=/home/CPerezz/bintrie-benchmarks/mpt-vs-bintrie/dbs/mpt/geth/chaindata cache=16.00MiB handles=524,288
INFO [03-26|19:02:51.596] Opened ancient database                  database=/home/CPerezz/bintrie-benchmarks/mpt-vs-bintrie/dbs/mpt/geth/chaindata/ancient/chain readonly=false
INFO [03-26|19:02:51.596] Opened Era store                         datadir=/home/CPerezz/bintrie-benchmarks/mpt-vs-bintrie/dbs/mpt/geth/chaindata/ancient/chain/era
INFO [03-26|19:02:51.597] State scheme set to already existing     scheme=path
INFO [03-26|19:02:51.598] Initialising Ethereum protocol           network=1337 dbversion=9
INFO [03-26|19:02:51.598] Load database journal from file          path=/home/CPerezz/bintrie-benchmarks/mpt-vs-bintrie/dbs/mpt/geth/triedb/merkle.journal
INFO [03-26|19:02:51.625] Opened ancient database                  database=/home/CPerezz/bintrie-benchmarks/mpt-vs-bintrie/dbs/mpt/geth/chaindata/ancient/state readonly=false
INFO [03-26|19:02:51.626] Initialized path database                triecache=0.00B statecache=0.00B buffer=0.00B state-history="last 90000 blocks" journal-dir=/home/CPerezz/bintrie-benchmarks/mpt-vs-bintrie/dbs/mpt/geth/triedb
INFO [03-26|19:02:51.626] 
INFO [03-26|19:02:51.626] ---------------------------------------------------------------------------------------------------------------------------------------------------------
INFO [03-26|19:02:51.626] Chain ID:  1337 (unknown)
INFO [03-26|19:02:51.626] Consensus: unknown
INFO [03-26|19:02:51.626] 
INFO [03-26|19:02:51.626] Pre-Merge hard forks (block based):
INFO [03-26|19:02:51.626]  - Homestead:                   #0       
INFO [03-26|19:02:51.626]  - Tangerine Whistle (EIP 150): #0       
INFO [03-26|19:02:51.626]  - Spurious Dragon/1 (EIP 155): #0       
INFO [03-26|19:02:51.626]  - Spurious Dragon/2 (EIP 158): #0       
INFO [03-26|19:02:51.626]  - Byzantium:                   #0       
INFO [03-26|19:02:51.626]  - Constantinople:              #0       
INFO [03-26|19:02:51.626]  - Petersburg:                  #0       
INFO [03-26|19:02:51.626]  - Istanbul:                    #0       
INFO [03-26|19:02:51.626]  - Muir Glacier:                #0       
INFO [03-26|19:02:51.626]  - Berlin:                      #0       
INFO [03-26|19:02:51.626]  - London:                      #0       
INFO [03-26|19:02:51.626]  - Arrow Glacier:               #0       
INFO [03-26|19:02:51.626]  - Gray Glacier:                #0       
INFO [03-26|19:02:51.626] 
INFO [03-26|19:02:51.626] Merge configured:
INFO [03-26|19:02:51.626]  - Total terminal difficulty:  0
INFO [03-26|19:02:51.626]  - Merge netsplit block:       #0       
INFO [03-26|19:02:51.626] 
INFO [03-26|19:02:51.626] Post-Merge hard forks (timestamp based):
INFO [03-26|19:02:51.626]  - Shanghai:                    @0         
INFO [03-26|19:02:51.626]  - Cancun:                      @0          blob: (target: 3, max: 6, fraction: 3338477)
INFO [03-26|19:02:51.626]  - Prague:                      @0          blob: (target: 6, max: 9, fraction: 5225352)
INFO [03-26|19:02:51.626]  - Osaka:                       @4294967295 blob: (target: 9, max: 12, fraction: 5225352)
INFO [03-26|19:02:51.626] 
INFO [03-26|19:02:51.626] All fork specifications can be found at https://ethereum.github.io/execution-specs/src/ethereum/forks/
INFO [03-26|19:02:51.626] 
INFO [03-26|19:02:51.626] ---------------------------------------------------------------------------------------------------------------------------------------------------------
INFO [03-26|19:02:51.626] 
INFO [03-26|19:02:51.627] Loaded most recent local block           number=64408 hash=df6c3c..53e177 age=12s
INFO [03-26|19:02:51.627] Loaded most recent local finalized block number=64384 hash=c5b90a..13004f age=4m55s
INFO [03-26|19:02:51.627] Initialized transaction indexer          range="last 2350000 blocks"
INFO [03-26|19:02:51.627] Initialized log indexer                  firstblock=0 lastblock=64408 firstmap=0 lastmap=4 headindexed=true
INFO [03-26|19:02:51.648] Enabled full-sync                        head=64408 hash=df6c3c..53e177
INFO [03-26|19:02:51.648] Unprotected transactions allowed
INFO [03-26|19:02:51.648] Gasprice oracle is ignoring threshold set threshold=2
INFO [03-26|19:02:51.649] Registered sync override service
WARN [03-26|19:02:51.649] You are running Geth in --dev mode. Please note the following:
WARN [03-26|19:02:51.649] 
WARN [03-26|19:02:51.649]   1. This mode is only intended for fast, iterative development without assumptions on
WARN [03-26|19:02:51.649]      security or persistence.
WARN [03-26|19:02:51.649]   2. The database is created in memory unless specified otherwise. Therefore, shutting down
WARN [03-26|19:02:51.649]      your computer or losing power will wipe your entire block data and chain state for
WARN [03-26|19:02:51.649]      your dev environment.
WARN [03-26|19:02:51.649]   3. A random, pre-allocated developer account will be available and unlocked as
WARN [03-26|19:02:51.649]      eth.coinbase, which can be used for testing. The random dev account is temporary,
WARN [03-26|19:02:51.649]      stored on a ramdisk, and will be lost if your machine is restarted.
WARN [03-26|19:02:51.649]   4. Mining is enabled by default. However, the client will only seal blocks if transactions
WARN [03-26|19:02:51.649]      are pending in the mempool. The miner's minimum accepted gas price is 1.
WARN [03-26|19:02:51.649]   5. Networking is disabled; there is no listen-address, the maximum number of peers is set
WARN [03-26|19:02:51.649]      to 0, and discovery is disabled.
WARN [03-26|19:02:51.649] 
INFO [03-26|19:02:51.649] Starting peer-to-peer node               instance=Geth/v1.17.2-unstable-5d0e18f7-20260325/linux-amd64/go1.24.1
WARN [03-26|19:02:51.649] P2P server will be useless, neither dialing nor listening
INFO [03-26|19:02:51.654] New local node record                    seq=1,774,465,406,054 id=9566f6e861acb2c3 ip=127.0.0.1 udp=0 tcp=0
INFO [03-26|19:02:51.654] Started P2P networking                   self=enode://7bcb27e0859fe4ed7072e298a58918cc0b55d08376b1207f77d84f6d0d34ded7448b64ab16dd00733b489383beff49c04f662afae4dd1dc102807640ff82a1cd@127.0.0.1:0
INFO [03-26|19:02:51.654] IPC endpoint opened                      url=/home/CPerezz/bintrie-benchmarks/mpt-vs-bintrie/dbs/mpt/geth.ipc
ERROR[03-26|19:02:51.654] Unavailable modules in HTTP API list     unavailable=[personal] available="[admin debug web3 eth txpool miner net dev testing]"
INFO [03-26|19:02:51.655] HTTP server started                      endpoint=[::]:8545 auth=false prefix= cors= vhosts=localhost
INFO [03-26|19:02:51.655] WebSocket enabled                        url=ws://[::]:8546
INFO [03-26|19:02:51.675] Loaded local transaction journal         transactions=438 dropped=0
INFO [03-26|19:02:53.096] Submitted contract creation              hash=0x12b5b5aed0c469a173808ae583dc48e886149c6a1246dc181308d031f191160b from=0xf39Fd6e51aad88F6F4ce6aB8827279cffFb92266 nonce=370 contract=0x2BB8B93F585B43b06F3d523bf30C203d3B6d4BD4 value=0
INFO [03-26|19:02:53.097] Submitted transaction                    hash=0x0a841723e9c92c47edb4590ffbd83129fee7de982bc8ad67c6352eb7d9f8cee3 from=0xf39Fd6e51aad88F6F4ce6aB8827279cffFb92266 nonce=371 recipient=0xe0F0B3840D55c6918822A7eca045C71866456aEA value=1,400,000,000
INFO [03-26|19:02:53.572] Started log indexer
INFO [03-26|19:02:53.580] Starting work on payload                 id=0x03a39f3176cf5afc
INFO [03-26|19:02:53.590] Updated payload                          id=0x03a39f3176cf5afc number=64409 hash=f62347..bdd5ae txs=2 withdrawals=0 gas=106,226 fees=5.3113e-13 root=35206a..a4bb35 elapsed=9.879ms
INFO [03-26|19:02:53.590] Stopping work on payload                 id=0x03a39f3176cf5afc reason=delivery
WARN [03-26|19:02:53.593] {"level":"warn","msg":"Slow block","block":{"number":64409,"hash":"0xf6234791af49f417e6299f92351991cf86ddd6660a84723c4d0d94a00fbdd5ae","gas_used":106226,"tx_count":2},"timing":{"execution_ms":0.055259,"state_read_ms":0.214309,"state_hash_ms":1.101843,"commit_ms":0.841445,"total_ms":2.279216},"throughput":{"mgas_per_sec":46.60637692961088},"state_reads":{"accounts":11,"storage_slots":0,"code":0,"code_bytes":0},"state_writes":{"accounts":3,"accounts_deleted":0,"storage_slots":0,"storage_slots_deleted":0,"code":1,"code_bytes":149},"cache":{"account":{"hits":6,"misses":5,"hit_rate":54.54545454545454},"storage":{"hits":0,"misses":0,"hit_rate":0},"code":{"hits":0,"misses":0,"hit_rate":0,"hit_bytes":0,"miss_bytes":0}}}
INFO [03-26|19:02:53.593] Imported new potential chain segment     number=64409 hash=f62347..bdd5ae blocks=1 txs=2 mgas=0.106 elapsed=2.521ms mgasps=42.123 triediffs=1.20MiB triedirty=0.00B
INFO [03-26|19:02:53.593] Ready for fork activation                fork=Osaka date="07 Feb 06 07:28 CET" remaining=700116h25m21s timestamp=4,294,967,295
INFO [03-26|19:02:53.594] Chain head was updated                   number=64409 hash=f62347..bdd5ae root=35206a..a4bb35 elapsed="240.118µs"
INFO [03-26|19:02:54.112] Submitted transaction                    hash=0x584336b341c4f9b82287a651cb3f845be6f838f4362e87b81ca452fa18dde28f from=0xe0F0B3840D55c6918822A7eca045C71866456aEA nonce=0   recipient=0x2BB8B93F585B43b06F3d523bf30C203d3B6d4BD4 value=0
INFO [03-26|19:03:03.595] Starting work on payload                 id=0x03e707ae05ed5e6e
WARN [03-26|19:03:06.048] Block building is interrupted            allowance=2s
INFO [03-26|19:03:06.049] Updated payload                          id=0x03e707ae05ed5e6e number=64410 hash=e236bc..af4bef txs=1 withdrawals=0 gas=100,000,000 fees=6e-10      root=68f38a..01a764 elapsed=2.453s
WARN [03-26|19:03:09.294] Block building is interrupted            allowance=2s
INFO [03-26|19:03:09.295] Stopping work on payload                 id=0x03e707ae05ed5e6e reason=delivery
WARN [03-26|19:03:09.316] {"level":"warn","msg":"Slow block","block":{"number":64410,"hash":"0xe236bc27b1ea3409fca76d600ae6017135d55c65e3f05caa55257e7a87af4bef","gas_used":100000000,"tx_count":1},"timing":{"execution_ms":184.565082,"state_read_ms":3060.830519,"state_hash_ms":0.04536,"commit_ms":18.861993,"total_ms":3264.390734},"throughput":{"mgas_per_sec":30.633587749915478},"state_reads":{"accounts":8,"storage_slots":23418,"code":2,"code_bytes":1493},"state_writes":{"accounts":2,"accounts_deleted":0,"storage_slots":0,"storage_slots_deleted":0,"code":0,"code_bytes":0},"cache":{"account":{"hits":3,"misses":5,"hit_rate":37.5},"storage":{"hits":2262,"misses":21156,"hit_rate":9.659236484755317},"code":{"hits":2,"misses":0,"hit_rate":100,"hit_bytes":1493,"miss_bytes":0}}}
INFO [03-26|19:03:09.316] Imported new potential chain segment     number=64410 hash=e236bc..af4bef blocks=1 txs=1 mgas=100.000 elapsed=3.265s      mgasps=30.621 triediffs=1.20MiB triedirty=0.00B
INFO [03-26|19:03:09.317] Chain head was updated                   number=64410 hash=e236bc..af4bef root=68f38a..01a764 elapsed="69.579µs"
