INFO [03-26|19:14:44.525] Starting Geth on Ethereum mainnet...
INFO [03-26|19:14:44.526] Maximum peer count                       ETH=0 total=0
INFO [03-26|19:14:44.527] Smartcard socket not found, disabling    err="stat /run/pcscd/pcscd.comm: no such file or directory"
WARN [03-26|19:14:44.528] Option --miner.etherbase is deprecated as the etherbase is set by the consensus client post-merge
WARN [03-26|19:14:44.530] Snap sync requested, resetting --cache.snapshot
INFO [03-26|19:14:44.530] Global gas cap disabled
INFO [03-26|19:14:45.174] Using developer account                  address=0xf39Fd6e51aad88F6F4ce6aB8827279cffFb92266
INFO [03-26|19:14:45.341] Using pebble as the backing database
INFO [03-26|19:14:45.341] Allocated cache and file handles         database=/home/CPerezz/bintrie-benchmarks/mpt-vs-bintrie/dbs/mpt/geth/chaindata cache=16.00MiB handles=524,288
INFO [03-26|19:14:46.459] Opened ancient database                  database=/home/CPerezz/bintrie-benchmarks/mpt-vs-bintrie/dbs/mpt/geth/chaindata/ancient/chain readonly=true
INFO [03-26|19:14:46.459] Opened Era store                         datadir=/home/CPerezz/bintrie-benchmarks/mpt-vs-bintrie/dbs/mpt/geth/chaindata/ancient/chain/era
INFO [03-26|19:14:46.470] Initializing the KZG library             backend=gokzg
INFO [03-26|19:14:46.472] Allocated trie memory caches             clean=0.00B dirty=0.00B
INFO [03-26|19:14:46.568] Using pebble as the backing database
INFO [03-26|19:14:46.568] Allocated cache and file handles         database=/home/CPerezz/bintrie-benchmarks/mpt-vs-bintrie/dbs/mpt/geth/chaindata cache=16.00MiB handles=524,288
INFO [03-26|19:14:47.881] Opened ancient database                  database=/home/CPerezz/bintrie-benchmarks/mpt-vs-bintrie/dbs/mpt/geth/chaindata/ancient/chain readonly=false
INFO [03-26|19:14:47.881] Opened Era store                         datadir=/home/CPerezz/bintrie-benchmarks/mpt-vs-bintrie/dbs/mpt/geth/chaindata/ancient/chain/era
INFO [03-26|19:14:47.883] State scheme set to already existing     scheme=path
INFO [03-26|19:14:47.883] Initialising Ethereum protocol           network=1337 dbversion=9
INFO [03-26|19:14:47.883] Load database journal from file          path=/home/CPerezz/bintrie-benchmarks/mpt-vs-bintrie/dbs/mpt/geth/triedb/merkle.journal
INFO [03-26|19:14:47.918] Opened ancient database                  database=/home/CPerezz/bintrie-benchmarks/mpt-vs-bintrie/dbs/mpt/geth/chaindata/ancient/state readonly=false
INFO [03-26|19:14:47.919] Initialized path database                triecache=0.00B statecache=0.00B buffer=0.00B state-history="last 90000 blocks" journal-dir=/home/CPerezz/bintrie-benchmarks/mpt-vs-bintrie/dbs/mpt/geth/triedb
INFO [03-26|19:14:47.920] 
INFO [03-26|19:14:47.920] ---------------------------------------------------------------------------------------------------------------------------------------------------------
INFO [03-26|19:14:47.920] Chain ID:  1337 (unknown)
INFO [03-26|19:14:47.920] Consensus: unknown
INFO [03-26|19:14:47.920] 
INFO [03-26|19:14:47.920] Pre-Merge hard forks (block based):
INFO [03-26|19:14:47.920]  - Homestead:                   #0       
INFO [03-26|19:14:47.920]  - Tangerine Whistle (EIP 150): #0       
INFO [03-26|19:14:47.920]  - Spurious Dragon/1 (EIP 155): #0       
INFO [03-26|19:14:47.920]  - Spurious Dragon/2 (EIP 158): #0       
INFO [03-26|19:14:47.920]  - Byzantium:                   #0       
INFO [03-26|19:14:47.920]  - Constantinople:              #0       
INFO [03-26|19:14:47.920]  - Petersburg:                  #0       
INFO [03-26|19:14:47.920]  - Istanbul:                    #0       
INFO [03-26|19:14:47.920]  - Muir Glacier:                #0       
INFO [03-26|19:14:47.920]  - Berlin:                      #0       
INFO [03-26|19:14:47.920]  - London:                      #0       
INFO [03-26|19:14:47.920]  - Arrow Glacier:               #0       
INFO [03-26|19:14:47.920]  - Gray Glacier:                #0       
INFO [03-26|19:14:47.920] 
INFO [03-26|19:14:47.920] Merge configured:
INFO [03-26|19:14:47.920]  - Total terminal difficulty:  0
INFO [03-26|19:14:47.920]  - Merge netsplit block:       #0       
INFO [03-26|19:14:47.920] 
INFO [03-26|19:14:47.920] Post-Merge hard forks (timestamp based):
INFO [03-26|19:14:47.920]  - Shanghai:                    @0         
INFO [03-26|19:14:47.920]  - Cancun:                      @0          blob: (target: 3, max: 6, fraction: 3338477)
INFO [03-26|19:14:47.920]  - Prague:                      @0          blob: (target: 6, max: 9, fraction: 5225352)
INFO [03-26|19:14:47.920]  - Osaka:                       @4294967295 blob: (target: 9, max: 12, fraction: 5225352)
INFO [03-26|19:14:47.920] 
INFO [03-26|19:14:47.920] All fork specifications can be found at https://ethereum.github.io/execution-specs/src/ethereum/forks/
INFO [03-26|19:14:47.920] 
INFO [03-26|19:14:47.920] ---------------------------------------------------------------------------------------------------------------------------------------------------------
INFO [03-26|19:14:47.920] 
INFO [03-26|19:14:47.921] Loaded most recent local block           number=64470 hash=c45698..b6b8aa age=11s
INFO [03-26|19:14:47.921] Loaded most recent local finalized block number=64448 hash=c4e168..8b18d9 age=4m27s
INFO [03-26|19:14:47.921] Initialized transaction indexer          range="last 2350000 blocks"
INFO [03-26|19:14:47.921] Initialized log indexer                  firstblock=0 lastblock=64470 firstmap=0 lastmap=4 headindexed=true
INFO [03-26|19:14:47.924] Enabled full-sync                        head=64470 hash=c45698..b6b8aa
INFO [03-26|19:14:47.924] Unprotected transactions allowed
INFO [03-26|19:14:47.924] Gasprice oracle is ignoring threshold set threshold=2
INFO [03-26|19:14:47.925] Registered sync override service
WARN [03-26|19:14:47.925] You are running Geth in --dev mode. Please note the following:
WARN [03-26|19:14:47.925] 
WARN [03-26|19:14:47.925]   1. This mode is only intended for fast, iterative development without assumptions on
WARN [03-26|19:14:47.925]      security or persistence.
WARN [03-26|19:14:47.925]   2. The database is created in memory unless specified otherwise. Therefore, shutting down
WARN [03-26|19:14:47.925]      your computer or losing power will wipe your entire block data and chain state for
WARN [03-26|19:14:47.925]      your dev environment.
WARN [03-26|19:14:47.925]   3. A random, pre-allocated developer account will be available and unlocked as
WARN [03-26|19:14:47.925]      eth.coinbase, which can be used for testing. The random dev account is temporary,
WARN [03-26|19:14:47.925]      stored on a ramdisk, and will be lost if your machine is restarted.
WARN [03-26|19:14:47.925]   4. Mining is enabled by default. However, the client will only seal blocks if transactions
WARN [03-26|19:14:47.925]      are pending in the mempool. The miner's minimum accepted gas price is 1.
WARN [03-26|19:14:47.925]   5. Networking is disabled; there is no listen-address, the maximum number of peers is set
WARN [03-26|19:14:47.925]      to 0, and discovery is disabled.
WARN [03-26|19:14:47.925] 
INFO [03-26|19:14:47.925] Starting peer-to-peer node               instance=Geth/v1.17.2-unstable-5d0e18f7-20260325/linux-amd64/go1.24.1
WARN [03-26|19:14:47.925] P2P server will be useless, neither dialing nor listening
INFO [03-26|19:14:47.934] IPC endpoint opened                      url=/home/CPerezz/bintrie-benchmarks/mpt-vs-bintrie/dbs/mpt/geth.ipc
ERROR[03-26|19:14:47.934] Unavailable modules in HTTP API list     unavailable=[personal] available="[admin debug web3 eth txpool miner net dev testing]"
INFO [03-26|19:14:47.935] New local node record                    seq=1,774,465,406,085 id=9566f6e861acb2c3 ip=127.0.0.1 udp=0 tcp=0
INFO [03-26|19:14:47.935] Started P2P networking                   self=enode://7bcb27e0859fe4ed7072e298a58918cc0b55d08376b1207f77d84f6d0d34ded7448b64ab16dd00733b489383beff49c04f662afae4dd1dc102807640ff82a1cd@127.0.0.1:0
INFO [03-26|19:14:47.935] HTTP server started                      endpoint=[::]:8545 auth=false prefix= cors= vhosts=localhost
INFO [03-26|19:14:47.935] WebSocket enabled                        url=ws://[::]:8546
INFO [03-26|19:14:47.998] Loaded local transaction journal         transactions=531 dropped=0
INFO [03-26|19:14:49.474] Submitted contract creation              hash=0x1b1dab18c17a70db2ac8a2cf68eda9bc0b39b1eebf3aa6e061b9ff08579e2cdb from=0xf39Fd6e51aad88F6F4ce6aB8827279cffFb92266 nonce=432 contract=0x6f2E42BB4176e9A7352a8bF8886255Be9F3D2d13 value=0
INFO [03-26|19:14:49.476] Submitted transaction                    hash=0x619fe24721a71abaa4d09ee7856fdc8590428d89421a043df7824764f998b73d from=0xf39Fd6e51aad88F6F4ce6aB8827279cffFb92266 nonce=433 recipient=0x5843a0560b44971dd2CdBC9f8931ed7b385fA44d value=7,800,000,000
INFO [03-26|19:14:49.868] Started log indexer
INFO [03-26|19:14:49.875] Starting work on payload                 id=0x03310055daf684a5
INFO [03-26|19:14:49.884] Updated payload                          id=0x03310055daf684a5 number=64471 hash=078700..38f4e2 txs=2 withdrawals=0 gas=106,226 fees=7.329594e-12 root=3bf3c2..342461 elapsed=8.192ms
INFO [03-26|19:14:49.884] Stopping work on payload                 id=0x03310055daf684a5 reason=delivery
WARN [03-26|19:14:49.887] {"level":"warn","msg":"Slow block","block":{"number":64471,"hash":"0x0787005ceb1ced0ed790b552e86cced938fc1bafea08a199d529fad8a038f4e2","gas_used":106226,"tx_count":2},"timing":{"execution_ms":0.06314,"state_read_ms":0.173459,"state_hash_ms":1.027294,"commit_ms":0.498357,"total_ms":1.814579},"throughput":{"mgas_per_sec":58.54030053252021},"state_reads":{"accounts":11,"storage_slots":0,"code":0,"code_bytes":0},"state_writes":{"accounts":3,"accounts_deleted":0,"storage_slots":0,"storage_slots_deleted":0,"code":1,"code_bytes":149},"cache":{"account":{"hits":4,"misses":7,"hit_rate":36.36363636363637},"storage":{"hits":0,"misses":0,"hit_rate":0},"code":{"hits":0,"misses":0,"hit_rate":0,"hit_bytes":0,"miss_bytes":0}}}
INFO [03-26|19:14:49.887] Imported new potential chain segment     number=64471 hash=078700..38f4e2 blocks=1 txs=2 mgas=0.106 elapsed=2.543ms mgasps=41.759 triediffs=1.20MiB triedirty=0.00B
INFO [03-26|19:14:49.887] Ready for fork activation                fork=Osaka date="07 Feb 06 07:28 CET" remaining=700116h13m25s timestamp=4,294,967,295
INFO [03-26|19:14:49.888] Chain head was updated                   number=64471 hash=078700..38f4e2 root=3bf3c2..342461 elapsed="289.978µs"
INFO [03-26|19:14:50.491] Submitted transaction                    hash=0x98689ad5ed90a3689327266fcff4a3f060e723b4ad7b39433a87ba05d9db099c from=0x5843a0560b44971dd2CdBC9f8931ed7b385fA44d nonce=0   recipient=0x6f2E42BB4176e9A7352a8bF8886255Be9F3D2d13 value=0
INFO [03-26|19:14:59.889] Starting work on payload                 id=0x03eb8eb9953b39d6
WARN [03-26|19:15:02.272] Block building is interrupted            allowance=2s
INFO [03-26|19:15:02.273] Updated payload                          id=0x03eb8eb9953b39d6 number=64472 hash=dc7cd1..07fca1 txs=1 withdrawals=0 gas=100,000,000 fees=7e-09        root=ebc4e6..3eb5fc elapsed=2.383s
WARN [03-26|19:15:05.558] {"level":"warn","msg":"Slow block","block":{"number":64472,"hash":"0xdc7cd15826f8e08841dc39aac2f0fa044528a977221f16eaacff7bcfb207fca1","gas_used":100000000,"tx_count":1},"timing":{"execution_ms":180.818599,"state_read_ms":3081.586188,"state_hash_ms":0.06028,"commit_ms":20.117888,"total_ms":3282.662876},"throughput":{"mgas_per_sec":30.4630733576432},"state_reads":{"accounts":8,"storage_slots":23418,"code":2,"code_bytes":1493},"state_writes":{"accounts":2,"accounts_deleted":0,"storage_slots":0,"storage_slots_deleted":0,"code":0,"code_bytes":0},"cache":{"account":{"hits":3,"misses":5,"hit_rate":37.5},"storage":{"hits":2059,"misses":21359,"hit_rate":8.792381928431121},"code":{"hits":2,"misses":0,"hit_rate":100,"hit_bytes":1493,"miss_bytes":0}}}
INFO [03-26|19:15:05.558] Imported new potential chain segment     number=64472 hash=dc7cd1..07fca1 blocks=1 txs=1 mgas=100.000 elapsed=3.284s      mgasps=30.450 triediffs=1.20MiB triedirty=0.00B
INFO [03-26|19:15:05.559] Chain head was updated                   number=64472 hash=dc7cd1..07fca1 root=ebc4e6..3eb5fc elapsed="51.569µs"
WARN [03-26|19:15:05.805] Block building is interrupted            allowance=2s
INFO [03-26|19:15:05.806] Stopping work on payload                 id=0x03eb8eb9953b39d6 reason=delivery
