INFO [03-26|19:05:29.889] Starting Geth on Ethereum mainnet...
INFO [03-26|19:05:29.891] Maximum peer count                       ETH=0 total=0
INFO [03-26|19:05:29.892] Smartcard socket not found, disabling    err="stat /run/pcscd/pcscd.comm: no such file or directory"
WARN [03-26|19:05:29.893] Option --miner.etherbase is deprecated as the etherbase is set by the consensus client post-merge
WARN [03-26|19:05:29.894] Snap sync requested, resetting --cache.snapshot
INFO [03-26|19:05:29.894] Global gas cap disabled
INFO [03-26|19:05:30.541] Using developer account                  address=0xf39Fd6e51aad88F6F4ce6aB8827279cffFb92266
INFO [03-26|19:05:30.708] Using pebble as the backing database
INFO [03-26|19:05:30.708] Allocated cache and file handles         database=/home/CPerezz/bintrie-benchmarks/mpt-vs-bintrie/dbs/mpt/geth/chaindata cache=16.00MiB handles=524,288
INFO [03-26|19:05:31.854] Opened ancient database                  database=/home/CPerezz/bintrie-benchmarks/mpt-vs-bintrie/dbs/mpt/geth/chaindata/ancient/chain readonly=true
INFO [03-26|19:05:31.854] Opened Era store                         datadir=/home/CPerezz/bintrie-benchmarks/mpt-vs-bintrie/dbs/mpt/geth/chaindata/ancient/chain/era
INFO [03-26|19:05:31.859] Initializing the KZG library             backend=gokzg
INFO [03-26|19:05:31.860] Allocated trie memory caches             clean=0.00B dirty=0.00B
INFO [03-26|19:05:31.937] Using pebble as the backing database
INFO [03-26|19:05:31.937] Allocated cache and file handles         database=/home/CPerezz/bintrie-benchmarks/mpt-vs-bintrie/dbs/mpt/geth/chaindata cache=16.00MiB handles=524,288
INFO [03-26|19:05:33.243] Opened ancient database                  database=/home/CPerezz/bintrie-benchmarks/mpt-vs-bintrie/dbs/mpt/geth/chaindata/ancient/chain readonly=false
INFO [03-26|19:05:33.243] Opened Era store                         datadir=/home/CPerezz/bintrie-benchmarks/mpt-vs-bintrie/dbs/mpt/geth/chaindata/ancient/chain/era
INFO [03-26|19:05:33.244] State scheme set to already existing     scheme=path
INFO [03-26|19:05:33.245] Initialising Ethereum protocol           network=1337 dbversion=9
INFO [03-26|19:05:33.245] Load database journal from file          path=/home/CPerezz/bintrie-benchmarks/mpt-vs-bintrie/dbs/mpt/geth/triedb/merkle.journal
INFO [03-26|19:05:33.270] Opened ancient database                  database=/home/CPerezz/bintrie-benchmarks/mpt-vs-bintrie/dbs/mpt/geth/chaindata/ancient/state readonly=false
INFO [03-26|19:05:33.271] Initialized path database                triecache=0.00B statecache=0.00B buffer=0.00B state-history="last 90000 blocks" journal-dir=/home/CPerezz/bintrie-benchmarks/mpt-vs-bintrie/dbs/mpt/geth/triedb
INFO [03-26|19:05:33.271] 
INFO [03-26|19:05:33.271] ---------------------------------------------------------------------------------------------------------------------------------------------------------
INFO [03-26|19:05:33.272] Chain ID:  1337 (unknown)
INFO [03-26|19:05:33.272] Consensus: unknown
INFO [03-26|19:05:33.272] 
INFO [03-26|19:05:33.272] Pre-Merge hard forks (block based):
INFO [03-26|19:05:33.272]  - Homestead:                   #0       
INFO [03-26|19:05:33.272]  - Tangerine Whistle (EIP 150): #0       
INFO [03-26|19:05:33.272]  - Spurious Dragon/1 (EIP 155): #0       
INFO [03-26|19:05:33.272]  - Spurious Dragon/2 (EIP 158): #0       
INFO [03-26|19:05:33.272]  - Byzantium:                   #0       
INFO [03-26|19:05:33.272]  - Constantinople:              #0       
INFO [03-26|19:05:33.272]  - Petersburg:                  #0       
INFO [03-26|19:05:33.272]  - Istanbul:                    #0       
INFO [03-26|19:05:33.272]  - Muir Glacier:                #0       
INFO [03-26|19:05:33.272]  - Berlin:                      #0       
INFO [03-26|19:05:33.272]  - London:                      #0       
INFO [03-26|19:05:33.272]  - Arrow Glacier:               #0       
INFO [03-26|19:05:33.272]  - Gray Glacier:                #0       
INFO [03-26|19:05:33.272] 
INFO [03-26|19:05:33.272] Merge configured:
INFO [03-26|19:05:33.272]  - Total terminal difficulty:  0
INFO [03-26|19:05:33.272]  - Merge netsplit block:       #0       
INFO [03-26|19:05:33.272] 
INFO [03-26|19:05:33.272] Post-Merge hard forks (timestamp based):
INFO [03-26|19:05:33.272]  - Shanghai:                    @0         
INFO [03-26|19:05:33.272]  - Cancun:                      @0          blob: (target: 3, max: 6, fraction: 3338477)
INFO [03-26|19:05:33.272]  - Prague:                      @0          blob: (target: 6, max: 9, fraction: 5225352)
INFO [03-26|19:05:33.272]  - Osaka:                       @4294967295 blob: (target: 9, max: 12, fraction: 5225352)
INFO [03-26|19:05:33.272] 
INFO [03-26|19:05:33.272] All fork specifications can be found at https://ethereum.github.io/execution-specs/src/ethereum/forks/
INFO [03-26|19:05:33.272] 
INFO [03-26|19:05:33.272] ---------------------------------------------------------------------------------------------------------------------------------------------------------
INFO [03-26|19:05:33.272] 
INFO [03-26|19:05:33.272] Loaded most recent local block           number=64422 hash=573ba7..89812d age=12s
INFO [03-26|19:05:33.273] Loaded most recent local finalized block number=64416 hash=d4c184..76187c age=1m21s
INFO [03-26|19:05:33.273] Initialized transaction indexer          range="last 2350000 blocks"
INFO [03-26|19:05:33.273] Initialized log indexer                  firstblock=0 lastblock=64422 firstmap=0 lastmap=4 headindexed=true
INFO [03-26|19:05:33.285] Enabled full-sync                        head=64422 hash=573ba7..89812d
INFO [03-26|19:05:33.285] Unprotected transactions allowed
INFO [03-26|19:05:33.285] Gasprice oracle is ignoring threshold set threshold=2
INFO [03-26|19:05:33.286] Registered sync override service
WARN [03-26|19:05:33.286] You are running Geth in --dev mode. Please note the following:
WARN [03-26|19:05:33.286] 
WARN [03-26|19:05:33.286]   1. This mode is only intended for fast, iterative development without assumptions on
WARN [03-26|19:05:33.286]      security or persistence.
WARN [03-26|19:05:33.286]   2. The database is created in memory unless specified otherwise. Therefore, shutting down
WARN [03-26|19:05:33.286]      your computer or losing power will wipe your entire block data and chain state for
WARN [03-26|19:05:33.286]      your dev environment.
WARN [03-26|19:05:33.286]   3. A random, pre-allocated developer account will be available and unlocked as
WARN [03-26|19:05:33.286]      eth.coinbase, which can be used for testing. The random dev account is temporary,
WARN [03-26|19:05:33.286]      stored on a ramdisk, and will be lost if your machine is restarted.
WARN [03-26|19:05:33.286]   4. Mining is enabled by default. However, the client will only seal blocks if transactions
WARN [03-26|19:05:33.286]      are pending in the mempool. The miner's minimum accepted gas price is 1.
WARN [03-26|19:05:33.286]   5. Networking is disabled; there is no listen-address, the maximum number of peers is set
WARN [03-26|19:05:33.286]      to 0, and discovery is disabled.
WARN [03-26|19:05:33.286] 
INFO [03-26|19:05:33.286] Starting peer-to-peer node               instance=Geth/v1.17.2-unstable-5d0e18f7-20260325/linux-amd64/go1.24.1
WARN [03-26|19:05:33.286] P2P server will be useless, neither dialing nor listening
INFO [03-26|19:05:33.291] New local node record                    seq=1,774,465,406,061 id=9566f6e861acb2c3 ip=127.0.0.1 udp=0 tcp=0
INFO [03-26|19:05:33.291] IPC endpoint opened                      url=/home/CPerezz/bintrie-benchmarks/mpt-vs-bintrie/dbs/mpt/geth.ipc
INFO [03-26|19:05:33.291] Started P2P networking                   self=enode://7bcb27e0859fe4ed7072e298a58918cc0b55d08376b1207f77d84f6d0d34ded7448b64ab16dd00733b489383beff49c04f662afae4dd1dc102807640ff82a1cd@127.0.0.1:0
ERROR[03-26|19:05:33.292] Unavailable modules in HTTP API list     unavailable=[personal] available="[admin debug web3 eth txpool miner net dev testing]"
INFO [03-26|19:05:33.292] HTTP server started                      endpoint=[::]:8545 auth=false prefix= cors= vhosts=localhost
INFO [03-26|19:05:33.292] WebSocket enabled                        url=ws://[::]:8546
INFO [03-26|19:05:33.350] Loaded local transaction journal         transactions=459 dropped=0
INFO [03-26|19:05:34.837] Submitted contract creation              hash=0x0a549033ab9884200d5f371de9b0d976e793b046ecbe0cb9a0c028965133a69b from=0xf39Fd6e51aad88F6F4ce6aB8827279cffFb92266 nonce=384 contract=0x398E4948e373Db819606A459456176D31C3B1F91 value=0
INFO [03-26|19:05:34.840] Submitted transaction                    hash=0x0bfe39c5ff2b505f204a433375d569911c09add897e3bbc852f966a3d69b8abf from=0xf39Fd6e51aad88F6F4ce6aB8827279cffFb92266 nonce=385 recipient=0xF2494Ac5E4B9a798e8bCffCb8a73D7a647ED3739 value=3,000,000,000
INFO [03-26|19:05:35.056] Started log indexer
INFO [03-26|19:05:35.060] Starting work on payload                 id=0x037f4b9d3b7c72a7
INFO [03-26|19:05:35.066] Updated payload                          id=0x037f4b9d3b7c72a7 number=64423 hash=f79f74..c87f02 txs=2 withdrawals=0 gas=106,226 fees=2.230746e-12 root=5a994e..58f680 elapsed=5.942ms
INFO [03-26|19:05:35.066] Stopping work on payload                 id=0x037f4b9d3b7c72a7 reason=delivery
WARN [03-26|19:05:35.068] {"level":"warn","msg":"Slow block","block":{"number":64423,"hash":"0xf79f74e36e83a3e51a807b9a4b52ebc5f9db9a2b6b816c34572a54a4a6c87f02","gas_used":106226,"tx_count":2},"timing":{"execution_ms":0.089559,"state_read_ms":0.173339,"state_hash_ms":0.354458,"commit_ms":0.463397,"total_ms":1.154294},"throughput":{"mgas_per_sec":92.02681465900369},"state_reads":{"accounts":11,"storage_slots":0,"code":0,"code_bytes":0},"state_writes":{"accounts":3,"accounts_deleted":0,"storage_slots":0,"storage_slots_deleted":0,"code":1,"code_bytes":149},"cache":{"account":{"hits":7,"misses":4,"hit_rate":63.63636363636363},"storage":{"hits":0,"misses":0,"hit_rate":0},"code":{"hits":0,"misses":0,"hit_rate":0,"hit_bytes":0,"miss_bytes":0}}}
INFO [03-26|19:05:35.068] Imported new potential chain segment     number=64423 hash=f79f74..c87f02 blocks=1 txs=2 mgas=0.106 elapsed=1.495ms mgasps=71.015 triediffs=1.20MiB triedirty=0.00B
INFO [03-26|19:05:35.068] Ready for fork activation                fork=Osaka date="07 Feb 06 07:28 CET" remaining=700116h22m40s timestamp=4,294,967,295
INFO [03-26|19:05:35.068] Chain head was updated                   number=64423 hash=f79f74..c87f02 root=5a994e..58f680 elapsed="194.399µs"
INFO [03-26|19:05:35.855] Submitted transaction                    hash=0x6b28856337697ff19f33f2ac6d1a656760df199727fddbfa564be3d8ada5a697 from=0xF2494Ac5E4B9a798e8bCffCb8a73D7a647ED3739 nonce=0   recipient=0x398E4948e373Db819606A459456176D31C3B1F91 value=0
INFO [03-26|19:05:45.070] Starting work on payload                 id=0x03adab398547519d
WARN [03-26|19:05:47.527] Block building is interrupted            allowance=2s
INFO [03-26|19:05:47.527] Updated payload                          id=0x03adab398547519d number=64424 hash=5f46a9..47ecbe txs=1 withdrawals=0 gas=100,000,000 fees=2.2e-09      root=6f8435..483f5e elapsed=2.456s
WARN [03-26|19:05:50.897] {"level":"warn","msg":"Slow block","block":{"number":64424,"hash":"0x5f46a97c135021c81ce365ef5a46d327abb6bfe3767493607c518dd5fc47ecbe","gas_used":100000000,"tx_count":1},"timing":{"execution_ms":181.27199,"state_read_ms":3170.888338,"state_hash_ms":0.063529,"commit_ms":13.777346,"total_ms":3366.090053},"throughput":{"mgas_per_sec":29.70805843737776},"state_reads":{"accounts":8,"storage_slots":23418,"code":2,"code_bytes":1493},"state_writes":{"accounts":2,"accounts_deleted":0,"storage_slots":0,"storage_slots_deleted":0,"code":0,"code_bytes":0},"cache":{"account":{"hits":3,"misses":5,"hit_rate":37.5},"storage":{"hits":2303,"misses":21115,"hit_rate":9.834315483815868},"code":{"hits":2,"misses":0,"hit_rate":100,"hit_bytes":1493,"miss_bytes":0}}}
INFO [03-26|19:05:50.897] Imported new potential chain segment     number=64424 hash=5f46a9..47ecbe blocks=1 txs=1 mgas=100.000 elapsed=3.368s      mgasps=29.683 triediffs=1.20MiB triedirty=0.00B
INFO [03-26|19:05:50.898] Chain head was updated                   number=64424 hash=5f46a9..47ecbe root=6f8435..483f5e elapsed="39.15µs"
WARN [03-26|19:05:51.263] Block building is interrupted            allowance=2s
INFO [03-26|19:05:51.263] Stopping work on payload                 id=0x03adab398547519d reason=delivery
