INFO [03-26|18:47:58.196] Starting Geth on Ethereum mainnet...
INFO [03-26|18:47:58.197] Maximum peer count                       ETH=0 total=0
INFO [03-26|18:47:58.198] Smartcard socket not found, disabling    err="stat /run/pcscd/pcscd.comm: no such file or directory"
WARN [03-26|18:47:58.199] Option --miner.etherbase is deprecated as the etherbase is set by the consensus client post-merge
WARN [03-26|18:47:58.201] Snap sync requested, resetting --cache.snapshot
INFO [03-26|18:47:58.201] Global gas cap disabled
INFO [03-26|18:47:58.846] Using developer account                  address=0xf39Fd6e51aad88F6F4ce6aB8827279cffFb92266
INFO [03-26|18:47:59.090] Using pebble as the backing database
INFO [03-26|18:47:59.090] Allocated cache and file handles         database=/home/CPerezz/bintrie-benchmarks/mpt-vs-bintrie/dbs/mpt/geth/chaindata cache=16.00MiB handles=524,288
INFO [03-26|18:48:01.286] Opened ancient database                  database=/home/CPerezz/bintrie-benchmarks/mpt-vs-bintrie/dbs/mpt/geth/chaindata/ancient/chain readonly=true
INFO [03-26|18:48:01.286] Opened Era store                         datadir=/home/CPerezz/bintrie-benchmarks/mpt-vs-bintrie/dbs/mpt/geth/chaindata/ancient/chain/era
INFO [03-26|18:48:01.295] Initializing the KZG library             backend=gokzg
INFO [03-26|18:48:01.298] Allocated trie memory caches             clean=0.00B dirty=0.00B
INFO [03-26|18:48:01.402] Using pebble as the backing database
INFO [03-26|18:48:01.402] Allocated cache and file handles         database=/home/CPerezz/bintrie-benchmarks/mpt-vs-bintrie/dbs/mpt/geth/chaindata cache=16.00MiB handles=524,288
INFO [03-26|18:48:02.709] Opened ancient database                  database=/home/CPerezz/bintrie-benchmarks/mpt-vs-bintrie/dbs/mpt/geth/chaindata/ancient/chain readonly=false
INFO [03-26|18:48:02.709] Opened Era store                         datadir=/home/CPerezz/bintrie-benchmarks/mpt-vs-bintrie/dbs/mpt/geth/chaindata/ancient/chain/era
INFO [03-26|18:48:02.711] State scheme set to already existing     scheme=path
INFO [03-26|18:48:02.713] Initialising Ethereum protocol           network=1337 dbversion=9
INFO [03-26|18:48:02.713] Load database journal from file          path=/home/CPerezz/bintrie-benchmarks/mpt-vs-bintrie/dbs/mpt/geth/triedb/merkle.journal
INFO [03-26|18:48:02.727] Opened ancient database                  database=/home/CPerezz/bintrie-benchmarks/mpt-vs-bintrie/dbs/mpt/geth/chaindata/ancient/state readonly=false
INFO [03-26|18:48:02.728] Initialized path database                triecache=0.00B statecache=0.00B buffer=0.00B state-history="last 90000 blocks" journal-dir=/home/CPerezz/bintrie-benchmarks/mpt-vs-bintrie/dbs/mpt/geth/triedb
INFO [03-26|18:48:02.729] 
INFO [03-26|18:48:02.729] ---------------------------------------------------------------------------------------------------------------------------------------------------------
INFO [03-26|18:48:02.729] Chain ID:  1337 (unknown)
INFO [03-26|18:48:02.729] Consensus: unknown
INFO [03-26|18:48:02.729] 
INFO [03-26|18:48:02.729] Pre-Merge hard forks (block based):
INFO [03-26|18:48:02.729]  - Homestead:                   #0       
INFO [03-26|18:48:02.729]  - Tangerine Whistle (EIP 150): #0       
INFO [03-26|18:48:02.729]  - Spurious Dragon/1 (EIP 155): #0       
INFO [03-26|18:48:02.729]  - Spurious Dragon/2 (EIP 158): #0       
INFO [03-26|18:48:02.729]  - Byzantium:                   #0       
INFO [03-26|18:48:02.729]  - Constantinople:              #0       
INFO [03-26|18:48:02.729]  - Petersburg:                  #0       
INFO [03-26|18:48:02.729]  - Istanbul:                    #0       
INFO [03-26|18:48:02.729]  - Muir Glacier:                #0       
INFO [03-26|18:48:02.729]  - Berlin:                      #0       
INFO [03-26|18:48:02.729]  - London:                      #0       
INFO [03-26|18:48:02.729]  - Arrow Glacier:               #0       
INFO [03-26|18:48:02.729]  - Gray Glacier:                #0       
INFO [03-26|18:48:02.729] 
INFO [03-26|18:48:02.729] Merge configured:
INFO [03-26|18:48:02.729]  - Total terminal difficulty:  0
INFO [03-26|18:48:02.729]  - Merge netsplit block:       #0       
INFO [03-26|18:48:02.729] 
INFO [03-26|18:48:02.729] Post-Merge hard forks (timestamp based):
INFO [03-26|18:48:02.729]  - Shanghai:                    @0         
INFO [03-26|18:48:02.729]  - Cancun:                      @0          blob: (target: 3, max: 6, fraction: 3338477)
INFO [03-26|18:48:02.729]  - Prague:                      @0          blob: (target: 6, max: 9, fraction: 5225352)
INFO [03-26|18:48:02.729]  - Osaka:                       @4294967295 blob: (target: 9, max: 12, fraction: 5225352)
INFO [03-26|18:48:02.729] 
INFO [03-26|18:48:02.729] All fork specifications can be found at https://ethereum.github.io/execution-specs/src/ethereum/forks/
INFO [03-26|18:48:02.729] 
INFO [03-26|18:48:02.729] ---------------------------------------------------------------------------------------------------------------------------------------------------------
INFO [03-26|18:48:02.729] 
INFO [03-26|18:48:02.729] Loaded most recent local block           number=64335 hash=429333..b1d2b8 age=16s
INFO [03-26|18:48:02.729] Loaded most recent local finalized block number=64320 hash=e9222e..03866f age=3m21s
INFO [03-26|18:48:02.730] Initialized transaction indexer          range="last 2350000 blocks"
INFO [03-26|18:48:02.730] Initialized log indexer                  firstblock=0 lastblock=64335 firstmap=0 lastmap=4 headindexed=true
INFO [03-26|18:48:02.741] Enabled full-sync                        head=64335 hash=429333..b1d2b8
INFO [03-26|18:48:02.741] Unprotected transactions allowed
INFO [03-26|18:48:02.741] Gasprice oracle is ignoring threshold set threshold=2
INFO [03-26|18:48:02.742] Registered sync override service
WARN [03-26|18:48:02.742] You are running Geth in --dev mode. Please note the following:
WARN [03-26|18:48:02.742] 
WARN [03-26|18:48:02.742]   1. This mode is only intended for fast, iterative development without assumptions on
WARN [03-26|18:48:02.742]      security or persistence.
WARN [03-26|18:48:02.742]   2. The database is created in memory unless specified otherwise. Therefore, shutting down
WARN [03-26|18:48:02.742]      your computer or losing power will wipe your entire block data and chain state for
WARN [03-26|18:48:02.742]      your dev environment.
WARN [03-26|18:48:02.742]   3. A random, pre-allocated developer account will be available and unlocked as
WARN [03-26|18:48:02.742]      eth.coinbase, which can be used for testing. The random dev account is temporary,
WARN [03-26|18:48:02.742]      stored on a ramdisk, and will be lost if your machine is restarted.
WARN [03-26|18:48:02.742]   4. Mining is enabled by default. However, the client will only seal blocks if transactions
WARN [03-26|18:48:02.742]      are pending in the mempool. The miner's minimum accepted gas price is 1.
WARN [03-26|18:48:02.742]   5. Networking is disabled; there is no listen-address, the maximum number of peers is set
WARN [03-26|18:48:02.742]      to 0, and discovery is disabled.
WARN [03-26|18:48:02.742] 
INFO [03-26|18:48:02.742] Starting peer-to-peer node               instance=Geth/v1.17.2-unstable-5d0e18f7-20260325/linux-amd64/go1.24.1
WARN [03-26|18:48:02.742] P2P server will be useless, neither dialing nor listening
INFO [03-26|18:48:02.758] IPC endpoint opened                      url=/home/CPerezz/bintrie-benchmarks/mpt-vs-bintrie/dbs/mpt/geth.ipc
ERROR[03-26|18:48:02.758] Unavailable modules in HTTP API list     unavailable=[personal] available="[admin debug web3 eth txpool miner net dev testing]"
INFO [03-26|18:48:02.758] HTTP server started                      endpoint=[::]:8545 auth=false prefix= cors= vhosts=localhost
INFO [03-26|18:48:02.758] WebSocket enabled                        url=ws://[::]:8546
INFO [03-26|18:48:02.758] New local node record                    seq=1,774,465,406,027 id=9566f6e861acb2c3 ip=127.0.0.1 udp=0 tcp=0
INFO [03-26|18:48:02.758] Started P2P networking                   self=enode://7bcb27e0859fe4ed7072e298a58918cc0b55d08376b1207f77d84f6d0d34ded7448b64ab16dd00733b489383beff49c04f662afae4dd1dc102807640ff82a1cd@127.0.0.1:0
INFO [03-26|18:48:02.775] Loaded local transaction journal         transactions=357 dropped=0
INFO [03-26|18:48:03.874] Started log indexer
INFO [03-26|18:48:03.882] Starting work on payload                 id=0x0326dd01cf42a4b4
INFO [03-26|18:48:03.882] Updated payload                          id=0x0326dd01cf42a4b4 number=64336 hash=ee7027..9cc7e0 txs=0 withdrawals=0 gas=0 fees=0 root=00e6e4..347395 elapsed="122.729µs"
INFO [03-26|18:48:03.882] Stopping work on payload                 id=0x0326dd01cf42a4b4 reason=delivery
WARN [03-26|18:48:03.886] {"level":"warn","msg":"Slow block","block":{"number":64336,"hash":"0xee702771d31b5bc5ca73cee9a5ddab7578c23af4854a9bfd829e8b26d59cc7e0","gas_used":0,"tx_count":0},"timing":{"execution_ms":0.010131,"state_read_ms":0.045759,"state_hash_ms":0.00781,"commit_ms":0.04443,"total_ms":0.13974},"throughput":{"mgas_per_sec":0},"state_reads":{"accounts":4,"storage_slots":0,"code":0,"code_bytes":0},"state_writes":{"accounts":0,"accounts_deleted":0,"storage_slots":0,"storage_slots_deleted":0,"code":0,"code_bytes":0},"cache":{"account":{"hits":0,"misses":4,"hit_rate":0},"storage":{"hits":0,"misses":0,"hit_rate":0},"code":{"hits":0,"misses":0,"hit_rate":0,"hit_bytes":0,"miss_bytes":0}}}
INFO [03-26|18:48:03.886] Imported new potential chain segment     number=64336 hash=ee7027..9cc7e0 blocks=1 txs=0 mgas=0.000 elapsed=3.057ms     mgasps=0.000 triediffs=1.20MiB triedirty=0.00B
INFO [03-26|18:48:03.886] Ready for fork activation                fork=Osaka date="07 Feb 06 07:28 CET" remaining=700116h40m11s timestamp=4,294,967,295
INFO [03-26|18:48:03.886] Chain head was updated                   number=64336 hash=ee7027..9cc7e0 root=00e6e4..347395 elapsed="21.55µs"
INFO [03-26|18:48:04.464] Submitted contract creation              hash=0x66d263b9b9582d0a4c9097ffb49d4402cffe7f0e54b00438c4c5813f2cfc195e from=0xf39Fd6e51aad88F6F4ce6aB8827279cffFb92266 nonce=316 contract=0x627b9A657eac8c3463AD17009a424dFE3FDbd0b1 value=0
INFO [03-26|18:48:04.465] Submitted transaction                    hash=0x33926af0c066d396ea9ae60d8e611e4689e977fe896360306162e14de6cd5ef1 from=0xf39Fd6e51aad88F6F4ce6aB8827279cffFb92266 nonce=317 recipient=0xc5cDC54B1DB5291f1138C96B7840D119D2943e00 value=1,600,000,000
INFO [03-26|18:48:13.889] Starting work on payload                 id=0x0327c241ca022352
INFO [03-26|18:48:13.896] Updated payload                          id=0x0327c241ca022352 number=64337 hash=d968d3..486962 txs=2 withdrawals=0 gas=106,226 fees=8.49808e-13 root=ba9bf0..d54661 elapsed=7.103ms
INFO [03-26|18:48:13.896] Stopping work on payload                 id=0x0327c241ca022352 reason=delivery
WARN [03-26|18:48:13.900] {"level":"warn","msg":"Slow block","block":{"number":64337,"hash":"0xd968d363dabd6f93e7bf30468d41a411cee57c7e7e1dddd9ee2b52e5e7486962","gas_used":106226,"tx_count":2},"timing":{"execution_ms":0.115998,"state_read_ms":0.212829,"state_hash_ms":0.325268,"commit_ms":2.281103,"total_ms":2.980389},"throughput":{"mgas_per_sec":35.641656173070025},"state_reads":{"accounts":11,"storage_slots":0,"code":0,"code_bytes":0},"state_writes":{"accounts":3,"accounts_deleted":0,"storage_slots":0,"storage_slots_deleted":0,"code":1,"code_bytes":149},"cache":{"account":{"hits":4,"misses":7,"hit_rate":36.36363636363637},"storage":{"hits":0,"misses":0,"hit_rate":0},"code":{"hits":0,"misses":0,"hit_rate":0,"hit_bytes":0,"miss_bytes":0}}}
INFO [03-26|18:48:13.900] Imported new potential chain segment     number=64337 hash=d968d3..486962 blocks=1 txs=2 mgas=0.106 elapsed=3.128ms     mgasps=33.956 triediffs=1.20MiB triedirty=0.00B
INFO [03-26|18:48:13.901] Chain head was updated                   number=64337 hash=d968d3..486962 root=ba9bf0..d54661 elapsed="97.859µs"
INFO [03-26|18:48:14.553] Submitted transaction                    hash=0x912ad36eb721c8e7ba3a407c35de9b159efaf85641b50280661a5c5ce320e2cc from=0xc5cDC54B1DB5291f1138C96B7840D119D2943e00 nonce=0   recipient=0x627b9A657eac8c3463AD17009a424dFE3FDbd0b1 value=0
INFO [03-26|18:48:23.902] Starting work on payload                 id=0x03fd12d86a7c47a3
WARN [03-26|18:48:28.670] Block building is interrupted            allowance=2s
INFO [03-26|18:48:28.671] Updated payload                          id=0x03fd12d86a7c47a3 number=64338 hash=862648..f92a79 txs=1 withdrawals=0 gas=100,000,000 fees=8e-10       root=21a1bc..99fd2d elapsed=4.768s
WARN [03-26|18:48:32.026] {"level":"warn","msg":"Slow block","block":{"number":64338,"hash":"0x862648586136f7641ab1bd7dfa5c607ef67c6a601c3559f97b428e37eef92a79","gas_used":100000000,"tx_count":1},"timing":{"execution_ms":174.370645,"state_read_ms":3161.650507,"state_hash_ms":0.074609,"commit_ms":16.26134,"total_ms":3352.478802},"throughput":{"mgas_per_sec":29.828674812303856},"state_reads":{"accounts":8,"storage_slots":23418,"code":2,"code_bytes":1493},"state_writes":{"accounts":2,"accounts_deleted":0,"storage_slots":0,"storage_slots_deleted":0,"code":0,"code_bytes":0},"cache":{"account":{"hits":3,"misses":5,"hit_rate":37.5},"storage":{"hits":1941,"misses":21477,"hit_rate":8.288496028695876},"code":{"hits":2,"misses":0,"hit_rate":100,"hit_bytes":1493,"miss_bytes":0}}}
INFO [03-26|18:48:32.026] Imported new potential chain segment     number=64338 hash=862648..f92a79 blocks=1 txs=1 mgas=100.000 elapsed=3.353s      mgasps=29.817 triediffs=1.20MiB triedirty=0.00B
INFO [03-26|18:48:32.027] Chain head was updated                   number=64338 hash=862648..f92a79 root=21a1bc..99fd2d elapsed="85.18µs"
WARN [03-26|18:48:32.033] Block building is interrupted            allowance=2s
INFO [03-26|18:48:32.033] Stopping work on payload                 id=0x03fd12d86a7c47a3 reason=delivery
