INFO [03-26|19:21:43.850] Starting Geth on Ethereum mainnet...
INFO [03-26|19:21:43.852] Maximum peer count                       ETH=0 total=0
INFO [03-26|19:21:43.852] Smartcard socket not found, disabling    err="stat /run/pcscd/pcscd.comm: no such file or directory"
WARN [03-26|19:21:43.854] Option --miner.etherbase is deprecated as the etherbase is set by the consensus client post-merge
WARN [03-26|19:21:43.856] Snap sync requested, resetting --cache.snapshot
INFO [03-26|19:21:43.856] Global gas cap disabled
INFO [03-26|19:21:44.500] Using developer account                  address=0xf39Fd6e51aad88F6F4ce6aB8827279cffFb92266
INFO [03-26|19:21:44.667] Using pebble as the backing database
INFO [03-26|19:21:44.667] Allocated cache and file handles         database=/home/CPerezz/bintrie-benchmarks/mpt-vs-bintrie/dbs/mpt/geth/chaindata cache=16.00MiB handles=524,288
INFO [03-26|19:21:45.786] Opened ancient database                  database=/home/CPerezz/bintrie-benchmarks/mpt-vs-bintrie/dbs/mpt/geth/chaindata/ancient/chain readonly=true
INFO [03-26|19:21:45.786] Opened Era store                         datadir=/home/CPerezz/bintrie-benchmarks/mpt-vs-bintrie/dbs/mpt/geth/chaindata/ancient/chain/era
INFO [03-26|19:21:45.795] Initializing the KZG library             backend=gokzg
INFO [03-26|19:21:45.796] Allocated trie memory caches             clean=0.00B dirty=0.00B
INFO [03-26|19:21:45.888] Using pebble as the backing database
INFO [03-26|19:21:45.888] Allocated cache and file handles         database=/home/CPerezz/bintrie-benchmarks/mpt-vs-bintrie/dbs/mpt/geth/chaindata cache=16.00MiB handles=524,288
INFO [03-26|19:21:47.202] Opened ancient database                  database=/home/CPerezz/bintrie-benchmarks/mpt-vs-bintrie/dbs/mpt/geth/chaindata/ancient/chain readonly=false
INFO [03-26|19:21:47.202] Opened Era store                         datadir=/home/CPerezz/bintrie-benchmarks/mpt-vs-bintrie/dbs/mpt/geth/chaindata/ancient/chain/era
INFO [03-26|19:21:47.203] State scheme set to already existing     scheme=path
INFO [03-26|19:21:47.204] Initialising Ethereum protocol           network=1337 dbversion=9
INFO [03-26|19:21:47.204] Load database journal from file          path=/home/CPerezz/bintrie-benchmarks/mpt-vs-bintrie/dbs/mpt/geth/triedb/merkle.journal
INFO [03-26|19:21:47.244] Opened ancient database                  database=/home/CPerezz/bintrie-benchmarks/mpt-vs-bintrie/dbs/mpt/geth/chaindata/ancient/state readonly=false
INFO [03-26|19:21:47.245] Initialized path database                triecache=0.00B statecache=0.00B buffer=0.00B state-history="last 90000 blocks" journal-dir=/home/CPerezz/bintrie-benchmarks/mpt-vs-bintrie/dbs/mpt/geth/triedb
INFO [03-26|19:21:47.245] 
INFO [03-26|19:21:47.245] ---------------------------------------------------------------------------------------------------------------------------------------------------------
INFO [03-26|19:21:47.245] Chain ID:  1337 (unknown)
INFO [03-26|19:21:47.246] Consensus: unknown
INFO [03-26|19:21:47.246] 
INFO [03-26|19:21:47.246] Pre-Merge hard forks (block based):
INFO [03-26|19:21:47.246]  - Homestead:                   #0       
INFO [03-26|19:21:47.246]  - Tangerine Whistle (EIP 150): #0       
INFO [03-26|19:21:47.246]  - Spurious Dragon/1 (EIP 155): #0       
INFO [03-26|19:21:47.246]  - Spurious Dragon/2 (EIP 158): #0       
INFO [03-26|19:21:47.246]  - Byzantium:                   #0       
INFO [03-26|19:21:47.246]  - Constantinople:              #0       
INFO [03-26|19:21:47.246]  - Petersburg:                  #0       
INFO [03-26|19:21:47.246]  - Istanbul:                    #0       
INFO [03-26|19:21:47.246]  - Muir Glacier:                #0       
INFO [03-26|19:21:47.246]  - Berlin:                      #0       
INFO [03-26|19:21:47.246]  - London:                      #0       
INFO [03-26|19:21:47.246]  - Arrow Glacier:               #0       
INFO [03-26|19:21:47.246]  - Gray Glacier:                #0       
INFO [03-26|19:21:47.246] 
INFO [03-26|19:21:47.246] Merge configured:
INFO [03-26|19:21:47.246]  - Total terminal difficulty:  0
INFO [03-26|19:21:47.246]  - Merge netsplit block:       #0       
INFO [03-26|19:21:47.246] 
INFO [03-26|19:21:47.246] Post-Merge hard forks (timestamp based):
INFO [03-26|19:21:47.246]  - Shanghai:                    @0         
INFO [03-26|19:21:47.246]  - Cancun:                      @0          blob: (target: 3, max: 6, fraction: 3338477)
INFO [03-26|19:21:47.246]  - Prague:                      @0          blob: (target: 6, max: 9, fraction: 5225352)
INFO [03-26|19:21:47.246]  - Osaka:                       @4294967295 blob: (target: 9, max: 12, fraction: 5225352)
INFO [03-26|19:21:47.246] 
INFO [03-26|19:21:47.246] All fork specifications can be found at https://ethereum.github.io/execution-specs/src/ethereum/forks/
INFO [03-26|19:21:47.246] 
INFO [03-26|19:21:47.246] ---------------------------------------------------------------------------------------------------------------------------------------------------------
INFO [03-26|19:21:47.246] 
INFO [03-26|19:21:47.246] Loaded most recent local block           number=64506 hash=87ab97..20311a age=11s
INFO [03-26|19:21:47.246] Loaded most recent local finalized block number=64480 hash=41eac9..aedd69 age=5m16s
INFO [03-26|19:21:47.246] Initialized transaction indexer          range="last 2350000 blocks"
INFO [03-26|19:21:47.247] Initialized log indexer                  firstblock=0 lastblock=64506 firstmap=0 lastmap=4 headindexed=true
INFO [03-26|19:21:47.250] Enabled full-sync                        head=64506 hash=87ab97..20311a
INFO [03-26|19:21:47.250] Unprotected transactions allowed
INFO [03-26|19:21:47.250] Gasprice oracle is ignoring threshold set threshold=2
INFO [03-26|19:21:47.250] Registered sync override service
WARN [03-26|19:21:47.250] You are running Geth in --dev mode. Please note the following:
WARN [03-26|19:21:47.250] 
WARN [03-26|19:21:47.250]   1. This mode is only intended for fast, iterative development without assumptions on
WARN [03-26|19:21:47.250]      security or persistence.
WARN [03-26|19:21:47.250]   2. The database is created in memory unless specified otherwise. Therefore, shutting down
WARN [03-26|19:21:47.250]      your computer or losing power will wipe your entire block data and chain state for
WARN [03-26|19:21:47.250]      your dev environment.
WARN [03-26|19:21:47.250]   3. A random, pre-allocated developer account will be available and unlocked as
WARN [03-26|19:21:47.250]      eth.coinbase, which can be used for testing. The random dev account is temporary,
WARN [03-26|19:21:47.250]      stored on a ramdisk, and will be lost if your machine is restarted.
WARN [03-26|19:21:47.250]   4. Mining is enabled by default. However, the client will only seal blocks if transactions
WARN [03-26|19:21:47.250]      are pending in the mempool. The miner's minimum accepted gas price is 1.
WARN [03-26|19:21:47.250]   5. Networking is disabled; there is no listen-address, the maximum number of peers is set
WARN [03-26|19:21:47.250]      to 0, and discovery is disabled.
WARN [03-26|19:21:47.250] 
INFO [03-26|19:21:47.250] Starting peer-to-peer node               instance=Geth/v1.17.2-unstable-5d0e18f7-20260325/linux-amd64/go1.24.1
WARN [03-26|19:21:47.250] P2P server will be useless, neither dialing nor listening
INFO [03-26|19:21:47.255] IPC endpoint opened                      url=/home/CPerezz/bintrie-benchmarks/mpt-vs-bintrie/dbs/mpt/geth.ipc
ERROR[03-26|19:21:47.255] Unavailable modules in HTTP API list     unavailable=[personal] available="[admin debug web3 eth txpool miner net dev testing]"
INFO [03-26|19:21:47.255] New local node record                    seq=1,774,465,406,103 id=9566f6e861acb2c3 ip=127.0.0.1 udp=0 tcp=0
INFO [03-26|19:21:47.255] Started P2P networking                   self=enode://7bcb27e0859fe4ed7072e298a58918cc0b55d08376b1207f77d84f6d0d34ded7448b64ab16dd00733b489383beff49c04f662afae4dd1dc102807640ff82a1cd@127.0.0.1:0
INFO [03-26|19:21:47.271] HTTP server started                      endpoint=[::]:8545 auth=false prefix= cors= vhosts=localhost
INFO [03-26|19:21:47.271] WebSocket enabled                        url=ws://[::]:8546
INFO [03-26|19:21:47.298] Loaded local transaction journal         transactions=585 dropped=0
INFO [03-26|19:21:48.804] Submitted contract creation              hash=0xf35f7b3ce31f63fb2cdfa698392c4bd72a01902876c83f708c9b665a3fc1cc3d from=0xf39Fd6e51aad88F6F4ce6aB8827279cffFb92266 nonce=468 contract=0xC0BF43A4Ca27e0976195E6661b099742f10507e5 value=0
INFO [03-26|19:21:48.806] Submitted transaction                    hash=0xa85a9f0945b055384a5c028cbc956d691f2f7a602feac871798d9d0c49e0c9a9 from=0xf39Fd6e51aad88F6F4ce6aB8827279cffFb92266 nonce=469 recipient=0x5eca0353a53cEF48c11C8dF995C3b998BF1A1006 value=22,200,000,000
INFO [03-26|19:21:49.017] Started log indexer
INFO [03-26|19:21:49.023] Starting work on payload                 id=0x03c19f4ead0da440
INFO [03-26|19:21:49.030] Updated payload                          id=0x03c19f4ead0da440 number=64507 hash=3cf039..70a305 txs=2 withdrawals=0 gas=106,226 fees=2.2626138e-11 root=753c2e..8877a3 elapsed=7.100ms
INFO [03-26|19:21:49.030] Stopping work on payload                 id=0x03c19f4ead0da440 reason=delivery
WARN [03-26|19:21:49.033] {"level":"warn","msg":"Slow block","block":{"number":64507,"hash":"0x3cf0393e5e803ba7e55195ea3bd17aa40e700f5a40a0a7d85c8a63ed4a70a305","gas_used":106226,"tx_count":2},"timing":{"execution_ms":0.06523,"state_read_ms":0.897064,"state_hash_ms":0.666826,"commit_ms":0.781685,"total_ms":2.488576},"throughput":{"mgas_per_sec":42.68545545725748},"state_reads":{"accounts":11,"storage_slots":0,"code":0,"code_bytes":0},"state_writes":{"accounts":3,"accounts_deleted":0,"storage_slots":0,"storage_slots_deleted":0,"code":1,"code_bytes":149},"cache":{"account":{"hits":4,"misses":7,"hit_rate":36.36363636363637},"storage":{"hits":0,"misses":0,"hit_rate":0},"code":{"hits":0,"misses":0,"hit_rate":0,"hit_bytes":0,"miss_bytes":0}}}
INFO [03-26|19:21:49.033] Imported new potential chain segment     number=64507 hash=3cf039..70a305 blocks=1 txs=2 mgas=0.106 elapsed=2.770ms mgasps=38.341 triediffs=1.20MiB triedirty=0.00B
INFO [03-26|19:21:49.033] Ready for fork activation                fork=Osaka date="07 Feb 06 07:28 CET" remaining=700116h6m26s timestamp=4,294,967,295
INFO [03-26|19:21:49.034] Chain head was updated                   number=64507 hash=3cf039..70a305 root=753c2e..8877a3 elapsed="242.988µs"
INFO [03-26|19:21:49.820] Submitted transaction                    hash=0x5dd9965039554e504a3d6b5163427212be0d5ae7890f8c6ceba8b3f3e250bca0 from=0x5eca0353a53cEF48c11C8dF995C3b998BF1A1006 nonce=0   recipient=0xC0BF43A4Ca27e0976195E6661b099742f10507e5 value=0
INFO [03-26|19:21:59.036] Starting work on payload                 id=0x030c3120611a621a
WARN [03-26|19:22:01.523] Block building is interrupted            allowance=2s
INFO [03-26|19:22:01.523] Updated payload                          id=0x030c3120611a621a number=64508 hash=ab6386..992720 txs=1 withdrawals=0 gas=100,000,000 fees=2.14e-08      root=cad932..eeaa9f elapsed=2.487s
WARN [03-26|19:22:04.861] {"level":"warn","msg":"Slow block","block":{"number":64508,"hash":"0xab6386b616b9d3634b2081399beab6102cfb55b544c18112235606ecf0992720","gas_used":100000000,"tx_count":1},"timing":{"execution_ms":165.37697,"state_read_ms":3150.892769,"state_hash_ms":0.07231,"commit_ms":18.667088,"total_ms":3335.103668},"throughput":{"mgas_per_sec":29.984075445537243},"state_reads":{"accounts":8,"storage_slots":23418,"code":2,"code_bytes":1493},"state_writes":{"accounts":2,"accounts_deleted":0,"storage_slots":0,"storage_slots_deleted":0,"code":0,"code_bytes":0},"cache":{"account":{"hits":3,"misses":5,"hit_rate":37.5},"storage":{"hits":2178,"misses":21240,"hit_rate":9.30053804765565},"code":{"hits":2,"misses":0,"hit_rate":100,"hit_bytes":1493,"miss_bytes":0}}}
INFO [03-26|19:22:04.861] Imported new potential chain segment     number=64508 hash=ab6386..992720 blocks=1 txs=1 mgas=100.000 elapsed=3.336s      mgasps=29.968 triediffs=1.20MiB triedirty=0.00B
INFO [03-26|19:22:04.863] Chain head was updated                   number=64508 hash=ab6386..992720 root=cad932..eeaa9f elapsed="78.44µs"
WARN [03-26|19:22:05.125] Block building is interrupted            allowance=2s
INFO [03-26|19:22:05.125] Stopping work on payload                 id=0x030c3120611a621a reason=delivery
