INFO [03-26|19:19:01.168] Starting Geth on Ethereum mainnet...
INFO [03-26|19:19:01.170] Maximum peer count                       ETH=0 total=0
INFO [03-26|19:19:01.170] Smartcard socket not found, disabling    err="stat /run/pcscd/pcscd.comm: no such file or directory"
WARN [03-26|19:19:01.173] Option --miner.etherbase is deprecated as the etherbase is set by the consensus client post-merge
WARN [03-26|19:19:01.175] Snap sync requested, resetting --cache.snapshot
INFO [03-26|19:19:01.175] Global gas cap disabled
INFO [03-26|19:19:01.819] Using developer account                  address=0xf39Fd6e51aad88F6F4ce6aB8827279cffFb92266
INFO [03-26|19:19:01.986] Using pebble as the backing database
INFO [03-26|19:19:01.986] Allocated cache and file handles         database=/home/CPerezz/bintrie-benchmarks/mpt-vs-bintrie/dbs/mpt/geth/chaindata cache=16.00MiB handles=524,288
INFO [03-26|19:19:03.105] Opened ancient database                  database=/home/CPerezz/bintrie-benchmarks/mpt-vs-bintrie/dbs/mpt/geth/chaindata/ancient/chain readonly=true
INFO [03-26|19:19:03.105] Opened Era store                         datadir=/home/CPerezz/bintrie-benchmarks/mpt-vs-bintrie/dbs/mpt/geth/chaindata/ancient/chain/era
INFO [03-26|19:19:03.116] Initializing the KZG library             backend=gokzg
INFO [03-26|19:19:03.119] Allocated trie memory caches             clean=0.00B dirty=0.00B
INFO [03-26|19:19:03.201] Using pebble as the backing database
INFO [03-26|19:19:03.201] Allocated cache and file handles         database=/home/CPerezz/bintrie-benchmarks/mpt-vs-bintrie/dbs/mpt/geth/chaindata cache=16.00MiB handles=524,288
INFO [03-26|19:19:04.525] Opened ancient database                  database=/home/CPerezz/bintrie-benchmarks/mpt-vs-bintrie/dbs/mpt/geth/chaindata/ancient/chain readonly=false
INFO [03-26|19:19:04.525] Opened Era store                         datadir=/home/CPerezz/bintrie-benchmarks/mpt-vs-bintrie/dbs/mpt/geth/chaindata/ancient/chain/era
INFO [03-26|19:19:04.527] State scheme set to already existing     scheme=path
INFO [03-26|19:19:04.527] Initialising Ethereum protocol           network=1337 dbversion=9
INFO [03-26|19:19:04.527] Load database journal from file          path=/home/CPerezz/bintrie-benchmarks/mpt-vs-bintrie/dbs/mpt/geth/triedb/merkle.journal
INFO [03-26|19:19:04.544] Opened ancient database                  database=/home/CPerezz/bintrie-benchmarks/mpt-vs-bintrie/dbs/mpt/geth/chaindata/ancient/state readonly=false
INFO [03-26|19:19:04.545] Initialized path database                triecache=0.00B statecache=0.00B buffer=0.00B state-history="last 90000 blocks" journal-dir=/home/CPerezz/bintrie-benchmarks/mpt-vs-bintrie/dbs/mpt/geth/triedb
INFO [03-26|19:19:04.545] 
INFO [03-26|19:19:04.545] ---------------------------------------------------------------------------------------------------------------------------------------------------------
INFO [03-26|19:19:04.545] Chain ID:  1337 (unknown)
INFO [03-26|19:19:04.545] Consensus: unknown
INFO [03-26|19:19:04.545] 
INFO [03-26|19:19:04.545] Pre-Merge hard forks (block based):
INFO [03-26|19:19:04.545]  - Homestead:                   #0       
INFO [03-26|19:19:04.545]  - Tangerine Whistle (EIP 150): #0       
INFO [03-26|19:19:04.545]  - Spurious Dragon/1 (EIP 155): #0       
INFO [03-26|19:19:04.545]  - Spurious Dragon/2 (EIP 158): #0       
INFO [03-26|19:19:04.545]  - Byzantium:                   #0       
INFO [03-26|19:19:04.545]  - Constantinople:              #0       
INFO [03-26|19:19:04.545]  - Petersburg:                  #0       
INFO [03-26|19:19:04.545]  - Istanbul:                    #0       
INFO [03-26|19:19:04.545]  - Muir Glacier:                #0       
INFO [03-26|19:19:04.545]  - Berlin:                      #0       
INFO [03-26|19:19:04.545]  - London:                      #0       
INFO [03-26|19:19:04.545]  - Arrow Glacier:               #0       
INFO [03-26|19:19:04.545]  - Gray Glacier:                #0       
INFO [03-26|19:19:04.545] 
INFO [03-26|19:19:04.545] Merge configured:
INFO [03-26|19:19:04.545]  - Total terminal difficulty:  0
INFO [03-26|19:19:04.545]  - Merge netsplit block:       #0       
INFO [03-26|19:19:04.545] 
INFO [03-26|19:19:04.545] Post-Merge hard forks (timestamp based):
INFO [03-26|19:19:04.545]  - Shanghai:                    @0         
INFO [03-26|19:19:04.545]  - Cancun:                      @0          blob: (target: 3, max: 6, fraction: 3338477)
INFO [03-26|19:19:04.545]  - Prague:                      @0          blob: (target: 6, max: 9, fraction: 5225352)
INFO [03-26|19:19:04.545]  - Osaka:                       @4294967295 blob: (target: 9, max: 12, fraction: 5225352)
INFO [03-26|19:19:04.545] 
INFO [03-26|19:19:04.545] All fork specifications can be found at https://ethereum.github.io/execution-specs/src/ethereum/forks/
INFO [03-26|19:19:04.545] 
INFO [03-26|19:19:04.545] ---------------------------------------------------------------------------------------------------------------------------------------------------------
INFO [03-26|19:19:04.545] 
INFO [03-26|19:19:04.546] Loaded most recent local block           number=64492 hash=61413f..48291a age=12s
INFO [03-26|19:19:04.546] Loaded most recent local finalized block number=64480 hash=41eac9..aedd69 age=2m33s
INFO [03-26|19:19:04.546] Initialized transaction indexer          range="last 2350000 blocks"
INFO [03-26|19:19:04.546] Initialized log indexer                  firstblock=0 lastblock=64492 firstmap=0 lastmap=4 headindexed=true
INFO [03-26|19:19:04.557] Enabled full-sync                        head=64492 hash=61413f..48291a
INFO [03-26|19:19:04.557] Unprotected transactions allowed
INFO [03-26|19:19:04.557] Gasprice oracle is ignoring threshold set threshold=2
INFO [03-26|19:19:04.557] Registered sync override service
WARN [03-26|19:19:04.557] You are running Geth in --dev mode. Please note the following:
WARN [03-26|19:19:04.557] 
WARN [03-26|19:19:04.557]   1. This mode is only intended for fast, iterative development without assumptions on
WARN [03-26|19:19:04.557]      security or persistence.
WARN [03-26|19:19:04.557]   2. The database is created in memory unless specified otherwise. Therefore, shutting down
WARN [03-26|19:19:04.557]      your computer or losing power will wipe your entire block data and chain state for
WARN [03-26|19:19:04.557]      your dev environment.
WARN [03-26|19:19:04.557]   3. A random, pre-allocated developer account will be available and unlocked as
WARN [03-26|19:19:04.557]      eth.coinbase, which can be used for testing. The random dev account is temporary,
WARN [03-26|19:19:04.557]      stored on a ramdisk, and will be lost if your machine is restarted.
WARN [03-26|19:19:04.557]   4. Mining is enabled by default. However, the client will only seal blocks if transactions
WARN [03-26|19:19:04.557]      are pending in the mempool. The miner's minimum accepted gas price is 1.
WARN [03-26|19:19:04.557]   5. Networking is disabled; there is no listen-address, the maximum number of peers is set
WARN [03-26|19:19:04.557]      to 0, and discovery is disabled.
WARN [03-26|19:19:04.557] 
INFO [03-26|19:19:04.557] Starting peer-to-peer node               instance=Geth/v1.17.2-unstable-5d0e18f7-20260325/linux-amd64/go1.24.1
WARN [03-26|19:19:04.557] P2P server will be useless, neither dialing nor listening
INFO [03-26|19:19:04.560] IPC endpoint opened                      url=/home/CPerezz/bintrie-benchmarks/mpt-vs-bintrie/dbs/mpt/geth.ipc
ERROR[03-26|19:19:04.560] Unavailable modules in HTTP API list     unavailable=[personal] available="[admin debug web3 eth txpool miner net dev testing]"
INFO [03-26|19:19:04.561] HTTP server started                      endpoint=[::]:8545 auth=false prefix= cors= vhosts=localhost
INFO [03-26|19:19:04.561] WebSocket enabled                        url=ws://[::]:8546
INFO [03-26|19:19:04.561] New local node record                    seq=1,774,465,406,096 id=9566f6e861acb2c3 ip=127.0.0.1 udp=0 tcp=0
INFO [03-26|19:19:04.561] Started P2P networking                   self=enode://7bcb27e0859fe4ed7072e298a58918cc0b55d08376b1207f77d84f6d0d34ded7448b64ab16dd00733b489383beff49c04f662afae4dd1dc102807640ff82a1cd@127.0.0.1:0
INFO [03-26|19:19:04.592] Loaded local transaction journal         transactions=564 dropped=0
INFO [03-26|19:19:06.123] Submitted contract creation              hash=0xd642f31913a938f0389a0c988271b120fad6152dbef21060ef1bf8e445755b95 from=0xf39Fd6e51aad88F6F4ce6aB8827279cffFb92266 nonce=454 contract=0x21915b79E1d334499272521a3508061354D13FF0 value=0
INFO [03-26|19:19:06.126] Submitted transaction                    hash=0x46df9f2852ba4640ccd7bdc2ebf7a4e99d113d375647551bcd41d9ed725e7e22 from=0xf39Fd6e51aad88F6F4ce6aB8827279cffFb92266 nonce=455 recipient=0xB6bc85164B98C4e6c63110b0d760Ff4548D5d3BB value=22,200,000,000
INFO [03-26|19:19:06.424] Started log indexer
INFO [03-26|19:19:06.431] Starting work on payload                 id=0x03c0eae6d3b00fc4
INFO [03-26|19:19:06.438] Updated payload                          id=0x03c0eae6d3b00fc4 number=64493 hash=007ab4..3269f5 txs=2 withdrawals=0 gas=106,226 fees=2.2626138e-11 root=0ad331..664a67 elapsed=7.619ms
INFO [03-26|19:19:06.438] Stopping work on payload                 id=0x03c0eae6d3b00fc4 reason=delivery
WARN [03-26|19:19:06.441] {"level":"warn","msg":"Slow block","block":{"number":64493,"hash":"0x007ab4a2a21bc47c86437c4e19bcf1290dbaacd0757d923169d361d68d3269f5","gas_used":106226,"tx_count":2},"timing":{"execution_ms":0.062359,"state_read_ms":0.185929,"state_hash_ms":0.641936,"commit_ms":0.391668,"total_ms":1.364863},"throughput":{"mgas_per_sec":77.82905683574103},"state_reads":{"accounts":11,"storage_slots":0,"code":0,"code_bytes":0},"state_writes":{"accounts":3,"accounts_deleted":0,"storage_slots":0,"storage_slots_deleted":0,"code":1,"code_bytes":149},"cache":{"account":{"hits":4,"misses":7,"hit_rate":36.36363636363637},"storage":{"hits":0,"misses":0,"hit_rate":0},"code":{"hits":0,"misses":0,"hit_rate":0,"hit_bytes":0,"miss_bytes":0}}}
INFO [03-26|19:19:06.441] Imported new potential chain segment     number=64493 hash=007ab4..3269f5 blocks=1 txs=2 mgas=0.106 elapsed=1.579ms mgasps=67.258 triediffs=1.20MiB triedirty=0.00B
INFO [03-26|19:19:06.441] Ready for fork activation                fork=Osaka date="07 Feb 06 07:28 CET" remaining=700116h9m9s timestamp=4,294,967,295
INFO [03-26|19:19:06.441] Chain head was updated                   number=64493 hash=007ab4..3269f5 root=0ad331..664a67 elapsed="94.069µs"
INFO [03-26|19:19:07.154] Submitted transaction                    hash=0xadb8da4c9085c9a934fa4cc0b2f55e5d42f7e6bb45942b316e4eb482dcfc11c6 from=0xB6bc85164B98C4e6c63110b0d760Ff4548D5d3BB nonce=0   recipient=0x21915b79E1d334499272521a3508061354D13FF0 value=0
INFO [03-26|19:19:16.442] Starting work on payload                 id=0x0346b5c66fe07cb5
WARN [03-26|19:19:18.883] Block building is interrupted            allowance=2s
INFO [03-26|19:19:18.883] Updated payload                          id=0x0346b5c66fe07cb5 number=64494 hash=697af7..c95926 txs=1 withdrawals=0 gas=100,000,000 fees=2.14e-08      root=b77f89..de0e72 elapsed=2.441s
WARN [03-26|19:19:22.319] {"level":"warn","msg":"Slow block","block":{"number":64494,"hash":"0x697af764573ae20637d2a812fb53203d67ea541e511c789c2555eb3c8ac95926","gas_used":100000000,"tx_count":1},"timing":{"execution_ms":188.489006,"state_read_ms":3229.982502,"state_hash_ms":0.062459,"commit_ms":13.599948,"total_ms":3432.213696},"throughput":{"mgas_per_sec":29.135714980842497},"state_reads":{"accounts":8,"storage_slots":23418,"code":2,"code_bytes":1493},"state_writes":{"accounts":2,"accounts_deleted":0,"storage_slots":0,"storage_slots_deleted":0,"code":0,"code_bytes":0},"cache":{"account":{"hits":3,"misses":5,"hit_rate":37.5},"storage":{"hits":2524,"misses":20894,"hit_rate":10.778033990947135},"code":{"hits":2,"misses":0,"hit_rate":100,"hit_bytes":1493,"miss_bytes":0}}}
INFO [03-26|19:19:22.319] Imported new potential chain segment     number=64494 hash=697af7..c95926 blocks=1 txs=1 mgas=100.000 elapsed=3.435s     mgasps=29.111 triediffs=1.20MiB triedirty=0.00B
INFO [03-26|19:19:22.322] Chain head was updated                   number=64494 hash=697af7..c95926 root=b77f89..de0e72 elapsed="75.53µs"
WARN [03-26|19:19:22.653] Block building is interrupted            allowance=2s
INFO [03-26|19:19:22.654] Stopping work on payload                 id=0x0346b5c66fe07cb5 reason=delivery
