INFO [03-26|19:18:14.151] Starting Geth on Ethereum mainnet...
INFO [03-26|19:18:14.152] Maximum peer count                       ETH=0 total=0
INFO [03-26|19:18:14.153] Smartcard socket not found, disabling    err="stat /run/pcscd/pcscd.comm: no such file or directory"
WARN [03-26|19:18:14.155] Option --miner.etherbase is deprecated as the etherbase is set by the consensus client post-merge
WARN [03-26|19:18:14.156] Snap sync requested, resetting --cache.snapshot
INFO [03-26|19:18:14.157] Global gas cap disabled
INFO [03-26|19:18:14.799] Using developer account                  address=0xf39Fd6e51aad88F6F4ce6aB8827279cffFb92266
INFO [03-26|19:18:14.966] Using pebble as the backing database
INFO [03-26|19:18:14.966] Allocated cache and file handles         database=/home/CPerezz/bintrie-benchmarks/mpt-vs-bintrie/dbs/mpt/geth/chaindata cache=16.00MiB handles=524,288
INFO [03-26|19:18:16.110] Opened ancient database                  database=/home/CPerezz/bintrie-benchmarks/mpt-vs-bintrie/dbs/mpt/geth/chaindata/ancient/chain readonly=true
INFO [03-26|19:18:16.110] Opened Era store                         datadir=/home/CPerezz/bintrie-benchmarks/mpt-vs-bintrie/dbs/mpt/geth/chaindata/ancient/chain/era
INFO [03-26|19:18:16.121] Initializing the KZG library             backend=gokzg
INFO [03-26|19:18:16.122] Allocated trie memory caches             clean=0.00B dirty=0.00B
INFO [03-26|19:18:16.198] Using pebble as the backing database
INFO [03-26|19:18:16.198] Allocated cache and file handles         database=/home/CPerezz/bintrie-benchmarks/mpt-vs-bintrie/dbs/mpt/geth/chaindata cache=16.00MiB handles=524,288
INFO [03-26|19:18:17.553] Opened ancient database                  database=/home/CPerezz/bintrie-benchmarks/mpt-vs-bintrie/dbs/mpt/geth/chaindata/ancient/chain readonly=false
INFO [03-26|19:18:17.553] Opened Era store                         datadir=/home/CPerezz/bintrie-benchmarks/mpt-vs-bintrie/dbs/mpt/geth/chaindata/ancient/chain/era
INFO [03-26|19:18:17.554] State scheme set to already existing     scheme=path
INFO [03-26|19:18:17.555] Initialising Ethereum protocol           network=1337 dbversion=9
INFO [03-26|19:18:17.555] Load database journal from file          path=/home/CPerezz/bintrie-benchmarks/mpt-vs-bintrie/dbs/mpt/geth/triedb/merkle.journal
INFO [03-26|19:18:17.574] Opened ancient database                  database=/home/CPerezz/bintrie-benchmarks/mpt-vs-bintrie/dbs/mpt/geth/chaindata/ancient/state readonly=false
INFO [03-26|19:18:17.574] Initialized path database                triecache=0.00B statecache=0.00B buffer=0.00B state-history="last 90000 blocks" journal-dir=/home/CPerezz/bintrie-benchmarks/mpt-vs-bintrie/dbs/mpt/geth/triedb
INFO [03-26|19:18:17.575] 
INFO [03-26|19:18:17.575] ---------------------------------------------------------------------------------------------------------------------------------------------------------
INFO [03-26|19:18:17.575] Chain ID:  1337 (unknown)
INFO [03-26|19:18:17.575] Consensus: unknown
INFO [03-26|19:18:17.575] 
INFO [03-26|19:18:17.575] Pre-Merge hard forks (block based):
INFO [03-26|19:18:17.575]  - Homestead:                   #0       
INFO [03-26|19:18:17.575]  - Tangerine Whistle (EIP 150): #0       
INFO [03-26|19:18:17.575]  - Spurious Dragon/1 (EIP 155): #0       
INFO [03-26|19:18:17.575]  - Spurious Dragon/2 (EIP 158): #0       
INFO [03-26|19:18:17.575]  - Byzantium:                   #0       
INFO [03-26|19:18:17.575]  - Constantinople:              #0       
INFO [03-26|19:18:17.575]  - Petersburg:                  #0       
INFO [03-26|19:18:17.575]  - Istanbul:                    #0       
INFO [03-26|19:18:17.575]  - Muir Glacier:                #0       
INFO [03-26|19:18:17.575]  - Berlin:                      #0       
INFO [03-26|19:18:17.575]  - London:                      #0       
INFO [03-26|19:18:17.575]  - Arrow Glacier:               #0       
INFO [03-26|19:18:17.575]  - Gray Glacier:                #0       
INFO [03-26|19:18:17.575] 
INFO [03-26|19:18:17.575] Merge configured:
INFO [03-26|19:18:17.575]  - Total terminal difficulty:  0
INFO [03-26|19:18:17.575]  - Merge netsplit block:       #0       
INFO [03-26|19:18:17.575] 
INFO [03-26|19:18:17.575] Post-Merge hard forks (timestamp based):
INFO [03-26|19:18:17.575]  - Shanghai:                    @0         
INFO [03-26|19:18:17.575]  - Cancun:                      @0          blob: (target: 3, max: 6, fraction: 3338477)
INFO [03-26|19:18:17.575]  - Prague:                      @0          blob: (target: 6, max: 9, fraction: 5225352)
INFO [03-26|19:18:17.575]  - Osaka:                       @4294967295 blob: (target: 9, max: 12, fraction: 5225352)
INFO [03-26|19:18:17.575] 
INFO [03-26|19:18:17.575] All fork specifications can be found at https://ethereum.github.io/execution-specs/src/ethereum/forks/
INFO [03-26|19:18:17.575] 
INFO [03-26|19:18:17.575] ---------------------------------------------------------------------------------------------------------------------------------------------------------
INFO [03-26|19:18:17.575] 
INFO [03-26|19:18:17.576] Loaded most recent local block           number=64488 hash=092ec7..78f9e6 age=11s
INFO [03-26|19:18:17.576] Loaded most recent local finalized block number=64480 hash=41eac9..aedd69 age=1m46s
INFO [03-26|19:18:17.576] Initialized transaction indexer          range="last 2350000 blocks"
INFO [03-26|19:18:17.576] Initialized log indexer                  firstblock=0 lastblock=64488 firstmap=0 lastmap=4 headindexed=true
INFO [03-26|19:18:17.589] Enabled full-sync                        head=64488 hash=092ec7..78f9e6
INFO [03-26|19:18:17.589] Unprotected transactions allowed
INFO [03-26|19:18:17.589] Gasprice oracle is ignoring threshold set threshold=2
INFO [03-26|19:18:17.590] Registered sync override service
WARN [03-26|19:18:17.590] You are running Geth in --dev mode. Please note the following:
WARN [03-26|19:18:17.590] 
WARN [03-26|19:18:17.590]   1. This mode is only intended for fast, iterative development without assumptions on
WARN [03-26|19:18:17.590]      security or persistence.
WARN [03-26|19:18:17.590]   2. The database is created in memory unless specified otherwise. Therefore, shutting down
WARN [03-26|19:18:17.590]      your computer or losing power will wipe your entire block data and chain state for
WARN [03-26|19:18:17.590]      your dev environment.
WARN [03-26|19:18:17.590]   3. A random, pre-allocated developer account will be available and unlocked as
WARN [03-26|19:18:17.590]      eth.coinbase, which can be used for testing. The random dev account is temporary,
WARN [03-26|19:18:17.590]      stored on a ramdisk, and will be lost if your machine is restarted.
WARN [03-26|19:18:17.590]   4. Mining is enabled by default. However, the client will only seal blocks if transactions
WARN [03-26|19:18:17.590]      are pending in the mempool. The miner's minimum accepted gas price is 1.
WARN [03-26|19:18:17.590]   5. Networking is disabled; there is no listen-address, the maximum number of peers is set
WARN [03-26|19:18:17.590]      to 0, and discovery is disabled.
WARN [03-26|19:18:17.590] 
INFO [03-26|19:18:17.590] Starting peer-to-peer node               instance=Geth/v1.17.2-unstable-5d0e18f7-20260325/linux-amd64/go1.24.1
WARN [03-26|19:18:17.590] P2P server will be useless, neither dialing nor listening
INFO [03-26|19:18:17.600] IPC endpoint opened                      url=/home/CPerezz/bintrie-benchmarks/mpt-vs-bintrie/dbs/mpt/geth.ipc
INFO [03-26|19:18:17.600] New local node record                    seq=1,774,465,406,094 id=9566f6e861acb2c3 ip=127.0.0.1 udp=0 tcp=0
INFO [03-26|19:18:17.600] Started P2P networking                   self=enode://7bcb27e0859fe4ed7072e298a58918cc0b55d08376b1207f77d84f6d0d34ded7448b64ab16dd00733b489383beff49c04f662afae4dd1dc102807640ff82a1cd@127.0.0.1:0
ERROR[03-26|19:18:17.600] Unavailable modules in HTTP API list     unavailable=[personal] available="[admin debug web3 eth txpool miner net dev testing]"
INFO [03-26|19:18:17.601] HTTP server started                      endpoint=[::]:8545 auth=false prefix= cors= vhosts=localhost
INFO [03-26|19:18:17.601] WebSocket enabled                        url=ws://[::]:8546
INFO [03-26|19:18:17.627] Loaded local transaction journal         transactions=558 dropped=0
INFO [03-26|19:18:19.105] Submitted contract creation              hash=0x3c27b3abc3c6f5a2495b0c642a7f256f954931ce483d0cc394c6bdcd5b2c2adc from=0xf39Fd6e51aad88F6F4ce6aB8827279cffFb92266 nonce=450 contract=0x89372b32b8AF3F1272e2efb3088616318D2834cA value=0
INFO [03-26|19:18:19.107] Submitted transaction                    hash=0x5a40f4ab6888e6c521eb197dc7c16b3a7ba84137746af4bc519e4e58767e9272 from=0xf39Fd6e51aad88F6F4ce6aB8827279cffFb92266 nonce=451 recipient=0x99aE9160dE4EFF4921d9103ac12BB8C895fd96C1 value=22,200,000,000
INFO [03-26|19:18:19.586] Started log indexer
INFO [03-26|19:18:19.592] Starting work on payload                 id=0x039973aeb786a4b4
INFO [03-26|19:18:19.599] Updated payload                          id=0x039973aeb786a4b4 number=64489 hash=4fa1b0..5eb77f txs=2 withdrawals=0 gas=106,226 fees=2.2626138e-11 root=1b3c22..6878d4 elapsed=6.890ms
INFO [03-26|19:18:19.599] Stopping work on payload                 id=0x039973aeb786a4b4 reason=delivery
WARN [03-26|19:18:19.602] {"level":"warn","msg":"Slow block","block":{"number":64489,"hash":"0x4fa1b0f4bd249c1c78aa3dfeb45ac0313d94272b1a4355be7c70f8dca75eb77f","gas_used":106226,"tx_count":2},"timing":{"execution_ms":0.144221,"state_read_ms":0.106977,"state_hash_ms":0.829935,"commit_ms":0.718106,"total_ms":1.87084},"throughput":{"mgas_per_sec":56.7798422099164},"state_reads":{"accounts":11,"storage_slots":0,"code":0,"code_bytes":0},"state_writes":{"accounts":3,"accounts_deleted":0,"storage_slots":0,"storage_slots_deleted":0,"code":1,"code_bytes":149},"cache":{"account":{"hits":4,"misses":7,"hit_rate":36.36363636363637},"storage":{"hits":0,"misses":0,"hit_rate":0},"code":{"hits":0,"misses":0,"hit_rate":0,"hit_bytes":0,"miss_bytes":0}}}
INFO [03-26|19:18:19.602] Imported new potential chain segment     number=64489 hash=4fa1b0..5eb77f blocks=1 txs=2 mgas=0.106 elapsed=2.157ms mgasps=49.233 triediffs=1.20MiB triedirty=0.00B
INFO [03-26|19:18:19.602] Ready for fork activation                fork=Osaka date="07 Feb 06 07:28 CET" remaining=700116h9m55s timestamp=4,294,967,295
INFO [03-26|19:18:19.603] Chain head was updated                   number=64489 hash=4fa1b0..5eb77f root=1b3c22..6878d4 elapsed="226.359µs"
INFO [03-26|19:18:20.121] Submitted transaction                    hash=0xecc8aabbb102c437688696a8adbc4b47137443462050c649ae27824a791fbb92 from=0x99aE9160dE4EFF4921d9103ac12BB8C895fd96C1 nonce=0   recipient=0x89372b32b8AF3F1272e2efb3088616318D2834cA value=0
INFO [03-26|19:18:29.604] Starting work on payload                 id=0x03384c1db4120d34
WARN [03-26|19:18:32.017] Block building is interrupted            allowance=2s
INFO [03-26|19:18:32.017] Updated payload                          id=0x03384c1db4120d34 number=64490 hash=7c289b..11639a txs=1 withdrawals=0 gas=100,000,000 fees=2.14e-08      root=c83175..027f8b elapsed=2.412s
WARN [03-26|19:18:35.245] {"level":"warn","msg":"Slow block","block":{"number":64490,"hash":"0x7c289b108e35c2f1f350255963e5765152cfe4fb1a7e7bd429f76a93f411639a","gas_used":100000000,"tx_count":1},"timing":{"execution_ms":162.406232,"state_read_ms":3046.470511,"state_hash_ms":0.07511,"commit_ms":17.288707,"total_ms":3226.31935},"throughput":{"mgas_per_sec":30.995071830071627},"state_reads":{"accounts":8,"storage_slots":23418,"code":2,"code_bytes":1493},"state_writes":{"accounts":2,"accounts_deleted":0,"storage_slots":0,"storage_slots_deleted":0,"code":0,"code_bytes":0},"cache":{"account":{"hits":4,"misses":4,"hit_rate":50},"storage":{"hits":1852,"misses":21566,"hit_rate":7.9084464941498},"code":{"hits":2,"misses":0,"hit_rate":100,"hit_bytes":1493,"miss_bytes":0}}}
INFO [03-26|19:18:35.245] Imported new potential chain segment     number=64490 hash=7c289b..11639a blocks=1 txs=1 mgas=100.000 elapsed=3.227s      mgasps=30.985 triediffs=1.20MiB triedirty=0.00B
INFO [03-26|19:18:35.246] Chain head was updated                   number=64490 hash=7c289b..11639a root=c83175..027f8b elapsed="48.88µs"
WARN [03-26|19:18:35.397] Block building is interrupted            allowance=2s
INFO [03-26|19:18:35.398] Stopping work on payload                 id=0x03384c1db4120d34 reason=delivery
