INFO [03-26|18:40:33.601] Starting Geth on Ethereum mainnet...
INFO [03-26|18:40:33.602] Maximum peer count                       ETH=0 total=0
INFO [03-26|18:40:33.603] Smartcard socket not found, disabling    err="stat /run/pcscd/pcscd.comm: no such file or directory"
WARN [03-26|18:40:33.605] Option --miner.etherbase is deprecated as the etherbase is set by the consensus client post-merge
WARN [03-26|18:40:33.606] Snap sync requested, resetting --cache.snapshot
INFO [03-26|18:40:33.606] Global gas cap disabled
INFO [03-26|18:40:34.250] Using developer account                  address=0xf39Fd6e51aad88F6F4ce6aB8827279cffFb92266
INFO [03-26|18:40:34.494] Using pebble as the backing database
INFO [03-26|18:40:34.494] Allocated cache and file handles         database=/home/CPerezz/bintrie-benchmarks/mpt-vs-bintrie/dbs/mpt/geth/chaindata cache=16.00MiB handles=524,288
INFO [03-26|18:40:36.738] Opened ancient database                  database=/home/CPerezz/bintrie-benchmarks/mpt-vs-bintrie/dbs/mpt/geth/chaindata/ancient/chain readonly=true
INFO [03-26|18:40:36.738] Opened Era store                         datadir=/home/CPerezz/bintrie-benchmarks/mpt-vs-bintrie/dbs/mpt/geth/chaindata/ancient/chain/era
INFO [03-26|18:40:36.747] Initializing the KZG library             backend=gokzg
INFO [03-26|18:40:36.750] Allocated trie memory caches             clean=0.00B dirty=0.00B
INFO [03-26|18:40:36.828] Using pebble as the backing database
INFO [03-26|18:40:36.828] Allocated cache and file handles         database=/home/CPerezz/bintrie-benchmarks/mpt-vs-bintrie/dbs/mpt/geth/chaindata cache=16.00MiB handles=524,288
INFO [03-26|18:40:38.131] Opened ancient database                  database=/home/CPerezz/bintrie-benchmarks/mpt-vs-bintrie/dbs/mpt/geth/chaindata/ancient/chain readonly=false
INFO [03-26|18:40:38.131] Opened Era store                         datadir=/home/CPerezz/bintrie-benchmarks/mpt-vs-bintrie/dbs/mpt/geth/chaindata/ancient/chain/era
INFO [03-26|18:40:38.133] State scheme set to already existing     scheme=path
INFO [03-26|18:40:38.135] Initialising Ethereum protocol           network=1337 dbversion=9
INFO [03-26|18:40:38.135] Load database journal from file          path=/home/CPerezz/bintrie-benchmarks/mpt-vs-bintrie/dbs/mpt/geth/triedb/merkle.journal
INFO [03-26|18:40:38.160] Opened ancient database                  database=/home/CPerezz/bintrie-benchmarks/mpt-vs-bintrie/dbs/mpt/geth/chaindata/ancient/state readonly=false
INFO [03-26|18:40:38.162] Initialized path database                triecache=0.00B statecache=0.00B buffer=0.00B state-history="last 90000 blocks" journal-dir=/home/CPerezz/bintrie-benchmarks/mpt-vs-bintrie/dbs/mpt/geth/triedb
INFO [03-26|18:40:38.162] 
INFO [03-26|18:40:38.162] ---------------------------------------------------------------------------------------------------------------------------------------------------------
INFO [03-26|18:40:38.162] Chain ID:  1337 (unknown)
INFO [03-26|18:40:38.162] Consensus: unknown
INFO [03-26|18:40:38.162] 
INFO [03-26|18:40:38.162] Pre-Merge hard forks (block based):
INFO [03-26|18:40:38.162]  - Homestead:                   #0       
INFO [03-26|18:40:38.162]  - Tangerine Whistle (EIP 150): #0       
INFO [03-26|18:40:38.162]  - Spurious Dragon/1 (EIP 155): #0       
INFO [03-26|18:40:38.162]  - Spurious Dragon/2 (EIP 158): #0       
INFO [03-26|18:40:38.162]  - Byzantium:                   #0       
INFO [03-26|18:40:38.162]  - Constantinople:              #0       
INFO [03-26|18:40:38.162]  - Petersburg:                  #0       
INFO [03-26|18:40:38.162]  - Istanbul:                    #0       
INFO [03-26|18:40:38.162]  - Muir Glacier:                #0       
INFO [03-26|18:40:38.162]  - Berlin:                      #0       
INFO [03-26|18:40:38.162]  - London:                      #0       
INFO [03-26|18:40:38.162]  - Arrow Glacier:               #0       
INFO [03-26|18:40:38.162]  - Gray Glacier:                #0       
INFO [03-26|18:40:38.162] 
INFO [03-26|18:40:38.162] Merge configured:
INFO [03-26|18:40:38.162]  - Total terminal difficulty:  0
INFO [03-26|18:40:38.162]  - Merge netsplit block:       #0       
INFO [03-26|18:40:38.162] 
INFO [03-26|18:40:38.162] Post-Merge hard forks (timestamp based):
INFO [03-26|18:40:38.162]  - Shanghai:                    @0         
INFO [03-26|18:40:38.162]  - Cancun:                      @0          blob: (target: 3, max: 6, fraction: 3338477)
INFO [03-26|18:40:38.162]  - Prague:                      @0          blob: (target: 6, max: 9, fraction: 5225352)
INFO [03-26|18:40:38.162]  - Osaka:                       @4294967295 blob: (target: 9, max: 12, fraction: 5225352)
INFO [03-26|18:40:38.162] 
INFO [03-26|18:40:38.162] All fork specifications can be found at https://ethereum.github.io/execution-specs/src/ethereum/forks/
INFO [03-26|18:40:38.162] 
INFO [03-26|18:40:38.162] ---------------------------------------------------------------------------------------------------------------------------------------------------------
INFO [03-26|18:40:38.162] 
INFO [03-26|18:40:38.163] Loaded most recent local block           number=64299 hash=30b07d..394f12 age=16s
INFO [03-26|18:40:38.163] Loaded most recent local finalized block number=64288 hash=0e90f3..4dcb07 age=2m28s
INFO [03-26|18:40:38.163] Initialized transaction indexer          range="last 2350000 blocks"
INFO [03-26|18:40:38.163] Initialized log indexer                  firstblock=0 lastblock=64299 firstmap=0 lastmap=4 headindexed=true
INFO [03-26|18:40:38.168] Enabled full-sync                        head=64299 hash=30b07d..394f12
INFO [03-26|18:40:38.169] Unprotected transactions allowed
INFO [03-26|18:40:38.169] Gasprice oracle is ignoring threshold set threshold=2
INFO [03-26|18:40:38.169] Registered sync override service
WARN [03-26|18:40:38.169] You are running Geth in --dev mode. Please note the following:
WARN [03-26|18:40:38.169] 
WARN [03-26|18:40:38.169]   1. This mode is only intended for fast, iterative development without assumptions on
WARN [03-26|18:40:38.169]      security or persistence.
WARN [03-26|18:40:38.169]   2. The database is created in memory unless specified otherwise. Therefore, shutting down
WARN [03-26|18:40:38.169]      your computer or losing power will wipe your entire block data and chain state for
WARN [03-26|18:40:38.169]      your dev environment.
WARN [03-26|18:40:38.169]   3. A random, pre-allocated developer account will be available and unlocked as
WARN [03-26|18:40:38.169]      eth.coinbase, which can be used for testing. The random dev account is temporary,
WARN [03-26|18:40:38.169]      stored on a ramdisk, and will be lost if your machine is restarted.
WARN [03-26|18:40:38.169]   4. Mining is enabled by default. However, the client will only seal blocks if transactions
WARN [03-26|18:40:38.169]      are pending in the mempool. The miner's minimum accepted gas price is 1.
WARN [03-26|18:40:38.169]   5. Networking is disabled; there is no listen-address, the maximum number of peers is set
WARN [03-26|18:40:38.169]      to 0, and discovery is disabled.
WARN [03-26|18:40:38.169] 
INFO [03-26|18:40:38.169] Starting peer-to-peer node               instance=Geth/v1.17.2-unstable-5d0e18f7-20260325/linux-amd64/go1.24.1
WARN [03-26|18:40:38.169] P2P server will be useless, neither dialing nor listening
INFO [03-26|18:40:38.174] IPC endpoint opened                      url=/home/CPerezz/bintrie-benchmarks/mpt-vs-bintrie/dbs/mpt/geth.ipc
ERROR[03-26|18:40:38.174] Unavailable modules in HTTP API list     unavailable=[personal] available="[admin debug web3 eth txpool miner net dev testing]"
INFO [03-26|18:40:38.174] HTTP server started                      endpoint=[::]:8545 auth=false prefix= cors= vhosts=localhost
INFO [03-26|18:40:38.174] WebSocket enabled                        url=ws://[::]:8546
INFO [03-26|18:40:38.175] New local node record                    seq=1,774,465,406,015 id=9566f6e861acb2c3 ip=127.0.0.1 udp=0 tcp=0
INFO [03-26|18:40:38.175] Started P2P networking                   self=enode://7bcb27e0859fe4ed7072e298a58918cc0b55d08376b1207f77d84f6d0d34ded7448b64ab16dd00733b489383beff49c04f662afae4dd1dc102807640ff82a1cd@127.0.0.1:0
INFO [03-26|18:40:38.190] Loaded local transaction journal         transactions=321 dropped=0
INFO [03-26|18:40:39.243] Started log indexer
INFO [03-26|18:40:39.252] Starting work on payload                 id=0x038ba00ecd12981e
INFO [03-26|18:40:39.252] Updated payload                          id=0x038ba00ecd12981e number=64300 hash=126981..4de594 txs=0 withdrawals=0 gas=0 fees=0 root=a13016..e6e2e2 elapsed="191.389µs"
INFO [03-26|18:40:39.252] Stopping work on payload                 id=0x038ba00ecd12981e reason=delivery
WARN [03-26|18:40:39.256] {"level":"warn","msg":"Slow block","block":{"number":64300,"hash":"0x126981dd8e8485276ac3796fe29377fe80066a12f460f33003ed8ac7f64de594","gas_used":0,"tx_count":0},"timing":{"execution_ms":0.0143,"state_read_ms":0.103419,"state_hash_ms":0.00494,"commit_ms":0.06703,"total_ms":0.2319},"throughput":{"mgas_per_sec":0},"state_reads":{"accounts":4,"storage_slots":0,"code":0,"code_bytes":0},"state_writes":{"accounts":0,"accounts_deleted":0,"storage_slots":0,"storage_slots_deleted":0,"code":0,"code_bytes":0},"cache":{"account":{"hits":0,"misses":4,"hit_rate":0},"storage":{"hits":0,"misses":0,"hit_rate":0},"code":{"hits":0,"misses":0,"hit_rate":0,"hit_bytes":0,"miss_bytes":0}}}
INFO [03-26|18:40:39.256] Imported new potential chain segment     number=64300 hash=126981..4de594 blocks=1 txs=0 mgas=0.000 elapsed=3.564ms     mgasps=0.000 triediffs=1.20MiB triedirty=0.00B
INFO [03-26|18:40:39.256] Ready for fork activation                fork=Osaka date="07 Feb 06 07:28 CET" remaining=700116h47m36s timestamp=4,294,967,295
INFO [03-26|18:40:39.256] Chain head was updated                   number=64300 hash=126981..4de594 root=a13016..e6e2e2 elapsed="24.2µs"
INFO [03-26|18:40:39.894] Submitted contract creation              hash=0x5e1bf14bae38305d5e6f7496181aeb9fdfd4a4217fa920e15b2282e66cc54f07 from=0xf39Fd6e51aad88F6F4ce6aB8827279cffFb92266 nonce=292 contract=0x1D8D70AD07C8E7E442AD78E4AC0A16f958Eba7F0 value=0
INFO [03-26|18:40:39.896] Submitted transaction                    hash=0xe7b4358ff1820520a4966b7291dc6377d46cf12181442765e65231cc99c34bf4 from=0xf39Fd6e51aad88F6F4ce6aB8827279cffFb92266 nonce=293 recipient=0x7a8Ef298F86C480aC9aF1303a0777A917d4f528a value=1,600,000,000
INFO [03-26|18:40:49.260] Starting work on payload                 id=0x03eda854063225af
INFO [03-26|18:40:49.266] Updated payload                          id=0x03eda854063225af number=64301 hash=d7b9e8..a678ef txs=2 withdrawals=0 gas=106,226 fees=8.49808e-13 root=ae57b8..dbe71f elapsed=6.075ms
INFO [03-26|18:40:49.267] Stopping work on payload                 id=0x03eda854063225af reason=delivery
WARN [03-26|18:40:49.271] {"level":"warn","msg":"Slow block","block":{"number":64301,"hash":"0xd7b9e8d0ec38ac3597b3d4d265a5ac17e1910c2de9386149001fecb7dfa678ef","gas_used":106226,"tx_count":2},"timing":{"execution_ms":0.090478,"state_read_ms":0.618128,"state_hash_ms":0.680007,"commit_ms":1.615931,"total_ms":3.100594},"throughput":{"mgas_per_sec":34.25988697649547},"state_reads":{"accounts":11,"storage_slots":0,"code":0,"code_bytes":0},"state_writes":{"accounts":3,"accounts_deleted":0,"storage_slots":0,"storage_slots_deleted":0,"code":1,"code_bytes":149},"cache":{"account":{"hits":6,"misses":5,"hit_rate":54.54545454545454},"storage":{"hits":0,"misses":0,"hit_rate":0},"code":{"hits":0,"misses":0,"hit_rate":0,"hit_bytes":0,"miss_bytes":0}}}
INFO [03-26|18:40:49.271] Imported new potential chain segment     number=64301 hash=d7b9e8..a678ef blocks=1 txs=2 mgas=0.106 elapsed=3.391ms     mgasps=31.317 triediffs=1.20MiB triedirty=0.00B
INFO [03-26|18:40:49.272] Chain head was updated                   number=64301 hash=d7b9e8..a678ef root=ae57b8..dbe71f elapsed="252.998µs"
INFO [03-26|18:40:49.986] Submitted transaction                    hash=0x8f9562d5ad346c4ed1723115f89302593ddf795bdd663a66ed9173688204f484 from=0x7a8Ef298F86C480aC9aF1303a0777A917d4f528a nonce=0   recipient=0x1D8D70AD07C8E7E442AD78E4AC0A16f958Eba7F0 value=0
INFO [03-26|18:40:59.273] Starting work on payload                 id=0x03682018962499f9
WARN [03-26|18:41:04.053] Block building is interrupted            allowance=2s
INFO [03-26|18:41:04.053] Updated payload                          id=0x03682018962499f9 number=64302 hash=83c1b1..12e7b4 txs=1 withdrawals=0 gas=100,000,000 fees=8e-10       root=e6d505..e4ff38 elapsed=4.780s
WARN [03-26|18:41:07.436] {"level":"warn","msg":"Slow block","block":{"number":64302,"hash":"0x83c1b181b04ca8a0a25d4e826f964c633f8e38e2d521942c11fdb8d97d12e7b4","gas_used":100000000,"tx_count":1},"timing":{"execution_ms":177.060521,"state_read_ms":3183.940928,"state_hash_ms":0.068799,"commit_ms":18.878405,"total_ms":3380.042133},"throughput":{"mgas_per_sec":29.585430022803802},"state_reads":{"accounts":8,"storage_slots":23418,"code":2,"code_bytes":1493},"state_writes":{"accounts":2,"accounts_deleted":0,"storage_slots":0,"storage_slots_deleted":0,"code":0,"code_bytes":0},"cache":{"account":{"hits":4,"misses":4,"hit_rate":50},"storage":{"hits":1831,"misses":21587,"hit_rate":7.818771884874883},"code":{"hits":2,"misses":0,"hit_rate":100,"hit_bytes":1493,"miss_bytes":0}}}
INFO [03-26|18:41:07.436] Imported new potential chain segment     number=64302 hash=83c1b1..12e7b4 blocks=1 txs=1 mgas=100.000 elapsed=3.381s      mgasps=29.576 triediffs=1.20MiB triedirty=0.00B
INFO [03-26|18:41:07.437] Chain head was updated                   number=64302 hash=83c1b1..12e7b4 root=e6d505..e4ff38 elapsed="85.729µs"
WARN [03-26|18:41:07.624] Block building is interrupted            allowance=2s
INFO [03-26|18:41:07.625] Stopping work on payload                 id=0x03682018962499f9 reason=delivery
