INFO [03-26|19:24:01.955] Starting Geth on Ethereum mainnet...
INFO [03-26|19:24:01.957] Maximum peer count                       ETH=0 total=0
INFO [03-26|19:24:01.958] Smartcard socket not found, disabling    err="stat /run/pcscd/pcscd.comm: no such file or directory"
WARN [03-26|19:24:01.959] Option --miner.etherbase is deprecated as the etherbase is set by the consensus client post-merge
WARN [03-26|19:24:01.960] Snap sync requested, resetting --cache.snapshot
INFO [03-26|19:24:01.960] Global gas cap disabled
INFO [03-26|19:24:02.603] Using developer account                  address=0xf39Fd6e51aad88F6F4ce6aB8827279cffFb92266
INFO [03-26|19:24:02.770] Using pebble as the backing database
INFO [03-26|19:24:02.770] Allocated cache and file handles         database=/home/CPerezz/bintrie-benchmarks/mpt-vs-bintrie/dbs/mpt/geth/chaindata cache=16.00MiB handles=524,288
INFO [03-26|19:24:03.967] Opened ancient database                  database=/home/CPerezz/bintrie-benchmarks/mpt-vs-bintrie/dbs/mpt/geth/chaindata/ancient/chain readonly=true
INFO [03-26|19:24:03.967] Opened Era store                         datadir=/home/CPerezz/bintrie-benchmarks/mpt-vs-bintrie/dbs/mpt/geth/chaindata/ancient/chain/era
INFO [03-26|19:24:03.977] Initializing the KZG library             backend=gokzg
INFO [03-26|19:24:03.979] Allocated trie memory caches             clean=0.00B dirty=0.00B
INFO [03-26|19:24:04.064] Using pebble as the backing database
INFO [03-26|19:24:04.064] Allocated cache and file handles         database=/home/CPerezz/bintrie-benchmarks/mpt-vs-bintrie/dbs/mpt/geth/chaindata cache=16.00MiB handles=524,288
INFO [03-26|19:24:05.291] Opened ancient database                  database=/home/CPerezz/bintrie-benchmarks/mpt-vs-bintrie/dbs/mpt/geth/chaindata/ancient/chain readonly=false
INFO [03-26|19:24:05.291] Opened Era store                         datadir=/home/CPerezz/bintrie-benchmarks/mpt-vs-bintrie/dbs/mpt/geth/chaindata/ancient/chain/era
INFO [03-26|19:24:05.293] State scheme set to already existing     scheme=path
INFO [03-26|19:24:05.294] Initialising Ethereum protocol           network=1337 dbversion=9
INFO [03-26|19:24:05.294] Load database journal from file          path=/home/CPerezz/bintrie-benchmarks/mpt-vs-bintrie/dbs/mpt/geth/triedb/merkle.journal
INFO [03-26|19:24:05.314] Opened ancient database                  database=/home/CPerezz/bintrie-benchmarks/mpt-vs-bintrie/dbs/mpt/geth/chaindata/ancient/state readonly=false
INFO [03-26|19:24:05.315] Initialized path database                triecache=0.00B statecache=0.00B buffer=0.00B state-history="last 90000 blocks" journal-dir=/home/CPerezz/bintrie-benchmarks/mpt-vs-bintrie/dbs/mpt/geth/triedb
INFO [03-26|19:24:05.316] 
INFO [03-26|19:24:05.316] ---------------------------------------------------------------------------------------------------------------------------------------------------------
INFO [03-26|19:24:05.316] Chain ID:  1337 (unknown)
INFO [03-26|19:24:05.316] Consensus: unknown
INFO [03-26|19:24:05.316] 
INFO [03-26|19:24:05.316] Pre-Merge hard forks (block based):
INFO [03-26|19:24:05.316]  - Homestead:                   #0       
INFO [03-26|19:24:05.316]  - Tangerine Whistle (EIP 150): #0       
INFO [03-26|19:24:05.316]  - Spurious Dragon/1 (EIP 155): #0       
INFO [03-26|19:24:05.316]  - Spurious Dragon/2 (EIP 158): #0       
INFO [03-26|19:24:05.316]  - Byzantium:                   #0       
INFO [03-26|19:24:05.316]  - Constantinople:              #0       
INFO [03-26|19:24:05.316]  - Petersburg:                  #0       
INFO [03-26|19:24:05.316]  - Istanbul:                    #0       
INFO [03-26|19:24:05.316]  - Muir Glacier:                #0       
INFO [03-26|19:24:05.316]  - Berlin:                      #0       
INFO [03-26|19:24:05.316]  - London:                      #0       
INFO [03-26|19:24:05.316]  - Arrow Glacier:               #0       
INFO [03-26|19:24:05.316]  - Gray Glacier:                #0       
INFO [03-26|19:24:05.316] 
INFO [03-26|19:24:05.316] Merge configured:
INFO [03-26|19:24:05.316]  - Total terminal difficulty:  0
INFO [03-26|19:24:05.316]  - Merge netsplit block:       #0       
INFO [03-26|19:24:05.316] 
INFO [03-26|19:24:05.316] Post-Merge hard forks (timestamp based):
INFO [03-26|19:24:05.316]  - Shanghai:                    @0         
INFO [03-26|19:24:05.316]  - Cancun:                      @0          blob: (target: 3, max: 6, fraction: 3338477)
INFO [03-26|19:24:05.316]  - Prague:                      @0          blob: (target: 6, max: 9, fraction: 5225352)
INFO [03-26|19:24:05.316]  - Osaka:                       @4294967295 blob: (target: 9, max: 12, fraction: 5225352)
INFO [03-26|19:24:05.316] 
INFO [03-26|19:24:05.316] All fork specifications can be found at https://ethereum.github.io/execution-specs/src/ethereum/forks/
INFO [03-26|19:24:05.316] 
INFO [03-26|19:24:05.316] ---------------------------------------------------------------------------------------------------------------------------------------------------------
INFO [03-26|19:24:05.316] 
INFO [03-26|19:24:05.316] Loaded most recent local block           number=64518 hash=adea0b..f2a229 age=12s
INFO [03-26|19:24:05.316] Loaded most recent local finalized block number=64512 hash=f269b6..f2777e age=1m21s
INFO [03-26|19:24:05.316] Initialized transaction indexer          range="last 2350000 blocks"
INFO [03-26|19:24:05.316] Initialized log indexer                  firstblock=0 lastblock=64518 firstmap=0 lastmap=4 headindexed=true
INFO [03-26|19:24:05.325] Enabled full-sync                        head=64518 hash=adea0b..f2a229
INFO [03-26|19:24:05.325] Unprotected transactions allowed
INFO [03-26|19:24:05.325] Gasprice oracle is ignoring threshold set threshold=2
INFO [03-26|19:24:05.325] Registered sync override service
WARN [03-26|19:24:05.325] You are running Geth in --dev mode. Please note the following:
WARN [03-26|19:24:05.325] 
WARN [03-26|19:24:05.325]   1. This mode is only intended for fast, iterative development without assumptions on
WARN [03-26|19:24:05.325]      security or persistence.
WARN [03-26|19:24:05.325]   2. The database is created in memory unless specified otherwise. Therefore, shutting down
WARN [03-26|19:24:05.325]      your computer or losing power will wipe your entire block data and chain state for
WARN [03-26|19:24:05.325]      your dev environment.
WARN [03-26|19:24:05.325]   3. A random, pre-allocated developer account will be available and unlocked as
WARN [03-26|19:24:05.325]      eth.coinbase, which can be used for testing. The random dev account is temporary,
WARN [03-26|19:24:05.325]      stored on a ramdisk, and will be lost if your machine is restarted.
WARN [03-26|19:24:05.325]   4. Mining is enabled by default. However, the client will only seal blocks if transactions
WARN [03-26|19:24:05.325]      are pending in the mempool. The miner's minimum accepted gas price is 1.
WARN [03-26|19:24:05.325]   5. Networking is disabled; there is no listen-address, the maximum number of peers is set
WARN [03-26|19:24:05.325]      to 0, and discovery is disabled.
WARN [03-26|19:24:05.325] 
INFO [03-26|19:24:05.325] Starting peer-to-peer node               instance=Geth/v1.17.2-unstable-5d0e18f7-20260325/linux-amd64/go1.24.1
WARN [03-26|19:24:05.325] P2P server will be useless, neither dialing nor listening
INFO [03-26|19:24:05.328] IPC endpoint opened                      url=/home/CPerezz/bintrie-benchmarks/mpt-vs-bintrie/dbs/mpt/geth.ipc
ERROR[03-26|19:24:05.328] Unavailable modules in HTTP API list     unavailable=[personal] available="[admin debug web3 eth txpool miner net dev testing]"
INFO [03-26|19:24:05.328] HTTP server started                      endpoint=[::]:8545 auth=false prefix= cors= vhosts=localhost
INFO [03-26|19:24:05.328] WebSocket enabled                        url=ws://[::]:8546
INFO [03-26|19:24:05.329] New local node record                    seq=1,774,465,406,109 id=9566f6e861acb2c3 ip=127.0.0.1 udp=0 tcp=0
INFO [03-26|19:24:05.329] Started P2P networking                   self=enode://7bcb27e0859fe4ed7072e298a58918cc0b55d08376b1207f77d84f6d0d34ded7448b64ab16dd00733b489383beff49c04f662afae4dd1dc102807640ff82a1cd@127.0.0.1:0
INFO [03-26|19:24:05.356] Loaded local transaction journal         transactions=603 dropped=0
INFO [03-26|19:24:06.909] Submitted contract creation              hash=0x6871bd645fc340a5027ad702683b910b6d8139762669c953c6d838ed1fd2b0f3 from=0xf39Fd6e51aad88F6F4ce6aB8827279cffFb92266 nonce=480 contract=0x4CF4dd3f71B67a7622ac250f8b10d266Dc5aEbcE value=0
INFO [03-26|19:24:06.912] Submitted transaction                    hash=0x4d3e9f4234e30172f4f91e4177e67359391cdea847c1928422202c5579aaef1c from=0xf39Fd6e51aad88F6F4ce6aB8827279cffFb92266 nonce=481 recipient=0x9B7e45b4ED8fF347647af4c35B77ad76fA5645b8 value=65,400,000,000
INFO [03-26|19:24:07.142] Started log indexer
INFO [03-26|19:24:07.148] Starting work on payload                 id=0x036419262f0d4ad3
INFO [03-26|19:24:07.156] Updated payload                          id=0x036419262f0d4ad3 number=64519 hash=575956..c18baa txs=2 withdrawals=0 gas=106,226 fees=6.851577e-11 root=3c81b7..3b02c2 elapsed=7.821ms
INFO [03-26|19:24:07.156] Stopping work on payload                 id=0x036419262f0d4ad3 reason=delivery
WARN [03-26|19:24:07.158] {"level":"warn","msg":"Slow block","block":{"number":64519,"hash":"0x57595699f5efe6aa9da5a7c77d9fae969842465674e2106bdf66fb2975c18baa","gas_used":106226,"tx_count":2},"timing":{"execution_ms":0.14472,"state_read_ms":0.074628,"state_hash_ms":0.547267,"commit_ms":0.426248,"total_ms":1.236164},"throughput":{"mgas_per_sec":85.9319637200242},"state_reads":{"accounts":11,"storage_slots":0,"code":0,"code_bytes":0},"state_writes":{"accounts":3,"accounts_deleted":0,"storage_slots":0,"storage_slots_deleted":0,"code":1,"code_bytes":149},"cache":{"account":{"hits":4,"misses":7,"hit_rate":36.36363636363637},"storage":{"hits":0,"misses":0,"hit_rate":0},"code":{"hits":0,"misses":0,"hit_rate":0,"hit_bytes":0,"miss_bytes":0}}}
INFO [03-26|19:24:07.158] Imported new potential chain segment     number=64519 hash=575956..c18baa blocks=1 txs=2 mgas=0.106 elapsed=1.500ms mgasps=70.805 triediffs=1.20MiB triedirty=0.00B
INFO [03-26|19:24:07.158] Ready for fork activation                fork=Osaka date="07 Feb 06 07:28 CET" remaining=700116h4m8s timestamp=4,294,967,295
INFO [03-26|19:24:07.159] Chain head was updated                   number=64519 hash=575956..c18baa root=3c81b7..3b02c2 elapsed="215.359µs"
INFO [03-26|19:24:07.928] Submitted transaction                    hash=0x8be30f52035ecbb1cd832fef425f766436ed89f6584196c21ed2212e6f4729ed from=0x9B7e45b4ED8fF347647af4c35B77ad76fA5645b8 nonce=0   recipient=0x4CF4dd3f71B67a7622ac250f8b10d266Dc5aEbcE value=0
INFO [03-26|19:24:17.161] Starting work on payload                 id=0x033b8c125bc37788
WARN [03-26|19:24:19.611] Block building is interrupted            allowance=2s
INFO [03-26|19:24:19.611] Updated payload                          id=0x033b8c125bc37788 number=64520 hash=52c645..a3b414 txs=1 withdrawals=0 gas=100,000,000 fees=6.46e-08     root=3d73ef..74af71 elapsed=2.450s
WARN [03-26|19:24:22.897] {"level":"warn","msg":"Slow block","block":{"number":64520,"hash":"0x52c6455de0033abe612deab035ccf1adb6dbb48bfe1b18710a3c92b887a3b414","gas_used":100000000,"tx_count":1},"timing":{"execution_ms":170.880598,"state_read_ms":3096.133072,"state_hash_ms":0.06812,"commit_ms":14.150275,"total_ms":3281.353204},"throughput":{"mgas_per_sec":30.475231949458863},"state_reads":{"accounts":8,"storage_slots":23418,"code":2,"code_bytes":1493},"state_writes":{"accounts":2,"accounts_deleted":0,"storage_slots":0,"storage_slots_deleted":0,"code":0,"code_bytes":0},"cache":{"account":{"hits":3,"misses":5,"hit_rate":37.5},"storage":{"hits":2302,"misses":21116,"hit_rate":9.830045264326587},"code":{"hits":2,"misses":0,"hit_rate":100,"hit_bytes":1493,"miss_bytes":0}}}
INFO [03-26|19:24:22.897] Imported new potential chain segment     number=64520 hash=52c645..a3b414 blocks=1 txs=1 mgas=100.000 elapsed=3.285s      mgasps=30.439 triediffs=1.20MiB triedirty=0.00B
INFO [03-26|19:24:22.899] Chain head was updated                   number=64520 hash=52c645..a3b414 root=3d73ef..74af71 elapsed="89.27µs"
WARN [03-26|19:24:23.256] Block building is interrupted            allowance=2s
INFO [03-26|19:24:23.256] Stopping work on payload                 id=0x033b8c125bc37788 reason=delivery
