INFO [03-26|19:10:52.420] Starting Geth on Ethereum mainnet...
INFO [03-26|19:10:52.421] Maximum peer count                       ETH=0 total=0
INFO [03-26|19:10:52.422] Smartcard socket not found, disabling    err="stat /run/pcscd/pcscd.comm: no such file or directory"
WARN [03-26|19:10:52.423] Option --miner.etherbase is deprecated as the etherbase is set by the consensus client post-merge
WARN [03-26|19:10:52.425] Snap sync requested, resetting --cache.snapshot
INFO [03-26|19:10:52.425] Global gas cap disabled
INFO [03-26|19:10:53.075] Using developer account                  address=0xf39Fd6e51aad88F6F4ce6aB8827279cffFb92266
INFO [03-26|19:10:53.242] Using pebble as the backing database
INFO [03-26|19:10:53.242] Allocated cache and file handles         database=/home/CPerezz/bintrie-benchmarks/mpt-vs-bintrie/dbs/mpt/geth/chaindata cache=16.00MiB handles=524,288
INFO [03-26|19:10:54.414] Opened ancient database                  database=/home/CPerezz/bintrie-benchmarks/mpt-vs-bintrie/dbs/mpt/geth/chaindata/ancient/chain readonly=true
INFO [03-26|19:10:54.414] Opened Era store                         datadir=/home/CPerezz/bintrie-benchmarks/mpt-vs-bintrie/dbs/mpt/geth/chaindata/ancient/chain/era
INFO [03-26|19:10:54.424] Initializing the KZG library             backend=gokzg
INFO [03-26|19:10:54.426] Allocated trie memory caches             clean=0.00B dirty=0.00B
INFO [03-26|19:10:54.511] Using pebble as the backing database
INFO [03-26|19:10:54.511] Allocated cache and file handles         database=/home/CPerezz/bintrie-benchmarks/mpt-vs-bintrie/dbs/mpt/geth/chaindata cache=16.00MiB handles=524,288
INFO [03-26|19:10:55.833] Opened ancient database                  database=/home/CPerezz/bintrie-benchmarks/mpt-vs-bintrie/dbs/mpt/geth/chaindata/ancient/chain readonly=false
INFO [03-26|19:10:55.833] Opened Era store                         datadir=/home/CPerezz/bintrie-benchmarks/mpt-vs-bintrie/dbs/mpt/geth/chaindata/ancient/chain/era
INFO [03-26|19:10:55.834] State scheme set to already existing     scheme=path
INFO [03-26|19:10:55.835] Initialising Ethereum protocol           network=1337 dbversion=9
INFO [03-26|19:10:55.835] Load database journal from file          path=/home/CPerezz/bintrie-benchmarks/mpt-vs-bintrie/dbs/mpt/geth/triedb/merkle.journal
INFO [03-26|19:10:55.860] Opened ancient database                  database=/home/CPerezz/bintrie-benchmarks/mpt-vs-bintrie/dbs/mpt/geth/chaindata/ancient/state readonly=false
INFO [03-26|19:10:55.861] Initialized path database                triecache=0.00B statecache=0.00B buffer=0.00B state-history="last 90000 blocks" journal-dir=/home/CPerezz/bintrie-benchmarks/mpt-vs-bintrie/dbs/mpt/geth/triedb
INFO [03-26|19:10:55.862] 
INFO [03-26|19:10:55.862] ---------------------------------------------------------------------------------------------------------------------------------------------------------
INFO [03-26|19:10:55.863] Chain ID:  1337 (unknown)
INFO [03-26|19:10:55.863] Consensus: unknown
INFO [03-26|19:10:55.863] 
INFO [03-26|19:10:55.863] Pre-Merge hard forks (block based):
INFO [03-26|19:10:55.863]  - Homestead:                   #0       
INFO [03-26|19:10:55.863]  - Tangerine Whistle (EIP 150): #0       
INFO [03-26|19:10:55.863]  - Spurious Dragon/1 (EIP 155): #0       
INFO [03-26|19:10:55.863]  - Spurious Dragon/2 (EIP 158): #0       
INFO [03-26|19:10:55.863]  - Byzantium:                   #0       
INFO [03-26|19:10:55.863]  - Constantinople:              #0       
INFO [03-26|19:10:55.863]  - Petersburg:                  #0       
INFO [03-26|19:10:55.863]  - Istanbul:                    #0       
INFO [03-26|19:10:55.863]  - Muir Glacier:                #0       
INFO [03-26|19:10:55.863]  - Berlin:                      #0       
INFO [03-26|19:10:55.863]  - London:                      #0       
INFO [03-26|19:10:55.863]  - Arrow Glacier:               #0       
INFO [03-26|19:10:55.863]  - Gray Glacier:                #0       
INFO [03-26|19:10:55.863] 
INFO [03-26|19:10:55.863] Merge configured:
INFO [03-26|19:10:55.863]  - Total terminal difficulty:  0
INFO [03-26|19:10:55.863]  - Merge netsplit block:       #0       
INFO [03-26|19:10:55.863] 
INFO [03-26|19:10:55.863] Post-Merge hard forks (timestamp based):
INFO [03-26|19:10:55.863]  - Shanghai:                    @0         
INFO [03-26|19:10:55.863]  - Cancun:                      @0          blob: (target: 3, max: 6, fraction: 3338477)
INFO [03-26|19:10:55.863]  - Prague:                      @0          blob: (target: 6, max: 9, fraction: 5225352)
INFO [03-26|19:10:55.863]  - Osaka:                       @4294967295 blob: (target: 9, max: 12, fraction: 5225352)
INFO [03-26|19:10:55.863] 
INFO [03-26|19:10:55.863] All fork specifications can be found at https://ethereum.github.io/execution-specs/src/ethereum/forks/
INFO [03-26|19:10:55.863] 
INFO [03-26|19:10:55.863] ---------------------------------------------------------------------------------------------------------------------------------------------------------
INFO [03-26|19:10:55.863] 
INFO [03-26|19:10:55.864] Loaded most recent local block           number=64450 hash=63fa9c..b2aa8b age=11s
INFO [03-26|19:10:55.864] Loaded most recent local finalized block number=64448 hash=c4e168..8b18d9 age=35s
INFO [03-26|19:10:55.864] Initialized transaction indexer          range="last 2350000 blocks"
INFO [03-26|19:10:55.864] Initialized log indexer                  firstblock=0 lastblock=64450 firstmap=0 lastmap=4 headindexed=true
INFO [03-26|19:10:55.866] Enabled full-sync                        head=64450 hash=63fa9c..b2aa8b
INFO [03-26|19:10:55.867] Unprotected transactions allowed
INFO [03-26|19:10:55.867] Gasprice oracle is ignoring threshold set threshold=2
INFO [03-26|19:10:55.867] Registered sync override service
WARN [03-26|19:10:55.867] You are running Geth in --dev mode. Please note the following:
WARN [03-26|19:10:55.867] 
WARN [03-26|19:10:55.867]   1. This mode is only intended for fast, iterative development without assumptions on
WARN [03-26|19:10:55.867]      security or persistence.
WARN [03-26|19:10:55.867]   2. The database is created in memory unless specified otherwise. Therefore, shutting down
WARN [03-26|19:10:55.867]      your computer or losing power will wipe your entire block data and chain state for
WARN [03-26|19:10:55.867]      your dev environment.
WARN [03-26|19:10:55.867]   3. A random, pre-allocated developer account will be available and unlocked as
WARN [03-26|19:10:55.867]      eth.coinbase, which can be used for testing. The random dev account is temporary,
WARN [03-26|19:10:55.867]      stored on a ramdisk, and will be lost if your machine is restarted.
WARN [03-26|19:10:55.867]   4. Mining is enabled by default. However, the client will only seal blocks if transactions
WARN [03-26|19:10:55.867]      are pending in the mempool. The miner's minimum accepted gas price is 1.
WARN [03-26|19:10:55.867]   5. Networking is disabled; there is no listen-address, the maximum number of peers is set
WARN [03-26|19:10:55.867]      to 0, and discovery is disabled.
WARN [03-26|19:10:55.867] 
INFO [03-26|19:10:55.867] Starting peer-to-peer node               instance=Geth/v1.17.2-unstable-5d0e18f7-20260325/linux-amd64/go1.24.1
WARN [03-26|19:10:55.867] P2P server will be useless, neither dialing nor listening
INFO [03-26|19:10:55.882] New local node record                    seq=1,774,465,406,075 id=9566f6e861acb2c3 ip=127.0.0.1 udp=0 tcp=0
INFO [03-26|19:10:55.882] Started P2P networking                   self=enode://7bcb27e0859fe4ed7072e298a58918cc0b55d08376b1207f77d84f6d0d34ded7448b64ab16dd00733b489383beff49c04f662afae4dd1dc102807640ff82a1cd@127.0.0.1:0
INFO [03-26|19:10:55.882] IPC endpoint opened                      url=/home/CPerezz/bintrie-benchmarks/mpt-vs-bintrie/dbs/mpt/geth.ipc
ERROR[03-26|19:10:55.882] Unavailable modules in HTTP API list     unavailable=[personal] available="[admin debug web3 eth txpool miner net dev testing]"
INFO [03-26|19:10:55.883] HTTP server started                      endpoint=[::]:8545 auth=false prefix= cors= vhosts=localhost
INFO [03-26|19:10:55.884] WebSocket enabled                        url=ws://[::]:8546
INFO [03-26|19:10:55.933] Loaded local transaction journal         transactions=501 dropped=0
INFO [03-26|19:10:57.378] Submitted contract creation              hash=0x9a250c14e6630578e1f5dcd3c6e84a94841785f82eab6add6971dfced26f417c from=0xf39Fd6e51aad88F6F4ce6aB8827279cffFb92266 nonce=412 contract=0xF85895D097B2C25946BB95C4d11E2F3c035F8f0C value=0
INFO [03-26|19:10:57.381] Submitted transaction                    hash=0xf07dba121a6c9e7de3386765b2bfa1c93b1058e56db9cd09dff24e9b57567ac5 from=0xf39Fd6e51aad88F6F4ce6aB8827279cffFb92266 nonce=413 recipient=0x21547E165faC4cC9E3dAA0a178c70fABf8364cEB value=7,800,000,000
INFO [03-26|19:10:57.722] Started log indexer
INFO [03-26|19:10:57.727] Starting work on payload                 id=0x03abb05d3d826e9d
INFO [03-26|19:10:57.734] Updated payload                          id=0x03abb05d3d826e9d number=64451 hash=590461..b8afeb txs=2 withdrawals=0 gas=106,226 fees=7.329594e-12 root=9664a0..6322a4 elapsed=6.578ms
INFO [03-26|19:10:57.734] Stopping work on payload                 id=0x03abb05d3d826e9d reason=delivery
WARN [03-26|19:10:57.737] {"level":"warn","msg":"Slow block","block":{"number":64451,"hash":"0x5904615bb5d1b3d259647dbaa342143d398ebeee91c40ddf4c524c9f98b8afeb","gas_used":106226,"tx_count":2},"timing":{"execution_ms":0.078561,"state_read_ms":0.246188,"state_hash_ms":0.363818,"commit_ms":0.427438,"total_ms":1.202124},"throughput":{"mgas_per_sec":88.3652601561902},"state_reads":{"accounts":11,"storage_slots":0,"code":0,"code_bytes":0},"state_writes":{"accounts":3,"accounts_deleted":0,"storage_slots":0,"storage_slots_deleted":0,"code":1,"code_bytes":149},"cache":{"account":{"hits":5,"misses":6,"hit_rate":45.45454545454545},"storage":{"hits":0,"misses":0,"hit_rate":0},"code":{"hits":0,"misses":0,"hit_rate":0,"hit_bytes":0,"miss_bytes":0}}}
INFO [03-26|19:10:57.737] Imported new potential chain segment     number=64451 hash=590461..b8afeb blocks=1 txs=2 mgas=0.106 elapsed=1.700ms mgasps=62.474 triediffs=1.20MiB triedirty=0.00B
INFO [03-26|19:10:57.737] Ready for fork activation                fork=Osaka date="07 Feb 06 07:28 CET" remaining=700116h17m17s timestamp=4,294,967,295
INFO [03-26|19:10:57.737] Chain head was updated                   number=64451 hash=590461..b8afeb root=9664a0..6322a4 elapsed="232.309µs"
INFO [03-26|19:10:58.395] Submitted transaction                    hash=0x4d03c9c50ce980ba979cd3d50def6382d3a43a7c452db0ddd5120472e6084e88 from=0x21547E165faC4cC9E3dAA0a178c70fABf8364cEB nonce=0   recipient=0xF85895D097B2C25946BB95C4d11E2F3c035F8f0C value=0
INFO [03-26|19:11:07.739] Starting work on payload                 id=0x03418d1a4ab91e06
WARN [03-26|19:11:10.184] Block building is interrupted            allowance=2s
INFO [03-26|19:11:10.184] Updated payload                          id=0x03418d1a4ab91e06 number=64452 hash=6d9955..a65335 txs=1 withdrawals=0 gas=100,000,000 fees=7e-09        root=17afaa..62aad5 elapsed=2.445s
WARN [03-26|19:11:13.682] {"level":"warn","msg":"Slow block","block":{"number":64452,"hash":"0x6d995577acd27a4f2e2aed30deaa91504024a175cb2307154ce116c211a65335","gas_used":100000000,"tx_count":1},"timing":{"execution_ms":178.629461,"state_read_ms":3303.103283,"state_hash_ms":0.0711,"commit_ms":13.915835,"total_ms":3495.812759},"throughput":{"mgas_per_sec":28.605651072858276},"state_reads":{"accounts":8,"storage_slots":23418,"code":2,"code_bytes":1493},"state_writes":{"accounts":2,"accounts_deleted":0,"storage_slots":0,"storage_slots_deleted":0,"code":0,"code_bytes":0},"cache":{"account":{"hits":3,"misses":5,"hit_rate":37.5},"storage":{"hits":2639,"misses":20779,"hit_rate":11.269109232214536},"code":{"hits":2,"misses":0,"hit_rate":100,"hit_bytes":1493,"miss_bytes":0}}}
INFO [03-26|19:11:13.682] Imported new potential chain segment     number=64452 hash=6d9955..a65335 blocks=1 txs=1 mgas=100.000 elapsed=3.496s      mgasps=28.597 triediffs=1.20MiB triedirty=0.00B
INFO [03-26|19:11:13.684] Chain head was updated                   number=64452 hash=6d9955..a65335 root=17afaa..62aad5 elapsed="49.25µs"
WARN [03-26|19:11:14.077] Block building is interrupted            allowance=2s
INFO [03-26|19:11:14.078] Stopping work on payload                 id=0x03418d1a4ab91e06 reason=delivery
