INFO [03-26|18:42:24.756] Starting Geth on Ethereum mainnet...
INFO [03-26|18:42:24.757] Maximum peer count                       ETH=0 total=0
INFO [03-26|18:42:24.759] Smartcard socket not found, disabling    err="stat /run/pcscd/pcscd.comm: no such file or directory"
WARN [03-26|18:42:24.760] Option --miner.etherbase is deprecated as the etherbase is set by the consensus client post-merge
WARN [03-26|18:42:24.761] Snap sync requested, resetting --cache.snapshot
INFO [03-26|18:42:24.761] Global gas cap disabled
INFO [03-26|18:42:25.402] Using developer account                  address=0xf39Fd6e51aad88F6F4ce6aB8827279cffFb92266
INFO [03-26|18:42:25.646] Using pebble as the backing database
INFO [03-26|18:42:25.646] Allocated cache and file handles         database=/home/CPerezz/bintrie-benchmarks/mpt-vs-bintrie/dbs/mpt/geth/chaindata cache=16.00MiB handles=524,288
INFO [03-26|18:42:27.864] Opened ancient database                  database=/home/CPerezz/bintrie-benchmarks/mpt-vs-bintrie/dbs/mpt/geth/chaindata/ancient/chain readonly=true
INFO [03-26|18:42:27.864] Opened Era store                         datadir=/home/CPerezz/bintrie-benchmarks/mpt-vs-bintrie/dbs/mpt/geth/chaindata/ancient/chain/era
INFO [03-26|18:42:27.873] Initializing the KZG library             backend=gokzg
INFO [03-26|18:42:27.874] Allocated trie memory caches             clean=0.00B dirty=0.00B
INFO [03-26|18:42:27.994] Using pebble as the backing database
INFO [03-26|18:42:27.994] Allocated cache and file handles         database=/home/CPerezz/bintrie-benchmarks/mpt-vs-bintrie/dbs/mpt/geth/chaindata cache=16.00MiB handles=524,288
INFO [03-26|18:42:29.358] Opened ancient database                  database=/home/CPerezz/bintrie-benchmarks/mpt-vs-bintrie/dbs/mpt/geth/chaindata/ancient/chain readonly=false
INFO [03-26|18:42:29.358] Opened Era store                         datadir=/home/CPerezz/bintrie-benchmarks/mpt-vs-bintrie/dbs/mpt/geth/chaindata/ancient/chain/era
INFO [03-26|18:42:29.359] State scheme set to already existing     scheme=path
INFO [03-26|18:42:29.361] Initialising Ethereum protocol           network=1337 dbversion=9
INFO [03-26|18:42:29.361] Load database journal from file          path=/home/CPerezz/bintrie-benchmarks/mpt-vs-bintrie/dbs/mpt/geth/triedb/merkle.journal
INFO [03-26|18:42:29.376] Opened ancient database                  database=/home/CPerezz/bintrie-benchmarks/mpt-vs-bintrie/dbs/mpt/geth/chaindata/ancient/state readonly=false
INFO [03-26|18:42:29.377] Initialized path database                triecache=0.00B statecache=0.00B buffer=0.00B state-history="last 90000 blocks" journal-dir=/home/CPerezz/bintrie-benchmarks/mpt-vs-bintrie/dbs/mpt/geth/triedb
INFO [03-26|18:42:29.377] 
INFO [03-26|18:42:29.377] ---------------------------------------------------------------------------------------------------------------------------------------------------------
INFO [03-26|18:42:29.377] Chain ID:  1337 (unknown)
INFO [03-26|18:42:29.377] Consensus: unknown
INFO [03-26|18:42:29.377] 
INFO [03-26|18:42:29.377] Pre-Merge hard forks (block based):
INFO [03-26|18:42:29.377]  - Homestead:                   #0       
INFO [03-26|18:42:29.377]  - Tangerine Whistle (EIP 150): #0       
INFO [03-26|18:42:29.377]  - Spurious Dragon/1 (EIP 155): #0       
INFO [03-26|18:42:29.377]  - Spurious Dragon/2 (EIP 158): #0       
INFO [03-26|18:42:29.377]  - Byzantium:                   #0       
INFO [03-26|18:42:29.377]  - Constantinople:              #0       
INFO [03-26|18:42:29.377]  - Petersburg:                  #0       
INFO [03-26|18:42:29.377]  - Istanbul:                    #0       
INFO [03-26|18:42:29.377]  - Muir Glacier:                #0       
INFO [03-26|18:42:29.377]  - Berlin:                      #0       
INFO [03-26|18:42:29.377]  - London:                      #0       
INFO [03-26|18:42:29.377]  - Arrow Glacier:               #0       
INFO [03-26|18:42:29.377]  - Gray Glacier:                #0       
INFO [03-26|18:42:29.377] 
INFO [03-26|18:42:29.377] Merge configured:
INFO [03-26|18:42:29.377]  - Total terminal difficulty:  0
INFO [03-26|18:42:29.377]  - Merge netsplit block:       #0       
INFO [03-26|18:42:29.377] 
INFO [03-26|18:42:29.377] Post-Merge hard forks (timestamp based):
INFO [03-26|18:42:29.377]  - Shanghai:                    @0         
INFO [03-26|18:42:29.377]  - Cancun:                      @0          blob: (target: 3, max: 6, fraction: 3338477)
INFO [03-26|18:42:29.377]  - Prague:                      @0          blob: (target: 6, max: 9, fraction: 5225352)
INFO [03-26|18:42:29.377]  - Osaka:                       @4294967295 blob: (target: 9, max: 12, fraction: 5225352)
INFO [03-26|18:42:29.377] 
INFO [03-26|18:42:29.377] All fork specifications can be found at https://ethereum.github.io/execution-specs/src/ethereum/forks/
INFO [03-26|18:42:29.377] 
INFO [03-26|18:42:29.377] ---------------------------------------------------------------------------------------------------------------------------------------------------------
INFO [03-26|18:42:29.377] 
INFO [03-26|18:42:29.378] Loaded most recent local block           number=64308 hash=382fec..0c7ae4 age=16s
INFO [03-26|18:42:29.378] Loaded most recent local finalized block number=64288 hash=0e90f3..4dcb07 age=4m19s
INFO [03-26|18:42:29.379] Initialized transaction indexer          range="last 2350000 blocks"
INFO [03-26|18:42:29.379] Initialized log indexer                  firstblock=0 lastblock=64308 firstmap=0 lastmap=4 headindexed=true
INFO [03-26|18:42:29.394] Enabled full-sync                        head=64308 hash=382fec..0c7ae4
INFO [03-26|18:42:29.394] Unprotected transactions allowed
INFO [03-26|18:42:29.394] Gasprice oracle is ignoring threshold set threshold=2
INFO [03-26|18:42:29.394] Registered sync override service
WARN [03-26|18:42:29.394] You are running Geth in --dev mode. Please note the following:
WARN [03-26|18:42:29.394] 
WARN [03-26|18:42:29.394]   1. This mode is only intended for fast, iterative development without assumptions on
WARN [03-26|18:42:29.394]      security or persistence.
WARN [03-26|18:42:29.394]   2. The database is created in memory unless specified otherwise. Therefore, shutting down
WARN [03-26|18:42:29.394]      your computer or losing power will wipe your entire block data and chain state for
WARN [03-26|18:42:29.394]      your dev environment.
WARN [03-26|18:42:29.394]   3. A random, pre-allocated developer account will be available and unlocked as
WARN [03-26|18:42:29.394]      eth.coinbase, which can be used for testing. The random dev account is temporary,
WARN [03-26|18:42:29.394]      stored on a ramdisk, and will be lost if your machine is restarted.
WARN [03-26|18:42:29.394]   4. Mining is enabled by default. However, the client will only seal blocks if transactions
WARN [03-26|18:42:29.394]      are pending in the mempool. The miner's minimum accepted gas price is 1.
WARN [03-26|18:42:29.394]   5. Networking is disabled; there is no listen-address, the maximum number of peers is set
WARN [03-26|18:42:29.394]      to 0, and discovery is disabled.
WARN [03-26|18:42:29.394] 
INFO [03-26|18:42:29.394] Starting peer-to-peer node               instance=Geth/v1.17.2-unstable-5d0e18f7-20260325/linux-amd64/go1.24.1
WARN [03-26|18:42:29.394] P2P server will be useless, neither dialing nor listening
INFO [03-26|18:42:29.402] IPC endpoint opened                      url=/home/CPerezz/bintrie-benchmarks/mpt-vs-bintrie/dbs/mpt/geth.ipc
ERROR[03-26|18:42:29.402] Unavailable modules in HTTP API list     unavailable=[personal] available="[admin debug web3 eth txpool miner net dev testing]"
INFO [03-26|18:42:29.403] HTTP server started                      endpoint=[::]:8545 auth=false prefix= cors= vhosts=localhost
INFO [03-26|18:42:29.403] WebSocket enabled                        url=ws://[::]:8546
INFO [03-26|18:42:29.404] New local node record                    seq=1,774,465,406,018 id=9566f6e861acb2c3 ip=127.0.0.1 udp=0 tcp=0
INFO [03-26|18:42:29.404] Started P2P networking                   self=enode://7bcb27e0859fe4ed7072e298a58918cc0b55d08376b1207f77d84f6d0d34ded7448b64ab16dd00733b489383beff49c04f662afae4dd1dc102807640ff82a1cd@127.0.0.1:0
INFO [03-26|18:42:29.419] Loaded local transaction journal         transactions=330 dropped=0
INFO [03-26|18:42:30.457] Started log indexer
INFO [03-26|18:42:30.467] Starting work on payload                 id=0x03df9a24cc25cb6a
INFO [03-26|18:42:30.467] Updated payload                          id=0x03df9a24cc25cb6a number=64309 hash=f31a6f..453802 txs=0 withdrawals=0 gas=0 fees=0 root=1addc7..044751 elapsed="302.558µs"
INFO [03-26|18:42:30.467] Stopping work on payload                 id=0x03df9a24cc25cb6a reason=delivery
WARN [03-26|18:42:30.472] {"level":"warn","msg":"Slow block","block":{"number":64309,"hash":"0xf31a6f62f9ae2c3cda7478872c21b930fc6aa264a3b179b5c326bd213e453802","gas_used":0,"tx_count":0},"timing":{"execution_ms":0.014519,"state_read_ms":0.11799,"state_hash_ms":0.00339,"commit_ms":0.070009,"total_ms":0.25638},"throughput":{"mgas_per_sec":0},"state_reads":{"accounts":4,"storage_slots":0,"code":0,"code_bytes":0},"state_writes":{"accounts":0,"accounts_deleted":0,"storage_slots":0,"storage_slots_deleted":0,"code":0,"code_bytes":0},"cache":{"account":{"hits":0,"misses":4,"hit_rate":0},"storage":{"hits":0,"misses":0,"hit_rate":0},"code":{"hits":0,"misses":0,"hit_rate":0,"hit_bytes":0,"miss_bytes":0}}}
INFO [03-26|18:42:30.472] Imported new potential chain segment     number=64309 hash=f31a6f..453802 blocks=1 txs=0 mgas=0.000 elapsed=4.082ms     mgasps=0.000 triediffs=1.20MiB triedirty=0.00B
INFO [03-26|18:42:30.472] Ready for fork activation                fork=Osaka date="07 Feb 06 07:28 CET" remaining=700116h45m45s timestamp=4,294,967,295
INFO [03-26|18:42:30.472] Chain head was updated                   number=64309 hash=f31a6f..453802 root=1addc7..044751 elapsed="31.93µs"
INFO [03-26|18:42:31.042] Submitted contract creation              hash=0x382453ef564ee2a454929b5c4f5e835c94810760deb6171973c3675ca7e9b93f from=0xf39Fd6e51aad88F6F4ce6aB8827279cffFb92266 nonce=298 contract=0x70E5370b8981Abc6e14C91F4AcE823954EFC8eA3 value=0
INFO [03-26|18:42:31.045] Submitted transaction                    hash=0xab75fe62811a53a07190a65f8fca29cf27de6e16fec93e614cd083c174756be7 from=0xf39Fd6e51aad88F6F4ce6aB8827279cffFb92266 nonce=299 recipient=0x5b46cdA107395088F3Fb9bF470e1DFd594904a6a value=1,600,000,000
INFO [03-26|18:42:40.475] Starting work on payload                 id=0x03571743ec509c7d
INFO [03-26|18:42:40.483] Updated payload                          id=0x03571743ec509c7d number=64310 hash=c75eee..30a2ba txs=2 withdrawals=0 gas=106,226 fees=8.49808e-13 root=e8737b..3daee0 elapsed=8.141ms
INFO [03-26|18:42:40.483] Stopping work on payload                 id=0x03571743ec509c7d reason=delivery
WARN [03-26|18:42:40.487] {"level":"warn","msg":"Slow block","block":{"number":64310,"hash":"0xc75eee00e822eb0a88eafa4cca982ed423ad9469702dacfb9eee9f410930a2ba","gas_used":106226,"tx_count":2},"timing":{"execution_ms":0.050128,"state_read_ms":0.119551,"state_hash_ms":1.066415,"commit_ms":1.902,"total_ms":3.177584},"throughput":{"mgas_per_sec":33.42980075428376},"state_reads":{"accounts":11,"storage_slots":0,"code":0,"code_bytes":0},"state_writes":{"accounts":3,"accounts_deleted":0,"storage_slots":0,"storage_slots_deleted":0,"code":1,"code_bytes":149},"cache":{"account":{"hits":4,"misses":7,"hit_rate":36.36363636363637},"storage":{"hits":0,"misses":0,"hit_rate":0},"code":{"hits":0,"misses":0,"hit_rate":0,"hit_bytes":0,"miss_bytes":0}}}
INFO [03-26|18:42:40.487] Imported new potential chain segment     number=64310 hash=c75eee..30a2ba blocks=1 txs=2 mgas=0.106 elapsed=3.389ms     mgasps=31.338 triediffs=1.20MiB triedirty=0.00B
INFO [03-26|18:42:40.488] Chain head was updated                   number=64310 hash=c75eee..30a2ba root=e8737b..3daee0 elapsed="271.258µs"
INFO [03-26|18:42:41.130] Submitted transaction                    hash=0x9c32d6861b8027d72465012847e4f6dda2cde185a468a8c47798d5edd1cbcfe7 from=0x5b46cdA107395088F3Fb9bF470e1DFd594904a6a nonce=0   recipient=0x70E5370b8981Abc6e14C91F4AcE823954EFC8eA3 value=0
INFO [03-26|18:42:50.490] Starting work on payload                 id=0x03e0abc15cd55dc1
WARN [03-26|18:42:55.436] Block building is interrupted            allowance=2s
INFO [03-26|18:42:55.437] Updated payload                          id=0x03e0abc15cd55dc1 number=64311 hash=a3ae52..ecdd4a txs=1 withdrawals=0 gas=100,000,000 fees=8e-10       root=9d5380..09caf9 elapsed=4.946s
WARN [03-26|18:42:58.899] Block building is interrupted            allowance=2s
INFO [03-26|18:42:58.899] Stopping work on payload                 id=0x03e0abc15cd55dc1 reason=delivery
WARN [03-26|18:42:58.918] {"level":"warn","msg":"Slow block","block":{"number":64311,"hash":"0xa3ae52034694e24d11cc85e0b38e421e3e3bca2d5514719a780a61562decdd4a","gas_used":100000000,"tx_count":1},"timing":{"execution_ms":176.973425,"state_read_ms":3283.487018,"state_hash_ms":0.080278,"commit_ms":18.920785,"total_ms":3479.559666},"throughput":{"mgas_per_sec":28.739268642850167},"state_reads":{"accounts":8,"storage_slots":23418,"code":2,"code_bytes":1493},"state_writes":{"accounts":2,"accounts_deleted":0,"storage_slots":0,"storage_slots_deleted":0,"code":0,"code_bytes":0},"cache":{"account":{"hits":3,"misses":5,"hit_rate":37.5},"storage":{"hits":1472,"misses":21946,"hit_rate":6.285763088222734},"code":{"hits":2,"misses":0,"hit_rate":100,"hit_bytes":1493,"miss_bytes":0}}}
INFO [03-26|18:42:58.918] Imported new potential chain segment     number=64311 hash=a3ae52..ecdd4a blocks=1 txs=1 mgas=100.000 elapsed=3.480s      mgasps=28.731 triediffs=1.20MiB triedirty=0.00B
INFO [03-26|18:42:58.919] Chain head was updated                   number=64311 hash=a3ae52..ecdd4a root=9d5380..09caf9 elapsed="45.74µs"
