INFO [03-26|18:44:52.999] Starting Geth on Ethereum mainnet...
INFO [03-26|18:44:53.000] Maximum peer count                       ETH=0 total=0
INFO [03-26|18:44:53.001] Smartcard socket not found, disabling    err="stat /run/pcscd/pcscd.comm: no such file or directory"
WARN [03-26|18:44:53.002] Option --miner.etherbase is deprecated as the etherbase is set by the consensus client post-merge
WARN [03-26|18:44:53.003] Snap sync requested, resetting --cache.snapshot
INFO [03-26|18:44:53.003] Global gas cap disabled
INFO [03-26|18:44:53.647] Using developer account                  address=0xf39Fd6e51aad88F6F4ce6aB8827279cffFb92266
INFO [03-26|18:44:53.890] Using pebble as the backing database
INFO [03-26|18:44:53.890] Allocated cache and file handles         database=/home/CPerezz/bintrie-benchmarks/mpt-vs-bintrie/dbs/mpt/geth/chaindata cache=16.00MiB handles=524,288
INFO [03-26|18:44:56.089] Opened ancient database                  database=/home/CPerezz/bintrie-benchmarks/mpt-vs-bintrie/dbs/mpt/geth/chaindata/ancient/chain readonly=true
INFO [03-26|18:44:56.089] Opened Era store                         datadir=/home/CPerezz/bintrie-benchmarks/mpt-vs-bintrie/dbs/mpt/geth/chaindata/ancient/chain/era
INFO [03-26|18:44:56.102] Initializing the KZG library             backend=gokzg
INFO [03-26|18:44:56.103] Allocated trie memory caches             clean=0.00B dirty=0.00B
INFO [03-26|18:44:56.181] Using pebble as the backing database
INFO [03-26|18:44:56.181] Allocated cache and file handles         database=/home/CPerezz/bintrie-benchmarks/mpt-vs-bintrie/dbs/mpt/geth/chaindata cache=16.00MiB handles=524,288
INFO [03-26|18:44:57.467] Opened ancient database                  database=/home/CPerezz/bintrie-benchmarks/mpt-vs-bintrie/dbs/mpt/geth/chaindata/ancient/chain readonly=false
INFO [03-26|18:44:57.467] Opened Era store                         datadir=/home/CPerezz/bintrie-benchmarks/mpt-vs-bintrie/dbs/mpt/geth/chaindata/ancient/chain/era
INFO [03-26|18:44:57.471] State scheme set to already existing     scheme=path
INFO [03-26|18:44:57.473] Initialising Ethereum protocol           network=1337 dbversion=9
INFO [03-26|18:44:57.473] Load database journal from file          path=/home/CPerezz/bintrie-benchmarks/mpt-vs-bintrie/dbs/mpt/geth/triedb/merkle.journal
INFO [03-26|18:44:57.500] Opened ancient database                  database=/home/CPerezz/bintrie-benchmarks/mpt-vs-bintrie/dbs/mpt/geth/chaindata/ancient/state readonly=false
INFO [03-26|18:44:57.502] Initialized path database                triecache=0.00B statecache=0.00B buffer=0.00B state-history="last 90000 blocks" journal-dir=/home/CPerezz/bintrie-benchmarks/mpt-vs-bintrie/dbs/mpt/geth/triedb
INFO [03-26|18:44:57.502] 
INFO [03-26|18:44:57.502] ---------------------------------------------------------------------------------------------------------------------------------------------------------
INFO [03-26|18:44:57.502] Chain ID:  1337 (unknown)
INFO [03-26|18:44:57.502] Consensus: unknown
INFO [03-26|18:44:57.502] 
INFO [03-26|18:44:57.502] Pre-Merge hard forks (block based):
INFO [03-26|18:44:57.502]  - Homestead:                   #0       
INFO [03-26|18:44:57.502]  - Tangerine Whistle (EIP 150): #0       
INFO [03-26|18:44:57.502]  - Spurious Dragon/1 (EIP 155): #0       
INFO [03-26|18:44:57.502]  - Spurious Dragon/2 (EIP 158): #0       
INFO [03-26|18:44:57.502]  - Byzantium:                   #0       
INFO [03-26|18:44:57.502]  - Constantinople:              #0       
INFO [03-26|18:44:57.502]  - Petersburg:                  #0       
INFO [03-26|18:44:57.502]  - Istanbul:                    #0       
INFO [03-26|18:44:57.502]  - Muir Glacier:                #0       
INFO [03-26|18:44:57.502]  - Berlin:                      #0       
INFO [03-26|18:44:57.502]  - London:                      #0       
INFO [03-26|18:44:57.502]  - Arrow Glacier:               #0       
INFO [03-26|18:44:57.502]  - Gray Glacier:                #0       
INFO [03-26|18:44:57.502] 
INFO [03-26|18:44:57.502] Merge configured:
INFO [03-26|18:44:57.502]  - Total terminal difficulty:  0
INFO [03-26|18:44:57.502]  - Merge netsplit block:       #0       
INFO [03-26|18:44:57.502] 
INFO [03-26|18:44:57.502] Post-Merge hard forks (timestamp based):
INFO [03-26|18:44:57.502]  - Shanghai:                    @0         
INFO [03-26|18:44:57.502]  - Cancun:                      @0          blob: (target: 3, max: 6, fraction: 3338477)
INFO [03-26|18:44:57.502]  - Prague:                      @0          blob: (target: 6, max: 9, fraction: 5225352)
INFO [03-26|18:44:57.502]  - Osaka:                       @4294967295 blob: (target: 9, max: 12, fraction: 5225352)
INFO [03-26|18:44:57.502] 
INFO [03-26|18:44:57.502] All fork specifications can be found at https://ethereum.github.io/execution-specs/src/ethereum/forks/
INFO [03-26|18:44:57.502] 
INFO [03-26|18:44:57.502] ---------------------------------------------------------------------------------------------------------------------------------------------------------
INFO [03-26|18:44:57.502] 
INFO [03-26|18:44:57.502] Loaded most recent local block           number=64320 hash=e9222e..03866f age=16s
INFO [03-26|18:44:57.502] Loaded most recent local finalized block number=64320 hash=e9222e..03866f age=16s
INFO [03-26|18:44:57.503] Initialized transaction indexer          range="last 2350000 blocks"
INFO [03-26|18:44:57.503] Initialized log indexer                  firstblock=0 lastblock=64320 firstmap=0 lastmap=4 headindexed=true
INFO [03-26|18:44:57.510] Enabled full-sync                        head=64320 hash=e9222e..03866f
INFO [03-26|18:44:57.510] Unprotected transactions allowed
INFO [03-26|18:44:57.510] Gasprice oracle is ignoring threshold set threshold=2
INFO [03-26|18:44:57.511] Registered sync override service
WARN [03-26|18:44:57.511] You are running Geth in --dev mode. Please note the following:
WARN [03-26|18:44:57.511] 
WARN [03-26|18:44:57.511]   1. This mode is only intended for fast, iterative development without assumptions on
WARN [03-26|18:44:57.511]      security or persistence.
WARN [03-26|18:44:57.511]   2. The database is created in memory unless specified otherwise. Therefore, shutting down
WARN [03-26|18:44:57.511]      your computer or losing power will wipe your entire block data and chain state for
WARN [03-26|18:44:57.511]      your dev environment.
WARN [03-26|18:44:57.511]   3. A random, pre-allocated developer account will be available and unlocked as
WARN [03-26|18:44:57.511]      eth.coinbase, which can be used for testing. The random dev account is temporary,
WARN [03-26|18:44:57.511]      stored on a ramdisk, and will be lost if your machine is restarted.
WARN [03-26|18:44:57.511]   4. Mining is enabled by default. However, the client will only seal blocks if transactions
WARN [03-26|18:44:57.511]      are pending in the mempool. The miner's minimum accepted gas price is 1.
WARN [03-26|18:44:57.511]   5. Networking is disabled; there is no listen-address, the maximum number of peers is set
WARN [03-26|18:44:57.511]      to 0, and discovery is disabled.
WARN [03-26|18:44:57.511] 
INFO [03-26|18:44:57.511] Starting peer-to-peer node               instance=Geth/v1.17.2-unstable-5d0e18f7-20260325/linux-amd64/go1.24.1
WARN [03-26|18:44:57.511] P2P server will be useless, neither dialing nor listening
INFO [03-26|18:44:57.516] IPC endpoint opened                      url=/home/CPerezz/bintrie-benchmarks/mpt-vs-bintrie/dbs/mpt/geth.ipc
ERROR[03-26|18:44:57.516] Unavailable modules in HTTP API list     unavailable=[personal] available="[admin debug web3 eth txpool miner net dev testing]"
INFO [03-26|18:44:57.516] HTTP server started                      endpoint=[::]:8545 auth=false prefix= cors= vhosts=localhost
INFO [03-26|18:44:57.516] WebSocket enabled                        url=ws://[::]:8546
INFO [03-26|18:44:57.516] New local node record                    seq=1,774,465,406,022 id=9566f6e861acb2c3 ip=127.0.0.1 udp=0 tcp=0
INFO [03-26|18:44:57.516] Started P2P networking                   self=enode://7bcb27e0859fe4ed7072e298a58918cc0b55d08376b1207f77d84f6d0d34ded7448b64ab16dd00733b489383beff49c04f662afae4dd1dc102807640ff82a1cd@127.0.0.1:0
INFO [03-26|18:44:57.532] Loaded local transaction journal         transactions=342 dropped=0
INFO [03-26|18:44:58.535] Started log indexer
INFO [03-26|18:44:58.544] Starting work on payload                 id=0x03ab263a6e88fc93
INFO [03-26|18:44:58.544] Updated payload                          id=0x03ab263a6e88fc93 number=64321 hash=f569b4..c933b4 txs=0 withdrawals=0 gas=0 fees=0 root=ff6800..ae1c77 elapsed="171.339µs"
INFO [03-26|18:44:58.544] Stopping work on payload                 id=0x03ab263a6e88fc93 reason=delivery
WARN [03-26|18:44:58.549] {"level":"warn","msg":"Slow block","block":{"number":64321,"hash":"0xf569b43a46f291c37d27c48d0bbe1be98bd9ddb2f695471a30c2f6888bc933b4","gas_used":0,"tx_count":0},"timing":{"execution_ms":0.037452,"state_read_ms":0.915841,"state_hash_ms":0.0158,"commit_ms":0.111579,"total_ms":1.178561},"throughput":{"mgas_per_sec":0},"state_reads":{"accounts":4,"storage_slots":0,"code":0,"code_bytes":0},"state_writes":{"accounts":0,"accounts_deleted":0,"storage_slots":0,"storage_slots_deleted":0,"code":0,"code_bytes":0},"cache":{"account":{"hits":0,"misses":4,"hit_rate":0},"storage":{"hits":0,"misses":0,"hit_rate":0},"code":{"hits":0,"misses":0,"hit_rate":0,"hit_bytes":0,"miss_bytes":0}}}
INFO [03-26|18:44:58.549] Imported new potential chain segment     number=64321 hash=f569b4..c933b4 blocks=1 txs=0 mgas=0.000 elapsed=4.553ms     mgasps=0.000 triediffs=1.20MiB triedirty=0.00B
INFO [03-26|18:44:58.550] Ready for fork activation                fork=Osaka date="07 Feb 06 07:28 CET" remaining=700116h43m16s timestamp=4,294,967,295
INFO [03-26|18:44:58.550] Chain head was updated                   number=64321 hash=f569b4..c933b4 root=ff6800..ae1c77 elapsed="56.37µs"
INFO [03-26|18:44:59.286] Submitted contract creation              hash=0xa4d0a97de8462115c13c424167a1249cfb3fa8ff27cbe2b2a5c645e417d02eee from=0xf39Fd6e51aad88F6F4ce6aB8827279cffFb92266 nonce=306 contract=0x2A590C461Db46bca129E8dBe5C3998A8fF402e76 value=0
INFO [03-26|18:44:59.288] Submitted transaction                    hash=0x42b7b1a55da305462a722a6e57556aedf773e828590055c8bf035418abc7202f from=0xf39Fd6e51aad88F6F4ce6aB8827279cffFb92266 nonce=307 recipient=0xcc5B32AeBFb1560950B816c3A15C0C885B3d5382 value=1,600,000,000
INFO [03-26|18:45:08.553] Starting work on payload                 id=0x035e70103368eeed
INFO [03-26|18:45:08.560] Updated payload                          id=0x035e70103368eeed number=64322 hash=94e071..4186e0 txs=2 withdrawals=0 gas=106,226 fees=8.49808e-13 root=4c6f41..30daf9 elapsed=6.802ms
INFO [03-26|18:45:08.560] Stopping work on payload                 id=0x035e70103368eeed reason=delivery
WARN [03-26|18:45:08.563] {"level":"warn","msg":"Slow block","block":{"number":64322,"hash":"0x94e07152e904658383d74317fc000b25065978dfa6cd52ed82cb05c2d24186e0","gas_used":106226,"tx_count":2},"timing":{"execution_ms":0.122839,"state_read_ms":0.600085,"state_hash_ms":0.248898,"commit_ms":1.341269,"total_ms":2.445461},"throughput":{"mgas_per_sec":43.438026613387},"state_reads":{"accounts":11,"storage_slots":0,"code":0,"code_bytes":0},"state_writes":{"accounts":3,"accounts_deleted":0,"storage_slots":0,"storage_slots_deleted":0,"code":1,"code_bytes":149},"cache":{"account":{"hits":6,"misses":5,"hit_rate":54.54545454545454},"storage":{"hits":0,"misses":0,"hit_rate":0},"code":{"hits":0,"misses":0,"hit_rate":0,"hit_bytes":0,"miss_bytes":0}}}
INFO [03-26|18:45:08.563] Imported new potential chain segment     number=64322 hash=94e071..4186e0 blocks=1 txs=2 mgas=0.106 elapsed=2.776ms     mgasps=38.259 triediffs=1.20MiB triedirty=0.00B
INFO [03-26|18:45:08.563] Chain head was updated                   number=64322 hash=94e071..4186e0 root=4c6f41..30daf9 elapsed="211.638µs"
INFO [03-26|18:45:09.347] Submitted transaction                    hash=0x04c6a4fc732e5a0281b82f28c98e9bd39b8fa081a0caeb51b1305811f58c3bb4 from=0xcc5B32AeBFb1560950B816c3A15C0C885B3d5382 nonce=0   recipient=0x2A590C461Db46bca129E8dBe5C3998A8fF402e76 value=0
INFO [03-26|18:45:18.565] Starting work on payload                 id=0x037d60d9e446b92e
WARN [03-26|18:45:23.399] Block building is interrupted            allowance=2s
INFO [03-26|18:45:23.400] Updated payload                          id=0x037d60d9e446b92e number=64323 hash=f45609..e34698 txs=1 withdrawals=0 gas=100,000,000 fees=8e-10       root=5131f3..8eb823 elapsed=4.834s
WARN [03-26|18:45:26.687] Block building is interrupted            allowance=2s
INFO [03-26|18:45:26.687] Stopping work on payload                 id=0x037d60d9e446b92e reason=delivery
WARN [03-26|18:45:26.704] {"level":"warn","msg":"Slow block","block":{"number":64323,"hash":"0xf45609a5575c877a6532bb338566b555bd5a00689a6e9560680f67726fe34698","gas_used":100000000,"tx_count":1},"timing":{"execution_ms":177.9941,"state_read_ms":3105.69079,"state_hash_ms":0.069769,"commit_ms":18.548991,"total_ms":3302.397921},"throughput":{"mgas_per_sec":30.281026815120747},"state_reads":{"accounts":8,"storage_slots":23418,"code":2,"code_bytes":1493},"state_writes":{"accounts":2,"accounts_deleted":0,"storage_slots":0,"storage_slots_deleted":0,"code":0,"code_bytes":0},"cache":{"account":{"hits":3,"misses":5,"hit_rate":37.5},"storage":{"hits":1705,"misses":21713,"hit_rate":7.280724229225383},"code":{"hits":2,"misses":0,"hit_rate":100,"hit_bytes":1493,"miss_bytes":0}}}
INFO [03-26|18:45:26.704] Imported new potential chain segment     number=64323 hash=f45609..e34698 blocks=1 txs=1 mgas=100.000 elapsed=3.303s      mgasps=30.271 triediffs=1.20MiB triedirty=0.00B
INFO [03-26|18:45:26.706] Chain head was updated                   number=64323 hash=f45609..e34698 root=5131f3..8eb823 elapsed="49.03µs"
