INFO [03-26|18:54:08.645] Starting Geth on Ethereum mainnet...
INFO [03-26|18:54:08.646] Maximum peer count                       ETH=0 total=0
INFO [03-26|18:54:08.647] Smartcard socket not found, disabling    err="stat /run/pcscd/pcscd.comm: no such file or directory"
WARN [03-26|18:54:08.648] Option --miner.etherbase is deprecated as the etherbase is set by the consensus client post-merge
WARN [03-26|18:54:08.650] Snap sync requested, resetting --cache.snapshot
INFO [03-26|18:54:08.651] Global gas cap disabled
INFO [03-26|18:54:09.295] Using developer account                  address=0xf39Fd6e51aad88F6F4ce6aB8827279cffFb92266
INFO [03-26|18:54:09.539] Using pebble as the backing database
INFO [03-26|18:54:09.539] Allocated cache and file handles         database=/home/CPerezz/bintrie-benchmarks/mpt-vs-bintrie/dbs/mpt/geth/chaindata cache=16.00MiB handles=524,288
INFO [03-26|18:54:11.767] Opened ancient database                  database=/home/CPerezz/bintrie-benchmarks/mpt-vs-bintrie/dbs/mpt/geth/chaindata/ancient/chain readonly=true
INFO [03-26|18:54:11.767] Opened Era store                         datadir=/home/CPerezz/bintrie-benchmarks/mpt-vs-bintrie/dbs/mpt/geth/chaindata/ancient/chain/era
INFO [03-26|18:54:11.776] Initializing the KZG library             backend=gokzg
INFO [03-26|18:54:11.777] Allocated trie memory caches             clean=0.00B dirty=0.00B
INFO [03-26|18:54:11.874] Using pebble as the backing database
INFO [03-26|18:54:11.874] Allocated cache and file handles         database=/home/CPerezz/bintrie-benchmarks/mpt-vs-bintrie/dbs/mpt/geth/chaindata cache=16.00MiB handles=524,288
INFO [03-26|18:54:13.170] Opened ancient database                  database=/home/CPerezz/bintrie-benchmarks/mpt-vs-bintrie/dbs/mpt/geth/chaindata/ancient/chain readonly=false
INFO [03-26|18:54:13.170] Opened Era store                         datadir=/home/CPerezz/bintrie-benchmarks/mpt-vs-bintrie/dbs/mpt/geth/chaindata/ancient/chain/era
INFO [03-26|18:54:13.172] State scheme set to already existing     scheme=path
INFO [03-26|18:54:13.174] Initialising Ethereum protocol           network=1337 dbversion=9
INFO [03-26|18:54:13.174] Load database journal from file          path=/home/CPerezz/bintrie-benchmarks/mpt-vs-bintrie/dbs/mpt/geth/triedb/merkle.journal
INFO [03-26|18:54:13.191] Opened ancient database                  database=/home/CPerezz/bintrie-benchmarks/mpt-vs-bintrie/dbs/mpt/geth/chaindata/ancient/state readonly=false
INFO [03-26|18:54:13.198] Initialized path database                triecache=0.00B statecache=0.00B buffer=0.00B state-history="last 90000 blocks" journal-dir=/home/CPerezz/bintrie-benchmarks/mpt-vs-bintrie/dbs/mpt/geth/triedb
INFO [03-26|18:54:13.198] 
INFO [03-26|18:54:13.198] ---------------------------------------------------------------------------------------------------------------------------------------------------------
INFO [03-26|18:54:13.198] Chain ID:  1337 (unknown)
INFO [03-26|18:54:13.198] Consensus: unknown
INFO [03-26|18:54:13.198] 
INFO [03-26|18:54:13.198] Pre-Merge hard forks (block based):
INFO [03-26|18:54:13.198]  - Homestead:                   #0       
INFO [03-26|18:54:13.198]  - Tangerine Whistle (EIP 150): #0       
INFO [03-26|18:54:13.198]  - Spurious Dragon/1 (EIP 155): #0       
INFO [03-26|18:54:13.198]  - Spurious Dragon/2 (EIP 158): #0       
INFO [03-26|18:54:13.198]  - Byzantium:                   #0       
INFO [03-26|18:54:13.198]  - Constantinople:              #0       
INFO [03-26|18:54:13.198]  - Petersburg:                  #0       
INFO [03-26|18:54:13.198]  - Istanbul:                    #0       
INFO [03-26|18:54:13.198]  - Muir Glacier:                #0       
INFO [03-26|18:54:13.198]  - Berlin:                      #0       
INFO [03-26|18:54:13.198]  - London:                      #0       
INFO [03-26|18:54:13.198]  - Arrow Glacier:               #0       
INFO [03-26|18:54:13.198]  - Gray Glacier:                #0       
INFO [03-26|18:54:13.198] 
INFO [03-26|18:54:13.198] Merge configured:
INFO [03-26|18:54:13.198]  - Total terminal difficulty:  0
INFO [03-26|18:54:13.198]  - Merge netsplit block:       #0       
INFO [03-26|18:54:13.198] 
INFO [03-26|18:54:13.198] Post-Merge hard forks (timestamp based):
INFO [03-26|18:54:13.198]  - Shanghai:                    @0         
INFO [03-26|18:54:13.198]  - Cancun:                      @0          blob: (target: 3, max: 6, fraction: 3338477)
INFO [03-26|18:54:13.198]  - Prague:                      @0          blob: (target: 6, max: 9, fraction: 5225352)
INFO [03-26|18:54:13.198]  - Osaka:                       @4294967295 blob: (target: 9, max: 12, fraction: 5225352)
INFO [03-26|18:54:13.198] 
INFO [03-26|18:54:13.198] All fork specifications can be found at https://ethereum.github.io/execution-specs/src/ethereum/forks/
INFO [03-26|18:54:13.198] 
INFO [03-26|18:54:13.198] ---------------------------------------------------------------------------------------------------------------------------------------------------------
INFO [03-26|18:54:13.198] 
INFO [03-26|18:54:13.199] Loaded most recent local block           number=64365 hash=a9c919..c16eb3 age=16s
INFO [03-26|18:54:13.199] Loaded most recent local finalized block number=64352 hash=06c63a..cc0268 age=2m54s
INFO [03-26|18:54:13.200] Initialized transaction indexer          range="last 2350000 blocks"
INFO [03-26|18:54:13.200] Initialized log indexer                  firstblock=0 lastblock=64365 firstmap=0 lastmap=4 headindexed=true
INFO [03-26|18:54:13.208] Enabled full-sync                        head=64365 hash=a9c919..c16eb3
INFO [03-26|18:54:13.209] Unprotected transactions allowed
INFO [03-26|18:54:13.209] Gasprice oracle is ignoring threshold set threshold=2
INFO [03-26|18:54:13.209] Registered sync override service
WARN [03-26|18:54:13.209] You are running Geth in --dev mode. Please note the following:
WARN [03-26|18:54:13.209] 
WARN [03-26|18:54:13.209]   1. This mode is only intended for fast, iterative development without assumptions on
WARN [03-26|18:54:13.209]      security or persistence.
WARN [03-26|18:54:13.209]   2. The database is created in memory unless specified otherwise. Therefore, shutting down
WARN [03-26|18:54:13.209]      your computer or losing power will wipe your entire block data and chain state for
WARN [03-26|18:54:13.209]      your dev environment.
WARN [03-26|18:54:13.209]   3. A random, pre-allocated developer account will be available and unlocked as
WARN [03-26|18:54:13.209]      eth.coinbase, which can be used for testing. The random dev account is temporary,
WARN [03-26|18:54:13.209]      stored on a ramdisk, and will be lost if your machine is restarted.
WARN [03-26|18:54:13.209]   4. Mining is enabled by default. However, the client will only seal blocks if transactions
WARN [03-26|18:54:13.209]      are pending in the mempool. The miner's minimum accepted gas price is 1.
WARN [03-26|18:54:13.209]   5. Networking is disabled; there is no listen-address, the maximum number of peers is set
WARN [03-26|18:54:13.209]      to 0, and discovery is disabled.
WARN [03-26|18:54:13.209] 
INFO [03-26|18:54:13.209] Starting peer-to-peer node               instance=Geth/v1.17.2-unstable-5d0e18f7-20260325/linux-amd64/go1.24.1
WARN [03-26|18:54:13.209] P2P server will be useless, neither dialing nor listening
INFO [03-26|18:54:13.225] IPC endpoint opened                      url=/home/CPerezz/bintrie-benchmarks/mpt-vs-bintrie/dbs/mpt/geth.ipc
ERROR[03-26|18:54:13.225] Unavailable modules in HTTP API list     unavailable=[personal] available="[admin debug web3 eth txpool miner net dev testing]"
INFO [03-26|18:54:13.225] HTTP server started                      endpoint=[::]:8545 auth=false prefix= cors= vhosts=localhost
INFO [03-26|18:54:13.225] WebSocket enabled                        url=ws://[::]:8546
INFO [03-26|18:54:13.225] New local node record                    seq=1,774,465,406,037 id=9566f6e861acb2c3 ip=127.0.0.1 udp=0 tcp=0
INFO [03-26|18:54:13.225] Started P2P networking                   self=enode://7bcb27e0859fe4ed7072e298a58918cc0b55d08376b1207f77d84f6d0d34ded7448b64ab16dd00733b489383beff49c04f662afae4dd1dc102807640ff82a1cd@127.0.0.1:0
INFO [03-26|18:54:13.246] Loaded local transaction journal         transactions=387 dropped=0
INFO [03-26|18:54:14.257] Started log indexer
INFO [03-26|18:54:14.267] Starting work on payload                 id=0x03bfd605fabc2124
INFO [03-26|18:54:14.268] Updated payload                          id=0x03bfd605fabc2124 number=64366 hash=31267f..28fb6c txs=0 withdrawals=0 gas=0 fees=0 root=ff6619..1edf1a elapsed="177.999µs"
INFO [03-26|18:54:14.268] Stopping work on payload                 id=0x03bfd605fabc2124 reason=delivery
WARN [03-26|18:54:14.272] {"level":"warn","msg":"Slow block","block":{"number":64366,"hash":"0x31267f6297d6d38fa5d926c43ea72e15d6402d5099ebae5315b43c945928fb6c","gas_used":0,"tx_count":0},"timing":{"execution_ms":0.02272,"state_read_ms":0.381397,"state_hash_ms":0.00936,"commit_ms":0.129089,"total_ms":0.606727},"throughput":{"mgas_per_sec":0},"state_reads":{"accounts":4,"storage_slots":0,"code":0,"code_bytes":0},"state_writes":{"accounts":0,"accounts_deleted":0,"storage_slots":0,"storage_slots_deleted":0,"code":0,"code_bytes":0},"cache":{"account":{"hits":0,"misses":4,"hit_rate":0},"storage":{"hits":0,"misses":0,"hit_rate":0},"code":{"hits":0,"misses":0,"hit_rate":0,"hit_bytes":0,"miss_bytes":0}}}
INFO [03-26|18:54:14.272] Imported new potential chain segment     number=64366 hash=31267f..28fb6c blocks=1 txs=0 mgas=0.000 elapsed=3.695ms     mgasps=0.000 triediffs=1.20MiB triedirty=0.00B
INFO [03-26|18:54:14.272] Ready for fork activation                fork=Osaka date="07 Feb 06 07:28 CET" remaining=700116h34m1s timestamp=4,294,967,295
INFO [03-26|18:54:14.272] Chain head was updated                   number=64366 hash=31267f..28fb6c root=ff6619..1edf1a elapsed="44.35µs"
INFO [03-26|18:54:14.914] Submitted contract creation              hash=0x78c39add037b7b436285d2a0a68b76de2ba9c790f207c73a6c5d41020236bbba from=0xf39Fd6e51aad88F6F4ce6aB8827279cffFb92266 nonce=336 contract=0xFD6D23eE2b6b136E34572fc80cbCd33E9787705e value=0
INFO [03-26|18:54:14.916] Submitted transaction                    hash=0x7b48a898010cd94a50ba734f0544224a4d36d1538522c97616aecb63b51796e0 from=0xf39Fd6e51aad88F6F4ce6aB8827279cffFb92266 nonce=337 recipient=0xC649fB183A0d57f70508D778cc845871F4F3FCaE value=1,600,000,000
INFO [03-26|18:54:24.276] Starting work on payload                 id=0x039e59830ec513d2
INFO [03-26|18:54:24.288] Updated payload                          id=0x039e59830ec513d2 number=64367 hash=ec1809..55a14d txs=2 withdrawals=0 gas=106,226 fees=8.49808e-13 root=c74db6..33a92b elapsed=12.130ms
INFO [03-26|18:54:24.288] Stopping work on payload                 id=0x039e59830ec513d2 reason=delivery
WARN [03-26|18:54:24.292] {"level":"warn","msg":"Slow block","block":{"number":64367,"hash":"0xec180998d1e112e0e6a29daf7793cf54a9404bfcff8229a7d98aab052355a14d","gas_used":106226,"tx_count":2},"timing":{"execution_ms":0.047969,"state_read_ms":0.08938,"state_hash_ms":0.719735,"commit_ms":1.763998,"total_ms":2.653173},"throughput":{"mgas_per_sec":40.03734396513156},"state_reads":{"accounts":11,"storage_slots":0,"code":0,"code_bytes":0},"state_writes":{"accounts":3,"accounts_deleted":0,"storage_slots":0,"storage_slots_deleted":0,"code":1,"code_bytes":149},"cache":{"account":{"hits":4,"misses":7,"hit_rate":36.36363636363637},"storage":{"hits":0,"misses":0,"hit_rate":0},"code":{"hits":0,"misses":0,"hit_rate":0,"hit_bytes":0,"miss_bytes":0}}}
INFO [03-26|18:54:24.292] Imported new potential chain segment     number=64367 hash=ec1809..55a14d blocks=1 txs=2 mgas=0.106 elapsed=2.801ms     mgasps=37.913 triediffs=1.20MiB triedirty=0.00B
INFO [03-26|18:54:24.292] Chain head was updated                   number=64367 hash=ec1809..55a14d root=c74db6..33a92b elapsed="258.578µs"
INFO [03-26|18:54:25.002] Submitted transaction                    hash=0x3692f9113e44529c1569f2c9d40a32e2baa9fb3489b577421d0a68a885d2d716 from=0xC649fB183A0d57f70508D778cc845871F4F3FCaE nonce=0   recipient=0xFD6D23eE2b6b136E34572fc80cbCd33E9787705e value=0
INFO [03-26|18:54:34.294] Starting work on payload                 id=0x03d1018bec04f58f
WARN [03-26|18:54:39.096] Block building is interrupted            allowance=2s
INFO [03-26|18:54:39.096] Updated payload                          id=0x03d1018bec04f58f number=64368 hash=81f8e5..7ce004 txs=1 withdrawals=0 gas=100,000,000 fees=8e-10       root=9cc207..520333 elapsed=4.802s
WARN [03-26|18:54:42.478] Block building is interrupted            allowance=2s
INFO [03-26|18:54:42.478] Stopping work on payload                 id=0x03d1018bec04f58f reason=delivery
WARN [03-26|18:54:42.494] {"level":"warn","msg":"Slow block","block":{"number":64368,"hash":"0x81f8e5dc154710b86ef9ed14213182ab31b357b55eec302c16164982f67ce004","gas_used":100000000,"tx_count":1},"timing":{"execution_ms":188.41974,"state_read_ms":3190.677534,"state_hash_ms":0.091939,"commit_ms":16.066393,"total_ms":3395.454916},"throughput":{"mgas_per_sec":29.451134670874836},"state_reads":{"accounts":8,"storage_slots":23418,"code":2,"code_bytes":1493},"state_writes":{"accounts":2,"accounts_deleted":0,"storage_slots":0,"storage_slots_deleted":0,"code":0,"code_bytes":0},"cache":{"account":{"hits":4,"misses":4,"hit_rate":50},"storage":{"hits":1816,"misses":21602,"hit_rate":7.754718592535656},"code":{"hits":2,"misses":0,"hit_rate":100,"hit_bytes":1493,"miss_bytes":0}}}
INFO [03-26|18:54:42.494] Imported new potential chain segment     number=64368 hash=81f8e5..7ce004 blocks=1 txs=1 mgas=100.000 elapsed=3.396s      mgasps=29.440 triediffs=1.20MiB triedirty=0.00B
INFO [03-26|18:54:42.496] Chain head was updated                   number=64368 hash=81f8e5..7ce004 root=9cc207..520333 elapsed="85.11µs"
