INFO [03-26|19:09:19.393] Starting Geth on Ethereum mainnet...
INFO [03-26|19:09:19.395] Maximum peer count                       ETH=0 total=0
INFO [03-26|19:09:19.396] Smartcard socket not found, disabling    err="stat /run/pcscd/pcscd.comm: no such file or directory"
WARN [03-26|19:09:19.397] Option --miner.etherbase is deprecated as the etherbase is set by the consensus client post-merge
WARN [03-26|19:09:19.399] Snap sync requested, resetting --cache.snapshot
INFO [03-26|19:09:19.399] Global gas cap disabled
INFO [03-26|19:09:20.091] Using developer account                  address=0xf39Fd6e51aad88F6F4ce6aB8827279cffFb92266
INFO [03-26|19:09:20.258] Using pebble as the backing database
INFO [03-26|19:09:20.258] Allocated cache and file handles         database=/home/CPerezz/bintrie-benchmarks/mpt-vs-bintrie/dbs/mpt/geth/chaindata cache=16.00MiB handles=524,288
INFO [03-26|19:09:21.378] Opened ancient database                  database=/home/CPerezz/bintrie-benchmarks/mpt-vs-bintrie/dbs/mpt/geth/chaindata/ancient/chain readonly=true
INFO [03-26|19:09:21.378] Opened Era store                         datadir=/home/CPerezz/bintrie-benchmarks/mpt-vs-bintrie/dbs/mpt/geth/chaindata/ancient/chain/era
INFO [03-26|19:09:21.389] Initializing the KZG library             backend=gokzg
INFO [03-26|19:09:21.389] Allocated trie memory caches             clean=0.00B dirty=0.00B
INFO [03-26|19:09:21.467] Using pebble as the backing database
INFO [03-26|19:09:21.467] Allocated cache and file handles         database=/home/CPerezz/bintrie-benchmarks/mpt-vs-bintrie/dbs/mpt/geth/chaindata cache=16.00MiB handles=524,288
INFO [03-26|19:09:22.841] Opened ancient database                  database=/home/CPerezz/bintrie-benchmarks/mpt-vs-bintrie/dbs/mpt/geth/chaindata/ancient/chain readonly=false
INFO [03-26|19:09:22.841] Opened Era store                         datadir=/home/CPerezz/bintrie-benchmarks/mpt-vs-bintrie/dbs/mpt/geth/chaindata/ancient/chain/era
INFO [03-26|19:09:22.842] State scheme set to already existing     scheme=path
INFO [03-26|19:09:22.843] Initialising Ethereum protocol           network=1337 dbversion=9
INFO [03-26|19:09:22.843] Load database journal from file          path=/home/CPerezz/bintrie-benchmarks/mpt-vs-bintrie/dbs/mpt/geth/triedb/merkle.journal
INFO [03-26|19:09:22.864] Opened ancient database                  database=/home/CPerezz/bintrie-benchmarks/mpt-vs-bintrie/dbs/mpt/geth/chaindata/ancient/state readonly=false
INFO [03-26|19:09:22.865] Initialized path database                triecache=0.00B statecache=0.00B buffer=0.00B state-history="last 90000 blocks" journal-dir=/home/CPerezz/bintrie-benchmarks/mpt-vs-bintrie/dbs/mpt/geth/triedb
INFO [03-26|19:09:22.865] 
INFO [03-26|19:09:22.865] ---------------------------------------------------------------------------------------------------------------------------------------------------------
INFO [03-26|19:09:22.865] Chain ID:  1337 (unknown)
INFO [03-26|19:09:22.865] Consensus: unknown
INFO [03-26|19:09:22.865] 
INFO [03-26|19:09:22.865] Pre-Merge hard forks (block based):
INFO [03-26|19:09:22.865]  - Homestead:                   #0       
INFO [03-26|19:09:22.865]  - Tangerine Whistle (EIP 150): #0       
INFO [03-26|19:09:22.865]  - Spurious Dragon/1 (EIP 155): #0       
INFO [03-26|19:09:22.865]  - Spurious Dragon/2 (EIP 158): #0       
INFO [03-26|19:09:22.865]  - Byzantium:                   #0       
INFO [03-26|19:09:22.865]  - Constantinople:              #0       
INFO [03-26|19:09:22.865]  - Petersburg:                  #0       
INFO [03-26|19:09:22.865]  - Istanbul:                    #0       
INFO [03-26|19:09:22.865]  - Muir Glacier:                #0       
INFO [03-26|19:09:22.865]  - Berlin:                      #0       
INFO [03-26|19:09:22.865]  - London:                      #0       
INFO [03-26|19:09:22.865]  - Arrow Glacier:               #0       
INFO [03-26|19:09:22.865]  - Gray Glacier:                #0       
INFO [03-26|19:09:22.865] 
INFO [03-26|19:09:22.865] Merge configured:
INFO [03-26|19:09:22.865]  - Total terminal difficulty:  0
INFO [03-26|19:09:22.865]  - Merge netsplit block:       #0       
INFO [03-26|19:09:22.865] 
INFO [03-26|19:09:22.865] Post-Merge hard forks (timestamp based):
INFO [03-26|19:09:22.865]  - Shanghai:                    @0         
INFO [03-26|19:09:22.865]  - Cancun:                      @0          blob: (target: 3, max: 6, fraction: 3338477)
INFO [03-26|19:09:22.865]  - Prague:                      @0          blob: (target: 6, max: 9, fraction: 5225352)
INFO [03-26|19:09:22.865]  - Osaka:                       @4294967295 blob: (target: 9, max: 12, fraction: 5225352)
INFO [03-26|19:09:22.865] 
INFO [03-26|19:09:22.865] All fork specifications can be found at https://ethereum.github.io/execution-specs/src/ethereum/forks/
INFO [03-26|19:09:22.865] 
INFO [03-26|19:09:22.865] ---------------------------------------------------------------------------------------------------------------------------------------------------------
INFO [03-26|19:09:22.865] 
INFO [03-26|19:09:22.866] Loaded most recent local block           number=64442 hash=bfdcd3..44a903 age=10s
INFO [03-26|19:09:22.866] Loaded most recent local finalized block number=64416 hash=d4c184..76187c age=5m10s
INFO [03-26|19:09:22.866] Initialized transaction indexer          range="last 2350000 blocks"
INFO [03-26|19:09:22.866] Initialized log indexer                  firstblock=0 lastblock=64442 firstmap=0 lastmap=4 headindexed=true
INFO [03-26|19:09:22.869] Enabled full-sync                        head=64442 hash=bfdcd3..44a903
INFO [03-26|19:09:22.870] Unprotected transactions allowed
INFO [03-26|19:09:22.870] Gasprice oracle is ignoring threshold set threshold=2
INFO [03-26|19:09:22.870] Registered sync override service
WARN [03-26|19:09:22.870] You are running Geth in --dev mode. Please note the following:
WARN [03-26|19:09:22.870] 
WARN [03-26|19:09:22.870]   1. This mode is only intended for fast, iterative development without assumptions on
WARN [03-26|19:09:22.870]      security or persistence.
WARN [03-26|19:09:22.870]   2. The database is created in memory unless specified otherwise. Therefore, shutting down
WARN [03-26|19:09:22.870]      your computer or losing power will wipe your entire block data and chain state for
WARN [03-26|19:09:22.870]      your dev environment.
WARN [03-26|19:09:22.870]   3. A random, pre-allocated developer account will be available and unlocked as
WARN [03-26|19:09:22.870]      eth.coinbase, which can be used for testing. The random dev account is temporary,
WARN [03-26|19:09:22.870]      stored on a ramdisk, and will be lost if your machine is restarted.
WARN [03-26|19:09:22.870]   4. Mining is enabled by default. However, the client will only seal blocks if transactions
WARN [03-26|19:09:22.870]      are pending in the mempool. The miner's minimum accepted gas price is 1.
WARN [03-26|19:09:22.870]   5. Networking is disabled; there is no listen-address, the maximum number of peers is set
WARN [03-26|19:09:22.870]      to 0, and discovery is disabled.
WARN [03-26|19:09:22.870] 
INFO [03-26|19:09:22.870] Starting peer-to-peer node               instance=Geth/v1.17.2-unstable-5d0e18f7-20260325/linux-amd64/go1.24.1
WARN [03-26|19:09:22.870] P2P server will be useless, neither dialing nor listening
INFO [03-26|19:09:22.890] IPC endpoint opened                      url=/home/CPerezz/bintrie-benchmarks/mpt-vs-bintrie/dbs/mpt/geth.ipc
ERROR[03-26|19:09:22.890] Unavailable modules in HTTP API list     unavailable=[personal] available="[admin debug web3 eth txpool miner net dev testing]"
INFO [03-26|19:09:22.890] HTTP server started                      endpoint=[::]:8545 auth=false prefix= cors= vhosts=localhost
INFO [03-26|19:09:22.890] WebSocket enabled                        url=ws://[::]:8546
INFO [03-26|19:09:22.891] New local node record                    seq=1,774,465,406,071 id=9566f6e861acb2c3 ip=127.0.0.1 udp=0 tcp=0
INFO [03-26|19:09:22.891] Started P2P networking                   self=enode://7bcb27e0859fe4ed7072e298a58918cc0b55d08376b1207f77d84f6d0d34ded7448b64ab16dd00733b489383beff49c04f662afae4dd1dc102807640ff82a1cd@127.0.0.1:0
INFO [03-26|19:09:22.930] Loaded local transaction journal         transactions=489 dropped=0
INFO [03-26|19:09:24.347] Submitted contract creation              hash=0xbb6f588bee8cd2a181285138d7f7e20a5fb60d293659ef1f84802f24912358cf from=0xf39Fd6e51aad88F6F4ce6aB8827279cffFb92266 nonce=404 contract=0xe14058B1c3def306e2cb37535647A04De03Db092 value=0
INFO [03-26|19:09:24.350] Submitted transaction                    hash=0x170c74836d993183015ac79ac89aebc2f029ba53b7a698bfbc014f6af56d1e6c from=0xf39Fd6e51aad88F6F4ce6aB8827279cffFb92266 nonce=405 recipient=0x2F0fD5924DBEFF326D42fC55a0668B9AFF057BC9 value=3,000,000,000
INFO [03-26|19:09:24.843] Started log indexer
INFO [03-26|19:09:24.848] Starting work on payload                 id=0x037a434dc4748afd
INFO [03-26|19:09:24.856] Updated payload                          id=0x037a434dc4748afd number=64443 hash=86f898..e11b31 txs=2 withdrawals=0 gas=106,226 fees=2.230746e-12 root=0074bf..6c3206 elapsed=8.171ms
INFO [03-26|19:09:24.857] Stopping work on payload                 id=0x037a434dc4748afd reason=delivery
WARN [03-26|19:09:24.860] {"level":"warn","msg":"Slow block","block":{"number":64443,"hash":"0x86f89859626589c7512aa82eff9e0d254d077211132adc1d9670b42bc0e11b31","gas_used":106226,"tx_count":2},"timing":{"execution_ms":0.122139,"state_read_ms":0.16265,"state_hash_ms":1.108404,"commit_ms":0.656607,"total_ms":2.102128},"throughput":{"mgas_per_sec":50.532603152614875},"state_reads":{"accounts":11,"storage_slots":0,"code":0,"code_bytes":0},"state_writes":{"accounts":3,"accounts_deleted":0,"storage_slots":0,"storage_slots_deleted":0,"code":1,"code_bytes":149},"cache":{"account":{"hits":4,"misses":7,"hit_rate":36.36363636363637},"storage":{"hits":0,"misses":0,"hit_rate":0},"code":{"hits":0,"misses":0,"hit_rate":0,"hit_bytes":0,"miss_bytes":0}}}
INFO [03-26|19:09:24.860] Imported new potential chain segment     number=64443 hash=86f898..e11b31 blocks=1 txs=2 mgas=0.106 elapsed=2.421ms mgasps=43.868 triediffs=1.20MiB triedirty=0.00B
INFO [03-26|19:09:24.860] Ready for fork activation                fork=Osaka date="07 Feb 06 07:28 CET" remaining=700116h18m50s timestamp=4,294,967,295
INFO [03-26|19:09:24.861] Chain head was updated                   number=64443 hash=86f898..e11b31 root=0074bf..6c3206 elapsed="225.769µs"
INFO [03-26|19:09:25.368] Submitted transaction                    hash=0x2c7cc626fd73881817c35d0f47f597603193e7edca9e282be890bda00aa4e590 from=0x2F0fD5924DBEFF326D42fC55a0668B9AFF057BC9 nonce=0   recipient=0xe14058B1c3def306e2cb37535647A04De03Db092 value=0
INFO [03-26|19:09:34.862] Starting work on payload                 id=0x03935a07b39ef9bb
WARN [03-26|19:09:37.338] Block building is interrupted            allowance=2s
INFO [03-26|19:09:37.339] Updated payload                          id=0x03935a07b39ef9bb number=64444 hash=6d0fd2..9e0274 txs=1 withdrawals=0 gas=100,000,000 fees=2.2e-09      root=d9ad42..8d9f44 elapsed=2.476s
WARN [03-26|19:09:40.603] Block building is interrupted            allowance=2s
INFO [03-26|19:09:40.604] Stopping work on payload                 id=0x03935a07b39ef9bb reason=delivery
WARN [03-26|19:09:40.606] {"level":"warn","msg":"Slow block","block":{"number":64444,"hash":"0x6d0fd27d55b2ca325e312da8bc7ddbb841184603d94ae280f52e623f269e0274","gas_used":100000000,"tx_count":1},"timing":{"execution_ms":186.359543,"state_read_ms":3063.428189,"state_hash_ms":0.07848,"commit_ms":14.332862,"total_ms":3264.319853},"throughput":{"mgas_per_sec":30.63425292349867},"state_reads":{"accounts":8,"storage_slots":23418,"code":2,"code_bytes":1493},"state_writes":{"accounts":2,"accounts_deleted":0,"storage_slots":0,"storage_slots_deleted":0,"code":0,"code_bytes":0},"cache":{"account":{"hits":3,"misses":5,"hit_rate":37.5},"storage":{"hits":2349,"misses":21069,"hit_rate":10.030745580322828},"code":{"hits":2,"misses":0,"hit_rate":100,"hit_bytes":1493,"miss_bytes":0}}}
INFO [03-26|19:09:40.606] Imported new potential chain segment     number=64444 hash=6d0fd2..9e0274 blocks=1 txs=1 mgas=100.000 elapsed=3.266s      mgasps=30.617 triediffs=1.20MiB triedirty=0.00B
INFO [03-26|19:09:40.607] Chain head was updated                   number=64444 hash=6d0fd2..9e0274 root=d9ad42..8d9f44 elapsed="42.91µs"
