INFO [03-26|19:22:52.443] Starting Geth on Ethereum mainnet...
INFO [03-26|19:22:52.444] Maximum peer count                       ETH=0 total=0
INFO [03-26|19:22:52.445] Smartcard socket not found, disabling    err="stat /run/pcscd/pcscd.comm: no such file or directory"
WARN [03-26|19:22:52.448] Option --miner.etherbase is deprecated as the etherbase is set by the consensus client post-merge
WARN [03-26|19:22:52.450] Snap sync requested, resetting --cache.snapshot
INFO [03-26|19:22:52.450] Global gas cap disabled
INFO [03-26|19:22:53.139] Using developer account                  address=0xf39Fd6e51aad88F6F4ce6aB8827279cffFb92266
INFO [03-26|19:22:53.305] Using pebble as the backing database
INFO [03-26|19:22:53.306] Allocated cache and file handles         database=/home/CPerezz/bintrie-benchmarks/mpt-vs-bintrie/dbs/mpt/geth/chaindata cache=16.00MiB handles=524,288
INFO [03-26|19:22:54.435] Opened ancient database                  database=/home/CPerezz/bintrie-benchmarks/mpt-vs-bintrie/dbs/mpt/geth/chaindata/ancient/chain readonly=true
INFO [03-26|19:22:54.435] Opened Era store                         datadir=/home/CPerezz/bintrie-benchmarks/mpt-vs-bintrie/dbs/mpt/geth/chaindata/ancient/chain/era
INFO [03-26|19:22:54.440] Initializing the KZG library             backend=gokzg
INFO [03-26|19:22:54.441] Allocated trie memory caches             clean=0.00B dirty=0.00B
INFO [03-26|19:22:54.518] Using pebble as the backing database
INFO [03-26|19:22:54.518] Allocated cache and file handles         database=/home/CPerezz/bintrie-benchmarks/mpt-vs-bintrie/dbs/mpt/geth/chaindata cache=16.00MiB handles=524,288
INFO [03-26|19:22:55.898] Opened ancient database                  database=/home/CPerezz/bintrie-benchmarks/mpt-vs-bintrie/dbs/mpt/geth/chaindata/ancient/chain readonly=false
INFO [03-26|19:22:55.898] Opened Era store                         datadir=/home/CPerezz/bintrie-benchmarks/mpt-vs-bintrie/dbs/mpt/geth/chaindata/ancient/chain/era
INFO [03-26|19:22:55.900] State scheme set to already existing     scheme=path
INFO [03-26|19:22:55.901] Initialising Ethereum protocol           network=1337 dbversion=9
INFO [03-26|19:22:55.902] Load database journal from file          path=/home/CPerezz/bintrie-benchmarks/mpt-vs-bintrie/dbs/mpt/geth/triedb/merkle.journal
INFO [03-26|19:22:55.926] Opened ancient database                  database=/home/CPerezz/bintrie-benchmarks/mpt-vs-bintrie/dbs/mpt/geth/chaindata/ancient/state readonly=false
INFO [03-26|19:22:55.926] Initialized path database                triecache=0.00B statecache=0.00B buffer=0.00B state-history="last 90000 blocks" journal-dir=/home/CPerezz/bintrie-benchmarks/mpt-vs-bintrie/dbs/mpt/geth/triedb
INFO [03-26|19:22:55.926] 
INFO [03-26|19:22:55.926] ---------------------------------------------------------------------------------------------------------------------------------------------------------
INFO [03-26|19:22:55.926] Chain ID:  1337 (unknown)
INFO [03-26|19:22:55.926] Consensus: unknown
INFO [03-26|19:22:55.926] 
INFO [03-26|19:22:55.926] Pre-Merge hard forks (block based):
INFO [03-26|19:22:55.926]  - Homestead:                   #0       
INFO [03-26|19:22:55.926]  - Tangerine Whistle (EIP 150): #0       
INFO [03-26|19:22:55.926]  - Spurious Dragon/1 (EIP 155): #0       
INFO [03-26|19:22:55.926]  - Spurious Dragon/2 (EIP 158): #0       
INFO [03-26|19:22:55.926]  - Byzantium:                   #0       
INFO [03-26|19:22:55.926]  - Constantinople:              #0       
INFO [03-26|19:22:55.926]  - Petersburg:                  #0       
INFO [03-26|19:22:55.926]  - Istanbul:                    #0       
INFO [03-26|19:22:55.926]  - Muir Glacier:                #0       
INFO [03-26|19:22:55.926]  - Berlin:                      #0       
INFO [03-26|19:22:55.926]  - London:                      #0       
INFO [03-26|19:22:55.926]  - Arrow Glacier:               #0       
INFO [03-26|19:22:55.926]  - Gray Glacier:                #0       
INFO [03-26|19:22:55.926] 
INFO [03-26|19:22:55.926] Merge configured:
INFO [03-26|19:22:55.926]  - Total terminal difficulty:  0
INFO [03-26|19:22:55.926]  - Merge netsplit block:       #0       
INFO [03-26|19:22:55.926] 
INFO [03-26|19:22:55.926] Post-Merge hard forks (timestamp based):
INFO [03-26|19:22:55.926]  - Shanghai:                    @0         
INFO [03-26|19:22:55.927]  - Cancun:                      @0          blob: (target: 3, max: 6, fraction: 3338477)
INFO [03-26|19:22:55.927]  - Prague:                      @0          blob: (target: 6, max: 9, fraction: 5225352)
INFO [03-26|19:22:55.927]  - Osaka:                       @4294967295 blob: (target: 9, max: 12, fraction: 5225352)
INFO [03-26|19:22:55.927] 
INFO [03-26|19:22:55.927] All fork specifications can be found at https://ethereum.github.io/execution-specs/src/ethereum/forks/
INFO [03-26|19:22:55.927] 
INFO [03-26|19:22:55.927] ---------------------------------------------------------------------------------------------------------------------------------------------------------
INFO [03-26|19:22:55.927] 
INFO [03-26|19:22:55.927] Loaded most recent local block           number=64512 hash=f269b6..f2777e age=11s
INFO [03-26|19:22:55.927] Loaded most recent local finalized block number=64512 hash=f269b6..f2777e age=11s
INFO [03-26|19:22:55.927] Initialized transaction indexer          range="last 2350000 blocks"
INFO [03-26|19:22:55.927] Initialized log indexer                  firstblock=0 lastblock=64512 firstmap=0 lastmap=4 headindexed=true
INFO [03-26|19:22:55.930] Enabled full-sync                        head=64512 hash=f269b6..f2777e
INFO [03-26|19:22:55.930] Unprotected transactions allowed
INFO [03-26|19:22:55.930] Gasprice oracle is ignoring threshold set threshold=2
INFO [03-26|19:22:55.931] Registered sync override service
WARN [03-26|19:22:55.931] You are running Geth in --dev mode. Please note the following:
WARN [03-26|19:22:55.931] 
WARN [03-26|19:22:55.931]   1. This mode is only intended for fast, iterative development without assumptions on
WARN [03-26|19:22:55.931]      security or persistence.
WARN [03-26|19:22:55.931]   2. The database is created in memory unless specified otherwise. Therefore, shutting down
WARN [03-26|19:22:55.931]      your computer or losing power will wipe your entire block data and chain state for
WARN [03-26|19:22:55.931]      your dev environment.
WARN [03-26|19:22:55.931]   3. A random, pre-allocated developer account will be available and unlocked as
WARN [03-26|19:22:55.931]      eth.coinbase, which can be used for testing. The random dev account is temporary,
WARN [03-26|19:22:55.931]      stored on a ramdisk, and will be lost if your machine is restarted.
WARN [03-26|19:22:55.931]   4. Mining is enabled by default. However, the client will only seal blocks if transactions
WARN [03-26|19:22:55.931]      are pending in the mempool. The miner's minimum accepted gas price is 1.
WARN [03-26|19:22:55.931]   5. Networking is disabled; there is no listen-address, the maximum number of peers is set
WARN [03-26|19:22:55.931]      to 0, and discovery is disabled.
WARN [03-26|19:22:55.931] 
INFO [03-26|19:22:55.931] Starting peer-to-peer node               instance=Geth/v1.17.2-unstable-5d0e18f7-20260325/linux-amd64/go1.24.1
WARN [03-26|19:22:55.931] P2P server will be useless, neither dialing nor listening
INFO [03-26|19:22:55.949] IPC endpoint opened                      url=/home/CPerezz/bintrie-benchmarks/mpt-vs-bintrie/dbs/mpt/geth.ipc
ERROR[03-26|19:22:55.949] Unavailable modules in HTTP API list     unavailable=[personal] available="[admin debug web3 eth txpool miner net dev testing]"
INFO [03-26|19:22:55.949] HTTP server started                      endpoint=[::]:8545 auth=false prefix= cors= vhosts=localhost
INFO [03-26|19:22:55.949] WebSocket enabled                        url=ws://[::]:8546
INFO [03-26|19:22:55.951] New local node record                    seq=1,774,465,406,106 id=9566f6e861acb2c3 ip=127.0.0.1 udp=0 tcp=0
INFO [03-26|19:22:55.951] Started P2P networking                   self=enode://7bcb27e0859fe4ed7072e298a58918cc0b55d08376b1207f77d84f6d0d34ded7448b64ab16dd00733b489383beff49c04f662afae4dd1dc102807640ff82a1cd@127.0.0.1:0
INFO [03-26|19:22:56.013] Loaded local transaction journal         transactions=594 dropped=0
INFO [03-26|19:22:57.403] Submitted contract creation              hash=0x0e09febf9c29e731d76a62e2d6b499742af704a7f52cb0b496efc1ee5238c6a5 from=0xf39Fd6e51aad88F6F4ce6aB8827279cffFb92266 nonce=474 contract=0x49149a233de6E4cD6835971506F47EE5862289c1 value=0
INFO [03-26|19:22:57.406] Submitted transaction                    hash=0x2fb7510576772fb0d394602f987b2e3a27d070a9749432557e5aa35c3f16536b from=0xf39Fd6e51aad88F6F4ce6aB8827279cffFb92266 nonce=475 recipient=0x5Ad3CBfbb6E810C7d87Dd21eC590c2473Cd19a6C value=65,400,000,000
INFO [03-26|19:22:57.864] Started log indexer
INFO [03-26|19:22:57.871] Starting work on payload                 id=0x03e1011dc5d1a9f9
INFO [03-26|19:22:57.878] Updated payload                          id=0x03e1011dc5d1a9f9 number=64513 hash=e0a024..8f46f1 txs=2 withdrawals=0 gas=106,226 fees=6.851577e-11 root=0d78cf..195f49 elapsed=6.806ms
INFO [03-26|19:22:57.878] Stopping work on payload                 id=0x03e1011dc5d1a9f9 reason=delivery
WARN [03-26|19:22:57.881] {"level":"warn","msg":"Slow block","block":{"number":64513,"hash":"0xe0a024df102ae1d332ddc7bf23200599f407c91ca6769f820a0e42f8a38f46f1","gas_used":106226,"tx_count":2},"timing":{"execution_ms":0.0635,"state_read_ms":0.11801,"state_hash_ms":0.779156,"commit_ms":0.545526,"total_ms":1.562871},"throughput":{"mgas_per_sec":67.96850155898983},"state_reads":{"accounts":11,"storage_slots":0,"code":0,"code_bytes":0},"state_writes":{"accounts":3,"accounts_deleted":0,"storage_slots":0,"storage_slots_deleted":0,"code":1,"code_bytes":149},"cache":{"account":{"hits":6,"misses":5,"hit_rate":54.54545454545454},"storage":{"hits":0,"misses":0,"hit_rate":0},"code":{"hits":0,"misses":0,"hit_rate":0,"hit_bytes":0,"miss_bytes":0}}}
INFO [03-26|19:22:57.881] Imported new potential chain segment     number=64513 hash=e0a024..8f46f1 blocks=1 txs=2 mgas=0.106 elapsed=2.299ms mgasps=46.193 triediffs=1.20MiB triedirty=0.00B
INFO [03-26|19:22:57.881] Ready for fork activation                fork=Osaka date="07 Feb 06 07:28 CET" remaining=700116h5m17s timestamp=4,294,967,295
INFO [03-26|19:22:57.882] Chain head was updated                   number=64513 hash=e0a024..8f46f1 root=0d78cf..195f49 elapsed="258.678µs"
INFO [03-26|19:22:58.422] Submitted transaction                    hash=0xfaccc34041dc407e5ae79fb4103be5a8c728a16fda5fadca487dd79d03e8045d from=0x5Ad3CBfbb6E810C7d87Dd21eC590c2473Cd19a6C nonce=0   recipient=0x49149a233de6E4cD6835971506F47EE5862289c1 value=0
INFO [03-26|19:23:07.884] Starting work on payload                 id=0x036270bb46e90ebd
WARN [03-26|19:23:10.315] Block building is interrupted            allowance=2s
INFO [03-26|19:23:10.316] Updated payload                          id=0x036270bb46e90ebd number=64514 hash=ceca0e..dc9246 txs=1 withdrawals=0 gas=100,000,000 fees=6.46e-08     root=6d7814..044327 elapsed=2.432s
WARN [03-26|19:23:13.671] {"level":"warn","msg":"Slow block","block":{"number":64514,"hash":"0xceca0e5ed6e489cbb39bf8ca29f99875998628250b2aaf11369e488d7adc9246","gas_used":100000000,"tx_count":1},"timing":{"execution_ms":183.198161,"state_read_ms":3147.4366,"state_hash_ms":0.056189,"commit_ms":19.624303,"total_ms":3350.416714},"throughput":{"mgas_per_sec":29.847033529334286},"state_reads":{"accounts":8,"storage_slots":23418,"code":2,"code_bytes":1493},"state_writes":{"accounts":2,"accounts_deleted":0,"storage_slots":0,"storage_slots_deleted":0,"code":0,"code_bytes":0},"cache":{"account":{"hits":3,"misses":5,"hit_rate":37.5},"storage":{"hits":2821,"misses":20597,"hit_rate":12.046289179263814},"code":{"hits":2,"misses":0,"hit_rate":100,"hit_bytes":1493,"miss_bytes":0}}}
INFO [03-26|19:23:13.671] Imported new potential chain segment     number=64514 hash=ceca0e..dc9246 blocks=1 txs=1 mgas=100.000 elapsed=3.353s      mgasps=29.818 triediffs=1.20MiB triedirty=0.00B
INFO [03-26|19:23:13.672] Chain head was updated                   number=64514 hash=ceca0e..dc9246 root=6d7814..044327 elapsed="87.699µs"
WARN [03-26|19:23:13.892] Block building is interrupted            allowance=2s
INFO [03-26|19:23:13.893] Stopping work on payload                 id=0x036270bb46e90ebd reason=delivery
