INFO [03-26|19:08:33.282] Starting Geth on Ethereum mainnet...
INFO [03-26|19:08:33.284] Maximum peer count                       ETH=0 total=0
INFO [03-26|19:08:33.284] Smartcard socket not found, disabling    err="stat /run/pcscd/pcscd.comm: no such file or directory"
WARN [03-26|19:08:33.286] Option --miner.etherbase is deprecated as the etherbase is set by the consensus client post-merge
WARN [03-26|19:08:33.287] Snap sync requested, resetting --cache.snapshot
INFO [03-26|19:08:33.288] Global gas cap disabled
INFO [03-26|19:08:33.927] Using developer account                  address=0xf39Fd6e51aad88F6F4ce6aB8827279cffFb92266
INFO [03-26|19:08:34.093] Using pebble as the backing database
INFO [03-26|19:08:34.094] Allocated cache and file handles         database=/home/CPerezz/bintrie-benchmarks/mpt-vs-bintrie/dbs/mpt/geth/chaindata cache=16.00MiB handles=524,288
INFO [03-26|19:08:35.217] Opened ancient database                  database=/home/CPerezz/bintrie-benchmarks/mpt-vs-bintrie/dbs/mpt/geth/chaindata/ancient/chain readonly=true
INFO [03-26|19:08:35.217] Opened Era store                         datadir=/home/CPerezz/bintrie-benchmarks/mpt-vs-bintrie/dbs/mpt/geth/chaindata/ancient/chain/era
INFO [03-26|19:08:35.228] Initializing the KZG library             backend=gokzg
INFO [03-26|19:08:35.230] Allocated trie memory caches             clean=0.00B dirty=0.00B
INFO [03-26|19:08:35.325] Using pebble as the backing database
INFO [03-26|19:08:35.325] Allocated cache and file handles         database=/home/CPerezz/bintrie-benchmarks/mpt-vs-bintrie/dbs/mpt/geth/chaindata cache=16.00MiB handles=524,288
INFO [03-26|19:08:36.590] Opened ancient database                  database=/home/CPerezz/bintrie-benchmarks/mpt-vs-bintrie/dbs/mpt/geth/chaindata/ancient/chain readonly=false
INFO [03-26|19:08:36.590] Opened Era store                         datadir=/home/CPerezz/bintrie-benchmarks/mpt-vs-bintrie/dbs/mpt/geth/chaindata/ancient/chain/era
INFO [03-26|19:08:36.591] State scheme set to already existing     scheme=path
INFO [03-26|19:08:36.591] Initialising Ethereum protocol           network=1337 dbversion=9
INFO [03-26|19:08:36.591] Load database journal from file          path=/home/CPerezz/bintrie-benchmarks/mpt-vs-bintrie/dbs/mpt/geth/triedb/merkle.journal
INFO [03-26|19:08:36.607] Opened ancient database                  database=/home/CPerezz/bintrie-benchmarks/mpt-vs-bintrie/dbs/mpt/geth/chaindata/ancient/state readonly=false
INFO [03-26|19:08:36.608] Initialized path database                triecache=0.00B statecache=0.00B buffer=0.00B state-history="last 90000 blocks" journal-dir=/home/CPerezz/bintrie-benchmarks/mpt-vs-bintrie/dbs/mpt/geth/triedb
INFO [03-26|19:08:36.608] 
INFO [03-26|19:08:36.608] ---------------------------------------------------------------------------------------------------------------------------------------------------------
INFO [03-26|19:08:36.608] Chain ID:  1337 (unknown)
INFO [03-26|19:08:36.608] Consensus: unknown
INFO [03-26|19:08:36.608] 
INFO [03-26|19:08:36.608] Pre-Merge hard forks (block based):
INFO [03-26|19:08:36.608]  - Homestead:                   #0       
INFO [03-26|19:08:36.608]  - Tangerine Whistle (EIP 150): #0       
INFO [03-26|19:08:36.608]  - Spurious Dragon/1 (EIP 155): #0       
INFO [03-26|19:08:36.608]  - Spurious Dragon/2 (EIP 158): #0       
INFO [03-26|19:08:36.608]  - Byzantium:                   #0       
INFO [03-26|19:08:36.608]  - Constantinople:              #0       
INFO [03-26|19:08:36.608]  - Petersburg:                  #0       
INFO [03-26|19:08:36.608]  - Istanbul:                    #0       
INFO [03-26|19:08:36.608]  - Muir Glacier:                #0       
INFO [03-26|19:08:36.608]  - Berlin:                      #0       
INFO [03-26|19:08:36.608]  - London:                      #0       
INFO [03-26|19:08:36.608]  - Arrow Glacier:               #0       
INFO [03-26|19:08:36.608]  - Gray Glacier:                #0       
INFO [03-26|19:08:36.608] 
INFO [03-26|19:08:36.608] Merge configured:
INFO [03-26|19:08:36.608]  - Total terminal difficulty:  0
INFO [03-26|19:08:36.608]  - Merge netsplit block:       #0       
INFO [03-26|19:08:36.608] 
INFO [03-26|19:08:36.608] Post-Merge hard forks (timestamp based):
INFO [03-26|19:08:36.608]  - Shanghai:                    @0         
INFO [03-26|19:08:36.608]  - Cancun:                      @0          blob: (target: 3, max: 6, fraction: 3338477)
INFO [03-26|19:08:36.608]  - Prague:                      @0          blob: (target: 6, max: 9, fraction: 5225352)
INFO [03-26|19:08:36.608]  - Osaka:                       @4294967295 blob: (target: 9, max: 12, fraction: 5225352)
INFO [03-26|19:08:36.608] 
INFO [03-26|19:08:36.608] All fork specifications can be found at https://ethereum.github.io/execution-specs/src/ethereum/forks/
INFO [03-26|19:08:36.608] 
INFO [03-26|19:08:36.608] ---------------------------------------------------------------------------------------------------------------------------------------------------------
INFO [03-26|19:08:36.608] 
INFO [03-26|19:08:36.608] Loaded most recent local block           number=64438 hash=dffe4b..52e4b4 age=11s
INFO [03-26|19:08:36.608] Loaded most recent local finalized block number=64416 hash=d4c184..76187c age=4m24s
INFO [03-26|19:08:36.608] Initialized transaction indexer          range="last 2350000 blocks"
INFO [03-26|19:08:36.608] Initialized log indexer                  firstblock=0 lastblock=64438 firstmap=0 lastmap=4 headindexed=true
INFO [03-26|19:08:36.613] Enabled full-sync                        head=64438 hash=dffe4b..52e4b4
INFO [03-26|19:08:36.614] Unprotected transactions allowed
INFO [03-26|19:08:36.614] Gasprice oracle is ignoring threshold set threshold=2
INFO [03-26|19:08:36.614] Registered sync override service
WARN [03-26|19:08:36.614] You are running Geth in --dev mode. Please note the following:
WARN [03-26|19:08:36.614] 
WARN [03-26|19:08:36.614]   1. This mode is only intended for fast, iterative development without assumptions on
WARN [03-26|19:08:36.614]      security or persistence.
WARN [03-26|19:08:36.614]   2. The database is created in memory unless specified otherwise. Therefore, shutting down
WARN [03-26|19:08:36.614]      your computer or losing power will wipe your entire block data and chain state for
WARN [03-26|19:08:36.614]      your dev environment.
WARN [03-26|19:08:36.614]   3. A random, pre-allocated developer account will be available and unlocked as
WARN [03-26|19:08:36.614]      eth.coinbase, which can be used for testing. The random dev account is temporary,
WARN [03-26|19:08:36.614]      stored on a ramdisk, and will be lost if your machine is restarted.
WARN [03-26|19:08:36.614]   4. Mining is enabled by default. However, the client will only seal blocks if transactions
WARN [03-26|19:08:36.614]      are pending in the mempool. The miner's minimum accepted gas price is 1.
WARN [03-26|19:08:36.614]   5. Networking is disabled; there is no listen-address, the maximum number of peers is set
WARN [03-26|19:08:36.614]      to 0, and discovery is disabled.
WARN [03-26|19:08:36.614] 
INFO [03-26|19:08:36.614] Starting peer-to-peer node               instance=Geth/v1.17.2-unstable-5d0e18f7-20260325/linux-amd64/go1.24.1
WARN [03-26|19:08:36.614] P2P server will be useless, neither dialing nor listening
INFO [03-26|19:08:36.624] IPC endpoint opened                      url=/home/CPerezz/bintrie-benchmarks/mpt-vs-bintrie/dbs/mpt/geth.ipc
ERROR[03-26|19:08:36.624] Unavailable modules in HTTP API list     unavailable=[personal] available="[admin debug web3 eth txpool miner net dev testing]"
INFO [03-26|19:08:36.625] HTTP server started                      endpoint=[::]:8545 auth=false prefix= cors= vhosts=localhost
INFO [03-26|19:08:36.625] WebSocket enabled                        url=ws://[::]:8546
INFO [03-26|19:08:36.625] New local node record                    seq=1,774,465,406,069 id=9566f6e861acb2c3 ip=127.0.0.1 udp=0 tcp=0
INFO [03-26|19:08:36.625] Started P2P networking                   self=enode://7bcb27e0859fe4ed7072e298a58918cc0b55d08376b1207f77d84f6d0d34ded7448b64ab16dd00733b489383beff49c04f662afae4dd1dc102807640ff82a1cd@127.0.0.1:0
INFO [03-26|19:08:36.647] Loaded local transaction journal         transactions=483 dropped=0
INFO [03-26|19:08:38.235] Submitted contract creation              hash=0x9e865444b39deb1bb749cb16c590efd9369cb4af29f5ec3e6c64b62464310742 from=0xf39Fd6e51aad88F6F4ce6aB8827279cffFb92266 nonce=400 contract=0xD94A92749C0bb33c4e4bA7980c6dAD0e3eFfb720 value=0
INFO [03-26|19:08:38.236] Submitted transaction                    hash=0xac2da06bb36a0ba85bfd7eb4f0f5283e9e1b00cac3e4f4751404c62a524ed7f0 from=0xf39Fd6e51aad88F6F4ce6aB8827279cffFb92266 nonce=401 recipient=0x4F8C6dfaD6f8768D7B18c3934C53CFd601A889f5 value=3,000,000,000
INFO [03-26|19:08:38.464] Started log indexer
INFO [03-26|19:08:38.468] Starting work on payload                 id=0x03b0ee0160123f9d
INFO [03-26|19:08:38.475] Updated payload                          id=0x03b0ee0160123f9d number=64439 hash=76ff79..04ac96 txs=2 withdrawals=0 gas=106,226 fees=2.230746e-12 root=85d481..7bcc7f elapsed=7.143ms
INFO [03-26|19:08:38.475] Stopping work on payload                 id=0x03b0ee0160123f9d reason=delivery
WARN [03-26|19:08:38.480] {"level":"warn","msg":"Slow block","block":{"number":64439,"hash":"0x76ff79710b362ac208547c785bde61df41884a7383236f980187ee198404ac96","gas_used":106226,"tx_count":2},"timing":{"execution_ms":0.1557,"state_read_ms":0.096158,"state_hash_ms":1.066525,"commit_ms":2.873732,"total_ms":4.242525},"throughput":{"mgas_per_sec":25.038391052498216},"state_reads":{"accounts":11,"storage_slots":0,"code":0,"code_bytes":0},"state_writes":{"accounts":3,"accounts_deleted":0,"storage_slots":0,"storage_slots_deleted":0,"code":1,"code_bytes":149},"cache":{"account":{"hits":4,"misses":7,"hit_rate":36.36363636363637},"storage":{"hits":0,"misses":0,"hit_rate":0},"code":{"hits":0,"misses":0,"hit_rate":0,"hit_bytes":0,"miss_bytes":0}}}
INFO [03-26|19:08:38.480] Imported new potential chain segment     number=64439 hash=76ff79..04ac96 blocks=1 txs=2 mgas=0.106 elapsed=4.477ms mgasps=23.726 triediffs=1.20MiB triedirty=0.00B
INFO [03-26|19:08:38.480] Ready for fork activation                fork=Osaka date="07 Feb 06 07:28 CET" remaining=700116h19m37s timestamp=4,294,967,295
INFO [03-26|19:08:38.481] Chain head was updated                   number=64439 hash=76ff79..04ac96 root=85d481..7bcc7f elapsed="219.269µs"
INFO [03-26|19:08:39.250] Submitted transaction                    hash=0xe7aeb04c8329b295528367f6255c217638fe563594de052569b261d77f79ff7c from=0x4F8C6dfaD6f8768D7B18c3934C53CFd601A889f5 nonce=0   recipient=0xD94A92749C0bb33c4e4bA7980c6dAD0e3eFfb720 value=0
INFO [03-26|19:08:48.482] Starting work on payload                 id=0x03408222a1f0200c
WARN [03-26|19:08:51.046] Block building is interrupted            allowance=2s
INFO [03-26|19:08:51.047] Updated payload                          id=0x03408222a1f0200c number=64440 hash=71d3de..9aa7dc txs=1 withdrawals=0 gas=100,000,000 fees=2.2e-09      root=18ffeb..907204 elapsed=2.564s
WARN [03-26|19:08:54.515] {"level":"warn","msg":"Slow block","block":{"number":64440,"hash":"0x71d3de775cc28e49359132f4de76d12a26ba150d734cad1cbe6e7585e49aa7dc","gas_used":100000000,"tx_count":1},"timing":{"execution_ms":173.25939,"state_read_ms":3269.574703,"state_hash_ms":0.06401,"commit_ms":19.445621,"total_ms":3462.443804},"throughput":{"mgas_per_sec":28.881335166934598},"state_reads":{"accounts":8,"storage_slots":23418,"code":2,"code_bytes":1493},"state_writes":{"accounts":2,"accounts_deleted":0,"storage_slots":0,"storage_slots_deleted":0,"code":0,"code_bytes":0},"cache":{"account":{"hits":4,"misses":4,"hit_rate":50},"storage":{"hits":2739,"misses":20679,"hit_rate":11.69613118114271},"code":{"hits":2,"misses":0,"hit_rate":100,"hit_bytes":1493,"miss_bytes":0}}}
INFO [03-26|19:08:54.515] Imported new potential chain segment     number=64440 hash=71d3de..9aa7dc blocks=1 txs=1 mgas=100.000 elapsed=3.466s      mgasps=28.849 triediffs=1.20MiB triedirty=0.00B
INFO [03-26|19:08:54.516] Chain head was updated                   number=64440 hash=71d3de..9aa7dc root=18ffeb..907204 elapsed="66.3µs"
WARN [03-26|19:08:54.836] Block building is interrupted            allowance=2s
INFO [03-26|19:08:54.836] Stopping work on payload                 id=0x03408222a1f0200c reason=delivery
