INFO [03-26|18:51:03.404] Starting Geth on Ethereum mainnet...
INFO [03-26|18:51:03.405] Maximum peer count                       ETH=0 total=0
INFO [03-26|18:51:03.406] Smartcard socket not found, disabling    err="stat /run/pcscd/pcscd.comm: no such file or directory"
WARN [03-26|18:51:03.409] Option --miner.etherbase is deprecated as the etherbase is set by the consensus client post-merge
WARN [03-26|18:51:03.410] Snap sync requested, resetting --cache.snapshot
INFO [03-26|18:51:03.410] Global gas cap disabled
INFO [03-26|18:51:04.051] Using developer account                  address=0xf39Fd6e51aad88F6F4ce6aB8827279cffFb92266
INFO [03-26|18:51:04.293] Using pebble as the backing database
INFO [03-26|18:51:04.293] Allocated cache and file handles         database=/home/CPerezz/bintrie-benchmarks/mpt-vs-bintrie/dbs/mpt/geth/chaindata cache=16.00MiB handles=524,288
INFO [03-26|18:51:06.475] Opened ancient database                  database=/home/CPerezz/bintrie-benchmarks/mpt-vs-bintrie/dbs/mpt/geth/chaindata/ancient/chain readonly=true
INFO [03-26|18:51:06.475] Opened Era store                         datadir=/home/CPerezz/bintrie-benchmarks/mpt-vs-bintrie/dbs/mpt/geth/chaindata/ancient/chain/era
INFO [03-26|18:51:06.484] Initializing the KZG library             backend=gokzg
INFO [03-26|18:51:06.486] Allocated trie memory caches             clean=0.00B dirty=0.00B
INFO [03-26|18:51:06.586] Using pebble as the backing database
INFO [03-26|18:51:06.586] Allocated cache and file handles         database=/home/CPerezz/bintrie-benchmarks/mpt-vs-bintrie/dbs/mpt/geth/chaindata cache=16.00MiB handles=524,288
INFO [03-26|18:51:07.920] Opened ancient database                  database=/home/CPerezz/bintrie-benchmarks/mpt-vs-bintrie/dbs/mpt/geth/chaindata/ancient/chain readonly=false
INFO [03-26|18:51:07.920] Opened Era store                         datadir=/home/CPerezz/bintrie-benchmarks/mpt-vs-bintrie/dbs/mpt/geth/chaindata/ancient/chain/era
INFO [03-26|18:51:07.922] State scheme set to already existing     scheme=path
INFO [03-26|18:51:07.925] Initialising Ethereum protocol           network=1337 dbversion=9
INFO [03-26|18:51:07.925] Load database journal from file          path=/home/CPerezz/bintrie-benchmarks/mpt-vs-bintrie/dbs/mpt/geth/triedb/merkle.journal
INFO [03-26|18:51:07.948] Opened ancient database                  database=/home/CPerezz/bintrie-benchmarks/mpt-vs-bintrie/dbs/mpt/geth/chaindata/ancient/state readonly=false
INFO [03-26|18:51:07.949] Initialized path database                triecache=0.00B statecache=0.00B buffer=0.00B state-history="last 90000 blocks" journal-dir=/home/CPerezz/bintrie-benchmarks/mpt-vs-bintrie/dbs/mpt/geth/triedb
INFO [03-26|18:51:07.950] 
INFO [03-26|18:51:07.950] ---------------------------------------------------------------------------------------------------------------------------------------------------------
INFO [03-26|18:51:07.950] Chain ID:  1337 (unknown)
INFO [03-26|18:51:07.950] Consensus: unknown
INFO [03-26|18:51:07.950] 
INFO [03-26|18:51:07.950] Pre-Merge hard forks (block based):
INFO [03-26|18:51:07.950]  - Homestead:                   #0       
INFO [03-26|18:51:07.950]  - Tangerine Whistle (EIP 150): #0       
INFO [03-26|18:51:07.950]  - Spurious Dragon/1 (EIP 155): #0       
INFO [03-26|18:51:07.950]  - Spurious Dragon/2 (EIP 158): #0       
INFO [03-26|18:51:07.950]  - Byzantium:                   #0       
INFO [03-26|18:51:07.950]  - Constantinople:              #0       
INFO [03-26|18:51:07.950]  - Petersburg:                  #0       
INFO [03-26|18:51:07.950]  - Istanbul:                    #0       
INFO [03-26|18:51:07.950]  - Muir Glacier:                #0       
INFO [03-26|18:51:07.950]  - Berlin:                      #0       
INFO [03-26|18:51:07.950]  - London:                      #0       
INFO [03-26|18:51:07.950]  - Arrow Glacier:               #0       
INFO [03-26|18:51:07.950]  - Gray Glacier:                #0       
INFO [03-26|18:51:07.950] 
INFO [03-26|18:51:07.950] Merge configured:
INFO [03-26|18:51:07.950]  - Total terminal difficulty:  0
INFO [03-26|18:51:07.950]  - Merge netsplit block:       #0       
INFO [03-26|18:51:07.950] 
INFO [03-26|18:51:07.950] Post-Merge hard forks (timestamp based):
INFO [03-26|18:51:07.950]  - Shanghai:                    @0         
INFO [03-26|18:51:07.950]  - Cancun:                      @0          blob: (target: 3, max: 6, fraction: 3338477)
INFO [03-26|18:51:07.950]  - Prague:                      @0          blob: (target: 6, max: 9, fraction: 5225352)
INFO [03-26|18:51:07.950]  - Osaka:                       @4294967295 blob: (target: 9, max: 12, fraction: 5225352)
INFO [03-26|18:51:07.950] 
INFO [03-26|18:51:07.950] All fork specifications can be found at https://ethereum.github.io/execution-specs/src/ethereum/forks/
INFO [03-26|18:51:07.950] 
INFO [03-26|18:51:07.950] ---------------------------------------------------------------------------------------------------------------------------------------------------------
INFO [03-26|18:51:07.950] 
INFO [03-26|18:51:07.950] Loaded most recent local block           number=64350 hash=b9b9b9..7395f1 age=15s
INFO [03-26|18:51:07.950] Loaded most recent local finalized block number=64320 hash=e9222e..03866f age=6m26s
INFO [03-26|18:51:07.951] Initialized transaction indexer          range="last 2350000 blocks"
INFO [03-26|18:51:07.951] Initialized log indexer                  firstblock=0 lastblock=64350 firstmap=0 lastmap=4 headindexed=true
INFO [03-26|18:51:07.958] Enabled full-sync                        head=64350 hash=b9b9b9..7395f1
INFO [03-26|18:51:07.958] Unprotected transactions allowed
INFO [03-26|18:51:07.958] Gasprice oracle is ignoring threshold set threshold=2
INFO [03-26|18:51:07.958] Registered sync override service
WARN [03-26|18:51:07.958] You are running Geth in --dev mode. Please note the following:
WARN [03-26|18:51:07.958] 
WARN [03-26|18:51:07.958]   1. This mode is only intended for fast, iterative development without assumptions on
WARN [03-26|18:51:07.958]      security or persistence.
WARN [03-26|18:51:07.958]   2. The database is created in memory unless specified otherwise. Therefore, shutting down
WARN [03-26|18:51:07.958]      your computer or losing power will wipe your entire block data and chain state for
WARN [03-26|18:51:07.958]      your dev environment.
WARN [03-26|18:51:07.958]   3. A random, pre-allocated developer account will be available and unlocked as
WARN [03-26|18:51:07.958]      eth.coinbase, which can be used for testing. The random dev account is temporary,
WARN [03-26|18:51:07.958]      stored on a ramdisk, and will be lost if your machine is restarted.
WARN [03-26|18:51:07.958]   4. Mining is enabled by default. However, the client will only seal blocks if transactions
WARN [03-26|18:51:07.958]      are pending in the mempool. The miner's minimum accepted gas price is 1.
WARN [03-26|18:51:07.958]   5. Networking is disabled; there is no listen-address, the maximum number of peers is set
WARN [03-26|18:51:07.958]      to 0, and discovery is disabled.
WARN [03-26|18:51:07.958] 
INFO [03-26|18:51:07.958] Starting peer-to-peer node               instance=Geth/v1.17.2-unstable-5d0e18f7-20260325/linux-amd64/go1.24.1
WARN [03-26|18:51:07.958] P2P server will be useless, neither dialing nor listening
INFO [03-26|18:51:07.964] New local node record                    seq=1,774,465,406,032 id=9566f6e861acb2c3 ip=127.0.0.1 udp=0 tcp=0
INFO [03-26|18:51:07.964] Started P2P networking                   self=enode://7bcb27e0859fe4ed7072e298a58918cc0b55d08376b1207f77d84f6d0d34ded7448b64ab16dd00733b489383beff49c04f662afae4dd1dc102807640ff82a1cd@127.0.0.1:0
INFO [03-26|18:51:07.964] IPC endpoint opened                      url=/home/CPerezz/bintrie-benchmarks/mpt-vs-bintrie/dbs/mpt/geth.ipc
ERROR[03-26|18:51:07.964] Unavailable modules in HTTP API list     unavailable=[personal] available="[admin debug web3 eth txpool miner net dev testing]"
INFO [03-26|18:51:07.965] HTTP server started                      endpoint=[::]:8545 auth=false prefix= cors= vhosts=localhost
INFO [03-26|18:51:07.965] WebSocket enabled                        url=ws://[::]:8546
INFO [03-26|18:51:07.983] Loaded local transaction journal         transactions=372 dropped=0
INFO [03-26|18:51:09.039] Started log indexer
INFO [03-26|18:51:09.048] Starting work on payload                 id=0x03866814daf112c5
INFO [03-26|18:51:09.048] Updated payload                          id=0x03866814daf112c5 number=64351 hash=721d0e..dfd6dd txs=0 withdrawals=0 gas=0 fees=0 root=4d964e..d34d72 elapsed="195.209µs"
INFO [03-26|18:51:09.048] Stopping work on payload                 id=0x03866814daf112c5 reason=delivery
WARN [03-26|18:51:09.052] {"level":"warn","msg":"Slow block","block":{"number":64351,"hash":"0x721d0ef24b641921633a1d5904ec8a2413f0cf56266776fed7c803f803dfd6dd","gas_used":0,"tx_count":0},"timing":{"execution_ms":0.01561,"state_read_ms":0.344267,"state_hash_ms":0.004309,"commit_ms":0.054569,"total_ms":0.465618},"throughput":{"mgas_per_sec":0},"state_reads":{"accounts":4,"storage_slots":0,"code":0,"code_bytes":0},"state_writes":{"accounts":0,"accounts_deleted":0,"storage_slots":0,"storage_slots_deleted":0,"code":0,"code_bytes":0},"cache":{"account":{"hits":0,"misses":4,"hit_rate":0},"storage":{"hits":0,"misses":0,"hit_rate":0},"code":{"hits":0,"misses":0,"hit_rate":0,"hit_bytes":0,"miss_bytes":0}}}
INFO [03-26|18:51:09.052] Imported new potential chain segment     number=64351 hash=721d0e..dfd6dd blocks=1 txs=0 mgas=0.000 elapsed=3.828ms     mgasps=0.000 triediffs=1.20MiB triedirty=0.00B
INFO [03-26|18:51:09.052] Ready for fork activation                fork=Osaka date="07 Feb 06 07:28 CET" remaining=700116h37m6s timestamp=4,294,967,295
INFO [03-26|18:51:09.052] Chain head was updated                   number=64351 hash=721d0e..dfd6dd root=4d964e..d34d72 elapsed="24.629µs"
INFO [03-26|18:51:09.710] Submitted contract creation              hash=0xdc96548743b0516be30ff17061b641c47059e625a91890c79a029507ed945268 from=0xf39Fd6e51aad88F6F4ce6aB8827279cffFb92266 nonce=326 contract=0x06b3244b086cecC40F1e5A826f736Ded68068a0F value=0
INFO [03-26|18:51:09.712] Submitted transaction                    hash=0x4dcd6736733a3949de4402083d168e0eb5cebf9ddcb0ff7fbb63a1955e996257 from=0xf39Fd6e51aad88F6F4ce6aB8827279cffFb92266 nonce=327 recipient=0x866e4DFC95A19AF1681570f1504EBA9D4f6d3cbA value=1,600,000,000
INFO [03-26|18:51:19.057] Starting work on payload                 id=0x039e667062cf8752
INFO [03-26|18:51:19.066] Updated payload                          id=0x039e667062cf8752 number=64352 hash=06c63a..cc0268 txs=2 withdrawals=0 gas=106,226 fees=8.49808e-13 root=4a7235..56973f elapsed=8.795ms
INFO [03-26|18:51:19.066] Stopping work on payload                 id=0x039e667062cf8752 reason=delivery
WARN [03-26|18:51:19.069] {"level":"warn","msg":"Slow block","block":{"number":64352,"hash":"0x06c63a1d5d12b20e4b0e77b14c1e4bffa068816d66027d5f01f4a58194cc0268","gas_used":106226,"tx_count":2},"timing":{"execution_ms":0.133788,"state_read_ms":0.583477,"state_hash_ms":0.320037,"commit_ms":1.673829,"total_ms":2.853811},"throughput":{"mgas_per_sec":37.22250702656903},"state_reads":{"accounts":11,"storage_slots":0,"code":0,"code_bytes":0},"state_writes":{"accounts":3,"accounts_deleted":0,"storage_slots":0,"storage_slots_deleted":0,"code":1,"code_bytes":149},"cache":{"account":{"hits":4,"misses":7,"hit_rate":36.36363636363637},"storage":{"hits":0,"misses":0,"hit_rate":0},"code":{"hits":0,"misses":0,"hit_rate":0,"hit_bytes":0,"miss_bytes":0}}}
INFO [03-26|18:51:19.069] Imported new potential chain segment     number=64352 hash=06c63a..cc0268 blocks=1 txs=2 mgas=0.106 elapsed=3.044ms     mgasps=34.894 triediffs=1.20MiB triedirty=0.00B
INFO [03-26|18:51:19.070] Chain head was updated                   number=64352 hash=06c63a..cc0268 root=4a7235..56973f elapsed="320.227µs"
INFO [03-26|18:51:19.799] Submitted transaction                    hash=0x7186160d880c51ad62c8fb56800bba04da157dc9f03aa72bc486d032b81e82dc from=0x866e4DFC95A19AF1681570f1504EBA9D4f6d3cbA nonce=0   recipient=0x06b3244b086cecC40F1e5A826f736Ded68068a0F value=0
INFO [03-26|18:51:29.072] Starting work on payload                 id=0x03f15061d1418a81
WARN [03-26|18:51:33.801] Block building is interrupted            allowance=2s
INFO [03-26|18:51:33.801] Updated payload                          id=0x03f15061d1418a81 number=64353 hash=e051ab..0b4d7d txs=1 withdrawals=0 gas=100,000,000 fees=8e-10       root=0645e8..b8f260 elapsed=4.729s
WARN [03-26|18:51:37.122] Block building is interrupted            allowance=2s
INFO [03-26|18:51:37.123] Stopping work on payload                 id=0x03f15061d1418a81 reason=delivery
WARN [03-26|18:51:37.140] {"level":"warn","msg":"Slow block","block":{"number":64353,"hash":"0xe051abe9b10ab6b7cb009f1472366db5dbfef8268b6f0a8817bf7e0dc40b4d7d","gas_used":100000000,"tx_count":1},"timing":{"execution_ms":180.660821,"state_read_ms":3138.837576,"state_hash_ms":0.06258,"commit_ms":17.561837,"total_ms":3337.208154},"throughput":{"mgas_per_sec":29.965167105366003},"state_reads":{"accounts":8,"storage_slots":23418,"code":2,"code_bytes":1493},"state_writes":{"accounts":2,"accounts_deleted":0,"storage_slots":0,"storage_slots_deleted":0,"code":0,"code_bytes":0},"cache":{"account":{"hits":3,"misses":5,"hit_rate":37.5},"storage":{"hits":1728,"misses":21690,"hit_rate":7.378939277478862},"code":{"hits":2,"misses":0,"hit_rate":100,"hit_bytes":1493,"miss_bytes":0}}}
INFO [03-26|18:51:37.140] Imported new potential chain segment     number=64353 hash=e051ab..0b4d7d blocks=1 txs=1 mgas=100.000 elapsed=3.338s      mgasps=29.956 triediffs=1.20MiB triedirty=0.00B
INFO [03-26|18:51:37.141] Chain head was updated                   number=64353 hash=e051ab..0b4d7d root=0645e8..b8f260 elapsed="62.34µs"
