2026/03/25 11:54:01 Auto-scaled for 1200GB target (70/20/10 ratio):
2026/03/25 11:54:01   accounts:     3221225472
2026/03/25 11:54:01   contracts:    100000 (unlimited, stops at target)
2026/03/25 11:54:01   min-slots:    37580
2026/03/25 11:54:01   max-slots:    375800
2026/03/25 11:54:01   code-size:    1024
2026/03/25 11:54:01   distribution: power-law
2026/03/25 11:54:01 Loaded genesis with 1 alloc accounts (chainId=1337)
2026/03/25 11:54:01 Configuration:
2026/03/25 11:54:01   Database:     /home/CPerezz/bintrie-benchmarks/mpt-vs-bintrie/dbs/mpt/geth/chaindata
2026/03/25 11:54:01   Output Format: geth
2026/03/25 11:54:01   Accounts:     3221225472
2026/03/25 11:54:01   Contracts:    unlimited (governed by --target-size)
2026/03/25 11:54:01   Max Slots:    375800 (auto-scaled for target size)
2026/03/25 11:54:01   Min Slots:    37580 (auto-scaled for target size)
2026/03/25 11:54:01   Distribution: power-law
2026/03/25 11:54:01   Seed:         25519
2026/03/25 11:54:01   Batch Size:   100000
2026/03/25 11:54:01   Workers:      96
2026/03/25 11:54:01   Code Size:    1024 bytes
2026/03/25 11:54:01   Trie Mode:    mpt
2026/03/25 11:54:01   Commit Interval: 500000 trie insertions
2026/03/25 11:54:01   Group Depth:     8
2026/03/25 11:54:01   Pebble Block:    4096 bytes
2026/03/25 11:54:01   Target Size:  1.17 TB
2026/03/25 11:54:01   Genesis:      /home/CPerezz/state-actor/genesis.json
2026/03/25 11:54:01 Included 1 genesis alloc accounts (1 EOAs, 0 contracts)
2026/03/25 11:54:21 [MPT Phase 1] EOAs: 8940845 processed
2026/03/25 11:54:41 [MPT Phase 1] EOAs: 18332400 processed
2026/03/25 11:55:01 [MPT Phase 1] EOAs: 27727871 processed
2026/03/25 11:55:22 [MPT Phase 1] EOAs: 36955359 processed
2026/03/25 11:55:42 [MPT Phase 1] EOAs: 46492155 processed
2026/03/25 11:56:02 [MPT Phase 1] EOAs: 56000625 processed
2026/03/25 11:56:22 [MPT Phase 1] EOAs: 65174378 processed
2026/03/25 11:56:42 [MPT Phase 1] EOAs: 74579167 processed
2026/03/25 11:57:02 [MPT Phase 1] EOAs: 84043408 processed
2026/03/25 11:57:22 [MPT Phase 1] EOAs: 93580256 processed
2026/03/25 11:57:42 [MPT Phase 1] EOAs: 103066319 processed
2026/03/25 11:58:02 [MPT Phase 1] EOAs: 112050843 processed
2026/03/25 11:58:22 [MPT Phase 1] EOAs: 121268778 processed
2026/03/25 11:58:42 [MPT Phase 1] EOAs: 130535472 processed
2026/03/25 11:59:02 [MPT Phase 1] EOAs: 139925990 processed
2026/03/25 11:59:22 [MPT Phase 1] EOAs: 149013062 processed
2026/03/25 11:59:42 [MPT Phase 1] EOAs: 158188789 processed
2026/03/25 12:00:03 [MPT Phase 1] EOAs: 167490727 processed
2026/03/25 12:00:23 [MPT Phase 1] EOAs: 176957416 processed
2026/03/25 12:00:43 [MPT Phase 1] EOAs: 186185964 processed
2026/03/25 12:01:03 [MPT Phase 1] EOAs: 195391225 processed
2026/03/25 12:01:23 [MPT Phase 1] EOAs: 204446030 processed
2026/03/25 12:01:43 [MPT Phase 1] EOAs: 213982813 processed
2026/03/25 12:02:03 [MPT Phase 1] EOAs: 223519668 processed
2026/03/25 12:02:23 [MPT Phase 1] EOAs: 232995711 processed
2026/03/25 12:02:43 [MPT Phase 1] EOAs: 242036496 processed
2026/03/25 12:03:03 [MPT Phase 1] EOAs: 251573979 processed
2026/03/25 12:03:23 [MPT Phase 1] EOAs: 260899162 processed
2026/03/25 12:03:43 [MPT Phase 1] EOAs: 270104640 processed
2026/03/25 12:04:03 [MPT Phase 1] EOAs: 279623779 processed
2026/03/25 12:04:23 [MPT Phase 1] EOAs: 289195678 processed
2026/03/25 12:04:43 [MPT Phase 1] EOAs: 298622254 processed
2026/03/25 12:05:03 [MPT Phase 1] EOAs: 308114351 processed
2026/03/25 12:05:23 [MPT Phase 1] EOAs: 317177793 processed
2026/03/25 12:05:43 [MPT Phase 1] EOAs: 326636662 processed
2026/03/25 12:06:03 [MPT Phase 1] EOAs: 336152666 processed
2026/03/25 12:06:23 [MPT Phase 1] EOAs: 345236645 processed
2026/03/25 12:06:44 [MPT Phase 1] EOAs: 354651126 processed
2026/03/25 12:07:04 [MPT Phase 1] EOAs: 364187884 processed
2026/03/25 12:07:24 [MPT Phase 1] EOAs: 373633774 processed
2026/03/25 12:07:44 [MPT Phase 1] EOAs: 382834288 processed
2026/03/25 12:08:04 [MPT Phase 1] EOAs: 392202255 processed
2026/03/25 12:08:24 [MPT Phase 1] EOAs: 401739072 processed
2026/03/25 12:08:44 [MPT Phase 1] EOAs: 411056797 processed
2026/03/25 12:09:05 [MPT Phase 1] EOAs: 420216676 processed
2026/03/25 12:09:25 [MPT Phase 1] EOAs: 429616470 processed
2026/03/25 12:09:45 [MPT Phase 1] EOAs: 438840716 processed
2026/03/25 12:10:05 [MPT Phase 1] EOAs: 448231095 processed
2026/03/25 12:10:25 [MPT Phase 1] EOAs: 457581367 processed
2026/03/25 12:10:45 [MPT Phase 1] EOAs: 466882876 processed
2026/03/25 12:11:05 [MPT Phase 1] EOAs: 476323631 processed
2026/03/25 12:11:25 [MPT Phase 1] EOAs: 485782397 processed
2026/03/25 12:11:45 [MPT Phase 1] EOAs: 495319246 processed
2026/03/25 12:12:05 [MPT Phase 1] EOAs: 504575448 processed
2026/03/25 12:12:25 [MPT Phase 1] EOAs: 513872898 processed
2026/03/25 12:12:45 [MPT Phase 1] EOAs: 523318209 processed
2026/03/25 12:13:05 [MPT Phase 1] EOAs: 532477364 processed
2026/03/25 12:13:25 [MPT Phase 1] EOAs: 541811290 processed
2026/03/25 12:13:45 [MPT Phase 1] EOAs: 551259298 processed
2026/03/25 12:14:05 [MPT Phase 1] EOAs: 560659580 processed
2026/03/25 12:14:25 [MPT Phase 1] EOAs: 569825716 processed
2026/03/25 12:14:45 [MPT Phase 1] EOAs: 579347122 processed
2026/03/25 12:15:05 [MPT Phase 1] EOAs: 588712623 processed
2026/03/25 12:15:26 [MPT Phase 1] EOAs: 597840238 processed
2026/03/25 12:15:46 [MPT Phase 1] EOAs: 607367572 processed
2026/03/25 12:16:06 [MPT Phase 1] EOAs: 616390437 processed
2026/03/25 12:16:26 [MPT Phase 1] EOAs: 625484937 processed
2026/03/25 12:16:46 [MPT Phase 1] EOAs: 634657843 processed
2026/03/25 12:17:06 [MPT Phase 1] EOAs: 643736245 processed
2026/03/25 12:17:26 [MPT Phase 1] EOAs: 652720457 processed
2026/03/25 12:17:46 [MPT Phase 1] EOAs: 661733353 processed
2026/03/25 12:18:06 [MPT Phase 1] EOAs: 670844010 processed
2026/03/25 12:18:26 [MPT Phase 1] EOAs: 680095415 processed
2026/03/25 12:18:46 [MPT Phase 1] EOAs: 689233396 processed
2026/03/25 12:19:06 [MPT Phase 1] EOAs: 698573013 processed
2026/03/25 12:19:26 [MPT Phase 1] EOAs: 707999928 processed
2026/03/25 12:19:46 [MPT Phase 1] EOAs: 717050627 processed
2026/03/25 12:20:06 [MPT Phase 1] EOAs: 726313919 processed
2026/03/25 12:20:26 [MPT Phase 1] EOAs: 735377360 processed
2026/03/25 12:20:47 [MPT Phase 1] EOAs: 744469039 processed
2026/03/25 12:21:07 [MPT Phase 1] EOAs: 753771341 processed
2026/03/25 12:21:27 [MPT Phase 1] EOAs: 762946671 processed
2026/03/25 12:21:47 [MPT Phase 1] EOAs: 772125193 processed
2026/03/25 12:22:07 [MPT Phase 1] EOAs: 781262572 processed
2026/03/25 12:22:27 [MPT Phase 1] EOAs: 790402256 processed
2026/03/25 12:22:47 [MPT Phase 1] EOAs: 799901840 processed
2026/03/25 12:23:07 [MPT Phase 1] EOAs: 808842634 processed
2026/03/25 12:23:27 [MPT Phase 1] EOAs: 817843651 processed
2026/03/25 12:23:47 [MPT Phase 1] EOAs: 827271331 processed
2026/03/25 12:24:07 [MPT Phase 1] EOAs: 836320392 processed
2026/03/25 12:24:27 [MPT Phase 1] EOAs: 845785333 processed
2026/03/25 12:24:47 [MPT Phase 1] EOAs: 855198531 processed
2026/03/25 12:25:08 [MPT Phase 1] EOAs: 864275556 processed
2026/03/25 12:25:28 [MPT Phase 1] EOAs: 873812402 processed
2026/03/25 12:25:48 [MPT Phase 1] EOAs: 883247090 processed
2026/03/25 12:26:08 [MPT Phase 1] EOAs: 892379491 processed
2026/03/25 12:26:28 [MPT Phase 1] EOAs: 901811408 processed
2026/03/25 12:26:48 [MPT Phase 1] EOAs: 910923382 processed
2026/03/25 12:27:08 [MPT Phase 1] EOAs: 919936702 processed
2026/03/25 12:27:28 [MPT Phase 1] EOAs: 929229627 processed
2026/03/25 12:27:48 [MPT Phase 1] EOAs: 938186116 processed
2026/03/25 12:28:08 [MPT Phase 1] EOAs: 947525879 processed
2026/03/25 12:28:28 [MPT Phase 1] EOAs: 956663686 processed
2026/03/25 12:28:48 [MPT Phase 1] EOAs: 965919494 processed
2026/03/25 12:29:08 [MPT Phase 1] EOAs: 975141278 processed
2026/03/25 12:29:28 [MPT Phase 1] EOAs: 984231506 processed
2026/03/25 12:29:48 [MPT Phase 1] EOAs: 993541451 processed
2026/03/25 12:30:08 [MPT Phase 1] EOAs: 1002559698 processed
2026/03/25 12:30:28 [MPT Phase 1] EOAs: 1011682774 processed
2026/03/25 12:30:48 [MPT Phase 1] EOAs: 1020798766 processed
2026/03/25 12:31:09 [MPT Phase 1] EOAs: 1029978054 processed
2026/03/25 12:31:29 [MPT Phase 1] EOAs: 1039228337 processed
2026/03/25 12:31:49 [MPT Phase 1] EOAs: 1048393894 processed
2026/03/25 12:32:09 [MPT Phase 1] EOAs: 1057396452 processed
2026/03/25 12:32:29 [MPT Phase 1] EOAs: 1066337237 processed
2026/03/25 12:32:49 [MPT Phase 1] EOAs: 1075382010 processed
2026/03/25 12:33:09 [MPT Phase 1] EOAs: 1084453098 processed
2026/03/25 12:33:29 [MPT Phase 1] EOAs: 1093755661 processed
2026/03/25 12:33:49 [MPT Phase 1] EOAs: 1103048213 processed
2026/03/25 12:34:09 [MPT Phase 1] EOAs: 1112149908 processed
2026/03/25 12:34:29 [MPT Phase 1] EOAs: 1121174038 processed
2026/03/25 12:34:49 [MPT Phase 1] EOAs: 1130476369 processed
2026/03/25 12:35:10 [MPT Phase 1] EOAs: 1139651633 processed
2026/03/25 12:35:30 [MPT Phase 1] EOAs: 1148950250 processed
2026/03/25 12:35:50 [MPT Phase 1] EOAs: 1158129262 processed
2026/03/25 12:36:10 [MPT Phase 1] EOAs: 1167277901 processed
2026/03/25 12:36:30 [MPT Phase 1] EOAs: 1176458694 processed
2026/03/25 12:36:51 [MPT Phase 1] EOAs: 1185547590 processed
2026/03/25 12:37:11 [MPT Phase 1] EOAs: 1194566571 processed
2026/03/25 12:37:31 [MPT Phase 1] EOAs: 1203525162 processed
2026/03/25 12:37:51 [MPT Phase 1] EOAs: 1212746756 processed
2026/03/25 12:38:11 [MPT Phase 1] EOAs: 1221906783 processed
2026/03/25 12:38:31 [MPT Phase 1] EOAs: 1231165985 processed
2026/03/25 12:38:51 [MPT Phase 1] EOAs: 1240368899 processed
2026/03/25 12:39:11 [MPT Phase 1] EOAs: 1249344279 processed
2026/03/25 12:39:31 [MPT Phase 1] EOAs: 1258565140 processed
2026/03/25 12:39:51 [MPT Phase 1] EOAs: 1267609508 processed
2026/03/25 12:40:11 [MPT Phase 1] EOAs: 1276743499 processed
2026/03/25 12:40:31 [MPT Phase 1] EOAs: 1285736702 processed
2026/03/25 12:40:51 [MPT Phase 1] EOAs: 1294719718 processed
2026/03/25 12:41:11 [MPT Phase 1] EOAs: 1303939585 processed
2026/03/25 12:41:31 [MPT Phase 1] EOAs: 1312765528 processed
2026/03/25 12:41:51 [MPT Phase 1] EOAs: 1321585491 processed
2026/03/25 12:42:11 [MPT Phase 1] EOAs: 1330478188 processed
2026/03/25 12:42:31 [MPT Phase 1] EOAs: 1339554619 processed
2026/03/25 12:42:51 [MPT Phase 1] EOAs: 1348547260 processed
2026/03/25 12:43:12 [MPT Phase 1] EOAs: 1357791059 processed
2026/03/25 12:43:32 [MPT Phase 1] EOAs: 1366730580 processed
2026/03/25 12:43:52 [MPT Phase 1] EOAs: 1375407143 processed
2026/03/25 12:44:12 [MPT Phase 1] EOAs: 1384032859 processed
2026/03/25 12:44:32 [MPT Phase 1] EOAs: 1392973628 processed
2026/03/25 12:44:52 [MPT Phase 1] EOAs: 1402337052 processed
2026/03/25 12:45:12 [MPT Phase 1] EOAs: 1411451266 processed
2026/03/25 12:45:32 [MPT Phase 1] EOAs: 1420681363 processed
2026/03/25 12:45:52 [MPT Phase 1] EOAs: 1429928831 processed
2026/03/25 12:46:12 [MPT Phase 1] EOAs: 1439111781 processed
2026/03/25 12:46:32 [MPT Phase 1] EOAs: 1448406419 processed
2026/03/25 12:46:52 [MPT Phase 1] EOAs: 1457782506 processed
2026/03/25 12:47:12 [MPT Phase 1] EOAs: 1466884066 processed
2026/03/25 12:47:32 [MPT Phase 1] EOAs: 1476121560 processed
2026/03/25 12:47:52 [MPT Phase 1] EOAs: 1485237509 processed
2026/03/25 12:48:13 [MPT Phase 1] EOAs: 1494302480 processed
2026/03/25 12:48:33 [MPT Phase 1] EOAs: 1503605123 processed
2026/03/25 12:48:53 [MPT Phase 1] EOAs: 1512780124 processed
2026/03/25 12:49:13 [MPT Phase 1] EOAs: 1522284289 processed
2026/03/25 12:49:33 [MPT Phase 1] EOAs: 1531257730 processed
2026/03/25 12:49:53 [MPT Phase 1] EOAs: 1540198501 processed
2026/03/25 12:50:13 [MPT Phase 1] EOAs: 1549139276 processed
2026/03/25 12:50:33 [MPT Phase 1] EOAs: 1558112134 processed
2026/03/25 12:50:54 [MPT Phase 1] EOAs: 1567616869 processed
2026/03/25 12:51:14 [MPT Phase 1] EOAs: 1577060254 processed
2026/03/25 12:51:34 [MPT Phase 1] EOAs: 1586122205 processed
2026/03/25 12:51:54 [MPT Phase 1] EOAs: 1595352073 processed
2026/03/25 12:52:14 [MPT Phase 1] EOAs: 1604556676 processed
2026/03/25 12:52:34 [MPT Phase 1] EOAs: 1613751304 processed
2026/03/25 12:52:54 [MPT Phase 1] EOAs: 1623122302 processed
2026/03/25 12:53:14 [MPT Phase 1] EOAs: 1632533863 processed
2026/03/25 12:53:34 [MPT Phase 1] EOAs: 1641658674 processed
2026/03/25 12:53:54 [MPT Phase 1] EOAs: 1651064166 processed
2026/03/25 12:54:14 [MPT Phase 1] EOAs: 1660511628 processed
2026/03/25 12:54:34 [MPT Phase 1] EOAs: 1669645407 processed
2026/03/25 12:54:54 [MPT Phase 1] EOAs: 1679078654 processed
2026/03/25 12:55:14 [MPT Phase 1] EOAs: 1688257204 processed
2026/03/25 12:55:35 [MPT Phase 1] EOAs: 1697556305 processed
2026/03/25 12:55:55 [MPT Phase 1] EOAs: 1706711845 processed
2026/03/25 12:56:15 [MPT Phase 1] EOAs: 1715605146 processed
2026/03/25 12:56:35 [MPT Phase 1] EOAs: 1724450068 processed
2026/03/25 12:56:55 [MPT Phase 1] EOAs: 1733319458 processed
2026/03/25 12:57:15 [MPT Phase 1] EOAs: 1742335018 processed
2026/03/25 12:57:35 [MPT Phase 1] EOAs: 1751201016 processed
2026/03/25 12:57:55 [MPT Phase 1] EOAs: 1760141812 processed
2026/03/25 12:58:15 [MPT Phase 1] EOAs: 1769110774 processed
2026/03/25 12:58:35 [MPT Phase 1] EOAs: 1778061493 processed
2026/03/25 12:58:55 [MPT Phase 1] EOAs: 1786964161 processed
2026/03/25 12:59:15 [MPT Phase 1] EOAs: 1795992983 processed
2026/03/25 12:59:35 [MPT Phase 1] EOAs: 1804845745 processed
2026/03/25 12:59:56 [MPT Phase 1] EOAs: 1813786521 processed
2026/03/25 13:00:16 [MPT Phase 1] EOAs: 1822727303 processed
2026/03/25 13:00:36 [MPT Phase 1] EOAs: 1831668088 processed
2026/03/25 13:00:56 [MPT Phase 1] EOAs: 1840613395 processed
2026/03/25 13:01:16 [MPT Phase 1] EOAs: 1849663998 processed
2026/03/25 13:01:36 [MPT Phase 1] EOAs: 1858490446 processed
2026/03/25 13:01:56 [MPT Phase 1] EOAs: 1867520294 processed
2026/03/25 13:02:16 [MPT Phase 1] EOAs: 1876372012 processed
2026/03/25 13:02:36 [MPT Phase 1] EOAs: 1885312794 processed
2026/03/25 13:02:57 [MPT Phase 1] EOAs: 1894253579 processed
2026/03/25 13:03:17 [MPT Phase 1] EOAs: 1903396279 processed
2026/03/25 13:03:37 [MPT Phase 1] EOAs: 1912501987 processed
2026/03/25 13:03:57 [MPT Phase 1] EOAs: 1921540717 processed
2026/03/25 13:04:17 [MPT Phase 1] EOAs: 1930612673 processed
2026/03/25 13:04:37 [MPT Phase 1] EOAs: 1939553466 processed
2026/03/25 13:04:57 [MPT Phase 1] EOAs: 1948494234 processed
2026/03/25 13:05:18 [MPT Phase 1] EOAs: 1957434994 processed
2026/03/25 13:05:38 [MPT Phase 1] EOAs: 1966375800 processed
2026/03/25 13:05:58 [MPT Phase 1] EOAs: 1975396266 processed
2026/03/25 13:06:18 [MPT Phase 1] EOAs: 1984489963 processed
2026/03/25 13:06:38 [MPT Phase 1] EOAs: 1993565552 processed
2026/03/25 13:06:58 [MPT Phase 1] EOAs: 2002521701 processed
2026/03/25 13:07:18 [MPT Phase 1] EOAs: 2011553292 processed
2026/03/25 13:07:38 [MPT Phase 1] EOAs: 2020616635 processed
2026/03/25 13:07:58 [MPT Phase 1] EOAs: 2029673797 processed
2026/03/25 13:08:18 [MPT Phase 1] EOAs: 2038498197 processed
2026/03/25 13:08:38 [MPT Phase 1] EOAs: 2047438938 processed
2026/03/25 13:08:58 [MPT Phase 1] EOAs: 2056630732 processed
2026/03/25 13:09:18 [MPT Phase 1] EOAs: 2065662192 processed
2026/03/25 13:09:38 [MPT Phase 1] EOAs: 2074663236 processed
2026/03/25 13:09:58 [MPT Phase 1] EOAs: 2083665809 processed
2026/03/25 13:10:18 [MPT Phase 1] EOAs: 2092608543 processed
2026/03/25 13:10:38 [MPT Phase 1] EOAs: 2101615485 processed
2026/03/25 13:10:58 [MPT Phase 1] EOAs: 2110404722 processed
2026/03/25 13:11:18 [MPT Phase 1] EOAs: 2119125225 processed
2026/03/25 13:11:38 [MPT Phase 1] EOAs: 2128045991 processed
2026/03/25 13:11:58 [MPT Phase 1] EOAs: 2136919390 processed
2026/03/25 13:12:18 [MPT Phase 1] EOAs: 2145940715 processed
2026/03/25 13:12:38 [MPT Phase 1] EOAs: 2154728377 processed
2026/03/25 13:12:58 [MPT Phase 1] EOAs: 2163916037 processed
2026/03/25 13:13:18 [MPT Phase 1] EOAs: 2172811115 processed
2026/03/25 13:13:38 [MPT Phase 1] EOAs: 2181836161 processed
2026/03/25 13:13:58 [MPT Phase 1] EOAs: 2190614359 processed
2026/03/25 13:14:18 [MPT Phase 1] EOAs: 2199482918 processed
2026/03/25 13:14:38 [MPT Phase 1] EOAs: 2208373026 processed
2026/03/25 13:14:58 [MPT Phase 1] EOAs: 2217326810 processed
2026/03/25 13:15:18 [MPT Phase 1] EOAs: 2226373824 processed
2026/03/25 13:15:38 [MPT Phase 1] EOAs: 2235329505 processed
2026/03/25 13:15:58 [MPT Phase 1] EOAs: 2244156841 processed
2026/03/25 13:16:19 [MPT Phase 1] EOAs: 2253076950 processed
2026/03/25 13:16:39 [MPT Phase 1] EOAs: 2262017757 processed
2026/03/25 13:16:59 [MPT Phase 1] EOAs: 2270936433 processed
2026/03/25 13:17:19 [MPT Phase 1] EOAs: 2279314591 processed
2026/03/25 13:17:39 [MPT Phase 1] EOAs: 2287867743 processed
2026/03/25 13:17:59 [MPT Phase 1] EOAs: 2296588785 processed
2026/03/25 13:18:19 [MPT Phase 1] EOAs: 2304997952 processed
2026/03/25 13:18:39 [MPT Phase 1] EOAs: 2313798862 processed
2026/03/25 13:18:59 [MPT Phase 1] EOAs: 2322402149 processed
2026/03/25 13:19:19 [MPT Phase 1] EOAs: 2331015531 processed
2026/03/25 13:19:39 [MPT Phase 1] EOAs: 2339504532 processed
2026/03/25 13:19:59 [MPT Phase 1] EOAs: 2348037775 processed
2026/03/25 13:20:19 [MPT Phase 1] EOAs: 2356194010 processed
2026/03/25 13:20:39 [MPT Phase 1] EOAs: 2364643793 processed
2026/03/25 13:20:59 [MPT Phase 1] EOAs: 2372922442 processed
2026/03/25 13:21:20 [MPT Phase 1] EOAs: 2381824291 processed
2026/03/25 13:21:40 [MPT Phase 1] EOAs: 2390462701 processed
2026/03/25 13:22:00 [MPT Phase 1] EOAs: 2398709130 processed
2026/03/25 13:22:20 [MPT Phase 1] EOAs: 2407135595 processed
2026/03/25 13:22:40 [MPT Phase 1] EOAs: 2415683897 processed
2026/03/25 13:23:00 [MPT Phase 1] EOAs: 2423548004 processed
2026/03/25 13:23:20 [MPT Phase 1] EOAs: 2432087201 processed
2026/03/25 13:23:40 [MPT Phase 1] EOAs: 2440237499 processed
2026/03/25 13:24:00 [MPT Phase 1] EOAs: 2448661979 processed
2026/03/25 13:24:20 [MPT Phase 1] EOAs: 2457489622 processed
2026/03/25 13:24:40 [MPT Phase 1] EOAs: 2465867718 processed
2026/03/25 13:25:00 [MPT Phase 1] EOAs: 2474399812 processed
2026/03/25 13:25:21 [MPT Phase 1] EOAs: 2482557174 processed
2026/03/25 13:25:41 [MPT Phase 1] EOAs: 2490901882 processed
2026/03/25 13:26:01 [MPT Phase 1] EOAs: 2499246577 processed
2026/03/25 13:26:21 [MPT Phase 1] EOAs: 2507807254 processed
2026/03/25 13:26:41 [MPT Phase 1] EOAs: 2516266592 processed
2026/03/25 13:27:01 [MPT Phase 1] EOAs: 2525234680 processed
2026/03/25 13:27:21 [MPT Phase 1] EOAs: 2533817605 processed
2026/03/25 13:27:41 [MPT Phase 1] EOAs: 2542422399 processed
2026/03/25 13:28:01 [MPT Phase 1] EOAs: 2550833715 processed
2026/03/25 13:28:21 [MPT Phase 1] EOAs: 2558864330 processed
2026/03/25 13:28:41 [MPT Phase 1] EOAs: 2567485573 processed
2026/03/25 13:29:01 [MPT Phase 1] EOAs: 2575586013 processed
2026/03/25 13:29:21 [MPT Phase 1] EOAs: 2583968435 processed
2026/03/25 13:29:41 [MPT Phase 1] EOAs: 2592206129 processed
2026/03/25 13:30:01 [MPT Phase 1] EOAs: 2600575455 processed
2026/03/25 13:30:22 [MPT Phase 1] EOAs: 2608920219 processed
2026/03/25 13:30:42 [MPT Phase 1] EOAs: 2617264978 processed
2026/03/25 13:31:02 [MPT Phase 1] EOAs: 2625594214 processed
2026/03/25 13:31:22 [MPT Phase 1] EOAs: 2633948924 processed
2026/03/25 13:31:42 [MPT Phase 1] EOAs: 2642299097 processed
2026/03/25 13:32:02 [MPT Phase 1] EOAs: 2650965582 processed
2026/03/25 13:32:22 [MPT Phase 1] EOAs: 2659059434 processed
2026/03/25 13:32:42 [MPT Phase 1] EOAs: 2667929391 processed
2026/03/25 13:33:03 [MPT Phase 1] EOAs: 2676870191 processed
2026/03/25 13:33:23 [MPT Phase 1] EOAs: 2685324685 processed
2026/03/25 13:33:43 [MPT Phase 1] EOAs: 2693904219 processed
2026/03/25 13:34:03 [MPT Phase 1] EOAs: 2702906907 processed
2026/03/25 13:34:23 [MPT Phase 1] EOAs: 2711623463 processed
2026/03/25 13:34:43 [MPT Phase 1] EOAs: 2720250815 processed
2026/03/25 13:35:03 [MPT Phase 1] EOAs: 2728553291 processed
2026/03/25 13:35:23 [MPT Phase 1] EOAs: 2737144055 processed
2026/03/25 13:35:43 [MPT Phase 1] EOAs: 2745416240 processed
2026/03/25 13:36:03 [MPT Phase 1] EOAs: 2754048995 processed
2026/03/25 13:36:23 [MPT Phase 1] EOAs: 2762599762 processed
2026/03/25 13:36:43 [MPT Phase 1] EOAs: 2770671940 processed
2026/03/25 13:37:03 [MPT Phase 1] EOAs: 2778602195 processed
2026/03/25 13:37:23 [MPT Phase 1] EOAs: 2786543901 processed
2026/03/25 13:37:43 [MPT Phase 1] EOAs: 2795022860 processed
2026/03/25 13:38:03 [MPT Phase 1] EOAs: 2803662680 processed
2026/03/25 13:38:23 [MPT Phase 1] EOAs: 2811719126 processed
2026/03/25 13:38:43 [MPT Phase 1] EOAs: 2819922840 processed
2026/03/25 13:39:03 [MPT Phase 1] EOAs: 2828267608 processed
2026/03/25 13:39:23 [MPT Phase 1] EOAs: 2836936428 processed
2026/03/25 13:39:43 [MPT Phase 1] EOAs: 2845263081 processed
2026/03/25 13:40:03 [MPT Phase 1] EOAs: 2853301822 processed
2026/03/25 13:40:24 [MPT Phase 1] EOAs: 2861646547 processed
2026/03/25 13:40:44 [MPT Phase 1] EOAs: 2869714288 processed
2026/03/25 13:41:04 [MPT Phase 1] EOAs: 2877739975 processed
2026/03/25 13:41:24 [MPT Phase 1] EOAs: 2885936697 processed
2026/03/25 13:41:44 [MPT Phase 1] EOAs: 2893833369 processed
2026/03/25 13:42:05 [MPT Phase 1] EOAs: 2902178099 processed
2026/03/25 13:42:25 [MPT Phase 1] EOAs: 2910864972 processed
2026/03/25 13:42:45 [MPT Phase 1] EOAs: 2919463596 processed
2026/03/25 13:43:05 [MPT Phase 1] EOAs: 2928046890 processed
2026/03/25 13:43:25 [MPT Phase 1] EOAs: 2936708640 processed
2026/03/25 13:43:45 [MPT Phase 1] EOAs: 2944640527 processed
2026/03/25 13:44:05 [MPT Phase 1] EOAs: 2952842603 processed
2026/03/25 13:44:25 [MPT Phase 1] EOAs: 2960896642 processed
2026/03/25 13:44:45 [MPT Phase 1] EOAs: 2968920644 processed
2026/03/25 13:45:05 [MPT Phase 1] EOAs: 2977112265 processed
2026/03/25 13:45:26 [MPT Phase 1] EOAs: 2985029388 processed
2026/03/25 13:45:46 [MPT Phase 1] EOAs: 2993374092 processed
2026/03/25 13:46:06 [MPT Phase 1] EOAs: 3001566438 processed
2026/03/25 13:46:26 [MPT Phase 1] EOAs: 3009716033 processed
2026/03/25 13:46:46 [MPT Phase 1] EOAs: 3017750511 processed
2026/03/25 13:47:06 [MPT Phase 1] EOAs: 3026143980 processed
2026/03/25 13:47:26 [MPT Phase 1] EOAs: 3034225164 processed
2026/03/25 13:47:46 [MPT Phase 1] EOAs: 3042415564 processed
2026/03/25 13:48:06 [MPT Phase 1] EOAs: 3050595001 processed
2026/03/25 13:48:26 [MPT Phase 1] EOAs: 3058939742 processed
2026/03/25 13:48:46 [MPT Phase 1] EOAs: 3067584705 processed
2026/03/25 13:49:06 [MPT Phase 1] EOAs: 3075613716 processed
2026/03/25 13:49:26 [MPT Phase 1] EOAs: 3083845885 processed
2026/03/25 13:49:47 [MPT Phase 1] EOAs: 3092318645 processed
2026/03/25 13:50:07 [MPT Phase 1] EOAs: 3100677514 processed
2026/03/25 13:50:27 [MPT Phase 1] EOAs: 3109008093 processed
2026/03/25 13:50:47 [MPT Phase 1] EOAs: 3117352806 processed
2026/03/25 13:51:07 [MPT Phase 1] EOAs: 3126000383 processed
2026/03/25 13:51:27 [MPT Phase 1] EOAs: 3134042342 processed
2026/03/25 13:51:47 [MPT Phase 1] EOAs: 3141981216 processed
2026/03/25 13:52:07 [MPT Phase 1] EOAs: 3150135723 processed
2026/03/25 13:52:27 [MPT Phase 1] EOAs: 3158162481 processed
2026/03/25 13:52:47 [MPT Phase 1] EOAs: 3166048825 processed
2026/03/25 13:53:07 [MPT Phase 1] EOAs: 3173733625 processed
2026/03/25 13:53:28 [MPT Phase 1] EOAs: 3181726431 processed
2026/03/25 13:53:48 [MPT Phase 1] EOAs: 3189986542 processed
2026/03/25 13:54:08 [MPT Phase 1] EOAs: 3197651295 processed
2026/03/25 13:54:28 [MPT Phase 1] EOAs: 3205603785 processed
2026/03/25 13:54:48 [MPT Phase 1] EOAs: 3213913232 processed
2026/03/25 13:55:08 [MPT Phase 1] contracts: 8 processed
2026/03/25 13:55:28 [MPT Phase 1] contracts: 93 processed
2026/03/25 13:55:49 [MPT Phase 1] contracts: 174 processed
2026/03/25 13:56:09 [MPT Phase 1] contracts: 266 processed
2026/03/25 13:56:29 [MPT Phase 1] contracts: 352 processed
2026/03/25 13:56:49 [MPT Phase 1] contracts: 433 processed
2026/03/25 13:57:09 [MPT Phase 1] contracts: 508 processed
2026/03/25 13:57:29 [MPT Phase 1] contracts: 593 processed
2026/03/25 13:57:50 [MPT Phase 1] contracts: 675 processed
2026/03/25 13:58:10 [MPT Phase 1] contracts: 755 processed
2026/03/25 13:58:30 [MPT Phase 1] contracts: 825 processed
2026/03/25 13:58:50 [MPT Phase 1] contracts: 918 processed
2026/03/25 13:59:10 [MPT Phase 1] contracts: 1000 processed
2026/03/25 13:59:31 [MPT Phase 1] contracts: 1089 processed
2026/03/25 13:59:51 [MPT Phase 1] contracts: 1163 processed
2026/03/25 14:00:11 [MPT Phase 1] contracts: 1237 processed
2026/03/25 14:00:31 [MPT Phase 1] contracts: 1320 processed
2026/03/25 14:00:51 [MPT Phase 1] contracts: 1399 processed
2026/03/25 14:01:12 [MPT Phase 1] contracts: 1482 processed
2026/03/25 14:01:32 [MPT Phase 1] contracts: 1559 processed
2026/03/25 14:01:52 [MPT Phase 1] contracts: 1648 processed
2026/03/25 14:02:12 [MPT Phase 1] contracts: 1718 processed
2026/03/25 14:02:32 [MPT Phase 1] contracts: 1811 processed
2026/03/25 14:02:52 [MPT Phase 1] contracts: 1899 processed
2026/03/25 14:03:12 [MPT Phase 1] contracts: 1979 processed
2026/03/25 14:03:32 [MPT Phase 1] contracts: 2066 processed
2026/03/25 14:03:52 [MPT Phase 1] contracts: 2131 processed
2026/03/25 14:04:12 [MPT Phase 1] contracts: 2208 processed
2026/03/25 14:04:33 [MPT Phase 1] contracts: 2288 processed
2026/03/25 14:04:53 [MPT Phase 1] contracts: 2373 processed
2026/03/25 14:05:14 [MPT Phase 1] contracts: 2457 processed
2026/03/25 14:05:34 [MPT Phase 1] contracts: 2533 processed
2026/03/25 14:05:55 [MPT Phase 1] contracts: 2607 processed
2026/03/25 14:06:16 [MPT Phase 1] contracts: 2692 processed
2026/03/25 14:06:36 [MPT Phase 1] contracts: 2766 processed
2026/03/25 14:06:56 [MPT Phase 1] contracts: 2839 processed
2026/03/25 14:07:16 [MPT Phase 1] contracts: 2905 processed
2026/03/25 14:07:36 [MPT Phase 1] contracts: 2995 processed
2026/03/25 14:07:56 [MPT Phase 1] contracts: 3066 processed
2026/03/25 14:08:16 [MPT Phase 1] contracts: 3152 processed
2026/03/25 14:08:36 [MPT Phase 1] contracts: 3247 processed
2026/03/25 14:08:57 [MPT Phase 1] contracts: 3304 processed
2026/03/25 14:09:17 [MPT Phase 1] contracts: 3386 processed
2026/03/25 14:09:37 [MPT Phase 1] contracts: 3461 processed
2026/03/25 14:09:57 [MPT Phase 1] contracts: 3542 processed
2026/03/25 14:10:18 [MPT Phase 1] contracts: 3627 processed
2026/03/25 14:10:38 [MPT Phase 1] contracts: 3713 processed
2026/03/25 14:10:58 [MPT Phase 1] contracts: 3796 processed
2026/03/25 14:11:19 [MPT Phase 1] contracts: 3882 processed
2026/03/25 14:11:39 [MPT Phase 1] contracts: 3959 processed
2026/03/25 14:11:59 [MPT Phase 1] contracts: 4027 processed
2026/03/25 14:12:19 [MPT Phase 1] contracts: 4105 processed
2026/03/25 14:12:39 [MPT Phase 1] contracts: 4190 processed
2026/03/25 14:12:59 [MPT Phase 1] contracts: 4272 processed
2026/03/25 14:13:19 [MPT Phase 1] contracts: 4345 processed
2026/03/25 14:13:39 [MPT Phase 1] contracts: 4425 processed
2026/03/25 14:13:59 [MPT Phase 1] contracts: 4508 processed
2026/03/25 14:14:19 [MPT Phase 1] contracts: 4596 processed
2026/03/25 14:14:39 [MPT Phase 1] contracts: 4691 processed
2026/03/25 14:15:00 [MPT Phase 1] contracts: 4776 processed
2026/03/25 14:15:20 [MPT Phase 1] contracts: 4856 processed
2026/03/25 14:15:41 [MPT Phase 1] contracts: 4940 processed
2026/03/25 14:16:01 [MPT Phase 1] contracts: 5028 processed
2026/03/25 14:16:23 [MPT Phase 1] contracts: 5112 processed
2026/03/25 14:16:43 [MPT Phase 1] contracts: 5174 processed
2026/03/25 14:17:03 [MPT Phase 1] contracts: 5252 processed
2026/03/25 14:17:23 [MPT Phase 1] contracts: 5336 processed
2026/03/25 14:17:44 [MPT Phase 1] contracts: 5425 processed
2026/03/25 14:18:04 [MPT Phase 1] contracts: 5505 processed
2026/03/25 14:18:24 [MPT Phase 1] contracts: 5591 processed
2026/03/25 14:18:44 [MPT Phase 1] contracts: 5674 processed
2026/03/25 14:19:04 [MPT Phase 1] contracts: 5731 processed
2026/03/25 14:19:24 [MPT Phase 1] contracts: 5805 processed
2026/03/25 14:19:44 [MPT Phase 1] contracts: 5885 processed
2026/03/25 14:20:04 [MPT Phase 1] contracts: 5965 processed
2026/03/25 14:20:25 [MPT Phase 1] contracts: 6045 processed
2026/03/25 14:20:45 [MPT Phase 1] contracts: 6122 processed
2026/03/25 14:21:05 [MPT Phase 1] contracts: 6210 processed
2026/03/25 14:21:25 [MPT Phase 1] contracts: 6284 processed
2026/03/25 14:21:45 [MPT Phase 1] contracts: 6371 processed
2026/03/25 14:22:05 [MPT Phase 1] contracts: 6438 processed
2026/03/25 14:22:25 [MPT Phase 1] contracts: 6507 processed
2026/03/25 14:22:46 [MPT Phase 1] contracts: 6599 processed
2026/03/25 14:23:06 [MPT Phase 1] contracts: 6668 processed
2026/03/25 14:23:27 [MPT Phase 1] contracts: 6740 processed
2026/03/25 14:23:48 [MPT Phase 1] contracts: 6819 processed
2026/03/25 14:24:08 [MPT Phase 1] contracts: 6914 processed
2026/03/25 14:24:28 [MPT Phase 1] contracts: 7000 processed
2026/03/25 14:24:48 [MPT Phase 1] contracts: 7062 processed
2026/03/25 14:25:08 [MPT Phase 1] contracts: 7146 processed
2026/03/25 14:25:29 [MPT Phase 1] contracts: 7222 processed
2026/03/25 14:25:49 [MPT Phase 1] contracts: 7293 processed
2026/03/25 14:26:09 [MPT Phase 1] contracts: 7358 processed
2026/03/25 14:26:29 [MPT Phase 1] contracts: 7435 processed
2026/03/25 14:26:49 [MPT Phase 1] contracts: 7519 processed
2026/03/25 14:27:10 [MPT Phase 1] contracts: 7593 processed
2026/03/25 14:27:30 [MPT Phase 1] contracts: 7681 processed
2026/03/25 14:27:50 [MPT Phase 1] contracts: 7756 processed
2026/03/25 14:28:10 [MPT Phase 1] contracts: 7825 processed
2026/03/25 14:28:30 [MPT Phase 1] contracts: 7890 processed
2026/03/25 14:28:52 [MPT Phase 1] contracts: 7973 processed
2026/03/25 14:29:12 [MPT Phase 1] contracts: 8069 processed
2026/03/25 14:29:33 [MPT Phase 1] contracts: 8148 processed
2026/03/25 14:29:53 [MPT Phase 1] contracts: 8231 processed
2026/03/25 14:30:13 [MPT Phase 1] contracts: 8317 processed
2026/03/25 14:30:33 [MPT Phase 1] contracts: 8394 processed
2026/03/25 14:30:53 [MPT Phase 1] contracts: 8476 processed
2026/03/25 14:31:14 [MPT Phase 1] contracts: 8544 processed
2026/03/25 14:31:34 [MPT Phase 1] contracts: 8617 processed
2026/03/25 14:31:54 [MPT Phase 1] contracts: 8686 processed
2026/03/25 14:32:14 [MPT Phase 1] contracts: 8778 processed
2026/03/25 14:32:35 [MPT Phase 1] contracts: 8854 processed
2026/03/25 14:32:55 [MPT Phase 1] contracts: 8936 processed
2026/03/25 14:33:15 [MPT Phase 1] contracts: 9009 processed
2026/03/25 14:33:36 [MPT Phase 1] contracts: 9078 processed
2026/03/25 14:33:56 [MPT Phase 1] contracts: 9158 processed
2026/03/25 14:34:17 [MPT Phase 1] contracts: 9234 processed
2026/03/25 14:34:37 [MPT Phase 1] contracts: 9314 processed
2026/03/25 14:34:57 [MPT Phase 1] contracts: 9396 processed
2026/03/25 14:35:18 [MPT Phase 1] contracts: 9487 processed
2026/03/25 14:35:39 [MPT Phase 1] contracts: 9562 processed
2026/03/25 14:35:59 [MPT Phase 1] contracts: 9653 processed
2026/03/25 14:36:20 [MPT Phase 1] contracts: 9722 processed
2026/03/25 14:36:40 [MPT Phase 1] contracts: 9803 processed
2026/03/25 14:37:01 [MPT Phase 1] contracts: 9874 processed
2026/03/25 14:37:21 [MPT Phase 1] contracts: 9951 processed
2026/03/25 14:37:41 [MPT Phase 1] contracts: 10035 processed
2026/03/25 14:38:01 [MPT Phase 1] contracts: 10120 processed
2026/03/25 14:38:21 [MPT Phase 1] contracts: 10201 processed
2026/03/25 14:38:42 [MPT Phase 1] contracts: 10267 processed
2026/03/25 14:39:02 [MPT Phase 1] contracts: 10353 processed
2026/03/25 14:39:23 [MPT Phase 1] contracts: 10424 processed
2026/03/25 14:39:43 [MPT Phase 1] contracts: 10513 processed
2026/03/25 14:40:03 [MPT Phase 1] contracts: 10590 processed
2026/03/25 14:40:23 [MPT Phase 1] contracts: 10680 processed
2026/03/25 14:40:44 [MPT Phase 1] contracts: 10758 processed
2026/03/25 14:41:04 [MPT Phase 1] contracts: 10824 processed
2026/03/25 14:41:24 [MPT Phase 1] contracts: 10888 processed
2026/03/25 14:41:45 [MPT Phase 1] contracts: 10971 processed
2026/03/25 14:42:05 [MPT Phase 1] contracts: 11056 processed
2026/03/25 14:42:25 [MPT Phase 1] contracts: 11149 processed
2026/03/25 14:42:45 [MPT Phase 1] contracts: 11217 processed
2026/03/25 14:43:05 [MPT Phase 1] contracts: 11300 processed
2026/03/25 14:43:26 [MPT Phase 1] contracts: 11385 processed
2026/03/25 14:43:46 [MPT Phase 1] contracts: 11469 processed
2026/03/25 14:44:06 [MPT Phase 1] contracts: 11542 processed
2026/03/25 14:44:26 [MPT Phase 1] contracts: 11605 processed
2026/03/25 14:44:46 [MPT Phase 1] contracts: 11677 processed
2026/03/25 14:45:06 [MPT Phase 1] contracts: 11747 processed
2026/03/25 14:45:26 [MPT Phase 1] contracts: 11827 processed
2026/03/25 14:45:47 [MPT Phase 1] contracts: 11897 processed
2026/03/25 14:46:07 [MPT Phase 1] contracts: 11970 processed
2026/03/25 14:46:28 [MPT Phase 1] contracts: 12053 processed
2026/03/25 14:46:48 [MPT Phase 1] contracts: 12133 processed
2026/03/25 14:47:08 [MPT Phase 1] contracts: 12210 processed
2026/03/25 14:47:29 [MPT Phase 1] contracts: 12287 processed
2026/03/25 14:47:49 [MPT Phase 1] contracts: 12369 processed
2026/03/25 14:48:09 [MPT Phase 1] contracts: 12442 processed
2026/03/25 14:48:29 [MPT Phase 1] contracts: 12520 processed
2026/03/25 14:48:49 [MPT Phase 1] contracts: 12597 processed
2026/03/25 14:49:10 [MPT Phase 1] contracts: 12677 processed
2026/03/25 14:49:30 [MPT Phase 1] contracts: 12757 processed
2026/03/25 14:49:50 [MPT Phase 1] contracts: 12832 processed
2026/03/25 14:50:10 [MPT Phase 1] contracts: 12901 processed
2026/03/25 14:50:30 [MPT Phase 1] contracts: 12967 processed
2026/03/25 14:50:50 [MPT Phase 1] contracts: 13056 processed
2026/03/25 14:51:11 [MPT Phase 1] contracts: 13121 processed
2026/03/25 14:51:31 [MPT Phase 1] contracts: 13203 processed
2026/03/25 14:51:51 [MPT Phase 1] contracts: 13288 processed
2026/03/25 14:52:11 [MPT Phase 1] contracts: 13367 processed
2026/03/25 14:52:31 [MPT Phase 1] contracts: 13435 processed
2026/03/25 14:52:51 [MPT Phase 1] contracts: 13503 processed
2026/03/25 14:53:11 [MPT Phase 1] contracts: 13586 processed
2026/03/25 14:53:31 [MPT Phase 1] contracts: 13658 processed
2026/03/25 14:53:51 [MPT Phase 1] contracts: 13744 processed
2026/03/25 14:54:12 [MPT Phase 1] contracts: 13818 processed
2026/03/25 14:54:32 [MPT Phase 1] contracts: 13906 processed
2026/03/25 14:54:52 [MPT Phase 1] contracts: 14000 processed
2026/03/25 14:55:12 [MPT Phase 1] contracts: 14068 processed
2026/03/25 14:55:33 [MPT Phase 1] contracts: 14137 processed
2026/03/25 14:55:53 [MPT Phase 1] contracts: 14206 processed
2026/03/25 14:56:13 [MPT Phase 1] contracts: 14279 processed
2026/03/25 14:56:34 [MPT Phase 1] contracts: 14356 processed
2026/03/25 14:56:54 [MPT Phase 1] contracts: 14439 processed
2026/03/25 14:57:14 [MPT Phase 1] contracts: 14526 processed
2026/03/25 14:57:34 [MPT Phase 1] contracts: 14606 processed
2026/03/25 14:57:55 [MPT Phase 1] contracts: 14683 processed
2026/03/25 14:58:16 [MPT Phase 1] contracts: 14764 processed
2026/03/25 14:58:36 [MPT Phase 1] contracts: 14848 processed
2026/03/25 14:58:57 [MPT Phase 1] contracts: 14931 processed
2026/03/25 14:59:17 [MPT Phase 1] contracts: 15006 processed
2026/03/25 14:59:37 [MPT Phase 1] contracts: 15094 processed
2026/03/25 14:59:57 [MPT Phase 1] contracts: 15168 processed
2026/03/25 15:00:18 [MPT Phase 1] contracts: 15256 processed
2026/03/25 15:00:38 [MPT Phase 1] contracts: 15341 processed
2026/03/25 15:00:58 [MPT Phase 1] contracts: 15417 processed
2026/03/25 15:01:18 [MPT Phase 1] contracts: 15509 processed
2026/03/25 15:01:38 [MPT Phase 1] contracts: 15582 processed
2026/03/25 15:01:58 [MPT Phase 1] contracts: 15668 processed
2026/03/25 15:02:18 [MPT Phase 1] contracts: 15740 processed
2026/03/25 15:02:39 [MPT Phase 1] contracts: 15809 processed
2026/03/25 15:02:59 [MPT Phase 1] contracts: 15887 processed
2026/03/25 15:03:21 [MPT Phase 1] contracts: 15973 processed
2026/03/25 15:03:41 [MPT Phase 1] contracts: 16050 processed
2026/03/25 15:04:01 [MPT Phase 1] contracts: 16139 processed
2026/03/25 15:04:21 [MPT Phase 1] contracts: 16221 processed
2026/03/25 15:04:42 [MPT Phase 1] contracts: 16299 processed
2026/03/25 15:05:02 [MPT Phase 1] contracts: 16380 processed
2026/03/25 15:05:22 [MPT Phase 1] contracts: 16452 processed
2026/03/25 15:05:42 [MPT Phase 1] contracts: 16531 processed
2026/03/25 15:06:03 [MPT Phase 1] contracts: 16602 processed
2026/03/25 15:06:23 [MPT Phase 1] contracts: 16698 processed
2026/03/25 15:06:43 [MPT Phase 1] contracts: 16777 processed
2026/03/25 15:07:03 [MPT Phase 1] contracts: 16866 processed
2026/03/25 15:07:24 [MPT Phase 1] contracts: 16949 processed
2026/03/25 15:07:44 [MPT Phase 1] contracts: 17022 processed
2026/03/25 15:08:04 [MPT Phase 1] contracts: 17101 processed
2026/03/25 15:08:24 [MPT Phase 1] contracts: 17177 processed
2026/03/25 15:08:45 [MPT Phase 1] contracts: 17257 processed
2026/03/25 15:09:05 [MPT Phase 1] contracts: 17338 processed
2026/03/25 15:09:25 [MPT Phase 1] contracts: 17412 processed
2026/03/25 15:09:45 [MPT Phase 1] contracts: 17489 processed
2026/03/25 15:10:06 [MPT Phase 1] contracts: 17568 processed
2026/03/25 15:10:26 [MPT Phase 1] contracts: 17648 processed
2026/03/25 15:10:46 [MPT Phase 1] contracts: 17726 processed
2026/03/25 15:11:07 [MPT Phase 1] contracts: 17797 processed
2026/03/25 15:11:27 [MPT Phase 1] contracts: 17872 processed
2026/03/25 15:11:47 [MPT Phase 1] contracts: 17954 processed
2026/03/25 15:12:07 [MPT Phase 1] contracts: 18028 processed
2026/03/25 15:12:27 [MPT Phase 1] contracts: 18101 processed
2026/03/25 15:12:47 [MPT Phase 1] contracts: 18187 processed
2026/03/25 15:13:08 [MPT Phase 1] contracts: 18267 processed
2026/03/25 15:13:28 [MPT Phase 1] contracts: 18343 processed
2026/03/25 15:13:48 [MPT Phase 1] contracts: 18411 processed
2026/03/25 15:14:08 [MPT Phase 1] contracts: 18493 processed
2026/03/25 15:14:29 [MPT Phase 1] contracts: 18584 processed
2026/03/25 15:14:49 [MPT Phase 1] contracts: 18668 processed
2026/03/25 15:15:10 [MPT Phase 1] contracts: 18754 processed
2026/03/25 15:15:30 [MPT Phase 1] contracts: 18834 processed
2026/03/25 15:15:51 [MPT Phase 1] contracts: 18918 processed
2026/03/25 15:16:11 [MPT Phase 1] contracts: 18998 processed
2026/03/25 15:16:32 [MPT Phase 1] contracts: 19077 processed
2026/03/25 15:16:52 [MPT Phase 1] contracts: 19155 processed
2026/03/25 15:17:12 [MPT Phase 1] contracts: 19227 processed
2026/03/25 15:17:32 [MPT Phase 1] contracts: 19296 processed
2026/03/25 15:17:52 [MPT Phase 1] contracts: 19368 processed
2026/03/25 15:18:13 [MPT Phase 1] contracts: 19445 processed
2026/03/25 15:18:33 [MPT Phase 1] contracts: 19526 processed
2026/03/25 15:18:53 [MPT Phase 1] contracts: 19625 processed
2026/03/25 15:19:13 [MPT Phase 1] contracts: 19703 processed
2026/03/25 15:19:33 [MPT Phase 1] contracts: 19781 processed
2026/03/25 15:19:54 [MPT Phase 1] contracts: 19860 processed
2026/03/25 15:20:14 [MPT Phase 1] contracts: 19935 processed
2026/03/25 15:20:35 [MPT Phase 1] contracts: 20019 processed
2026/03/25 15:20:55 [MPT Phase 1] contracts: 20105 processed
2026/03/25 15:21:15 [MPT Phase 1] contracts: 20174 processed
2026/03/25 15:21:35 [MPT Phase 1] contracts: 20251 processed
2026/03/25 15:21:55 [MPT Phase 1] contracts: 20330 processed
2026/03/25 15:22:16 [MPT Phase 1] contracts: 20405 processed
2026/03/25 15:22:36 [MPT Phase 1] contracts: 20487 processed
2026/03/25 15:22:56 [MPT Phase 1] contracts: 20578 processed
2026/03/25 15:23:16 [MPT Phase 1] contracts: 20661 processed
2026/03/25 15:23:36 [MPT Phase 1] contracts: 20742 processed
2026/03/25 15:23:57 [MPT Phase 1] contracts: 20808 processed
2026/03/25 15:24:17 [MPT Phase 1] contracts: 20894 processed
2026/03/25 15:24:37 [MPT Phase 1] contracts: 20969 processed
2026/03/25 15:24:58 [MPT Phase 1] contracts: 21046 processed
2026/03/25 15:25:18 [MPT Phase 1] contracts: 21128 processed
2026/03/25 15:25:38 [MPT Phase 1] contracts: 21198 processed
2026/03/25 15:25:59 [MPT Phase 1] contracts: 21285 processed
2026/03/25 15:26:19 [MPT Phase 1] contracts: 21368 processed
2026/03/25 15:26:39 [MPT Phase 1] contracts: 21449 processed
2026/03/25 15:26:59 [MPT Phase 1] contracts: 21531 processed
2026/03/25 15:27:19 [MPT Phase 1] contracts: 21606 processed
2026/03/25 15:27:39 [MPT Phase 1] contracts: 21684 processed
2026/03/25 15:28:00 [MPT Phase 1] contracts: 21758 processed
2026/03/25 15:28:20 [MPT Phase 1] contracts: 21844 processed
2026/03/25 15:28:41 [MPT Phase 1] contracts: 21928 processed
2026/03/25 15:29:01 [MPT Phase 1] contracts: 22007 processed
2026/03/25 15:29:21 [MPT Phase 1] contracts: 22090 processed
2026/03/25 15:29:41 [MPT Phase 1] contracts: 22160 processed
2026/03/25 15:30:01 [MPT Phase 1] contracts: 22238 processed
2026/03/25 15:30:22 [MPT Phase 1] contracts: 22320 processed
2026/03/25 15:30:42 [MPT Phase 1] contracts: 22402 processed
2026/03/25 15:31:02 [MPT Phase 1] contracts: 22478 processed
2026/03/25 15:31:23 [MPT Phase 1] contracts: 22548 processed
2026/03/25 15:31:43 [MPT Phase 1] contracts: 22637 processed
2026/03/25 15:32:03 [MPT Phase 1] contracts: 22719 processed
2026/03/25 15:32:25 [MPT Phase 1] contracts: 22790 processed
2026/03/25 15:32:45 [MPT Phase 1] contracts: 22865 processed
2026/03/25 15:33:06 [MPT Phase 1] contracts: 22946 processed
2026/03/25 15:33:26 [MPT Phase 1] contracts: 23029 processed
2026/03/25 15:33:46 [MPT Phase 1] contracts: 23105 processed
2026/03/25 15:34:07 [MPT Phase 1] contracts: 23188 processed
2026/03/25 15:34:27 [MPT Phase 1] contracts: 23276 processed
2026/03/25 15:34:48 [MPT Phase 1] contracts: 23365 processed
2026/03/25 15:35:08 [MPT Phase 1] contracts: 23434 processed
2026/03/25 15:35:28 [MPT Phase 1] contracts: 23515 processed
2026/03/25 15:35:48 [MPT Phase 1] contracts: 23586 processed
2026/03/25 15:36:08 [MPT Phase 1] contracts: 23671 processed
2026/03/25 15:36:28 [MPT Phase 1] contracts: 23743 processed
2026/03/25 15:36:48 [MPT Phase 1] contracts: 23824 processed
2026/03/25 15:37:08 [MPT Phase 1] contracts: 23902 processed
2026/03/25 15:37:29 [MPT Phase 1] contracts: 23977 processed
2026/03/25 15:37:50 [MPT Phase 1] contracts: 24053 processed
2026/03/25 15:38:10 [MPT Phase 1] contracts: 24134 processed
2026/03/25 15:38:30 [MPT Phase 1] contracts: 24219 processed
2026/03/25 15:38:50 [MPT Phase 1] contracts: 24304 processed
2026/03/25 15:39:10 [MPT Phase 1] contracts: 24380 processed
2026/03/25 15:39:30 [MPT Phase 1] contracts: 24453 processed
2026/03/25 15:39:51 [MPT Phase 1] contracts: 24535 processed
2026/03/25 15:40:11 [MPT Phase 1] contracts: 24609 processed
2026/03/25 15:40:32 [MPT Phase 1] contracts: 24687 processed
2026/03/25 15:40:52 [MPT Phase 1] contracts: 24772 processed
2026/03/25 15:41:13 [MPT Phase 1] contracts: 24831 processed
2026/03/25 15:41:33 [MPT Phase 1] contracts: 24919 processed
2026/03/25 15:41:53 [MPT Phase 1] contracts: 25003 processed
2026/03/25 15:42:13 [MPT Phase 1] contracts: 25082 processed
2026/03/25 15:42:34 [MPT Phase 1] contracts: 25161 processed
2026/03/25 15:42:54 [MPT Phase 1] contracts: 25245 processed
2026/03/25 15:43:15 [MPT Phase 1] contracts: 25312 processed
2026/03/25 15:43:35 [MPT Phase 1] contracts: 25389 processed
2026/03/25 15:43:55 [MPT Phase 1] contracts: 25477 processed
2026/03/25 15:44:16 [MPT Phase 1] contracts: 25566 processed
2026/03/25 15:44:36 [MPT Phase 1] contracts: 25646 processed
2026/03/25 15:44:57 [MPT Phase 1] contracts: 25732 processed
2026/03/25 15:45:17 [MPT Phase 1] contracts: 25800 processed
2026/03/25 15:45:38 [MPT Phase 1] contracts: 25887 processed
2026/03/25 15:45:58 [MPT Phase 1] contracts: 25964 processed
2026/03/25 15:46:19 [MPT Phase 1] contracts: 26036 processed
2026/03/25 15:46:39 [MPT Phase 1] contracts: 26119 processed
2026/03/25 15:46:59 [MPT Phase 1] contracts: 26197 processed
2026/03/25 15:47:19 [MPT Phase 1] contracts: 26277 processed
2026/03/25 15:47:39 [MPT Phase 1] contracts: 26350 processed
2026/03/25 15:48:00 [MPT Phase 1] contracts: 26428 processed
2026/03/25 15:48:20 [MPT Phase 1] contracts: 26506 processed
2026/03/25 15:48:40 [MPT Phase 1] contracts: 26570 processed
2026/03/25 15:49:01 [MPT Phase 1] contracts: 26650 processed
2026/03/25 15:49:21 [MPT Phase 1] contracts: 26738 processed
2026/03/25 15:49:41 [MPT Phase 1] contracts: 26815 processed
2026/03/25 15:50:01 [MPT Phase 1] contracts: 26898 processed
2026/03/25 15:50:22 [MPT Phase 1] contracts: 26967 processed
2026/03/25 15:50:42 [MPT Phase 1] contracts: 27034 processed
2026/03/25 15:51:02 [MPT Phase 1] contracts: 27116 processed
2026/03/25 15:51:23 [MPT Phase 1] contracts: 27192 processed
2026/03/25 15:51:43 [MPT Phase 1] contracts: 27258 processed
2026/03/25 15:52:04 [MPT Phase 1] contracts: 27344 processed
2026/03/25 15:52:24 [MPT Phase 1] contracts: 27425 processed
2026/03/25 15:52:45 [MPT Phase 1] contracts: 27500 processed
2026/03/25 15:53:05 [MPT Phase 1] contracts: 27573 processed
2026/03/25 15:53:25 [MPT Phase 1] contracts: 27667 processed
2026/03/25 15:53:45 [MPT Phase 1] contracts: 27749 processed
2026/03/25 15:54:05 [MPT Phase 1] contracts: 27821 processed
2026/03/25 15:54:25 [MPT Phase 1] contracts: 27896 processed
2026/03/25 15:54:46 [MPT Phase 1] contracts: 27974 processed
2026/03/25 15:55:07 [MPT Phase 1] contracts: 28055 processed
2026/03/25 15:55:27 [MPT Phase 1] contracts: 28129 processed
2026/03/25 15:55:47 [MPT Phase 1] contracts: 28202 processed
2026/03/25 15:56:07 [MPT Phase 1] contracts: 28280 processed
2026/03/25 15:56:27 [MPT Phase 1] contracts: 28350 processed
2026/03/25 15:56:48 [MPT Phase 1] contracts: 28433 processed
2026/03/25 15:57:08 [MPT Phase 1] contracts: 28511 processed
2026/03/25 15:57:29 [MPT Phase 1] contracts: 28600 processed
2026/03/25 15:57:50 [MPT Phase 1] contracts: 28673 processed
2026/03/25 15:58:10 [MPT Phase 1] contracts: 28753 processed
2026/03/25 15:58:31 [MPT Phase 1] contracts: 28832 processed
2026/03/25 15:58:51 [MPT Phase 1] contracts: 28904 processed
2026/03/25 15:59:11 [MPT Phase 1] contracts: 28980 processed
2026/03/25 15:59:32 [MPT Phase 1] contracts: 29052 processed
2026/03/25 15:59:52 [MPT Phase 1] contracts: 29141 processed
2026/03/25 16:00:13 [MPT Phase 1] contracts: 29221 processed
2026/03/25 16:00:33 [MPT Phase 1] contracts: 29290 processed
2026/03/25 16:00:53 [MPT Phase 1] contracts: 29372 processed
2026/03/25 16:01:13 [MPT Phase 1] contracts: 29446 processed
2026/03/25 16:01:34 [MPT Phase 1] contracts: 29523 processed
2026/03/25 16:01:54 [MPT Phase 1] contracts: 29607 processed
2026/03/25 16:02:14 [MPT Phase 1] contracts: 29679 processed
2026/03/25 16:02:34 [MPT Phase 1] contracts: 29759 processed
2026/03/25 16:02:54 [MPT Phase 1] contracts: 29841 processed
2026/03/25 16:03:14 [MPT Phase 1] contracts: 29914 processed
2026/03/25 16:03:35 [MPT Phase 1] contracts: 30010 processed
2026/03/25 16:03:56 [MPT Phase 1] contracts: 30087 processed
2026/03/25 16:04:17 [MPT Phase 1] contracts: 30172 processed
2026/03/25 16:04:37 [MPT Phase 1] contracts: 30247 processed
2026/03/25 16:04:57 [MPT Phase 1] contracts: 30327 processed
2026/03/25 16:05:17 [MPT Phase 1] contracts: 30403 processed
2026/03/25 16:05:37 [MPT Phase 1] contracts: 30477 processed
2026/03/25 16:05:58 [MPT Phase 1] contracts: 30564 processed
2026/03/25 16:06:18 [MPT Phase 1] contracts: 30647 processed
2026/03/25 16:06:38 [MPT Phase 1] contracts: 30722 processed
2026/03/25 16:06:58 [MPT Phase 1] contracts: 30799 processed
2026/03/25 16:07:18 [MPT Phase 1] contracts: 30862 processed
2026/03/25 16:07:38 [MPT Phase 1] contracts: 30950 processed
2026/03/25 16:07:58 [MPT Phase 1] contracts: 31032 processed
2026/03/25 16:08:18 [MPT Phase 1] contracts: 31128 processed
2026/03/25 16:08:38 [MPT Phase 1] contracts: 31203 processed
2026/03/25 16:08:59 [MPT Phase 1] contracts: 31278 processed
2026/03/25 16:09:19 [MPT Phase 1] contracts: 31370 processed
2026/03/25 16:09:39 [MPT Phase 1] contracts: 31452 processed
2026/03/25 16:10:00 [MPT Phase 1] contracts: 31536 processed
2026/03/25 16:10:21 [MPT Phase 1] contracts: 31602 processed
2026/03/25 16:10:42 [MPT Phase 1] contracts: 31676 processed
2026/03/25 16:11:02 [MPT Phase 1] contracts: 31756 processed
2026/03/25 16:11:22 [MPT Phase 1] contracts: 31851 processed
2026/03/25 16:11:42 [MPT Phase 1] contracts: 31928 processed
2026/03/25 16:12:02 [MPT Phase 1] contracts: 32015 processed
2026/03/25 16:12:22 [MPT Phase 1] contracts: 32092 processed
2026/03/25 16:12:42 [MPT Phase 1] contracts: 32184 processed
2026/03/25 16:13:03 [MPT Phase 1] contracts: 32263 processed
2026/03/25 16:13:23 [MPT Phase 1] contracts: 32348 processed
2026/03/25 16:13:43 [MPT Phase 1] contracts: 32417 processed
2026/03/25 16:14:03 [MPT Phase 1] contracts: 32497 processed
2026/03/25 16:14:23 [MPT Phase 1] contracts: 32577 processed
2026/03/25 16:14:43 [MPT Phase 1] contracts: 32663 processed
2026/03/25 16:15:03 [MPT Phase 1] contracts: 32758 processed
2026/03/25 16:15:24 [MPT Phase 1] contracts: 32838 processed
2026/03/25 16:15:44 [MPT Phase 1] contracts: 32910 processed
2026/03/25 16:16:04 [MPT Phase 1] contracts: 32990 processed
2026/03/25 16:16:24 [MPT Phase 1] contracts: 33067 processed
2026/03/25 16:16:44 [MPT Phase 1] contracts: 33149 processed
2026/03/25 16:17:05 [MPT Phase 1] contracts: 33245 processed
2026/03/25 16:17:25 [MPT Phase 1] contracts: 33348 processed
2026/03/25 16:17:46 [MPT Phase 1] contracts: 33421 processed
2026/03/25 16:18:06 [MPT Phase 1] contracts: 33507 processed
2026/03/25 16:18:26 [MPT Phase 1] contracts: 33579 processed
2026/03/25 16:18:46 [MPT Phase 1] contracts: 33670 processed
2026/03/25 16:19:06 [MPT Phase 1] contracts: 33739 processed
2026/03/25 16:19:26 [MPT Phase 1] contracts: 33824 processed
2026/03/25 16:19:46 [MPT Phase 1] contracts: 33910 processed
2026/03/25 16:20:06 [MPT Phase 1] contracts: 33982 processed
2026/03/25 16:20:27 [MPT Phase 1] contracts: 34063 processed
2026/03/25 16:20:47 [MPT Phase 1] contracts: 34148 processed
2026/03/25 16:21:07 [MPT Phase 1] contracts: 34225 processed
2026/03/25 16:21:28 [MPT Phase 1] contracts: 34298 processed
2026/03/25 16:21:48 [MPT Phase 1] contracts: 34372 processed
2026/03/25 16:22:08 [MPT Phase 1] contracts: 34451 processed
2026/03/25 16:22:29 [MPT Phase 1] contracts: 34528 processed
2026/03/25 16:22:49 [MPT Phase 1] contracts: 34594 processed
2026/03/25 16:23:09 [MPT Phase 1] contracts: 34681 processed
2026/03/25 16:23:29 [MPT Phase 1] contracts: 34752 processed
2026/03/25 16:23:49 [MPT Phase 1] contracts: 34820 processed
2026/03/25 16:24:10 [MPT Phase 1] contracts: 34892 processed
2026/03/25 16:24:30 [MPT Phase 1] contracts: 34976 processed
2026/03/25 16:24:51 [MPT Phase 1] contracts: 35052 processed
2026/03/25 16:25:11 [MPT Phase 1] contracts: 35135 processed
2026/03/25 16:25:32 [MPT Phase 1] contracts: 35220 processed
2026/03/25 16:25:53 [MPT Phase 1] contracts: 35296 processed
2026/03/25 16:26:13 [MPT Phase 1] contracts: 35381 processed
2026/03/25 16:26:33 [MPT Phase 1] contracts: 35457 processed
2026/03/25 16:26:53 [MPT Phase 1] contracts: 35536 processed
2026/03/25 16:27:13 [MPT Phase 1] contracts: 35617 processed
2026/03/25 16:27:34 [MPT Phase 1] contracts: 35710 processed
2026/03/25 16:27:54 [MPT Phase 1] contracts: 35789 processed
2026/03/25 16:28:15 [MPT Phase 1] contracts: 35866 processed
2026/03/25 16:28:35 [MPT Phase 1] contracts: 35934 processed
2026/03/25 16:28:55 [MPT Phase 1] contracts: 35996 processed
2026/03/25 16:29:15 [MPT Phase 1] contracts: 36071 processed
2026/03/25 16:29:36 [MPT Phase 1] contracts: 36149 processed
2026/03/25 16:29:56 [MPT Phase 1] contracts: 36222 processed
2026/03/25 16:30:17 [MPT Phase 1] contracts: 36300 processed
2026/03/25 16:30:37 [MPT Phase 1] contracts: 36384 processed
2026/03/25 16:30:57 [MPT Phase 1] contracts: 36476 processed
2026/03/25 16:31:18 [MPT Phase 1] contracts: 36547 processed
2026/03/25 16:31:38 [MPT Phase 1] contracts: 36617 processed
2026/03/25 16:31:58 [MPT Phase 1] contracts: 36704 processed
2026/03/25 16:32:19 [MPT Phase 1] contracts: 36788 processed
2026/03/25 16:32:39 [MPT Phase 1] contracts: 36873 processed
2026/03/25 16:32:59 [MPT Phase 1] contracts: 36955 processed
2026/03/25 16:33:19 [MPT Phase 1] contracts: 37022 processed
2026/03/25 16:33:39 [MPT Phase 1] contracts: 37105 processed
2026/03/25 16:34:00 [MPT Phase 1] contracts: 37173 processed
2026/03/25 16:34:20 [MPT Phase 1] contracts: 37258 processed
2026/03/25 16:34:42 [MPT Phase 1] contracts: 37335 processed
2026/03/25 16:35:02 [MPT Phase 1] contracts: 37412 processed
2026/03/25 16:35:22 [MPT Phase 1] contracts: 37492 processed
2026/03/25 16:35:43 [MPT Phase 1] contracts: 37555 processed
2026/03/25 16:36:04 [MPT Phase 1] contracts: 37632 processed
2026/03/25 16:36:25 [MPT Phase 1] contracts: 37715 processed
2026/03/25 16:36:45 [MPT Phase 1] contracts: 37793 processed
2026/03/25 16:37:05 [MPT Phase 1] contracts: 37875 processed
2026/03/25 16:37:27 [MPT Phase 1] contracts: 37954 processed
2026/03/25 16:37:47 [MPT Phase 1] contracts: 38034 processed
2026/03/25 16:38:08 [MPT Phase 1] contracts: 38109 processed
2026/03/25 16:38:29 [MPT Phase 1] contracts: 38190 processed
2026/03/25 16:38:49 [MPT Phase 1] contracts: 38269 processed
2026/03/25 16:39:09 [MPT Phase 1] contracts: 38355 processed
2026/03/25 16:39:29 [MPT Phase 1] contracts: 38424 processed
2026/03/25 16:39:50 [MPT Phase 1] contracts: 38498 processed
2026/03/25 16:40:10 [MPT Phase 1] contracts: 38584 processed
2026/03/25 16:40:30 [MPT Phase 1] contracts: 38666 processed
2026/03/25 16:40:50 [MPT Phase 1] contracts: 38743 processed
2026/03/25 16:41:11 [MPT Phase 1] contracts: 38812 processed
2026/03/25 16:41:31 [MPT Phase 1] contracts: 38889 processed
2026/03/25 16:41:52 [MPT Phase 1] contracts: 38971 processed
2026/03/25 16:42:12 [MPT Phase 1] contracts: 39049 processed
2026/03/25 16:42:33 [MPT Phase 1] contracts: 39120 processed
2026/03/25 16:42:53 [MPT Phase 1] contracts: 39200 processed
2026/03/25 16:43:13 [MPT Phase 1] contracts: 39285 processed
2026/03/25 16:43:34 [MPT Phase 1] contracts: 39367 processed
2026/03/25 16:43:54 [MPT Phase 1] contracts: 39436 processed
2026/03/25 16:44:14 [MPT Phase 1] contracts: 39513 processed
2026/03/25 16:44:35 [MPT Phase 1] contracts: 39591 processed
2026/03/25 16:44:55 [MPT Phase 1] contracts: 39673 processed
2026/03/25 16:45:16 [MPT Phase 1] contracts: 39762 processed
2026/03/25 16:45:37 [MPT Phase 1] contracts: 39839 processed
2026/03/25 16:45:57 [MPT Phase 1] contracts: 39914 processed
2026/03/25 16:46:17 [MPT Phase 1] contracts: 39999 processed
2026/03/25 16:46:37 [MPT Phase 1] contracts: 40070 processed
2026/03/25 16:46:57 [MPT Phase 1] contracts: 40145 processed
2026/03/25 16:47:18 [MPT Phase 1] contracts: 40235 processed
2026/03/25 16:47:38 [MPT Phase 1] contracts: 40312 processed
2026/03/25 16:47:59 [MPT Phase 1] contracts: 40380 processed
2026/03/25 16:48:19 [MPT Phase 1] contracts: 40456 processed
2026/03/25 16:48:39 [MPT Phase 1] contracts: 40531 processed
2026/03/25 16:48:59 [MPT Phase 1] contracts: 40606 processed
2026/03/25 16:49:19 [MPT Phase 1] contracts: 40670 processed
2026/03/25 16:49:39 [MPT Phase 1] contracts: 40745 processed
2026/03/25 16:49:59 [MPT Phase 1] contracts: 40816 processed
2026/03/25 16:50:19 [MPT Phase 1] contracts: 40889 processed
2026/03/25 16:50:40 [MPT Phase 1] contracts: 40964 processed
2026/03/25 16:51:00 [MPT Phase 1] contracts: 41038 processed
2026/03/25 16:51:20 [MPT Phase 1] contracts: 41111 processed
2026/03/25 16:51:41 [MPT Phase 1] contracts: 41190 processed
2026/03/25 16:52:01 [MPT Phase 1] contracts: 41265 processed
2026/03/25 16:52:21 [MPT Phase 1] contracts: 41350 processed
2026/03/25 16:52:41 [MPT Phase 1] contracts: 41432 processed
2026/03/25 16:53:02 [MPT Phase 1] contracts: 41508 processed
2026/03/25 16:53:23 [MPT Phase 1] contracts: 41576 processed
2026/03/25 16:53:43 [MPT Phase 1] contracts: 41652 processed
2026/03/25 16:54:03 [MPT Phase 1] contracts: 41733 processed
2026/03/25 16:54:23 [MPT Phase 1] contracts: 41801 processed
2026/03/25 16:54:43 [MPT Phase 1] contracts: 41881 processed
2026/03/25 16:55:03 [MPT Phase 1] contracts: 41954 processed
2026/03/25 16:55:24 [MPT Phase 1] contracts: 42020 processed
2026/03/25 16:55:44 [MPT Phase 1] contracts: 42100 processed
2026/03/25 16:56:04 [MPT Phase 1] contracts: 42173 processed
2026/03/25 16:56:24 [MPT Phase 1] contracts: 42252 processed
2026/03/25 16:56:45 [MPT Phase 1] contracts: 42329 processed
2026/03/25 16:57:05 [MPT Phase 1] contracts: 42413 processed
2026/03/25 16:57:25 [MPT Phase 1] contracts: 42506 processed
2026/03/25 16:57:45 [MPT Phase 1] contracts: 42583 processed
2026/03/25 16:58:06 [MPT Phase 1] contracts: 42659 processed
2026/03/25 16:58:27 [MPT Phase 1] contracts: 42736 processed
2026/03/25 16:58:47 [MPT Phase 1] contracts: 42817 processed
2026/03/25 16:59:07 [MPT Phase 1] contracts: 42891 processed
2026/03/25 16:59:27 [MPT Phase 1] contracts: 42951 processed
2026/03/25 16:59:47 [MPT Phase 1] contracts: 43028 processed
2026/03/25 17:00:07 [MPT Phase 1] contracts: 43099 processed
2026/03/25 17:00:28 [MPT Phase 1] contracts: 43177 processed
2026/03/25 17:00:48 [MPT Phase 1] contracts: 43263 processed
2026/03/25 17:01:09 [MPT Phase 1] contracts: 43338 processed
2026/03/25 17:01:30 [MPT Phase 1] contracts: 43401 processed
2026/03/25 17:01:50 [MPT Phase 1] contracts: 43476 processed
2026/03/25 17:02:10 [MPT Phase 1] contracts: 43562 processed
2026/03/25 17:02:30 [MPT Phase 1] contracts: 43639 processed
2026/03/25 17:02:50 [MPT Phase 1] contracts: 43710 processed
2026/03/25 17:03:10 [MPT Phase 1] contracts: 43776 processed
2026/03/25 17:03:32 [MPT Phase 1] contracts: 43850 processed
2026/03/25 17:03:52 [MPT Phase 1] contracts: 43928 processed
2026/03/25 17:04:13 [MPT Phase 1] contracts: 44008 processed
2026/03/25 17:04:33 [MPT Phase 1] contracts: 44080 processed
2026/03/25 17:04:54 [MPT Phase 1] contracts: 44150 processed
2026/03/25 17:05:14 [MPT Phase 1] contracts: 44222 processed
2026/03/25 17:05:34 [MPT Phase 1] contracts: 44300 processed
2026/03/25 17:05:54 [MPT Phase 1] contracts: 44366 processed
2026/03/25 17:06:14 [MPT Phase 1] contracts: 44452 processed
2026/03/25 17:06:35 [MPT Phase 1] contracts: 44528 processed
2026/03/25 17:06:56 [MPT Phase 1] contracts: 44603 processed
2026/03/25 17:07:16 [MPT Phase 1] contracts: 44684 processed
2026/03/25 17:07:36 [MPT Phase 1] contracts: 44753 processed
2026/03/25 17:07:56 [MPT Phase 1] contracts: 44838 processed
2026/03/25 17:08:17 [MPT Phase 1] contracts: 44917 processed
2026/03/25 17:08:38 [MPT Phase 1] contracts: 44993 processed
2026/03/25 17:08:58 [MPT Phase 1] contracts: 45067 processed
2026/03/25 17:09:18 [MPT Phase 1] contracts: 45152 processed
2026/03/25 17:09:38 [MPT Phase 1] contracts: 45213 processed
2026/03/25 17:09:58 [MPT Phase 1] contracts: 45291 processed
2026/03/25 17:10:20 [MPT Phase 1] contracts: 45377 processed
2026/03/25 17:10:40 [MPT Phase 1] contracts: 45450 processed
2026/03/25 17:11:00 [MPT Phase 1] contracts: 45523 processed
2026/03/25 17:11:20 [MPT Phase 1] contracts: 45601 processed
2026/03/25 17:11:41 [MPT Phase 1] contracts: 45679 processed
2026/03/25 17:12:01 [MPT Phase 1] contracts: 45760 processed
2026/03/25 17:12:21 [MPT Phase 1] contracts: 45827 processed
2026/03/25 17:12:41 [MPT Phase 1] contracts: 45909 processed
2026/03/25 17:13:01 [MPT Phase 1] contracts: 45985 processed
2026/03/25 17:13:22 [MPT Phase 1] contracts: 46044 processed
2026/03/25 17:13:42 [MPT Phase 1] contracts: 46122 processed
2026/03/25 17:14:02 [MPT Phase 1] contracts: 46207 processed
2026/03/25 17:14:22 [MPT Phase 1] contracts: 46277 processed
2026/03/25 17:14:43 [MPT Phase 1] contracts: 46360 processed
2026/03/25 17:15:03 [MPT Phase 1] contracts: 46445 processed
2026/03/25 17:15:24 [MPT Phase 1] contracts: 46526 processed
2026/03/25 17:15:44 [MPT Phase 1] contracts: 46606 processed
2026/03/25 17:16:05 [MPT Phase 1] contracts: 46682 processed
2026/03/25 17:16:25 [MPT Phase 1] contracts: 46770 processed
2026/03/25 17:16:45 [MPT Phase 1] contracts: 46839 processed
2026/03/25 17:17:05 [MPT Phase 1] contracts: 46909 processed
2026/03/25 17:17:25 [MPT Phase 1] contracts: 46995 processed
2026/03/25 17:17:46 [MPT Phase 1] contracts: 47079 processed
2026/03/25 17:18:06 [MPT Phase 1] contracts: 47157 processed
2026/03/25 17:18:26 [MPT Phase 1] contracts: 47233 processed
2026/03/25 17:18:47 [MPT Phase 1] contracts: 47316 processed
2026/03/25 17:19:07 [MPT Phase 1] contracts: 47391 processed
2026/03/25 17:19:27 [MPT Phase 1] contracts: 47464 processed
2026/03/25 17:19:47 [MPT Phase 1] contracts: 47541 processed
2026/03/25 17:20:07 [MPT Phase 1] contracts: 47625 processed
2026/03/25 17:20:28 [MPT Phase 1] contracts: 47699 processed
2026/03/25 17:20:48 [MPT Phase 1] contracts: 47775 processed
2026/03/25 17:21:08 [MPT Phase 1] contracts: 47853 processed
2026/03/25 17:21:29 [MPT Phase 1] contracts: 47935 processed
2026/03/25 17:21:49 [MPT Phase 1] contracts: 48029 processed
2026/03/25 17:22:09 [MPT Phase 1] contracts: 48121 processed
2026/03/25 17:22:29 [MPT Phase 1] contracts: 48198 processed
2026/03/25 17:22:50 [MPT Phase 1] contracts: 48289 processed
2026/03/25 17:23:10 [MPT Phase 1] contracts: 48364 processed
2026/03/25 17:23:31 [MPT Phase 1] contracts: 48452 processed
2026/03/25 17:23:52 [MPT Phase 1] contracts: 48516 processed
2026/03/25 17:24:12 [MPT Phase 1] contracts: 48590 processed
2026/03/25 17:24:33 [MPT Phase 1] contracts: 48666 processed
2026/03/25 17:24:53 [MPT Phase 1] contracts: 48744 processed
2026/03/25 17:25:14 [MPT Phase 1] contracts: 48821 processed
2026/03/25 17:25:34 [MPT Phase 1] contracts: 48889 processed
2026/03/25 17:25:55 [MPT Phase 1] contracts: 48962 processed
2026/03/25 17:26:15 [MPT Phase 1] contracts: 49026 processed
2026/03/25 17:26:35 [MPT Phase 1] contracts: 49100 processed
2026/03/25 17:26:55 [MPT Phase 1] contracts: 49177 processed
2026/03/25 17:27:15 [MPT Phase 1] contracts: 49273 processed
2026/03/25 17:27:36 [MPT Phase 1] contracts: 49338 processed
2026/03/25 17:27:56 [MPT Phase 1] contracts: 49424 processed
2026/03/25 17:28:16 [MPT Phase 1] contracts: 49495 processed
2026/03/25 17:28:36 [MPT Phase 1] contracts: 49582 processed
2026/03/25 17:28:57 [MPT Phase 1] contracts: 49652 processed
2026/03/25 17:29:18 [MPT Phase 1] contracts: 49739 processed
2026/03/25 17:29:38 [MPT Phase 1] contracts: 49815 processed
2026/03/25 17:29:59 [MPT Phase 1] contracts: 49880 processed
2026/03/25 17:30:19 [MPT Phase 1] contracts: 49951 processed
2026/03/25 17:30:39 [MPT Phase 1] contracts: 50016 processed
2026/03/25 17:30:59 [MPT Phase 1] contracts: 50089 processed
2026/03/25 17:31:19 [MPT Phase 1] contracts: 50161 processed
2026/03/25 17:31:39 [MPT Phase 1] contracts: 50238 processed
2026/03/25 17:32:00 [MPT Phase 1] contracts: 50304 processed
2026/03/25 17:32:21 [MPT Phase 1] contracts: 50387 processed
2026/03/25 17:32:41 [MPT Phase 1] contracts: 50470 processed
2026/03/25 17:33:01 [MPT Phase 1] contracts: 50536 processed
2026/03/25 17:33:21 [MPT Phase 1] contracts: 50618 processed
2026/03/25 17:33:43 [MPT Phase 1] contracts: 50697 processed
2026/03/25 17:34:03 [MPT Phase 1] contracts: 50760 processed
2026/03/25 17:34:24 [MPT Phase 1] contracts: 50831 processed
2026/03/25 17:34:45 [MPT Phase 1] contracts: 50911 processed
2026/03/25 17:35:05 [MPT Phase 1] contracts: 50987 processed
2026/03/25 17:35:26 [MPT Phase 1] contracts: 51058 processed
2026/03/25 17:35:46 [MPT Phase 1] contracts: 51137 processed
2026/03/25 17:36:09 [MPT Phase 1] contracts: 51209 processed
2026/03/25 17:36:29 [MPT Phase 1] contracts: 51289 processed
2026/03/25 17:36:49 [MPT Phase 1] contracts: 51367 processed
2026/03/25 17:37:09 [MPT Phase 1] contracts: 51425 processed
2026/03/25 17:37:29 [MPT Phase 1] contracts: 51495 processed
2026/03/25 17:37:50 [MPT Phase 1] contracts: 51564 processed
2026/03/25 17:38:10 [MPT Phase 1] contracts: 51632 processed
2026/03/25 17:38:30 [MPT Phase 1] contracts: 51708 processed
2026/03/25 17:38:51 [MPT Phase 1] contracts: 51788 processed
2026/03/25 17:39:11 [MPT Phase 1] contracts: 51861 processed
2026/03/25 17:39:31 [MPT Phase 1] contracts: 51933 processed
2026/03/25 17:39:51 [MPT Phase 1] contracts: 52014 processed
2026/03/25 17:40:11 [MPT Phase 1] contracts: 52091 processed
2026/03/25 17:40:32 [MPT Phase 1] contracts: 52163 processed
2026/03/25 17:40:52 [MPT Phase 1] contracts: 52244 processed
2026/03/25 17:41:13 [MPT Phase 1] contracts: 52321 processed
2026/03/25 17:41:33 [MPT Phase 1] contracts: 52383 processed
2026/03/25 17:41:53 [MPT Phase 1] contracts: 52471 processed
2026/03/25 17:42:13 [MPT Phase 1] contracts: 52550 processed
2026/03/25 17:42:34 [MPT Phase 1] contracts: 52624 processed
2026/03/25 17:42:54 [MPT Phase 1] contracts: 52696 processed
2026/03/25 17:43:14 [MPT Phase 1] contracts: 52768 processed
2026/03/25 17:43:35 [MPT Phase 1] contracts: 52844 processed
2026/03/25 17:43:55 [MPT Phase 1] contracts: 52930 processed
2026/03/25 17:44:15 [MPT Phase 1] contracts: 53005 processed
2026/03/25 17:44:36 [MPT Phase 1] contracts: 53083 processed
2026/03/25 17:44:56 [MPT Phase 1] contracts: 53155 processed
2026/03/25 17:45:16 [MPT Phase 1] contracts: 53250 processed
2026/03/25 17:45:36 [MPT Phase 1] contracts: 53326 processed
2026/03/25 17:45:57 [MPT Phase 1] contracts: 53406 processed
2026/03/25 17:46:18 [MPT Phase 1] contracts: 53488 processed
2026/03/25 17:46:38 [MPT Phase 1] contracts: 53574 processed
2026/03/25 17:46:58 [MPT Phase 1] contracts: 53655 processed
2026/03/25 17:47:19 [MPT Phase 1] contracts: 53740 processed
2026/03/25 17:47:39 [MPT Phase 1] contracts: 53816 processed
2026/03/25 17:48:00 [MPT Phase 1] contracts: 53895 processed
2026/03/25 17:48:20 [MPT Phase 1] contracts: 53957 processed
2026/03/25 17:48:40 [MPT Phase 1] contracts: 54028 processed
2026/03/25 17:49:02 [MPT Phase 1] contracts: 54105 processed
2026/03/25 17:49:22 [MPT Phase 1] contracts: 54181 processed
2026/03/25 17:49:42 [MPT Phase 1] contracts: 54256 processed
2026/03/25 17:50:02 [MPT Phase 1] contracts: 54339 processed
2026/03/25 17:50:22 [MPT Phase 1] contracts: 54416 processed
2026/03/25 17:50:43 [MPT Phase 1] contracts: 54496 processed
2026/03/25 17:51:03 [MPT Phase 1] contracts: 54578 processed
2026/03/25 17:51:23 [MPT Phase 1] contracts: 54642 processed
2026/03/25 17:51:44 [MPT Phase 1] contracts: 54728 processed
2026/03/25 17:52:05 [MPT Phase 1] contracts: 54800 processed
2026/03/25 17:52:25 [MPT Phase 1] contracts: 54876 processed
2026/03/25 17:52:45 [MPT Phase 1] contracts: 54947 processed
2026/03/25 17:53:05 [MPT Phase 1] contracts: 55015 processed
2026/03/25 17:53:25 [MPT Phase 1] contracts: 55098 processed
2026/03/25 17:53:45 [MPT Phase 1] contracts: 55170 processed
2026/03/25 17:54:05 [MPT Phase 1] contracts: 55251 processed
2026/03/25 17:54:25 [MPT Phase 1] contracts: 55323 processed
2026/03/25 17:54:45 [MPT Phase 1] contracts: 55398 processed
2026/03/25 17:55:06 [MPT Phase 1] contracts: 55476 processed
2026/03/25 17:55:26 [MPT Phase 1] contracts: 55556 processed
2026/03/25 17:55:46 [MPT Phase 1] contracts: 55625 processed
2026/03/25 17:56:06 [MPT Phase 1] contracts: 55706 processed
2026/03/25 17:56:27 [MPT Phase 1] contracts: 55778 processed
2026/03/25 17:56:47 [MPT Phase 1] contracts: 55860 processed
2026/03/25 17:57:08 [MPT Phase 1] contracts: 55932 processed
2026/03/25 17:57:28 [MPT Phase 1] contracts: 56003 processed
2026/03/25 17:57:49 [MPT Phase 1] contracts: 56063 processed
2026/03/25 17:58:09 [MPT Phase 1] contracts: 56141 processed
2026/03/25 17:58:29 [MPT Phase 1] contracts: 56222 processed
2026/03/25 17:58:49 [MPT Phase 1] contracts: 56292 processed
2026/03/25 17:59:09 [MPT Phase 1] contracts: 56373 processed
2026/03/25 17:59:29 [MPT Phase 1] contracts: 56453 processed
2026/03/25 17:59:49 [MPT Phase 1] contracts: 56530 processed
2026/03/25 18:00:10 [MPT Phase 1] contracts: 56601 processed
2026/03/25 18:00:30 [MPT Phase 1] contracts: 56678 processed
2026/03/25 18:00:51 [MPT Phase 1] contracts: 56754 processed
2026/03/25 18:01:11 [MPT Phase 1] contracts: 56828 processed
2026/03/25 18:01:31 [MPT Phase 1] contracts: 56902 processed
2026/03/25 18:01:52 [MPT Phase 1] contracts: 56975 processed
2026/03/25 18:02:13 [MPT Phase 1] contracts: 57050 processed
2026/03/25 18:02:34 [MPT Phase 1] contracts: 57130 processed
2026/03/25 18:02:54 [MPT Phase 1] contracts: 57205 processed
2026/03/25 18:03:14 [MPT Phase 1] contracts: 57287 processed
2026/03/25 18:03:34 [MPT Phase 1] contracts: 57375 processed
2026/03/25 18:03:55 [MPT Phase 1] contracts: 57454 processed
2026/03/25 18:04:15 [MPT Phase 1] contracts: 57540 processed
2026/03/25 18:04:35 [MPT Phase 1] contracts: 57605 processed
2026/03/25 18:04:55 [MPT Phase 1] contracts: 57688 processed
2026/03/25 18:05:15 [MPT Phase 1] contracts: 57768 processed
2026/03/25 18:05:35 [MPT Phase 1] contracts: 57843 processed
2026/03/25 18:05:56 [MPT Phase 1] contracts: 57915 processed
2026/03/25 18:06:16 [MPT Phase 1] contracts: 57999 processed
2026/03/25 18:06:37 [MPT Phase 1] contracts: 58070 processed
2026/03/25 18:06:57 [MPT Phase 1] contracts: 58149 processed
2026/03/25 18:07:17 [MPT Phase 1] contracts: 58224 processed
2026/03/25 18:07:38 [MPT Phase 1] contracts: 58294 processed
2026/03/25 18:07:58 [MPT Phase 1] contracts: 58369 processed
2026/03/25 18:08:19 [MPT Phase 1] contracts: 58443 processed
2026/03/25 18:08:39 [MPT Phase 1] contracts: 58520 processed
2026/03/25 18:08:59 [MPT Phase 1] contracts: 58591 processed
2026/03/25 18:09:19 [MPT Phase 1] contracts: 58667 processed
2026/03/25 18:09:39 [MPT Phase 1] contracts: 58738 processed
2026/03/25 18:09:59 [MPT Phase 1] contracts: 58808 processed
2026/03/25 18:10:20 [MPT Phase 1] contracts: 58894 processed
2026/03/25 18:10:40 [MPT Phase 1] contracts: 58961 processed
2026/03/25 18:11:01 [MPT Phase 1] contracts: 59038 processed
2026/03/25 18:11:21 [MPT Phase 1] contracts: 59108 processed
2026/03/25 18:11:41 [MPT Phase 1] contracts: 59182 processed
2026/03/25 18:12:02 [MPT Phase 1] contracts: 59253 processed
2026/03/25 18:12:22 [MPT Phase 1] contracts: 59326 processed
2026/03/25 18:12:42 [MPT Phase 1] contracts: 59397 processed
2026/03/25 18:13:03 [MPT Phase 1] contracts: 59478 processed
2026/03/25 18:13:23 [MPT Phase 1] contracts: 59550 processed
2026/03/25 18:13:43 [MPT Phase 1] contracts: 59632 processed
2026/03/25 18:14:03 [MPT Phase 1] contracts: 59706 processed
2026/03/25 18:14:24 [MPT Phase 1] contracts: 59772 processed
2026/03/25 18:14:44 [MPT Phase 1] contracts: 59840 processed
2026/03/25 18:15:04 [MPT Phase 1] contracts: 59905 processed
2026/03/25 18:15:24 [MPT Phase 1] contracts: 59989 processed
2026/03/25 18:15:28 Target size reached: DB 1.20 TB (target: 1.17 TB)
2026/03/25 18:15:28 [MPT Phase 1] complete: 3221225473 accounts, 60000 contracts, 5341948784 slots
2026/03/25 18:15:28 [MPT Phase 1] stopped early — target size reached
2026/03/25 20:02:58 [MPT Phase 2] account trie built from 3221285473 entries in 1h43m53.323502564s
2026/03/25 20:02:58 State root: 0x8e23214d14ff8b9e630194630e0cb3e08d9a71624bfbf28d90d240d9d12b67db
2026/03/25 20:02:58 MPT trie nodes written: 11594875034 nodes, 1.34 TB
2026/03/25 20:03:08 Writing genesis block with state root: 0x8e23214d14ff8b9e630194630e0cb3e08d9a71624bfbf28d90d240d9d12b67db
2026/03/25 20:03:08 Genesis block hash: 0x95d9a2142207a44538b7daa58e5f82b656dc81ce834c6de81202d27f0ea077b7
2026/03/25 20:03:08 Genesis block number: 0

=== State Generation Complete ===
Total Time:        8h9m6.988s
Accounts Created:  3221225473
Contracts Created: 60000
Storage Slots:     5341948784
Total Bytes:       1.95 TB
Trie Node Bytes:   1.34 TB
Total DB Size:     1.54 TB
Throughput:        182027.16 slots/sec
State Root:        0x8e23214d14ff8b9e630194630e0cb3e08d9a71624bfbf28d90d240d9d12b67db
Genesis:           included (ready to use without geth init)

=== Detailed Stats ===
Account Bytes:     145.77 GB
Storage Bytes:     487.54 GB
Code Bytes:        89.86 MB
DB Write Time:     1h47m29.956s
Generation Time:   6h21m27.301s
Genesis Accounts:  1

=== Memory Stats ===
Total Alloc:       17.17 TB
Current Alloc:     2.49 GB
Sys Memory:        5.69 GB

=== Sample Addresses (for verification) ===
  EOA #1:      0x55F52E2CFaA1FA58aEF8719BfD5fD02792042e38
  EOA #2:      0xDB4c2dbCd4184499aF84257fFdd8f4DB3af64cE2
  EOA #3:      0x81496dd413443A46c3AA92010824814014BBeaE9
  Contract #1: 0xa51085cCD30F1622595A76Bd1F0DAADf3cFac143
  Contract #2: 0xFB737910233836cbC3a82CDEbdDE6Dd51A788FBC
  Contract #3: 0x184783f8eA7CeA051Af6dd39B1782A33b83Ac3a4
