INFO [04-30|00:45:29.417] Starting Geth on Ethereum mainnet...
INFO [04-30|00:45:29.419] Maximum peer count                       ETH=0 total=0
INFO [04-30|00:45:29.420] Smartcard socket not found, disabling    err="stat /run/pcscd/pcscd.comm: no such file or directory"
WARN [04-30|00:45:29.421] Option --miner.etherbase is deprecated as the etherbase is set by the consensus client post-merge
WARN [04-30|00:45:29.423] Snap sync requested, resetting --cache.snapshot
INFO [04-30|00:45:29.423] Global gas cap disabled
INFO [04-30|00:45:30.065] Using developer account                  address=0xf39Fd6e51aad88F6F4ce6aB8827279cffFb92266
INFO [04-30|00:45:30.258] Using pebble as the backing database
INFO [04-30|00:45:30.258] Allocated cache and file handles         database=/home/CPerezz/bintrie-benchmarks/mpt-vs-bintrie/dbs/bt-gd5-flat/geth/chaindata cache=16.00MiB handles=524,288
INFO [04-30|00:45:31.545] Opened ancient database                  database=/home/CPerezz/bintrie-benchmarks/mpt-vs-bintrie/dbs/bt-gd5-flat/geth/chaindata/ancient/chain readonly=true
INFO [04-30|00:45:31.545] Opened Era store                         datadir=/home/CPerezz/bintrie-benchmarks/mpt-vs-bintrie/dbs/bt-gd5-flat/geth/chaindata/ancient/chain/era
INFO [04-30|00:45:31.563] Initializing the KZG library             backend=gokzg
INFO [04-30|00:45:31.565] Allocated trie memory caches             clean=0.00B dirty=0.00B
INFO [04-30|00:45:31.656] Using pebble as the backing database
INFO [04-30|00:45:31.656] Allocated cache and file handles         database=/home/CPerezz/bintrie-benchmarks/mpt-vs-bintrie/dbs/bt-gd5-flat/geth/chaindata cache=16.00MiB handles=524,288
INFO [04-30|00:45:33.325] Opened ancient database                  database=/home/CPerezz/bintrie-benchmarks/mpt-vs-bintrie/dbs/bt-gd5-flat/geth/chaindata/ancient/chain readonly=false
INFO [04-30|00:45:33.325] Opened Era store                         datadir=/home/CPerezz/bintrie-benchmarks/mpt-vs-bintrie/dbs/bt-gd5-flat/geth/chaindata/ancient/chain/era
INFO [04-30|00:45:33.327] State scheme set to already existing     scheme=path
INFO [04-30|00:45:33.327] Initialising Ethereum protocol           network=1337 dbversion=9
INFO [04-30|00:45:33.327] Load database journal from file          path=/home/CPerezz/bintrie-benchmarks/mpt-vs-bintrie/dbs/bt-gd5-flat/geth/triedb/verkle.journal
INFO [04-30|00:45:33.381] Opened ancient database                  database=/home/CPerezz/bintrie-benchmarks/mpt-vs-bintrie/dbs/bt-gd5-flat/geth/chaindata/ancient/state_verkle readonly=false
INFO [04-30|00:45:33.382] Initialized path database                triecache=0.00B statecache=0.00B buffer=0.00B state-history="last 90000 blocks" journal-dir=/home/CPerezz/bintrie-benchmarks/mpt-vs-bintrie/dbs/bt-gd5-flat/geth/triedb verkle=true
INFO [04-30|00:45:33.382] 
INFO [04-30|00:45:33.382] ---------------------------------------------------------------------------------------------------------------------------------------------------------
INFO [04-30|00:45:33.382] Chain ID:  1337 (unknown)
INFO [04-30|00:45:33.382] Consensus: unknown
INFO [04-30|00:45:33.382] 
INFO [04-30|00:45:33.382] Pre-Merge hard forks (block based):
INFO [04-30|00:45:33.382]  - Homestead:                   #0       
INFO [04-30|00:45:33.382]  - Tangerine Whistle (EIP 150): #0       
INFO [04-30|00:45:33.382]  - Spurious Dragon/1 (EIP 155): #0       
INFO [04-30|00:45:33.382]  - Spurious Dragon/2 (EIP 158): #0       
INFO [04-30|00:45:33.382]  - Byzantium:                   #0       
INFO [04-30|00:45:33.382]  - Constantinople:              #0       
INFO [04-30|00:45:33.382]  - Petersburg:                  #0       
INFO [04-30|00:45:33.382]  - Istanbul:                    #0       
INFO [04-30|00:45:33.382]  - Muir Glacier:                #0       
INFO [04-30|00:45:33.383]  - Berlin:                      #0       
INFO [04-30|00:45:33.383]  - London:                      #0       
INFO [04-30|00:45:33.383]  - Arrow Glacier:               #0       
INFO [04-30|00:45:33.383]  - Gray Glacier:                #0       
INFO [04-30|00:45:33.383] 
INFO [04-30|00:45:33.383] Merge configured:
INFO [04-30|00:45:33.383]  - Total terminal difficulty:  0
INFO [04-30|00:45:33.383]  - Merge netsplit block:       #0       
INFO [04-30|00:45:33.383] 
INFO [04-30|00:45:33.383] Post-Merge hard forks (timestamp based):
INFO [04-30|00:45:33.383]  - Shanghai:                    @0         
INFO [04-30|00:45:33.383]  - Cancun:                      @0          blob: (target: 3, max: 6, fraction: 3338477)
INFO [04-30|00:45:33.383]  - Prague:                      @0          blob: (target: 6, max: 9, fraction: 5225352)
INFO [04-30|00:45:33.383]  - Osaka:                       @0          blob: (target: 9, max: 12, fraction: 5225352)
INFO [04-30|00:45:33.383]  - Verkle:                      @0          blob: (nil)
INFO [04-30|00:45:33.383] 
INFO [04-30|00:45:33.383] All fork specifications can be found at https://ethereum.github.io/execution-specs/src/ethereum/forks/
INFO [04-30|00:45:33.383] 
INFO [04-30|00:45:33.383] ---------------------------------------------------------------------------------------------------------------------------------------------------------
INFO [04-30|00:45:33.383] 
INFO [04-30|00:45:33.383] Loaded most recent local block           number=11028 hash=357a28..560dc8 age=9s
INFO [04-30|00:45:33.383] Loaded most recent local finalized block number=11008 hash=04ebb1..903e7b age=4m4s
INFO [04-30|00:45:33.383] Initialized transaction indexer          range="last 2350000 blocks"
INFO [04-30|00:45:33.383] Initialized log indexer                  firstblock=0 lastblock=11028 firstmap=0 lastmap=3 headindexed=true
INFO [04-30|00:45:33.391] Enabled full-sync                        head=11028 hash=357a28..560dc8
INFO [04-30|00:45:33.392] Unprotected transactions allowed
INFO [04-30|00:45:33.392] Gasprice oracle is ignoring threshold set threshold=2
WARN [04-30|00:45:33.392] Unclean shutdown detected                booted=2026-04-29T08:22:10+0200 age=16h23m23s
WARN [04-30|00:45:33.392] Unclean shutdown detected                booted=2026-04-29T23:46:41+0200 age=58m52s
WARN [04-30|00:45:33.392] Unclean shutdown detected                booted=2026-04-29T23:49:20+0200 age=56m13s
WARN [04-30|00:45:33.392] Unclean shutdown detected                booted=2026-04-29T23:50:23+0200 age=55m10s
INFO [04-30|00:45:33.392] Registered sync override service
WARN [04-30|00:45:33.392] You are running Geth in --dev mode. Please note the following:
WARN [04-30|00:45:33.392] 
WARN [04-30|00:45:33.392]   1. This mode is only intended for fast, iterative development without assumptions on
WARN [04-30|00:45:33.392]      security or persistence.
WARN [04-30|00:45:33.392]   2. The database is created in memory unless specified otherwise. Therefore, shutting down
WARN [04-30|00:45:33.392]      your computer or losing power will wipe your entire block data and chain state for
WARN [04-30|00:45:33.392]      your dev environment.
WARN [04-30|00:45:33.392]   3. A random, pre-allocated developer account will be available and unlocked as
WARN [04-30|00:45:33.392]      eth.coinbase, which can be used for testing. The random dev account is temporary,
WARN [04-30|00:45:33.392]      stored on a ramdisk, and will be lost if your machine is restarted.
WARN [04-30|00:45:33.392]   4. Mining is enabled by default. However, the client will only seal blocks if transactions
WARN [04-30|00:45:33.392]      are pending in the mempool. The miner's minimum accepted gas price is 1.
WARN [04-30|00:45:33.392]   5. Networking is disabled; there is no listen-address, the maximum number of peers is set
WARN [04-30|00:45:33.392]      to 0, and discovery is disabled.
WARN [04-30|00:45:33.392] 
INFO [04-30|00:45:33.392] Starting peer-to-peer node               instance=Geth/v1.17.3-unstable-7d2e7cbe-20260415/linux-amd64/go1.24.1
WARN [04-30|00:45:33.392] P2P server will be useless, neither dialing nor listening
INFO [04-30|00:45:33.406] New local node record                    seq=1,777,300,782,075 id=7b2b1a18a5d9e6d9 ip=127.0.0.1 udp=0 tcp=0
INFO [04-30|00:45:33.406] Started P2P networking                   self=enode://c8864a9bfd3b61c44e854a4678f69f18717dec204477a230feae3bea75d7354d5ded62396550f30f6df7ffb11c73e275d3183b71a6cda36e7353bb5efa6c1928@127.0.0.1:0
INFO [04-30|00:45:33.406] IPC endpoint opened                      url=/home/CPerezz/bintrie-benchmarks/mpt-vs-bintrie/dbs/bt-gd5-flat/geth.ipc
ERROR[04-30|00:45:33.406] Unavailable modules in HTTP API list     unavailable=[personal] available="[admin debug web3 eth txpool miner net dev testing]"
INFO [04-30|00:45:33.407] HTTP server started                      endpoint=[::]:8545 auth=false prefix= cors= vhosts=localhost
INFO [04-30|00:45:33.407] WebSocket enabled                        url=ws://[::]:8546
INFO [04-30|00:45:34.155] Loaded local transaction journal         transactions=13389 dropped=0
INFO [04-30|00:45:34.382] Submitted contract creation              hash=0x38bb422debadd5129832e5f1593bc2535fed8a77681ab7e998b81b1d1339ed4a from=0xf39Fd6e51aad88F6F4ce6aB8827279cffFb92266 nonce=931 contract=0xA002B84Ca3c9e8748209F286Ecf99300CA50161A value=0
INFO [04-30|00:45:34.384] Submitted transaction                    hash=0xc7ea9d30666a029b0a09031b6356e34c20644cb2048efa00275cc9dc30f8d43d from=0xf39Fd6e51aad88F6F4ce6aB8827279cffFb92266 nonce=932 recipient=0x29c7b96a7e6bAa1293546B769fC224cdfbd55dcf value=446,557,948,804,348
INFO [04-30|00:45:34.385] Submitted contract creation              hash=0x86dc9cc4a4ed149349df0ad25dc7849fbdc0ee8b257de090591086c3ea516399 from=0xf39Fd6e51aad88F6F4ce6aB8827279cffFb92266 nonce=933 contract=0x039d7496e432c6Aea4c24648a59318b3cbe09942 value=0
INFO [04-30|00:45:34.387] Submitted transaction                    hash=0x65e8385b6d55553901c1bae1e571882d6bc1e3f5c3709e13d0543a34c4ad00e7 from=0xf39Fd6e51aad88F6F4ce6aB8827279cffFb92266 nonce=934 recipient=0xB0557253e9660666F58BB7De17AD3B41F9C8b426 value=446,557,948,804,348
INFO [04-30|00:45:34.389] Submitted contract creation              hash=0x5274e950535bfa6c3183f16c663b4ad8238cd52804fcd7139fe394c7c7a41e5b from=0xf39Fd6e51aad88F6F4ce6aB8827279cffFb92266 nonce=935 contract=0xaE7b7A1c6C4d859e19301ccAc2C6eD28A4C51288 value=0
INFO [04-30|00:45:34.391] Submitted transaction                    hash=0x4733d9ae5d4001c4e0b356fabdb2f82721055f3a46928d3f608d7bb01a407edc from=0xf39Fd6e51aad88F6F4ce6aB8827279cffFb92266 nonce=936 recipient=0x4c1900A339E99489f78DB1Fd862150794e932F4d value=446,557,948,804,348
INFO [04-30|00:45:34.393] Submitted contract creation              hash=0x18506583a61cb28d9569ed96bafef11c317ff65b210625e9429f4bc599e2a8a6 from=0xf39Fd6e51aad88F6F4ce6aB8827279cffFb92266 nonce=937 contract=0x7722f5d7964a04672761cdfdC7c17B7Ac8f197b7 value=0
INFO [04-30|00:45:34.395] Submitted transaction                    hash=0x2eae7a216f7c0c6325bd2b30f977b4e4726a2595bc65ecb587f512d58a834e2c from=0xf39Fd6e51aad88F6F4ce6aB8827279cffFb92266 nonce=938 recipient=0xb0328bCF7A73EdF3B3dB99e77b11f7bDF8ac3ef6 value=446,557,948,804,348
INFO [04-30|00:45:34.396] Submitted contract creation              hash=0xf63e0eeb883379ccfc7b17523271aa4e8ffb66db7ec852c57ccc8871bd5cf79e from=0xf39Fd6e51aad88F6F4ce6aB8827279cffFb92266 nonce=939 contract=0xA7240bcff60Eef40F31B8eD5d921BaD6DB13B199 value=0
INFO [04-30|00:45:34.398] Submitted transaction                    hash=0x0eda33bd78ac283566883f29cd5157c0a5b0c2939244527b9a230a73dd6c6ee2 from=0xf39Fd6e51aad88F6F4ce6aB8827279cffFb92266 nonce=940 recipient=0x3A04De9a2f96967308F323400502a8Ad1b2F9879 value=446,557,948,804,348
INFO [04-30|00:45:34.400] Submitted contract creation              hash=0x20eac1aff1a8593d5649af28cf597e95097b7c6662e3cd8e76da106fb8d395f9 from=0xf39Fd6e51aad88F6F4ce6aB8827279cffFb92266 nonce=941 contract=0x2C56932223cdE0D363266f1308c48Ff1BF9F9041 value=0
INFO [04-30|00:45:34.402] Submitted transaction                    hash=0x63d0e1777a28b7c4f1dfd4489a08b47d871dff16e946b600aa682d80cf2ddd31 from=0xf39Fd6e51aad88F6F4ce6aB8827279cffFb92266 nonce=942 recipient=0xFAF8b130B6f1e7cfb1d30836F52BCF1397Ab6E62 value=446,558,055,978,260
INFO [04-30|00:45:35.307] Started log indexer
INFO [04-30|00:45:35.312] Starting work on payload                 id=0x03bf5fed0ecf9d56
INFO [04-30|00:45:35.338] Updated payload                          id=0x03bf5fed0ecf9d56 number=11029 hash=67def6..6a4619 txs=12 withdrawals=0 gas=502,136 fees=1.345396635e-05 root=26b8c2..aa6b63 elapsed=25.755ms
INFO [04-30|00:45:35.338] Stopping work on payload                 id=0x03bf5fed0ecf9d56 reason=delivery
WARN [04-30|00:45:35.349] {"level":"warn","msg":"Slow block","block":{"number":11029,"hash":"0x67def6350e4310d3580be2ec9bab4b99f6a0a5da2e4568ddf5f90e3bde6a4619","gas_used":502136,"tx_count":12},"timing":{"execution_ms":0.564318,"state_read_ms":0.836764,"state_hash_ms":7.10314,"commit_ms":1.005624,"total_ms":9.864755},"throughput":{"mgas_per_sec":50.90202442939536},"state_reads":{"accounts":41,"storage_slots":0,"code":0,"code_bytes":0},"state_writes":{"accounts":13,"accounts_deleted":0,"storage_slots":0,"storage_slots_deleted":0,"code":6,"code_bytes":443},"cache":{"account":{"hits":29,"misses":12,"hit_rate":70.73170731707317},"storage":{"hits":0,"misses":0,"hit_rate":0},"code":{"hits":0,"misses":0,"hit_rate":0,"hit_bytes":0,"miss_bytes":0}}}
INFO [04-30|00:45:35.349] Imported new potential chain segment     number=11029 hash=67def6..6a4619 blocks=1 txs=12 mgas=0.502 elapsed=10.236ms mgasps=49.054 triediffs=1.62KiB triedirty=0.00B
INFO [04-30|00:45:35.350] Chain head was updated                   number=11029 hash=67def6..6a4619 root=26b8c2..aa6b63 elapsed="819.945µs"
INFO [04-30|00:45:35.459] Submitted transaction                    hash=0x6b85b1db04a6337c88c1b832f851b3bf5d8870f63056d8d9d01cb187e2c32145 from=0x29c7b96a7e6bAa1293546B769fC224cdfbd55dcf nonce=0   recipient=0xA002B84Ca3c9e8748209F286Ecf99300CA50161A value=0
INFO [04-30|00:45:35.461] Submitted transaction                    hash=0x1c258db7f50a16385181d1bed405720f76a86af433cf7654cf6ac2f5cc6eebc0 from=0xB0557253e9660666F58BB7De17AD3B41F9C8b426 nonce=0   recipient=0x039d7496e432c6Aea4c24648a59318b3cbe09942 value=0
INFO [04-30|00:45:35.464] Submitted transaction                    hash=0xc39be0623e68e63270d34b685330dc4258f1bcf5bec982568ce8fa1f9c63d2a7 from=0x4c1900A339E99489f78DB1Fd862150794e932F4d nonce=0   recipient=0xaE7b7A1c6C4d859e19301ccAc2C6eD28A4C51288 value=0
INFO [04-30|00:45:35.466] Submitted transaction                    hash=0xb183804facc8f34a960056e3b4b579c9943f0ec443e7f2c33c320e9721b02cdc from=0xb0328bCF7A73EdF3B3dB99e77b11f7bDF8ac3ef6 nonce=0   recipient=0x7722f5d7964a04672761cdfdC7c17B7Ac8f197b7 value=0
INFO [04-30|00:45:35.468] Submitted transaction                    hash=0x0714cd099cad1cd7d26b712565273bb16dd0f7e1d506abd75ac29d3062562a81 from=0x3A04De9a2f96967308F323400502a8Ad1b2F9879 nonce=0   recipient=0xA7240bcff60Eef40F31B8eD5d921BaD6DB13B199 value=0
INFO [04-30|00:45:35.469] Submitted transaction                    hash=0xbbcc51eb76cae6ed430c4e2745b4498a68c58e2cc9e405bf5219dfb3ba108f98 from=0xFAF8b130B6f1e7cfb1d30836F52BCF1397Ab6E62 nonce=0   recipient=0x2C56932223cdE0D363266f1308c48Ff1BF9F9041 value=0
INFO [04-30|00:45:45.355] Starting work on payload                 id=0x03f3b4b4f72310c1
WARN [04-30|00:45:47.547] Block building is interrupted            allowance=2s
INFO [04-30|00:45:47.548] Updated payload                          id=0x03f3b4b4f72310c1 number=11030 hash=ab750c..f2b3c2 txs=5  withdrawals=0 gas=83,333,330 fees=0.002232789161  root=1e1c01..cc6c22 elapsed=2.193s
WARN [04-30|00:45:49.620] {"level":"warn","msg":"Slow block","block":{"number":11030,"hash":"0xab750cdf92209478909d93adf7690ed7cae06bd0fe4c6f0a8c07cff2b0f2b3c2","gas_used":83333330,"tx_count":5},"timing":{"execution_ms":808.392467,"state_read_ms":1213.166375,"state_hash_ms":1.645561,"commit_ms":47.101203,"total_ms":2070.858613},"throughput":{"mgas_per_sec":40.24095584163379},"state_reads":{"accounts":16,"storage_slots":30570,"code":6,"code_bytes":1713},"state_writes":{"accounts":6,"accounts_deleted":0,"storage_slots":0,"storage_slots_deleted":0,"code":0,"code_bytes":0},"cache":{"account":{"hits":9,"misses":7,"hit_rate":56.25},"storage":{"hits":24938,"misses":5632,"hit_rate":81.57670919201831},"code":{"hits":6,"misses":0,"hit_rate":100,"hit_bytes":1713,"miss_bytes":0}}}
INFO [04-30|00:45:49.620] Imported new potential chain segment     number=11030 hash=ab750c..f2b3c2 blocks=1 txs=5  mgas=83.333 elapsed=2.070s      mgasps=40.238 triediffs=2.38KiB triedirty=0.00B
INFO [04-30|00:45:49.621] Chain head was updated                   number=11030 hash=ab750c..f2b3c2 root=1e1c01..cc6c22 elapsed="68.38µs"
WARN [04-30|00:45:49.707] Block building is interrupted            allowance=2s
INFO [04-30|00:45:49.709] Stopping work on payload                 id=0x03f3b4b4f72310c1 reason=delivery
INFO [04-30|00:45:59.627] Starting work on payload                 id=0x034201209fffab69
INFO [04-30|00:46:00.076] Updated payload                          id=0x034201209fffab69 number=11031 hash=6c9c28..4440db txs=1  withdrawals=0 gas=16,666,670 fees=0.0004465579393 root=4f95f2..d768c1 elapsed=448.454ms
INFO [04-30|00:46:00.076] Stopping work on payload                 id=0x034201209fffab69 reason=delivery
WARN [04-30|00:46:00.735] {"level":"warn","msg":"Slow block","block":{"number":11031,"hash":"0x6c9c286b643266934d63a2b89ad15b0bd53c3c8713e0c1e144973bc8634440db","gas_used":16666670,"tx_count":1},"timing":{"execution_ms":179.494156,"state_read_ms":466.110107,"state_hash_ms":1.874359,"commit_ms":10.156503,"total_ms":658.156063},"throughput":{"mgas_per_sec":25.323279594250277},"state_reads":{"accounts":8,"storage_slots":6114,"code":2,"code_bytes":1418},"state_writes":{"accounts":2,"accounts_deleted":0,"storage_slots":0,"storage_slots_deleted":0,"code":0,"code_bytes":0},"cache":{"account":{"hits":3,"misses":5,"hit_rate":37.5},"storage":{"hits":807,"misses":5307,"hit_rate":13.199214916584886},"code":{"hits":2,"misses":0,"hit_rate":100,"hit_bytes":1418,"miss_bytes":0}}}
INFO [04-30|00:46:00.735] Imported new potential chain segment     number=11031 hash=6c9c28..4440db blocks=1 txs=1  mgas=16.667 elapsed=658.411ms   mgasps=25.313 triediffs=2.62KiB triedirty=0.00B
INFO [04-30|00:46:00.736] Chain head was updated                   number=11031 hash=6c9c28..4440db root=4f95f2..d768c1 elapsed="75.429µs"
