INFO [04-30|00:43:44.168] Starting Geth on Ethereum mainnet...
INFO [04-30|00:43:44.169] Maximum peer count                       ETH=0 total=0
INFO [04-30|00:43:44.170] Smartcard socket not found, disabling    err="stat /run/pcscd/pcscd.comm: no such file or directory"
WARN [04-30|00:43:44.171] Option --miner.etherbase is deprecated as the etherbase is set by the consensus client post-merge
WARN [04-30|00:43:44.173] Snap sync requested, resetting --cache.snapshot
INFO [04-30|00:43:44.173] Global gas cap disabled
INFO [04-30|00:43:44.817] Using developer account                  address=0xf39Fd6e51aad88F6F4ce6aB8827279cffFb92266
INFO [04-30|00:43:45.009] Using pebble as the backing database
INFO [04-30|00:43:45.009] Allocated cache and file handles         database=/home/CPerezz/bintrie-benchmarks/mpt-vs-bintrie/dbs/bt-gd5-flat/geth/chaindata cache=16.00MiB handles=524,288
INFO [04-30|00:43:46.280] Opened ancient database                  database=/home/CPerezz/bintrie-benchmarks/mpt-vs-bintrie/dbs/bt-gd5-flat/geth/chaindata/ancient/chain readonly=true
INFO [04-30|00:43:46.280] Opened Era store                         datadir=/home/CPerezz/bintrie-benchmarks/mpt-vs-bintrie/dbs/bt-gd5-flat/geth/chaindata/ancient/chain/era
INFO [04-30|00:43:46.296] Initializing the KZG library             backend=gokzg
INFO [04-30|00:43:46.299] Allocated trie memory caches             clean=0.00B dirty=0.00B
INFO [04-30|00:43:46.409] Using pebble as the backing database
INFO [04-30|00:43:46.409] Allocated cache and file handles         database=/home/CPerezz/bintrie-benchmarks/mpt-vs-bintrie/dbs/bt-gd5-flat/geth/chaindata cache=16.00MiB handles=524,288
INFO [04-30|00:43:48.004] Opened ancient database                  database=/home/CPerezz/bintrie-benchmarks/mpt-vs-bintrie/dbs/bt-gd5-flat/geth/chaindata/ancient/chain readonly=false
INFO [04-30|00:43:48.004] Opened Era store                         datadir=/home/CPerezz/bintrie-benchmarks/mpt-vs-bintrie/dbs/bt-gd5-flat/geth/chaindata/ancient/chain/era
INFO [04-30|00:43:48.007] State scheme set to already existing     scheme=path
INFO [04-30|00:43:48.007] Initialising Ethereum protocol           network=1337 dbversion=9
INFO [04-30|00:43:48.007] Load database journal from file          path=/home/CPerezz/bintrie-benchmarks/mpt-vs-bintrie/dbs/bt-gd5-flat/geth/triedb/verkle.journal
INFO [04-30|00:43:48.061] Opened ancient database                  database=/home/CPerezz/bintrie-benchmarks/mpt-vs-bintrie/dbs/bt-gd5-flat/geth/chaindata/ancient/state_verkle readonly=false
INFO [04-30|00:43:48.062] Initialized path database                triecache=0.00B statecache=0.00B buffer=0.00B state-history="last 90000 blocks" journal-dir=/home/CPerezz/bintrie-benchmarks/mpt-vs-bintrie/dbs/bt-gd5-flat/geth/triedb verkle=true
INFO [04-30|00:43:48.062] 
INFO [04-30|00:43:48.062] ---------------------------------------------------------------------------------------------------------------------------------------------------------
INFO [04-30|00:43:48.062] Chain ID:  1337 (unknown)
INFO [04-30|00:43:48.062] Consensus: unknown
INFO [04-30|00:43:48.062] 
INFO [04-30|00:43:48.062] Pre-Merge hard forks (block based):
INFO [04-30|00:43:48.062]  - Homestead:                   #0       
INFO [04-30|00:43:48.062]  - Tangerine Whistle (EIP 150): #0       
INFO [04-30|00:43:48.062]  - Spurious Dragon/1 (EIP 155): #0       
INFO [04-30|00:43:48.062]  - Spurious Dragon/2 (EIP 158): #0       
INFO [04-30|00:43:48.062]  - Byzantium:                   #0       
INFO [04-30|00:43:48.062]  - Constantinople:              #0       
INFO [04-30|00:43:48.062]  - Petersburg:                  #0       
INFO [04-30|00:43:48.062]  - Istanbul:                    #0       
INFO [04-30|00:43:48.062]  - Muir Glacier:                #0       
INFO [04-30|00:43:48.062]  - Berlin:                      #0       
INFO [04-30|00:43:48.062]  - London:                      #0       
INFO [04-30|00:43:48.062]  - Arrow Glacier:               #0       
INFO [04-30|00:43:48.062]  - Gray Glacier:                #0       
INFO [04-30|00:43:48.062] 
INFO [04-30|00:43:48.062] Merge configured:
INFO [04-30|00:43:48.062]  - Total terminal difficulty:  0
INFO [04-30|00:43:48.062]  - Merge netsplit block:       #0       
INFO [04-30|00:43:48.062] 
INFO [04-30|00:43:48.062] Post-Merge hard forks (timestamp based):
INFO [04-30|00:43:48.062]  - Shanghai:                    @0         
INFO [04-30|00:43:48.062]  - Cancun:                      @0          blob: (target: 3, max: 6, fraction: 3338477)
INFO [04-30|00:43:48.062]  - Prague:                      @0          blob: (target: 6, max: 9, fraction: 5225352)
INFO [04-30|00:43:48.062]  - Osaka:                       @0          blob: (target: 9, max: 12, fraction: 5225352)
INFO [04-30|00:43:48.062]  - Verkle:                      @0          blob: (nil)
INFO [04-30|00:43:48.062] 
INFO [04-30|00:43:48.062] All fork specifications can be found at https://ethereum.github.io/execution-specs/src/ethereum/forks/
INFO [04-30|00:43:48.062] 
INFO [04-30|00:43:48.062] ---------------------------------------------------------------------------------------------------------------------------------------------------------
INFO [04-30|00:43:48.062] 
INFO [04-30|00:43:48.063] Loaded most recent local block           number=11019 hash=1de564..f276e1 age=9s
INFO [04-30|00:43:48.063] Loaded most recent local finalized block number=11008 hash=04ebb1..903e7b age=2m19s
INFO [04-30|00:43:48.063] Initialized transaction indexer          range="last 2350000 blocks"
INFO [04-30|00:43:48.063] Initialized log indexer                  firstblock=0 lastblock=11019 firstmap=0 lastmap=3 headindexed=true
INFO [04-30|00:43:48.074] Enabled full-sync                        head=11019 hash=1de564..f276e1
INFO [04-30|00:43:48.075] Unprotected transactions allowed
INFO [04-30|00:43:48.075] Gasprice oracle is ignoring threshold set threshold=2
WARN [04-30|00:43:48.075] Unclean shutdown detected                booted=2026-04-29T08:22:10+0200 age=16h21m38s
WARN [04-30|00:43:48.075] Unclean shutdown detected                booted=2026-04-29T23:46:41+0200 age=57m7s
WARN [04-30|00:43:48.075] Unclean shutdown detected                booted=2026-04-29T23:49:20+0200 age=54m28s
WARN [04-30|00:43:48.075] Unclean shutdown detected                booted=2026-04-29T23:50:23+0200 age=53m25s
INFO [04-30|00:43:48.075] Registered sync override service
WARN [04-30|00:43:48.075] You are running Geth in --dev mode. Please note the following:
WARN [04-30|00:43:48.075] 
WARN [04-30|00:43:48.075]   1. This mode is only intended for fast, iterative development without assumptions on
WARN [04-30|00:43:48.075]      security or persistence.
WARN [04-30|00:43:48.075]   2. The database is created in memory unless specified otherwise. Therefore, shutting down
WARN [04-30|00:43:48.075]      your computer or losing power will wipe your entire block data and chain state for
WARN [04-30|00:43:48.075]      your dev environment.
WARN [04-30|00:43:48.075]   3. A random, pre-allocated developer account will be available and unlocked as
WARN [04-30|00:43:48.075]      eth.coinbase, which can be used for testing. The random dev account is temporary,
WARN [04-30|00:43:48.075]      stored on a ramdisk, and will be lost if your machine is restarted.
WARN [04-30|00:43:48.075]   4. Mining is enabled by default. However, the client will only seal blocks if transactions
WARN [04-30|00:43:48.075]      are pending in the mempool. The miner's minimum accepted gas price is 1.
WARN [04-30|00:43:48.075]   5. Networking is disabled; there is no listen-address, the maximum number of peers is set
WARN [04-30|00:43:48.075]      to 0, and discovery is disabled.
WARN [04-30|00:43:48.075] 
INFO [04-30|00:43:48.075] Starting peer-to-peer node               instance=Geth/v1.17.3-unstable-7d2e7cbe-20260415/linux-amd64/go1.24.1
WARN [04-30|00:43:48.075] P2P server will be useless, neither dialing nor listening
INFO [04-30|00:43:48.080] IPC endpoint opened                      url=/home/CPerezz/bintrie-benchmarks/mpt-vs-bintrie/dbs/bt-gd5-flat/geth.ipc
ERROR[04-30|00:43:48.080] Unavailable modules in HTTP API list     unavailable=[personal] available="[admin debug web3 eth txpool miner net dev testing]"
INFO [04-30|00:43:48.080] New local node record                    seq=1,777,300,782,072 id=7b2b1a18a5d9e6d9 ip=127.0.0.1 udp=0 tcp=0
INFO [04-30|00:43:48.080] Started P2P networking                   self=enode://c8864a9bfd3b61c44e854a4678f69f18717dec204477a230feae3bea75d7354d5ded62396550f30f6df7ffb11c73e275d3183b71a6cda36e7353bb5efa6c1928@127.0.0.1:0
INFO [04-30|00:43:48.081] HTTP server started                      endpoint=[::]:8545 auth=false prefix= cors= vhosts=localhost
INFO [04-30|00:43:48.081] WebSocket enabled                        url=ws://[::]:8546
INFO [04-30|00:43:48.735] Loaded local transaction journal         transactions=13335 dropped=0
INFO [04-30|00:43:49.125] Submitted contract creation              hash=0xe3544fbd4e6f168d72a99bd368c2d771700adfa43fd62707c95d853e05d201f4 from=0xf39Fd6e51aad88F6F4ce6aB8827279cffFb92266 nonce=895 contract=0x17f4B55A352Be71CC03856765Ad04147119Aa09B value=0
INFO [04-30|00:43:49.127] Submitted transaction                    hash=0xfeac6000f2bdb1761f34597e537120bfaefe8da1abe51e6914fc6123128b7d65 from=0xf39Fd6e51aad88F6F4ce6aB8827279cffFb92266 nonce=896 recipient=0x3eE2B60fe08597A94f368c0deE4eaE99c7a656e4 value=297,705,454,758,448
INFO [04-30|00:43:49.129] Submitted contract creation              hash=0x1aad578a3f1f0e58acc0198b557c4c63d758cc59db40b069addcb24bd2a4b7e5 from=0xf39Fd6e51aad88F6F4ce6aB8827279cffFb92266 nonce=897 contract=0xa7480B62a657555f6727bCdb96953bCC211FFbaC value=0
INFO [04-30|00:43:49.131] Submitted transaction                    hash=0x7961b1a93cf85bd154d3bcc9db404c4479872225483e49ba85b4a28a315f3c60 from=0xf39Fd6e51aad88F6F4ce6aB8827279cffFb92266 nonce=898 recipient=0xBF176b79eeAd311EE98AA47Ad93eeAC87708252a value=297,705,454,758,448
INFO [04-30|00:43:49.133] Submitted contract creation              hash=0x9a86552eb87757dd97ebc5c310d2ca10542e57bf8be686768d50b5ec18e3d74f from=0xf39Fd6e51aad88F6F4ce6aB8827279cffFb92266 nonce=899 contract=0xDf66AB853Fc112Ec955531bd76E9079db30A0e27 value=0
INFO [04-30|00:43:49.135] Submitted transaction                    hash=0xc57691485031abfa6f5fd707770ed201244052ed13bbae160c20db6894534d8e from=0xf39Fd6e51aad88F6F4ce6aB8827279cffFb92266 nonce=900 recipient=0xB0b63c32Df9939d3c8528a63ee1d8bB6B44fC209 value=297,705,454,758,448
INFO [04-30|00:43:49.137] Submitted contract creation              hash=0x29c2ca545ba2ebd5f0e18089632e2a4a0d775f1663c627cd64e13d84cab12dd0 from=0xf39Fd6e51aad88F6F4ce6aB8827279cffFb92266 nonce=901 contract=0xF816b7FfDa4a8aB6B68540D1993fCa98E462b3bc value=0
INFO [04-30|00:43:49.138] Submitted transaction                    hash=0xa7b8101e3580da406c0941ea6a78f6c93b9fe5547569e7ffbca4f52a56eacd3e from=0xf39Fd6e51aad88F6F4ce6aB8827279cffFb92266 nonce=902 recipient=0x08ff5cbD5A7863c915B66A2f41197C9513bA80aA value=297,705,454,758,448
INFO [04-30|00:43:49.140] Submitted contract creation              hash=0xb394ef5172678b3128d82511528f05217e55ba94ffd5d1d02799f0d747b2f11b from=0xf39Fd6e51aad88F6F4ce6aB8827279cffFb92266 nonce=903 contract=0xDB259fa7d7f9F68aE3ffC3c748516ba9567a7576 value=0
INFO [04-30|00:43:49.142] Submitted transaction                    hash=0xccac23625ea9e1a1c84820003936135cd9a975a51a1ee2099b89d66fca49585d from=0xf39Fd6e51aad88F6F4ce6aB8827279cffFb92266 nonce=904 recipient=0x8e42983329c98c34ae00F937a8cfB4eDC29F918c value=297,705,454,758,448
INFO [04-30|00:43:49.144] Submitted contract creation              hash=0xfb6fae0198faa7eaac5d6c68697b091c7e68144ee832793e02f352f1e8d4bf43 from=0xf39Fd6e51aad88F6F4ce6aB8827279cffFb92266 nonce=905 contract=0x2D6E6A6430F0121d6949D743DF54730b40C5c74F value=0
INFO [04-30|00:43:49.146] Submitted transaction                    hash=0x60aad6f76679ba3ea32f5a0e191d3dbc3bee8a782d9e0ffd5970d1be40d4aa46 from=0xf39Fd6e51aad88F6F4ce6aB8827279cffFb92266 nonce=906 recipient=0x2053c8370DB7b7D362bcCF3ac1de1Bb9092C7f99 value=297,705,526,207,760
INFO [04-30|00:43:50.083] Started log indexer
INFO [04-30|00:43:50.090] Starting work on payload                 id=0x0398b59d072c1ec4
INFO [04-30|00:43:50.112] Updated payload                          id=0x0398b59d072c1ec4 number=11020 hash=4e8018..a983a9 txs=12 withdrawals=0 gas=502,136 fees=8.969314418e-06 root=9a60f0..af70d2 elapsed=22.615ms
INFO [04-30|00:43:50.113] Stopping work on payload                 id=0x0398b59d072c1ec4 reason=delivery
WARN [04-30|00:43:50.121] {"level":"warn","msg":"Slow block","block":{"number":11020,"hash":"0x4e80186c7dc417f397f100117f09092187e18cbb011fcc5e0a0128b979a983a9","gas_used":502136,"tx_count":12},"timing":{"execution_ms":0.392757,"state_read_ms":0.602067,"state_hash_ms":5.596659,"commit_ms":0.952155,"total_ms":8.031607},"throughput":{"mgas_per_sec":62.519991329257024},"state_reads":{"accounts":41,"storage_slots":0,"code":0,"code_bytes":0},"state_writes":{"accounts":13,"accounts_deleted":0,"storage_slots":0,"storage_slots_deleted":0,"code":6,"code_bytes":443},"cache":{"account":{"hits":29,"misses":12,"hit_rate":70.73170731707317},"storage":{"hits":0,"misses":0,"hit_rate":0},"code":{"hits":0,"misses":0,"hit_rate":0,"hit_bytes":0,"miss_bytes":0}}}
INFO [04-30|00:43:50.122] Imported new potential chain segment     number=11020 hash=4e8018..a983a9 blocks=1 txs=12 mgas=0.502 elapsed=9.056ms  mgasps=55.446 triediffs=1.62KiB triedirty=0.00B
INFO [04-30|00:43:50.123] Chain head was updated                   number=11020 hash=4e8018..a983a9 root=9a60f0..af70d2 elapsed="859.775µs"
INFO [04-30|00:43:50.213] Submitted transaction                    hash=0xa624887bb4f1a22dd11d1a657e0e108851393fe62a1767178e1cc379a40970bd from=0x3eE2B60fe08597A94f368c0deE4eaE99c7a656e4 nonce=0   recipient=0x17f4B55A352Be71CC03856765Ad04147119Aa09B value=0
INFO [04-30|00:43:50.217] Submitted transaction                    hash=0x5fb39c0b48f10420cdbc23242e251f2e42a842dbaca8a9dae23981b9bed196a9 from=0xBF176b79eeAd311EE98AA47Ad93eeAC87708252a nonce=0   recipient=0xa7480B62a657555f6727bCdb96953bCC211FFbaC value=0
INFO [04-30|00:43:50.219] Submitted transaction                    hash=0x489018eec424b87e529162bc65619a4559729995ef4ace4de3c456c3a44e33c5 from=0xB0b63c32Df9939d3c8528a63ee1d8bB6B44fC209 nonce=0   recipient=0xDf66AB853Fc112Ec955531bd76E9079db30A0e27 value=0
INFO [04-30|00:43:50.222] Submitted transaction                    hash=0x843ca851276290bfcefb98610a111f843a3f49bcac1251083b5b5768b69a0733 from=0x08ff5cbD5A7863c915B66A2f41197C9513bA80aA nonce=0   recipient=0xF816b7FfDa4a8aB6B68540D1993fCa98E462b3bc value=0
INFO [04-30|00:43:50.226] Submitted transaction                    hash=0x68f5015b741913949761b12c41e5ceaffc163ffaf9ab75213640aad59ef724c6 from=0x8e42983329c98c34ae00F937a8cfB4eDC29F918c nonce=0   recipient=0xDB259fa7d7f9F68aE3ffC3c748516ba9567a7576 value=0
INFO [04-30|00:43:50.228] Submitted transaction                    hash=0x7c7a0ad20f2f10ce2a6fd98cac52d26eae04e3cc57fd89fd9c51f5424cac7aef from=0x2053c8370DB7b7D362bcCF3ac1de1Bb9092C7f99 nonce=0   recipient=0x2D6E6A6430F0121d6949D743DF54730b40C5c74F value=0
INFO [04-30|00:44:00.129] Starting work on payload                 id=0x038437366cfc0f30
WARN [04-30|00:44:02.334] Block building is interrupted            allowance=2s
INFO [04-30|00:44:02.336] Updated payload                          id=0x038437366cfc0f30 number=11021 hash=2cad9c..13d9e4 txs=5  withdrawals=0 gas=83,333,330 fees=0.00148852669   root=9ea4ab..4672dc elapsed=2.206s
WARN [04-30|00:44:04.188] {"level":"warn","msg":"Slow block","block":{"number":11021,"hash":"0x2cad9c1ad2bbb349bd9cde80324c9addbcc1941b7b09881c8566b28ec113d9e4","gas_used":83333330,"tx_count":5},"timing":{"execution_ms":741.990991,"state_read_ms":1057.025974,"state_hash_ms":2.036858,"commit_ms":47.608158,"total_ms":1849.119508},"throughput":{"mgas_per_sec":45.06649226265153},"state_reads":{"accounts":16,"storage_slots":30570,"code":6,"code_bytes":1713},"state_writes":{"accounts":6,"accounts_deleted":0,"storage_slots":0,"storage_slots_deleted":0,"code":0,"code_bytes":0},"cache":{"account":{"hits":11,"misses":5,"hit_rate":68.75},"storage":{"hits":24694,"misses":5876,"hit_rate":80.77854105332025},"code":{"hits":6,"misses":0,"hit_rate":100,"hit_bytes":1713,"miss_bytes":0}}}
INFO [04-30|00:44:04.188] Imported new potential chain segment     number=11021 hash=2cad9c..13d9e4 blocks=1 txs=5  mgas=83.333 elapsed=1.849s      mgasps=45.050 triediffs=2.38KiB triedirty=0.00B
INFO [04-30|00:44:04.188] Chain head was updated                   number=11021 hash=2cad9c..13d9e4 root=9ea4ab..4672dc elapsed="148.389µs"
WARN [04-30|00:44:04.758] Block building is interrupted            allowance=2s
INFO [04-30|00:44:04.760] Stopping work on payload                 id=0x038437366cfc0f30 reason=delivery
INFO [04-30|00:44:14.194] Starting work on payload                 id=0x038316d6e8682606
INFO [04-30|00:44:14.642] Updated payload                          id=0x038316d6e8682606 number=11022 hash=dc013e..96fafc txs=1  withdrawals=0 gas=16,666,670 fees=0.0002977054095 root=eb8af0..a6cdc9 elapsed=448.051ms
INFO [04-30|00:44:14.642] Stopping work on payload                 id=0x038316d6e8682606 reason=delivery
WARN [04-30|00:44:15.377] {"level":"warn","msg":"Slow block","block":{"number":11022,"hash":"0xdc013e6a24fdb231d05b792575fd9d699823bbe06f7f3ae2aca4916a9d96fafc","gas_used":16666670,"tx_count":1},"timing":{"execution_ms":185.948279,"state_read_ms":535.519729,"state_hash_ms":2.395156,"commit_ms":9.912344,"total_ms":734.343016},"throughput":{"mgas_per_sec":22.696028472884667},"state_reads":{"accounts":8,"storage_slots":6114,"code":2,"code_bytes":1418},"state_writes":{"accounts":2,"accounts_deleted":0,"storage_slots":0,"storage_slots_deleted":0,"code":0,"code_bytes":0},"cache":{"account":{"hits":3,"misses":5,"hit_rate":37.5},"storage":{"hits":690,"misses":5424,"hit_rate":11.285574092247302},"code":{"hits":2,"misses":0,"hit_rate":100,"hit_bytes":1418,"miss_bytes":0}}}
INFO [04-30|00:44:15.377] Imported new potential chain segment     number=11022 hash=dc013e..96fafc blocks=1 txs=1  mgas=16.667 elapsed=734.665ms   mgasps=22.686 triediffs=2.62KiB triedirty=0.00B
INFO [04-30|00:44:15.378] Chain head was updated                   number=11022 hash=dc013e..96fafc root=eb8af0..a6cdc9 elapsed="48.949µs"
