INFO [04-30|00:44:19.336] Starting Geth on Ethereum mainnet...
INFO [04-30|00:44:19.337] Maximum peer count                       ETH=0 total=0
INFO [04-30|00:44:19.338] Smartcard socket not found, disabling    err="stat /run/pcscd/pcscd.comm: no such file or directory"
WARN [04-30|00:44:19.339] Option --miner.etherbase is deprecated as the etherbase is set by the consensus client post-merge
WARN [04-30|00:44:19.340] Snap sync requested, resetting --cache.snapshot
INFO [04-30|00:44:19.341] Global gas cap disabled
INFO [04-30|00:44:19.985] Using developer account                  address=0xf39Fd6e51aad88F6F4ce6aB8827279cffFb92266
INFO [04-30|00:44:20.177] Using pebble as the backing database
INFO [04-30|00:44:20.177] Allocated cache and file handles         database=/home/CPerezz/bintrie-benchmarks/mpt-vs-bintrie/dbs/bt-gd5-flat/geth/chaindata cache=16.00MiB handles=524,288
INFO [04-30|00:44:21.441] Opened ancient database                  database=/home/CPerezz/bintrie-benchmarks/mpt-vs-bintrie/dbs/bt-gd5-flat/geth/chaindata/ancient/chain readonly=true
INFO [04-30|00:44:21.441] Opened Era store                         datadir=/home/CPerezz/bintrie-benchmarks/mpt-vs-bintrie/dbs/bt-gd5-flat/geth/chaindata/ancient/chain/era
INFO [04-30|00:44:21.457] Initializing the KZG library             backend=gokzg
INFO [04-30|00:44:21.460] Allocated trie memory caches             clean=0.00B dirty=0.00B
INFO [04-30|00:44:21.553] Using pebble as the backing database
INFO [04-30|00:44:21.553] Allocated cache and file handles         database=/home/CPerezz/bintrie-benchmarks/mpt-vs-bintrie/dbs/bt-gd5-flat/geth/chaindata cache=16.00MiB handles=524,288
INFO [04-30|00:44:23.201] Opened ancient database                  database=/home/CPerezz/bintrie-benchmarks/mpt-vs-bintrie/dbs/bt-gd5-flat/geth/chaindata/ancient/chain readonly=false
INFO [04-30|00:44:23.201] Opened Era store                         datadir=/home/CPerezz/bintrie-benchmarks/mpt-vs-bintrie/dbs/bt-gd5-flat/geth/chaindata/ancient/chain/era
INFO [04-30|00:44:23.202] State scheme set to already existing     scheme=path
INFO [04-30|00:44:23.203] Initialising Ethereum protocol           network=1337 dbversion=9
INFO [04-30|00:44:23.203] Load database journal from file          path=/home/CPerezz/bintrie-benchmarks/mpt-vs-bintrie/dbs/bt-gd5-flat/geth/triedb/verkle.journal
INFO [04-30|00:44:23.257] Opened ancient database                  database=/home/CPerezz/bintrie-benchmarks/mpt-vs-bintrie/dbs/bt-gd5-flat/geth/chaindata/ancient/state_verkle readonly=false
INFO [04-30|00:44:23.257] Initialized path database                triecache=0.00B statecache=0.00B buffer=0.00B state-history="last 90000 blocks" journal-dir=/home/CPerezz/bintrie-benchmarks/mpt-vs-bintrie/dbs/bt-gd5-flat/geth/triedb verkle=true
INFO [04-30|00:44:23.257] 
INFO [04-30|00:44:23.257] ---------------------------------------------------------------------------------------------------------------------------------------------------------
INFO [04-30|00:44:23.257] Chain ID:  1337 (unknown)
INFO [04-30|00:44:23.257] Consensus: unknown
INFO [04-30|00:44:23.257] 
INFO [04-30|00:44:23.257] Pre-Merge hard forks (block based):
INFO [04-30|00:44:23.257]  - Homestead:                   #0       
INFO [04-30|00:44:23.258]  - Tangerine Whistle (EIP 150): #0       
INFO [04-30|00:44:23.258]  - Spurious Dragon/1 (EIP 155): #0       
INFO [04-30|00:44:23.258]  - Spurious Dragon/2 (EIP 158): #0       
INFO [04-30|00:44:23.258]  - Byzantium:                   #0       
INFO [04-30|00:44:23.258]  - Constantinople:              #0       
INFO [04-30|00:44:23.258]  - Petersburg:                  #0       
INFO [04-30|00:44:23.258]  - Istanbul:                    #0       
INFO [04-30|00:44:23.258]  - Muir Glacier:                #0       
INFO [04-30|00:44:23.258]  - Berlin:                      #0       
INFO [04-30|00:44:23.258]  - London:                      #0       
INFO [04-30|00:44:23.258]  - Arrow Glacier:               #0       
INFO [04-30|00:44:23.258]  - Gray Glacier:                #0       
INFO [04-30|00:44:23.258] 
INFO [04-30|00:44:23.258] Merge configured:
INFO [04-30|00:44:23.258]  - Total terminal difficulty:  0
INFO [04-30|00:44:23.258]  - Merge netsplit block:       #0       
INFO [04-30|00:44:23.258] 
INFO [04-30|00:44:23.258] Post-Merge hard forks (timestamp based):
INFO [04-30|00:44:23.258]  - Shanghai:                    @0         
INFO [04-30|00:44:23.258]  - Cancun:                      @0          blob: (target: 3, max: 6, fraction: 3338477)
INFO [04-30|00:44:23.258]  - Prague:                      @0          blob: (target: 6, max: 9, fraction: 5225352)
INFO [04-30|00:44:23.258]  - Osaka:                       @0          blob: (target: 9, max: 12, fraction: 5225352)
INFO [04-30|00:44:23.258]  - Verkle:                      @0          blob: (nil)
INFO [04-30|00:44:23.258] 
INFO [04-30|00:44:23.258] All fork specifications can be found at https://ethereum.github.io/execution-specs/src/ethereum/forks/
INFO [04-30|00:44:23.258] 
INFO [04-30|00:44:23.258] ---------------------------------------------------------------------------------------------------------------------------------------------------------
INFO [04-30|00:44:23.258] 
INFO [04-30|00:44:23.258] Loaded most recent local block           number=11022 hash=dc013e..96fafc age=9s
INFO [04-30|00:44:23.258] Loaded most recent local finalized block number=11008 hash=04ebb1..903e7b age=2m54s
INFO [04-30|00:44:23.259] Initialized transaction indexer          range="last 2350000 blocks"
INFO [04-30|00:44:23.259] Initialized log indexer                  firstblock=0 lastblock=11022 firstmap=0 lastmap=3 headindexed=true
INFO [04-30|00:44:23.290] Enabled full-sync                        head=11022 hash=dc013e..96fafc
INFO [04-30|00:44:23.290] Unprotected transactions allowed
INFO [04-30|00:44:23.290] Gasprice oracle is ignoring threshold set threshold=2
WARN [04-30|00:44:23.290] Unclean shutdown detected                booted=2026-04-29T08:22:10+0200 age=16h22m13s
WARN [04-30|00:44:23.290] Unclean shutdown detected                booted=2026-04-29T23:46:41+0200 age=57m42s
WARN [04-30|00:44:23.290] Unclean shutdown detected                booted=2026-04-29T23:49:20+0200 age=55m3s
WARN [04-30|00:44:23.290] Unclean shutdown detected                booted=2026-04-29T23:50:23+0200 age=54m
INFO [04-30|00:44:23.291] Registered sync override service
WARN [04-30|00:44:23.291] You are running Geth in --dev mode. Please note the following:
WARN [04-30|00:44:23.291] 
WARN [04-30|00:44:23.291]   1. This mode is only intended for fast, iterative development without assumptions on
WARN [04-30|00:44:23.291]      security or persistence.
WARN [04-30|00:44:23.291]   2. The database is created in memory unless specified otherwise. Therefore, shutting down
WARN [04-30|00:44:23.291]      your computer or losing power will wipe your entire block data and chain state for
WARN [04-30|00:44:23.291]      your dev environment.
WARN [04-30|00:44:23.291]   3. A random, pre-allocated developer account will be available and unlocked as
WARN [04-30|00:44:23.291]      eth.coinbase, which can be used for testing. The random dev account is temporary,
WARN [04-30|00:44:23.291]      stored on a ramdisk, and will be lost if your machine is restarted.
WARN [04-30|00:44:23.291]   4. Mining is enabled by default. However, the client will only seal blocks if transactions
WARN [04-30|00:44:23.291]      are pending in the mempool. The miner's minimum accepted gas price is 1.
WARN [04-30|00:44:23.291]   5. Networking is disabled; there is no listen-address, the maximum number of peers is set
WARN [04-30|00:44:23.291]      to 0, and discovery is disabled.
WARN [04-30|00:44:23.291] 
INFO [04-30|00:44:23.291] Starting peer-to-peer node               instance=Geth/v1.17.3-unstable-7d2e7cbe-20260415/linux-amd64/go1.24.1
WARN [04-30|00:44:23.291] P2P server will be useless, neither dialing nor listening
INFO [04-30|00:44:23.302] IPC endpoint opened                      url=/home/CPerezz/bintrie-benchmarks/mpt-vs-bintrie/dbs/bt-gd5-flat/geth.ipc
ERROR[04-30|00:44:23.302] Unavailable modules in HTTP API list     unavailable=[personal] available="[admin debug web3 eth txpool miner net dev testing]"
INFO [04-30|00:44:23.302] New local node record                    seq=1,777,300,782,073 id=7b2b1a18a5d9e6d9 ip=127.0.0.1 udp=0 tcp=0
INFO [04-30|00:44:23.302] Started P2P networking                   self=enode://c8864a9bfd3b61c44e854a4678f69f18717dec204477a230feae3bea75d7354d5ded62396550f30f6df7ffb11c73e275d3183b71a6cda36e7353bb5efa6c1928@127.0.0.1:0
INFO [04-30|00:44:23.302] HTTP server started                      endpoint=[::]:8545 auth=false prefix= cors= vhosts=localhost
INFO [04-30|00:44:23.303] WebSocket enabled                        url=ws://[::]:8546
INFO [04-30|00:44:24.011] Loaded local transaction journal         transactions=13353 dropped=0
INFO [04-30|00:44:24.284] Submitted contract creation              hash=0x692795018712e310000b876027f0fe23014449b28f85e1b5987cebac72825abf from=0xf39Fd6e51aad88F6F4ce6aB8827279cffFb92266 nonce=907 contract=0xbaee9B65349929Bd78f9878555bF78027Df7f101 value=0
INFO [04-30|00:44:24.286] Submitted transaction                    hash=0x5b2f010701c6d65b1806ac51ff760a33c1c448b5db7544ccba51bd0903088f8b from=0xf39Fd6e51aad88F6F4ce6aB8827279cffFb92266 nonce=908 recipient=0x4d49429F50DEC9cC063c91Fd05DDF00403bD47EA value=297,705,454,758,448
INFO [04-30|00:44:24.288] Submitted contract creation              hash=0xe7defbd2983796e311aae12c975395e0a0cf6f28d9d4e1b35140728dd2d54fcc from=0xf39Fd6e51aad88F6F4ce6aB8827279cffFb92266 nonce=909 contract=0xA4f9885550548c6a45b9D18C57B114c06f3c39B8 value=0
INFO [04-30|00:44:24.291] Submitted transaction                    hash=0x263e1e48cea88d7f0008c54cef57ae8236e92ff6becc108f6ad820160d2ab336 from=0xf39Fd6e51aad88F6F4ce6aB8827279cffFb92266 nonce=910 recipient=0x1F576F1F7Fb9c03AfCC3AD75B7Dd47F80313b846 value=297,705,454,758,448
INFO [04-30|00:44:24.293] Submitted contract creation              hash=0x04e9a13defe7838f971942d6bb511791088162528536714c6e755bc6c259c775 from=0xf39Fd6e51aad88F6F4ce6aB8827279cffFb92266 nonce=911 contract=0x449C286Ab90639fd9F6604F4f15Ec86bce2b8A61 value=0
INFO [04-30|00:44:24.295] Submitted transaction                    hash=0x5c359d9392ebb068aff5b2644a394e3c781f253d04ec6a7a783c5b7474f74e98 from=0xf39Fd6e51aad88F6F4ce6aB8827279cffFb92266 nonce=912 recipient=0x6291E04426e3e44B34ABb5da0040Dcb51F2bdbf7 value=297,705,454,758,448
INFO [04-30|00:44:24.297] Submitted contract creation              hash=0xb7dbf938421a177f74e94f3888cfba734710738d9a91265d8c5d1e1f15c88715 from=0xf39Fd6e51aad88F6F4ce6aB8827279cffFb92266 nonce=913 contract=0x512a0E8bAeb6Ac3D52A11780c92517627005b0b1 value=0
INFO [04-30|00:44:24.299] Submitted transaction                    hash=0xcb103d1999c6bb45ba531b141f1deca2522984e689be94760112ce1b1bbaf937 from=0xf39Fd6e51aad88F6F4ce6aB8827279cffFb92266 nonce=914 recipient=0x3D6c1623c7aFD55275E89E8DBe5f3c5d020C4F51 value=297,705,454,758,448
INFO [04-30|00:44:24.300] Submitted contract creation              hash=0x76318619bedefa1768622a7136af319ccb05a77003553356c1264906479d6dc1 from=0xf39Fd6e51aad88F6F4ce6aB8827279cffFb92266 nonce=915 contract=0x63275D081C4A77AE69f76c4952F9747a5559a519 value=0
INFO [04-30|00:44:24.302] Submitted transaction                    hash=0x135c13ab76a805598b842eb0adc1d0599fdc3d379d2d164991089e6be9c118f2 from=0xf39Fd6e51aad88F6F4ce6aB8827279cffFb92266 nonce=916 recipient=0x9b7D393176342f565c822561aeBe148b7e705D91 value=297,705,454,758,448
INFO [04-30|00:44:24.303] Submitted contract creation              hash=0x1bff6cdbc3eab14d2904311d1a704862e20f91a6782ee7adb5d0c723c18cd0c9 from=0xf39Fd6e51aad88F6F4ce6aB8827279cffFb92266 nonce=917 contract=0x67832b9Fc47eb3CdBF7275b95a29740EC58193D2 value=0
INFO [04-30|00:44:24.305] Submitted transaction                    hash=0xa4131c5db5e94c2197bed8896ecf4a9548a6f1215f6560f0b2bec689a5a212da from=0xf39Fd6e51aad88F6F4ce6aB8827279cffFb92266 nonce=918 recipient=0xc5799F8C1a3Bd1514058D58820275E870aC5DD76 value=297,705,526,207,760
INFO [04-30|00:44:25.211] Started log indexer
INFO [04-30|00:44:25.218] Starting work on payload                 id=0x035c6d7e4f31c1f4
INFO [04-30|00:44:25.245] Updated payload                          id=0x035c6d7e4f31c1f4 number=11023 hash=76bcd0..290ced txs=12 withdrawals=0 gas=502,136 fees=8.969314418e-06 root=72abb1..a28f56 elapsed=27.762ms
INFO [04-30|00:44:25.246] Stopping work on payload                 id=0x035c6d7e4f31c1f4 reason=delivery
WARN [04-30|00:44:25.256] {"level":"warn","msg":"Slow block","block":{"number":11023,"hash":"0x76bcd0c230fdaa06cad3f1e5980e765c16ec6e4b1a874f57d183afdc04290ced","gas_used":502136,"tx_count":12},"timing":{"execution_ms":0.316329,"state_read_ms":0.641885,"state_hash_ms":7.710186,"commit_ms":0.940414,"total_ms":9.965644},"throughput":{"mgas_per_sec":50.38670857598365},"state_reads":{"accounts":41,"storage_slots":0,"code":0,"code_bytes":0},"state_writes":{"accounts":13,"accounts_deleted":0,"storage_slots":0,"storage_slots_deleted":0,"code":6,"code_bytes":443},"cache":{"account":{"hits":26,"misses":15,"hit_rate":63.41463414634146},"storage":{"hits":0,"misses":0,"hit_rate":0},"code":{"hits":0,"misses":0,"hit_rate":0,"hit_bytes":0,"miss_bytes":0}}}
INFO [04-30|00:44:25.257] Imported new potential chain segment     number=11023 hash=76bcd0..290ced blocks=1 txs=12 mgas=0.502 elapsed=10.936ms mgasps=45.915 triediffs=1.62KiB triedirty=0.00B
INFO [04-30|00:44:25.258] Chain head was updated                   number=11023 hash=76bcd0..290ced root=72abb1..a28f56 elapsed="875.845µs"
INFO [04-30|00:44:25.369] Submitted transaction                    hash=0x1eba7262bf7f0aeb905fca5ccf26aef80076d0df2ffb29e66c0a23cdf77e30a9 from=0x4d49429F50DEC9cC063c91Fd05DDF00403bD47EA nonce=0   recipient=0xbaee9B65349929Bd78f9878555bF78027Df7f101 value=0
INFO [04-30|00:44:25.371] Submitted transaction                    hash=0x102f9abee62e68831e5193ddd01dd32171c1d67f99e1148e481c37731f224218 from=0x1F576F1F7Fb9c03AfCC3AD75B7Dd47F80313b846 nonce=0   recipient=0xA4f9885550548c6a45b9D18C57B114c06f3c39B8 value=0
INFO [04-30|00:44:25.373] Submitted transaction                    hash=0x45e70f60667c43dcbded01381b17dc8a1586454611d72d3b5de2bac5a90139ee from=0x6291E04426e3e44B34ABb5da0040Dcb51F2bdbf7 nonce=0   recipient=0x449C286Ab90639fd9F6604F4f15Ec86bce2b8A61 value=0
INFO [04-30|00:44:25.376] Submitted transaction                    hash=0xe350fc540ccdfece3af09e7f21298224771a44e0f2db90f5b01399519d98b468 from=0x3D6c1623c7aFD55275E89E8DBe5f3c5d020C4F51 nonce=0   recipient=0x512a0E8bAeb6Ac3D52A11780c92517627005b0b1 value=0
INFO [04-30|00:44:25.378] Submitted transaction                    hash=0x99c8617ac861346b6bb6270e1a322852c68a34b5ae25c601f2796e203c15fb1a from=0x9b7D393176342f565c822561aeBe148b7e705D91 nonce=0   recipient=0x63275D081C4A77AE69f76c4952F9747a5559a519 value=0
INFO [04-30|00:44:25.380] Submitted transaction                    hash=0xbccc7ab14f2be94890988a802f4936426af02f9b93c125939920d99f6a2b149f from=0xc5799F8C1a3Bd1514058D58820275E870aC5DD76 nonce=0   recipient=0x67832b9Fc47eb3CdBF7275b95a29740EC58193D2 value=0
INFO [04-30|00:44:35.265] Starting work on payload                 id=0x03b8ac8b77450d72
WARN [04-30|00:44:37.422] Block building is interrupted            allowance=2s
INFO [04-30|00:44:37.423] Updated payload                          id=0x03b8ac8b77450d72 number=11024 hash=5092a1..c11ef8 txs=5  withdrawals=0 gas=83,333,330 fees=0.00148852669   root=99dee4..f80158 elapsed=2.158s
WARN [04-30|00:44:39.361] {"level":"warn","msg":"Slow block","block":{"number":11024,"hash":"0x5092a19e413a2c8393eba5654380f68d041cc9085c5b98321b4604a36bc11ef8","gas_used":83333330,"tx_count":5},"timing":{"execution_ms":761.619367,"state_read_ms":1118.241268,"state_hash_ms":0.752696,"commit_ms":55.218445,"total_ms":1936.253934},"throughput":{"mgas_per_sec":43.03843030952365},"state_reads":{"accounts":16,"storage_slots":30570,"code":6,"code_bytes":1713},"state_writes":{"accounts":6,"accounts_deleted":0,"storage_slots":0,"storage_slots_deleted":0,"code":0,"code_bytes":0},"cache":{"account":{"hits":11,"misses":5,"hit_rate":68.75},"storage":{"hits":24919,"misses":5651,"hit_rate":81.51455675498855},"code":{"hits":6,"misses":0,"hit_rate":100,"hit_bytes":1713,"miss_bytes":0}}}
INFO [04-30|00:44:39.362] Imported new potential chain segment     number=11024 hash=5092a1..c11ef8 blocks=1 txs=5  mgas=83.333 elapsed=1.936s      mgasps=43.026 triediffs=2.38KiB triedirty=0.00B
INFO [04-30|00:44:39.364] Chain head was updated                   number=11024 hash=5092a1..c11ef8 root=99dee4..f80158 elapsed="111.83µs"
WARN [04-30|00:44:39.902] Block building is interrupted            allowance=2s
INFO [04-30|00:44:39.904] Stopping work on payload                 id=0x03b8ac8b77450d72 reason=delivery
INFO [04-30|00:44:49.369] Starting work on payload                 id=0x031aa9d0298af4ac
INFO [04-30|00:44:49.840] Updated payload                          id=0x031aa9d0298af4ac number=11025 hash=de623b..2fc436 txs=1  withdrawals=0 gas=16,666,670 fees=0.0002977054095 root=77bb9b..f16623 elapsed=470.772ms
INFO [04-30|00:44:49.840] Stopping work on payload                 id=0x031aa9d0298af4ac reason=delivery
WARN [04-30|00:44:50.462] {"level":"warn","msg":"Slow block","block":{"number":11025,"hash":"0xde623befab1e4bb0cbc32a72f00c906e54b8dd2314fbee5d0156e0dccb2fc436","gas_used":16666670,"tx_count":1},"timing":{"execution_ms":169.917959,"state_read_ms":445.063285,"state_hash_ms":1.427653,"commit_ms":4.798573,"total_ms":621.564467},"throughput":{"mgas_per_sec":26.814064968099277},"state_reads":{"accounts":8,"storage_slots":6114,"code":2,"code_bytes":1418},"state_writes":{"accounts":2,"accounts_deleted":0,"storage_slots":0,"storage_slots_deleted":0,"code":0,"code_bytes":0},"cache":{"account":{"hits":3,"misses":5,"hit_rate":37.5},"storage":{"hits":629,"misses":5485,"hit_rate":10.287863918874713},"code":{"hits":2,"misses":0,"hit_rate":100,"hit_bytes":1418,"miss_bytes":0}}}
INFO [04-30|00:44:50.462] Imported new potential chain segment     number=11025 hash=de623b..2fc436 blocks=1 txs=1  mgas=16.667 elapsed=621.778ms   mgasps=26.805 triediffs=2.62KiB triedirty=0.00B
INFO [04-30|00:44:50.463] Chain head was updated                   number=11025 hash=de623b..2fc436 root=77bb9b..f16623 elapsed="45.92µs"
