INFO [04-30|00:53:12.659] Starting Geth on Ethereum mainnet...
INFO [04-30|00:53:12.660] Maximum peer count                       ETH=0 total=0
INFO [04-30|00:53:12.661] Smartcard socket not found, disabling    err="stat /run/pcscd/pcscd.comm: no such file or directory"
WARN [04-30|00:53:12.662] Option --miner.etherbase is deprecated as the etherbase is set by the consensus client post-merge
WARN [04-30|00:53:12.664] Snap sync requested, resetting --cache.snapshot
INFO [04-30|00:53:12.664] Global gas cap disabled
INFO [04-30|00:53:13.309] Using developer account                  address=0xf39Fd6e51aad88F6F4ce6aB8827279cffFb92266
INFO [04-30|00:53:13.501] Using pebble as the backing database
INFO [04-30|00:53:13.501] Allocated cache and file handles         database=/home/CPerezz/bintrie-benchmarks/mpt-vs-bintrie/dbs/bt-gd5-flat/geth/chaindata cache=16.00MiB handles=524,288
INFO [04-30|00:53:14.780] Opened ancient database                  database=/home/CPerezz/bintrie-benchmarks/mpt-vs-bintrie/dbs/bt-gd5-flat/geth/chaindata/ancient/chain readonly=true
INFO [04-30|00:53:14.780] Opened Era store                         datadir=/home/CPerezz/bintrie-benchmarks/mpt-vs-bintrie/dbs/bt-gd5-flat/geth/chaindata/ancient/chain/era
INFO [04-30|00:53:14.791] Initializing the KZG library             backend=gokzg
INFO [04-30|00:53:14.792] Allocated trie memory caches             clean=0.00B dirty=0.00B
INFO [04-30|00:53:14.880] Using pebble as the backing database
INFO [04-30|00:53:14.880] Allocated cache and file handles         database=/home/CPerezz/bintrie-benchmarks/mpt-vs-bintrie/dbs/bt-gd5-flat/geth/chaindata cache=16.00MiB handles=524,288
INFO [04-30|00:53:16.521] Opened ancient database                  database=/home/CPerezz/bintrie-benchmarks/mpt-vs-bintrie/dbs/bt-gd5-flat/geth/chaindata/ancient/chain readonly=false
INFO [04-30|00:53:16.521] Opened Era store                         datadir=/home/CPerezz/bintrie-benchmarks/mpt-vs-bintrie/dbs/bt-gd5-flat/geth/chaindata/ancient/chain/era
INFO [04-30|00:53:16.523] State scheme set to already existing     scheme=path
INFO [04-30|00:53:16.523] Initialising Ethereum protocol           network=1337 dbversion=9
INFO [04-30|00:53:16.523] Load database journal from file          path=/home/CPerezz/bintrie-benchmarks/mpt-vs-bintrie/dbs/bt-gd5-flat/geth/triedb/verkle.journal
INFO [04-30|00:53:16.599] Opened ancient database                  database=/home/CPerezz/bintrie-benchmarks/mpt-vs-bintrie/dbs/bt-gd5-flat/geth/chaindata/ancient/state_verkle readonly=false
INFO [04-30|00:53:16.600] Initialized path database                triecache=0.00B statecache=0.00B buffer=0.00B state-history="last 90000 blocks" journal-dir=/home/CPerezz/bintrie-benchmarks/mpt-vs-bintrie/dbs/bt-gd5-flat/geth/triedb verkle=true
INFO [04-30|00:53:16.600] 
INFO [04-30|00:53:16.600] ---------------------------------------------------------------------------------------------------------------------------------------------------------
INFO [04-30|00:53:16.600] Chain ID:  1337 (unknown)
INFO [04-30|00:53:16.600] Consensus: unknown
INFO [04-30|00:53:16.600] 
INFO [04-30|00:53:16.600] Pre-Merge hard forks (block based):
INFO [04-30|00:53:16.600]  - Homestead:                   #0       
INFO [04-30|00:53:16.600]  - Tangerine Whistle (EIP 150): #0       
INFO [04-30|00:53:16.600]  - Spurious Dragon/1 (EIP 155): #0       
INFO [04-30|00:53:16.600]  - Spurious Dragon/2 (EIP 158): #0       
INFO [04-30|00:53:16.600]  - Byzantium:                   #0       
INFO [04-30|00:53:16.600]  - Constantinople:              #0       
INFO [04-30|00:53:16.600]  - Petersburg:                  #0       
INFO [04-30|00:53:16.600]  - Istanbul:                    #0       
INFO [04-30|00:53:16.600]  - Muir Glacier:                #0       
INFO [04-30|00:53:16.600]  - Berlin:                      #0       
INFO [04-30|00:53:16.600]  - London:                      #0       
INFO [04-30|00:53:16.600]  - Arrow Glacier:               #0       
INFO [04-30|00:53:16.600]  - Gray Glacier:                #0       
INFO [04-30|00:53:16.600] 
INFO [04-30|00:53:16.600] Merge configured:
INFO [04-30|00:53:16.600]  - Total terminal difficulty:  0
INFO [04-30|00:53:16.600]  - Merge netsplit block:       #0       
INFO [04-30|00:53:16.600] 
INFO [04-30|00:53:16.600] Post-Merge hard forks (timestamp based):
INFO [04-30|00:53:16.600]  - Shanghai:                    @0         
INFO [04-30|00:53:16.600]  - Cancun:                      @0          blob: (target: 3, max: 6, fraction: 3338477)
INFO [04-30|00:53:16.600]  - Prague:                      @0          blob: (target: 6, max: 9, fraction: 5225352)
INFO [04-30|00:53:16.600]  - Osaka:                       @0          blob: (target: 9, max: 12, fraction: 5225352)
INFO [04-30|00:53:16.600]  - Verkle:                      @0          blob: (nil)
INFO [04-30|00:53:16.600] 
INFO [04-30|00:53:16.600] All fork specifications can be found at https://ethereum.github.io/execution-specs/src/ethereum/forks/
INFO [04-30|00:53:16.600] 
INFO [04-30|00:53:16.600] ---------------------------------------------------------------------------------------------------------------------------------------------------------
INFO [04-30|00:53:16.600] 
INFO [04-30|00:53:16.600] Loaded most recent local block           number=11068 hash=378997..d8e698 age=8s
INFO [04-30|00:53:16.600] Loaded most recent local finalized block number=11040 hash=f618a3..5eb705 age=5m35s
INFO [04-30|00:53:16.600] Initialized transaction indexer          range="last 2350000 blocks"
INFO [04-30|00:53:16.600] Initialized log indexer                  firstblock=0 lastblock=11068 firstmap=0 lastmap=3 headindexed=true
INFO [04-30|00:53:16.613] Enabled full-sync                        head=11068 hash=378997..d8e698
INFO [04-30|00:53:16.613] Unprotected transactions allowed
INFO [04-30|00:53:16.613] Gasprice oracle is ignoring threshold set threshold=2
WARN [04-30|00:53:16.613] Unclean shutdown detected                booted=2026-04-29T08:22:10+0200 age=16h31m6s
WARN [04-30|00:53:16.613] Unclean shutdown detected                booted=2026-04-29T23:46:41+0200 age=1h6m35s
WARN [04-30|00:53:16.613] Unclean shutdown detected                booted=2026-04-29T23:49:20+0200 age=1h3m56s
WARN [04-30|00:53:16.613] Unclean shutdown detected                booted=2026-04-29T23:50:23+0200 age=1h2m53s
INFO [04-30|00:53:16.614] Registered sync override service
WARN [04-30|00:53:16.614] You are running Geth in --dev mode. Please note the following:
WARN [04-30|00:53:16.614] 
WARN [04-30|00:53:16.614]   1. This mode is only intended for fast, iterative development without assumptions on
WARN [04-30|00:53:16.614]      security or persistence.
WARN [04-30|00:53:16.614]   2. The database is created in memory unless specified otherwise. Therefore, shutting down
WARN [04-30|00:53:16.614]      your computer or losing power will wipe your entire block data and chain state for
WARN [04-30|00:53:16.614]      your dev environment.
WARN [04-30|00:53:16.614]   3. A random, pre-allocated developer account will be available and unlocked as
WARN [04-30|00:53:16.614]      eth.coinbase, which can be used for testing. The random dev account is temporary,
WARN [04-30|00:53:16.614]      stored on a ramdisk, and will be lost if your machine is restarted.
WARN [04-30|00:53:16.614]   4. Mining is enabled by default. However, the client will only seal blocks if transactions
WARN [04-30|00:53:16.614]      are pending in the mempool. The miner's minimum accepted gas price is 1.
WARN [04-30|00:53:16.614]   5. Networking is disabled; there is no listen-address, the maximum number of peers is set
WARN [04-30|00:53:16.614]      to 0, and discovery is disabled.
WARN [04-30|00:53:16.614] 
INFO [04-30|00:53:16.614] Starting peer-to-peer node               instance=Geth/v1.17.3-unstable-7d2e7cbe-20260415/linux-amd64/go1.24.1
WARN [04-30|00:53:16.614] P2P server will be useless, neither dialing nor listening
INFO [04-30|00:53:16.620] New local node record                    seq=1,777,300,782,091 id=7b2b1a18a5d9e6d9 ip=127.0.0.1 udp=0 tcp=0
INFO [04-30|00:53:16.620] Started P2P networking                   self=enode://c8864a9bfd3b61c44e854a4678f69f18717dec204477a230feae3bea75d7354d5ded62396550f30f6df7ffb11c73e275d3183b71a6cda36e7353bb5efa6c1928@127.0.0.1:0
INFO [04-30|00:53:16.620] IPC endpoint opened                      url=/home/CPerezz/bintrie-benchmarks/mpt-vs-bintrie/dbs/bt-gd5-flat/geth.ipc
ERROR[04-30|00:53:16.620] Unavailable modules in HTTP API list     unavailable=[personal] available="[admin debug web3 eth txpool miner net dev testing]"
INFO [04-30|00:53:16.621] HTTP server started                      endpoint=[::]:8545 auth=false prefix= cors= vhosts=localhost
INFO [04-30|00:53:16.621] WebSocket enabled                        url=ws://[::]:8546
INFO [04-30|00:53:17.300] Loaded local transaction journal         transactions=13701 dropped=0
INFO [04-30|00:53:17.619] Submitted contract creation              hash=0x8cbae62bffdd1ef31d7ca590583ffc49b18843de802a67897fe72f2293a415d3 from=0xf39Fd6e51aad88F6F4ce6aB8827279cffFb92266 nonce=1123 contract=0x92A50F3B3E88C81310AD48cEB46e1F6C332C850e value=0
INFO [04-30|00:53:17.622] Submitted transaction                    hash=0x793650ef6549a9f55a8aa3d211685e62fe6bbf41646ffc477340bfce54c79514 from=0xf39Fd6e51aad88F6F4ce6aB8827279cffFb92266 nonce=1124 recipient=0x6aDBc246E44AC7077126a913305DBDE6e31cBb69 value=8,038,044,895,144,858
INFO [04-30|00:53:17.624] Submitted contract creation              hash=0xf812a7d35e56af0728680d9f73fb3da5311c10b35d9444c1932653c3c5be4fb9 from=0xf39Fd6e51aad88F6F4ce6aB8827279cffFb92266 nonce=1125 contract=0x23De02D83eb0D192CDc5fd578C284A2b2722cafF value=0
INFO [04-30|00:53:17.625] Submitted transaction                    hash=0xeac65332e49aa0edef70932b224e4e91371b31112bd538abbbfc981534952c3a from=0xf39Fd6e51aad88F6F4ce6aB8827279cffFb92266 nonce=1126 recipient=0x656B712bB3383AaC01095D9e5338753C07563EB0 value=8,038,044,895,144,858
INFO [04-30|00:53:17.627] Submitted contract creation              hash=0x8ac68e6c09da7b515b2aaf1649eb153e1e0185f27e54745822455ee860d5e796 from=0xf39Fd6e51aad88F6F4ce6aB8827279cffFb92266 nonce=1127 contract=0xF153B9A9e7C294875776a579AC91422d5fFdA9fE value=0
INFO [04-30|00:53:17.629] Submitted transaction                    hash=0x9d136c7b90fb725882fadd8b7bacddc07557fb4860dfe69daf4652cad34248bf from=0xf39Fd6e51aad88F6F4ce6aB8827279cffFb92266 nonce=1128 recipient=0xDAB238E9bc650036C0E92710667d6a85fA7FEE3B value=8,038,044,895,144,858
INFO [04-30|00:53:17.632] Submitted contract creation              hash=0x5b64e9cda0b745c02daffc257d35ef3a74128b7fb5d2dc08351ac29d70e70e9d from=0xf39Fd6e51aad88F6F4ce6aB8827279cffFb92266 nonce=1129 contract=0xC8C2FD7cB1EF6c9aB35B2Bf5cD594523A10C2C1C value=0
INFO [04-30|00:53:17.634] Submitted transaction                    hash=0xeee051d646f077f762657af450a260e4ecb34355dbb7e2e0f79fe268b634211d from=0xf39Fd6e51aad88F6F4ce6aB8827279cffFb92266 nonce=1130 recipient=0x7eD5acA934202bB06B0a776c88A3a1955020190d value=8,038,044,895,144,858
INFO [04-30|00:53:17.636] Submitted contract creation              hash=0x4a4408efeb6e71516150f55f636e20966b97a688dcd9667e293f51f61c001e57 from=0xf39Fd6e51aad88F6F4ce6aB8827279cffFb92266 nonce=1131 contract=0xC1C9c9a09B314cfEFC39BF4EE9460c4c33aCD070 value=0
INFO [04-30|00:53:17.638] Submitted transaction                    hash=0x3c53956735fe53b8155e238faa4871d3a4631b616107b0a4a039c0c29e4d45a4 from=0xf39Fd6e51aad88F6F4ce6aB8827279cffFb92266 nonce=1132 recipient=0x3C96B7e3af5a90F4643B3b876343b2B22e13323E value=8,038,044,895,144,858
INFO [04-30|00:53:17.639] Submitted contract creation              hash=0x83c73361111bda6edcaa9d8b93d0fc516cc7211540695a30545d4887bbe7ec48 from=0xf39Fd6e51aad88F6F4ce6aB8827279cffFb92266 nonce=1133 contract=0xc00a268Fbcbb00a72bfc8CD0FE7CfE26dad3BEd8 value=0
INFO [04-30|00:53:17.641] Submitted transaction                    hash=0x6a647183b63d130260e27d4c9c3348a6a1c6ebc4e407153c00a171c0cd7b4ac8 from=0xf39Fd6e51aad88F6F4ce6aB8827279cffFb92266 nonce=1134 recipient=0x23237AE74984A09EfEFe6429aA62270103A29c82 value=8,038,046,824,275,710
INFO [04-30|00:53:18.535] Started log indexer
INFO [04-30|00:53:18.541] Starting work on payload                 id=0x03cccc80fca5fed7
INFO [04-30|00:53:18.568] Updated payload                          id=0x03cccc80fca5fed7 number=11069 hash=78b2bc..574b7e txs=12 withdrawals=0 gas=502,712 fees=0.0002424493037 root=6a413a..3660c7 elapsed=26.797ms
INFO [04-30|00:53:18.568] Stopping work on payload                 id=0x03cccc80fca5fed7 reason=delivery
WARN [04-30|00:53:18.577] {"level":"warn","msg":"Slow block","block":{"number":11069,"hash":"0x78b2bcbb46548dfd829730d5727be214007cb394060f15a92e997feca0574b7e","gas_used":502712,"tx_count":12},"timing":{"execution_ms":0.368734,"state_read_ms":0.547821,"state_hash_ms":6.287685,"commit_ms":0.730206,"total_ms":8.346765},"throughput":{"mgas_per_sec":60.22836392302886},"state_reads":{"accounts":41,"storage_slots":0,"code":0,"code_bytes":0},"state_writes":{"accounts":13,"accounts_deleted":0,"storage_slots":0,"storage_slots_deleted":0,"code":6,"code_bytes":479},"cache":{"account":{"hits":29,"misses":12,"hit_rate":70.73170731707317},"storage":{"hits":0,"misses":0,"hit_rate":0},"code":{"hits":0,"misses":0,"hit_rate":0,"hit_bytes":0,"miss_bytes":0}}}
INFO [04-30|00:53:18.577] Imported new potential chain segment     number=11069 hash=78b2bc..574b7e blocks=1 txs=12 mgas=0.503 elapsed=8.653ms  mgasps=58.092 triediffs=1.62KiB triedirty=0.00B
INFO [04-30|00:53:18.578] Chain head was updated                   number=11069 hash=78b2bc..574b7e root=6a413a..3660c7 elapsed="855.075µs"
INFO [04-30|00:53:18.699] Submitted transaction                    hash=0x2a82b438f3a4d5fab691d77a425077a8c6d19584e413ea02bb78cc86f5508d00 from=0x6aDBc246E44AC7077126a913305DBDE6e31cBb69 nonce=0    recipient=0x92A50F3B3E88C81310AD48cEB46e1F6C332C850e value=0
INFO [04-30|00:53:18.701] Submitted transaction                    hash=0xd50eb9502f6c036b64f928b4b616dd8c7c8ae10290eb3aca399ce19c86f8ba7b from=0x656B712bB3383AaC01095D9e5338753C07563EB0 nonce=0    recipient=0x23De02D83eb0D192CDc5fd578C284A2b2722cafF value=0
INFO [04-30|00:53:18.703] Submitted transaction                    hash=0xe56083de41247ceb618250367193d124bb5b5afcae135c24e87c99fdc2ba2af9 from=0xDAB238E9bc650036C0E92710667d6a85fA7FEE3B nonce=0    recipient=0xF153B9A9e7C294875776a579AC91422d5fFdA9fE value=0
INFO [04-30|00:53:18.706] Submitted transaction                    hash=0xd03a48f40a95c2a5df44c4b19d0b89c3621591b1d08c9176da35887c7fdd1da1 from=0x7eD5acA934202bB06B0a776c88A3a1955020190d nonce=0    recipient=0xC8C2FD7cB1EF6c9aB35B2Bf5cD594523A10C2C1C value=0
INFO [04-30|00:53:18.707] Submitted transaction                    hash=0x0de8cfe9650a95dc1c1147666ee6cbeb40362df0f4fb6fda2a9a317486c5bfd2 from=0x3C96B7e3af5a90F4643B3b876343b2B22e13323E nonce=0    recipient=0xC1C9c9a09B314cfEFC39BF4EE9460c4c33aCD070 value=0
INFO [04-30|00:53:18.710] Submitted transaction                    hash=0x282f996144eb51022904d208f659fc4dab61febf88743f8edc0ec281c85b94dd from=0x23237AE74984A09EfEFe6429aA62270103A29c82 nonce=0    recipient=0xc00a268Fbcbb00a72bfc8CD0FE7CfE26dad3BEd8 value=0
INFO [04-30|00:53:28.584] Starting work on payload                 id=0x030a37119a5ff6be
INFO [04-30|00:53:31.039] Updated payload                          id=0x030a37119a5ff6be number=11070 hash=d60a80..8fd6df txs=6  withdrawals=0 gas=93,693,094 fees=0.04518655891   root=e03d83..e84244 elapsed=2.454s
INFO [04-30|00:53:33.330] Stopping work on payload                 id=0x030a37119a5ff6be reason=delivery
WARN [04-30|00:53:33.339] {"level":"warn","msg":"Slow block","block":{"number":11070,"hash":"0xd60a808220afa439639d28921935d2835d3e1b09f5debb597f6b9186358fd6df","gas_used":93693094,"tx_count":6},"timing":{"execution_ms":162.754566,"state_read_ms":188.854618,"state_hash_ms":1931.45517,"commit_ms":14.994716,"total_ms":2298.986115},"throughput":{"mgas_per_sec":40.75409302765624},"state_reads":{"accounts":18,"storage_slots":4086,"code":7,"code_bytes":1823},"state_writes":{"accounts":8,"accounts_deleted":0,"storage_slots":4086,"storage_slots_deleted":0,"code":0,"code_bytes":0},"cache":{"account":{"hits":13,"misses":5,"hit_rate":72.22222222222221},"storage":{"hits":3429,"misses":657,"hit_rate":83.92070484581498},"code":{"hits":7,"misses":0,"hit_rate":100,"hit_bytes":1823,"miss_bytes":0}}}
INFO [04-30|00:53:33.339] Imported new potential chain segment     number=11070 hash=d60a80..8fd6df blocks=1 txs=6  mgas=93.693 elapsed=2.299s      mgasps=40.748 triediffs=258.00KiB triedirty=0.00B
INFO [04-30|00:53:33.341] Chain head was updated                   number=11070 hash=d60a80..8fd6df root=e03d83..e84244 elapsed="125.16µs"
INFO [04-30|00:53:34.103] Submitted transaction                    hash=0x6632dd1dfcaecb0e44fb8c2329445ebb0a606503a8af51c32cc77bad3915452e from=0x6aDBc246E44AC7077126a913305DBDE6e31cBb69 nonce=1    recipient=0xf39Fd6e51aad88F6F4ce6aB8827279cffFb92266 value=500,882,910,276,771
INFO [04-30|00:53:34.112] Submitted transaction                    hash=0xc0ea4dc281107d2bcd598cceec45b1f89fd5dd79217560760eec43880b4dc3ee from=0x656B712bB3383AaC01095D9e5338753C07563EB0 nonce=1    recipient=0xf39Fd6e51aad88F6F4ce6aB8827279cffFb92266 value=502,088,617,059,271
INFO [04-30|00:53:34.120] Submitted transaction                    hash=0x94b4fb839e82ae137fe515645e7870c1cbf5fa4e6d7486bb226713edb6191103 from=0xDAB238E9bc650036C0E92710667d6a85fA7FEE3B nonce=1    recipient=0xf39Fd6e51aad88F6F4ce6aB8827279cffFb92266 value=502,088,617,059,271
INFO [04-30|00:53:34.129] Submitted transaction                    hash=0x9f375b15c012ed91f3c25e99a55ee4187a4ce7d3268c90d52d9917ae8d345e47 from=0x7eD5acA934202bB06B0a776c88A3a1955020190d nonce=1    recipient=0xf39Fd6e51aad88F6F4ce6aB8827279cffFb92266 value=502,088,617,059,271
INFO [04-30|00:53:34.138] Submitted transaction                    hash=0x9dc2f961ff668bbb0b36fe04522c9ce039e4dd69a3ed4838cc2c1a34ef5497a2 from=0x3C96B7e3af5a90F4643B3b876343b2B22e13323E nonce=1    recipient=0xf39Fd6e51aad88F6F4ce6aB8827279cffFb92266 value=502,088,617,059,271
INFO [04-30|00:53:34.147] Submitted transaction                    hash=0x8639ede31c3b153f8a7a536bd9de9f10b6e4f5b5605e0dd7b116aa6a2a3740dc from=0x23237AE74984A09EfEFe6429aA62270103A29c82 nonce=1    recipient=0xf39Fd6e51aad88F6F4ce6aB8827279cffFb92266 value=502,090,546,190,123
INFO [04-30|00:53:43.346] Starting work on payload                 id=0x03c1b115b8e8919b
INFO [04-30|00:53:43.354] Updated payload                          id=0x03c1b115b8e8919b number=11071 hash=33798b..a941d4 txs=6  withdrawals=0 gas=126,000    fees=3.038381023e-05 root=87adae..9474a3 elapsed=7.908ms
INFO [04-30|00:53:43.354] Stopping work on payload                 id=0x03c1b115b8e8919b reason=delivery
WARN [04-30|00:53:43.362] {"level":"warn","msg":"Slow block","block":{"number":11071,"hash":"0x33798bd5371732e2cb1c226c08a2e3499c4a7794b2b19b7a30e96df968a941d4","gas_used":126000,"tx_count":6},"timing":{"execution_ms":0.249458,"state_read_ms":0.457198,"state_hash_ms":5.492179,"commit_ms":0.964295,"total_ms":7.598039},"throughput":{"mgas_per_sec":16.583226277201263},"state_reads":{"accounts":11,"storage_slots":0,"code":0,"code_bytes":0},"state_writes":{"accounts":7,"accounts_deleted":0,"storage_slots":0,"storage_slots_deleted":0,"code":0,"code_bytes":0},"cache":{"account":{"hits":4,"misses":7,"hit_rate":36.36363636363637},"storage":{"hits":0,"misses":0,"hit_rate":0},"code":{"hits":0,"misses":0,"hit_rate":0,"hit_bytes":0,"miss_bytes":0}}}
INFO [04-30|00:53:43.362] Imported new potential chain segment     number=11071 hash=33798b..a941d4 blocks=1 txs=6  mgas=0.126  elapsed=7.839ms     mgasps=16.072 triediffs=258.88KiB triedirty=0.00B
INFO [04-30|00:53:43.362] Chain head was updated                   number=11071 hash=33798b..a941d4 root=87adae..9474a3 elapsed="122.189µs"
