INFO [04-30|00:51:28.709] Starting Geth on Ethereum mainnet...
INFO [04-30|00:51:28.710] Maximum peer count                       ETH=0 total=0
INFO [04-30|00:51:28.711] Smartcard socket not found, disabling    err="stat /run/pcscd/pcscd.comm: no such file or directory"
WARN [04-30|00:51:28.712] Option --miner.etherbase is deprecated as the etherbase is set by the consensus client post-merge
WARN [04-30|00:51:28.713] Snap sync requested, resetting --cache.snapshot
INFO [04-30|00:51:28.713] Global gas cap disabled
INFO [04-30|00:51:29.365] Using developer account                  address=0xf39Fd6e51aad88F6F4ce6aB8827279cffFb92266
INFO [04-30|00:51:29.557] Using pebble as the backing database
INFO [04-30|00:51:29.557] Allocated cache and file handles         database=/home/CPerezz/bintrie-benchmarks/mpt-vs-bintrie/dbs/bt-gd5-flat/geth/chaindata cache=16.00MiB handles=524,288
INFO [04-30|00:51:30.852] Opened ancient database                  database=/home/CPerezz/bintrie-benchmarks/mpt-vs-bintrie/dbs/bt-gd5-flat/geth/chaindata/ancient/chain readonly=true
INFO [04-30|00:51:30.852] Opened Era store                         datadir=/home/CPerezz/bintrie-benchmarks/mpt-vs-bintrie/dbs/bt-gd5-flat/geth/chaindata/ancient/chain/era
INFO [04-30|00:51:30.866] Initializing the KZG library             backend=gokzg
INFO [04-30|00:51:30.868] Allocated trie memory caches             clean=0.00B dirty=0.00B
INFO [04-30|00:51:30.973] Using pebble as the backing database
INFO [04-30|00:51:30.973] Allocated cache and file handles         database=/home/CPerezz/bintrie-benchmarks/mpt-vs-bintrie/dbs/bt-gd5-flat/geth/chaindata cache=16.00MiB handles=524,288
INFO [04-30|00:51:32.504] Opened ancient database                  database=/home/CPerezz/bintrie-benchmarks/mpt-vs-bintrie/dbs/bt-gd5-flat/geth/chaindata/ancient/chain readonly=false
INFO [04-30|00:51:32.504] Opened Era store                         datadir=/home/CPerezz/bintrie-benchmarks/mpt-vs-bintrie/dbs/bt-gd5-flat/geth/chaindata/ancient/chain/era
INFO [04-30|00:51:32.505] State scheme set to already existing     scheme=path
INFO [04-30|00:51:32.506] Initialising Ethereum protocol           network=1337 dbversion=9
INFO [04-30|00:51:32.506] Load database journal from file          path=/home/CPerezz/bintrie-benchmarks/mpt-vs-bintrie/dbs/bt-gd5-flat/geth/triedb/verkle.journal
INFO [04-30|00:51:32.549] Opened ancient database                  database=/home/CPerezz/bintrie-benchmarks/mpt-vs-bintrie/dbs/bt-gd5-flat/geth/chaindata/ancient/state_verkle readonly=false
INFO [04-30|00:51:32.549] Initialized path database                triecache=0.00B statecache=0.00B buffer=0.00B state-history="last 90000 blocks" journal-dir=/home/CPerezz/bintrie-benchmarks/mpt-vs-bintrie/dbs/bt-gd5-flat/geth/triedb verkle=true
INFO [04-30|00:51:32.550] 
INFO [04-30|00:51:32.550] ---------------------------------------------------------------------------------------------------------------------------------------------------------
INFO [04-30|00:51:32.550] Chain ID:  1337 (unknown)
INFO [04-30|00:51:32.550] Consensus: unknown
INFO [04-30|00:51:32.550] 
INFO [04-30|00:51:32.550] Pre-Merge hard forks (block based):
INFO [04-30|00:51:32.550]  - Homestead:                   #0       
INFO [04-30|00:51:32.550]  - Tangerine Whistle (EIP 150): #0       
INFO [04-30|00:51:32.550]  - Spurious Dragon/1 (EIP 155): #0       
INFO [04-30|00:51:32.550]  - Spurious Dragon/2 (EIP 158): #0       
INFO [04-30|00:51:32.550]  - Byzantium:                   #0       
INFO [04-30|00:51:32.550]  - Constantinople:              #0       
INFO [04-30|00:51:32.550]  - Petersburg:                  #0       
INFO [04-30|00:51:32.550]  - Istanbul:                    #0       
INFO [04-30|00:51:32.550]  - Muir Glacier:                #0       
INFO [04-30|00:51:32.550]  - Berlin:                      #0       
INFO [04-30|00:51:32.550]  - London:                      #0       
INFO [04-30|00:51:32.550]  - Arrow Glacier:               #0       
INFO [04-30|00:51:32.550]  - Gray Glacier:                #0       
INFO [04-30|00:51:32.550] 
INFO [04-30|00:51:32.550] Merge configured:
INFO [04-30|00:51:32.550]  - Total terminal difficulty:  0
INFO [04-30|00:51:32.550]  - Merge netsplit block:       #0       
INFO [04-30|00:51:32.550] 
INFO [04-30|00:51:32.550] Post-Merge hard forks (timestamp based):
INFO [04-30|00:51:32.550]  - Shanghai:                    @0         
INFO [04-30|00:51:32.550]  - Cancun:                      @0          blob: (target: 3, max: 6, fraction: 3338477)
INFO [04-30|00:51:32.550]  - Prague:                      @0          blob: (target: 6, max: 9, fraction: 5225352)
INFO [04-30|00:51:32.550]  - Osaka:                       @0          blob: (target: 9, max: 12, fraction: 5225352)
INFO [04-30|00:51:32.550]  - Verkle:                      @0          blob: (nil)
INFO [04-30|00:51:32.550] 
INFO [04-30|00:51:32.550] All fork specifications can be found at https://ethereum.github.io/execution-specs/src/ethereum/forks/
INFO [04-30|00:51:32.550] 
INFO [04-30|00:51:32.550] ---------------------------------------------------------------------------------------------------------------------------------------------------------
INFO [04-30|00:51:32.550] 
INFO [04-30|00:51:32.550] Loaded most recent local block           number=11059 hash=820b0e..a61703 age=8s
INFO [04-30|00:51:32.550] Loaded most recent local finalized block number=11040 hash=f618a3..5eb705 age=3m51s
INFO [04-30|00:51:32.551] Initialized transaction indexer          range="last 2350000 blocks"
INFO [04-30|00:51:32.551] Initialized log indexer                  firstblock=0 lastblock=11059 firstmap=0 lastmap=3 headindexed=true
INFO [04-30|00:51:32.555] Enabled full-sync                        head=11059 hash=820b0e..a61703
INFO [04-30|00:51:32.555] Unprotected transactions allowed
INFO [04-30|00:51:32.555] Gasprice oracle is ignoring threshold set threshold=2
WARN [04-30|00:51:32.555] Unclean shutdown detected                booted=2026-04-29T08:22:10+0200 age=16h29m22s
WARN [04-30|00:51:32.555] Unclean shutdown detected                booted=2026-04-29T23:46:41+0200 age=1h4m51s
WARN [04-30|00:51:32.555] Unclean shutdown detected                booted=2026-04-29T23:49:20+0200 age=1h2m12s
WARN [04-30|00:51:32.555] Unclean shutdown detected                booted=2026-04-29T23:50:23+0200 age=1h1m9s
INFO [04-30|00:51:32.555] Registered sync override service
WARN [04-30|00:51:32.555] You are running Geth in --dev mode. Please note the following:
WARN [04-30|00:51:32.555] 
WARN [04-30|00:51:32.555]   1. This mode is only intended for fast, iterative development without assumptions on
WARN [04-30|00:51:32.555]      security or persistence.
WARN [04-30|00:51:32.555]   2. The database is created in memory unless specified otherwise. Therefore, shutting down
WARN [04-30|00:51:32.555]      your computer or losing power will wipe your entire block data and chain state for
WARN [04-30|00:51:32.555]      your dev environment.
WARN [04-30|00:51:32.555]   3. A random, pre-allocated developer account will be available and unlocked as
WARN [04-30|00:51:32.555]      eth.coinbase, which can be used for testing. The random dev account is temporary,
WARN [04-30|00:51:32.555]      stored on a ramdisk, and will be lost if your machine is restarted.
WARN [04-30|00:51:32.555]   4. Mining is enabled by default. However, the client will only seal blocks if transactions
WARN [04-30|00:51:32.555]      are pending in the mempool. The miner's minimum accepted gas price is 1.
WARN [04-30|00:51:32.555]   5. Networking is disabled; there is no listen-address, the maximum number of peers is set
WARN [04-30|00:51:32.555]      to 0, and discovery is disabled.
WARN [04-30|00:51:32.555] 
INFO [04-30|00:51:32.555] Starting peer-to-peer node               instance=Geth/v1.17.3-unstable-7d2e7cbe-20260415/linux-amd64/go1.24.1
WARN [04-30|00:51:32.555] P2P server will be useless, neither dialing nor listening
INFO [04-30|00:51:32.568] IPC endpoint opened                      url=/home/CPerezz/bintrie-benchmarks/mpt-vs-bintrie/dbs/bt-gd5-flat/geth.ipc
ERROR[04-30|00:51:32.568] Unavailable modules in HTTP API list     unavailable=[personal] available="[admin debug web3 eth txpool miner net dev testing]"
INFO [04-30|00:51:32.568] HTTP server started                      endpoint=[::]:8545 auth=false prefix= cors= vhosts=localhost
INFO [04-30|00:51:32.568] WebSocket enabled                        url=ws://[::]:8546
INFO [04-30|00:51:32.569] New local node record                    seq=1,777,300,782,088 id=7b2b1a18a5d9e6d9 ip=127.0.0.1 udp=0 tcp=0
INFO [04-30|00:51:32.569] Started P2P networking                   self=enode://c8864a9bfd3b61c44e854a4678f69f18717dec204477a230feae3bea75d7354d5ded62396550f30f6df7ffb11c73e275d3183b71a6cda36e7353bb5efa6c1928@127.0.0.1:0
INFO [04-30|00:51:33.253] Loaded local transaction journal         transactions=13629 dropped=0
INFO [04-30|00:51:33.666] Submitted contract creation              hash=0xe3f3c017c9aa60db9d656e067a18f953e856245d5475caa5ce2282402671c79a from=0xf39Fd6e51aad88F6F4ce6aB8827279cffFb92266 nonce=1087 contract=0x0956d3d8480cD0C4e35b168D843B70582b67a7Bc value=0
INFO [04-30|00:51:33.670] Submitted transaction                    hash=0xaa9ad2055d7afd875ec0dd11fcc98655bbae0bbb5170d1f7303cf5d28515e1b7 from=0xf39Fd6e51aad88F6F4ce6aB8827279cffFb92266 nonce=1088 recipient=0xF6FcD940cE1098168689C576692945F74fAF8a74 value=4,019,020,805,905,828
INFO [04-30|00:51:33.671] Submitted contract creation              hash=0x2bbe92038a2c73012f91c53cdaba67e0c27d4f3d4c18405475afebd015fa3cf3 from=0xf39Fd6e51aad88F6F4ce6aB8827279cffFb92266 nonce=1089 contract=0x3940C74711923bB4bdbA231c360baA7F032b5F0D value=0
INFO [04-30|00:51:33.673] Submitted transaction                    hash=0x25801fe5e4bafed87637d1c760c13be93d3b5c5e5b7cbae29623aab121863a05 from=0xf39Fd6e51aad88F6F4ce6aB8827279cffFb92266 nonce=1090 recipient=0xDfD9e05F6f80b00F9F6E95a0b7D4FB7d7Bb5De68 value=4,019,020,805,905,828
INFO [04-30|00:51:33.674] Submitted contract creation              hash=0xd584ad0bf870c17ceb4793eb595aadb4965af739f3699be959d0b1d46b7cbcbd from=0xf39Fd6e51aad88F6F4ce6aB8827279cffFb92266 nonce=1091 contract=0x9D8946A8A0c5a583Bf05bE83B981406182ac9d2f value=0
INFO [04-30|00:51:33.676] Submitted transaction                    hash=0x4c7c6cf2fa8070fd5fc44d6dfeb63dd92bec8575e8614bf03c076daee12c9f7b from=0xf39Fd6e51aad88F6F4ce6aB8827279cffFb92266 nonce=1092 recipient=0x8c27f63beEA492b15673B120e03Bc628339441a1 value=4,019,020,805,905,828
INFO [04-30|00:51:33.678] Submitted contract creation              hash=0x2102b1ce3f24205b4ea9e43b8d4e05f4b85f0092fec20037c00217f79464fe78 from=0xf39Fd6e51aad88F6F4ce6aB8827279cffFb92266 nonce=1093 contract=0x0712629Ced85A3A62E5BCa96303b8fdd06CBF8dd value=0
INFO [04-30|00:51:33.680] Submitted transaction                    hash=0x83f966639046afc5880398210f81b638db2d7e6e9f4249a563dc765e60dbb12c from=0xf39Fd6e51aad88F6F4ce6aB8827279cffFb92266 nonce=1094 recipient=0xDe07e62b0ce90F67d8FBDc096e109f27d6B11ca6 value=4,019,020,805,905,828
INFO [04-30|00:51:33.682] Submitted contract creation              hash=0x7eca1bbd9fa050b360bffbc52b002b1dc6e22856a9b9e52ced32971b76225245 from=0xf39Fd6e51aad88F6F4ce6aB8827279cffFb92266 nonce=1095 contract=0x242e50f40E771da8F19aAF1b813658A8562B2ad2 value=0
INFO [04-30|00:51:33.684] Submitted transaction                    hash=0xd5f827105c91ba75738796d1fb37948fafda7d3d25cde0ca660a3c5cb0be6848 from=0xf39Fd6e51aad88F6F4ce6aB8827279cffFb92266 nonce=1096 recipient=0xD5e40066a4c6F31AFB4b54595cb033dB7548a172 value=4,019,020,805,905,828
INFO [04-30|00:51:33.686] Submitted contract creation              hash=0x49d82c2a23a2d5588ea69cb3958f88ecd4fd824bb208339753301f6c5f44b44b from=0xf39Fd6e51aad88F6F4ce6aB8827279cffFb92266 nonce=1097 contract=0x7B670a01E1D521ff232846dE0F7fE857a85c37A6 value=0
INFO [04-30|00:51:33.687] Submitted transaction                    hash=0x72723df6e992cd0df2bf086fb69da525f30a0d51eaf0b52a35fa1b84015e0d32 from=0xf39Fd6e51aad88F6F4ce6aB8827279cffFb92266 nonce=1098 recipient=0x53956a6D8c01f92a06064e7057Cc3678a4D27EE9 value=4,019,021,770,470,860
INFO [04-30|00:51:34.379] Started log indexer
INFO [04-30|00:51:34.385] Starting work on payload                 id=0x0375bc017fc5fc18
INFO [04-30|00:51:34.413] Updated payload                          id=0x0375bc017fc5fc18 number=11060 hash=a599ab..70e31d txs=12 withdrawals=0 gas=502,712 fees=0.0001212246006 root=192577..cc28d4 elapsed=28.354ms
INFO [04-30|00:51:34.413] Stopping work on payload                 id=0x0375bc017fc5fc18 reason=delivery
WARN [04-30|00:51:34.424] {"level":"warn","msg":"Slow block","block":{"number":11060,"hash":"0xa599ab279def07b98e56a4c799672ab853449da6b8548b103792efae0f70e31d","gas_used":502712,"tx_count":12},"timing":{"execution_ms":0.361798,"state_read_ms":1.163153,"state_hash_ms":7.472528,"commit_ms":0.831145,"total_ms":10.273233},"throughput":{"mgas_per_sec":48.93415733878517},"state_reads":{"accounts":41,"storage_slots":0,"code":0,"code_bytes":0},"state_writes":{"accounts":13,"accounts_deleted":0,"storage_slots":0,"storage_slots_deleted":0,"code":6,"code_bytes":479},"cache":{"account":{"hits":30,"misses":11,"hit_rate":73.17073170731707},"storage":{"hits":0,"misses":0,"hit_rate":0},"code":{"hits":0,"misses":0,"hit_rate":0,"hit_bytes":0,"miss_bytes":0}}}
INFO [04-30|00:51:34.424] Imported new potential chain segment     number=11060 hash=a599ab..70e31d blocks=1 txs=12 mgas=0.503 elapsed=10.630ms mgasps=47.291 triediffs=1.62KiB triedirty=0.00B
INFO [04-30|00:51:34.425] Chain head was updated                   number=11060 hash=a599ab..70e31d root=192577..cc28d4 elapsed="832.595µs"
INFO [04-30|00:51:34.747] Submitted transaction                    hash=0xa259d376ffbb06818d76d331e42354ee50191fd5142db00c17d657e25971e9fe from=0xF6FcD940cE1098168689C576692945F74fAF8a74 nonce=0    recipient=0x0956d3d8480cD0C4e35b168D843B70582b67a7Bc value=0
INFO [04-30|00:51:34.749] Submitted transaction                    hash=0x0968248ab2671525d0278759dc74f7f6f67fbe9a5f04936fe2154c01320aa8ce from=0xDfD9e05F6f80b00F9F6E95a0b7D4FB7d7Bb5De68 nonce=0    recipient=0x3940C74711923bB4bdbA231c360baA7F032b5F0D value=0
INFO [04-30|00:51:34.752] Submitted transaction                    hash=0xcfa34c70f9e96f3de436968f05a2ef03a623580288138ae76bbbdbb95945860d from=0x8c27f63beEA492b15673B120e03Bc628339441a1 nonce=0    recipient=0x9D8946A8A0c5a583Bf05bE83B981406182ac9d2f value=0
INFO [04-30|00:51:34.755] Submitted transaction                    hash=0x6520337452043b8afb43a273a11cac0eaa82f6d0b11b15a28a14d36fb2ff5155 from=0xDe07e62b0ce90F67d8FBDc096e109f27d6B11ca6 nonce=0    recipient=0x0712629Ced85A3A62E5BCa96303b8fdd06CBF8dd value=0
INFO [04-30|00:51:34.758] Submitted transaction                    hash=0x588b20486b507e3d9cb9e7a786e661612d6cb60e0e17008a0e866b60ba8f0db4 from=0xD5e40066a4c6F31AFB4b54595cb033dB7548a172 nonce=0    recipient=0x242e50f40E771da8F19aAF1b813658A8562B2ad2 value=0
INFO [04-30|00:51:34.762] Submitted transaction                    hash=0x92967c89a9030f4a604d6f15f87043e69695d8d75d14b4c91207a11dd85240de from=0x53956a6D8c01f92a06064e7057Cc3678a4D27EE9 nonce=0    recipient=0x7B670a01E1D521ff232846dE0F7fE857a85c37A6 value=0
INFO [04-30|00:51:44.432] Starting work on payload                 id=0x033f1390248391c1
INFO [04-30|00:51:47.054] Updated payload                          id=0x033f1390248391c1 number=11061 hash=82c495..31c4e8 txs=6  withdrawals=0 gas=93,693,094 fees=0.0225932699    root=986f36..2c0b09 elapsed=2.622s
INFO [04-30|00:51:49.047] Stopping work on payload                 id=0x033f1390248391c1 reason=delivery
WARN [04-30|00:51:49.104] {"level":"warn","msg":"Slow block","block":{"number":11061,"hash":"0x82c495d026e2e6c4d5d170cd464526803c384e777f96c5e71a90d4258231c4e8","gas_used":93693094,"tx_count":6},"timing":{"execution_ms":187.613932,"state_read_ms":164.853963,"state_hash_ms":1650.912926,"commit_ms":44.822379,"total_ms":2048.843276},"throughput":{"mgas_per_sec":45.72975156153427},"state_reads":{"accounts":18,"storage_slots":4086,"code":7,"code_bytes":1823},"state_writes":{"accounts":8,"accounts_deleted":0,"storage_slots":4086,"storage_slots_deleted":0,"code":0,"code_bytes":0},"cache":{"account":{"hits":13,"misses":5,"hit_rate":72.22222222222221},"storage":{"hits":3467,"misses":619,"hit_rate":84.85070974057759},"code":{"hits":7,"misses":0,"hit_rate":100,"hit_bytes":1823,"miss_bytes":0}}}
INFO [04-30|00:51:49.105] Imported new potential chain segment     number=11061 hash=82c495..31c4e8 blocks=1 txs=6  mgas=93.693 elapsed=2.049s      mgasps=45.724 triediffs=258.00KiB triedirty=0.00B
INFO [04-30|00:51:49.105] Chain head was updated                   number=11061 hash=82c495..31c4e8 root=986f36..2c0b09 elapsed="110.14µs"
INFO [04-30|00:51:50.168] Submitted transaction                    hash=0xd1cb98515acf25caed747662420844e6bbc7d8f1b4776ff1ff67f798d0a977ad from=0xF6FcD940cE1098168689C576692945F74fAF8a74 nonce=1    recipient=0xf39Fd6e51aad88F6F4ce6aB8827279cffFb92266 value=250,441,352,792,286
INFO [04-30|00:51:50.176] Submitted transaction                    hash=0xad05914ace3c203f90fa25ee333b7c5f0085b91527990bdfc821f1037d6c5cf0 from=0xDfD9e05F6f80b00F9F6E95a0b7D4FB7d7Bb5De68 nonce=1    recipient=0xf39Fd6e51aad88F6F4ce6aB8827279cffFb92266 value=251,044,205,937,286
INFO [04-30|00:51:50.184] Submitted transaction                    hash=0xb5a6d435975ccce5b1d25378f4f8c0a0d265dd0acf366b72f67149b5128da0de from=0x8c27f63beEA492b15673B120e03Bc628339441a1 nonce=1    recipient=0xf39Fd6e51aad88F6F4ce6aB8827279cffFb92266 value=251,044,205,937,286
INFO [04-30|00:51:50.193] Submitted transaction                    hash=0x728ad658b923fe8d526d39ade0a1ad722ec003e5ee1853a2bc73f441d9888401 from=0xDe07e62b0ce90F67d8FBDc096e109f27d6B11ca6 nonce=1    recipient=0xf39Fd6e51aad88F6F4ce6aB8827279cffFb92266 value=251,044,205,937,286
INFO [04-30|00:51:50.201] Submitted transaction                    hash=0x6db0b3817e36086ecf9353d6b9eb0092d7c69ddf36637cc07c28172188faa999 from=0xD5e40066a4c6F31AFB4b54595cb033dB7548a172 nonce=1    recipient=0xf39Fd6e51aad88F6F4ce6aB8827279cffFb92266 value=251,044,205,937,286
INFO [04-30|00:51:50.210] Submitted transaction                    hash=0x8749c0baa65fb4a9e8fd28d9469062b06c6adf0071592912797fc1a94ebc1717 from=0x53956a6D8c01f92a06064e7057Cc3678a4D27EE9 nonce=1    recipient=0xf39Fd6e51aad88F6F4ce6aB8827279cffFb92266 value=251,045,170,502,318
INFO [04-30|00:51:59.112] Starting work on payload                 id=0x03d15402eec8453c
INFO [04-30|00:51:59.120] Updated payload                          id=0x03d15402eec8453c number=11062 hash=9d41c9..8acf76 txs=6  withdrawals=0 gas=126,000    fees=1.519189862e-05 root=45bacd..b93218 elapsed=7.176ms
INFO [04-30|00:51:59.120] Stopping work on payload                 id=0x03d15402eec8453c reason=delivery
WARN [04-30|00:51:59.128] {"level":"warn","msg":"Slow block","block":{"number":11062,"hash":"0x9d41c905befa8c4a7d11fa0438cc7625e74eab2a22503345c3526a08558acf76","gas_used":126000,"tx_count":6},"timing":{"execution_ms":0.197619,"state_read_ms":0.386628,"state_hash_ms":6.083185,"commit_ms":0.807756,"total_ms":7.953597},"throughput":{"mgas_per_sec":15.841888896306916},"state_reads":{"accounts":11,"storage_slots":0,"code":0,"code_bytes":0},"state_writes":{"accounts":7,"accounts_deleted":0,"storage_slots":0,"storage_slots_deleted":0,"code":0,"code_bytes":0},"cache":{"account":{"hits":6,"misses":5,"hit_rate":54.54545454545454},"storage":{"hits":0,"misses":0,"hit_rate":0},"code":{"hits":0,"misses":0,"hit_rate":0,"hit_bytes":0,"miss_bytes":0}}}
INFO [04-30|00:51:59.128] Imported new potential chain segment     number=11062 hash=9d41c9..8acf76 blocks=1 txs=6  mgas=0.126  elapsed=8.148ms     mgasps=15.464 triediffs=258.88KiB triedirty=0.00B
INFO [04-30|00:51:59.129] Chain head was updated                   number=11062 hash=9d41c9..8acf76 root=45bacd..b93218 elapsed="121.049µs"
