INFO [04-30|00:41:13.510] Starting Geth on Ethereum mainnet...
INFO [04-30|00:41:13.512] Maximum peer count                       ETH=0 total=0
INFO [04-30|00:41:13.513] Smartcard socket not found, disabling    err="stat /run/pcscd/pcscd.comm: no such file or directory"
WARN [04-30|00:41:13.515] Option --miner.etherbase is deprecated as the etherbase is set by the consensus client post-merge
WARN [04-30|00:41:13.516] Snap sync requested, resetting --cache.snapshot
INFO [04-30|00:41:13.516] Global gas cap disabled
INFO [04-30|00:41:14.164] Using developer account                  address=0xf39Fd6e51aad88F6F4ce6aB8827279cffFb92266
INFO [04-30|00:41:14.356] Using pebble as the backing database
INFO [04-30|00:41:14.356] Allocated cache and file handles         database=/home/CPerezz/bintrie-benchmarks/mpt-vs-bintrie/dbs/bt-gd5-flat/geth/chaindata cache=16.00MiB handles=524,288
INFO [04-30|00:41:15.645] Opened ancient database                  database=/home/CPerezz/bintrie-benchmarks/mpt-vs-bintrie/dbs/bt-gd5-flat/geth/chaindata/ancient/chain readonly=true
INFO [04-30|00:41:15.645] Opened Era store                         datadir=/home/CPerezz/bintrie-benchmarks/mpt-vs-bintrie/dbs/bt-gd5-flat/geth/chaindata/ancient/chain/era
INFO [04-30|00:41:15.662] Initializing the KZG library             backend=gokzg
INFO [04-30|00:41:15.663] Allocated trie memory caches             clean=0.00B dirty=0.00B
INFO [04-30|00:41:15.751] Using pebble as the backing database
INFO [04-30|00:41:15.751] Allocated cache and file handles         database=/home/CPerezz/bintrie-benchmarks/mpt-vs-bintrie/dbs/bt-gd5-flat/geth/chaindata cache=16.00MiB handles=524,288
INFO [04-30|00:41:17.439] Opened ancient database                  database=/home/CPerezz/bintrie-benchmarks/mpt-vs-bintrie/dbs/bt-gd5-flat/geth/chaindata/ancient/chain readonly=false
INFO [04-30|00:41:17.439] Opened Era store                         datadir=/home/CPerezz/bintrie-benchmarks/mpt-vs-bintrie/dbs/bt-gd5-flat/geth/chaindata/ancient/chain/era
INFO [04-30|00:41:17.440] State scheme set to already existing     scheme=path
INFO [04-30|00:41:17.440] Initialising Ethereum protocol           network=1337 dbversion=9
INFO [04-30|00:41:17.440] Load database journal from file          path=/home/CPerezz/bintrie-benchmarks/mpt-vs-bintrie/dbs/bt-gd5-flat/geth/triedb/verkle.journal
INFO [04-30|00:41:17.498] Opened ancient database                  database=/home/CPerezz/bintrie-benchmarks/mpt-vs-bintrie/dbs/bt-gd5-flat/geth/chaindata/ancient/state_verkle readonly=false
INFO [04-30|00:41:17.498] Initialized path database                triecache=0.00B statecache=0.00B buffer=0.00B state-history="last 90000 blocks" journal-dir=/home/CPerezz/bintrie-benchmarks/mpt-vs-bintrie/dbs/bt-gd5-flat/geth/triedb verkle=true
INFO [04-30|00:41:17.498] 
INFO [04-30|00:41:17.498] ---------------------------------------------------------------------------------------------------------------------------------------------------------
INFO [04-30|00:41:17.498] Chain ID:  1337 (unknown)
INFO [04-30|00:41:17.498] Consensus: unknown
INFO [04-30|00:41:17.498] 
INFO [04-30|00:41:17.498] Pre-Merge hard forks (block based):
INFO [04-30|00:41:17.498]  - Homestead:                   #0       
INFO [04-30|00:41:17.498]  - Tangerine Whistle (EIP 150): #0       
INFO [04-30|00:41:17.498]  - Spurious Dragon/1 (EIP 155): #0       
INFO [04-30|00:41:17.498]  - Spurious Dragon/2 (EIP 158): #0       
INFO [04-30|00:41:17.498]  - Byzantium:                   #0       
INFO [04-30|00:41:17.498]  - Constantinople:              #0       
INFO [04-30|00:41:17.498]  - Petersburg:                  #0       
INFO [04-30|00:41:17.498]  - Istanbul:                    #0       
INFO [04-30|00:41:17.498]  - Muir Glacier:                #0       
INFO [04-30|00:41:17.498]  - Berlin:                      #0       
INFO [04-30|00:41:17.498]  - London:                      #0       
INFO [04-30|00:41:17.498]  - Arrow Glacier:               #0       
INFO [04-30|00:41:17.498]  - Gray Glacier:                #0       
INFO [04-30|00:41:17.498] 
INFO [04-30|00:41:17.498] Merge configured:
INFO [04-30|00:41:17.498]  - Total terminal difficulty:  0
INFO [04-30|00:41:17.498]  - Merge netsplit block:       #0       
INFO [04-30|00:41:17.498] 
INFO [04-30|00:41:17.499] Post-Merge hard forks (timestamp based):
INFO [04-30|00:41:17.499]  - Shanghai:                    @0         
INFO [04-30|00:41:17.499]  - Cancun:                      @0          blob: (target: 3, max: 6, fraction: 3338477)
INFO [04-30|00:41:17.499]  - Prague:                      @0          blob: (target: 6, max: 9, fraction: 5225352)
INFO [04-30|00:41:17.499]  - Osaka:                       @0          blob: (target: 9, max: 12, fraction: 5225352)
INFO [04-30|00:41:17.499]  - Verkle:                      @0          blob: (nil)
INFO [04-30|00:41:17.499] 
INFO [04-30|00:41:17.499] All fork specifications can be found at https://ethereum.github.io/execution-specs/src/ethereum/forks/
INFO [04-30|00:41:17.499] 
INFO [04-30|00:41:17.499] ---------------------------------------------------------------------------------------------------------------------------------------------------------
INFO [04-30|00:41:17.499] 
INFO [04-30|00:41:17.499] Loaded most recent local block           number=11006 hash=b908f8..59dca2 age=10s
INFO [04-30|00:41:17.499] Loaded most recent local finalized block number=10976 hash=3da6f9..f966ba age=18m5s
INFO [04-30|00:41:17.499] Initialized transaction indexer          range="last 2350000 blocks"
INFO [04-30|00:41:17.500] Initialized log indexer                  firstblock=0 lastblock=11006 firstmap=0 lastmap=3 headindexed=true
INFO [04-30|00:41:17.511] Enabled full-sync                        head=11006 hash=b908f8..59dca2
INFO [04-30|00:41:17.511] Unprotected transactions allowed
INFO [04-30|00:41:17.511] Gasprice oracle is ignoring threshold set threshold=2
WARN [04-30|00:41:17.511] Unclean shutdown detected                booted=2026-04-29T08:22:10+0200 age=16h19m7s
WARN [04-30|00:41:17.511] Unclean shutdown detected                booted=2026-04-29T23:46:41+0200 age=54m36s
WARN [04-30|00:41:17.511] Unclean shutdown detected                booted=2026-04-29T23:49:20+0200 age=51m57s
WARN [04-30|00:41:17.511] Unclean shutdown detected                booted=2026-04-29T23:50:23+0200 age=50m54s
INFO [04-30|00:41:17.511] Registered sync override service
WARN [04-30|00:41:17.511] You are running Geth in --dev mode. Please note the following:
WARN [04-30|00:41:17.511] 
WARN [04-30|00:41:17.511]   1. This mode is only intended for fast, iterative development without assumptions on
WARN [04-30|00:41:17.511]      security or persistence.
WARN [04-30|00:41:17.511]   2. The database is created in memory unless specified otherwise. Therefore, shutting down
WARN [04-30|00:41:17.511]      your computer or losing power will wipe your entire block data and chain state for
WARN [04-30|00:41:17.511]      your dev environment.
WARN [04-30|00:41:17.511]   3. A random, pre-allocated developer account will be available and unlocked as
WARN [04-30|00:41:17.511]      eth.coinbase, which can be used for testing. The random dev account is temporary,
WARN [04-30|00:41:17.511]      stored on a ramdisk, and will be lost if your machine is restarted.
WARN [04-30|00:41:17.511]   4. Mining is enabled by default. However, the client will only seal blocks if transactions
WARN [04-30|00:41:17.511]      are pending in the mempool. The miner's minimum accepted gas price is 1.
WARN [04-30|00:41:17.511]   5. Networking is disabled; there is no listen-address, the maximum number of peers is set
WARN [04-30|00:41:17.511]      to 0, and discovery is disabled.
WARN [04-30|00:41:17.511] 
INFO [04-30|00:41:17.511] Starting peer-to-peer node               instance=Geth/v1.17.3-unstable-7d2e7cbe-20260415/linux-amd64/go1.24.1
WARN [04-30|00:41:17.511] P2P server will be useless, neither dialing nor listening
INFO [04-30|00:41:17.537] IPC endpoint opened                      url=/home/CPerezz/bintrie-benchmarks/mpt-vs-bintrie/dbs/bt-gd5-flat/geth.ipc
ERROR[04-30|00:41:17.537] Unavailable modules in HTTP API list     unavailable=[personal] available="[admin debug web3 eth txpool miner net dev testing]"
INFO [04-30|00:41:17.537] New local node record                    seq=1,777,300,782,068 id=7b2b1a18a5d9e6d9 ip=127.0.0.1 udp=0 tcp=0
INFO [04-30|00:41:17.537] Started P2P networking                   self=enode://c8864a9bfd3b61c44e854a4678f69f18717dec204477a230feae3bea75d7354d5ded62396550f30f6df7ffb11c73e275d3183b71a6cda36e7353bb5efa6c1928@127.0.0.1:0
INFO [04-30|00:41:17.537] HTTP server started                      endpoint=[::]:8545 auth=false prefix= cors= vhosts=localhost
INFO [04-30|00:41:17.538] WebSocket enabled                        url=ws://[::]:8546
INFO [04-30|00:41:18.298] Loaded local transaction journal         transactions=13263 dropped=0
INFO [04-30|00:41:19.377] Started log indexer
INFO [04-30|00:41:19.383] Starting work on payload                 id=0x03be0e57b7fe94d4
INFO [04-30|00:41:19.383] Updated payload                          id=0x03be0e57b7fe94d4 number=11007 hash=bbba3c..beb3d4 txs=0 withdrawals=0 gas=0 fees=0 root=3484cc..a05a96 elapsed="471.027µs"
INFO [04-30|00:41:19.383] Stopping work on payload                 id=0x03be0e57b7fe94d4 reason=delivery
WARN [04-30|00:41:19.385] {"level":"warn","msg":"Slow block","block":{"number":11007,"hash":"0xbbba3c2f44b734cfd65ab2ed97e0ebb3c87ead95d0ee09b0089d83de29beb3d4","gas_used":0,"tx_count":0},"timing":{"execution_ms":0.02151,"state_read_ms":0.118199,"state_hash_ms":0.00462,"commit_ms":0.262428,"total_ms":0.720347},"throughput":{"mgas_per_sec":0},"state_reads":{"accounts":4,"storage_slots":0,"code":0,"code_bytes":0},"state_writes":{"accounts":0,"accounts_deleted":0,"storage_slots":0,"storage_slots_deleted":0,"code":0,"code_bytes":0},"cache":{"account":{"hits":0,"misses":4,"hit_rate":0},"storage":{"hits":0,"misses":0,"hit_rate":0},"code":{"hits":0,"misses":0,"hit_rate":0,"hit_bytes":0,"miss_bytes":0}}}
INFO [04-30|00:41:19.385] Imported new potential chain segment     number=11007 hash=bbba3c..beb3d4 blocks=1 txs=0 mgas=0.000 elapsed=1.018ms     mgasps=0.000 triedirty=0.00B
INFO [04-30|00:41:19.385] Chain head was updated                   number=11007 hash=bbba3c..beb3d4 root=3484cc..a05a96 elapsed="53.06µs"
INFO [04-30|00:41:19.467] Submitted contract creation              hash=0xd4fea5a1391f67109a1f3f059128947ebb977a16397858ca753d3255680ba5a8 from=0xf39Fd6e51aad88F6F4ce6aB8827279cffFb92266 nonce=847 contract=0xA343B1FC2897b8C49A72A9A0B2675cB9c7664e8c value=0
INFO [04-30|00:41:19.469] Submitted transaction                    hash=0x77f093cc0183fbe610568ddbd7619d966c16542e9d90ab9a4585e2c85ca11e83 from=0xf39Fd6e51aad88F6F4ce6aB8827279cffFb92266 nonce=848 recipient=0xA27df88723529a0E712DeB3698E122de877e36cb value=148,852,660,712,560
INFO [04-30|00:41:19.471] Submitted contract creation              hash=0xdfe19048186b4c694ed2fb67a6a16a426b4756b1e8a841a7a28bd750cffe205f from=0xf39Fd6e51aad88F6F4ce6aB8827279cffFb92266 nonce=849 contract=0xf975A646FCa589Be9fc4E0C28ea426A75645fB1f value=0
INFO [04-30|00:41:19.472] Submitted transaction                    hash=0x1edd6572d600f101a5b72c45cecd4e8ccb3222c9ca51f7a177e87dc48b76542a from=0xf39Fd6e51aad88F6F4ce6aB8827279cffFb92266 nonce=850 recipient=0x3F165BD342f71d4eAe21113Fbb14373F3bD4FF97 value=148,852,660,712,560
INFO [04-30|00:41:19.475] Submitted contract creation              hash=0x2c107cd4a5e7d776316ce98a7fa88390206def5eed1b1a0e73cb277f63b03012 from=0xf39Fd6e51aad88F6F4ce6aB8827279cffFb92266 nonce=851 contract=0x6B5CF024365D5d5d0786673780CA7E3F07f85B63 value=0
INFO [04-30|00:41:19.477] Submitted transaction                    hash=0x57de5b93ff4461aeebb37696874ff114cf48fc1aedf1f9122e9282b786fc9acb from=0xf39Fd6e51aad88F6F4ce6aB8827279cffFb92266 nonce=852 recipient=0x4531261D0B6369338c33C03D3Be632585037296c value=148,852,660,712,560
INFO [04-30|00:41:19.479] Submitted contract creation              hash=0xdafddf67ca624a87ab2537b68b4081adb64d71a0e63259ca99bc196ff907e9d7 from=0xf39Fd6e51aad88F6F4ce6aB8827279cffFb92266 nonce=853 contract=0xfDb6669cF60C1dBfB0f72Ea50A6eC5e0FD6089E1 value=0
INFO [04-30|00:41:19.480] Submitted transaction                    hash=0x19a9a523ac9c15aea9d18a415d16bcc792cc0a11cab8400af77db4e363176a4d from=0xf39Fd6e51aad88F6F4ce6aB8827279cffFb92266 nonce=854 recipient=0x97BaF2f03Eb7456814B85F1799c95E54f066c9B0 value=148,852,660,712,560
INFO [04-30|00:41:19.483] Submitted contract creation              hash=0x4810a364d4eba103960701171f107eb82a140839b6a3d465dde9300bd6cb5b1e from=0xf39Fd6e51aad88F6F4ce6aB8827279cffFb92266 nonce=855 contract=0x2f6f107D4Afd43c451B74DA41A6DDA53D2Bf24B1 value=0
INFO [04-30|00:41:19.485] Submitted transaction                    hash=0xf64330f1dd87041bb19210afb87645a743c06420ded55ec34d49c625129b8049 from=0xf39Fd6e51aad88F6F4ce6aB8827279cffFb92266 nonce=856 recipient=0x06A82EB1384d38b3B29930663cCe63a90Fc0cC2b value=148,852,660,712,560
INFO [04-30|00:41:19.487] Submitted contract creation              hash=0x199bac39d2972598b827ae082241cdfd1c745e56afaafee161a4dc0b873718a6 from=0xf39Fd6e51aad88F6F4ce6aB8827279cffFb92266 nonce=857 contract=0x905Ad472d7eeB94ed1Fc29D8ff4B53FD4D5a5Eb4 value=0
INFO [04-30|00:41:19.488] Submitted transaction                    hash=0xd4a3d36924ae93cd88dde0064ae0a8e95ada8d7eeb2cc162424c0d0b50430289 from=0xf39Fd6e51aad88F6F4ce6aB8827279cffFb92266 nonce=858 recipient=0x6E72dc6ec1204A35577Bb10B5c8Ce733Ba224De5 value=148,852,696,437,200
INFO [04-30|00:41:29.392] Starting work on payload                 id=0x03500daccdaeacc6
INFO [04-30|00:41:29.406] Updated payload                          id=0x03500daccdaeacc6 number=11008 hash=04ebb1..903e7b txs=12 withdrawals=0 gas=502,136 fees=4.484653443e-06 root=e149e9..5276b6 elapsed=13.594ms
INFO [04-30|00:41:29.406] Stopping work on payload                 id=0x03500daccdaeacc6 reason=delivery
WARN [04-30|00:41:29.416] {"level":"warn","msg":"Slow block","block":{"number":11008,"hash":"0x04ebb1fb440362448629e5f601c5a22f44595700d17d358ce9f50682d4903e7b","gas_used":502136,"tx_count":12},"timing":{"execution_ms":0.335032,"state_read_ms":0.499193,"state_hash_ms":7.317301,"commit_ms":0.629656,"total_ms":9.133731},"throughput":{"mgas_per_sec":54.976000497496585},"state_reads":{"accounts":41,"storage_slots":0,"code":0,"code_bytes":0},"state_writes":{"accounts":13,"accounts_deleted":0,"storage_slots":0,"storage_slots_deleted":0,"code":6,"code_bytes":443},"cache":{"account":{"hits":29,"misses":12,"hit_rate":70.73170731707317},"storage":{"hits":0,"misses":0,"hit_rate":0},"code":{"hits":0,"misses":0,"hit_rate":0,"hit_bytes":0,"miss_bytes":0}}}
INFO [04-30|00:41:29.416] Imported new potential chain segment     number=11008 hash=04ebb1..903e7b blocks=1 txs=12 mgas=0.502 elapsed=9.377ms     mgasps=53.545 triediffs=1.62KiB triedirty=0.00B
INFO [04-30|00:41:29.417] Chain head was updated                   number=11008 hash=04ebb1..903e7b root=e149e9..5276b6 elapsed="804.856µs"
INFO [04-30|00:41:29.922] Submitted transaction                    hash=0x245fc15c14dbf47d4e3748f7ec324b95b3ca750ec3c989b010ac4562a8183a98 from=0xA27df88723529a0E712DeB3698E122de877e36cb nonce=0   recipient=0xA343B1FC2897b8C49A72A9A0B2675cB9c7664e8c value=0
INFO [04-30|00:41:29.925] Submitted transaction                    hash=0x5323aeec3a30ada6fdcf583f43bc7b3dc1bcc1e1d2a19e9c4cf6476176c93d06 from=0x3F165BD342f71d4eAe21113Fbb14373F3bD4FF97 nonce=0   recipient=0xf975A646FCa589Be9fc4E0C28ea426A75645fB1f value=0
INFO [04-30|00:41:29.927] Submitted transaction                    hash=0x28dc151db1dad6acf7d3bc0052e614a823c6e2b036411de47a68ed99d80bbae2 from=0x4531261D0B6369338c33C03D3Be632585037296c nonce=0   recipient=0x6B5CF024365D5d5d0786673780CA7E3F07f85B63 value=0
INFO [04-30|00:41:29.930] Submitted transaction                    hash=0x4e772c5d000ed890bdf06479ae7e5726d3b44e3990b2435bf195461170eeae56 from=0x97BaF2f03Eb7456814B85F1799c95E54f066c9B0 nonce=0   recipient=0xfDb6669cF60C1dBfB0f72Ea50A6eC5e0FD6089E1 value=0
INFO [04-30|00:41:29.933] Submitted transaction                    hash=0x562d3d9cc707e565c5be0ebf753cd48562b9e0b9bc21c4d1b1289134e80ebaf4 from=0x06A82EB1384d38b3B29930663cCe63a90Fc0cC2b nonce=0   recipient=0x2f6f107D4Afd43c451B74DA41A6DDA53D2Bf24B1 value=0
INFO [04-30|00:41:29.935] Submitted transaction                    hash=0x2add41f9550a79b08c0b1e428bd6f43fbbf43a8d8ec797f850813dca28d63e57 from=0x6E72dc6ec1204A35577Bb10B5c8Ce733Ba224De5 nonce=0   recipient=0x905Ad472d7eeB94ed1Fc29D8ff4B53FD4D5a5Eb4 value=0
INFO [04-30|00:41:39.421] Starting work on payload                 id=0x03ba4340a975ad0a
WARN [04-30|00:41:41.591] Block building is interrupted            allowance=2s
INFO [04-30|00:41:41.592] Updated payload                          id=0x03ba4340a975ad0a number=11009 hash=5545d2..1d9c61 txs=5  withdrawals=0 gas=83,333,330 fees=0.0007442627202 root=1d638e..280cd1 elapsed=2.170s
WARN [04-30|00:41:43.650] {"level":"warn","msg":"Slow block","block":{"number":11009,"hash":"0x5545d22af4420b2ffb37d10816e7aead4f07a1f41074d4a09af8dba8641d9c61","gas_used":83333330,"tx_count":5},"timing":{"execution_ms":768.557311,"state_read_ms":1242.929703,"state_hash_ms":0.358279,"commit_ms":43.790039,"total_ms":2055.9646},"throughput":{"mgas_per_sec":40.53247317585137},"state_reads":{"accounts":16,"storage_slots":30570,"code":6,"code_bytes":1713},"state_writes":{"accounts":6,"accounts_deleted":0,"storage_slots":0,"storage_slots_deleted":0,"code":0,"code_bytes":0},"cache":{"account":{"hits":11,"misses":5,"hit_rate":68.75},"storage":{"hits":24845,"misses":5725,"hit_rate":81.27248936866208},"code":{"hits":6,"misses":0,"hit_rate":100,"hit_bytes":1713,"miss_bytes":0}}}
INFO [04-30|00:41:43.650] Imported new potential chain segment     number=11009 hash=5545d2..1d9c61 blocks=1 txs=5  mgas=83.333 elapsed=2.056s      mgasps=40.522 triediffs=2.38KiB triedirty=0.00B
INFO [04-30|00:41:43.651] Chain head was updated                   number=11009 hash=5545d2..1d9c61 root=1d638e..280cd1 elapsed="50.38µs"
WARN [04-30|00:41:43.743] Block building is interrupted            allowance=2s
INFO [04-30|00:41:43.745] Stopping work on payload                 id=0x03ba4340a975ad0a reason=delivery
INFO [04-30|00:41:53.656] Starting work on payload                 id=0x0321974e4af3bf94
INFO [04-30|00:41:54.095] Updated payload                          id=0x0321974e4af3bf94 number=11010 hash=a1aca3..2a1982 txs=1  withdrawals=0 gas=16,666,670 fees=0.0001488525798 root=e19936..584e9b elapsed=438.693ms
INFO [04-30|00:41:54.095] Stopping work on payload                 id=0x0321974e4af3bf94 reason=delivery
WARN [04-30|00:41:54.692] {"level":"warn","msg":"Slow block","block":{"number":11010,"hash":"0xa1aca300e7304ee2e48418b76540ccd3cc4ee11832722c0f5ab0d37e972a1982","gas_used":16666670,"tx_count":1},"timing":{"execution_ms":158.446635,"state_read_ms":424.451948,"state_hash_ms":1.921019,"commit_ms":9.774487,"total_ms":595.225847},"throughput":{"mgas_per_sec":28.000581769091085},"state_reads":{"accounts":8,"storage_slots":6114,"code":2,"code_bytes":1418},"state_writes":{"accounts":2,"accounts_deleted":0,"storage_slots":0,"storage_slots_deleted":0,"code":0,"code_bytes":0},"cache":{"account":{"hits":3,"misses":5,"hit_rate":37.5},"storage":{"hits":925,"misses":5189,"hit_rate":15.129211645403991},"code":{"hits":2,"misses":0,"hit_rate":100,"hit_bytes":1418,"miss_bytes":0}}}
INFO [04-30|00:41:54.692] Imported new potential chain segment     number=11010 hash=a1aca3..2a1982 blocks=1 txs=1  mgas=16.667 elapsed=595.432ms   mgasps=27.991 triediffs=2.62KiB triedirty=0.00B
INFO [04-30|00:41:54.692] Chain head was updated                   number=11010 hash=a1aca3..2a1982 root=e19936..584e9b elapsed="53.56µs"
