INFO [04-30|00:54:23.114] Starting Geth on Ethereum mainnet...
INFO [04-30|00:54:23.115] Maximum peer count                       ETH=0 total=0
INFO [04-30|00:54:23.116] Smartcard socket not found, disabling    err="stat /run/pcscd/pcscd.comm: no such file or directory"
WARN [04-30|00:54:23.117] Option --miner.etherbase is deprecated as the etherbase is set by the consensus client post-merge
WARN [04-30|00:54:23.120] Snap sync requested, resetting --cache.snapshot
INFO [04-30|00:54:23.120] Global gas cap disabled
INFO [04-30|00:54:23.771] Using developer account                  address=0xf39Fd6e51aad88F6F4ce6aB8827279cffFb92266
INFO [04-30|00:54:23.965] Using pebble as the backing database
INFO [04-30|00:54:23.965] Allocated cache and file handles         database=/home/CPerezz/bintrie-benchmarks/mpt-vs-bintrie/dbs/bt-gd5-flat/geth/chaindata cache=16.00MiB handles=524,288
INFO [04-30|00:54:25.255] Opened ancient database                  database=/home/CPerezz/bintrie-benchmarks/mpt-vs-bintrie/dbs/bt-gd5-flat/geth/chaindata/ancient/chain readonly=true
INFO [04-30|00:54:25.255] Opened Era store                         datadir=/home/CPerezz/bintrie-benchmarks/mpt-vs-bintrie/dbs/bt-gd5-flat/geth/chaindata/ancient/chain/era
INFO [04-30|00:54:25.271] Initializing the KZG library             backend=gokzg
INFO [04-30|00:54:25.274] Allocated trie memory caches             clean=0.00B dirty=0.00B
INFO [04-30|00:54:25.386] Using pebble as the backing database
INFO [04-30|00:54:25.386] Allocated cache and file handles         database=/home/CPerezz/bintrie-benchmarks/mpt-vs-bintrie/dbs/bt-gd5-flat/geth/chaindata cache=16.00MiB handles=524,288
INFO [04-30|00:54:27.028] Opened ancient database                  database=/home/CPerezz/bintrie-benchmarks/mpt-vs-bintrie/dbs/bt-gd5-flat/geth/chaindata/ancient/chain readonly=false
INFO [04-30|00:54:27.028] Opened Era store                         datadir=/home/CPerezz/bintrie-benchmarks/mpt-vs-bintrie/dbs/bt-gd5-flat/geth/chaindata/ancient/chain/era
INFO [04-30|00:54:27.029] State scheme set to already existing     scheme=path
INFO [04-30|00:54:27.030] Initialising Ethereum protocol           network=1337 dbversion=9
INFO [04-30|00:54:27.031] Load database journal from file          path=/home/CPerezz/bintrie-benchmarks/mpt-vs-bintrie/dbs/bt-gd5-flat/geth/triedb/verkle.journal
INFO [04-30|00:54:27.122] Opened ancient database                  database=/home/CPerezz/bintrie-benchmarks/mpt-vs-bintrie/dbs/bt-gd5-flat/geth/chaindata/ancient/state_verkle readonly=false
INFO [04-30|00:54:27.123] Initialized path database                triecache=0.00B statecache=0.00B buffer=0.00B state-history="last 90000 blocks" journal-dir=/home/CPerezz/bintrie-benchmarks/mpt-vs-bintrie/dbs/bt-gd5-flat/geth/triedb verkle=true
INFO [04-30|00:54:27.123] 
INFO [04-30|00:54:27.123] ---------------------------------------------------------------------------------------------------------------------------------------------------------
INFO [04-30|00:54:27.123] Chain ID:  1337 (unknown)
INFO [04-30|00:54:27.123] Consensus: unknown
INFO [04-30|00:54:27.123] 
INFO [04-30|00:54:27.123] Pre-Merge hard forks (block based):
INFO [04-30|00:54:27.123]  - Homestead:                   #0       
INFO [04-30|00:54:27.123]  - Tangerine Whistle (EIP 150): #0       
INFO [04-30|00:54:27.123]  - Spurious Dragon/1 (EIP 155): #0       
INFO [04-30|00:54:27.123]  - Spurious Dragon/2 (EIP 158): #0       
INFO [04-30|00:54:27.123]  - Byzantium:                   #0       
INFO [04-30|00:54:27.123]  - Constantinople:              #0       
INFO [04-30|00:54:27.123]  - Petersburg:                  #0       
INFO [04-30|00:54:27.123]  - Istanbul:                    #0       
INFO [04-30|00:54:27.123]  - Muir Glacier:                #0       
INFO [04-30|00:54:27.123]  - Berlin:                      #0       
INFO [04-30|00:54:27.123]  - London:                      #0       
INFO [04-30|00:54:27.123]  - Arrow Glacier:               #0       
INFO [04-30|00:54:27.123]  - Gray Glacier:                #0       
INFO [04-30|00:54:27.123] 
INFO [04-30|00:54:27.123] Merge configured:
INFO [04-30|00:54:27.123]  - Total terminal difficulty:  0
INFO [04-30|00:54:27.123]  - Merge netsplit block:       #0       
INFO [04-30|00:54:27.123] 
INFO [04-30|00:54:27.123] Post-Merge hard forks (timestamp based):
INFO [04-30|00:54:27.123]  - Shanghai:                    @0         
INFO [04-30|00:54:27.123]  - Cancun:                      @0          blob: (target: 3, max: 6, fraction: 3338477)
INFO [04-30|00:54:27.123]  - Prague:                      @0          blob: (target: 6, max: 9, fraction: 5225352)
INFO [04-30|00:54:27.123]  - Osaka:                       @0          blob: (target: 9, max: 12, fraction: 5225352)
INFO [04-30|00:54:27.123]  - Verkle:                      @0          blob: (nil)
INFO [04-30|00:54:27.123] 
INFO [04-30|00:54:27.123] All fork specifications can be found at https://ethereum.github.io/execution-specs/src/ethereum/forks/
INFO [04-30|00:54:27.123] 
INFO [04-30|00:54:27.123] ---------------------------------------------------------------------------------------------------------------------------------------------------------
INFO [04-30|00:54:27.123] 
INFO [04-30|00:54:27.124] Loaded most recent local block           number=11074 hash=4d16b8..bd78c6 age=8s
INFO [04-30|00:54:27.124] Loaded most recent local finalized block number=11072 hash=c07f59..048add age=34s
INFO [04-30|00:54:27.125] Initialized transaction indexer          range="last 2350000 blocks"
INFO [04-30|00:54:27.125] Initialized log indexer                  firstblock=0 lastblock=11074 firstmap=0 lastmap=3 headindexed=true
INFO [04-30|00:54:27.129] Enabled full-sync                        head=11074 hash=4d16b8..bd78c6
INFO [04-30|00:54:27.130] Unprotected transactions allowed
INFO [04-30|00:54:27.130] Gasprice oracle is ignoring threshold set threshold=2
WARN [04-30|00:54:27.130] Unclean shutdown detected                booted=2026-04-29T08:22:10+0200 age=16h32m17s
WARN [04-30|00:54:27.130] Unclean shutdown detected                booted=2026-04-29T23:46:41+0200 age=1h7m46s
WARN [04-30|00:54:27.130] Unclean shutdown detected                booted=2026-04-29T23:49:20+0200 age=1h5m7s
WARN [04-30|00:54:27.130] Unclean shutdown detected                booted=2026-04-29T23:50:23+0200 age=1h4m4s
INFO [04-30|00:54:27.130] Registered sync override service
WARN [04-30|00:54:27.130] You are running Geth in --dev mode. Please note the following:
WARN [04-30|00:54:27.130] 
WARN [04-30|00:54:27.130]   1. This mode is only intended for fast, iterative development without assumptions on
WARN [04-30|00:54:27.130]      security or persistence.
WARN [04-30|00:54:27.130]   2. The database is created in memory unless specified otherwise. Therefore, shutting down
WARN [04-30|00:54:27.130]      your computer or losing power will wipe your entire block data and chain state for
WARN [04-30|00:54:27.130]      your dev environment.
WARN [04-30|00:54:27.130]   3. A random, pre-allocated developer account will be available and unlocked as
WARN [04-30|00:54:27.130]      eth.coinbase, which can be used for testing. The random dev account is temporary,
WARN [04-30|00:54:27.130]      stored on a ramdisk, and will be lost if your machine is restarted.
WARN [04-30|00:54:27.130]   4. Mining is enabled by default. However, the client will only seal blocks if transactions
WARN [04-30|00:54:27.130]      are pending in the mempool. The miner's minimum accepted gas price is 1.
WARN [04-30|00:54:27.130]   5. Networking is disabled; there is no listen-address, the maximum number of peers is set
WARN [04-30|00:54:27.130]      to 0, and discovery is disabled.
WARN [04-30|00:54:27.130] 
INFO [04-30|00:54:27.130] Starting peer-to-peer node               instance=Geth/v1.17.3-unstable-7d2e7cbe-20260415/linux-amd64/go1.24.1
WARN [04-30|00:54:27.130] P2P server will be useless, neither dialing nor listening
INFO [04-30|00:54:27.136] IPC endpoint opened                      url=/home/CPerezz/bintrie-benchmarks/mpt-vs-bintrie/dbs/bt-gd5-flat/geth.ipc
ERROR[04-30|00:54:27.136] Unavailable modules in HTTP API list     unavailable=[personal] available="[admin debug web3 eth txpool miner net dev testing]"
INFO [04-30|00:54:27.136] New local node record                    seq=1,777,300,782,093 id=7b2b1a18a5d9e6d9 ip=127.0.0.1 udp=0 tcp=0
INFO [04-30|00:54:27.136] Started P2P networking                   self=enode://c8864a9bfd3b61c44e854a4678f69f18717dec204477a230feae3bea75d7354d5ded62396550f30f6df7ffb11c73e275d3183b71a6cda36e7353bb5efa6c1928@127.0.0.1:0
INFO [04-30|00:54:27.137] HTTP server started                      endpoint=[::]:8545 auth=false prefix= cors= vhosts=localhost
INFO [04-30|00:54:27.137] WebSocket enabled                        url=ws://[::]:8546
INFO [04-30|00:54:27.833] Loaded local transaction journal         transactions=13749 dropped=0
INFO [04-30|00:54:29.079] Submitted contract creation              hash=0x9f9e1c14e7457a39428e53047c266922cccc36ba78d29bad9e2eb39abf3aa941 from=0xf39Fd6e51aad88F6F4ce6aB8827279cffFb92266 nonce=1147 contract=0xA2B66209A3872257F4FC2532bF35138f466f13ea value=0
INFO [04-30|00:54:29.081] Submitted transaction                    hash=0x1718dc8d53c3f4f7194e192fbbffc793bd9eb5788c6333420866e6df70871e0c from=0xf39Fd6e51aad88F6F4ce6aB8827279cffFb92266 nonce=1148 recipient=0xdB7C58a6035a61FdFe518Fdb796997e858991B3C value=12,057,067,234,383,958
INFO [04-30|00:54:29.083] Submitted contract creation              hash=0xdc90de4f42bf8f8d5dc43aadade2cdb8fdc3fa68ae3ef2ea2f0d1bb733cd53e7 from=0xf39Fd6e51aad88F6F4ce6aB8827279cffFb92266 nonce=1149 contract=0x5bF8D07D696c2bde7478aaeE57F3e6475203EeD9 value=0
INFO [04-30|00:54:29.084] Submitted transaction                    hash=0x3dc56a846ac8789cd8c40717e811faebaac034e8886188c853363bf30f4e2e35 from=0xf39Fd6e51aad88F6F4ce6aB8827279cffFb92266 nonce=1150 recipient=0x035f48C786d3d30C97a086556b35b4d2e7B6FFcd value=12,057,067,234,383,958
INFO [04-30|00:54:29.086] Submitted contract creation              hash=0xeb4a077498a7ce92e195e40c1d0eea7bb48b33cc8c12d8618cd2020d27d7662e from=0xf39Fd6e51aad88F6F4ce6aB8827279cffFb92266 nonce=1151 contract=0x1F8B0Ab82C79bDBB02AbB87F6681a464CF24D50A value=0
INFO [04-30|00:54:29.089] Submitted transaction                    hash=0xf1120590b381d60811fe8e5b8dc757c23101be11836fab176332816000adf79d from=0xf39Fd6e51aad88F6F4ce6aB8827279cffFb92266 nonce=1152 recipient=0x377e4D85923ac1A573b969F32C65E65A4637b597 value=12,057,067,234,383,958
INFO [04-30|00:54:29.090] Submitted contract creation              hash=0xd1ca46c69c51772e55f71753b5b5ab38c672ed2ae1e37ea053913dfba215cc77 from=0xf39Fd6e51aad88F6F4ce6aB8827279cffFb92266 nonce=1153 contract=0xc993301287f7E7f7C0EB28c4616534CcAbA348BA value=0
INFO [04-30|00:54:29.092] Submitted transaction                    hash=0xc3e6edbebc2809ce85754959cc39b8d4dde98571112acfadd9de84579f8eb62b from=0xf39Fd6e51aad88F6F4ce6aB8827279cffFb92266 nonce=1154 recipient=0x5DF81E10838c09423a298D42E967ccc8412D514a value=12,057,067,234,383,958
INFO [04-30|00:54:29.095] Submitted contract creation              hash=0x6063e700fdbeb000a78efcbc1cbed854701f69aab8a19eed404d54adf9613f52 from=0xf39Fd6e51aad88F6F4ce6aB8827279cffFb92266 nonce=1155 contract=0xB7b8FF73bc1b41feF618f43dfe063f42753470f1 value=0
INFO [04-30|00:54:29.096] Submitted transaction                    hash=0x0d3c640c2c3fc6ebc1d2b90a8035d284fb0f4d6e159743e69999091ce954ecfc from=0xf39Fd6e51aad88F6F4ce6aB8827279cffFb92266 nonce=1156 recipient=0x52C2Aec5bdE91592c7E6BA7860d02413eb8AFe14 value=12,057,067,234,383,958
INFO [04-30|00:54:29.098] Submitted contract creation              hash=0x5c90d6cdcfba53c293bbd0ff671104e03d5a3f08d61a065c55dcf2b272cb6cda from=0xf39Fd6e51aad88F6F4ce6aB8827279cffFb92266 nonce=1157 contract=0xC0aBdd4dbc131B916AF8Fc448153F38aBe69E370 value=0
INFO [04-30|00:54:29.100] Submitted transaction                    hash=0x67b73b51dec6e8da5caab595e5baa1cbb8bfb58cea40ea5bbe3dff6c2aac1aeb from=0xf39Fd6e51aad88F6F4ce6aB8827279cffFb92266 nonce=1158 recipient=0xa08eCCC4882c08102F3C08e8b009047B979E63B4 value=12,057,070,128,080,210
INFO [04-30|00:54:29.139] Started log indexer
INFO [04-30|00:54:29.146] Starting work on payload                 id=0x0344557ad4993546
INFO [04-30|00:54:29.170] Updated payload                          id=0x0344557ad4993546 number=11075 hash=9da941..69b2c8 txs=12 withdrawals=0 gas=502,712 fees=0.000363673954 root=51049a..b83ff0 elapsed=23.904ms
INFO [04-30|00:54:29.170] Stopping work on payload                 id=0x0344557ad4993546 reason=delivery
WARN [04-30|00:54:29.179] {"level":"warn","msg":"Slow block","block":{"number":11075,"hash":"0x9da94119f3bafe30d20be143173dc10bac6f4d260b5006d8700309df8269b2c8","gas_used":502712,"tx_count":12},"timing":{"execution_ms":0.322705,"state_read_ms":1.044008,"state_hash_ms":6.196065,"commit_ms":0.659147,"total_ms":8.601163},"throughput":{"mgas_per_sec":58.4469797863382},"state_reads":{"accounts":41,"storage_slots":0,"code":0,"code_bytes":0},"state_writes":{"accounts":13,"accounts_deleted":0,"storage_slots":0,"storage_slots_deleted":0,"code":6,"code_bytes":479},"cache":{"account":{"hits":31,"misses":10,"hit_rate":75.60975609756098},"storage":{"hits":0,"misses":0,"hit_rate":0},"code":{"hits":0,"misses":0,"hit_rate":0,"hit_bytes":0,"miss_bytes":0}}}
INFO [04-30|00:54:29.179] Imported new potential chain segment     number=11075 hash=9da941..69b2c8 blocks=1 txs=12 mgas=0.503 elapsed=8.872ms  mgasps=56.660 triediffs=1.62KiB triedirty=0.00B
INFO [04-30|00:54:29.179] Chain head was updated                   number=11075 hash=9da941..69b2c8 root=51049a..b83ff0 elapsed="338.238µs"
INFO [04-30|00:54:30.164] Submitted transaction                    hash=0xb87feec177d3cb0687d629d8c7044ff97f347812ef9408c628eb70a90338509f from=0xdB7C58a6035a61FdFe518Fdb796997e858991B3C nonce=0    recipient=0xA2B66209A3872257F4FC2532bF35138f466f13ea value=0
INFO [04-30|00:54:30.167] Submitted transaction                    hash=0x22065e8ec074cc220fb0fa5d40ec28ebe227a4a5eef0c2bf3c414602605a1163 from=0x035f48C786d3d30C97a086556b35b4d2e7B6FFcd nonce=0    recipient=0x5bF8D07D696c2bde7478aaeE57F3e6475203EeD9 value=0
INFO [04-30|00:54:30.169] Submitted transaction                    hash=0x44d88418e7593b4df62a2b12b030a413809fc3dfe9f33f77be6e321d454a3e58 from=0x377e4D85923ac1A573b969F32C65E65A4637b597 nonce=0    recipient=0x1F8B0Ab82C79bDBB02AbB87F6681a464CF24D50A value=0
INFO [04-30|00:54:30.172] Submitted transaction                    hash=0x94715cbcdc579b7eba4c1bb038b2d226df1ebb63c624105fcd87ff52ca835f05 from=0x5DF81E10838c09423a298D42E967ccc8412D514a nonce=0    recipient=0xc993301287f7E7f7C0EB28c4616534CcAbA348BA value=0
INFO [04-30|00:54:30.174] Submitted transaction                    hash=0xd5f5050917213a78867b90e5c51d90dbc5527b0f0a8cf758baa4319c0b2f5f6a from=0x52C2Aec5bdE91592c7E6BA7860d02413eb8AFe14 nonce=0    recipient=0xB7b8FF73bc1b41feF618f43dfe063f42753470f1 value=0
INFO [04-30|00:54:30.177] Submitted transaction                    hash=0xa06e34e58cffb180d163562aee7b2757228001fb926cc7650dc3a09487c50629 from=0xa08eCCC4882c08102F3C08e8b009047B979E63B4 nonce=0    recipient=0xC0aBdd4dbc131B916AF8Fc448153F38aBe69E370 value=0
INFO [04-30|00:54:39.186] Starting work on payload                 id=0x0376d8342139a74b
INFO [04-30|00:54:42.112] Updated payload                          id=0x0376d8342139a74b number=11076 hash=d4b268..5d6292 txs=6  withdrawals=0 gas=93,693,094 fees=0.06777983808  root=980ff5..9f1124 elapsed=2.925s
INFO [04-30|00:54:44.262] Stopping work on payload                 id=0x0376d8342139a74b reason=delivery
WARN [04-30|00:54:44.289] {"level":"warn","msg":"Slow block","block":{"number":11076,"hash":"0xd4b268cca04a0add0a496c0c6c0adb3855eb1344de849367186c7d34225d6292","gas_used":93693094,"tx_count":6},"timing":{"execution_ms":134.793499,"state_read_ms":165.693433,"state_hash_ms":1858.368532,"commit_ms":15.874021,"total_ms":2175.371024},"throughput":{"mgas_per_sec":43.06993748023739},"state_reads":{"accounts":18,"storage_slots":4086,"code":7,"code_bytes":1823},"state_writes":{"accounts":8,"accounts_deleted":0,"storage_slots":4086,"storage_slots_deleted":0,"code":0,"code_bytes":0},"cache":{"account":{"hits":13,"misses":5,"hit_rate":72.22222222222221},"storage":{"hits":3384,"misses":702,"hit_rate":82.81938325991189},"code":{"hits":7,"misses":0,"hit_rate":100,"hit_bytes":1823,"miss_bytes":0}}}
INFO [04-30|00:54:44.290] Imported new potential chain segment     number=11076 hash=d4b268..5d6292 blocks=1 txs=6  mgas=93.693 elapsed=2.175s      mgasps=43.062 triediffs=258.00KiB triedirty=0.00B
INFO [04-30|00:54:44.291] Chain head was updated                   number=11076 hash=d4b268..5d6292 root=980ff5..9f1124 elapsed="118.97µs"
INFO [04-30|00:54:44.569] Submitted transaction                    hash=0x2a1fc175969803703f2e143054f1a892769b68a287dc3ee47e4159a332f1261f from=0xdB7C58a6035a61FdFe518Fdb796997e858991B3C nonce=1    recipient=0xf39Fd6e51aad88F6F4ce6aB8827279cffFb92266 value=751,324,358,722,221
INFO [04-30|00:54:44.579] Submitted transaction                    hash=0x656ef9607ce0ce2a93881e71c5b0f7f2f743d3293314ece66078e01ef332c45f from=0x035f48C786d3d30C97a086556b35b4d2e7B6FFcd nonce=1    recipient=0xf39Fd6e51aad88F6F4ce6aB8827279cffFb92266 value=753,132,918,879,721
INFO [04-30|00:54:44.587] Submitted transaction                    hash=0x17083ced7ecc05f830e3abf2447245d173140679fedb043c5b24bdf2e669f62e from=0x377e4D85923ac1A573b969F32C65E65A4637b597 nonce=1    recipient=0xf39Fd6e51aad88F6F4ce6aB8827279cffFb92266 value=753,132,918,879,721
INFO [04-30|00:54:44.596] Submitted transaction                    hash=0x6e323a284fb9fc5dcc8e7f881abf82f0f8e4be40b956e172ac467fcb3c93a64f from=0x5DF81E10838c09423a298D42E967ccc8412D514a nonce=1    recipient=0xf39Fd6e51aad88F6F4ce6aB8827279cffFb92266 value=753,132,918,879,721
INFO [04-30|00:54:44.604] Submitted transaction                    hash=0x830e8cca0f34473d82bcd29e7c5341fdac55c11b3fc43969fd8b7edd860b3a2d from=0x52C2Aec5bdE91592c7E6BA7860d02413eb8AFe14 nonce=1    recipient=0xf39Fd6e51aad88F6F4ce6aB8827279cffFb92266 value=753,132,918,879,721
INFO [04-30|00:54:44.612] Submitted transaction                    hash=0x97fdb7c6b57d3190c47f9b2167690cae6b2f474bdbcc5b4e6e6791666d686785 from=0xa08eCCC4882c08102F3C08e8b009047B979E63B4 nonce=1    recipient=0xf39Fd6e51aad88F6F4ce6aB8827279cffFb92266 value=753,135,812,575,973
INFO [04-30|00:54:54.299] Starting work on payload                 id=0x0329c253d3151440
INFO [04-30|00:54:54.303] Updated payload                          id=0x0329c253d3151440 number=11077 hash=1709fa..167174 txs=6  withdrawals=0 gas=126,000    fees=4.557571528e-05 root=ecd06c..2fb313 elapsed=4.488ms
INFO [04-30|00:54:54.304] Stopping work on payload                 id=0x0329c253d3151440 reason=delivery
WARN [04-30|00:54:54.309] {"level":"warn","msg":"Slow block","block":{"number":11077,"hash":"0x1709fa90b2a2b65fabd1e3f5c7df37ff4d0a59ec6fecb3d4040b572f02167174","gas_used":126000,"tx_count":6},"timing":{"execution_ms":0.08079,"state_read_ms":0.088339,"state_hash_ms":3.771258,"commit_ms":0.676186,"total_ms":5.131193},"throughput":{"mgas_per_sec":24.55569299381255},"state_reads":{"accounts":11,"storage_slots":0,"code":0,"code_bytes":0},"state_writes":{"accounts":7,"accounts_deleted":0,"storage_slots":0,"storage_slots_deleted":0,"code":0,"code_bytes":0},"cache":{"account":{"hits":0,"misses":11,"hit_rate":0},"storage":{"hits":0,"misses":0,"hit_rate":0},"code":{"hits":0,"misses":0,"hit_rate":0,"hit_bytes":0,"miss_bytes":0}}}
INFO [04-30|00:54:54.309] Imported new potential chain segment     number=11077 hash=1709fa..167174 blocks=1 txs=6  mgas=0.126  elapsed=5.341ms     mgasps=23.589 triediffs=258.88KiB triedirty=0.00B
INFO [04-30|00:54:54.309] Chain head was updated                   number=11077 hash=1709fa..167174 root=ecd06c..2fb313 elapsed="84.15µs"
