INFO [04-30|00:46:04.463] Starting Geth on Ethereum mainnet...
INFO [04-30|00:46:04.464] Maximum peer count                       ETH=0 total=0
INFO [04-30|00:46:04.465] Smartcard socket not found, disabling    err="stat /run/pcscd/pcscd.comm: no such file or directory"
WARN [04-30|00:46:04.466] Option --miner.etherbase is deprecated as the etherbase is set by the consensus client post-merge
WARN [04-30|00:46:04.467] Snap sync requested, resetting --cache.snapshot
INFO [04-30|00:46:04.467] Global gas cap disabled
INFO [04-30|00:46:05.112] Using developer account                  address=0xf39Fd6e51aad88F6F4ce6aB8827279cffFb92266
INFO [04-30|00:46:05.305] Using pebble as the backing database
INFO [04-30|00:46:05.305] Allocated cache and file handles         database=/home/CPerezz/bintrie-benchmarks/mpt-vs-bintrie/dbs/bt-gd5-flat/geth/chaindata cache=16.00MiB handles=524,288
INFO [04-30|00:46:06.587] Opened ancient database                  database=/home/CPerezz/bintrie-benchmarks/mpt-vs-bintrie/dbs/bt-gd5-flat/geth/chaindata/ancient/chain readonly=true
INFO [04-30|00:46:06.587] Opened Era store                         datadir=/home/CPerezz/bintrie-benchmarks/mpt-vs-bintrie/dbs/bt-gd5-flat/geth/chaindata/ancient/chain/era
INFO [04-30|00:46:06.602] Initializing the KZG library             backend=gokzg
INFO [04-30|00:46:06.604] Allocated trie memory caches             clean=0.00B dirty=0.00B
INFO [04-30|00:46:06.711] Using pebble as the backing database
INFO [04-30|00:46:06.711] Allocated cache and file handles         database=/home/CPerezz/bintrie-benchmarks/mpt-vs-bintrie/dbs/bt-gd5-flat/geth/chaindata cache=16.00MiB handles=524,288
INFO [04-30|00:46:08.361] Opened ancient database                  database=/home/CPerezz/bintrie-benchmarks/mpt-vs-bintrie/dbs/bt-gd5-flat/geth/chaindata/ancient/chain readonly=false
INFO [04-30|00:46:08.361] Opened Era store                         datadir=/home/CPerezz/bintrie-benchmarks/mpt-vs-bintrie/dbs/bt-gd5-flat/geth/chaindata/ancient/chain/era
INFO [04-30|00:46:08.362] State scheme set to already existing     scheme=path
INFO [04-30|00:46:08.362] Initialising Ethereum protocol           network=1337 dbversion=9
INFO [04-30|00:46:08.362] Load database journal from file          path=/home/CPerezz/bintrie-benchmarks/mpt-vs-bintrie/dbs/bt-gd5-flat/geth/triedb/verkle.journal
INFO [04-30|00:46:08.418] Opened ancient database                  database=/home/CPerezz/bintrie-benchmarks/mpt-vs-bintrie/dbs/bt-gd5-flat/geth/chaindata/ancient/state_verkle readonly=false
INFO [04-30|00:46:08.419] Initialized path database                triecache=0.00B statecache=0.00B buffer=0.00B state-history="last 90000 blocks" journal-dir=/home/CPerezz/bintrie-benchmarks/mpt-vs-bintrie/dbs/bt-gd5-flat/geth/triedb verkle=true
INFO [04-30|00:46:08.419] 
INFO [04-30|00:46:08.419] ---------------------------------------------------------------------------------------------------------------------------------------------------------
INFO [04-30|00:46:08.419] Chain ID:  1337 (unknown)
INFO [04-30|00:46:08.419] Consensus: unknown
INFO [04-30|00:46:08.419] 
INFO [04-30|00:46:08.419] Pre-Merge hard forks (block based):
INFO [04-30|00:46:08.419]  - Homestead:                   #0       
INFO [04-30|00:46:08.419]  - Tangerine Whistle (EIP 150): #0       
INFO [04-30|00:46:08.419]  - Spurious Dragon/1 (EIP 155): #0       
INFO [04-30|00:46:08.419]  - Spurious Dragon/2 (EIP 158): #0       
INFO [04-30|00:46:08.419]  - Byzantium:                   #0       
INFO [04-30|00:46:08.419]  - Constantinople:              #0       
INFO [04-30|00:46:08.419]  - Petersburg:                  #0       
INFO [04-30|00:46:08.419]  - Istanbul:                    #0       
INFO [04-30|00:46:08.419]  - Muir Glacier:                #0       
INFO [04-30|00:46:08.419]  - Berlin:                      #0       
INFO [04-30|00:46:08.419]  - London:                      #0       
INFO [04-30|00:46:08.419]  - Arrow Glacier:               #0       
INFO [04-30|00:46:08.419]  - Gray Glacier:                #0       
INFO [04-30|00:46:08.419] 
INFO [04-30|00:46:08.419] Merge configured:
INFO [04-30|00:46:08.419]  - Total terminal difficulty:  0
INFO [04-30|00:46:08.419]  - Merge netsplit block:       #0       
INFO [04-30|00:46:08.419] 
INFO [04-30|00:46:08.419] Post-Merge hard forks (timestamp based):
INFO [04-30|00:46:08.419]  - Shanghai:                    @0         
INFO [04-30|00:46:08.419]  - Cancun:                      @0          blob: (target: 3, max: 6, fraction: 3338477)
INFO [04-30|00:46:08.419]  - Prague:                      @0          blob: (target: 6, max: 9, fraction: 5225352)
INFO [04-30|00:46:08.419]  - Osaka:                       @0          blob: (target: 9, max: 12, fraction: 5225352)
INFO [04-30|00:46:08.419]  - Verkle:                      @0          blob: (nil)
INFO [04-30|00:46:08.419] 
INFO [04-30|00:46:08.419] All fork specifications can be found at https://ethereum.github.io/execution-specs/src/ethereum/forks/
INFO [04-30|00:46:08.419] 
INFO [04-30|00:46:08.419] ---------------------------------------------------------------------------------------------------------------------------------------------------------
INFO [04-30|00:46:08.419] 
INFO [04-30|00:46:08.420] Loaded most recent local block           number=11031 hash=6c9c28..4440db age=9s
INFO [04-30|00:46:08.420] Loaded most recent local finalized block number=11008 hash=04ebb1..903e7b age=4m39s
INFO [04-30|00:46:08.420] Initialized transaction indexer          range="last 2350000 blocks"
INFO [04-30|00:46:08.420] Initialized log indexer                  firstblock=0 lastblock=11031 firstmap=0 lastmap=3 headindexed=true
INFO [04-30|00:46:08.426] Enabled full-sync                        head=11031 hash=6c9c28..4440db
INFO [04-30|00:46:08.427] Unprotected transactions allowed
INFO [04-30|00:46:08.427] Gasprice oracle is ignoring threshold set threshold=2
WARN [04-30|00:46:08.427] Unclean shutdown detected                booted=2026-04-29T08:22:10+0200 age=16h23m58s
WARN [04-30|00:46:08.427] Unclean shutdown detected                booted=2026-04-29T23:46:41+0200 age=59m27s
WARN [04-30|00:46:08.427] Unclean shutdown detected                booted=2026-04-29T23:49:20+0200 age=56m48s
WARN [04-30|00:46:08.427] Unclean shutdown detected                booted=2026-04-29T23:50:23+0200 age=55m45s
INFO [04-30|00:46:08.427] Registered sync override service
WARN [04-30|00:46:08.427] You are running Geth in --dev mode. Please note the following:
WARN [04-30|00:46:08.427] 
WARN [04-30|00:46:08.428]   1. This mode is only intended for fast, iterative development without assumptions on
WARN [04-30|00:46:08.428]      security or persistence.
WARN [04-30|00:46:08.428]   2. The database is created in memory unless specified otherwise. Therefore, shutting down
WARN [04-30|00:46:08.428]      your computer or losing power will wipe your entire block data and chain state for
WARN [04-30|00:46:08.428]      your dev environment.
WARN [04-30|00:46:08.428]   3. A random, pre-allocated developer account will be available and unlocked as
WARN [04-30|00:46:08.428]      eth.coinbase, which can be used for testing. The random dev account is temporary,
WARN [04-30|00:46:08.428]      stored on a ramdisk, and will be lost if your machine is restarted.
WARN [04-30|00:46:08.428]   4. Mining is enabled by default. However, the client will only seal blocks if transactions
WARN [04-30|00:46:08.428]      are pending in the mempool. The miner's minimum accepted gas price is 1.
WARN [04-30|00:46:08.428]   5. Networking is disabled; there is no listen-address, the maximum number of peers is set
WARN [04-30|00:46:08.428]      to 0, and discovery is disabled.
WARN [04-30|00:46:08.428] 
INFO [04-30|00:46:08.428] Starting peer-to-peer node               instance=Geth/v1.17.3-unstable-7d2e7cbe-20260415/linux-amd64/go1.24.1
WARN [04-30|00:46:08.428] P2P server will be useless, neither dialing nor listening
INFO [04-30|00:46:08.439] New local node record                    seq=1,777,300,782,076 id=7b2b1a18a5d9e6d9 ip=127.0.0.1 udp=0 tcp=0
INFO [04-30|00:46:08.439] Started P2P networking                   self=enode://c8864a9bfd3b61c44e854a4678f69f18717dec204477a230feae3bea75d7354d5ded62396550f30f6df7ffb11c73e275d3183b71a6cda36e7353bb5efa6c1928@127.0.0.1:0
INFO [04-30|00:46:08.439] IPC endpoint opened                      url=/home/CPerezz/bintrie-benchmarks/mpt-vs-bintrie/dbs/bt-gd5-flat/geth.ipc
ERROR[04-30|00:46:08.439] Unavailable modules in HTTP API list     unavailable=[personal] available="[admin debug web3 eth txpool miner net dev testing]"
INFO [04-30|00:46:08.440] HTTP server started                      endpoint=[::]:8545 auth=false prefix= cors= vhosts=localhost
INFO [04-30|00:46:08.440] WebSocket enabled                        url=ws://[::]:8546
INFO [04-30|00:46:09.129] Loaded local transaction journal         transactions=13407 dropped=0
INFO [04-30|00:46:09.424] Submitted contract creation              hash=0x0b518d1d42b9a46a620df67a94c879aab2495c39d60e8d6d8d2594e19b5cac5a from=0xf39Fd6e51aad88F6F4ce6aB8827279cffFb92266 nonce=943 contract=0xdA796117bF6905DD8DB2fF1ab4397f6d2c4ADda3 value=0
INFO [04-30|00:46:09.426] Submitted transaction                    hash=0x769279278582a8f61b1a6a630b6be1bb891f6794b209fd144a5ab8a040b921ec from=0xf39Fd6e51aad88F6F4ce6aB8827279cffFb92266 nonce=944 recipient=0xDB7bCe0E2C832b8eC9c1e8918ef9Bb22414380Ba value=893,116,180,942,018
INFO [04-30|00:46:09.428] Submitted contract creation              hash=0x9070509578c8d42b130a9528660d0661db38d889c8cce9be78f16ffd6ddf6be5 from=0xf39Fd6e51aad88F6F4ce6aB8827279cffFb92266 nonce=945 contract=0x88777418972fB3F58489303d763d4DaF398A6527 value=0
INFO [04-30|00:46:09.431] Submitted transaction                    hash=0x9bb331b90c2eb5088f0ad3118197025e06760997de6a968c6c0771c62ae9890d from=0xf39Fd6e51aad88F6F4ce6aB8827279cffFb92266 nonce=946 recipient=0xA1c5f624bE8067E937A6D8269030964793c94620 value=893,116,180,942,018
INFO [04-30|00:46:09.433] Submitted contract creation              hash=0x95986f482c6ac695025f4d57f76970fcc5e889e12235648207642d86bb91ad83 from=0xf39Fd6e51aad88F6F4ce6aB8827279cffFb92266 nonce=947 contract=0x37d0eD258f37a966f33b75b5AE7486917a0ae614 value=0
INFO [04-30|00:46:09.434] Submitted transaction                    hash=0xa263e2a78cca33ffc563d6e0a1860cb2deb19a870cdb28ff320c83edf14a4229 from=0xf39Fd6e51aad88F6F4ce6aB8827279cffFb92266 nonce=948 recipient=0x4C5f1e183816A9C916725c494058Fb377f4E5B61 value=893,116,180,942,018
INFO [04-30|00:46:09.437] Submitted contract creation              hash=0x2a5ce26460170924524c7dfd69a4e4dd164c54f53e760ac0c93da8c5521125a6 from=0xf39Fd6e51aad88F6F4ce6aB8827279cffFb92266 nonce=949 contract=0x48288D0e3079A03f6EC1846554CFc58C2696Aaee value=0
INFO [04-30|00:46:09.439] Submitted transaction                    hash=0xc623f7a72a72dd4c3bd3d884d393352fe6b5c85e28d9432f2daceefcaded11fa from=0xf39Fd6e51aad88F6F4ce6aB8827279cffFb92266 nonce=950 recipient=0x925f221f8018115C3bB90C27575100Ac18EA3387 value=893,116,180,942,018
INFO [04-30|00:46:09.441] Submitted contract creation              hash=0x04452a4d442f06c7aef0ba5db732eac249283cf524d07803c0d3011ddde3eb5a from=0xf39Fd6e51aad88F6F4ce6aB8827279cffFb92266 nonce=951 contract=0x7c77704007C9996Ee591C516f7319828BA49d91E value=0
INFO [04-30|00:46:09.443] Submitted transaction                    hash=0xda02e10ca8db4fc82fbe951964612f9837b28b1af749b7443f3ab6911fc68512 from=0xf39Fd6e51aad88F6F4ce6aB8827279cffFb92266 nonce=952 recipient=0x25CCfC20505a400018E9AfeBC96C444Dc9167b36 value=893,116,180,942,018
INFO [04-30|00:46:09.444] Submitted contract creation              hash=0x166db8b41bebb0f0693241f9b83d6f763110789d0fbe9461ab818520a81f36d9 from=0xf39Fd6e51aad88F6F4ce6aB8827279cffFb92266 nonce=953 contract=0x081F08945fd17C5470f7bCee23FB57aB1099428E value=0
INFO [04-30|00:46:09.446] Submitted transaction                    hash=0x2b0a974f2c7bdf49bd337dafe504ef4ef9d0fbd3aa63da6ce9cdc0c6a14f301d from=0xf39Fd6e51aad88F6F4ce6aB8827279cffFb92266 nonce=954 recipient=0xF408234Fcf193340B4EcF05eB3Fd1928Eef6a833 value=893,116,395,289,910
INFO [04-30|00:46:10.230] Started log indexer
INFO [04-30|00:46:10.236] Starting work on payload                 id=0x03d3451f5ee28ccb
INFO [04-30|00:46:10.260] Updated payload                          id=0x03d3451f5ee28ccb number=11032 hash=66b02e..5e3d4f txs=12 withdrawals=0 gas=502,136 fees=2.690794476e-05 root=ce3c0b..6a02c3 elapsed=24.388ms
INFO [04-30|00:46:10.260] Stopping work on payload                 id=0x03d3451f5ee28ccb reason=delivery
WARN [04-30|00:46:10.268] {"level":"warn","msg":"Slow block","block":{"number":11032,"hash":"0x66b02e811b3374b47c9d1bd8a9850e4754054be2891c1264d021eb8dd45e3d4f","gas_used":502136,"tx_count":12},"timing":{"execution_ms":0.306791,"state_read_ms":0.844593,"state_hash_ms":4.982022,"commit_ms":0.792695,"total_ms":7.409209},"throughput":{"mgas_per_sec":67.77187686296877},"state_reads":{"accounts":41,"storage_slots":0,"code":0,"code_bytes":0},"state_writes":{"accounts":13,"accounts_deleted":0,"storage_slots":0,"storage_slots_deleted":0,"code":6,"code_bytes":443},"cache":{"account":{"hits":31,"misses":10,"hit_rate":75.60975609756098},"storage":{"hits":0,"misses":0,"hit_rate":0},"code":{"hits":0,"misses":0,"hit_rate":0,"hit_bytes":0,"miss_bytes":0}}}
INFO [04-30|00:46:10.269] Imported new potential chain segment     number=11032 hash=66b02e..5e3d4f blocks=1 txs=12 mgas=0.502 elapsed=8.420ms  mgasps=59.630 triediffs=1.62KiB triedirty=0.00B
INFO [04-30|00:46:10.270] Chain head was updated                   number=11032 hash=66b02e..5e3d4f root=ce3c0b..6a02c3 elapsed="830.555µs"
INFO [04-30|00:46:10.502] Submitted transaction                    hash=0xceb518e09e38723a5fc9db8cd0f4bd222b17b6697e96ac4048adc40bdb86158a from=0xDB7bCe0E2C832b8eC9c1e8918ef9Bb22414380Ba nonce=0   recipient=0xdA796117bF6905DD8DB2fF1ab4397f6d2c4ADda3 value=0
INFO [04-30|00:46:10.504] Submitted transaction                    hash=0x17ebad7feb451a767aaf3fc662297635e56440899435656bb204810e82b46d55 from=0xA1c5f624bE8067E937A6D8269030964793c94620 nonce=0   recipient=0x88777418972fB3F58489303d763d4DaF398A6527 value=0
INFO [04-30|00:46:10.505] Submitted transaction                    hash=0x802f5d0ff55273250576999442ef99dcabd83c3b1efe5285fd56d05b44d43863 from=0x4C5f1e183816A9C916725c494058Fb377f4E5B61 nonce=0   recipient=0x37d0eD258f37a966f33b75b5AE7486917a0ae614 value=0
INFO [04-30|00:46:10.507] Submitted transaction                    hash=0xaf5544f622dd60053d5dd8d4035fe32d94f7c90202fb0f0467a6899cef4ba763 from=0x925f221f8018115C3bB90C27575100Ac18EA3387 nonce=0   recipient=0x48288D0e3079A03f6EC1846554CFc58C2696Aaee value=0
INFO [04-30|00:46:10.508] Submitted transaction                    hash=0x17a22707aaf47bd30c68cb91b011fae64129c3b9d0d9f0a063bde97f4be80fc1 from=0x25CCfC20505a400018E9AfeBC96C444Dc9167b36 nonce=0   recipient=0x7c77704007C9996Ee591C516f7319828BA49d91E value=0
INFO [04-30|00:46:10.510] Submitted transaction                    hash=0x7a48d8d1e71f6167629555addbc936db402bbda1fc20f8b8ea64a4b67d451244 from=0xF408234Fcf193340B4EcF05eB3Fd1928Eef6a833 nonce=0   recipient=0x081F08945fd17C5470f7bCee23FB57aB1099428E value=0
INFO [04-30|00:46:20.276] Starting work on payload                 id=0x0339a22a57c32865
WARN [04-30|00:46:22.378] Block building is interrupted            allowance=2s
INFO [04-30|00:46:22.379] Updated payload                          id=0x0339a22a57c32865 number=11033 hash=fd12f3..d3233b txs=5  withdrawals=0 gas=83,333,330 fees=0.004465580321  root=975d79..479443 elapsed=2.102s
WARN [04-30|00:46:24.187] {"level":"warn","msg":"Slow block","block":{"number":11033,"hash":"0xfd12f353e2fca04ebd0c6165d08193cd25197a1765941cd8870c81c3a5d3233b","gas_used":83333330,"tx_count":5},"timing":{"execution_ms":725.682754,"state_read_ms":1044.335286,"state_hash_ms":1.438362,"commit_ms":34.912882,"total_ms":1806.645842},"throughput":{"mgas_per_sec":46.125991083979144},"state_reads":{"accounts":16,"storage_slots":30570,"code":6,"code_bytes":1713},"state_writes":{"accounts":6,"accounts_deleted":0,"storage_slots":0,"storage_slots_deleted":0,"code":0,"code_bytes":0},"cache":{"account":{"hits":9,"misses":7,"hit_rate":56.25},"storage":{"hits":24751,"misses":5819,"hit_rate":80.96499836440955},"code":{"hits":6,"misses":0,"hit_rate":100,"hit_bytes":1713,"miss_bytes":0}}}
INFO [04-30|00:46:24.187] Imported new potential chain segment     number=11033 hash=fd12f3..d3233b blocks=1 txs=5  mgas=83.333 elapsed=1.807s      mgasps=46.117 triediffs=2.38KiB triedirty=0.00B
INFO [04-30|00:46:24.188] Chain head was updated                   number=11033 hash=fd12f3..d3233b root=975d79..479443 elapsed="123.399µs"
WARN [04-30|00:46:24.827] Block building is interrupted            allowance=2s
INFO [04-30|00:46:24.829] Stopping work on payload                 id=0x0339a22a57c32865 reason=delivery
INFO [04-30|00:46:34.193] Starting work on payload                 id=0x0397efb444506be0
INFO [04-30|00:46:34.640] Updated payload                          id=0x0397efb444506be0 number=11034 hash=3cb8dd..4e9119 txs=1  withdrawals=0 gas=16,666,670 fees=0.0008931162786 root=944095..a253f4 elapsed=447.084ms
INFO [04-30|00:46:34.641] Stopping work on payload                 id=0x0397efb444506be0 reason=delivery
WARN [04-30|00:46:35.330] {"level":"warn","msg":"Slow block","block":{"number":11034,"hash":"0x3cb8dd7fa94b5bfe1ca85a292727fe1ccf35f1e65414fac8801532bd424e9119","gas_used":16666670,"tx_count":1},"timing":{"execution_ms":189.388768,"state_read_ms":486.57564,"state_hash_ms":1.7033,"commit_ms":8.80064,"total_ms":686.937846},"throughput":{"mgas_per_sec":24.262267826775116},"state_reads":{"accounts":8,"storage_slots":6114,"code":2,"code_bytes":1418},"state_writes":{"accounts":2,"accounts_deleted":0,"storage_slots":0,"storage_slots_deleted":0,"code":0,"code_bytes":0},"cache":{"account":{"hits":3,"misses":5,"hit_rate":37.5},"storage":{"hits":689,"misses":5425,"hit_rate":11.269218187765784},"code":{"hits":2,"misses":0,"hit_rate":100,"hit_bytes":1418,"miss_bytes":0}}}
INFO [04-30|00:46:35.330] Imported new potential chain segment     number=11034 hash=3cb8dd..4e9119 blocks=1 txs=1  mgas=16.667 elapsed=687.217ms   mgasps=24.252 triediffs=2.62KiB triedirty=0.00B
INFO [04-30|00:46:35.331] Chain head was updated                   number=11034 hash=3cb8dd..4e9119 root=944095..a253f4 elapsed="71µs"
