INFO [04-30|00:41:58.898] Starting Geth on Ethereum mainnet...
INFO [04-30|00:41:58.900] Maximum peer count                       ETH=0 total=0
INFO [04-30|00:41:58.901] Smartcard socket not found, disabling    err="stat /run/pcscd/pcscd.comm: no such file or directory"
WARN [04-30|00:41:58.903] Option --miner.etherbase is deprecated as the etherbase is set by the consensus client post-merge
WARN [04-30|00:41:58.905] Snap sync requested, resetting --cache.snapshot
INFO [04-30|00:41:58.905] Global gas cap disabled
INFO [04-30|00:41:59.549] Using developer account                  address=0xf39Fd6e51aad88F6F4ce6aB8827279cffFb92266
INFO [04-30|00:41:59.741] Using pebble as the backing database
INFO [04-30|00:41:59.741] Allocated cache and file handles         database=/home/CPerezz/bintrie-benchmarks/mpt-vs-bintrie/dbs/bt-gd5-flat/geth/chaindata cache=16.00MiB handles=524,288
INFO [04-30|00:42:01.005] Opened ancient database                  database=/home/CPerezz/bintrie-benchmarks/mpt-vs-bintrie/dbs/bt-gd5-flat/geth/chaindata/ancient/chain readonly=true
INFO [04-30|00:42:01.005] Opened Era store                         datadir=/home/CPerezz/bintrie-benchmarks/mpt-vs-bintrie/dbs/bt-gd5-flat/geth/chaindata/ancient/chain/era
INFO [04-30|00:42:01.016] Initializing the KZG library             backend=gokzg
INFO [04-30|00:42:01.017] Allocated trie memory caches             clean=0.00B dirty=0.00B
INFO [04-30|00:42:01.121] Using pebble as the backing database
INFO [04-30|00:42:01.121] Allocated cache and file handles         database=/home/CPerezz/bintrie-benchmarks/mpt-vs-bintrie/dbs/bt-gd5-flat/geth/chaindata cache=16.00MiB handles=524,288
INFO [04-30|00:42:02.757] Opened ancient database                  database=/home/CPerezz/bintrie-benchmarks/mpt-vs-bintrie/dbs/bt-gd5-flat/geth/chaindata/ancient/chain readonly=false
INFO [04-30|00:42:02.757] Opened Era store                         datadir=/home/CPerezz/bintrie-benchmarks/mpt-vs-bintrie/dbs/bt-gd5-flat/geth/chaindata/ancient/chain/era
INFO [04-30|00:42:02.759] State scheme set to already existing     scheme=path
INFO [04-30|00:42:02.760] Initialising Ethereum protocol           network=1337 dbversion=9
INFO [04-30|00:42:02.761] Load database journal from file          path=/home/CPerezz/bintrie-benchmarks/mpt-vs-bintrie/dbs/bt-gd5-flat/geth/triedb/verkle.journal
INFO [04-30|00:42:02.810] Opened ancient database                  database=/home/CPerezz/bintrie-benchmarks/mpt-vs-bintrie/dbs/bt-gd5-flat/geth/chaindata/ancient/state_verkle readonly=false
INFO [04-30|00:42:02.811] Initialized path database                triecache=0.00B statecache=0.00B buffer=0.00B state-history="last 90000 blocks" journal-dir=/home/CPerezz/bintrie-benchmarks/mpt-vs-bintrie/dbs/bt-gd5-flat/geth/triedb verkle=true
INFO [04-30|00:42:02.811] 
INFO [04-30|00:42:02.811] ---------------------------------------------------------------------------------------------------------------------------------------------------------
INFO [04-30|00:42:02.811] Chain ID:  1337 (unknown)
INFO [04-30|00:42:02.811] Consensus: unknown
INFO [04-30|00:42:02.811] 
INFO [04-30|00:42:02.811] Pre-Merge hard forks (block based):
INFO [04-30|00:42:02.811]  - Homestead:                   #0       
INFO [04-30|00:42:02.811]  - Tangerine Whistle (EIP 150): #0       
INFO [04-30|00:42:02.811]  - Spurious Dragon/1 (EIP 155): #0       
INFO [04-30|00:42:02.811]  - Spurious Dragon/2 (EIP 158): #0       
INFO [04-30|00:42:02.811]  - Byzantium:                   #0       
INFO [04-30|00:42:02.811]  - Constantinople:              #0       
INFO [04-30|00:42:02.811]  - Petersburg:                  #0       
INFO [04-30|00:42:02.811]  - Istanbul:                    #0       
INFO [04-30|00:42:02.811]  - Muir Glacier:                #0       
INFO [04-30|00:42:02.811]  - Berlin:                      #0       
INFO [04-30|00:42:02.811]  - London:                      #0       
INFO [04-30|00:42:02.811]  - Arrow Glacier:               #0       
INFO [04-30|00:42:02.811]  - Gray Glacier:                #0       
INFO [04-30|00:42:02.811] 
INFO [04-30|00:42:02.811] Merge configured:
INFO [04-30|00:42:02.811]  - Total terminal difficulty:  0
INFO [04-30|00:42:02.811]  - Merge netsplit block:       #0       
INFO [04-30|00:42:02.811] 
INFO [04-30|00:42:02.811] Post-Merge hard forks (timestamp based):
INFO [04-30|00:42:02.811]  - Shanghai:                    @0         
INFO [04-30|00:42:02.811]  - Cancun:                      @0          blob: (target: 3, max: 6, fraction: 3338477)
INFO [04-30|00:42:02.811]  - Prague:                      @0          blob: (target: 6, max: 9, fraction: 5225352)
INFO [04-30|00:42:02.811]  - Osaka:                       @0          blob: (target: 9, max: 12, fraction: 5225352)
INFO [04-30|00:42:02.811]  - Verkle:                      @0          blob: (nil)
INFO [04-30|00:42:02.811] 
INFO [04-30|00:42:02.811] All fork specifications can be found at https://ethereum.github.io/execution-specs/src/ethereum/forks/
INFO [04-30|00:42:02.811] 
INFO [04-30|00:42:02.811] ---------------------------------------------------------------------------------------------------------------------------------------------------------
INFO [04-30|00:42:02.811] 
INFO [04-30|00:42:02.811] Loaded most recent local block           number=11010 hash=a1aca3..2a1982 age=9s
INFO [04-30|00:42:02.811] Loaded most recent local finalized block number=11008 hash=04ebb1..903e7b age=33s
INFO [04-30|00:42:02.811] Initialized transaction indexer          range="last 2350000 blocks"
INFO [04-30|00:42:02.811] Initialized log indexer                  firstblock=0 lastblock=11010 firstmap=0 lastmap=3 headindexed=true
INFO [04-30|00:42:02.829] Enabled full-sync                        head=11010 hash=a1aca3..2a1982
INFO [04-30|00:42:02.830] Unprotected transactions allowed
INFO [04-30|00:42:02.830] Gasprice oracle is ignoring threshold set threshold=2
WARN [04-30|00:42:02.830] Unclean shutdown detected                booted=2026-04-29T08:22:10+0200 age=16h19m52s
WARN [04-30|00:42:02.830] Unclean shutdown detected                booted=2026-04-29T23:46:41+0200 age=55m21s
WARN [04-30|00:42:02.830] Unclean shutdown detected                booted=2026-04-29T23:49:20+0200 age=52m42s
WARN [04-30|00:42:02.830] Unclean shutdown detected                booted=2026-04-29T23:50:23+0200 age=51m39s
INFO [04-30|00:42:02.831] Registered sync override service
WARN [04-30|00:42:02.831] You are running Geth in --dev mode. Please note the following:
WARN [04-30|00:42:02.831] 
WARN [04-30|00:42:02.831]   1. This mode is only intended for fast, iterative development without assumptions on
WARN [04-30|00:42:02.831]      security or persistence.
WARN [04-30|00:42:02.831]   2. The database is created in memory unless specified otherwise. Therefore, shutting down
WARN [04-30|00:42:02.831]      your computer or losing power will wipe your entire block data and chain state for
WARN [04-30|00:42:02.831]      your dev environment.
WARN [04-30|00:42:02.831]   3. A random, pre-allocated developer account will be available and unlocked as
WARN [04-30|00:42:02.831]      eth.coinbase, which can be used for testing. The random dev account is temporary,
WARN [04-30|00:42:02.831]      stored on a ramdisk, and will be lost if your machine is restarted.
WARN [04-30|00:42:02.831]   4. Mining is enabled by default. However, the client will only seal blocks if transactions
WARN [04-30|00:42:02.831]      are pending in the mempool. The miner's minimum accepted gas price is 1.
WARN [04-30|00:42:02.831]   5. Networking is disabled; there is no listen-address, the maximum number of peers is set
WARN [04-30|00:42:02.831]      to 0, and discovery is disabled.
WARN [04-30|00:42:02.831] 
INFO [04-30|00:42:02.831] Starting peer-to-peer node               instance=Geth/v1.17.3-unstable-7d2e7cbe-20260415/linux-amd64/go1.24.1
WARN [04-30|00:42:02.831] P2P server will be useless, neither dialing nor listening
INFO [04-30|00:42:02.838] IPC endpoint opened                      url=/home/CPerezz/bintrie-benchmarks/mpt-vs-bintrie/dbs/bt-gd5-flat/geth.ipc
ERROR[04-30|00:42:02.838] Unavailable modules in HTTP API list     unavailable=[personal] available="[admin debug web3 eth txpool miner net dev testing]"
INFO [04-30|00:42:02.838] New local node record                    seq=1,777,300,782,069 id=7b2b1a18a5d9e6d9 ip=127.0.0.1 udp=0 tcp=0
INFO [04-30|00:42:02.838] Started P2P networking                   self=enode://c8864a9bfd3b61c44e854a4678f69f18717dec204477a230feae3bea75d7354d5ded62396550f30f6df7ffb11c73e275d3183b71a6cda36e7353bb5efa6c1928@127.0.0.1:0
INFO [04-30|00:42:02.839] HTTP server started                      endpoint=[::]:8545 auth=false prefix= cors= vhosts=localhost
INFO [04-30|00:42:02.839] WebSocket enabled                        url=ws://[::]:8546
INFO [04-30|00:42:03.544] Loaded local transaction journal         transactions=13281 dropped=0
INFO [04-30|00:42:03.868] Submitted contract creation              hash=0x74ef57bd8e32a089473b804195daa90f0b80f202a8920395ba0e007b73b3f985 from=0xf39Fd6e51aad88F6F4ce6aB8827279cffFb92266 nonce=859 contract=0xC070A317F23E9A4e982e356485416251dd3Ed944 value=0
INFO [04-30|00:42:03.870] Submitted transaction                    hash=0x49cf00d584cffb037365ea40338fb4e590f0ade36b1a44f23d45cece3a20ba79 from=0xf39Fd6e51aad88F6F4ce6aB8827279cffFb92266 nonce=860 recipient=0xfD2d185f05A2e6Bb11Ab5b971A73bC4f0Dc44E6b value=148,852,710,712,558
INFO [04-30|00:42:03.872] Submitted contract creation              hash=0x0fb2ddd2b54d87ced9c911a489af9dcb4a5cbf6ba6f117774b2593f40480fd62 from=0xf39Fd6e51aad88F6F4ce6aB8827279cffFb92266 nonce=861 contract=0x70e754531418461eF2366b72cd396337d2AD6D5d value=0
INFO [04-30|00:42:03.874] Submitted transaction                    hash=0x0ca892f86611874eb3a4fe895bb11b4196aba5e4523c124581e98ddd3c86ca8e from=0xf39Fd6e51aad88F6F4ce6aB8827279cffFb92266 nonce=862 recipient=0x9D01d1535B6f6288919CF3696DB5D46d9a3F71cC value=148,852,710,712,558
INFO [04-30|00:42:03.875] Submitted contract creation              hash=0x960a76f318827842c8e3337dccdd6012fdba734d7e1e3b04afd16953c36b27f4 from=0xf39Fd6e51aad88F6F4ce6aB8827279cffFb92266 nonce=863 contract=0xd544d7A5EF50c510f3E90863828EAba7E392907A value=0
INFO [04-30|00:42:03.877] Submitted transaction                    hash=0x5a830ead92b35f2164e9d279113a5f86c42738f90cbc1e3a756a3b37ee0b8276 from=0xf39Fd6e51aad88F6F4ce6aB8827279cffFb92266 nonce=864 recipient=0xd43BB7d1BcF18A8b4B79B11B1fAF39B2803B2bc3 value=148,852,710,712,558
INFO [04-30|00:42:03.880] Submitted contract creation              hash=0xd40ca96be844e4d0d39ca1494900d8f9ed2070aa90af1588b4e3d791e719942f from=0xf39Fd6e51aad88F6F4ce6aB8827279cffFb92266 nonce=865 contract=0x1F585372F116E1055AF2bED81a808DDf9638dCCD value=0
INFO [04-30|00:42:03.881] Submitted transaction                    hash=0x4ebf146fb5be1891fd246a326ad76a32113d8b21fd6d371d1cda2247e353c50b from=0xf39Fd6e51aad88F6F4ce6aB8827279cffFb92266 nonce=866 recipient=0x577eE5bBd57e077035C74b886Ab7D6dC8d95A7b8 value=148,852,710,712,558
INFO [04-30|00:42:03.884] Submitted contract creation              hash=0xbab03f123b592c208224284c52976a6b5c734a745fd97d5ac25d5515b2fd1d42 from=0xf39Fd6e51aad88F6F4ce6aB8827279cffFb92266 nonce=867 contract=0x39826E09f8efb9df4C56Aeb9eEC0D2B8164d3B36 value=0
INFO [04-30|00:42:03.886] Submitted transaction                    hash=0x615bb7ab8debdb2d0b095b5bc69759e3b2bfa541423ab068e8d197a6181cd498 from=0xf39Fd6e51aad88F6F4ce6aB8827279cffFb92266 nonce=868 recipient=0x4819F500b12E7675fa6FD0E827473AF778b0C5f8 value=148,852,710,712,558
INFO [04-30|00:42:03.888] Submitted contract creation              hash=0xd204880b39a005743f8107f66c1c4777ba806e483a5c61ff553e7d1fc318a33f from=0xf39Fd6e51aad88F6F4ce6aB8827279cffFb92266 nonce=869 contract=0x90A3B384F62f43Ba07938EA43aEEc35c2aBfeCa2 value=0
INFO [04-30|00:42:03.890] Submitted transaction                    hash=0x1cd5afc4907085238187dfa502f198db99997256963cf9a809007d87eec4191f from=0xf39Fd6e51aad88F6F4ce6aB8827279cffFb92266 nonce=870 recipient=0xa44e1e6f296f5EB278F8B85F67fd99F97A4eE136 value=148,852,746,437,210
INFO [04-30|00:42:04.676] Started log indexer
INFO [04-30|00:42:04.684] Starting work on payload                 id=0x03b31a6c7bf78138
INFO [04-30|00:42:04.716] Updated payload                          id=0x03b31a6c7bf78138 number=11011 hash=342737..b07942 txs=12 withdrawals=0 gas=502,136 fees=4.484654949e-06 root=eaeb12..f4f5d3 elapsed=31.616ms
INFO [04-30|00:42:04.716] Stopping work on payload                 id=0x03b31a6c7bf78138 reason=delivery
WARN [04-30|00:42:04.727] {"level":"warn","msg":"Slow block","block":{"number":11011,"hash":"0x3427372a14fe42d39622a6733982532cf275853a0519ee97105e1f0c9fb07942","gas_used":502136,"tx_count":12},"timing":{"execution_ms":0.395748,"state_read_ms":0.847605,"state_hash_ms":8.029886,"commit_ms":0.925495,"total_ms":10.673572},"throughput":{"mgas_per_sec":47.04479437624068},"state_reads":{"accounts":41,"storage_slots":0,"code":0,"code_bytes":0},"state_writes":{"accounts":13,"accounts_deleted":0,"storage_slots":0,"storage_slots_deleted":0,"code":6,"code_bytes":443},"cache":{"account":{"hits":32,"misses":9,"hit_rate":78.04878048780488},"storage":{"hits":0,"misses":0,"hit_rate":0},"code":{"hits":0,"misses":0,"hit_rate":0,"hit_bytes":0,"miss_bytes":0}}}
INFO [04-30|00:42:04.727] Imported new potential chain segment     number=11011 hash=342737..b07942 blocks=1 txs=12 mgas=0.502 elapsed=11.067ms mgasps=45.369 triediffs=1.62KiB triedirty=0.00B
INFO [04-30|00:42:04.728] Chain head was updated                   number=11011 hash=342737..b07942 root=eaeb12..f4f5d3 elapsed="943.364µs"
INFO [04-30|00:42:04.956] Submitted transaction                    hash=0x82c06206e5fdb00aa770675c6c2f040fc1783c6f345b2732e0d9236f3ed62596 from=0xfD2d185f05A2e6Bb11Ab5b971A73bC4f0Dc44E6b nonce=0   recipient=0xC070A317F23E9A4e982e356485416251dd3Ed944 value=0
INFO [04-30|00:42:04.958] Submitted transaction                    hash=0x14f85ca9718c72d869e7ae44dc96ece4260730d1f0c6b002e13595aff6f4c68a from=0x9D01d1535B6f6288919CF3696DB5D46d9a3F71cC nonce=0   recipient=0x70e754531418461eF2366b72cd396337d2AD6D5d value=0
INFO [04-30|00:42:04.961] Submitted transaction                    hash=0xcb26060b09f7fe687adef579cc9f0d9b5f565354ceb2b721dd41b53d0afb163d from=0xd43BB7d1BcF18A8b4B79B11B1fAF39B2803B2bc3 nonce=0   recipient=0xd544d7A5EF50c510f3E90863828EAba7E392907A value=0
INFO [04-30|00:42:04.963] Submitted transaction                    hash=0x369bd4ef977467a93015ec3926045a3d0a0c0e2b58b31bf0ca56ed197fe501b8 from=0x577eE5bBd57e077035C74b886Ab7D6dC8d95A7b8 nonce=0   recipient=0x1F585372F116E1055AF2bED81a808DDf9638dCCD value=0
INFO [04-30|00:42:04.965] Submitted transaction                    hash=0x1d9a21ff9f0ad5a3c2b2c43845454bcdc35cf9f34a0441302eed3f8860b4b2ca from=0x4819F500b12E7675fa6FD0E827473AF778b0C5f8 nonce=0   recipient=0x39826E09f8efb9df4C56Aeb9eEC0D2B8164d3B36 value=0
INFO [04-30|00:42:04.967] Submitted transaction                    hash=0x6cf07b70bbf3b1675d802303238af6c0214a8cc07f5bd756979582dc35b91511 from=0xa44e1e6f296f5EB278F8B85F67fd99F97A4eE136 nonce=0   recipient=0x90A3B384F62f43Ba07938EA43aEEc35c2aBfeCa2 value=0
INFO [04-30|00:42:14.734] Starting work on payload                 id=0x03d4568ab55550df
WARN [04-30|00:42:16.895] Block building is interrupted            allowance=2s
INFO [04-30|00:42:16.897] Updated payload                          id=0x03d4568ab55550df number=11012 hash=38b683..e22d3d txs=5  withdrawals=0 gas=83,333,330 fees=0.0007442629702 root=af029a..c9eec9 elapsed=2.163s
WARN [04-30|00:42:18.654] {"level":"warn","msg":"Slow block","block":{"number":11012,"hash":"0x38b68368611b1545040d2fa6eb913de9ad8e1e75b1be0238bbaf22960ae22d3d","gas_used":83333330,"tx_count":5},"timing":{"execution_ms":692.530109,"state_read_ms":1035.721243,"state_hash_ms":1.329331,"commit_ms":23.960418,"total_ms":1753.910311},"throughput":{"mgas_per_sec":47.512879921714536},"state_reads":{"accounts":16,"storage_slots":30570,"code":6,"code_bytes":1713},"state_writes":{"accounts":6,"accounts_deleted":0,"storage_slots":0,"storage_slots_deleted":0,"code":0,"code_bytes":0},"cache":{"account":{"hits":8,"misses":8,"hit_rate":50},"storage":{"hits":24518,"misses":6052,"hit_rate":80.20281321557083},"code":{"hits":6,"misses":0,"hit_rate":100,"hit_bytes":1713,"miss_bytes":0}}}
INFO [04-30|00:42:18.654] Imported new potential chain segment     number=11012 hash=38b683..e22d3d blocks=1 txs=5  mgas=83.333 elapsed=1.754s      mgasps=47.502 triediffs=2.38KiB triedirty=0.00B
INFO [04-30|00:42:18.655] Chain head was updated                   number=11012 hash=38b683..e22d3d root=af029a..c9eec9 elapsed="52.73µs"
WARN [04-30|00:42:19.166] Block building is interrupted            allowance=2s
INFO [04-30|00:42:19.168] Stopping work on payload                 id=0x03d4568ab55550df reason=delivery
INFO [04-30|00:42:28.661] Starting work on payload                 id=0x035bda42deb9432b
INFO [04-30|00:42:29.103] Updated payload                          id=0x035bda42deb9432b number=11013 hash=e917b1..ad3463 txs=1  withdrawals=0 gas=16,666,670 fees=0.0001488526298 root=7b3d2b..f76ab6 elapsed=441.856ms
INFO [04-30|00:42:29.103] Stopping work on payload                 id=0x035bda42deb9432b reason=delivery
WARN [04-30|00:42:29.735] {"level":"warn","msg":"Slow block","block":{"number":11013,"hash":"0xe917b13e56157fffdf4a3a24e61eeb86e2d9c7ebb617b7ea63a12c14b1ad3463","gas_used":16666670,"tx_count":1},"timing":{"execution_ms":181.665526,"state_read_ms":440.915219,"state_hash_ms":1.554571,"commit_ms":6.280966,"total_ms":630.780861},"throughput":{"mgas_per_sec":26.422282333642332},"state_reads":{"accounts":8,"storage_slots":6114,"code":2,"code_bytes":1418},"state_writes":{"accounts":2,"accounts_deleted":0,"storage_slots":0,"storage_slots_deleted":0,"code":0,"code_bytes":0},"cache":{"account":{"hits":4,"misses":4,"hit_rate":50},"storage":{"hits":807,"misses":5307,"hit_rate":13.199214916584886},"code":{"hits":2,"misses":0,"hit_rate":100,"hit_bytes":1418,"miss_bytes":0}}}
INFO [04-30|00:42:29.735] Imported new potential chain segment     number=11013 hash=e917b1..ad3463 blocks=1 txs=1  mgas=16.667 elapsed=631.058ms   mgasps=26.411 triediffs=2.62KiB triedirty=0.00B
INFO [04-30|00:42:29.735] Chain head was updated                   number=11013 hash=e917b1..ad3463 root=7b3d2b..f76ab6 elapsed="69.75µs"
