INFO [04-30|00:55:48.238] Starting Geth on Ethereum mainnet...
INFO [04-30|00:55:48.239] Maximum peer count                       ETH=0 total=0
INFO [04-30|00:55:48.240] Smartcard socket not found, disabling    err="stat /run/pcscd/pcscd.comm: no such file or directory"
WARN [04-30|00:55:48.242] Option --miner.etherbase is deprecated as the etherbase is set by the consensus client post-merge
WARN [04-30|00:55:48.243] Snap sync requested, resetting --cache.snapshot
INFO [04-30|00:55:48.243] Global gas cap disabled
INFO [04-30|00:55:48.965] Using developer account                  address=0xf39Fd6e51aad88F6F4ce6aB8827279cffFb92266
INFO [04-30|00:55:49.157] Using pebble as the backing database
INFO [04-30|00:55:49.157] Allocated cache and file handles         database=/home/CPerezz/bintrie-benchmarks/mpt-vs-bintrie/dbs/bt-gd5-flat/geth/chaindata cache=16.00MiB handles=524,288
INFO [04-30|00:55:50.466] Opened ancient database                  database=/home/CPerezz/bintrie-benchmarks/mpt-vs-bintrie/dbs/bt-gd5-flat/geth/chaindata/ancient/chain readonly=true
INFO [04-30|00:55:50.466] Opened Era store                         datadir=/home/CPerezz/bintrie-benchmarks/mpt-vs-bintrie/dbs/bt-gd5-flat/geth/chaindata/ancient/chain/era
INFO [04-30|00:55:50.482] Initializing the KZG library             backend=gokzg
INFO [04-30|00:55:50.485] Allocated trie memory caches             clean=0.00B dirty=0.00B
INFO [04-30|00:55:50.595] Using pebble as the backing database
INFO [04-30|00:55:50.595] Allocated cache and file handles         database=/home/CPerezz/bintrie-benchmarks/mpt-vs-bintrie/dbs/bt-gd5-flat/geth/chaindata cache=16.00MiB handles=524,288
INFO [04-30|00:55:52.186] Opened ancient database                  database=/home/CPerezz/bintrie-benchmarks/mpt-vs-bintrie/dbs/bt-gd5-flat/geth/chaindata/ancient/chain readonly=false
INFO [04-30|00:55:52.186] Opened Era store                         datadir=/home/CPerezz/bintrie-benchmarks/mpt-vs-bintrie/dbs/bt-gd5-flat/geth/chaindata/ancient/chain/era
INFO [04-30|00:55:52.187] State scheme set to already existing     scheme=path
INFO [04-30|00:55:52.188] Initialising Ethereum protocol           network=1337 dbversion=9
INFO [04-30|00:55:52.188] Load database journal from file          path=/home/CPerezz/bintrie-benchmarks/mpt-vs-bintrie/dbs/bt-gd5-flat/geth/triedb/verkle.journal
INFO [04-30|00:55:52.265] Opened ancient database                  database=/home/CPerezz/bintrie-benchmarks/mpt-vs-bintrie/dbs/bt-gd5-flat/geth/chaindata/ancient/state_verkle readonly=false
INFO [04-30|00:55:52.266] Initialized path database                triecache=0.00B statecache=0.00B buffer=0.00B state-history="last 90000 blocks" journal-dir=/home/CPerezz/bintrie-benchmarks/mpt-vs-bintrie/dbs/bt-gd5-flat/geth/triedb verkle=true
INFO [04-30|00:55:52.266] 
INFO [04-30|00:55:52.266] ---------------------------------------------------------------------------------------------------------------------------------------------------------
INFO [04-30|00:55:52.266] Chain ID:  1337 (unknown)
INFO [04-30|00:55:52.266] Consensus: unknown
INFO [04-30|00:55:52.266] 
INFO [04-30|00:55:52.266] Pre-Merge hard forks (block based):
INFO [04-30|00:55:52.266]  - Homestead:                   #0       
INFO [04-30|00:55:52.266]  - Tangerine Whistle (EIP 150): #0       
INFO [04-30|00:55:52.266]  - Spurious Dragon/1 (EIP 155): #0       
INFO [04-30|00:55:52.266]  - Spurious Dragon/2 (EIP 158): #0       
INFO [04-30|00:55:52.266]  - Byzantium:                   #0       
INFO [04-30|00:55:52.266]  - Constantinople:              #0       
INFO [04-30|00:55:52.266]  - Petersburg:                  #0       
INFO [04-30|00:55:52.266]  - Istanbul:                    #0       
INFO [04-30|00:55:52.266]  - Muir Glacier:                #0       
INFO [04-30|00:55:52.266]  - Berlin:                      #0       
INFO [04-30|00:55:52.266]  - London:                      #0       
INFO [04-30|00:55:52.266]  - Arrow Glacier:               #0       
INFO [04-30|00:55:52.266]  - Gray Glacier:                #0       
INFO [04-30|00:55:52.266] 
INFO [04-30|00:55:52.266] Merge configured:
INFO [04-30|00:55:52.266]  - Total terminal difficulty:  0
INFO [04-30|00:55:52.266]  - Merge netsplit block:       #0       
INFO [04-30|00:55:52.266] 
INFO [04-30|00:55:52.266] Post-Merge hard forks (timestamp based):
INFO [04-30|00:55:52.266]  - Shanghai:                    @0         
INFO [04-30|00:55:52.266]  - Cancun:                      @0          blob: (target: 3, max: 6, fraction: 3338477)
INFO [04-30|00:55:52.266]  - Prague:                      @0          blob: (target: 6, max: 9, fraction: 5225352)
INFO [04-30|00:55:52.266]  - Osaka:                       @0          blob: (target: 9, max: 12, fraction: 5225352)
INFO [04-30|00:55:52.266]  - Verkle:                      @0          blob: (nil)
INFO [04-30|00:55:52.266] 
INFO [04-30|00:55:52.266] All fork specifications can be found at https://ethereum.github.io/execution-specs/src/ethereum/forks/
INFO [04-30|00:55:52.266] 
INFO [04-30|00:55:52.266] ---------------------------------------------------------------------------------------------------------------------------------------------------------
INFO [04-30|00:55:52.266] 
INFO [04-30|00:55:52.267] Loaded most recent local block           number=11081 hash=7080c3..0371f1 age=8s
INFO [04-30|00:55:52.267] Loaded most recent local finalized block number=11072 hash=c07f59..048add age=1m59s
INFO [04-30|00:55:52.267] Initialized transaction indexer          range="last 2350000 blocks"
INFO [04-30|00:55:52.267] Initialized log indexer                  firstblock=0 lastblock=11081 firstmap=0 lastmap=3 headindexed=true
INFO [04-30|00:55:52.282] Enabled full-sync                        head=11081 hash=7080c3..0371f1
INFO [04-30|00:55:52.282] Unprotected transactions allowed
INFO [04-30|00:55:52.282] Gasprice oracle is ignoring threshold set threshold=2
WARN [04-30|00:55:52.282] Unclean shutdown detected                booted=2026-04-29T08:22:10+0200 age=16h33m42s
WARN [04-30|00:55:52.282] Unclean shutdown detected                booted=2026-04-29T23:46:41+0200 age=1h9m11s
WARN [04-30|00:55:52.282] Unclean shutdown detected                booted=2026-04-29T23:49:20+0200 age=1h6m32s
WARN [04-30|00:55:52.282] Unclean shutdown detected                booted=2026-04-29T23:50:23+0200 age=1h5m29s
INFO [04-30|00:55:52.283] Registered sync override service
WARN [04-30|00:55:52.283] You are running Geth in --dev mode. Please note the following:
WARN [04-30|00:55:52.283] 
WARN [04-30|00:55:52.283]   1. This mode is only intended for fast, iterative development without assumptions on
WARN [04-30|00:55:52.283]      security or persistence.
WARN [04-30|00:55:52.283]   2. The database is created in memory unless specified otherwise. Therefore, shutting down
WARN [04-30|00:55:52.283]      your computer or losing power will wipe your entire block data and chain state for
WARN [04-30|00:55:52.283]      your dev environment.
WARN [04-30|00:55:52.283]   3. A random, pre-allocated developer account will be available and unlocked as
WARN [04-30|00:55:52.283]      eth.coinbase, which can be used for testing. The random dev account is temporary,
WARN [04-30|00:55:52.283]      stored on a ramdisk, and will be lost if your machine is restarted.
WARN [04-30|00:55:52.283]   4. Mining is enabled by default. However, the client will only seal blocks if transactions
WARN [04-30|00:55:52.283]      are pending in the mempool. The miner's minimum accepted gas price is 1.
WARN [04-30|00:55:52.283]   5. Networking is disabled; there is no listen-address, the maximum number of peers is set
WARN [04-30|00:55:52.283]      to 0, and discovery is disabled.
WARN [04-30|00:55:52.283] 
INFO [04-30|00:55:52.283] Starting peer-to-peer node               instance=Geth/v1.17.3-unstable-7d2e7cbe-20260415/linux-amd64/go1.24.1
WARN [04-30|00:55:52.283] P2P server will be useless, neither dialing nor listening
INFO [04-30|00:55:52.288] IPC endpoint opened                      url=/home/CPerezz/bintrie-benchmarks/mpt-vs-bintrie/dbs/bt-gd5-flat/geth.ipc
ERROR[04-30|00:55:52.288] Unavailable modules in HTTP API list     unavailable=[personal] available="[admin debug web3 eth txpool miner net dev testing]"
INFO [04-30|00:55:52.288] New local node record                    seq=1,777,300,782,095 id=7b2b1a18a5d9e6d9 ip=127.0.0.1 udp=0 tcp=0
INFO [04-30|00:55:52.288] Started P2P networking                   self=enode://c8864a9bfd3b61c44e854a4678f69f18717dec204477a230feae3bea75d7354d5ded62396550f30f6df7ffb11c73e275d3183b71a6cda36e7353bb5efa6c1928@127.0.0.1:0
INFO [04-30|00:55:52.288] HTTP server started                      endpoint=[::]:8545 auth=false prefix= cors= vhosts=localhost
INFO [04-30|00:55:52.288] WebSocket enabled                        url=ws://[::]:8546
INFO [04-30|00:55:52.998] Loaded local transaction journal         transactions=13797 dropped=0
INFO [04-30|00:55:54.202] Submitted contract creation              hash=0xfa3cd113e3e8989bc091d7ed479f104f2d3b7188837396a2d24c0f8fec7cd661 from=0xf39Fd6e51aad88F6F4ce6aB8827279cffFb92266 nonce=1171 contract=0x53A16c7b5fB15E3786B068Eb199023394Cc15C5b value=0
INFO [04-30|00:55:54.204] Submitted transaction                    hash=0xcec8f85a782de5e80f837c6fc15780151585401131d524bec068e8907ef06fab from=0xf39Fd6e51aad88F6F4ce6aB8827279cffFb92266 nonce=1172 recipient=0x40f6720C28fC094A2465Dd7147F22AF86844A89F value=18,085,600,743,242,608
INFO [04-30|00:55:54.206] Submitted contract creation              hash=0x68152614a55867eb90baaee348aebcc868946129aa03f0324d5981ada4739cfc from=0xf39Fd6e51aad88F6F4ce6aB8827279cffFb92266 nonce=1173 contract=0xCFA293D910719f8C1ddDD0CA5dDd3D6Cbf681833 value=0
INFO [04-30|00:55:54.208] Submitted transaction                    hash=0xf4978696b506576492ec27780bd89be89fd39db5722ac2ef84996d135dcff47d from=0xf39Fd6e51aad88F6F4ce6aB8827279cffFb92266 nonce=1174 recipient=0xddEcf88db300E64B19CC6Aa11A316Fbc7B1Ee19e value=18,085,600,743,242,608
INFO [04-30|00:55:54.211] Submitted contract creation              hash=0xecdd8288f83d5b5789f35a7b741cadc49c8a954bb3d27933c738c988264d76fe from=0xf39Fd6e51aad88F6F4ce6aB8827279cffFb92266 nonce=1175 contract=0x365FfAac541ad6A847603dc2C6e981B9A888C781 value=0
INFO [04-30|00:55:54.213] Submitted transaction                    hash=0x38e460e56b3a91058e9216c521df7e86e1b35e9dc123a5a39b9ee65894399766 from=0xf39Fd6e51aad88F6F4ce6aB8827279cffFb92266 nonce=1176 recipient=0x52900Cb888D8412d42a528F8d6879196a847BD39 value=18,085,600,743,242,608
INFO [04-30|00:55:54.214] Submitted contract creation              hash=0x87528498e26731805cd2a1262f0c4e8bc1c0b5d0f7b319527a0536ef54bbf2cc from=0xf39Fd6e51aad88F6F4ce6aB8827279cffFb92266 nonce=1177 contract=0xADf3314735C35C27B0a98f7fF1ab78cCD70F6B78 value=0
INFO [04-30|00:55:54.216] Submitted transaction                    hash=0x2bc44b8201ac61c21e1a66d3e898b65a107766f72ad7996043a2fec31ba2d104 from=0xf39Fd6e51aad88F6F4ce6aB8827279cffFb92266 nonce=1178 recipient=0x34f10f1e8cCB60C94bD79cf59f1DA149613654C9 value=18,085,600,743,242,608
INFO [04-30|00:55:54.218] Submitted contract creation              hash=0x980e29859b6e5bd3cfdd919146b21bcc1c06f15ef8483c64ccab1dbd470fe7a9 from=0xf39Fd6e51aad88F6F4ce6aB8827279cffFb92266 nonce=1179 contract=0x407DD50f9c614f773E62f6c4041418186ad4b2a9 value=0
INFO [04-30|00:55:54.220] Submitted transaction                    hash=0xfd6d9be4d1a0ce508380c5d49f1f3c6e6c4e75698d19f63bcfc595fc18f78253 from=0xf39Fd6e51aad88F6F4ce6aB8827279cffFb92266 nonce=1180 recipient=0x5F7bF2b34f352c9CC2739608e874832630933Ed6 value=18,085,600,743,242,608
INFO [04-30|00:55:54.223] Submitted contract creation              hash=0xcfb75879c3dc977c05fad597c2906360aa57b623c8b183195b5242934a900854 from=0xf39Fd6e51aad88F6F4ce6aB8827279cffFb92266 nonce=1181 contract=0x8e86cDD6b5252b45305106071db047563F00e0a8 value=0
INFO [04-30|00:55:54.224] Submitted transaction                    hash=0x1e8992f9a6b6f327e990b994b35b0ab827c6dbc6c61633e97cf72a5f62c87462 from=0xf39Fd6e51aad88F6F4ce6aB8827279cffFb92266 nonce=1182 recipient=0x6077fC8fCAe9e1E1641c4B35444Fd7B71A61529c value=18,085,605,083,786,960
INFO [04-30|00:55:54.253] Started log indexer
INFO [04-30|00:55:54.259] Starting work on payload                 id=0x035de889428ab6a0
INFO [04-30|00:55:54.283] Updated payload                          id=0x035de889428ab6a0 number=11082 hash=e2586f..314723 txs=12 withdrawals=0 gas=502,712 fees=0.0005455109296 root=74e53e..bbb585 elapsed=23.949ms
INFO [04-30|00:55:54.283] Stopping work on payload                 id=0x035de889428ab6a0 reason=delivery
WARN [04-30|00:55:54.291] {"level":"warn","msg":"Slow block","block":{"number":11082,"hash":"0xe2586f239486b669bcde8c649f3fc2b59453f19eebd38945bf83970608314723","gas_used":502712,"tx_count":12},"timing":{"execution_ms":0.29565,"state_read_ms":0.437106,"state_hash_ms":4.653734,"commit_ms":1.000575,"total_ms":6.800393},"throughput":{"mgas_per_sec":73.92396292390748},"state_reads":{"accounts":41,"storage_slots":0,"code":0,"code_bytes":0},"state_writes":{"accounts":13,"accounts_deleted":0,"storage_slots":0,"storage_slots_deleted":0,"code":6,"code_bytes":479},"cache":{"account":{"hits":27,"misses":14,"hit_rate":65.85365853658537},"storage":{"hits":0,"misses":0,"hit_rate":0},"code":{"hits":0,"misses":0,"hit_rate":0,"hit_bytes":0,"miss_bytes":0}}}
INFO [04-30|00:55:54.291] Imported new potential chain segment     number=11082 hash=e2586f..314723 blocks=1 txs=12 mgas=0.503 elapsed=7.241ms  mgasps=69.419 triediffs=1.62KiB triedirty=0.00B
INFO [04-30|00:55:54.292] Chain head was updated                   number=11082 hash=e2586f..314723 root=74e53e..bbb585 elapsed=1.211773ms
INFO [04-30|00:55:55.282] Submitted transaction                    hash=0x0c5a8354693b9f4755da0bdae728626b6941721ad06ce9eed219bd1fc4fd7e84 from=0x40f6720C28fC094A2465Dd7147F22AF86844A89F nonce=0    recipient=0x53A16c7b5fB15E3786B068Eb199023394Cc15C5b value=0
INFO [04-30|00:55:55.283] Submitted transaction                    hash=0x88ec9603d50bf9e3144acff787d9ff6ebadbcf536dbeedcf2ed35feeacaad108 from=0xddEcf88db300E64B19CC6Aa11A316Fbc7B1Ee19e nonce=0    recipient=0xCFA293D910719f8C1ddDD0CA5dDd3D6Cbf681833 value=0
INFO [04-30|00:55:55.285] Submitted transaction                    hash=0xe78164db1239dab7f37100f773026646c653b747079fd7e4e72c85e174f63f03 from=0x52900Cb888D8412d42a528F8d6879196a847BD39 nonce=0    recipient=0x365FfAac541ad6A847603dc2C6e981B9A888C781 value=0
INFO [04-30|00:55:55.287] Submitted transaction                    hash=0xb5a6a9b0ec1ee951801a986aaf1dccc268ac1743c9316a83be5b7326135e4870 from=0x34f10f1e8cCB60C94bD79cf59f1DA149613654C9 nonce=0    recipient=0xADf3314735C35C27B0a98f7fF1ab78cCD70F6B78 value=0
INFO [04-30|00:55:55.288] Submitted transaction                    hash=0x70fe50ae2b1e7634ac6971b75f2c0cf436ac220f14188a98ff0c940d3196becd from=0x5F7bF2b34f352c9CC2739608e874832630933Ed6 nonce=0    recipient=0x407DD50f9c614f773E62f6c4041418186ad4b2a9 value=0
INFO [04-30|00:55:55.290] Submitted transaction                    hash=0xedaa2a5a4914f1875af79cba8dc5213b6f5f71aa993f9b59ddaf8aad3abb7d27 from=0x6077fC8fCAe9e1E1641c4B35444Fd7B71A61529c nonce=0    recipient=0x8e86cDD6b5252b45305106071db047563F00e0a8 value=0
INFO [04-30|00:56:04.299] Starting work on payload                 id=0x032313c128d41f1e
INFO [04-30|00:56:07.152] Updated payload                          id=0x032313c128d41f1e number=11083 hash=b75feb..38b095 txs=6  withdrawals=0 gas=93,693,094 fees=0.1016697568    root=36bc3e..1e9c92 elapsed=2.853s
INFO [04-30|00:56:09.663] Stopping work on payload                 id=0x032313c128d41f1e reason=delivery
WARN [04-30|00:56:09.675] {"level":"warn","msg":"Slow block","block":{"number":11083,"hash":"0xb75feb60f6b25c90585f4f0f037fc74dff15534e1df4e3d8eb3e1ea5c838b095","gas_used":93693094,"tx_count":6},"timing":{"execution_ms":162.390462,"state_read_ms":198.292107,"state_hash_ms":2149.163647,"commit_ms":10.584781,"total_ms":2521.456503},"throughput":{"mgas_per_sec":37.15832253640903},"state_reads":{"accounts":18,"storage_slots":4086,"code":7,"code_bytes":1823},"state_writes":{"accounts":8,"accounts_deleted":0,"storage_slots":4086,"storage_slots_deleted":0,"code":0,"code_bytes":0},"cache":{"account":{"hits":13,"misses":5,"hit_rate":72.22222222222221},"storage":{"hits":3397,"misses":689,"hit_rate":83.13754282917279},"code":{"hits":7,"misses":0,"hit_rate":100,"hit_bytes":1823,"miss_bytes":0}}}
INFO [04-30|00:56:09.676] Imported new potential chain segment     number=11083 hash=b75feb..38b095 blocks=1 txs=6  mgas=93.693 elapsed=2.521s     mgasps=37.151 triediffs=258.00KiB triedirty=0.00B
INFO [04-30|00:56:09.676] Chain head was updated                   number=11083 hash=b75feb..38b095 root=36bc3e..1e9c92 elapsed="83.969µs"
INFO [04-30|00:56:10.680] Submitted transaction                    hash=0x4e8f1ce5e88c8fc38261213257ee2190a591d77522edf664f92ac2fbf538a5c9 from=0x40f6720C28fC094A2465Dd7147F22AF86844A89F nonce=1    recipient=0xf39Fd6e51aad88F6F4ce6aB8827279cffFb92266 value=1,126,986,531,400,896
INFO [04-30|00:56:10.688] Submitted transaction                    hash=0x433901c2b3ac7eaaef8a6a79c1d29a6dbe76d70346d4a8264c2854d549b02cbc from=0xddEcf88db300E64B19CC6Aa11A316Fbc7B1Ee19e nonce=1    recipient=0xf39Fd6e51aad88F6F4ce6aB8827279cffFb92266 value=1,129,699,371,620,896
INFO [04-30|00:56:10.698] Submitted transaction                    hash=0xccd5f0394ef8f73d00e0c11e8d6b92988804e606362417c6c74a314f527c1ebd from=0x52900Cb888D8412d42a528F8d6879196a847BD39 nonce=1    recipient=0xf39Fd6e51aad88F6F4ce6aB8827279cffFb92266 value=1,129,699,371,620,896
INFO [04-30|00:56:10.707] Submitted transaction                    hash=0xded577a4a00f0133a671d95b1f2f01fcde14916e4a90dffa4fbaffca409875d3 from=0x34f10f1e8cCB60C94bD79cf59f1DA149613654C9 nonce=1    recipient=0xf39Fd6e51aad88F6F4ce6aB8827279cffFb92266 value=1,129,699,371,620,896
INFO [04-30|00:56:10.716] Submitted transaction                    hash=0xcc09e1630b082233d3dfa3da0c7238e35b6371ad9c3349dfa809e6f2f96288e7 from=0x5F7bF2b34f352c9CC2739608e874832630933Ed6 nonce=1    recipient=0xf39Fd6e51aad88F6F4ce6aB8827279cffFb92266 value=1,129,699,371,620,896
INFO [04-30|00:56:10.724] Submitted transaction                    hash=0xa782dc4d6c959a595a47a8cfed4bb2d09ff96d3aa004a768a0ee9211b5207416 from=0x6077fC8fCAe9e1E1641c4B35444Fd7B71A61529c nonce=1    recipient=0xf39Fd6e51aad88F6F4ce6aB8827279cffFb92266 value=1,129,703,712,165,248
INFO [04-30|00:56:19.683] Starting work on payload                 id=0x03b8b7d56f0a6da4
INFO [04-30|00:56:19.688] Updated payload                          id=0x03b8b7d56f0a6da4 number=11084 hash=2a131e..493418 txs=6  withdrawals=0 gas=126,000    fees=6.836357291e-05 root=aa2a49..a0bb79 elapsed=4.945ms
INFO [04-30|00:56:19.689] Stopping work on payload                 id=0x03b8b7d56f0a6da4 reason=delivery
WARN [04-30|00:56:19.695] {"level":"warn","msg":"Slow block","block":{"number":11084,"hash":"0x2a131eaf9ec4dff9bd18e7d4f1480ff0d05701a28adc9b81a3a901cb8a493418","gas_used":126000,"tx_count":6},"timing":{"execution_ms":0.221231,"state_read_ms":0.302066,"state_hash_ms":3.175092,"commit_ms":0.741556,"total_ms":4.985493},"throughput":{"mgas_per_sec":25.273328033957725},"state_reads":{"accounts":11,"storage_slots":0,"code":0,"code_bytes":0},"state_writes":{"accounts":7,"accounts_deleted":0,"storage_slots":0,"storage_slots_deleted":0,"code":0,"code_bytes":0},"cache":{"account":{"hits":4,"misses":7,"hit_rate":36.36363636363637},"storage":{"hits":0,"misses":0,"hit_rate":0},"code":{"hits":0,"misses":0,"hit_rate":0,"hit_bytes":0,"miss_bytes":0}}}
INFO [04-30|00:56:19.695] Imported new potential chain segment     number=11084 hash=2a131e..493418 blocks=1 txs=6  mgas=0.126  elapsed=5.402ms    mgasps=23.324 triediffs=258.88KiB triedirty=0.00B
INFO [04-30|00:56:19.695] Chain head was updated                   number=11084 hash=2a131e..493418 root=aa2a49..a0bb79 elapsed="88.87µs"
