INFO [04-30|00:40:25.282] Starting Geth on Ethereum mainnet...
INFO [04-30|00:40:25.283] Maximum peer count                       ETH=0 total=0
INFO [04-30|00:40:25.284] Smartcard socket not found, disabling    err="stat /run/pcscd/pcscd.comm: no such file or directory"
WARN [04-30|00:40:25.285] Option --miner.etherbase is deprecated as the etherbase is set by the consensus client post-merge
WARN [04-30|00:40:25.287] Snap sync requested, resetting --cache.snapshot
INFO [04-30|00:40:25.287] Global gas cap disabled
INFO [04-30|00:40:25.931] Using developer account                  address=0xf39Fd6e51aad88F6F4ce6aB8827279cffFb92266
INFO [04-30|00:40:26.123] Using pebble as the backing database
INFO [04-30|00:40:26.123] Allocated cache and file handles         database=/home/CPerezz/bintrie-benchmarks/mpt-vs-bintrie/dbs/bt-gd5-flat/geth/chaindata cache=16.00MiB handles=524,288
INFO [04-30|00:40:27.419] Opened ancient database                  database=/home/CPerezz/bintrie-benchmarks/mpt-vs-bintrie/dbs/bt-gd5-flat/geth/chaindata/ancient/chain readonly=true
INFO [04-30|00:40:27.419] Opened Era store                         datadir=/home/CPerezz/bintrie-benchmarks/mpt-vs-bintrie/dbs/bt-gd5-flat/geth/chaindata/ancient/chain/era
INFO [04-30|00:40:27.436] Initializing the KZG library             backend=gokzg
INFO [04-30|00:40:27.438] Allocated trie memory caches             clean=0.00B dirty=0.00B
INFO [04-30|00:40:27.540] Using pebble as the backing database
INFO [04-30|00:40:27.540] Allocated cache and file handles         database=/home/CPerezz/bintrie-benchmarks/mpt-vs-bintrie/dbs/bt-gd5-flat/geth/chaindata cache=16.00MiB handles=524,288
INFO [04-30|00:40:29.059] Opened ancient database                  database=/home/CPerezz/bintrie-benchmarks/mpt-vs-bintrie/dbs/bt-gd5-flat/geth/chaindata/ancient/chain readonly=false
INFO [04-30|00:40:29.060] Opened Era store                         datadir=/home/CPerezz/bintrie-benchmarks/mpt-vs-bintrie/dbs/bt-gd5-flat/geth/chaindata/ancient/chain/era
INFO [04-30|00:40:29.061] State scheme set to already existing     scheme=path
INFO [04-30|00:40:29.061] Initialising Ethereum protocol           network=1337 dbversion=9
INFO [04-30|00:40:29.062] Load database journal from file          path=/home/CPerezz/bintrie-benchmarks/mpt-vs-bintrie/dbs/bt-gd5-flat/geth/triedb/verkle.journal
INFO [04-30|00:40:29.133] Opened ancient database                  database=/home/CPerezz/bintrie-benchmarks/mpt-vs-bintrie/dbs/bt-gd5-flat/geth/chaindata/ancient/state_verkle readonly=false
INFO [04-30|00:40:29.133] Initialized path database                triecache=0.00B statecache=0.00B buffer=0.00B state-history="last 90000 blocks" journal-dir=/home/CPerezz/bintrie-benchmarks/mpt-vs-bintrie/dbs/bt-gd5-flat/geth/triedb verkle=true
INFO [04-30|00:40:29.134] 
INFO [04-30|00:40:29.134] ---------------------------------------------------------------------------------------------------------------------------------------------------------
INFO [04-30|00:40:29.134] Chain ID:  1337 (unknown)
INFO [04-30|00:40:29.134] Consensus: unknown
INFO [04-30|00:40:29.134] 
INFO [04-30|00:40:29.134] Pre-Merge hard forks (block based):
INFO [04-30|00:40:29.134]  - Homestead:                   #0       
INFO [04-30|00:40:29.134]  - Tangerine Whistle (EIP 150): #0       
INFO [04-30|00:40:29.134]  - Spurious Dragon/1 (EIP 155): #0       
INFO [04-30|00:40:29.134]  - Spurious Dragon/2 (EIP 158): #0       
INFO [04-30|00:40:29.134]  - Byzantium:                   #0       
INFO [04-30|00:40:29.134]  - Constantinople:              #0       
INFO [04-30|00:40:29.134]  - Petersburg:                  #0       
INFO [04-30|00:40:29.134]  - Istanbul:                    #0       
INFO [04-30|00:40:29.134]  - Muir Glacier:                #0       
INFO [04-30|00:40:29.134]  - Berlin:                      #0       
INFO [04-30|00:40:29.134]  - London:                      #0       
INFO [04-30|00:40:29.134]  - Arrow Glacier:               #0       
INFO [04-30|00:40:29.134]  - Gray Glacier:                #0       
INFO [04-30|00:40:29.134] 
INFO [04-30|00:40:29.134] Merge configured:
INFO [04-30|00:40:29.134]  - Total terminal difficulty:  0
INFO [04-30|00:40:29.134]  - Merge netsplit block:       #0       
INFO [04-30|00:40:29.134] 
INFO [04-30|00:40:29.134] Post-Merge hard forks (timestamp based):
INFO [04-30|00:40:29.134]  - Shanghai:                    @0         
INFO [04-30|00:40:29.134]  - Cancun:                      @0          blob: (target: 3, max: 6, fraction: 3338477)
INFO [04-30|00:40:29.134]  - Prague:                      @0          blob: (target: 6, max: 9, fraction: 5225352)
INFO [04-30|00:40:29.134]  - Osaka:                       @0          blob: (target: 9, max: 12, fraction: 5225352)
INFO [04-30|00:40:29.134]  - Verkle:                      @0          blob: (nil)
INFO [04-30|00:40:29.134] 
INFO [04-30|00:40:29.134] All fork specifications can be found at https://ethereum.github.io/execution-specs/src/ethereum/forks/
INFO [04-30|00:40:29.134] 
INFO [04-30|00:40:29.134] ---------------------------------------------------------------------------------------------------------------------------------------------------------
INFO [04-30|00:40:29.134] 
INFO [04-30|00:40:29.135] Loaded most recent local block           number=11002 hash=e90b20..4a8dbb age=11m10s
INFO [04-30|00:40:29.135] Loaded most recent local finalized block number=10976 hash=3da6f9..f966ba age=17m17s
INFO [04-30|00:40:29.135] Initialized transaction indexer          range="last 2350000 blocks"
INFO [04-30|00:40:29.135] Initialized log indexer                  firstblock=0 lastblock=11002 firstmap=0 lastmap=3 headindexed=true
INFO [04-30|00:40:29.154] Enabled full-sync                        head=11002 hash=e90b20..4a8dbb
INFO [04-30|00:40:29.155] Unprotected transactions allowed
INFO [04-30|00:40:29.155] Gasprice oracle is ignoring threshold set threshold=2
WARN [04-30|00:40:29.155] Unclean shutdown detected                booted=2026-04-29T08:22:10+0200 age=16h18m19s
WARN [04-30|00:40:29.155] Unclean shutdown detected                booted=2026-04-29T23:46:41+0200 age=53m48s
WARN [04-30|00:40:29.155] Unclean shutdown detected                booted=2026-04-29T23:49:20+0200 age=51m9s
WARN [04-30|00:40:29.155] Unclean shutdown detected                booted=2026-04-29T23:50:23+0200 age=50m6s
INFO [04-30|00:40:29.156] Registered sync override service
WARN [04-30|00:40:29.156] You are running Geth in --dev mode. Please note the following:
WARN [04-30|00:40:29.156] 
WARN [04-30|00:40:29.156]   1. This mode is only intended for fast, iterative development without assumptions on
WARN [04-30|00:40:29.156]      security or persistence.
WARN [04-30|00:40:29.156]   2. The database is created in memory unless specified otherwise. Therefore, shutting down
WARN [04-30|00:40:29.156]      your computer or losing power will wipe your entire block data and chain state for
WARN [04-30|00:40:29.156]      your dev environment.
WARN [04-30|00:40:29.156]   3. A random, pre-allocated developer account will be available and unlocked as
WARN [04-30|00:40:29.156]      eth.coinbase, which can be used for testing. The random dev account is temporary,
WARN [04-30|00:40:29.156]      stored on a ramdisk, and will be lost if your machine is restarted.
WARN [04-30|00:40:29.156]   4. Mining is enabled by default. However, the client will only seal blocks if transactions
WARN [04-30|00:40:29.156]      are pending in the mempool. The miner's minimum accepted gas price is 1.
WARN [04-30|00:40:29.156]   5. Networking is disabled; there is no listen-address, the maximum number of peers is set
WARN [04-30|00:40:29.156]      to 0, and discovery is disabled.
WARN [04-30|00:40:29.156] 
INFO [04-30|00:40:29.156] Starting peer-to-peer node               instance=Geth/v1.17.3-unstable-7d2e7cbe-20260415/linux-amd64/go1.24.1
WARN [04-30|00:40:29.156] P2P server will be useless, neither dialing nor listening
INFO [04-30|00:40:29.161] New local node record                    seq=1,777,300,782,067 id=7b2b1a18a5d9e6d9 ip=127.0.0.1 udp=0 tcp=0
INFO [04-30|00:40:29.161] Started P2P networking                   self=enode://c8864a9bfd3b61c44e854a4678f69f18717dec204477a230feae3bea75d7354d5ded62396550f30f6df7ffb11c73e275d3183b71a6cda36e7353bb5efa6c1928@127.0.0.1:0
INFO [04-30|00:40:29.161] IPC endpoint opened                      url=/home/CPerezz/bintrie-benchmarks/mpt-vs-bintrie/dbs/bt-gd5-flat/geth.ipc
ERROR[04-30|00:40:29.161] Unavailable modules in HTTP API list     unavailable=[personal] available="[admin debug web3 eth txpool miner net dev testing]"
INFO [04-30|00:40:29.162] HTTP server started                      endpoint=[::]:8545 auth=false prefix= cors= vhosts=localhost
INFO [04-30|00:40:29.162] WebSocket enabled                        url=ws://[::]:8546
INFO [04-30|00:40:29.867] Loaded local transaction journal         transactions=13245 dropped=0
INFO [04-30|00:40:30.231] Submitted contract creation              hash=0xbffa867e9b8caad3b6c55e24822abbccced20906269a65bfc07c7a7ac7d39a46 from=0xf39Fd6e51aad88F6F4ce6aB8827279cffFb92266 nonce=835 contract=0xdcaa80371BDF9ff638851713f145Df074428Db19 value=0
INFO [04-30|00:40:30.233] Submitted transaction                    hash=0xd736ea4e4a8659b9cdd9a9871e6f229f6c805533515a2202de132c4ee968a77b from=0xf39Fd6e51aad88F6F4ce6aB8827279cffFb92266 nonce=836 recipient=0x238E461ace03A62F13eC26917B67B8d6873e3C18 value=99,235,212,697,258
INFO [04-30|00:40:30.234] Submitted contract creation              hash=0xd3c4ad3f1b2c6dcc9e9ccbecbbf07189ba53fd726d80433d938ec82b89f18a8a from=0xf39Fd6e51aad88F6F4ce6aB8827279cffFb92266 nonce=837 contract=0x427EE58a6c574032085AEB90Dd05dEea6F054930 value=0
INFO [04-30|00:40:30.236] Submitted transaction                    hash=0xf497e8531ac99ff33ef1217a74158aaf939d07adbce6cd7f9b3743a4e60cf725 from=0xf39Fd6e51aad88F6F4ce6aB8827279cffFb92266 nonce=838 recipient=0xbF58e745da87bDA047EBcF857599C17c48de3789 value=99,235,212,697,258
INFO [04-30|00:40:30.239] Submitted contract creation              hash=0x536002f5a545aab530bb3af02c787ead06e1604e75b08f767fdc7e0cef2f975e from=0xf39Fd6e51aad88F6F4ce6aB8827279cffFb92266 nonce=839 contract=0xba840136E489cB5eCf9D9988421F3a9F45e0c341 value=0
INFO [04-30|00:40:30.241] Submitted transaction                    hash=0x391eda5afc915a174967d08d9dec60a98e6b00082ee33648a8fa137c77e69e71 from=0xf39Fd6e51aad88F6F4ce6aB8827279cffFb92266 nonce=840 recipient=0x1cFacE0dbea92695c440d6b5082aDe662Ad56166 value=99,235,212,697,258
INFO [04-30|00:40:30.242] Submitted contract creation              hash=0x0743c89a4f48f8ac2eb23e90621bbf8312a441b62eee30089301131ea9b1732d from=0xf39Fd6e51aad88F6F4ce6aB8827279cffFb92266 nonce=841 contract=0xEd8D7d3A98CB4ea6C91a80dcd2220719c264531f value=0
INFO [04-30|00:40:30.244] Submitted transaction                    hash=0x815ae9d23030fa5958bc0d50f3226777632cc2cceb913bd9026e71bfef1cdae4 from=0xf39Fd6e51aad88F6F4ce6aB8827279cffFb92266 nonce=842 recipient=0xfA4AFEAa5F65AD24277E632b8DaA9a2745195757 value=99,235,212,697,258
INFO [04-30|00:40:30.246] Submitted contract creation              hash=0xda0b3ef11b66b73356a33791062d06312a3c263135b940432c6647ca292b54d9 from=0xf39Fd6e51aad88F6F4ce6aB8827279cffFb92266 nonce=843 contract=0xfD3e0cEe740271f070607aEddd0Bf4Cf99C92204 value=0
INFO [04-30|00:40:30.248] Submitted transaction                    hash=0x72f60d2e9bb6350f54b0fdd4b7d6dac5fad35bf2484302ae3843951ff4f1a281 from=0xf39Fd6e51aad88F6F4ce6aB8827279cffFb92266 nonce=844 recipient=0x5186bDD1560d64345d9aA28dEFeBeAD5E0aA194b value=99,235,212,697,258
INFO [04-30|00:40:30.250] Submitted contract creation              hash=0x1c4207996c1beec1a89e49dadf8e179ea614450b6be739af18989abcb39150ec from=0xf39Fd6e51aad88F6F4ce6aB8827279cffFb92266 nonce=845 contract=0x2ca60d89144D4cdf85dA87af4FE12aBF9265F28C value=0
INFO [04-30|00:40:30.252] Submitted transaction                    hash=0xd02c4493be404c2e7b1b132d58da64e0062acb9e3bf28b5864e6a585ca43fb12 from=0xf39Fd6e51aad88F6F4ce6aB8827279cffFb92266 nonce=846 recipient=0xBD70868515dAF6C0596e8A3E4FAB6a0e12257038 value=99,235,236,513,710
INFO [04-30|00:40:31.273] Started log indexer
INFO [04-30|00:40:31.281] Starting work on payload                 id=0x0348a6c23c9459c2
INFO [04-30|00:40:31.308] Updated payload                          id=0x0348a6c23c9459c2 number=11003 hash=688c74..c83956 txs=12 withdrawals=0 gas=502,136 fees=2.98977097e-06 root=56caf4..229880 elapsed=27.013ms
INFO [04-30|00:40:31.308] Stopping work on payload                 id=0x0348a6c23c9459c2 reason=delivery
WARN [04-30|00:40:31.318] {"level":"warn","msg":"Slow block","block":{"number":11003,"hash":"0x688c744ea6ff0c5a40c72f70498d9047bbfb72ef0aa0661d55326d2555c83956","gas_used":502136,"tx_count":12},"timing":{"execution_ms":0.520046,"state_read_ms":0.674868,"state_hash_ms":6.499174,"commit_ms":0.988415,"total_ms":9.120251},"throughput":{"mgas_per_sec":55.057256647870766},"state_reads":{"accounts":41,"storage_slots":0,"code":0,"code_bytes":0},"state_writes":{"accounts":13,"accounts_deleted":0,"storage_slots":0,"storage_slots_deleted":0,"code":6,"code_bytes":443},"cache":{"account":{"hits":29,"misses":12,"hit_rate":70.73170731707317},"storage":{"hits":0,"misses":0,"hit_rate":0},"code":{"hits":0,"misses":0,"hit_rate":0,"hit_bytes":0,"miss_bytes":0}}}
INFO [04-30|00:40:31.318] Imported new potential chain segment     number=11003 hash=688c74..c83956 blocks=1 txs=12 mgas=0.502 elapsed=9.987ms  mgasps=50.275 triediffs=1.62KiB triedirty=0.00B
INFO [04-30|00:40:31.320] Chain head was updated                   number=11003 hash=688c74..c83956 root=56caf4..229880 elapsed="929.165µs"
INFO [04-30|00:40:32.382] Submitted transaction                    hash=0x64c150070c12f379a8ff25221c2261b4c76f96a69f47270db50c25daf56ea71b from=0x238E461ace03A62F13eC26917B67B8d6873e3C18 nonce=0   recipient=0xdcaa80371BDF9ff638851713f145Df074428Db19 value=0
INFO [04-30|00:40:32.385] Submitted transaction                    hash=0xcaa4d0be3b288c6259567898aa498f49c198a863301b1cb33d0fbfb849be8ede from=0xbF58e745da87bDA047EBcF857599C17c48de3789 nonce=0   recipient=0x427EE58a6c574032085AEB90Dd05dEea6F054930 value=0
INFO [04-30|00:40:32.387] Submitted transaction                    hash=0x26c3afcee79a51a41bb0b1253c1f312476f8a83855f061368c87f8bddcffa3d2 from=0x1cFacE0dbea92695c440d6b5082aDe662Ad56166 nonce=0   recipient=0xba840136E489cB5eCf9D9988421F3a9F45e0c341 value=0
INFO [04-30|00:40:32.390] Submitted transaction                    hash=0x13742f686570e7955a6da9704e81217e67d62451b15c6774efe57adddc92ec0e from=0xfA4AFEAa5F65AD24277E632b8DaA9a2745195757 nonce=0   recipient=0xEd8D7d3A98CB4ea6C91a80dcd2220719c264531f value=0
INFO [04-30|00:40:32.393] Submitted transaction                    hash=0x955adc0e06827046ee432c6c8935e4398b017af56a0737e09f050a3e4c5a4fac from=0x5186bDD1560d64345d9aA28dEFeBeAD5E0aA194b nonce=0   recipient=0xfD3e0cEe740271f070607aEddd0Bf4Cf99C92204 value=0
INFO [04-30|00:40:32.395] Submitted transaction                    hash=0xacfb2e9b2c24f561bccd6e400ace528f4c2c74206ddedc786eba8243f043692c from=0xBD70868515dAF6C0596e8A3E4FAB6a0e12257038 nonce=0   recipient=0x2ca60d89144D4cdf85dA87af4FE12aBF9265F28C value=0
INFO [04-30|00:40:41.326] Starting work on payload                 id=0x03a12d3508b0f65d
WARN [04-30|00:40:43.344] Block building is interrupted            allowance=2s
INFO [04-30|00:40:43.346] Updated payload                          id=0x03a12d3508b0f65d number=11004 hash=52808e..393ad9 txs=2  withdrawals=0 gas=33,333,332 fees=0.0001984701921 root=ea8931..f067cf elapsed=2.019s
WARN [04-30|00:40:44.309] {"level":"warn","msg":"Slow block","block":{"number":11004,"hash":"0x52808ee1ae20a6589d574b0f206acf6f20b3ea97bbf2e5d72581979ef9393ad9","gas_used":33333332,"tx_count":2},"timing":{"execution_ms":326.15308,"state_read_ms":617.865587,"state_hash_ms":1.629282,"commit_ms":15.484164,"total_ms":961.502142},"throughput":{"mgas_per_sec":34.66797476983676},"state_reads":{"accounts":10,"storage_slots":12228,"code":3,"code_bytes":1491},"state_writes":{"accounts":3,"accounts_deleted":0,"storage_slots":0,"storage_slots_deleted":0,"code":0,"code_bytes":0},"cache":{"account":{"hits":2,"misses":8,"hit_rate":20},"storage":{"hits":6533,"misses":5695,"hit_rate":53.426561988877985},"code":{"hits":3,"misses":0,"hit_rate":100,"hit_bytes":1491,"miss_bytes":0}}}
INFO [04-30|00:40:44.309] Imported new potential chain segment     number=11004 hash=52808e..393ad9 blocks=1 txs=2  mgas=33.333 elapsed=961.918ms   mgasps=34.653 triediffs=2.00KiB triedirty=0.00B
INFO [04-30|00:40:44.310] Chain head was updated                   number=11004 hash=52808e..393ad9 root=ea8931..f067cf elapsed="126.409µs"
WARN [04-30|00:40:45.686] Block building is interrupted            allowance=2s
INFO [04-30|00:40:45.688] Stopping work on payload                 id=0x03a12d3508b0f65d reason=delivery
INFO [04-30|00:40:54.316] Starting work on payload                 id=0x035fdba5717db486
WARN [04-30|00:40:56.360] Block building is interrupted            allowance=2s
INFO [04-30|00:40:56.361] Updated payload                          id=0x035fdba5717db486 number=11005 hash=93c066..566747 txs=3  withdrawals=0 gas=49,999,998 fees=0.0002977052881 root=b4f6cc..3a7d44 elapsed=2.045s
WARN [04-30|00:40:57.580] {"level":"warn","msg":"Slow block","block":{"number":11005,"hash":"0x93c066a0c10565c6d12343077bcb72437c0f2d507f192452f7b151d167566747","gas_used":49999998,"tx_count":3},"timing":{"execution_ms":418.386182,"state_read_ms":772.337368,"state_hash_ms":0.822015,"commit_ms":25.867398,"total_ms":1217.874831},"throughput":{"mgas_per_sec":41.05512054875531},"state_reads":{"accounts":12,"storage_slots":18342,"code":4,"code_bytes":1566},"state_writes":{"accounts":4,"accounts_deleted":0,"storage_slots":0,"storage_slots_deleted":0,"code":0,"code_bytes":0},"cache":{"account":{"hits":5,"misses":7,"hit_rate":41.66666666666667},"storage":{"hits":12609,"misses":5733,"hit_rate":68.74386653581944},"code":{"hits":4,"misses":0,"hit_rate":100,"hit_bytes":1566,"miss_bytes":0}}}
INFO [04-30|00:40:57.580] Imported new potential chain segment     number=11005 hash=93c066..566747 blocks=1 txs=3  mgas=50.000 elapsed=1.218s      mgasps=41.046 triediffs=2.50KiB triedirty=0.00B
INFO [04-30|00:40:57.581] Chain head was updated                   number=11005 hash=93c066..566747 root=b4f6cc..3a7d44 elapsed="52.22µs"
WARN [04-30|00:40:58.367] Block building is interrupted            allowance=2s
INFO [04-30|00:40:58.368] Stopping work on payload                 id=0x035fdba5717db486 reason=delivery
INFO [04-30|00:41:07.586] Starting work on payload                 id=0x030d15e279b7ad34
INFO [04-30|00:41:08.377] Updated payload                          id=0x030d15e279b7ad34 number=11006 hash=b908f8..59dca2 txs=1  withdrawals=0 gas=16,666,670 fees=9.923511985e-05 root=3484cc..a05a96 elapsed=791.084ms
INFO [04-30|00:41:08.377] Stopping work on payload                 id=0x030d15e279b7ad34 reason=delivery
WARN [04-30|00:41:09.003] {"level":"warn","msg":"Slow block","block":{"number":11006,"hash":"0xb908f8fb637a53300f68b05b0b8de1a16a53070b820a5e3e8bf75569ab59dca2","gas_used":16666670,"tx_count":1},"timing":{"execution_ms":180.538551,"state_read_ms":434.244387,"state_hash_ms":1.432362,"commit_ms":8.535483,"total_ms":625.138562},"throughput":{"mgas_per_sec":26.66076133054163},"state_reads":{"accounts":8,"storage_slots":6114,"code":2,"code_bytes":1418},"state_writes":{"accounts":2,"accounts_deleted":0,"storage_slots":0,"storage_slots_deleted":0,"code":0,"code_bytes":0},"cache":{"account":{"hits":4,"misses":4,"hit_rate":50},"storage":{"hits":820,"misses":5294,"hit_rate":13.411841674844618},"code":{"hits":2,"misses":0,"hit_rate":100,"hit_bytes":1418,"miss_bytes":0}}}
INFO [04-30|00:41:09.003] Imported new potential chain segment     number=11006 hash=b908f8..59dca2 blocks=1 txs=1  mgas=16.667 elapsed=625.335ms   mgasps=26.652 triediffs=2.75KiB triedirty=0.00B
INFO [04-30|00:41:09.004] Chain head was updated                   number=11006 hash=b908f8..59dca2 root=3484cc..a05a96 elapsed="62.889µs"
