INFO [04-30|00:44:54.436] Starting Geth on Ethereum mainnet...
INFO [04-30|00:44:54.437] Maximum peer count                       ETH=0 total=0
INFO [04-30|00:44:54.438] Smartcard socket not found, disabling    err="stat /run/pcscd/pcscd.comm: no such file or directory"
WARN [04-30|00:44:54.439] Option --miner.etherbase is deprecated as the etherbase is set by the consensus client post-merge
WARN [04-30|00:44:54.440] Snap sync requested, resetting --cache.snapshot
INFO [04-30|00:44:54.440] Global gas cap disabled
INFO [04-30|00:44:55.083] Using developer account                  address=0xf39Fd6e51aad88F6F4ce6aB8827279cffFb92266
INFO [04-30|00:44:55.275] Using pebble as the backing database
INFO [04-30|00:44:55.275] Allocated cache and file handles         database=/home/CPerezz/bintrie-benchmarks/mpt-vs-bintrie/dbs/bt-gd5-flat/geth/chaindata cache=16.00MiB handles=524,288
INFO [04-30|00:44:56.543] Opened ancient database                  database=/home/CPerezz/bintrie-benchmarks/mpt-vs-bintrie/dbs/bt-gd5-flat/geth/chaindata/ancient/chain readonly=true
INFO [04-30|00:44:56.543] Opened Era store                         datadir=/home/CPerezz/bintrie-benchmarks/mpt-vs-bintrie/dbs/bt-gd5-flat/geth/chaindata/ancient/chain/era
INFO [04-30|00:44:56.560] Initializing the KZG library             backend=gokzg
INFO [04-30|00:44:56.560] Allocated trie memory caches             clean=0.00B dirty=0.00B
INFO [04-30|00:44:56.649] Using pebble as the backing database
INFO [04-30|00:44:56.649] Allocated cache and file handles         database=/home/CPerezz/bintrie-benchmarks/mpt-vs-bintrie/dbs/bt-gd5-flat/geth/chaindata cache=16.00MiB handles=524,288
INFO [04-30|00:44:58.150] Opened ancient database                  database=/home/CPerezz/bintrie-benchmarks/mpt-vs-bintrie/dbs/bt-gd5-flat/geth/chaindata/ancient/chain readonly=false
INFO [04-30|00:44:58.150] Opened Era store                         datadir=/home/CPerezz/bintrie-benchmarks/mpt-vs-bintrie/dbs/bt-gd5-flat/geth/chaindata/ancient/chain/era
INFO [04-30|00:44:58.152] State scheme set to already existing     scheme=path
INFO [04-30|00:44:58.152] Initialising Ethereum protocol           network=1337 dbversion=9
INFO [04-30|00:44:58.152] Load database journal from file          path=/home/CPerezz/bintrie-benchmarks/mpt-vs-bintrie/dbs/bt-gd5-flat/geth/triedb/verkle.journal
INFO [04-30|00:44:58.183] Opened ancient database                  database=/home/CPerezz/bintrie-benchmarks/mpt-vs-bintrie/dbs/bt-gd5-flat/geth/chaindata/ancient/state_verkle readonly=false
INFO [04-30|00:44:58.183] Initialized path database                triecache=0.00B statecache=0.00B buffer=0.00B state-history="last 90000 blocks" journal-dir=/home/CPerezz/bintrie-benchmarks/mpt-vs-bintrie/dbs/bt-gd5-flat/geth/triedb verkle=true
INFO [04-30|00:44:58.183] 
INFO [04-30|00:44:58.184] ---------------------------------------------------------------------------------------------------------------------------------------------------------
INFO [04-30|00:44:58.184] Chain ID:  1337 (unknown)
INFO [04-30|00:44:58.184] Consensus: unknown
INFO [04-30|00:44:58.184] 
INFO [04-30|00:44:58.184] Pre-Merge hard forks (block based):
INFO [04-30|00:44:58.184]  - Homestead:                   #0       
INFO [04-30|00:44:58.184]  - Tangerine Whistle (EIP 150): #0       
INFO [04-30|00:44:58.184]  - Spurious Dragon/1 (EIP 155): #0       
INFO [04-30|00:44:58.184]  - Spurious Dragon/2 (EIP 158): #0       
INFO [04-30|00:44:58.184]  - Byzantium:                   #0       
INFO [04-30|00:44:58.184]  - Constantinople:              #0       
INFO [04-30|00:44:58.184]  - Petersburg:                  #0       
INFO [04-30|00:44:58.184]  - Istanbul:                    #0       
INFO [04-30|00:44:58.184]  - Muir Glacier:                #0       
INFO [04-30|00:44:58.184]  - Berlin:                      #0       
INFO [04-30|00:44:58.184]  - London:                      #0       
INFO [04-30|00:44:58.184]  - Arrow Glacier:               #0       
INFO [04-30|00:44:58.184]  - Gray Glacier:                #0       
INFO [04-30|00:44:58.184] 
INFO [04-30|00:44:58.184] Merge configured:
INFO [04-30|00:44:58.184]  - Total terminal difficulty:  0
INFO [04-30|00:44:58.184]  - Merge netsplit block:       #0       
INFO [04-30|00:44:58.184] 
INFO [04-30|00:44:58.184] Post-Merge hard forks (timestamp based):
INFO [04-30|00:44:58.184]  - Shanghai:                    @0         
INFO [04-30|00:44:58.184]  - Cancun:                      @0          blob: (target: 3, max: 6, fraction: 3338477)
INFO [04-30|00:44:58.184]  - Prague:                      @0          blob: (target: 6, max: 9, fraction: 5225352)
INFO [04-30|00:44:58.184]  - Osaka:                       @0          blob: (target: 9, max: 12, fraction: 5225352)
INFO [04-30|00:44:58.184]  - Verkle:                      @0          blob: (nil)
INFO [04-30|00:44:58.184] 
INFO [04-30|00:44:58.184] All fork specifications can be found at https://ethereum.github.io/execution-specs/src/ethereum/forks/
INFO [04-30|00:44:58.184] 
INFO [04-30|00:44:58.184] ---------------------------------------------------------------------------------------------------------------------------------------------------------
INFO [04-30|00:44:58.184] 
INFO [04-30|00:44:58.184] Loaded most recent local block           number=11025 hash=de623b..2fc436 age=9s
INFO [04-30|00:44:58.184] Loaded most recent local finalized block number=11008 hash=04ebb1..903e7b age=3m29s
INFO [04-30|00:44:58.184] Initialized transaction indexer          range="last 2350000 blocks"
INFO [04-30|00:44:58.185] Initialized log indexer                  firstblock=0 lastblock=11025 firstmap=0 lastmap=3 headindexed=true
INFO [04-30|00:44:58.200] Enabled full-sync                        head=11025 hash=de623b..2fc436
INFO [04-30|00:44:58.201] Unprotected transactions allowed
INFO [04-30|00:44:58.201] Gasprice oracle is ignoring threshold set threshold=2
WARN [04-30|00:44:58.201] Unclean shutdown detected                booted=2026-04-29T08:22:10+0200 age=16h22m48s
WARN [04-30|00:44:58.201] Unclean shutdown detected                booted=2026-04-29T23:46:41+0200 age=58m17s
WARN [04-30|00:44:58.201] Unclean shutdown detected                booted=2026-04-29T23:49:20+0200 age=55m38s
WARN [04-30|00:44:58.201] Unclean shutdown detected                booted=2026-04-29T23:50:23+0200 age=54m35s
INFO [04-30|00:44:58.201] Registered sync override service
WARN [04-30|00:44:58.201] You are running Geth in --dev mode. Please note the following:
WARN [04-30|00:44:58.201] 
WARN [04-30|00:44:58.201]   1. This mode is only intended for fast, iterative development without assumptions on
WARN [04-30|00:44:58.201]      security or persistence.
WARN [04-30|00:44:58.201]   2. The database is created in memory unless specified otherwise. Therefore, shutting down
WARN [04-30|00:44:58.201]      your computer or losing power will wipe your entire block data and chain state for
WARN [04-30|00:44:58.201]      your dev environment.
WARN [04-30|00:44:58.201]   3. A random, pre-allocated developer account will be available and unlocked as
WARN [04-30|00:44:58.201]      eth.coinbase, which can be used for testing. The random dev account is temporary,
WARN [04-30|00:44:58.201]      stored on a ramdisk, and will be lost if your machine is restarted.
WARN [04-30|00:44:58.201]   4. Mining is enabled by default. However, the client will only seal blocks if transactions
WARN [04-30|00:44:58.201]      are pending in the mempool. The miner's minimum accepted gas price is 1.
WARN [04-30|00:44:58.201]   5. Networking is disabled; there is no listen-address, the maximum number of peers is set
WARN [04-30|00:44:58.201]      to 0, and discovery is disabled.
WARN [04-30|00:44:58.201] 
INFO [04-30|00:44:58.201] Starting peer-to-peer node               instance=Geth/v1.17.3-unstable-7d2e7cbe-20260415/linux-amd64/go1.24.1
WARN [04-30|00:44:58.201] P2P server will be useless, neither dialing nor listening
INFO [04-30|00:44:58.218] IPC endpoint opened                      url=/home/CPerezz/bintrie-benchmarks/mpt-vs-bintrie/dbs/bt-gd5-flat/geth.ipc
ERROR[04-30|00:44:58.218] Unavailable modules in HTTP API list     unavailable=[personal] available="[admin debug web3 eth txpool miner net dev testing]"
INFO [04-30|00:44:58.218] New local node record                    seq=1,777,300,782,074 id=7b2b1a18a5d9e6d9 ip=127.0.0.1 udp=0 tcp=0
INFO [04-30|00:44:58.218] Started P2P networking                   self=enode://c8864a9bfd3b61c44e854a4678f69f18717dec204477a230feae3bea75d7354d5ded62396550f30f6df7ffb11c73e275d3183b71a6cda36e7353bb5efa6c1928@127.0.0.1:0
INFO [04-30|00:44:58.219] HTTP server started                      endpoint=[::]:8545 auth=false prefix= cors= vhosts=localhost
INFO [04-30|00:44:58.219] WebSocket enabled                        url=ws://[::]:8546
INFO [04-30|00:44:58.870] Loaded local transaction journal         transactions=13371 dropped=0
INFO [04-30|00:44:59.382] Submitted contract creation              hash=0x202b134ee3420abb98adefdcf3f27e5d604640a86d5f3396753a9d3c521d7d8c from=0xf39Fd6e51aad88F6F4ce6aB8827279cffFb92266 nonce=919 contract=0xe3e4631D734e4b3F900AfcC396440641Ed0df339 value=0
INFO [04-30|00:44:59.384] Submitted transaction                    hash=0xa37dbee23c8fedce58d97f52ba828878c69c6b1479f0239139414719eaff59a1 from=0xf39Fd6e51aad88F6F4ce6aB8827279cffFb92266 nonce=920 recipient=0x1A0C11fFF264194f7d2aA8eA9B690CF32E415F09 value=446,557,798,804,354
INFO [04-30|00:44:59.385] Submitted contract creation              hash=0x7e23592da68eecaceac87901a6062e36d02e36cdf406b8b58743253d317b61e4 from=0xf39Fd6e51aad88F6F4ce6aB8827279cffFb92266 nonce=921 contract=0xDf795df2e0ad240a82d773DA01a812B96345F9C5 value=0
INFO [04-30|00:44:59.387] Submitted transaction                    hash=0x56d6aa71c42d2e1ad7ed4a1eb408c7a0d5f555469f64d87e0d9384331c2af1c0 from=0xf39Fd6e51aad88F6F4ce6aB8827279cffFb92266 nonce=922 recipient=0xac1049e22372c24b6f388F98fbEC070C548De302 value=446,557,798,804,354
INFO [04-30|00:44:59.389] Submitted contract creation              hash=0xbca59d22cef2ba1ab835044478915d933892c02e03af519a0e8c210e0e5ea381 from=0xf39Fd6e51aad88F6F4ce6aB8827279cffFb92266 nonce=923 contract=0x26320DE63415e5AAf2BA617D97C39444eDb6F741 value=0
INFO [04-30|00:44:59.390] Submitted transaction                    hash=0x5f46ed0f03d4f6eaa252aaf025e1523a926725d79093d41e086ebf88575be63c from=0xf39Fd6e51aad88F6F4ce6aB8827279cffFb92266 nonce=924 recipient=0xbC66216CfD5D5e5b0B5ADd06F43d923De21cE94D value=446,557,798,804,354
INFO [04-30|00:44:59.392] Submitted contract creation              hash=0x82aeba326259f5834ec09fbfaad41f35db25cb47bedf4115daacb9484040d33c from=0xf39Fd6e51aad88F6F4ce6aB8827279cffFb92266 nonce=925 contract=0x2550d6424b46f78F4E31F1CCf88Da26dda7826C6 value=0
INFO [04-30|00:44:59.393] Submitted transaction                    hash=0x0e33da9711a73964e313ef058d539f294bb8330e9a16bdde04a3cf0e4575eefc from=0xf39Fd6e51aad88F6F4ce6aB8827279cffFb92266 nonce=926 recipient=0x29fD116aE353AB70fa3f34A210073B97e28930aB value=446,557,798,804,354
INFO [04-30|00:44:59.394] Submitted contract creation              hash=0x528bd131f75fa72b3220be1d00d466df45966e44e88b7d190c8668ce3315f76c from=0xf39Fd6e51aad88F6F4ce6aB8827279cffFb92266 nonce=927 contract=0x335796f7A0F72368D1588839e38f163d90C92C80 value=0
INFO [04-30|00:44:59.396] Submitted transaction                    hash=0x49d02bd1a600dce0c1fcfc83d3bfbcbde18e1d91450219329b034ab165851a88 from=0xf39Fd6e51aad88F6F4ce6aB8827279cffFb92266 nonce=928 recipient=0x66e6C5AE4e0b6597046C985Ace15A9a9F36A2Efd value=446,557,798,804,354
INFO [04-30|00:44:59.398] Submitted contract creation              hash=0x2c6197c76620affe10854e71f1523c49b7d01f17effb8619203e5f05c4803f5e from=0xf39Fd6e51aad88F6F4ce6aB8827279cffFb92266 nonce=929 contract=0x97915c43511f8cB4Fbe7Ea03B96EEe940eC4AF12 value=0
INFO [04-30|00:44:59.399] Submitted transaction                    hash=0xb8a24f7b576d2b56437397d4105c7334b381d57321a4b7b10f08f0f69fef0f18 from=0xf39Fd6e51aad88F6F4ce6aB8827279cffFb92266 nonce=930 recipient=0xd183b01D705970238A1a3dB29E62BCFb021cA0bA value=446,557,905,978,230
INFO [04-30|00:45:00.150] Started log indexer
INFO [04-30|00:45:00.156] Starting work on payload                 id=0x036176e64d75027c
INFO [04-30|00:45:00.183] Updated payload                          id=0x036176e64d75027c number=11026 hash=578035..ddc3df txs=12 withdrawals=0 gas=502,136 fees=1.345396183e-05 root=cbceac..9f0aa8 elapsed=26.542ms
INFO [04-30|00:45:00.183] Stopping work on payload                 id=0x036176e64d75027c reason=delivery
WARN [04-30|00:45:00.192] {"level":"warn","msg":"Slow block","block":{"number":11026,"hash":"0x578035c99c36334ecd6df6190235202bba4fe8461d657abb2acf3545dcddc3df","gas_used":502136,"tx_count":12},"timing":{"execution_ms":0.187179,"state_read_ms":0.506087,"state_hash_ms":6.598443,"commit_ms":0.862455,"total_ms":8.471543},"throughput":{"mgas_per_sec":59.27326344209077},"state_reads":{"accounts":41,"storage_slots":0,"code":0,"code_bytes":0},"state_writes":{"accounts":13,"accounts_deleted":0,"storage_slots":0,"storage_slots_deleted":0,"code":6,"code_bytes":443},"cache":{"account":{"hits":29,"misses":12,"hit_rate":70.73170731707317},"storage":{"hits":0,"misses":0,"hit_rate":0},"code":{"hits":0,"misses":0,"hit_rate":0,"hit_bytes":0,"miss_bytes":0}}}
INFO [04-30|00:45:00.193] Imported new potential chain segment     number=11026 hash=578035..ddc3df blocks=1 txs=12 mgas=0.502 elapsed=9.547ms  mgasps=52.596 triediffs=1.62KiB triedirty=0.00B
INFO [04-30|00:45:00.194] Chain head was updated                   number=11026 hash=578035..ddc3df root=cbceac..9f0aa8 elapsed="832.975µs"
INFO [04-30|00:45:00.457] Submitted transaction                    hash=0x3b0d785aa6dd87ba89a29067cb8d54f93f073606946c226d4c15d918c91beb63 from=0x1A0C11fFF264194f7d2aA8eA9B690CF32E415F09 nonce=0   recipient=0xe3e4631D734e4b3F900AfcC396440641Ed0df339 value=0
INFO [04-30|00:45:00.459] Submitted transaction                    hash=0x371dc8a608441dc0ba8576a122f197b02f0dfee99ee69c05a61a699f1507bef1 from=0xac1049e22372c24b6f388F98fbEC070C548De302 nonce=0   recipient=0xDf795df2e0ad240a82d773DA01a812B96345F9C5 value=0
INFO [04-30|00:45:00.462] Submitted transaction                    hash=0x4b5f44cca0c3abe88f039ed0cb45c1e9cb6e9e9cf46c54dfe38feab03052e53c from=0xbC66216CfD5D5e5b0B5ADd06F43d923De21cE94D nonce=0   recipient=0x26320DE63415e5AAf2BA617D97C39444eDb6F741 value=0
INFO [04-30|00:45:00.465] Submitted transaction                    hash=0x089ea234fcf370776062ecece0627af9f0b89c30066bd7537a58c6b0346ea7e1 from=0x29fD116aE353AB70fa3f34A210073B97e28930aB nonce=0   recipient=0x2550d6424b46f78F4E31F1CCf88Da26dda7826C6 value=0
INFO [04-30|00:45:00.468] Submitted transaction                    hash=0xa924a8ad861cde6ce7e2a6a608da29e9c4825b6b11e1c2339fcf6a741685db03 from=0x66e6C5AE4e0b6597046C985Ace15A9a9F36A2Efd nonce=0   recipient=0x335796f7A0F72368D1588839e38f163d90C92C80 value=0
INFO [04-30|00:45:00.470] Submitted transaction                    hash=0x5db5106e9f7671a56d73b50aca0fe3af6399b1ab5d0467c8b4fe361927b0d013 from=0xd183b01D705970238A1a3dB29E62BCFb021cA0bA nonce=0   recipient=0x97915c43511f8cB4Fbe7Ea03B96EEe940eC4AF12 value=0
INFO [04-30|00:45:10.201] Starting work on payload                 id=0x0342bd6b85914f45
WARN [04-30|00:45:12.417] Block building is interrupted            allowance=2s
INFO [04-30|00:45:12.419] Updated payload                          id=0x0342bd6b85914f45 number=11027 hash=7c71c0..c636dc txs=5  withdrawals=0 gas=83,333,330 fees=0.002232788411  root=0d7f6c..76cf6a elapsed=2.218s
WARN [04-30|00:45:14.483] {"level":"warn","msg":"Slow block","block":{"number":11027,"hash":"0x7c71c04a1094dbcf9d13404ff7013edbb66e4a8a7a5a1d67f5381af828c636dc","gas_used":83333330,"tx_count":5},"timing":{"execution_ms":812.908629,"state_read_ms":1210.781819,"state_hash_ms":2.015169,"commit_ms":36.269364,"total_ms":2062.392289},"throughput":{"mgas_per_sec":40.406148939010116},"state_reads":{"accounts":16,"storage_slots":30570,"code":6,"code_bytes":1713},"state_writes":{"accounts":6,"accounts_deleted":0,"storage_slots":0,"storage_slots_deleted":0,"code":0,"code_bytes":0},"cache":{"account":{"hits":12,"misses":4,"hit_rate":75},"storage":{"hits":24977,"misses":5593,"hit_rate":81.70428524697417},"code":{"hits":6,"misses":0,"hit_rate":100,"hit_bytes":1713,"miss_bytes":0}}}
INFO [04-30|00:45:14.483] Imported new potential chain segment     number=11027 hash=7c71c0..c636dc blocks=1 txs=5  mgas=83.333 elapsed=2.062s      mgasps=40.397 triediffs=2.38KiB triedirty=0.00B
INFO [04-30|00:45:14.485] Chain head was updated                   number=11027 hash=7c71c0..c636dc root=0d7f6c..76cf6a elapsed="133.019µs"
WARN [04-30|00:45:14.574] Block building is interrupted            allowance=2s
INFO [04-30|00:45:14.576] Stopping work on payload                 id=0x0342bd6b85914f45 reason=delivery
INFO [04-30|00:45:24.491] Starting work on payload                 id=0x03e2c7f3980052a3
INFO [04-30|00:45:24.936] Updated payload                          id=0x03e2c7f3980052a3 number=11028 hash=357a28..560dc8 txs=1  withdrawals=0 gas=16,666,670 fees=0.0004465577893 root=f894bd..56e923 elapsed=444.902ms
INFO [04-30|00:45:24.936] Stopping work on payload                 id=0x03e2c7f3980052a3 reason=delivery
WARN [04-30|00:45:25.674] {"level":"warn","msg":"Slow block","block":{"number":11028,"hash":"0x357a28409d1459d52fc1d1feeeb719060baa44b9af311ba39223ff36ef560dc8","gas_used":16666670,"tx_count":1},"timing":{"execution_ms":192.642113,"state_read_ms":534.55459,"state_hash_ms":1.39167,"commit_ms":7.224739,"total_ms":736.187562},"throughput":{"mgas_per_sec":22.639162708375125},"state_reads":{"accounts":8,"storage_slots":6114,"code":2,"code_bytes":1418},"state_writes":{"accounts":2,"accounts_deleted":0,"storage_slots":0,"storage_slots_deleted":0,"code":0,"code_bytes":0},"cache":{"account":{"hits":4,"misses":4,"hit_rate":50},"storage":{"hits":671,"misses":5443,"hit_rate":10.974811907098463},"code":{"hits":2,"misses":0,"hit_rate":100,"hit_bytes":1418,"miss_bytes":0}}}
INFO [04-30|00:45:25.674] Imported new potential chain segment     number=11028 hash=357a28..560dc8 blocks=1 txs=1  mgas=16.667 elapsed=736.504ms   mgasps=22.629 triediffs=2.62KiB triedirty=0.00B
INFO [04-30|00:45:25.675] Chain head was updated                   number=11028 hash=357a28..560dc8 root=f894bd..56e923 elapsed="73.38µs"
