INFO [04-30|00:50:53.378] Starting Geth on Ethereum mainnet...
INFO [04-30|00:50:53.379] Maximum peer count                       ETH=0 total=0
INFO [04-30|00:50:53.380] Smartcard socket not found, disabling    err="stat /run/pcscd/pcscd.comm: no such file or directory"
WARN [04-30|00:50:53.381] Option --miner.etherbase is deprecated as the etherbase is set by the consensus client post-merge
WARN [04-30|00:50:53.383] Snap sync requested, resetting --cache.snapshot
INFO [04-30|00:50:53.383] Global gas cap disabled
INFO [04-30|00:50:54.030] Using developer account                  address=0xf39Fd6e51aad88F6F4ce6aB8827279cffFb92266
INFO [04-30|00:50:54.221] Using pebble as the backing database
INFO [04-30|00:50:54.221] Allocated cache and file handles         database=/home/CPerezz/bintrie-benchmarks/mpt-vs-bintrie/dbs/bt-gd5-flat/geth/chaindata cache=16.00MiB handles=524,288
INFO [04-30|00:50:55.513] Opened ancient database                  database=/home/CPerezz/bintrie-benchmarks/mpt-vs-bintrie/dbs/bt-gd5-flat/geth/chaindata/ancient/chain readonly=true
INFO [04-30|00:50:55.513] Opened Era store                         datadir=/home/CPerezz/bintrie-benchmarks/mpt-vs-bintrie/dbs/bt-gd5-flat/geth/chaindata/ancient/chain/era
INFO [04-30|00:50:55.530] Initializing the KZG library             backend=gokzg
INFO [04-30|00:50:55.531] Allocated trie memory caches             clean=0.00B dirty=0.00B
INFO [04-30|00:50:55.619] Using pebble as the backing database
INFO [04-30|00:50:55.619] Allocated cache and file handles         database=/home/CPerezz/bintrie-benchmarks/mpt-vs-bintrie/dbs/bt-gd5-flat/geth/chaindata cache=16.00MiB handles=524,288
INFO [04-30|00:50:57.162] Opened ancient database                  database=/home/CPerezz/bintrie-benchmarks/mpt-vs-bintrie/dbs/bt-gd5-flat/geth/chaindata/ancient/chain readonly=false
INFO [04-30|00:50:57.162] Opened Era store                         datadir=/home/CPerezz/bintrie-benchmarks/mpt-vs-bintrie/dbs/bt-gd5-flat/geth/chaindata/ancient/chain/era
INFO [04-30|00:50:57.164] State scheme set to already existing     scheme=path
INFO [04-30|00:50:57.164] Initialising Ethereum protocol           network=1337 dbversion=9
INFO [04-30|00:50:57.165] Load database journal from file          path=/home/CPerezz/bintrie-benchmarks/mpt-vs-bintrie/dbs/bt-gd5-flat/geth/triedb/verkle.journal
INFO [04-30|00:50:57.200] Opened ancient database                  database=/home/CPerezz/bintrie-benchmarks/mpt-vs-bintrie/dbs/bt-gd5-flat/geth/chaindata/ancient/state_verkle readonly=false
INFO [04-30|00:50:57.201] Initialized path database                triecache=0.00B statecache=0.00B buffer=0.00B state-history="last 90000 blocks" journal-dir=/home/CPerezz/bintrie-benchmarks/mpt-vs-bintrie/dbs/bt-gd5-flat/geth/triedb verkle=true
INFO [04-30|00:50:57.201] 
INFO [04-30|00:50:57.201] ---------------------------------------------------------------------------------------------------------------------------------------------------------
INFO [04-30|00:50:57.201] Chain ID:  1337 (unknown)
INFO [04-30|00:50:57.201] Consensus: unknown
INFO [04-30|00:50:57.201] 
INFO [04-30|00:50:57.201] Pre-Merge hard forks (block based):
INFO [04-30|00:50:57.201]  - Homestead:                   #0       
INFO [04-30|00:50:57.201]  - Tangerine Whistle (EIP 150): #0       
INFO [04-30|00:50:57.201]  - Spurious Dragon/1 (EIP 155): #0       
INFO [04-30|00:50:57.201]  - Spurious Dragon/2 (EIP 158): #0       
INFO [04-30|00:50:57.201]  - Byzantium:                   #0       
INFO [04-30|00:50:57.201]  - Constantinople:              #0       
INFO [04-30|00:50:57.201]  - Petersburg:                  #0       
INFO [04-30|00:50:57.201]  - Istanbul:                    #0       
INFO [04-30|00:50:57.201]  - Muir Glacier:                #0       
INFO [04-30|00:50:57.201]  - Berlin:                      #0       
INFO [04-30|00:50:57.201]  - London:                      #0       
INFO [04-30|00:50:57.201]  - Arrow Glacier:               #0       
INFO [04-30|00:50:57.201]  - Gray Glacier:                #0       
INFO [04-30|00:50:57.201] 
INFO [04-30|00:50:57.201] Merge configured:
INFO [04-30|00:50:57.201]  - Total terminal difficulty:  0
INFO [04-30|00:50:57.201]  - Merge netsplit block:       #0       
INFO [04-30|00:50:57.201] 
INFO [04-30|00:50:57.201] Post-Merge hard forks (timestamp based):
INFO [04-30|00:50:57.201]  - Shanghai:                    @0         
INFO [04-30|00:50:57.201]  - Cancun:                      @0          blob: (target: 3, max: 6, fraction: 3338477)
INFO [04-30|00:50:57.201]  - Prague:                      @0          blob: (target: 6, max: 9, fraction: 5225352)
INFO [04-30|00:50:57.201]  - Osaka:                       @0          blob: (target: 9, max: 12, fraction: 5225352)
INFO [04-30|00:50:57.201]  - Verkle:                      @0          blob: (nil)
INFO [04-30|00:50:57.201] 
INFO [04-30|00:50:57.201] All fork specifications can be found at https://ethereum.github.io/execution-specs/src/ethereum/forks/
INFO [04-30|00:50:57.201] 
INFO [04-30|00:50:57.201] ---------------------------------------------------------------------------------------------------------------------------------------------------------
INFO [04-30|00:50:57.201] 
INFO [04-30|00:50:57.202] Loaded most recent local block           number=11056 hash=6c2f1a..98f64f age=12s
INFO [04-30|00:50:57.202] Loaded most recent local finalized block number=11040 hash=f618a3..5eb705 age=3m16s
INFO [04-30|00:50:57.202] Initialized transaction indexer          range="last 2350000 blocks"
INFO [04-30|00:50:57.202] Initialized log indexer                  firstblock=0 lastblock=11056 firstmap=0 lastmap=3 headindexed=true
INFO [04-30|00:50:57.213] Enabled full-sync                        head=11056 hash=6c2f1a..98f64f
INFO [04-30|00:50:57.213] Unprotected transactions allowed
INFO [04-30|00:50:57.213] Gasprice oracle is ignoring threshold set threshold=2
WARN [04-30|00:50:57.213] Unclean shutdown detected                booted=2026-04-29T08:22:10+0200 age=16h28m47s
WARN [04-30|00:50:57.213] Unclean shutdown detected                booted=2026-04-29T23:46:41+0200 age=1h4m16s
WARN [04-30|00:50:57.213] Unclean shutdown detected                booted=2026-04-29T23:49:20+0200 age=1h1m37s
WARN [04-30|00:50:57.213] Unclean shutdown detected                booted=2026-04-29T23:50:23+0200 age=1h34s
INFO [04-30|00:50:57.214] Registered sync override service
WARN [04-30|00:50:57.214] You are running Geth in --dev mode. Please note the following:
WARN [04-30|00:50:57.214] 
WARN [04-30|00:50:57.214]   1. This mode is only intended for fast, iterative development without assumptions on
WARN [04-30|00:50:57.214]      security or persistence.
WARN [04-30|00:50:57.214]   2. The database is created in memory unless specified otherwise. Therefore, shutting down
WARN [04-30|00:50:57.214]      your computer or losing power will wipe your entire block data and chain state for
WARN [04-30|00:50:57.214]      your dev environment.
WARN [04-30|00:50:57.214]   3. A random, pre-allocated developer account will be available and unlocked as
WARN [04-30|00:50:57.214]      eth.coinbase, which can be used for testing. The random dev account is temporary,
WARN [04-30|00:50:57.214]      stored on a ramdisk, and will be lost if your machine is restarted.
WARN [04-30|00:50:57.214]   4. Mining is enabled by default. However, the client will only seal blocks if transactions
WARN [04-30|00:50:57.214]      are pending in the mempool. The miner's minimum accepted gas price is 1.
WARN [04-30|00:50:57.214]   5. Networking is disabled; there is no listen-address, the maximum number of peers is set
WARN [04-30|00:50:57.214]      to 0, and discovery is disabled.
WARN [04-30|00:50:57.214] 
INFO [04-30|00:50:57.214] Starting peer-to-peer node               instance=Geth/v1.17.3-unstable-7d2e7cbe-20260415/linux-amd64/go1.24.1
WARN [04-30|00:50:57.214] P2P server will be useless, neither dialing nor listening
INFO [04-30|00:50:57.220] IPC endpoint opened                      url=/home/CPerezz/bintrie-benchmarks/mpt-vs-bintrie/dbs/bt-gd5-flat/geth.ipc
ERROR[04-30|00:50:57.220] Unavailable modules in HTTP API list     unavailable=[personal] available="[admin debug web3 eth txpool miner net dev testing]"
INFO [04-30|00:50:57.220] New local node record                    seq=1,777,300,782,087 id=7b2b1a18a5d9e6d9 ip=127.0.0.1 udp=0 tcp=0
INFO [04-30|00:50:57.220] Started P2P networking                   self=enode://c8864a9bfd3b61c44e854a4678f69f18717dec204477a230feae3bea75d7354d5ded62396550f30f6df7ffb11c73e275d3183b71a6cda36e7353bb5efa6c1928@127.0.0.1:0
INFO [04-30|00:50:57.221] HTTP server started                      endpoint=[::]:8545 auth=false prefix= cors= vhosts=localhost
INFO [04-30|00:50:57.221] WebSocket enabled                        url=ws://[::]:8546
INFO [04-30|00:50:57.911] Loaded local transaction journal         transactions=13605 dropped=0
INFO [04-30|00:50:58.359] Submitted contract creation              hash=0x031c7bcfc17037a04e2025975b48961b6fe8119d7f4f2e3fc43fbed7eea809d5 from=0xf39Fd6e51aad88F6F4ce6aB8827279cffFb92266 nonce=1075 contract=0x2bf05b061eF80b63ba3bd7c3fcC1Bb505a7b9e7C value=0
INFO [04-30|00:50:58.361] Submitted transaction                    hash=0x198ee34f3ee575040d8eaaef9cb6eb8d85aede0bf7b4058d1de708813c4af589 from=0xf39Fd6e51aad88F6F4ce6aB8827279cffFb92266 nonce=1076 recipient=0x708a918DCdedc7F4f26C0a3a06E32188B64B5517 value=2,679,348,359,492,728
INFO [04-30|00:50:58.363] Submitted contract creation              hash=0xa9c8c153a5abe50a6e2deea3554b36d2bca30b48c1ccf05897257f4ca22a815a from=0xf39Fd6e51aad88F6F4ce6aB8827279cffFb92266 nonce=1077 contract=0xe89cC665c4F246289C272c284ed8Cd3D6cdEB66d value=0
INFO [04-30|00:50:58.364] Submitted transaction                    hash=0x28abb81d816f47ed33f921b78678dccd2e9c43a8c33dbe130507f8bfef93a945 from=0xf39Fd6e51aad88F6F4ce6aB8827279cffFb92266 nonce=1078 recipient=0x22a927808BF75b47E464943DA2F100dA5ECa26A6 value=2,679,348,359,492,728
INFO [04-30|00:50:58.366] Submitted contract creation              hash=0x6843e27ff7f11a5d62b9997450799692b06cf4e86e8bb70cf448e6b5cfccdd88 from=0xf39Fd6e51aad88F6F4ce6aB8827279cffFb92266 nonce=1079 contract=0x5daD389EaCF46151b56Ab285589d51DCA167217D value=0
INFO [04-30|00:50:58.367] Submitted transaction                    hash=0x1191b545803b3289b014ed964e1add6934a61e8826ad76db5f9bbc68b14bca99 from=0xf39Fd6e51aad88F6F4ce6aB8827279cffFb92266 nonce=1080 recipient=0xeC287FCbD4315624148e03D0c38228408aaC2F45 value=2,679,348,359,492,728
INFO [04-30|00:50:58.368] Submitted contract creation              hash=0x9e267c511778f28c9f83af8f100414ac1a0dca14c2e9fa4fe08909b8bb226a9d from=0xf39Fd6e51aad88F6F4ce6aB8827279cffFb92266 nonce=1081 contract=0xc67f6C6bCc2E2810E4CED484B8Ea44C91a82b683 value=0
INFO [04-30|00:50:58.370] Submitted transaction                    hash=0xed4f941766331f46a1610866979e037633df0fb0b650f53d776a0499fd3e25ce from=0xf39Fd6e51aad88F6F4ce6aB8827279cffFb92266 nonce=1082 recipient=0x02927d26C1b00F0e6C4Ec4A962FABc697085C73A value=2,679,348,359,492,728
INFO [04-30|00:50:58.371] Submitted contract creation              hash=0x4a1680de801b1b24b1ecb68db484bba924f26efb884b88bfec31ff93640d5c14 from=0xf39Fd6e51aad88F6F4ce6aB8827279cffFb92266 nonce=1083 contract=0xcb152965e87F765eb8b5F91CEfFA59510DA1E6B4 value=0
INFO [04-30|00:50:58.373] Submitted transaction                    hash=0x8e4f6e5f365816b5c7002320b35549fe184c78ed1b1dfa582bdc85c6cf369e6b from=0xf39Fd6e51aad88F6F4ce6aB8827279cffFb92266 nonce=1084 recipient=0x5F3e943318d08a2f806EA1dC569725443064dadf value=2,679,348,359,492,728
INFO [04-30|00:50:58.375] Submitted contract creation              hash=0xa0aa932f8f540a2870919163992276dd066c231837e81427b648538c2fb41e66 from=0xf39Fd6e51aad88F6F4ce6aB8827279cffFb92266 nonce=1085 contract=0xaE13506dEAe7F82EA5c1c646d0b6693b220A4BB8 value=0
INFO [04-30|00:50:58.376] Submitted transaction                    hash=0xb6498a18d4769cf9cec9a528b95d9cfd8a0f8e6339158991275a465871de8796 from=0xf39Fd6e51aad88F6F4ce6aB8827279cffFb92266 nonce=1086 recipient=0x2332fd098f151335dB373606Cef25478a7b4b895 value=2,679,349,002,536,360
INFO [04-30|00:50:59.086] Started log indexer
INFO [04-30|00:50:59.093] Starting work on payload                 id=0x03c83a9d2699b8a0
INFO [04-30|00:50:59.119] Updated payload                          id=0x03c83a9d2699b8a0 number=11057 hash=9dffd6..ff4094 txs=12 withdrawals=0 gas=502,712 fees=8.081643406e-05 root=a8b5c3..44218e elapsed=25.929ms
INFO [04-30|00:50:59.120] Stopping work on payload                 id=0x03c83a9d2699b8a0 reason=delivery
WARN [04-30|00:50:59.130] {"level":"warn","msg":"Slow block","block":{"number":11057,"hash":"0x9dffd613b4635cd7ee00694c6cb01f397f5c2a48ee0f138f6977d26976ff4094","gas_used":502712,"tx_count":12},"timing":{"execution_ms":0.233941,"state_read_ms":0.705694,"state_hash_ms":7.894225,"commit_ms":1.004454,"total_ms":10.257973},"throughput":{"mgas_per_sec":49.006952933098965},"state_reads":{"accounts":41,"storage_slots":0,"code":0,"code_bytes":0},"state_writes":{"accounts":13,"accounts_deleted":0,"storage_slots":0,"storage_slots_deleted":0,"code":6,"code_bytes":479},"cache":{"account":{"hits":32,"misses":9,"hit_rate":78.04878048780488},"storage":{"hits":0,"misses":0,"hit_rate":0},"code":{"hits":0,"misses":0,"hit_rate":0,"hit_bytes":0,"miss_bytes":0}}}
INFO [04-30|00:50:59.130] Imported new potential chain segment     number=11057 hash=9dffd6..ff4094 blocks=1 txs=12 mgas=0.503 elapsed=10.665ms mgasps=47.133 triediffs=1.62KiB triedirty=0.00B
INFO [04-30|00:50:59.132] Chain head was updated                   number=11057 hash=9dffd6..ff4094 root=a8b5c3..44218e elapsed="846.395µs"
INFO [04-30|00:50:59.443] Submitted transaction                    hash=0x51c15e7bb7a4b256ff5ab4f5752433a920384995b48505027bd37321197710ad from=0x708a918DCdedc7F4f26C0a3a06E32188B64B5517 nonce=0    recipient=0x2bf05b061eF80b63ba3bd7c3fcC1Bb505a7b9e7C value=0
INFO [04-30|00:50:59.446] Submitted transaction                    hash=0x007bc5d41849278e8a5b4be554fd05288684ee5b067eff8f6701e19f8402a4c8 from=0x22a927808BF75b47E464943DA2F100dA5ECa26A6 nonce=0    recipient=0xe89cC665c4F246289C272c284ed8Cd3D6cdEB66d value=0
INFO [04-30|00:50:59.448] Submitted transaction                    hash=0x779fc4928609c3559cc186a809076a0628c7172671bfa750cacccb728b831559 from=0xeC287FCbD4315624148e03D0c38228408aaC2F45 nonce=0    recipient=0x5daD389EaCF46151b56Ab285589d51DCA167217D value=0
INFO [04-30|00:50:59.450] Submitted transaction                    hash=0x2d2e3b91a0b75d449508071e2693fe3d8895bab64f97ab17b1d60d1049c7f8b4 from=0x02927d26C1b00F0e6C4Ec4A962FABc697085C73A nonce=0    recipient=0xc67f6C6bCc2E2810E4CED484B8Ea44C91a82b683 value=0
INFO [04-30|00:50:59.452] Submitted transaction                    hash=0x28ffd8f91c072b67827722c66a26c5fe68f6b144f3dd2c10803c15be30ec3816 from=0x5F3e943318d08a2f806EA1dC569725443064dadf nonce=0    recipient=0xcb152965e87F765eb8b5F91CEfFA59510DA1E6B4 value=0
INFO [04-30|00:50:59.454] Submitted transaction                    hash=0x94620327b57fd1ebfee924469598bf4048555d5d41ed6559efb51a9dfde71864 from=0x2332fd098f151335dB373606Cef25478a7b4b895 nonce=0    recipient=0xaE13506dEAe7F82EA5c1c646d0b6693b220A4BB8 value=0
INFO [04-30|00:51:09.138] Starting work on payload                 id=0x03d7c327f28f6c23
INFO [04-30|00:51:11.948] Updated payload                          id=0x03d7c327f28f6c23 number=11058 hash=e5696c..9995f4 txs=6  withdrawals=0 gas=93,693,094 fees=0.01506218621   root=4db5b1..4db309 elapsed=2.809s
INFO [04-30|00:51:14.525] Stopping work on payload                 id=0x03d7c327f28f6c23 reason=delivery
WARN [04-30|00:51:14.537] {"level":"warn","msg":"Slow block","block":{"number":11058,"hash":"0xe5696cfa4b83acb27ab1b724eed7085cf3c5d3c4abec7bfd0f60b95d8e9995f4","gas_used":93693094,"tx_count":6},"timing":{"execution_ms":158.131359,"state_read_ms":196.70292,"state_hash_ms":2216.758892,"commit_ms":15.237895,"total_ms":2587.701852},"throughput":{"mgas_per_sec":36.2070668719373},"state_reads":{"accounts":18,"storage_slots":4086,"code":7,"code_bytes":1823},"state_writes":{"accounts":8,"accounts_deleted":0,"storage_slots":4086,"storage_slots_deleted":0,"code":0,"code_bytes":0},"cache":{"account":{"hits":14,"misses":4,"hit_rate":77.77777777777779},"storage":{"hits":3441,"misses":645,"hit_rate":84.2143906020558},"code":{"hits":7,"misses":0,"hit_rate":100,"hit_bytes":1823,"miss_bytes":0}}}
INFO [04-30|00:51:14.537] Imported new potential chain segment     number=11058 hash=e5696c..9995f4 blocks=1 txs=6  mgas=93.693 elapsed=2.587s      mgasps=36.203 triediffs=258.00KiB triedirty=0.00B
INFO [04-30|00:51:14.538] Chain head was updated                   number=11058 hash=e5696c..9995f4 root=4db5b1..4db309 elapsed="73.09µs"
INFO [04-30|00:51:14.871] Submitted transaction                    hash=0xde15f4825ed2daa1e23e08c8de5d805d15ef895634c4bbd1f9b0d8d944d77f71 from=0x708a918DCdedc7F4f26C0a3a06E32188B64B5517 nonce=1    recipient=0xf39Fd6e51aad88F6F4ce6aB8827279cffFb92266 value=166,960,973,833,836
INFO [04-30|00:51:14.880] Submitted transaction                    hash=0xb1c6f571b319460f8fb90a935442da73753cd5dd4e60f6f95c95bd2d5ccbe542 from=0x22a927808BF75b47E464943DA2F100dA5ECa26A6 nonce=1    recipient=0xf39Fd6e51aad88F6F4ce6aB8827279cffFb92266 value=167,362,876,103,836
INFO [04-30|00:51:14.888] Submitted transaction                    hash=0x6eb3033455292efb2855a8ae235f48b896b3ea95b6daab5760365ee5967e19f2 from=0xeC287FCbD4315624148e03D0c38228408aaC2F45 nonce=1    recipient=0xf39Fd6e51aad88F6F4ce6aB8827279cffFb92266 value=167,362,876,103,836
INFO [04-30|00:51:14.897] Submitted transaction                    hash=0x3d086f01b95dbde8fdf91e57c417f596b5aeb98f026b72a736cb07710a51c34d from=0x02927d26C1b00F0e6C4Ec4A962FABc697085C73A nonce=1    recipient=0xf39Fd6e51aad88F6F4ce6aB8827279cffFb92266 value=167,362,876,103,836
INFO [04-30|00:51:14.905] Submitted transaction                    hash=0x645a5c0bde50be4763bc30e9db51b7aa99b34bae9aefc55f358bfd4767641e3b from=0x5F3e943318d08a2f806EA1dC569725443064dadf nonce=1    recipient=0xf39Fd6e51aad88F6F4ce6aB8827279cffFb92266 value=167,362,876,103,836
INFO [04-30|00:51:14.914] Submitted transaction                    hash=0xdd5bf6e239d432cba415b888942f81a67b90436e7aba6daeae5e8021aa502598 from=0x2332fd098f151335dB373606Cef25478a7b4b895 nonce=1    recipient=0xf39Fd6e51aad88F6F4ce6aB8827279cffFb92266 value=167,363,519,147,468
INFO [04-30|00:51:24.545] Starting work on payload                 id=0x03e056f58a05b5eb
INFO [04-30|00:51:24.552] Updated payload                          id=0x03e056f58a05b5eb number=11059 hash=820b0e..a61703 txs=6  withdrawals=0 gas=126,000    fees=1.012793657e-05 root=fa8e89..85f4fe elapsed=7.131ms
INFO [04-30|00:51:24.553] Stopping work on payload                 id=0x03e056f58a05b5eb reason=delivery
WARN [04-30|00:51:24.559] {"level":"warn","msg":"Slow block","block":{"number":11059,"hash":"0x820b0ecc13b8f1222823624ee07dccdead1787e9cf5517cd08940d8af8a61703","gas_used":126000,"tx_count":6},"timing":{"execution_ms":0.166779,"state_read_ms":0.249419,"state_hash_ms":4.945012,"commit_ms":0.811595,"total_ms":6.543584},"throughput":{"mgas_per_sec":19.25550279479869},"state_reads":{"accounts":11,"storage_slots":0,"code":0,"code_bytes":0},"state_writes":{"accounts":7,"accounts_deleted":0,"storage_slots":0,"storage_slots_deleted":0,"code":0,"code_bytes":0},"cache":{"account":{"hits":4,"misses":7,"hit_rate":36.36363636363637},"storage":{"hits":0,"misses":0,"hit_rate":0},"code":{"hits":0,"misses":0,"hit_rate":0,"hit_bytes":0,"miss_bytes":0}}}
INFO [04-30|00:51:24.559] Imported new potential chain segment     number=11059 hash=820b0e..a61703 blocks=1 txs=6  mgas=0.126  elapsed=6.764ms     mgasps=18.627 triediffs=258.88KiB triedirty=0.00B
INFO [04-30|00:51:24.560] Chain head was updated                   number=11059 hash=820b0e..a61703 root=fa8e89..85f4fe elapsed="106.549µs"
