INFO [04-30|00:42:33.940] Starting Geth on Ethereum mainnet...
INFO [04-30|00:42:33.942] Maximum peer count                       ETH=0 total=0
INFO [04-30|00:42:33.943] Smartcard socket not found, disabling    err="stat /run/pcscd/pcscd.comm: no such file or directory"
WARN [04-30|00:42:33.944] Option --miner.etherbase is deprecated as the etherbase is set by the consensus client post-merge
WARN [04-30|00:42:33.945] Snap sync requested, resetting --cache.snapshot
INFO [04-30|00:42:33.945] Global gas cap disabled
INFO [04-30|00:42:34.638] Using developer account                  address=0xf39Fd6e51aad88F6F4ce6aB8827279cffFb92266
INFO [04-30|00:42:34.830] Using pebble as the backing database
INFO [04-30|00:42:34.830] Allocated cache and file handles         database=/home/CPerezz/bintrie-benchmarks/mpt-vs-bintrie/dbs/bt-gd5-flat/geth/chaindata cache=16.00MiB handles=524,288
INFO [04-30|00:42:36.109] Opened ancient database                  database=/home/CPerezz/bintrie-benchmarks/mpt-vs-bintrie/dbs/bt-gd5-flat/geth/chaindata/ancient/chain readonly=true
INFO [04-30|00:42:36.109] Opened Era store                         datadir=/home/CPerezz/bintrie-benchmarks/mpt-vs-bintrie/dbs/bt-gd5-flat/geth/chaindata/ancient/chain/era
INFO [04-30|00:42:36.126] Initializing the KZG library             backend=gokzg
INFO [04-30|00:42:36.127] Allocated trie memory caches             clean=0.00B dirty=0.00B
INFO [04-30|00:42:36.215] Using pebble as the backing database
INFO [04-30|00:42:36.215] Allocated cache and file handles         database=/home/CPerezz/bintrie-benchmarks/mpt-vs-bintrie/dbs/bt-gd5-flat/geth/chaindata cache=16.00MiB handles=524,288
INFO [04-30|00:42:37.786] Opened ancient database                  database=/home/CPerezz/bintrie-benchmarks/mpt-vs-bintrie/dbs/bt-gd5-flat/geth/chaindata/ancient/chain readonly=false
INFO [04-30|00:42:37.786] Opened Era store                         datadir=/home/CPerezz/bintrie-benchmarks/mpt-vs-bintrie/dbs/bt-gd5-flat/geth/chaindata/ancient/chain/era
INFO [04-30|00:42:37.788] State scheme set to already existing     scheme=path
INFO [04-30|00:42:37.788] Initialising Ethereum protocol           network=1337 dbversion=9
INFO [04-30|00:42:37.788] Load database journal from file          path=/home/CPerezz/bintrie-benchmarks/mpt-vs-bintrie/dbs/bt-gd5-flat/geth/triedb/verkle.journal
INFO [04-30|00:42:37.849] Opened ancient database                  database=/home/CPerezz/bintrie-benchmarks/mpt-vs-bintrie/dbs/bt-gd5-flat/geth/chaindata/ancient/state_verkle readonly=false
INFO [04-30|00:42:37.849] Initialized path database                triecache=0.00B statecache=0.00B buffer=0.00B state-history="last 90000 blocks" journal-dir=/home/CPerezz/bintrie-benchmarks/mpt-vs-bintrie/dbs/bt-gd5-flat/geth/triedb verkle=true
INFO [04-30|00:42:37.849] 
INFO [04-30|00:42:37.849] ---------------------------------------------------------------------------------------------------------------------------------------------------------
INFO [04-30|00:42:37.850] Chain ID:  1337 (unknown)
INFO [04-30|00:42:37.850] Consensus: unknown
INFO [04-30|00:42:37.850] 
INFO [04-30|00:42:37.850] Pre-Merge hard forks (block based):
INFO [04-30|00:42:37.850]  - Homestead:                   #0       
INFO [04-30|00:42:37.850]  - Tangerine Whistle (EIP 150): #0       
INFO [04-30|00:42:37.850]  - Spurious Dragon/1 (EIP 155): #0       
INFO [04-30|00:42:37.850]  - Spurious Dragon/2 (EIP 158): #0       
INFO [04-30|00:42:37.850]  - Byzantium:                   #0       
INFO [04-30|00:42:37.850]  - Constantinople:              #0       
INFO [04-30|00:42:37.850]  - Petersburg:                  #0       
INFO [04-30|00:42:37.850]  - Istanbul:                    #0       
INFO [04-30|00:42:37.850]  - Muir Glacier:                #0       
INFO [04-30|00:42:37.850]  - Berlin:                      #0       
INFO [04-30|00:42:37.850]  - London:                      #0       
INFO [04-30|00:42:37.850]  - Arrow Glacier:               #0       
INFO [04-30|00:42:37.850]  - Gray Glacier:                #0       
INFO [04-30|00:42:37.850] 
INFO [04-30|00:42:37.850] Merge configured:
INFO [04-30|00:42:37.850]  - Total terminal difficulty:  0
INFO [04-30|00:42:37.850]  - Merge netsplit block:       #0       
INFO [04-30|00:42:37.850] 
INFO [04-30|00:42:37.850] Post-Merge hard forks (timestamp based):
INFO [04-30|00:42:37.850]  - Shanghai:                    @0         
INFO [04-30|00:42:37.850]  - Cancun:                      @0          blob: (target: 3, max: 6, fraction: 3338477)
INFO [04-30|00:42:37.850]  - Prague:                      @0          blob: (target: 6, max: 9, fraction: 5225352)
INFO [04-30|00:42:37.850]  - Osaka:                       @0          blob: (target: 9, max: 12, fraction: 5225352)
INFO [04-30|00:42:37.850]  - Verkle:                      @0          blob: (nil)
INFO [04-30|00:42:37.850] 
INFO [04-30|00:42:37.850] All fork specifications can be found at https://ethereum.github.io/execution-specs/src/ethereum/forks/
INFO [04-30|00:42:37.850] 
INFO [04-30|00:42:37.850] ---------------------------------------------------------------------------------------------------------------------------------------------------------
INFO [04-30|00:42:37.850] 
INFO [04-30|00:42:37.851] Loaded most recent local block           number=11013 hash=e917b1..ad3463 age=9s
INFO [04-30|00:42:37.851] Loaded most recent local finalized block number=11008 hash=04ebb1..903e7b age=1m8s
INFO [04-30|00:42:37.851] Initialized transaction indexer          range="last 2350000 blocks"
INFO [04-30|00:42:37.851] Initialized log indexer                  firstblock=0 lastblock=11013 firstmap=0 lastmap=3 headindexed=true
INFO [04-30|00:42:37.855] Enabled full-sync                        head=11013 hash=e917b1..ad3463
INFO [04-30|00:42:37.855] Unprotected transactions allowed
INFO [04-30|00:42:37.855] Gasprice oracle is ignoring threshold set threshold=2
WARN [04-30|00:42:37.855] Unclean shutdown detected                booted=2026-04-29T08:22:10+0200 age=16h20m27s
WARN [04-30|00:42:37.855] Unclean shutdown detected                booted=2026-04-29T23:46:41+0200 age=55m56s
WARN [04-30|00:42:37.855] Unclean shutdown detected                booted=2026-04-29T23:49:20+0200 age=53m17s
WARN [04-30|00:42:37.855] Unclean shutdown detected                booted=2026-04-29T23:50:23+0200 age=52m14s
INFO [04-30|00:42:37.856] Registered sync override service
WARN [04-30|00:42:37.856] You are running Geth in --dev mode. Please note the following:
WARN [04-30|00:42:37.856] 
WARN [04-30|00:42:37.856]   1. This mode is only intended for fast, iterative development without assumptions on
WARN [04-30|00:42:37.856]      security or persistence.
WARN [04-30|00:42:37.856]   2. The database is created in memory unless specified otherwise. Therefore, shutting down
WARN [04-30|00:42:37.856]      your computer or losing power will wipe your entire block data and chain state for
WARN [04-30|00:42:37.856]      your dev environment.
WARN [04-30|00:42:37.856]   3. A random, pre-allocated developer account will be available and unlocked as
WARN [04-30|00:42:37.856]      eth.coinbase, which can be used for testing. The random dev account is temporary,
WARN [04-30|00:42:37.856]      stored on a ramdisk, and will be lost if your machine is restarted.
WARN [04-30|00:42:37.856]   4. Mining is enabled by default. However, the client will only seal blocks if transactions
WARN [04-30|00:42:37.856]      are pending in the mempool. The miner's minimum accepted gas price is 1.
WARN [04-30|00:42:37.856]   5. Networking is disabled; there is no listen-address, the maximum number of peers is set
WARN [04-30|00:42:37.856]      to 0, and discovery is disabled.
WARN [04-30|00:42:37.856] 
INFO [04-30|00:42:37.856] Starting peer-to-peer node               instance=Geth/v1.17.3-unstable-7d2e7cbe-20260415/linux-amd64/go1.24.1
WARN [04-30|00:42:37.856] P2P server will be useless, neither dialing nor listening
INFO [04-30|00:42:37.862] New local node record                    seq=1,777,300,782,070 id=7b2b1a18a5d9e6d9 ip=127.0.0.1 udp=0 tcp=0
INFO [04-30|00:42:37.862] Started P2P networking                   self=enode://c8864a9bfd3b61c44e854a4678f69f18717dec204477a230feae3bea75d7354d5ded62396550f30f6df7ffb11c73e275d3183b71a6cda36e7353bb5efa6c1928@127.0.0.1:0
INFO [04-30|00:42:37.862] IPC endpoint opened                      url=/home/CPerezz/bintrie-benchmarks/mpt-vs-bintrie/dbs/bt-gd5-flat/geth.ipc
ERROR[04-30|00:42:37.862] Unavailable modules in HTTP API list     unavailable=[personal] available="[admin debug web3 eth txpool miner net dev testing]"
INFO [04-30|00:42:37.864] HTTP server started                      endpoint=[::]:8545 auth=false prefix= cors= vhosts=localhost
INFO [04-30|00:42:37.864] WebSocket enabled                        url=ws://[::]:8546
INFO [04-30|00:42:38.508] Loaded local transaction journal         transactions=13299 dropped=0
INFO [04-30|00:42:38.891] Submitted contract creation              hash=0x8d5b73c33eaf32506afc1a9291f5180adcc74348014bd026d7ee7946b0ee4c43 from=0xf39Fd6e51aad88F6F4ce6aB8827279cffFb92266 nonce=871 contract=0x2098cb47B17082Ab6969FB2661f2759A9BF357c4 value=0
INFO [04-30|00:42:38.893] Submitted transaction                    hash=0x19973e84380b9d98cf138ec960053db3d6de4e0e4a7545d3207e03c0a5b87b06 from=0xf39Fd6e51aad88F6F4ce6aB8827279cffFb92266 nonce=872 recipient=0xadd8Aa903C289DAbddAfF4594EFB6fa9992A1DEe value=199,290,458,695,048
INFO [04-30|00:42:38.895] Submitted contract creation              hash=0xd86a9fa5efb0689e54257c8bc784156404023c54410ac2df5a20afad4a0ccf17 from=0xf39Fd6e51aad88F6F4ce6aB8827279cffFb92266 nonce=873 contract=0x2B07F89c9F574a890F5B8b7FddAfbBaE40f6Fde2 value=0
INFO [04-30|00:42:38.897] Submitted transaction                    hash=0xbbb99acf97abe3a606d71fac77db48a94f18dc9b4b7f5efdd148d3d542cdfaf1 from=0xf39Fd6e51aad88F6F4ce6aB8827279cffFb92266 nonce=874 recipient=0x2799A965dD4691678C55a6f33DD981Ad6B67DC65 value=199,290,458,695,048
INFO [04-30|00:42:38.899] Submitted contract creation              hash=0x6349042724153eafd5f1d94d15a3c37375813ac978ec33992649dc006be4edfa from=0xf39Fd6e51aad88F6F4ce6aB8827279cffFb92266 nonce=875 contract=0xABc84968376556B5e5B3C3bda750D091a06De536 value=0
INFO [04-30|00:42:38.901] Submitted transaction                    hash=0x5bec2f472d102af8a42cbabf8a32fb869fb0b29df4660600b4378550a11ced15 from=0xf39Fd6e51aad88F6F4ce6aB8827279cffFb92266 nonce=876 recipient=0x70F63Ba282FD54AD076449362a6e92D8BfB504Ae value=199,290,458,695,048
INFO [04-30|00:42:38.902] Submitted contract creation              hash=0x1d493771ad587471ff129995c89b33a0863feef824681b977a34e9f18103a4d3 from=0xf39Fd6e51aad88F6F4ce6aB8827279cffFb92266 nonce=877 contract=0xE55cc27460B55c8aC7E73043F38b537758C9E51e value=0
INFO [04-30|00:42:38.904] Submitted transaction                    hash=0x84335872e03281523bb5bc0a88c6417758392a3a3677709f74133ffbe92700af from=0xf39Fd6e51aad88F6F4ce6aB8827279cffFb92266 nonce=878 recipient=0xF84E02CC391a824BDD729CA39496BF4410D18C54 value=199,290,458,695,048
INFO [04-30|00:42:38.906] Submitted contract creation              hash=0x81075bf1192d5df4d1095c3341cedecfd25653ffd82c0bc65547e04af8235f2f from=0xf39Fd6e51aad88F6F4ce6aB8827279cffFb92266 nonce=879 contract=0x29e95B6bbCd23fbF66e9d8ee2029564A734560De value=0
INFO [04-30|00:42:38.908] Submitted transaction                    hash=0x1ab01325bbf2cf68be0f39b0bcd4f3906ecfe09e9b73bea7e292b05f963aa92b from=0xf39Fd6e51aad88F6F4ce6aB8827279cffFb92266 nonce=880 recipient=0xd931b1538B83977A30f09Bfae25eE14d0AA48B8a value=199,290,458,695,048
INFO [04-30|00:42:38.910] Submitted contract creation              hash=0x8e6b1870bb69ada1c88f24b85a02adfc141fac45fc2556c820df6337cdc6cfaa from=0xf39Fd6e51aad88F6F4ce6aB8827279cffFb92266 nonce=881 contract=0x3358F984e9B3CBBe976eEFE9B6fb92a214162932 value=0
INFO [04-30|00:42:38.911] Submitted transaction                    hash=0xbe1ccd45eb90b15a2a6d3402aa44150231b52a43a562beb8033407bb8aa5cbd1 from=0xf39Fd6e51aad88F6F4ce6aB8827279cffFb92266 nonce=882 recipient=0xA40551070cCcD4A11f2Cb132C7FA665C5F721C43 value=199,290,506,524,760
INFO [04-30|00:42:39.772] Started log indexer
INFO [04-30|00:42:39.776] Starting work on payload                 id=0x03e619f3a2f66457
INFO [04-30|00:42:39.801] Updated payload                          id=0x03e619f3a2f66457 number=11014 hash=47b5af..9f6180 txs=12 withdrawals=0 gas=502,136 fees=6.004251551e-06 root=5aaebf..592f96 elapsed=25.052ms
INFO [04-30|00:42:39.802] Stopping work on payload                 id=0x03e619f3a2f66457 reason=delivery
WARN [04-30|00:42:39.811] {"level":"warn","msg":"Slow block","block":{"number":11014,"hash":"0x47b5afeaad4fc3aae3d6d839c5f13ef7da743982546b06f652ed69e0be9f6180","gas_used":502136,"tx_count":12},"timing":{"execution_ms":0.3042,"state_read_ms":0.974643,"state_hash_ms":6.350865,"commit_ms":0.812985,"total_ms":8.951642},"throughput":{"mgas_per_sec":56.09428974036272},"state_reads":{"accounts":41,"storage_slots":0,"code":0,"code_bytes":0},"state_writes":{"accounts":13,"accounts_deleted":0,"storage_slots":0,"storage_slots_deleted":0,"code":6,"code_bytes":443},"cache":{"account":{"hits":32,"misses":9,"hit_rate":78.04878048780488},"storage":{"hits":0,"misses":0,"hit_rate":0},"code":{"hits":0,"misses":0,"hit_rate":0,"hit_bytes":0,"miss_bytes":0}}}
INFO [04-30|00:42:39.811] Imported new potential chain segment     number=11014 hash=47b5af..9f6180 blocks=1 txs=12 mgas=0.502 elapsed=9.281ms  mgasps=54.103 triediffs=1.62KiB triedirty=0.00B
INFO [04-30|00:42:39.812] Chain head was updated                   number=11014 hash=47b5af..9f6180 root=5aaebf..592f96 elapsed="836.635µs"
INFO [04-30|00:42:39.973] Submitted transaction                    hash=0xdeb9742faa62815cf4620c3e78f644bcfb1e9a80b41ae7a9a85eb3caaabb39ad from=0xadd8Aa903C289DAbddAfF4594EFB6fa9992A1DEe nonce=0   recipient=0x2098cb47B17082Ab6969FB2661f2759A9BF357c4 value=0
INFO [04-30|00:42:39.975] Submitted transaction                    hash=0x7cf1e1e2e68df06c878e7928f94b5db11f67acca982247d2e8639586fad3c254 from=0x2799A965dD4691678C55a6f33DD981Ad6B67DC65 nonce=0   recipient=0x2B07F89c9F574a890F5B8b7FddAfbBaE40f6Fde2 value=0
INFO [04-30|00:42:39.977] Submitted transaction                    hash=0xaa0b9f9d3084a7755e0190a066b0c7487b9aa00cc90b3265aecfba378c4f3afa from=0x70F63Ba282FD54AD076449362a6e92D8BfB504Ae nonce=0   recipient=0xABc84968376556B5e5B3C3bda750D091a06De536 value=0
INFO [04-30|00:42:39.978] Submitted transaction                    hash=0x26b0ae7ece0f116f5717d9cc91d7b893f4cb220b96234ce3af559aa1f2094e22 from=0xF84E02CC391a824BDD729CA39496BF4410D18C54 nonce=0   recipient=0xE55cc27460B55c8aC7E73043F38b537758C9E51e value=0
INFO [04-30|00:42:39.981] Submitted transaction                    hash=0x8e3769327dca0606fcc173b22edb56457426ba0afa5acf8226143b5d8ea70891 from=0xd931b1538B83977A30f09Bfae25eE14d0AA48B8a nonce=0   recipient=0x29e95B6bbCd23fbF66e9d8ee2029564A734560De value=0
INFO [04-30|00:42:39.983] Submitted transaction                    hash=0x4e0e6d7eec01a287af7a2acdec8bfed51d19010bca9e1ef913f4b9fc47407810 from=0xA40551070cCcD4A11f2Cb132C7FA665C5F721C43 nonce=0   recipient=0x3358F984e9B3CBBe976eEFE9B6fb92a214162932 value=0
INFO [04-30|00:42:49.818] Starting work on payload                 id=0x030dd6e52ba5ad61
WARN [04-30|00:42:51.979] Block building is interrupted            allowance=2s
INFO [04-30|00:42:51.981] Updated payload                          id=0x030dd6e52ba5ad61 number=11015 hash=1b1b52..3e6669 txs=5  withdrawals=0 gas=83,333,330 fees=0.0009964517101 root=ead9b6..51f24b elapsed=2.162s
WARN [04-30|00:42:54.047] Block building is interrupted            allowance=2s
INFO [04-30|00:42:54.048] Stopping work on payload                 id=0x030dd6e52ba5ad61 reason=delivery
WARN [04-30|00:42:54.062] {"level":"warn","msg":"Slow block","block":{"number":11015,"hash":"0x1b1b52e6ecfe5464bad0dfbcad96b39a8ed668a9951c4d92754a0f41923e6669","gas_used":83333330,"tx_count":5},"timing":{"execution_ms":808.12101,"state_read_ms":1227.859677,"state_hash_ms":1.70826,"commit_ms":41.452742,"total_ms":2079.577088},"throughput":{"mgas_per_sec":40.07224857441784},"state_reads":{"accounts":16,"storage_slots":30570,"code":6,"code_bytes":1713},"state_writes":{"accounts":6,"accounts_deleted":0,"storage_slots":0,"storage_slots_deleted":0,"code":0,"code_bytes":0},"cache":{"account":{"hits":9,"misses":7,"hit_rate":56.25},"storage":{"hits":24745,"misses":5825,"hit_rate":80.94537127903173},"code":{"hits":6,"misses":0,"hit_rate":100,"hit_bytes":1713,"miss_bytes":0}}}
INFO [04-30|00:42:54.062] Imported new potential chain segment     number=11015 hash=1b1b52..3e6669 blocks=1 txs=5  mgas=83.333 elapsed=2.080s      mgasps=40.063 triediffs=2.38KiB triedirty=0.00B
INFO [04-30|00:42:54.063] Chain head was updated                   number=11015 hash=1b1b52..3e6669 root=ead9b6..51f24b elapsed="100.389µs"
INFO [04-30|00:43:04.069] Starting work on payload                 id=0x037a43aedaf753c2
INFO [04-30|00:43:04.516] Updated payload                          id=0x037a43aedaf753c2 number=11016 hash=de887a..3db1c7 txs=1  withdrawals=0 gas=16,666,670 fees=0.0001992903899 root=de145d..332b65 elapsed=446.845ms
INFO [04-30|00:43:04.516] Stopping work on payload                 id=0x037a43aedaf753c2 reason=delivery
WARN [04-30|00:43:05.204] {"level":"warn","msg":"Slow block","block":{"number":11016,"hash":"0xde887a93b6f67b24c81c0139df34dfbba9b7e8188a7497d7252ef5be053db1c7","gas_used":16666670,"tx_count":1},"timing":{"execution_ms":193.564053,"state_read_ms":484.411316,"state_hash_ms":2.041239,"commit_ms":7.17996,"total_ms":687.735246},"throughput":{"mgas_per_sec":24.234136750932205},"state_reads":{"accounts":8,"storage_slots":6114,"code":2,"code_bytes":1418},"state_writes":{"accounts":2,"accounts_deleted":0,"storage_slots":0,"storage_slots_deleted":0,"code":0,"code_bytes":0},"cache":{"account":{"hits":3,"misses":5,"hit_rate":37.5},"storage":{"hits":1091,"misses":5023,"hit_rate":17.84429178933595},"code":{"hits":2,"misses":0,"hit_rate":100,"hit_bytes":1418,"miss_bytes":0}}}
INFO [04-30|00:43:05.205] Imported new potential chain segment     number=11016 hash=de887a..3db1c7 blocks=1 txs=1  mgas=16.667 elapsed=688.092ms   mgasps=24.222 triediffs=2.62KiB triedirty=0.00B
INFO [04-30|00:43:05.206] Chain head was updated                   number=11016 hash=de887a..3db1c7 root=de145d..332b65 elapsed="85.339µs"
