INFO [04-30|00:56:23.447] Starting Geth on Ethereum mainnet...
INFO [04-30|00:56:23.448] Maximum peer count                       ETH=0 total=0
INFO [04-30|00:56:23.450] Smartcard socket not found, disabling    err="stat /run/pcscd/pcscd.comm: no such file or directory"
WARN [04-30|00:56:23.451] Option --miner.etherbase is deprecated as the etherbase is set by the consensus client post-merge
WARN [04-30|00:56:23.452] Snap sync requested, resetting --cache.snapshot
INFO [04-30|00:56:23.452] Global gas cap disabled
INFO [04-30|00:56:24.095] Using developer account                  address=0xf39Fd6e51aad88F6F4ce6aB8827279cffFb92266
INFO [04-30|00:56:24.287] Using pebble as the backing database
INFO [04-30|00:56:24.287] Allocated cache and file handles         database=/home/CPerezz/bintrie-benchmarks/mpt-vs-bintrie/dbs/bt-gd5-flat/geth/chaindata cache=16.00MiB handles=524,288
INFO [04-30|00:56:25.554] Opened ancient database                  database=/home/CPerezz/bintrie-benchmarks/mpt-vs-bintrie/dbs/bt-gd5-flat/geth/chaindata/ancient/chain readonly=true
INFO [04-30|00:56:25.554] Opened Era store                         datadir=/home/CPerezz/bintrie-benchmarks/mpt-vs-bintrie/dbs/bt-gd5-flat/geth/chaindata/ancient/chain/era
INFO [04-30|00:56:25.571] Initializing the KZG library             backend=gokzg
INFO [04-30|00:56:25.574] Allocated trie memory caches             clean=0.00B dirty=0.00B
INFO [04-30|00:56:25.680] Using pebble as the backing database
INFO [04-30|00:56:25.680] Allocated cache and file handles         database=/home/CPerezz/bintrie-benchmarks/mpt-vs-bintrie/dbs/bt-gd5-flat/geth/chaindata cache=16.00MiB handles=524,288
INFO [04-30|00:56:27.345] Opened ancient database                  database=/home/CPerezz/bintrie-benchmarks/mpt-vs-bintrie/dbs/bt-gd5-flat/geth/chaindata/ancient/chain readonly=false
INFO [04-30|00:56:27.345] Opened Era store                         datadir=/home/CPerezz/bintrie-benchmarks/mpt-vs-bintrie/dbs/bt-gd5-flat/geth/chaindata/ancient/chain/era
INFO [04-30|00:56:27.347] State scheme set to already existing     scheme=path
INFO [04-30|00:56:27.348] Initialising Ethereum protocol           network=1337 dbversion=9
INFO [04-30|00:56:27.348] Load database journal from file          path=/home/CPerezz/bintrie-benchmarks/mpt-vs-bintrie/dbs/bt-gd5-flat/geth/triedb/verkle.journal
INFO [04-30|00:56:27.466] Opened ancient database                  database=/home/CPerezz/bintrie-benchmarks/mpt-vs-bintrie/dbs/bt-gd5-flat/geth/chaindata/ancient/state_verkle readonly=false
INFO [04-30|00:56:27.466] Initialized path database                triecache=0.00B statecache=0.00B buffer=0.00B state-history="last 90000 blocks" journal-dir=/home/CPerezz/bintrie-benchmarks/mpt-vs-bintrie/dbs/bt-gd5-flat/geth/triedb verkle=true
INFO [04-30|00:56:27.466] 
INFO [04-30|00:56:27.466] ---------------------------------------------------------------------------------------------------------------------------------------------------------
INFO [04-30|00:56:27.466] Chain ID:  1337 (unknown)
INFO [04-30|00:56:27.466] Consensus: unknown
INFO [04-30|00:56:27.466] 
INFO [04-30|00:56:27.466] Pre-Merge hard forks (block based):
INFO [04-30|00:56:27.467]  - Homestead:                   #0       
INFO [04-30|00:56:27.467]  - Tangerine Whistle (EIP 150): #0       
INFO [04-30|00:56:27.467]  - Spurious Dragon/1 (EIP 155): #0       
INFO [04-30|00:56:27.467]  - Spurious Dragon/2 (EIP 158): #0       
INFO [04-30|00:56:27.467]  - Byzantium:                   #0       
INFO [04-30|00:56:27.467]  - Constantinople:              #0       
INFO [04-30|00:56:27.467]  - Petersburg:                  #0       
INFO [04-30|00:56:27.467]  - Istanbul:                    #0       
INFO [04-30|00:56:27.467]  - Muir Glacier:                #0       
INFO [04-30|00:56:27.467]  - Berlin:                      #0       
INFO [04-30|00:56:27.467]  - London:                      #0       
INFO [04-30|00:56:27.467]  - Arrow Glacier:               #0       
INFO [04-30|00:56:27.467]  - Gray Glacier:                #0       
INFO [04-30|00:56:27.467] 
INFO [04-30|00:56:27.467] Merge configured:
INFO [04-30|00:56:27.467]  - Total terminal difficulty:  0
INFO [04-30|00:56:27.467]  - Merge netsplit block:       #0       
INFO [04-30|00:56:27.467] 
INFO [04-30|00:56:27.467] Post-Merge hard forks (timestamp based):
INFO [04-30|00:56:27.467]  - Shanghai:                    @0         
INFO [04-30|00:56:27.467]  - Cancun:                      @0          blob: (target: 3, max: 6, fraction: 3338477)
INFO [04-30|00:56:27.467]  - Prague:                      @0          blob: (target: 6, max: 9, fraction: 5225352)
INFO [04-30|00:56:27.467]  - Osaka:                       @0          blob: (target: 9, max: 12, fraction: 5225352)
INFO [04-30|00:56:27.467]  - Verkle:                      @0          blob: (nil)
INFO [04-30|00:56:27.467] 
INFO [04-30|00:56:27.467] All fork specifications can be found at https://ethereum.github.io/execution-specs/src/ethereum/forks/
INFO [04-30|00:56:27.467] 
INFO [04-30|00:56:27.467] ---------------------------------------------------------------------------------------------------------------------------------------------------------
INFO [04-30|00:56:27.467] 
INFO [04-30|00:56:27.467] Loaded most recent local block           number=11084 hash=2a131e..493418 age=8s
INFO [04-30|00:56:27.467] Loaded most recent local finalized block number=11072 hash=c07f59..048add age=2m34s
INFO [04-30|00:56:27.467] Initialized transaction indexer          range="last 2350000 blocks"
INFO [04-30|00:56:27.467] Initialized log indexer                  firstblock=0 lastblock=11084 firstmap=0 lastmap=3 headindexed=true
INFO [04-30|00:56:27.471] Enabled full-sync                        head=11084 hash=2a131e..493418
INFO [04-30|00:56:27.471] Unprotected transactions allowed
INFO [04-30|00:56:27.471] Gasprice oracle is ignoring threshold set threshold=2
WARN [04-30|00:56:27.472] Unclean shutdown detected                booted=2026-04-29T08:22:10+0200 age=16h34m17s
WARN [04-30|00:56:27.472] Unclean shutdown detected                booted=2026-04-29T23:46:41+0200 age=1h9m46s
WARN [04-30|00:56:27.472] Unclean shutdown detected                booted=2026-04-29T23:49:20+0200 age=1h7m7s
WARN [04-30|00:56:27.472] Unclean shutdown detected                booted=2026-04-29T23:50:23+0200 age=1h6m4s
INFO [04-30|00:56:27.472] Registered sync override service
WARN [04-30|00:56:27.472] You are running Geth in --dev mode. Please note the following:
WARN [04-30|00:56:27.472] 
WARN [04-30|00:56:27.472]   1. This mode is only intended for fast, iterative development without assumptions on
WARN [04-30|00:56:27.472]      security or persistence.
WARN [04-30|00:56:27.472]   2. The database is created in memory unless specified otherwise. Therefore, shutting down
WARN [04-30|00:56:27.472]      your computer or losing power will wipe your entire block data and chain state for
WARN [04-30|00:56:27.472]      your dev environment.
WARN [04-30|00:56:27.472]   3. A random, pre-allocated developer account will be available and unlocked as
WARN [04-30|00:56:27.472]      eth.coinbase, which can be used for testing. The random dev account is temporary,
WARN [04-30|00:56:27.472]      stored on a ramdisk, and will be lost if your machine is restarted.
WARN [04-30|00:56:27.472]   4. Mining is enabled by default. However, the client will only seal blocks if transactions
WARN [04-30|00:56:27.472]      are pending in the mempool. The miner's minimum accepted gas price is 1.
WARN [04-30|00:56:27.472]   5. Networking is disabled; there is no listen-address, the maximum number of peers is set
WARN [04-30|00:56:27.472]      to 0, and discovery is disabled.
WARN [04-30|00:56:27.472] 
INFO [04-30|00:56:27.472] Starting peer-to-peer node               instance=Geth/v1.17.3-unstable-7d2e7cbe-20260415/linux-amd64/go1.24.1
WARN [04-30|00:56:27.472] P2P server will be useless, neither dialing nor listening
INFO [04-30|00:56:27.477] IPC endpoint opened                      url=/home/CPerezz/bintrie-benchmarks/mpt-vs-bintrie/dbs/bt-gd5-flat/geth.ipc
ERROR[04-30|00:56:27.477] Unavailable modules in HTTP API list     unavailable=[personal] available="[admin debug web3 eth txpool miner net dev testing]"
INFO [04-30|00:56:27.477] New local node record                    seq=1,777,300,782,096 id=7b2b1a18a5d9e6d9 ip=127.0.0.1 udp=0 tcp=0
INFO [04-30|00:56:27.477] Started P2P networking                   self=enode://c8864a9bfd3b61c44e854a4678f69f18717dec204477a230feae3bea75d7354d5ded62396550f30f6df7ffb11c73e275d3183b71a6cda36e7353bb5efa6c1928@127.0.0.1:0
INFO [04-30|00:56:27.478] HTTP server started                      endpoint=[::]:8545 auth=false prefix= cors= vhosts=localhost
INFO [04-30|00:56:27.478] WebSocket enabled                        url=ws://[::]:8546
INFO [04-30|00:56:28.183] Loaded local transaction journal         transactions=13821 dropped=0
INFO [04-30|00:56:29.402] Submitted contract creation              hash=0x94cd37e819cf23e958af85e6a27f643163b177aa73dd82bcc36415ae442d1d26 from=0xf39Fd6e51aad88F6F4ce6aB8827279cffFb92266 nonce=1183 contract=0x455DE73b2Ddf008E53b4D274A0F0b065bB3C7023 value=0
INFO [04-30|00:56:29.404] Submitted transaction                    hash=0x7c9a9dc9408b9ded7896d7005d5b35ebd7e0a9b02a34e3374d7c8940342086c4 from=0xf39Fd6e51aad88F6F4ce6aB8827279cffFb92266 nonce=1184 recipient=0x5cfE4c58592DAab144d608226f2e19C6c35aAfE9 value=24,114,134,502,101,248
INFO [04-30|00:56:29.406] Submitted contract creation              hash=0xd2a88c5f921283a9178637ae7cedf1c547cc7be9db8d6c98ec358a3e77647dc1 from=0xf39Fd6e51aad88F6F4ce6aB8827279cffFb92266 nonce=1185 contract=0xA07d7e04b13f71e8E8a094B2477c405f255F750e value=0
INFO [04-30|00:56:29.408] Submitted transaction                    hash=0xa122f4de1e5c6dd342c3ca0980f0ec71d74426c18e1af49e2e177b7f58532580 from=0xf39Fd6e51aad88F6F4ce6aB8827279cffFb92266 nonce=1186 recipient=0x8816B9E9f2Db3338770DFda99BB411682d42D45e value=24,114,134,502,101,248
INFO [04-30|00:56:29.409] Submitted contract creation              hash=0xa71a91992faf5e938dda53c25dcb40e05febc94b3d0ae777389dbe6eb1cc59c1 from=0xf39Fd6e51aad88F6F4ce6aB8827279cffFb92266 nonce=1187 contract=0x6D02ABC5fa967B0b085083F5Cf36c24502447244 value=0
INFO [04-30|00:56:29.411] Submitted transaction                    hash=0xdf6ae419aeeb44c140fa3415960a66f6153326c86d1170466b71c343f802c9f9 from=0xf39Fd6e51aad88F6F4ce6aB8827279cffFb92266 nonce=1188 recipient=0x4B02E7BE04d748cc192E68aA4f0b243F8100C842 value=24,114,134,502,101,248
INFO [04-30|00:56:29.412] Submitted contract creation              hash=0x31e897fddd72e3017ee89dc2ce8f73ee1ada7e867a606c68de554cccfac17d76 from=0xf39Fd6e51aad88F6F4ce6aB8827279cffFb92266 nonce=1189 contract=0x9Be48cB9Eb443E850316DD09cdF1c2E150b09245 value=0
INFO [04-30|00:56:29.414] Submitted transaction                    hash=0x4ca0b448a753dd85658606c8244072b4ef5e86af35ce305bb69c4411e62960db from=0xf39Fd6e51aad88F6F4ce6aB8827279cffFb92266 nonce=1190 recipient=0xdEF528Bc0e3884a15C17ab0b28B5794C6517509D value=24,114,134,502,101,248
INFO [04-30|00:56:29.416] Submitted contract creation              hash=0xc32e7a166beee49c2587e42943c6b5e3f822619efb12c78f48882eca696cdd88 from=0xf39Fd6e51aad88F6F4ce6aB8827279cffFb92266 nonce=1191 contract=0x2fe9Dfa9FaF3Ebcc293Df4832BCAd687999CD63E value=0
INFO [04-30|00:56:29.418] Submitted transaction                    hash=0x539e97056c339ab18759f5e2bcf72a8f557ef183faa233ba2c30e2c469859656 from=0xf39Fd6e51aad88F6F4ce6aB8827279cffFb92266 nonce=1192 recipient=0x4f866A9556D401772C781d6109Dc3Fbf710D50E2 value=24,114,134,502,101,248
INFO [04-30|00:56:29.419] Submitted contract creation              hash=0x0827d14f0d329138bffb8d021e4c9f17bd1912cdbe1c565e479a7d989ac3ca59 from=0xf39Fd6e51aad88F6F4ce6aB8827279cffFb92266 nonce=1193 contract=0xC0939333007bD49D9f454dc81B4429740A74E475 value=0
INFO [04-30|00:56:29.421] Submitted transaction                    hash=0xa90693176e8f743583a3f2dbf56c56fe14c7d01d25a5566557aa632a571b0c98 from=0xf39Fd6e51aad88F6F4ce6aB8827279cffFb92266 nonce=1194 recipient=0x12F7D939087Feeb6dE65EE7caB17D647718C927B value=24,114,140,289,493,760
INFO [04-30|00:56:29.532] Started log indexer
INFO [04-30|00:56:29.538] Starting work on payload                 id=0x03f30810f2c624e0
INFO [04-30|00:56:29.568] Updated payload                          id=0x03f30810f2c624e0 number=11085 hash=eb587f..e8b4fd txs=12 withdrawals=0 gas=502,712 fees=0.0007273479126 root=c10256..724e1c elapsed=29.698ms
INFO [04-30|00:56:29.568] Stopping work on payload                 id=0x03f30810f2c624e0 reason=delivery
WARN [04-30|00:56:29.578] {"level":"warn","msg":"Slow block","block":{"number":11085,"hash":"0xeb587fbe72c98f7db871830cb587be3da7dd13a079506ed78b2810bb9ee8b4fd","gas_used":502712,"tx_count":12},"timing":{"execution_ms":0.338027,"state_read_ms":0.869736,"state_hash_ms":7.26745,"commit_ms":0.746966,"total_ms":9.579358},"throughput":{"mgas_per_sec":52.47867341423089},"state_reads":{"accounts":41,"storage_slots":0,"code":0,"code_bytes":0},"state_writes":{"accounts":13,"accounts_deleted":0,"storage_slots":0,"storage_slots_deleted":0,"code":6,"code_bytes":479},"cache":{"account":{"hits":28,"misses":13,"hit_rate":68.29268292682927},"storage":{"hits":0,"misses":0,"hit_rate":0},"code":{"hits":0,"misses":0,"hit_rate":0,"hit_bytes":0,"miss_bytes":0}}}
INFO [04-30|00:56:29.578] Imported new potential chain segment     number=11085 hash=eb587f..e8b4fd blocks=1 txs=12 mgas=0.503 elapsed=9.886ms  mgasps=50.847 triediffs=1.62KiB triedirty=0.00B
INFO [04-30|00:56:29.580] Chain head was updated                   number=11085 hash=eb587f..e8b4fd root=c10256..724e1c elapsed="864.355µs"
INFO [04-30|00:56:30.486] Submitted transaction                    hash=0xa24c9706db037dfe60def282636a88be815e22b03886dc161fef29288cf2802a from=0x5cfE4c58592DAab144d608226f2e19C6c35aAfE9 nonce=0    recipient=0x455DE73b2Ddf008E53b4D274A0F0b065bB3C7023 value=0
INFO [04-30|00:56:30.488] Submitted transaction                    hash=0x246d878d5adc713f48ea382f7c3d78fb80cf8b7222603b8148db22c74a055a4b from=0x8816B9E9f2Db3338770DFda99BB411682d42D45e nonce=0    recipient=0xA07d7e04b13f71e8E8a094B2477c405f255F750e value=0
INFO [04-30|00:56:30.491] Submitted transaction                    hash=0x8d35d320faf5da71c75654ad0fdeb9880314924d005cebac3902ae02de0ac7b1 from=0x4B02E7BE04d748cc192E68aA4f0b243F8100C842 nonce=0    recipient=0x6D02ABC5fa967B0b085083F5Cf36c24502447244 value=0
INFO [04-30|00:56:30.494] Submitted transaction                    hash=0x34b48e95b0ada12d7c397f2da9abe9321bc553b2e4c0c8519a282b8dcb53c254 from=0xdEF528Bc0e3884a15C17ab0b28B5794C6517509D nonce=0    recipient=0x9Be48cB9Eb443E850316DD09cdF1c2E150b09245 value=0
INFO [04-30|00:56:30.497] Submitted transaction                    hash=0xece583e86c8f93f266d5e5888f50e9433c28e414d6408976d7c3d7f6c7d855b1 from=0x4f866A9556D401772C781d6109Dc3Fbf710D50E2 nonce=0    recipient=0x2fe9Dfa9FaF3Ebcc293Df4832BCAd687999CD63E value=0
INFO [04-30|00:56:30.499] Submitted transaction                    hash=0x19b994acf93c68d697d7b85f279e82e53e67b013d2977d1943f8593cab5c7b46 from=0x12F7D939087Feeb6dE65EE7caB17D647718C927B nonce=0    recipient=0xC0939333007bD49D9f454dc81B4429740A74E475 value=0
INFO [04-30|00:56:39.585] Starting work on payload                 id=0x03d03bb5422004a2
INFO [04-30|00:56:42.409] Updated payload                          id=0x03d03bb5422004a2 number=11086 hash=659256..c530f3 txs=6  withdrawals=0 gas=93,693,094 fees=0.135559677     root=3729fb..127231 elapsed=2.823s
INFO [04-30|00:56:44.870] Stopping work on payload                 id=0x03d03bb5422004a2 reason=delivery
WARN [04-30|00:56:44.894] {"level":"warn","msg":"Slow block","block":{"number":11086,"hash":"0x65925669bb87dd1c03b9942dc9c12531308c89a3fe65257534ba195e1ac530f3","gas_used":93693094,"tx_count":6},"timing":{"execution_ms":144.255705,"state_read_ms":189.244346,"state_hash_ms":2134.099407,"commit_ms":15.194566,"total_ms":2483.374753},"throughput":{"mgas_per_sec":37.72813341474765},"state_reads":{"accounts":18,"storage_slots":4086,"code":7,"code_bytes":1823},"state_writes":{"accounts":8,"accounts_deleted":0,"storage_slots":4086,"storage_slots_deleted":0,"code":0,"code_bytes":0},"cache":{"account":{"hits":12,"misses":6,"hit_rate":66.66666666666666},"storage":{"hits":3425,"misses":661,"hit_rate":83.8228095937347},"code":{"hits":7,"misses":0,"hit_rate":100,"hit_bytes":1823,"miss_bytes":0}}}
INFO [04-30|00:56:44.894] Imported new potential chain segment     number=11086 hash=659256..c530f3 blocks=1 txs=6  mgas=93.693 elapsed=2.484s      mgasps=37.718 triediffs=258.00KiB triedirty=0.00B
INFO [04-30|00:56:44.895] Chain head was updated                   number=11086 hash=659256..c530f3 root=3729fb..127231 elapsed="88.72µs"
INFO [04-30|00:56:45.938] Submitted transaction                    hash=0xe73c95a326519e07ae162e4a934c0563f808e218c8a6f99c3c38dacda528a9a1 from=0x5cfE4c58592DAab144d608226f2e19C6c35aAfE9 nonce=1    recipient=0xf39Fd6e51aad88F6F4ce6aB8827279cffFb92266 value=1,502,648,719,647,576
INFO [04-30|00:56:45.947] Submitted transaction                    hash=0x42135a957e970085f50ec251a4df1fb993849876f742ee71f8b37d2ab5f004b3 from=0x8816B9E9f2Db3338770DFda99BB411682d42D45e nonce=1    recipient=0xf39Fd6e51aad88F6F4ce6aB8827279cffFb92266 value=1,506,265,839,967,576
INFO [04-30|00:56:45.955] Submitted transaction                    hash=0x258e8f00de4f4bcfb3780f47cab447a9ee8d231d4ad955adf2126cb2a64e1613 from=0x4B02E7BE04d748cc192E68aA4f0b243F8100C842 nonce=1    recipient=0xf39Fd6e51aad88F6F4ce6aB8827279cffFb92266 value=1,506,265,839,967,576
INFO [04-30|00:56:45.964] Submitted transaction                    hash=0x34b0cc92b57ecb8b8942de0d4ea3587a65a85dde32d5f7819a6ac2619756c55c from=0xdEF528Bc0e3884a15C17ab0b28B5794C6517509D nonce=1    recipient=0xf39Fd6e51aad88F6F4ce6aB8827279cffFb92266 value=1,506,265,839,967,576
INFO [04-30|00:56:45.972] Submitted transaction                    hash=0x880dafac97680deba3b812cf985aa958bd9a267afcb9494b7bb2d449e9d166ba from=0x4f866A9556D401772C781d6109Dc3Fbf710D50E2 nonce=1    recipient=0xf39Fd6e51aad88F6F4ce6aB8827279cffFb92266 value=1,506,265,839,967,576
INFO [04-30|00:56:45.981] Submitted transaction                    hash=0xc43716f15370f7bed89af9d31e2ceb52542312737d2ea08f9631e555062b95ff from=0x12F7D939087Feeb6dE65EE7caB17D647718C927B nonce=1    recipient=0xf39Fd6e51aad88F6F4ce6aB8827279cffFb92266 value=1,506,271,627,360,088
INFO [04-30|00:56:54.901] Starting work on payload                 id=0x034420deb73a8bea
INFO [04-30|00:56:54.907] Updated payload                          id=0x034420deb73a8bea number=11087 hash=7b2275..14d07a txs=6  withdrawals=0 gas=126,000    fees=9.115143143e-05 root=877d60..bd16cc elapsed=6.364ms
INFO [04-30|00:56:54.907] Stopping work on payload                 id=0x034420deb73a8bea reason=delivery
WARN [04-30|00:56:54.914] {"level":"warn","msg":"Slow block","block":{"number":11087,"hash":"0x7b2275f241722c83ff03eed0fa627f5f3ad3ca437364ec22141a003db914d07a","gas_used":126000,"tx_count":6},"timing":{"execution_ms":0.161028,"state_read_ms":0.18005,"state_hash_ms":5.298691,"commit_ms":0.645466,"total_ms":6.563774},"throughput":{"mgas_per_sec":19.19627336346437},"state_reads":{"accounts":11,"storage_slots":0,"code":0,"code_bytes":0},"state_writes":{"accounts":7,"accounts_deleted":0,"storage_slots":0,"storage_slots_deleted":0,"code":0,"code_bytes":0},"cache":{"account":{"hits":1,"misses":10,"hit_rate":9.090909090909092},"storage":{"hits":0,"misses":0,"hit_rate":0},"code":{"hits":0,"misses":0,"hit_rate":0,"hit_bytes":0,"miss_bytes":0}}}
INFO [04-30|00:56:54.914] Imported new potential chain segment     number=11087 hash=7b2275..14d07a blocks=1 txs=6  mgas=0.126  elapsed=6.742ms     mgasps=18.687 triediffs=258.88KiB triedirty=0.00B
INFO [04-30|00:56:54.915] Chain head was updated                   number=11087 hash=7b2275..14d07a root=877d60..bd16cc elapsed="103.31µs"
