INFO [04-30|00:46:39.518] Starting Geth on Ethereum mainnet...
INFO [04-30|00:46:39.520] Maximum peer count                       ETH=0 total=0
INFO [04-30|00:46:39.522] Smartcard socket not found, disabling    err="stat /run/pcscd/pcscd.comm: no such file or directory"
WARN [04-30|00:46:39.523] Option --miner.etherbase is deprecated as the etherbase is set by the consensus client post-merge
WARN [04-30|00:46:39.524] Snap sync requested, resetting --cache.snapshot
INFO [04-30|00:46:39.524] Global gas cap disabled
INFO [04-30|00:46:40.176] Using developer account                  address=0xf39Fd6e51aad88F6F4ce6aB8827279cffFb92266
INFO [04-30|00:46:40.369] Using pebble as the backing database
INFO [04-30|00:46:40.369] Allocated cache and file handles         database=/home/CPerezz/bintrie-benchmarks/mpt-vs-bintrie/dbs/bt-gd5-flat/geth/chaindata cache=16.00MiB handles=524,288
INFO [04-30|00:46:41.662] Opened ancient database                  database=/home/CPerezz/bintrie-benchmarks/mpt-vs-bintrie/dbs/bt-gd5-flat/geth/chaindata/ancient/chain readonly=true
INFO [04-30|00:46:41.662] Opened Era store                         datadir=/home/CPerezz/bintrie-benchmarks/mpt-vs-bintrie/dbs/bt-gd5-flat/geth/chaindata/ancient/chain/era
INFO [04-30|00:46:41.677] Initializing the KZG library             backend=gokzg
INFO [04-30|00:46:41.679] Allocated trie memory caches             clean=0.00B dirty=0.00B
INFO [04-30|00:46:41.784] Using pebble as the backing database
INFO [04-30|00:46:41.784] Allocated cache and file handles         database=/home/CPerezz/bintrie-benchmarks/mpt-vs-bintrie/dbs/bt-gd5-flat/geth/chaindata cache=16.00MiB handles=524,288
INFO [04-30|00:46:43.474] Opened ancient database                  database=/home/CPerezz/bintrie-benchmarks/mpt-vs-bintrie/dbs/bt-gd5-flat/geth/chaindata/ancient/chain readonly=false
INFO [04-30|00:46:43.474] Opened Era store                         datadir=/home/CPerezz/bintrie-benchmarks/mpt-vs-bintrie/dbs/bt-gd5-flat/geth/chaindata/ancient/chain/era
INFO [04-30|00:46:43.476] State scheme set to already existing     scheme=path
INFO [04-30|00:46:43.477] Initialising Ethereum protocol           network=1337 dbversion=9
INFO [04-30|00:46:43.477] Load database journal from file          path=/home/CPerezz/bintrie-benchmarks/mpt-vs-bintrie/dbs/bt-gd5-flat/geth/triedb/verkle.journal
INFO [04-30|00:46:43.528] Opened ancient database                  database=/home/CPerezz/bintrie-benchmarks/mpt-vs-bintrie/dbs/bt-gd5-flat/geth/chaindata/ancient/state_verkle readonly=false
INFO [04-30|00:46:43.528] Initialized path database                triecache=0.00B statecache=0.00B buffer=0.00B state-history="last 90000 blocks" journal-dir=/home/CPerezz/bintrie-benchmarks/mpt-vs-bintrie/dbs/bt-gd5-flat/geth/triedb verkle=true
INFO [04-30|00:46:43.529] 
INFO [04-30|00:46:43.529] ---------------------------------------------------------------------------------------------------------------------------------------------------------
INFO [04-30|00:46:43.529] Chain ID:  1337 (unknown)
INFO [04-30|00:46:43.529] Consensus: unknown
INFO [04-30|00:46:43.529] 
INFO [04-30|00:46:43.529] Pre-Merge hard forks (block based):
INFO [04-30|00:46:43.529]  - Homestead:                   #0       
INFO [04-30|00:46:43.529]  - Tangerine Whistle (EIP 150): #0       
INFO [04-30|00:46:43.529]  - Spurious Dragon/1 (EIP 155): #0       
INFO [04-30|00:46:43.529]  - Spurious Dragon/2 (EIP 158): #0       
INFO [04-30|00:46:43.529]  - Byzantium:                   #0       
INFO [04-30|00:46:43.529]  - Constantinople:              #0       
INFO [04-30|00:46:43.529]  - Petersburg:                  #0       
INFO [04-30|00:46:43.529]  - Istanbul:                    #0       
INFO [04-30|00:46:43.529]  - Muir Glacier:                #0       
INFO [04-30|00:46:43.529]  - Berlin:                      #0       
INFO [04-30|00:46:43.529]  - London:                      #0       
INFO [04-30|00:46:43.529]  - Arrow Glacier:               #0       
INFO [04-30|00:46:43.529]  - Gray Glacier:                #0       
INFO [04-30|00:46:43.529] 
INFO [04-30|00:46:43.529] Merge configured:
INFO [04-30|00:46:43.529]  - Total terminal difficulty:  0
INFO [04-30|00:46:43.529]  - Merge netsplit block:       #0       
INFO [04-30|00:46:43.529] 
INFO [04-30|00:46:43.529] Post-Merge hard forks (timestamp based):
INFO [04-30|00:46:43.529]  - Shanghai:                    @0         
INFO [04-30|00:46:43.529]  - Cancun:                      @0          blob: (target: 3, max: 6, fraction: 3338477)
INFO [04-30|00:46:43.529]  - Prague:                      @0          blob: (target: 6, max: 9, fraction: 5225352)
INFO [04-30|00:46:43.529]  - Osaka:                       @0          blob: (target: 9, max: 12, fraction: 5225352)
INFO [04-30|00:46:43.529]  - Verkle:                      @0          blob: (nil)
INFO [04-30|00:46:43.529] 
INFO [04-30|00:46:43.529] All fork specifications can be found at https://ethereum.github.io/execution-specs/src/ethereum/forks/
INFO [04-30|00:46:43.529] 
INFO [04-30|00:46:43.529] ---------------------------------------------------------------------------------------------------------------------------------------------------------
INFO [04-30|00:46:43.529] 
INFO [04-30|00:46:43.529] Loaded most recent local block           number=11034 hash=3cb8dd..4e9119 age=9s
INFO [04-30|00:46:43.529] Loaded most recent local finalized block number=11008 hash=04ebb1..903e7b age=5m14s
INFO [04-30|00:46:43.529] Initialized transaction indexer          range="last 2350000 blocks"
INFO [04-30|00:46:43.529] Initialized log indexer                  firstblock=0 lastblock=11034 firstmap=0 lastmap=3 headindexed=true
INFO [04-30|00:46:43.541] Enabled full-sync                        head=11034 hash=3cb8dd..4e9119
INFO [04-30|00:46:43.541] Unprotected transactions allowed
INFO [04-30|00:46:43.541] Gasprice oracle is ignoring threshold set threshold=2
WARN [04-30|00:46:43.541] Unclean shutdown detected                booted=2026-04-29T08:22:10+0200 age=16h24m33s
WARN [04-30|00:46:43.541] Unclean shutdown detected                booted=2026-04-29T23:46:41+0200 age=1h2s
WARN [04-30|00:46:43.541] Unclean shutdown detected                booted=2026-04-29T23:49:20+0200 age=57m23s
WARN [04-30|00:46:43.541] Unclean shutdown detected                booted=2026-04-29T23:50:23+0200 age=56m20s
INFO [04-30|00:46:43.542] Registered sync override service
WARN [04-30|00:46:43.542] You are running Geth in --dev mode. Please note the following:
WARN [04-30|00:46:43.542] 
WARN [04-30|00:46:43.542]   1. This mode is only intended for fast, iterative development without assumptions on
WARN [04-30|00:46:43.542]      security or persistence.
WARN [04-30|00:46:43.542]   2. The database is created in memory unless specified otherwise. Therefore, shutting down
WARN [04-30|00:46:43.542]      your computer or losing power will wipe your entire block data and chain state for
WARN [04-30|00:46:43.542]      your dev environment.
WARN [04-30|00:46:43.542]   3. A random, pre-allocated developer account will be available and unlocked as
WARN [04-30|00:46:43.542]      eth.coinbase, which can be used for testing. The random dev account is temporary,
WARN [04-30|00:46:43.542]      stored on a ramdisk, and will be lost if your machine is restarted.
WARN [04-30|00:46:43.542]   4. Mining is enabled by default. However, the client will only seal blocks if transactions
WARN [04-30|00:46:43.542]      are pending in the mempool. The miner's minimum accepted gas price is 1.
WARN [04-30|00:46:43.542]   5. Networking is disabled; there is no listen-address, the maximum number of peers is set
WARN [04-30|00:46:43.542]      to 0, and discovery is disabled.
WARN [04-30|00:46:43.542] 
INFO [04-30|00:46:43.542] Starting peer-to-peer node               instance=Geth/v1.17.3-unstable-7d2e7cbe-20260415/linux-amd64/go1.24.1
WARN [04-30|00:46:43.542] P2P server will be useless, neither dialing nor listening
INFO [04-30|00:46:43.549] IPC endpoint opened                      url=/home/CPerezz/bintrie-benchmarks/mpt-vs-bintrie/dbs/bt-gd5-flat/geth.ipc
ERROR[04-30|00:46:43.549] Unavailable modules in HTTP API list     unavailable=[personal] available="[admin debug web3 eth txpool miner net dev testing]"
INFO [04-30|00:46:43.550] New local node record                    seq=1,777,300,782,077 id=7b2b1a18a5d9e6d9 ip=127.0.0.1 udp=0 tcp=0
INFO [04-30|00:46:43.550] Started P2P networking                   self=enode://c8864a9bfd3b61c44e854a4678f69f18717dec204477a230feae3bea75d7354d5ded62396550f30f6df7ffb11c73e275d3183b71a6cda36e7353bb5efa6c1928@127.0.0.1:0
INFO [04-30|00:46:43.550] HTTP server started                      endpoint=[::]:8545 auth=false prefix= cors= vhosts=localhost
INFO [04-30|00:46:43.551] WebSocket enabled                        url=ws://[::]:8546
INFO [04-30|00:46:44.240] Loaded local transaction journal         transactions=13425 dropped=0
INFO [04-30|00:46:45.353] Started log indexer
INFO [04-30|00:46:45.358] Starting work on payload                 id=0x03f00501bad78cc5
INFO [04-30|00:46:45.359] Updated payload                          id=0x03f00501bad78cc5 number=11035 hash=9ca0ec..d84a3b txs=0 withdrawals=0 gas=0 fees=0 root=944095..a253f4 elapsed="620.926µs"
INFO [04-30|00:46:45.359] Stopping work on payload                 id=0x03f00501bad78cc5 reason=delivery
WARN [04-30|00:46:45.360] {"level":"warn","msg":"Slow block","block":{"number":11035,"hash":"0x9ca0ec12468d98db66dcee728512c3765e6c4b492a350e3fe913ea125cd84a3b","gas_used":0,"tx_count":0},"timing":{"execution_ms":0.022581,"state_read_ms":0.138089,"state_hash_ms":0.00532,"commit_ms":0.269239,"total_ms":0.744387},"throughput":{"mgas_per_sec":0},"state_reads":{"accounts":4,"storage_slots":0,"code":0,"code_bytes":0},"state_writes":{"accounts":0,"accounts_deleted":0,"storage_slots":0,"storage_slots_deleted":0,"code":0,"code_bytes":0},"cache":{"account":{"hits":0,"misses":4,"hit_rate":0},"storage":{"hits":0,"misses":0,"hit_rate":0},"code":{"hits":0,"misses":0,"hit_rate":0,"hit_bytes":0,"miss_bytes":0}}}
INFO [04-30|00:46:45.360] Imported new potential chain segment     number=11035 hash=9ca0ec..d84a3b blocks=1 txs=0 mgas=0.000 elapsed=1.056ms     mgasps=0.000 triedirty=0.00B
INFO [04-30|00:46:45.361] Chain head was updated                   number=11035 hash=9ca0ec..d84a3b root=944095..a253f4 elapsed="50.759µs"
INFO [04-30|00:46:45.488] Submitted contract creation              hash=0x9c6bb071f45efc1c997011319482061b2ef7249203d07a7474ea148292953fa0 from=0xf39Fd6e51aad88F6F4ce6aB8827279cffFb92266 nonce=955 contract=0x5EdB3Ff1EA450d1FF6d614F24f5C760761F7f688 value=0
INFO [04-30|00:46:45.490] Submitted transaction                    hash=0x8a0640e948dd0b565d0a1b83785aaa47b4a4b986528f954c360b7916b7cb9dd1 from=0xf39Fd6e51aad88F6F4ce6aB8827279cffFb92266 nonce=956 recipient=0xAA948FFa55e94F2747413F8351074d4b4648391f value=893,116,180,942,018
INFO [04-30|00:46:45.492] Submitted contract creation              hash=0x05a92a794fe08da6715e487a15cf350008762cd5c89369d09965c0860fcf2aad from=0xf39Fd6e51aad88F6F4ce6aB8827279cffFb92266 nonce=957 contract=0x98F74b7C96497070ba5052E02832EF9892962e62 value=0
INFO [04-30|00:46:45.494] Submitted transaction                    hash=0xd0582bb3ba96b7e2bc8e539c7ef3b439aad8218d2dae3195b4f790225f8ffab9 from=0xf39Fd6e51aad88F6F4ce6aB8827279cffFb92266 nonce=958 recipient=0x330164C3517d8701734b11b03C0739CD61955f22 value=893,116,180,942,018
INFO [04-30|00:46:45.496] Submitted contract creation              hash=0x6e2e8205708fe5e9de7b23b75c05bb89f6fcf0f586bea0babae6adb8a4b338aa from=0xf39Fd6e51aad88F6F4ce6aB8827279cffFb92266 nonce=959 contract=0xF47e3B0A1952A81F1afc41172762CB7CE8700133 value=0
INFO [04-30|00:46:45.498] Submitted transaction                    hash=0x6d186719c75edc4f6cbc9057cc5871bbb15aa4e7f660315abeec76593147c665 from=0xf39Fd6e51aad88F6F4ce6aB8827279cffFb92266 nonce=960 recipient=0x04b39E8B90C4dD895B41cC16401FB3e52F36efb3 value=893,116,180,942,018
INFO [04-30|00:46:45.500] Submitted contract creation              hash=0x6c1ba5825edd5e28c45229f0063211a55a1db5e8561f7c05d1fa6a2b41f594d9 from=0xf39Fd6e51aad88F6F4ce6aB8827279cffFb92266 nonce=961 contract=0xfC3983DE3F7cBe1Ba01084469779470AD0BbeFfa value=0
INFO [04-30|00:46:45.501] Submitted transaction                    hash=0xe3bc591d19738fde1f37b049d35fb16c6763278ec5ac653f7b800e68de3d4936 from=0xf39Fd6e51aad88F6F4ce6aB8827279cffFb92266 nonce=962 recipient=0x0047242B5c13541232685B04651e54920498a78B value=893,116,180,942,018
INFO [04-30|00:46:45.503] Submitted contract creation              hash=0xe15dfa5f2fd793e6e65a366d5e17c596d4cd2e3e0248147dc5e289e8e323e31a from=0xf39Fd6e51aad88F6F4ce6aB8827279cffFb92266 nonce=963 contract=0xD6b8Eb34413f07a1a67A469345cFEa6633efd58d value=0
INFO [04-30|00:46:45.505] Submitted transaction                    hash=0xefe75dc9b7bfc34a37e78ba2437bc89f3422176b8770e8fe9b72c067abe1f2a8 from=0xf39Fd6e51aad88F6F4ce6aB8827279cffFb92266 nonce=964 recipient=0x4EC4dc7F4754A8b19b4cF25129f016504EF042FA value=893,116,180,942,018
INFO [04-30|00:46:45.507] Submitted contract creation              hash=0x8b606bd9eef2756c66be2d9cad86508baeb3c0b86a372ade3475aa8c65448ac7 from=0xf39Fd6e51aad88F6F4ce6aB8827279cffFb92266 nonce=965 contract=0xB1fC11F03b084FfF8daE95fA08e8D69ad2547Ec1 value=0
INFO [04-30|00:46:45.509] Submitted transaction                    hash=0xaae158686ac46638cc5a5df16163d593f78589eb8c5ff7c911d84838f7755485 from=0xf39Fd6e51aad88F6F4ce6aB8827279cffFb92266 nonce=966 recipient=0x7E5E3439Cc9Fb69ff9b30e5506d0e84dff609D6f value=893,116,395,289,910
INFO [04-30|00:46:55.366] Starting work on payload                 id=0x035310909594b707
INFO [04-30|00:46:55.382] Updated payload                          id=0x035310909594b707 number=11036 hash=b0e5d2..4fc2bf txs=12 withdrawals=0 gas=517,696 fees=2.774175795e-05 root=39e637..8fc7ba elapsed=16.215ms
INFO [04-30|00:46:55.383] Stopping work on payload                 id=0x035310909594b707 reason=delivery
WARN [04-30|00:46:55.397] {"level":"warn","msg":"Slow block","block":{"number":11036,"hash":"0xb0e5d20a6b68a9b78278c99dd9c3775454efcb83511d4a63b4a424d83c4fc2bf","gas_used":517696,"tx_count":12},"timing":{"execution_ms":0.574705,"state_read_ms":1.043716,"state_hash_ms":9.575805,"commit_ms":1.211384,"total_ms":12.852009},"throughput":{"mgas_per_sec":40.28132877902591},"state_reads":{"accounts":41,"storage_slots":0,"code":0,"code_bytes":0},"state_writes":{"accounts":13,"accounts_deleted":0,"storage_slots":0,"storage_slots_deleted":0,"code":6,"code_bytes":916},"cache":{"account":{"hits":30,"misses":11,"hit_rate":73.17073170731707},"storage":{"hits":0,"misses":0,"hit_rate":0},"code":{"hits":0,"misses":0,"hit_rate":0,"hit_bytes":0,"miss_bytes":0}}}
INFO [04-30|00:46:55.397] Imported new potential chain segment     number=11036 hash=b0e5d2..4fc2bf blocks=1 txs=12 mgas=0.518 elapsed=13.200ms    mgasps=39.218 triediffs=1.62KiB triedirty=0.00B
INFO [04-30|00:46:55.398] Chain head was updated                   number=11036 hash=b0e5d2..4fc2bf root=39e637..8fc7ba elapsed="883.275µs"
INFO [04-30|00:46:55.950] Submitted transaction                    hash=0xffe3f53a3b4a0eaf0d87e22b8bb41b9e8faf71b3ddd35bdec46cad0ca23b94dc from=0xAA948FFa55e94F2747413F8351074d4b4648391f nonce=0   recipient=0x5EdB3Ff1EA450d1FF6d614F24f5C760761F7f688 value=0
INFO [04-30|00:46:55.953] Submitted transaction                    hash=0x23686aa020651c9bbf7311eaf0be6be2bb5f3e00765c45538ca0c2f63ce89c06 from=0x330164C3517d8701734b11b03C0739CD61955f22 nonce=0   recipient=0x98F74b7C96497070ba5052E02832EF9892962e62 value=0
INFO [04-30|00:46:55.956] Submitted transaction                    hash=0x824ada045994f82111d32a1f1227d7049637761813f62fed25b6a96336f8ffa2 from=0x04b39E8B90C4dD895B41cC16401FB3e52F36efb3 nonce=0   recipient=0xF47e3B0A1952A81F1afc41172762CB7CE8700133 value=0
INFO [04-30|00:46:55.960] Submitted transaction                    hash=0x2bec114cadd38fec1ce4d7f2922b1fda2bf64bed8885cd176c79fda2e0be4c93 from=0x0047242B5c13541232685B04651e54920498a78B nonce=0   recipient=0xfC3983DE3F7cBe1Ba01084469779470AD0BbeFfa value=0
INFO [04-30|00:46:55.962] Submitted transaction                    hash=0x5eecc525351df8a65409a099aab520d88f229fe6cdabbf998d8ca7fedda3d46e from=0x4EC4dc7F4754A8b19b4cF25129f016504EF042FA nonce=0   recipient=0xD6b8Eb34413f07a1a67A469345cFEa6633efd58d value=0
INFO [04-30|00:46:55.965] Submitted transaction                    hash=0xbdbcf4b55cefbafd3ed2721b19b0ebeeed4fe5c8c6cbc1ced6f4fee6962ec3f3 from=0x7E5E3439Cc9Fb69ff9b30e5506d0e84dff609D6f nonce=0   recipient=0xB1fC11F03b084FfF8daE95fA08e8D69ad2547Ec1 value=0
INFO [04-30|00:47:05.404] Starting work on payload                 id=0x030041c4bd599dde
WARN [04-30|00:47:07.535] Block building is interrupted            allowance=2s
INFO [04-30|00:47:07.536] Updated payload                          id=0x030041c4bd599dde number=11037 hash=c76d29..98659f txs=6  withdrawals=0 gas=100,000,000 fees=0.0053586966    root=860d4e..d70f22 elapsed=2.131s
WARN [04-30|00:47:09.013] {"level":"warn","msg":"Slow block","block":{"number":11037,"hash":"0xc76d296742230dfe33ef6364272417c003a7553aacdaff5b864f385de898659f","gas_used":100000000,"tx_count":6},"timing":{"execution_ms":574.890044,"state_read_ms":871.447279,"state_hash_ms":0.544107,"commit_ms":28.113991,"total_ms":1475.624768},"throughput":{"mgas_per_sec":67.76790561433569},"state_reads":{"accounts":18,"storage_slots":23382,"code":7,"code_bytes":2260},"state_writes":{"accounts":7,"accounts_deleted":0,"storage_slots":0,"storage_slots_deleted":0,"code":0,"code_bytes":0},"cache":{"account":{"hits":13,"misses":5,"hit_rate":72.22222222222221},"storage":{"hits":19619,"misses":3763,"hit_rate":83.90642374476093},"code":{"hits":7,"misses":0,"hit_rate":100,"hit_bytes":2260,"miss_bytes":0}}}
INFO [04-30|00:47:09.013] Imported new potential chain segment     number=11037 hash=c76d29..98659f blocks=1 txs=6  mgas=100.000 elapsed=1.475s      mgasps=67.752 triediffs=2.50KiB triedirty=0.00B
INFO [04-30|00:47:09.014] Chain head was updated                   number=11037 hash=c76d29..98659f root=860d4e..d70f22 elapsed="96.059µs"
