INFO [04-30|00:47:12.819] Starting Geth on Ethereum mainnet...
INFO [04-30|00:47:12.821] Maximum peer count                       ETH=0 total=0
INFO [04-30|00:47:12.822] Smartcard socket not found, disabling    err="stat /run/pcscd/pcscd.comm: no such file or directory"
WARN [04-30|00:47:12.823] Option --miner.etherbase is deprecated as the etherbase is set by the consensus client post-merge
WARN [04-30|00:47:12.824] Snap sync requested, resetting --cache.snapshot
INFO [04-30|00:47:12.824] Global gas cap disabled
INFO [04-30|00:47:13.477] Using developer account                  address=0xf39Fd6e51aad88F6F4ce6aB8827279cffFb92266
INFO [04-30|00:47:13.669] Using pebble as the backing database
INFO [04-30|00:47:13.669] Allocated cache and file handles         database=/home/CPerezz/bintrie-benchmarks/mpt-vs-bintrie/dbs/bt-gd5-flat/geth/chaindata cache=16.00MiB handles=524,288
INFO [04-30|00:47:14.938] Opened ancient database                  database=/home/CPerezz/bintrie-benchmarks/mpt-vs-bintrie/dbs/bt-gd5-flat/geth/chaindata/ancient/chain readonly=true
INFO [04-30|00:47:14.938] Opened Era store                         datadir=/home/CPerezz/bintrie-benchmarks/mpt-vs-bintrie/dbs/bt-gd5-flat/geth/chaindata/ancient/chain/era
INFO [04-30|00:47:14.955] Initializing the KZG library             backend=gokzg
INFO [04-30|00:47:14.957] Allocated trie memory caches             clean=0.00B dirty=0.00B
INFO [04-30|00:47:15.077] Using pebble as the backing database
INFO [04-30|00:47:15.077] Allocated cache and file handles         database=/home/CPerezz/bintrie-benchmarks/mpt-vs-bintrie/dbs/bt-gd5-flat/geth/chaindata cache=16.00MiB handles=524,288
INFO [04-30|00:47:16.675] Opened ancient database                  database=/home/CPerezz/bintrie-benchmarks/mpt-vs-bintrie/dbs/bt-gd5-flat/geth/chaindata/ancient/chain readonly=false
INFO [04-30|00:47:16.675] Opened Era store                         datadir=/home/CPerezz/bintrie-benchmarks/mpt-vs-bintrie/dbs/bt-gd5-flat/geth/chaindata/ancient/chain/era
INFO [04-30|00:47:16.677] State scheme set to already existing     scheme=path
INFO [04-30|00:47:16.677] Initialising Ethereum protocol           network=1337 dbversion=9
INFO [04-30|00:47:16.677] Load database journal from file          path=/home/CPerezz/bintrie-benchmarks/mpt-vs-bintrie/dbs/bt-gd5-flat/geth/triedb/verkle.journal
INFO [04-30|00:47:16.734] Opened ancient database                  database=/home/CPerezz/bintrie-benchmarks/mpt-vs-bintrie/dbs/bt-gd5-flat/geth/chaindata/ancient/state_verkle readonly=false
INFO [04-30|00:47:16.734] Initialized path database                triecache=0.00B statecache=0.00B buffer=0.00B state-history="last 90000 blocks" journal-dir=/home/CPerezz/bintrie-benchmarks/mpt-vs-bintrie/dbs/bt-gd5-flat/geth/triedb verkle=true
INFO [04-30|00:47:16.735] 
INFO [04-30|00:47:16.735] ---------------------------------------------------------------------------------------------------------------------------------------------------------
INFO [04-30|00:47:16.735] Chain ID:  1337 (unknown)
INFO [04-30|00:47:16.735] Consensus: unknown
INFO [04-30|00:47:16.735] 
INFO [04-30|00:47:16.735] Pre-Merge hard forks (block based):
INFO [04-30|00:47:16.735]  - Homestead:                   #0       
INFO [04-30|00:47:16.735]  - Tangerine Whistle (EIP 150): #0       
INFO [04-30|00:47:16.735]  - Spurious Dragon/1 (EIP 155): #0       
INFO [04-30|00:47:16.735]  - Spurious Dragon/2 (EIP 158): #0       
INFO [04-30|00:47:16.735]  - Byzantium:                   #0       
INFO [04-30|00:47:16.735]  - Constantinople:              #0       
INFO [04-30|00:47:16.735]  - Petersburg:                  #0       
INFO [04-30|00:47:16.735]  - Istanbul:                    #0       
INFO [04-30|00:47:16.735]  - Muir Glacier:                #0       
INFO [04-30|00:47:16.735]  - Berlin:                      #0       
INFO [04-30|00:47:16.735]  - London:                      #0       
INFO [04-30|00:47:16.735]  - Arrow Glacier:               #0       
INFO [04-30|00:47:16.735]  - Gray Glacier:                #0       
INFO [04-30|00:47:16.735] 
INFO [04-30|00:47:16.735] Merge configured:
INFO [04-30|00:47:16.735]  - Total terminal difficulty:  0
INFO [04-30|00:47:16.735]  - Merge netsplit block:       #0       
INFO [04-30|00:47:16.735] 
INFO [04-30|00:47:16.735] Post-Merge hard forks (timestamp based):
INFO [04-30|00:47:16.735]  - Shanghai:                    @0         
INFO [04-30|00:47:16.735]  - Cancun:                      @0          blob: (target: 3, max: 6, fraction: 3338477)
INFO [04-30|00:47:16.735]  - Prague:                      @0          blob: (target: 6, max: 9, fraction: 5225352)
INFO [04-30|00:47:16.735]  - Osaka:                       @0          blob: (target: 9, max: 12, fraction: 5225352)
INFO [04-30|00:47:16.735]  - Verkle:                      @0          blob: (nil)
INFO [04-30|00:47:16.735] 
INFO [04-30|00:47:16.735] All fork specifications can be found at https://ethereum.github.io/execution-specs/src/ethereum/forks/
INFO [04-30|00:47:16.735] 
INFO [04-30|00:47:16.735] ---------------------------------------------------------------------------------------------------------------------------------------------------------
INFO [04-30|00:47:16.735] 
INFO [04-30|00:47:16.735] Loaded most recent local block           number=11037 hash=c76d29..98659f age=11s
INFO [04-30|00:47:16.736] Loaded most recent local finalized block number=11008 hash=04ebb1..903e7b age=5m47s
INFO [04-30|00:47:16.736] Initialized transaction indexer          range="last 2350000 blocks"
INFO [04-30|00:47:16.736] Initialized log indexer                  firstblock=0 lastblock=11037 firstmap=0 lastmap=3 headindexed=true
INFO [04-30|00:47:16.740] Enabled full-sync                        head=11037 hash=c76d29..98659f
INFO [04-30|00:47:16.740] Unprotected transactions allowed
INFO [04-30|00:47:16.740] Gasprice oracle is ignoring threshold set threshold=2
WARN [04-30|00:47:16.740] Unclean shutdown detected                booted=2026-04-29T08:22:10+0200 age=16h25m6s
WARN [04-30|00:47:16.740] Unclean shutdown detected                booted=2026-04-29T23:46:41+0200 age=1h35s
WARN [04-30|00:47:16.740] Unclean shutdown detected                booted=2026-04-29T23:49:20+0200 age=57m56s
WARN [04-30|00:47:16.740] Unclean shutdown detected                booted=2026-04-29T23:50:23+0200 age=56m53s
INFO [04-30|00:47:16.740] Registered sync override service
WARN [04-30|00:47:16.740] You are running Geth in --dev mode. Please note the following:
WARN [04-30|00:47:16.740] 
WARN [04-30|00:47:16.740]   1. This mode is only intended for fast, iterative development without assumptions on
WARN [04-30|00:47:16.740]      security or persistence.
WARN [04-30|00:47:16.740]   2. The database is created in memory unless specified otherwise. Therefore, shutting down
WARN [04-30|00:47:16.741]      your computer or losing power will wipe your entire block data and chain state for
WARN [04-30|00:47:16.741]      your dev environment.
WARN [04-30|00:47:16.741]   3. A random, pre-allocated developer account will be available and unlocked as
WARN [04-30|00:47:16.741]      eth.coinbase, which can be used for testing. The random dev account is temporary,
WARN [04-30|00:47:16.741]      stored on a ramdisk, and will be lost if your machine is restarted.
WARN [04-30|00:47:16.741]   4. Mining is enabled by default. However, the client will only seal blocks if transactions
WARN [04-30|00:47:16.741]      are pending in the mempool. The miner's minimum accepted gas price is 1.
WARN [04-30|00:47:16.741]   5. Networking is disabled; there is no listen-address, the maximum number of peers is set
WARN [04-30|00:47:16.741]      to 0, and discovery is disabled.
WARN [04-30|00:47:16.741] 
INFO [04-30|00:47:16.741] Starting peer-to-peer node               instance=Geth/v1.17.3-unstable-7d2e7cbe-20260415/linux-amd64/go1.24.1
WARN [04-30|00:47:16.741] P2P server will be useless, neither dialing nor listening
INFO [04-30|00:47:16.746] IPC endpoint opened                      url=/home/CPerezz/bintrie-benchmarks/mpt-vs-bintrie/dbs/bt-gd5-flat/geth.ipc
INFO [04-30|00:47:16.746] New local node record                    seq=1,777,300,782,078 id=7b2b1a18a5d9e6d9 ip=127.0.0.1 udp=0 tcp=0
ERROR[04-30|00:47:16.746] Unavailable modules in HTTP API list     unavailable=[personal] available="[admin debug web3 eth txpool miner net dev testing]"
INFO [04-30|00:47:16.746] Started P2P networking                   self=enode://c8864a9bfd3b61c44e854a4678f69f18717dec204477a230feae3bea75d7354d5ded62396550f30f6df7ffb11c73e275d3183b71a6cda36e7353bb5efa6c1928@127.0.0.1:0
INFO [04-30|00:47:16.747] HTTP server started                      endpoint=[::]:8545 auth=false prefix= cors= vhosts=localhost
INFO [04-30|00:47:16.747] WebSocket enabled                        url=ws://[::]:8546
INFO [04-30|00:47:17.421] Loaded local transaction journal         transactions=13443 dropped=0
INFO [04-30|00:47:17.798] Submitted contract creation              hash=0x1dc4868da321892ec7a4a1f45df1808bf170f47c1c5bfb986d3184c3192c3636 from=0xf39Fd6e51aad88F6F4ce6aB8827279cffFb92266 nonce=967 contract=0x7306a649B451AE08781108445425Bd4E8AcF1E00 value=0
INFO [04-30|00:47:17.800] Submitted transaction                    hash=0x48635fad2ced0d2a5c1d8b8b3d6269c5602aefef2ec2e5314e1a82228c3cc731 from=0xf39Fd6e51aad88F6F4ce6aB8827279cffFb92266 nonce=968 recipient=0x86bEAa1F2ef2ef3DF37Fb17EC393aD181c5A0FBD value=893,116,180,942,018
INFO [04-30|00:47:17.802] Submitted contract creation              hash=0xc0228a9285052866e4f1d13c3dc44ee75aa00b2105cdcecd7ad796321658e8f0 from=0xf39Fd6e51aad88F6F4ce6aB8827279cffFb92266 nonce=969 contract=0x934A389CaBFB84cdB3f0260B2a4FD575b8B345A3 value=0
INFO [04-30|00:47:17.805] Submitted transaction                    hash=0xe34495e6a25c94ea027cc4a5efe589542c9188585ceaf074390f8780c949b556 from=0xf39Fd6e51aad88F6F4ce6aB8827279cffFb92266 nonce=970 recipient=0xC1A3a8f188cE8D9Fa39aF53Abd3eCdd6C0B17aa5 value=893,116,180,942,018
INFO [04-30|00:47:17.807] Submitted contract creation              hash=0x15ee0136dfc78ac88b7a8c862d69b23b5b183a8c3175aad5ae3cca71c37b924c from=0xf39Fd6e51aad88F6F4ce6aB8827279cffFb92266 nonce=971 contract=0xB90AcF57C3BFE8e0E8215defc282B5F48b3edC74 value=0
INFO [04-30|00:47:17.809] Submitted transaction                    hash=0xb6c28e7e8a1b453d750e99154a20cbf8cef08416d3ebabe91abc4f69e6d5b3ad from=0xf39Fd6e51aad88F6F4ce6aB8827279cffFb92266 nonce=972 recipient=0xCd4b9cDc8E9dCCF25c81BcB0D5D9912BB57a6e78 value=893,116,180,942,018
INFO [04-30|00:47:17.811] Submitted contract creation              hash=0x4888f2568c7c53edc72025d741991b94fd008499247cc310307f539be0ac3cce from=0xf39Fd6e51aad88F6F4ce6aB8827279cffFb92266 nonce=973 contract=0x88D3CAaD49fC2e8E38C812c5f4ACdd0a8B065F66 value=0
INFO [04-30|00:47:17.813] Submitted transaction                    hash=0x13c0dd58e9342dbc356fd2a0581502d4f1f829754ac4dcfaeeb15859d4e3534e from=0xf39Fd6e51aad88F6F4ce6aB8827279cffFb92266 nonce=974 recipient=0x0c9eCf9c80338f58ea2F5CB7a41BD1449FE7D293 value=893,116,180,942,018
INFO [04-30|00:47:17.815] Submitted contract creation              hash=0x8bb9e6013a5ad398d36f16fd1eb7fbc5bf22672c7c7ddc39a412f35d159158aa from=0xf39Fd6e51aad88F6F4ce6aB8827279cffFb92266 nonce=975 contract=0xAf7868a9BB72E16B930D50636519038d7F057470 value=0
INFO [04-30|00:47:17.817] Submitted transaction                    hash=0xbc439ea1a2983881361d1ceb1e5494fbcd1b3321db2c3bd4e934b2c6f761d8ed from=0xf39Fd6e51aad88F6F4ce6aB8827279cffFb92266 nonce=976 recipient=0x7444a998c994233Ac0215016c91524398561fDE8 value=893,116,180,942,018
INFO [04-30|00:47:17.818] Submitted contract creation              hash=0x9f8506f30715890bf24e22e210f23cc70f8d1d4005889e039aefd9e38bbb98c0 from=0xf39Fd6e51aad88F6F4ce6aB8827279cffFb92266 nonce=977 contract=0x99aA73dA6309b8eC484eF2C95e96C131C1BBF7a0 value=0
INFO [04-30|00:47:17.820] Submitted transaction                    hash=0xebc4398a4f69f1e06e085a87143fcd18747500dbddc1abda8165cf9aa2b52cbd from=0xf39Fd6e51aad88F6F4ce6aB8827279cffFb92266 nonce=978 recipient=0x5f9876428Dfe7701EC24B464c7E3A9E92D68e1fe value=893,116,395,289,910
INFO [04-30|00:47:18.678] Started log indexer
INFO [04-30|00:47:18.685] Starting work on payload                 id=0x03bdf9a45cd34bea
INFO [04-30|00:47:18.707] Updated payload                          id=0x03bdf9a45cd34bea number=11038 hash=6633da..966218 txs=12 withdrawals=0 gas=517,696 fees=2.774175795e-05 root=f4b2c1..62b7b6 elapsed=22.424ms
INFO [04-30|00:47:18.707] Stopping work on payload                 id=0x03bdf9a45cd34bea reason=delivery
WARN [04-30|00:47:18.716] {"level":"warn","msg":"Slow block","block":{"number":11038,"hash":"0x6633da99caa44ff36db6eb5a6ed117ce8a3b0edccfebcd54656ad8c979966218","gas_used":517696,"tx_count":12},"timing":{"execution_ms":0.432137,"state_read_ms":0.734956,"state_hash_ms":5.24292,"commit_ms":0.741596,"total_ms":7.704337},"throughput":{"mgas_per_sec":67.19539916283517},"state_reads":{"accounts":41,"storage_slots":0,"code":0,"code_bytes":0},"state_writes":{"accounts":13,"accounts_deleted":0,"storage_slots":0,"storage_slots_deleted":0,"code":6,"code_bytes":916},"cache":{"account":{"hits":30,"misses":11,"hit_rate":73.17073170731707},"storage":{"hits":0,"misses":0,"hit_rate":0},"code":{"hits":0,"misses":0,"hit_rate":0,"hit_bytes":0,"miss_bytes":0}}}
INFO [04-30|00:47:18.716] Imported new potential chain segment     number=11038 hash=6633da..966218 blocks=1 txs=12 mgas=0.518 elapsed=8.051ms  mgasps=64.299 triediffs=1.62KiB triedirty=0.00B
INFO [04-30|00:47:18.717] Chain head was updated                   number=11038 hash=6633da..966218 root=f4b2c1..62b7b6 elapsed="815.445µs"
INFO [04-30|00:47:18.886] Submitted transaction                    hash=0xcdbdb312bdb8c789c02bde4c038669c2dd3c39201245fef18f7ec00330d7e064 from=0x86bEAa1F2ef2ef3DF37Fb17EC393aD181c5A0FBD nonce=0   recipient=0x7306a649B451AE08781108445425Bd4E8AcF1E00 value=0
INFO [04-30|00:47:18.888] Submitted transaction                    hash=0x95acae65f572cab9c7845e0656bf909e19857935c7f95277bd6e31661ae4e619 from=0xC1A3a8f188cE8D9Fa39aF53Abd3eCdd6C0B17aa5 nonce=0   recipient=0x934A389CaBFB84cdB3f0260B2a4FD575b8B345A3 value=0
INFO [04-30|00:47:18.891] Submitted transaction                    hash=0x7e2dcd7510c43b1057f62c5d49cb4479c65ec35f8c5748f4992ec18e15134413 from=0xCd4b9cDc8E9dCCF25c81BcB0D5D9912BB57a6e78 nonce=0   recipient=0xB90AcF57C3BFE8e0E8215defc282B5F48b3edC74 value=0
INFO [04-30|00:47:18.893] Submitted transaction                    hash=0x358d086df33d6fae59d6dce46a9c3f98b2ffd57254fd3f71ee1647c2a2d76dbb from=0x0c9eCf9c80338f58ea2F5CB7a41BD1449FE7D293 nonce=0   recipient=0x88D3CAaD49fC2e8E38C812c5f4ACdd0a8B065F66 value=0
INFO [04-30|00:47:18.896] Submitted transaction                    hash=0xb4fb0730ffcfa1ba7f540fb32529d6affa58c03e218455d40bbf4e8596db1812 from=0x7444a998c994233Ac0215016c91524398561fDE8 nonce=0   recipient=0xAf7868a9BB72E16B930D50636519038d7F057470 value=0
INFO [04-30|00:47:18.899] Submitted transaction                    hash=0x450ee2878671c59d3adee7a60c303499c2c5e2c6c800f1e4027f960df235cd1d from=0x5f9876428Dfe7701EC24B464c7E3A9E92D68e1fe nonce=0   recipient=0x99aA73dA6309b8eC484eF2C95e96C131C1BBF7a0 value=0
INFO [04-30|00:47:28.723] Starting work on payload                 id=0x034d1390c7acf0d7
INFO [04-30|00:47:30.709] Updated payload                          id=0x034d1390c7acf0d7 number=11039 hash=2379cd..9a2d48 txs=6  withdrawals=0 gas=100,000,000 fees=0.0053586966    root=f87771..877dbe elapsed=1.985s
INFO [04-30|00:47:30.709] Stopping work on payload                 id=0x034d1390c7acf0d7 reason=delivery
WARN [04-30|00:47:32.093] {"level":"warn","msg":"Slow block","block":{"number":11039,"hash":"0x2379cda3f55ef310785314fdb15608da94419e6a03046454914cb7dc409a2d48","gas_used":100000000,"tx_count":6},"timing":{"execution_ms":558.782301,"state_read_ms":787.055958,"state_hash_ms":1.71312,"commit_ms":34.994662,"total_ms":1383.212449},"throughput":{"mgas_per_sec":72.29547425798219},"state_reads":{"accounts":18,"storage_slots":23382,"code":7,"code_bytes":2260},"state_writes":{"accounts":7,"accounts_deleted":0,"storage_slots":0,"storage_slots_deleted":0,"code":0,"code_bytes":0},"cache":{"account":{"hits":14,"misses":4,"hit_rate":77.77777777777779},"storage":{"hits":19839,"misses":3543,"hit_rate":84.84731845008982},"code":{"hits":7,"misses":0,"hit_rate":100,"hit_bytes":2260,"miss_bytes":0}}}
INFO [04-30|00:47:32.093] Imported new potential chain segment     number=11039 hash=2379cd..9a2d48 blocks=1 txs=6  mgas=100.000 elapsed=1.383s      mgasps=72.278 triediffs=2.50KiB triedirty=0.00B
INFO [04-30|00:47:32.094] Chain head was updated                   number=11039 hash=2379cd..9a2d48 root=f87771..877dbe elapsed="104.97µs"
