INFO [04-30|00:49:43.207] Starting Geth on Ethereum mainnet...
INFO [04-30|00:49:43.208] Maximum peer count                       ETH=0 total=0
INFO [04-30|00:49:43.210] Smartcard socket not found, disabling    err="stat /run/pcscd/pcscd.comm: no such file or directory"
WARN [04-30|00:49:43.211] Option --miner.etherbase is deprecated as the etherbase is set by the consensus client post-merge
WARN [04-30|00:49:43.212] Snap sync requested, resetting --cache.snapshot
INFO [04-30|00:49:43.212] Global gas cap disabled
INFO [04-30|00:49:43.865] Using developer account                  address=0xf39Fd6e51aad88F6F4ce6aB8827279cffFb92266
INFO [04-30|00:49:44.056] Using pebble as the backing database
INFO [04-30|00:49:44.056] Allocated cache and file handles         database=/home/CPerezz/bintrie-benchmarks/mpt-vs-bintrie/dbs/bt-gd5-flat/geth/chaindata cache=16.00MiB handles=524,288
INFO [04-30|00:49:45.346] Opened ancient database                  database=/home/CPerezz/bintrie-benchmarks/mpt-vs-bintrie/dbs/bt-gd5-flat/geth/chaindata/ancient/chain readonly=true
INFO [04-30|00:49:45.346] Opened Era store                         datadir=/home/CPerezz/bintrie-benchmarks/mpt-vs-bintrie/dbs/bt-gd5-flat/geth/chaindata/ancient/chain/era
INFO [04-30|00:49:45.362] Initializing the KZG library             backend=gokzg
INFO [04-30|00:49:45.365] Allocated trie memory caches             clean=0.00B dirty=0.00B
INFO [04-30|00:49:45.475] Using pebble as the backing database
INFO [04-30|00:49:45.475] Allocated cache and file handles         database=/home/CPerezz/bintrie-benchmarks/mpt-vs-bintrie/dbs/bt-gd5-flat/geth/chaindata cache=16.00MiB handles=524,288
INFO [04-30|00:49:47.118] Opened ancient database                  database=/home/CPerezz/bintrie-benchmarks/mpt-vs-bintrie/dbs/bt-gd5-flat/geth/chaindata/ancient/chain readonly=false
INFO [04-30|00:49:47.118] Opened Era store                         datadir=/home/CPerezz/bintrie-benchmarks/mpt-vs-bintrie/dbs/bt-gd5-flat/geth/chaindata/ancient/chain/era
INFO [04-30|00:49:47.120] State scheme set to already existing     scheme=path
INFO [04-30|00:49:47.120] Initialising Ethereum protocol           network=1337 dbversion=9
INFO [04-30|00:49:47.120] Load database journal from file          path=/home/CPerezz/bintrie-benchmarks/mpt-vs-bintrie/dbs/bt-gd5-flat/geth/triedb/verkle.journal
INFO [04-30|00:49:47.154] Opened ancient database                  database=/home/CPerezz/bintrie-benchmarks/mpt-vs-bintrie/dbs/bt-gd5-flat/geth/chaindata/ancient/state_verkle readonly=false
INFO [04-30|00:49:47.154] Initialized path database                triecache=0.00B statecache=0.00B buffer=0.00B state-history="last 90000 blocks" journal-dir=/home/CPerezz/bintrie-benchmarks/mpt-vs-bintrie/dbs/bt-gd5-flat/geth/triedb verkle=true
INFO [04-30|00:49:47.154] 
INFO [04-30|00:49:47.154] ---------------------------------------------------------------------------------------------------------------------------------------------------------
INFO [04-30|00:49:47.154] Chain ID:  1337 (unknown)
INFO [04-30|00:49:47.154] Consensus: unknown
INFO [04-30|00:49:47.154] 
INFO [04-30|00:49:47.154] Pre-Merge hard forks (block based):
INFO [04-30|00:49:47.154]  - Homestead:                   #0       
INFO [04-30|00:49:47.154]  - Tangerine Whistle (EIP 150): #0       
INFO [04-30|00:49:47.154]  - Spurious Dragon/1 (EIP 155): #0       
INFO [04-30|00:49:47.154]  - Spurious Dragon/2 (EIP 158): #0       
INFO [04-30|00:49:47.154]  - Byzantium:                   #0       
INFO [04-30|00:49:47.154]  - Constantinople:              #0       
INFO [04-30|00:49:47.154]  - Petersburg:                  #0       
INFO [04-30|00:49:47.154]  - Istanbul:                    #0       
INFO [04-30|00:49:47.154]  - Muir Glacier:                #0       
INFO [04-30|00:49:47.154]  - Berlin:                      #0       
INFO [04-30|00:49:47.154]  - London:                      #0       
INFO [04-30|00:49:47.154]  - Arrow Glacier:               #0       
INFO [04-30|00:49:47.154]  - Gray Glacier:                #0       
INFO [04-30|00:49:47.154] 
INFO [04-30|00:49:47.154] Merge configured:
INFO [04-30|00:49:47.154]  - Total terminal difficulty:  0
INFO [04-30|00:49:47.154]  - Merge netsplit block:       #0       
INFO [04-30|00:49:47.154] 
INFO [04-30|00:49:47.154] Post-Merge hard forks (timestamp based):
INFO [04-30|00:49:47.154]  - Shanghai:                    @0         
INFO [04-30|00:49:47.154]  - Cancun:                      @0          blob: (target: 3, max: 6, fraction: 3338477)
INFO [04-30|00:49:47.154]  - Prague:                      @0          blob: (target: 6, max: 9, fraction: 5225352)
INFO [04-30|00:49:47.154]  - Osaka:                       @0          blob: (target: 9, max: 12, fraction: 5225352)
INFO [04-30|00:49:47.154]  - Verkle:                      @0          blob: (nil)
INFO [04-30|00:49:47.154] 
INFO [04-30|00:49:47.154] All fork specifications can be found at https://ethereum.github.io/execution-specs/src/ethereum/forks/
INFO [04-30|00:49:47.154] 
INFO [04-30|00:49:47.154] ---------------------------------------------------------------------------------------------------------------------------------------------------------
INFO [04-30|00:49:47.154] 
INFO [04-30|00:49:47.154] Loaded most recent local block           number=11050 hash=615cdd..c6052b age=12s
INFO [04-30|00:49:47.154] Loaded most recent local finalized block number=11040 hash=f618a3..5eb705 age=2m6s
INFO [04-30|00:49:47.155] Initialized transaction indexer          range="last 2350000 blocks"
INFO [04-30|00:49:47.155] Initialized log indexer                  firstblock=0 lastblock=11050 firstmap=0 lastmap=3 headindexed=true
INFO [04-30|00:49:47.180] Enabled full-sync                        head=11050 hash=615cdd..c6052b
INFO [04-30|00:49:47.180] Unprotected transactions allowed
INFO [04-30|00:49:47.180] Gasprice oracle is ignoring threshold set threshold=2
WARN [04-30|00:49:47.180] Unclean shutdown detected                booted=2026-04-29T08:22:10+0200 age=16h27m37s
WARN [04-30|00:49:47.180] Unclean shutdown detected                booted=2026-04-29T23:46:41+0200 age=1h3m6s
WARN [04-30|00:49:47.180] Unclean shutdown detected                booted=2026-04-29T23:49:20+0200 age=1h27s
WARN [04-30|00:49:47.180] Unclean shutdown detected                booted=2026-04-29T23:50:23+0200 age=59m24s
INFO [04-30|00:49:47.180] Registered sync override service
WARN [04-30|00:49:47.180] You are running Geth in --dev mode. Please note the following:
WARN [04-30|00:49:47.180] 
WARN [04-30|00:49:47.180]   1. This mode is only intended for fast, iterative development without assumptions on
WARN [04-30|00:49:47.181]      security or persistence.
WARN [04-30|00:49:47.181]   2. The database is created in memory unless specified otherwise. Therefore, shutting down
WARN [04-30|00:49:47.181]      your computer or losing power will wipe your entire block data and chain state for
WARN [04-30|00:49:47.181]      your dev environment.
WARN [04-30|00:49:47.181]   3. A random, pre-allocated developer account will be available and unlocked as
WARN [04-30|00:49:47.181]      eth.coinbase, which can be used for testing. The random dev account is temporary,
WARN [04-30|00:49:47.181]      stored on a ramdisk, and will be lost if your machine is restarted.
WARN [04-30|00:49:47.181]   4. Mining is enabled by default. However, the client will only seal blocks if transactions
WARN [04-30|00:49:47.181]      are pending in the mempool. The miner's minimum accepted gas price is 1.
WARN [04-30|00:49:47.181]   5. Networking is disabled; there is no listen-address, the maximum number of peers is set
WARN [04-30|00:49:47.181]      to 0, and discovery is disabled.
WARN [04-30|00:49:47.181] 
INFO [04-30|00:49:47.181] Starting peer-to-peer node               instance=Geth/v1.17.3-unstable-7d2e7cbe-20260415/linux-amd64/go1.24.1
WARN [04-30|00:49:47.181] P2P server will be useless, neither dialing nor listening
INFO [04-30|00:49:47.186] IPC endpoint opened                      url=/home/CPerezz/bintrie-benchmarks/mpt-vs-bintrie/dbs/bt-gd5-flat/geth.ipc
ERROR[04-30|00:49:47.186] Unavailable modules in HTTP API list     unavailable=[personal] available="[admin debug web3 eth txpool miner net dev testing]"
INFO [04-30|00:49:47.187] New local node record                    seq=1,777,300,782,084 id=7b2b1a18a5d9e6d9 ip=127.0.0.1 udp=0 tcp=0
INFO [04-30|00:49:47.187] Started P2P networking                   self=enode://c8864a9bfd3b61c44e854a4678f69f18717dec204477a230feae3bea75d7354d5ded62396550f30f6df7ffb11c73e275d3183b71a6cda36e7353bb5efa6c1928@127.0.0.1:0
INFO [04-30|00:49:47.187] HTTP server started                      endpoint=[::]:8545 auth=false prefix= cors= vhosts=localhost
INFO [04-30|00:49:47.187] WebSocket enabled                        url=ws://[::]:8546
INFO [04-30|00:49:47.845] Loaded local transaction journal         transactions=13551 dropped=0
INFO [04-30|00:49:48.172] Submitted contract creation              hash=0x3fd917c04017933df7c086d92b059f0e10af91775ac6c2eb0992fdb10aa81112 from=0xf39Fd6e51aad88F6F4ce6aB8827279cffFb92266 nonce=1039 contract=0x94A44de106112A761B69dFBEB1ac6cfdD1B80304 value=0
INFO [04-30|00:49:48.173] Submitted transaction                    hash=0x7caa318d3fe53f1c3e5a09fb9aa7af87f40e3e8391da9e207cc3a1817c6ca609 from=0xf39Fd6e51aad88F6F4ce6aB8827279cffFb92266 nonce=1040 recipient=0x56FfB7e09cD59876e2Dcd9DeA23a786D61f9221E value=2,679,348,359,492,728
INFO [04-30|00:49:48.175] Submitted contract creation              hash=0xeabbb119b003e3759e8882dcc91b659f67a068a8a3957009e3146d5394c9be18 from=0xf39Fd6e51aad88F6F4ce6aB8827279cffFb92266 nonce=1041 contract=0xCD75Ddf910A204d36Fc2f86e776f9d7B97A34817 value=0
INFO [04-30|00:49:48.177] Submitted transaction                    hash=0xffe37dd331bbf991af8e6ef38dbc69cf617ff9812e065409fca308206cd9cbee from=0xf39Fd6e51aad88F6F4ce6aB8827279cffFb92266 nonce=1042 recipient=0xF10BbA86c653C8771980831E5fd840E0F24aAb4a value=2,679,348,359,492,728
INFO [04-30|00:49:48.178] Submitted contract creation              hash=0xcd34a738b01301a279f7ecfcc5e0aac8c55a717a963351182c91aeea7e162b2b from=0xf39Fd6e51aad88F6F4ce6aB8827279cffFb92266 nonce=1043 contract=0xaA43293a7419942736633f682c3b7002f49232AE value=0
INFO [04-30|00:49:48.180] Submitted transaction                    hash=0x84ede977be725691d897f9cd5a279cebdd80b3b410302b0a4f36cc0b610f2847 from=0xf39Fd6e51aad88F6F4ce6aB8827279cffFb92266 nonce=1044 recipient=0x9B9D6A4B6A344EC1328c3168fCE40c2026B4eafd value=2,679,348,359,492,728
INFO [04-30|00:49:48.182] Submitted contract creation              hash=0x04eae5627eabaccd7a22fdbef61d34822c52fcbd3e058a50a1f2a06b53e822e6 from=0xf39Fd6e51aad88F6F4ce6aB8827279cffFb92266 nonce=1045 contract=0x5d423e3eb3948873aC1b86F18dC47B4Ec4557482 value=0
INFO [04-30|00:49:48.184] Submitted transaction                    hash=0x85dba1b9d4d0f9b048af5a28623a86e05b2442d9196284be8cf9c736d424d9ea from=0xf39Fd6e51aad88F6F4ce6aB8827279cffFb92266 nonce=1046 recipient=0x2fC3E765A3221e2aC1A822cb02EA19b341D10476 value=2,679,348,359,492,728
INFO [04-30|00:49:48.185] Submitted contract creation              hash=0xa6b88776dfc3294efa8571cfe9c34291caff65bebc13784e4e93c592a5e03b63 from=0xf39Fd6e51aad88F6F4ce6aB8827279cffFb92266 nonce=1047 contract=0xA272fB0D17DC50652Fda5cF1651C6f8f21Fb02A8 value=0
INFO [04-30|00:49:48.187] Submitted transaction                    hash=0x44ab02135b2560963f1910f42211cff6ef9b0e352c43b387a5d0403cb9c0967e from=0xf39Fd6e51aad88F6F4ce6aB8827279cffFb92266 nonce=1048 recipient=0xd2805A89937f1e22841D97CFCCfB531D5000dF7b value=2,679,348,359,492,728
INFO [04-30|00:49:48.189] Submitted contract creation              hash=0xc1c7952785c001b8869500e7e36a08d7cd552d4875ae66d6bf4d613f7a87b7d0 from=0xf39Fd6e51aad88F6F4ce6aB8827279cffFb92266 nonce=1049 contract=0x11457D5b1025D162F3d9B7dBeab6E1fBca20e043 value=0
INFO [04-30|00:49:48.190] Submitted transaction                    hash=0x23d0bc3d86c90ab9217eaea97361e4b7cf35bc49ffabced6a900b9ea1636dd20 from=0xf39Fd6e51aad88F6F4ce6aB8827279cffFb92266 nonce=1050 recipient=0x54725715A17a34F853a2095c367649887a790d12 value=2,679,349,002,536,360
INFO [04-30|00:49:49.050] Started log indexer
INFO [04-30|00:49:49.055] Starting work on payload                 id=0x03b963618adadc3a
INFO [04-30|00:49:49.081] Updated payload                          id=0x03b963618adadc3a number=11051 hash=a4b815..61d9bf txs=12 withdrawals=0 gas=517,696 fees=8.32252754e-05 root=322805..557a74 elapsed=25.939ms
INFO [04-30|00:49:49.082] Stopping work on payload                 id=0x03b963618adadc3a reason=delivery
WARN [04-30|00:49:49.089] {"level":"warn","msg":"Slow block","block":{"number":11051,"hash":"0xa4b815953d5ba8c489d6281777444ed5a6276d1104434e261acc9eafa261d9bf","gas_used":517696,"tx_count":12},"timing":{"execution_ms":0.478577,"state_read_ms":0.823086,"state_hash_ms":4.777324,"commit_ms":0.774525,"total_ms":7.21315},"throughput":{"mgas_per_sec":71.77114020920125},"state_reads":{"accounts":41,"storage_slots":0,"code":0,"code_bytes":0},"state_writes":{"accounts":13,"accounts_deleted":0,"storage_slots":0,"storage_slots_deleted":0,"code":6,"code_bytes":916},"cache":{"account":{"hits":29,"misses":12,"hit_rate":70.73170731707317},"storage":{"hits":0,"misses":0,"hit_rate":0},"code":{"hits":0,"misses":0,"hit_rate":0,"hit_bytes":0,"miss_bytes":0}}}
INFO [04-30|00:49:49.089] Imported new potential chain segment     number=11051 hash=a4b815..61d9bf blocks=1 txs=12 mgas=0.518 elapsed=7.532ms  mgasps=68.724 triediffs=1.62KiB triedirty=0.00B
INFO [04-30|00:49:49.090] Chain head was updated                   number=11051 hash=a4b815..61d9bf root=322805..557a74 elapsed="803.956µs"
INFO [04-30|00:49:49.273] Submitted transaction                    hash=0xb90abce7cd7434d7c1f94760c6a7bf56c20ed80012fbd0782c16734c1a46c12c from=0x56FfB7e09cD59876e2Dcd9DeA23a786D61f9221E nonce=0    recipient=0x94A44de106112A761B69dFBEB1ac6cfdD1B80304 value=0
INFO [04-30|00:49:49.276] Submitted transaction                    hash=0xed6e49fe953c6cf8f637e645934b54bdb1dfcda3680baeac70a6c722a5d3ad94 from=0xF10BbA86c653C8771980831E5fd840E0F24aAb4a nonce=0    recipient=0xCD75Ddf910A204d36Fc2f86e776f9d7B97A34817 value=0
INFO [04-30|00:49:49.279] Submitted transaction                    hash=0x66279623fdaf9ac3241c4bb173bb50fb5dc65006ca84a8066871f4c3e19d52d2 from=0x9B9D6A4B6A344EC1328c3168fCE40c2026B4eafd nonce=0    recipient=0xaA43293a7419942736633f682c3b7002f49232AE value=0
INFO [04-30|00:49:49.282] Submitted transaction                    hash=0x1d44405febb00859dfad8b0b13183c08fead992a3c0db96542ee9bbd646d327f from=0x2fC3E765A3221e2aC1A822cb02EA19b341D10476 nonce=0    recipient=0x5d423e3eb3948873aC1b86F18dC47B4Ec4557482 value=0
INFO [04-30|00:49:49.285] Submitted transaction                    hash=0x6a87cdd479f6f7a8ced5365e89a4761588c045a02ceaf71f39b6b558015a0525 from=0xd2805A89937f1e22841D97CFCCfB531D5000dF7b nonce=0    recipient=0xA272fB0D17DC50652Fda5cF1651C6f8f21Fb02A8 value=0
INFO [04-30|00:49:49.288] Submitted transaction                    hash=0xfa56fe665fb1930bb42bbf743175dd8499bb191fdfb973869b4024129d0d3e9b from=0x54725715A17a34F853a2095c367649887a790d12 nonce=0    recipient=0x11457D5b1025D162F3d9B7dBeab6E1fBca20e043 value=0
INFO [04-30|00:49:59.097] Starting work on payload                 id=0x03620c4f91f73f30
INFO [04-30|00:50:01.066] Updated payload                          id=0x03620c4f91f73f30 number=11052 hash=521ad8..90ab82 txs=6  withdrawals=0 gas=100,000,000 fees=0.0160760901   root=985c79..43c594 elapsed=1.968s
INFO [04-30|00:50:01.066] Stopping work on payload                 id=0x03620c4f91f73f30 reason=delivery
WARN [04-30|00:50:02.533] {"level":"warn","msg":"Slow block","block":{"number":11052,"hash":"0x521ad81a02cdec49d454973ff19baae71b0a2547ee542de53bc3553afa90ab82","gas_used":100000000,"tx_count":6},"timing":{"execution_ms":586.008711,"state_read_ms":848.80613,"state_hash_ms":1.545811,"commit_ms":28.884638,"total_ms":1466.111357},"throughput":{"mgas_per_sec":68.20764297510316},"state_reads":{"accounts":18,"storage_slots":23382,"code":7,"code_bytes":2260},"state_writes":{"accounts":7,"accounts_deleted":0,"storage_slots":0,"storage_slots_deleted":0,"code":0,"code_bytes":0},"cache":{"account":{"hits":13,"misses":5,"hit_rate":72.22222222222221},"storage":{"hits":19836,"misses":3546,"hit_rate":84.83448806774442},"code":{"hits":7,"misses":0,"hit_rate":100,"hit_bytes":2260,"miss_bytes":0}}}
INFO [04-30|00:50:02.533] Imported new potential chain segment     number=11052 hash=521ad8..90ab82 blocks=1 txs=6  mgas=100.000 elapsed=1.466s      mgasps=68.196 triediffs=2.50KiB triedirty=0.00B
INFO [04-30|00:50:02.534] Chain head was updated                   number=11052 hash=521ad8..90ab82 root=985c79..43c594 elapsed="97.78µs"
