INFO [04-30|00:50:06.233] Starting Geth on Ethereum mainnet...
INFO [04-30|00:50:06.234] Maximum peer count                       ETH=0 total=0
INFO [04-30|00:50:06.235] Smartcard socket not found, disabling    err="stat /run/pcscd/pcscd.comm: no such file or directory"
WARN [04-30|00:50:06.236] Option --miner.etherbase is deprecated as the etherbase is set by the consensus client post-merge
WARN [04-30|00:50:06.238] Snap sync requested, resetting --cache.snapshot
INFO [04-30|00:50:06.238] Global gas cap disabled
INFO [04-30|00:50:06.882] Using developer account                  address=0xf39Fd6e51aad88F6F4ce6aB8827279cffFb92266
INFO [04-30|00:50:07.074] Using pebble as the backing database
INFO [04-30|00:50:07.074] Allocated cache and file handles         database=/home/CPerezz/bintrie-benchmarks/mpt-vs-bintrie/dbs/bt-gd5-flat/geth/chaindata cache=16.00MiB handles=524,288
INFO [04-30|00:50:08.368] Opened ancient database                  database=/home/CPerezz/bintrie-benchmarks/mpt-vs-bintrie/dbs/bt-gd5-flat/geth/chaindata/ancient/chain readonly=true
INFO [04-30|00:50:08.368] Opened Era store                         datadir=/home/CPerezz/bintrie-benchmarks/mpt-vs-bintrie/dbs/bt-gd5-flat/geth/chaindata/ancient/chain/era
INFO [04-30|00:50:08.384] Initializing the KZG library             backend=gokzg
INFO [04-30|00:50:08.387] Allocated trie memory caches             clean=0.00B dirty=0.00B
INFO [04-30|00:50:08.512] Using pebble as the backing database
INFO [04-30|00:50:08.512] Allocated cache and file handles         database=/home/CPerezz/bintrie-benchmarks/mpt-vs-bintrie/dbs/bt-gd5-flat/geth/chaindata cache=16.00MiB handles=524,288
INFO [04-30|00:50:10.073] Opened ancient database                  database=/home/CPerezz/bintrie-benchmarks/mpt-vs-bintrie/dbs/bt-gd5-flat/geth/chaindata/ancient/chain readonly=false
INFO [04-30|00:50:10.073] Opened Era store                         datadir=/home/CPerezz/bintrie-benchmarks/mpt-vs-bintrie/dbs/bt-gd5-flat/geth/chaindata/ancient/chain/era
INFO [04-30|00:50:10.075] State scheme set to already existing     scheme=path
INFO [04-30|00:50:10.075] Initialising Ethereum protocol           network=1337 dbversion=9
INFO [04-30|00:50:10.076] Load database journal from file          path=/home/CPerezz/bintrie-benchmarks/mpt-vs-bintrie/dbs/bt-gd5-flat/geth/triedb/verkle.journal
INFO [04-30|00:50:10.118] Opened ancient database                  database=/home/CPerezz/bintrie-benchmarks/mpt-vs-bintrie/dbs/bt-gd5-flat/geth/chaindata/ancient/state_verkle readonly=false
INFO [04-30|00:50:10.118] Initialized path database                triecache=0.00B statecache=0.00B buffer=0.00B state-history="last 90000 blocks" journal-dir=/home/CPerezz/bintrie-benchmarks/mpt-vs-bintrie/dbs/bt-gd5-flat/geth/triedb verkle=true
INFO [04-30|00:50:10.118] 
INFO [04-30|00:50:10.118] ---------------------------------------------------------------------------------------------------------------------------------------------------------
INFO [04-30|00:50:10.118] Chain ID:  1337 (unknown)
INFO [04-30|00:50:10.118] Consensus: unknown
INFO [04-30|00:50:10.118] 
INFO [04-30|00:50:10.118] Pre-Merge hard forks (block based):
INFO [04-30|00:50:10.118]  - Homestead:                   #0       
INFO [04-30|00:50:10.118]  - Tangerine Whistle (EIP 150): #0       
INFO [04-30|00:50:10.118]  - Spurious Dragon/1 (EIP 155): #0       
INFO [04-30|00:50:10.118]  - Spurious Dragon/2 (EIP 158): #0       
INFO [04-30|00:50:10.118]  - Byzantium:                   #0       
INFO [04-30|00:50:10.118]  - Constantinople:              #0       
INFO [04-30|00:50:10.118]  - Petersburg:                  #0       
INFO [04-30|00:50:10.118]  - Istanbul:                    #0       
INFO [04-30|00:50:10.118]  - Muir Glacier:                #0       
INFO [04-30|00:50:10.118]  - Berlin:                      #0       
INFO [04-30|00:50:10.118]  - London:                      #0       
INFO [04-30|00:50:10.118]  - Arrow Glacier:               #0       
INFO [04-30|00:50:10.118]  - Gray Glacier:                #0       
INFO [04-30|00:50:10.118] 
INFO [04-30|00:50:10.118] Merge configured:
INFO [04-30|00:50:10.118]  - Total terminal difficulty:  0
INFO [04-30|00:50:10.118]  - Merge netsplit block:       #0       
INFO [04-30|00:50:10.118] 
INFO [04-30|00:50:10.118] Post-Merge hard forks (timestamp based):
INFO [04-30|00:50:10.118]  - Shanghai:                    @0         
INFO [04-30|00:50:10.118]  - Cancun:                      @0          blob: (target: 3, max: 6, fraction: 3338477)
INFO [04-30|00:50:10.118]  - Prague:                      @0          blob: (target: 6, max: 9, fraction: 5225352)
INFO [04-30|00:50:10.118]  - Osaka:                       @0          blob: (target: 9, max: 12, fraction: 5225352)
INFO [04-30|00:50:10.118]  - Verkle:                      @0          blob: (nil)
INFO [04-30|00:50:10.118] 
INFO [04-30|00:50:10.118] All fork specifications can be found at https://ethereum.github.io/execution-specs/src/ethereum/forks/
INFO [04-30|00:50:10.118] 
INFO [04-30|00:50:10.118] ---------------------------------------------------------------------------------------------------------------------------------------------------------
INFO [04-30|00:50:10.118] 
INFO [04-30|00:50:10.119] Loaded most recent local block           number=11052 hash=521ad8..90ab82 age=11s
INFO [04-30|00:50:10.119] Loaded most recent local finalized block number=11040 hash=f618a3..5eb705 age=2m29s
INFO [04-30|00:50:10.119] Initialized transaction indexer          range="last 2350000 blocks"
INFO [04-30|00:50:10.119] Initialized log indexer                  firstblock=0 lastblock=11052 firstmap=0 lastmap=3 headindexed=true
INFO [04-30|00:50:10.145] Enabled full-sync                        head=11052 hash=521ad8..90ab82
INFO [04-30|00:50:10.145] Unprotected transactions allowed
INFO [04-30|00:50:10.145] Gasprice oracle is ignoring threshold set threshold=2
WARN [04-30|00:50:10.145] Unclean shutdown detected                booted=2026-04-29T08:22:10+0200 age=16h28m
WARN [04-30|00:50:10.145] Unclean shutdown detected                booted=2026-04-29T23:46:41+0200 age=1h3m29s
WARN [04-30|00:50:10.145] Unclean shutdown detected                booted=2026-04-29T23:49:20+0200 age=1h50s
WARN [04-30|00:50:10.145] Unclean shutdown detected                booted=2026-04-29T23:50:23+0200 age=59m47s
INFO [04-30|00:50:10.146] Registered sync override service
WARN [04-30|00:50:10.146] You are running Geth in --dev mode. Please note the following:
WARN [04-30|00:50:10.146] 
WARN [04-30|00:50:10.146]   1. This mode is only intended for fast, iterative development without assumptions on
WARN [04-30|00:50:10.146]      security or persistence.
WARN [04-30|00:50:10.146]   2. The database is created in memory unless specified otherwise. Therefore, shutting down
WARN [04-30|00:50:10.146]      your computer or losing power will wipe your entire block data and chain state for
WARN [04-30|00:50:10.146]      your dev environment.
WARN [04-30|00:50:10.146]   3. A random, pre-allocated developer account will be available and unlocked as
WARN [04-30|00:50:10.146]      eth.coinbase, which can be used for testing. The random dev account is temporary,
WARN [04-30|00:50:10.146]      stored on a ramdisk, and will be lost if your machine is restarted.
WARN [04-30|00:50:10.146]   4. Mining is enabled by default. However, the client will only seal blocks if transactions
WARN [04-30|00:50:10.146]      are pending in the mempool. The miner's minimum accepted gas price is 1.
WARN [04-30|00:50:10.146]   5. Networking is disabled; there is no listen-address, the maximum number of peers is set
WARN [04-30|00:50:10.146]      to 0, and discovery is disabled.
WARN [04-30|00:50:10.146] 
INFO [04-30|00:50:10.146] Starting peer-to-peer node               instance=Geth/v1.17.3-unstable-7d2e7cbe-20260415/linux-amd64/go1.24.1
WARN [04-30|00:50:10.146] P2P server will be useless, neither dialing nor listening
INFO [04-30|00:50:10.151] New local node record                    seq=1,777,300,782,085 id=7b2b1a18a5d9e6d9 ip=127.0.0.1 udp=0 tcp=0
INFO [04-30|00:50:10.151] Started P2P networking                   self=enode://c8864a9bfd3b61c44e854a4678f69f18717dec204477a230feae3bea75d7354d5ded62396550f30f6df7ffb11c73e275d3183b71a6cda36e7353bb5efa6c1928@127.0.0.1:0
INFO [04-30|00:50:10.151] IPC endpoint opened                      url=/home/CPerezz/bintrie-benchmarks/mpt-vs-bintrie/dbs/bt-gd5-flat/geth.ipc
ERROR[04-30|00:50:10.152] Unavailable modules in HTTP API list     unavailable=[personal] available="[admin debug web3 eth txpool miner net dev testing]"
INFO [04-30|00:50:10.152] HTTP server started                      endpoint=[::]:8545 auth=false prefix= cors= vhosts=localhost
INFO [04-30|00:50:10.153] WebSocket enabled                        url=ws://[::]:8546
INFO [04-30|00:50:10.839] Loaded local transaction journal         transactions=13569 dropped=0
INFO [04-30|00:50:11.233] Submitted contract creation              hash=0x1239bc8b1a78e70ccdf6a6f220a205cabf13ed25f6eee6aaa627e60f10675fb1 from=0xf39Fd6e51aad88F6F4ce6aB8827279cffFb92266 nonce=1051 contract=0x06d649F55a82738A7B0ECa43be3ACEFbD9956880 value=0
INFO [04-30|00:50:11.235] Submitted transaction                    hash=0x2655836780ba3b33454ab99c355417a4a25b8bf92bf2b25808f287e7450ed886 from=0xf39Fd6e51aad88F6F4ce6aB8827279cffFb92266 nonce=1052 recipient=0x95871289D0a3bAfb065AEc4a0552906937bcdBE3 value=2,679,348,359,492,728
INFO [04-30|00:50:11.237] Submitted contract creation              hash=0xa7e06d4c033f46f2d4aa48a6ab2750e781af725531dc9b25519e6653c5fb6bc8 from=0xf39Fd6e51aad88F6F4ce6aB8827279cffFb92266 nonce=1053 contract=0x37D85d30aC1C7Bfa6a09e8096171e2977edb52cc value=0
INFO [04-30|00:50:11.239] Submitted transaction                    hash=0x6c02dd3b5f4672cfdd97c3c7280bd55d487dc3d98769adf88757994a41f79c8d from=0xf39Fd6e51aad88F6F4ce6aB8827279cffFb92266 nonce=1054 recipient=0xdAa950a027F305eE8c704371C18452EA63b2E114 value=2,679,348,359,492,728
INFO [04-30|00:50:11.241] Submitted contract creation              hash=0x325d78b02451737adfce699f3b71e9af7a25c2904106583a174c0747e33e9758 from=0xf39Fd6e51aad88F6F4ce6aB8827279cffFb92266 nonce=1055 contract=0x6d055A4babb2A0d1B3Abb32937DB437210be6161 value=0
INFO [04-30|00:50:11.243] Submitted transaction                    hash=0xfb3e2fa4d64b2b659a91beb8babe78b99048cce871278a6a198c5c3e23218bd1 from=0xf39Fd6e51aad88F6F4ce6aB8827279cffFb92266 nonce=1056 recipient=0x5f142f1b65811b075246E781b6017fC86Ad54a4D value=2,679,348,359,492,728
INFO [04-30|00:50:11.244] Submitted contract creation              hash=0x00f85bbd3a5df88936b58c0a24a2f1cdce6baf4578fd6fdf8fc97b61e1313a81 from=0xf39Fd6e51aad88F6F4ce6aB8827279cffFb92266 nonce=1057 contract=0x76a5A3a1eC8AA32d7Fc7BD7D4Cd9c779a59Ef881 value=0
INFO [04-30|00:50:11.246] Submitted transaction                    hash=0x821c04a97c0788c41018776391eaada30e7af68bc5bf0e811545eecda307bdc5 from=0xf39Fd6e51aad88F6F4ce6aB8827279cffFb92266 nonce=1058 recipient=0x491aA1c758C80DE17d4025E53A36E61F842e267F value=2,679,348,359,492,728
INFO [04-30|00:50:11.248] Submitted contract creation              hash=0x0097789a38dec37c6080dd1c0151fcf914928d8bd325da0301135316b931aaab from=0xf39Fd6e51aad88F6F4ce6aB8827279cffFb92266 nonce=1059 contract=0xfA898de6CcE1715a14F579c316C6cfd7F869655B value=0
INFO [04-30|00:50:11.250] Submitted transaction                    hash=0x937534e5c96a7517b4a6233fac34658a87d8542ee50b8644e16bdf06ad32d661 from=0xf39Fd6e51aad88F6F4ce6aB8827279cffFb92266 nonce=1060 recipient=0x8c41d9A991852CC466523E097210F282eff13604 value=2,679,348,359,492,728
INFO [04-30|00:50:11.253] Submitted contract creation              hash=0x871817a90490f49d8ae512b4b77a016cc661ee0f30c790a910cdc95f3d7ca3dc from=0xf39Fd6e51aad88F6F4ce6aB8827279cffFb92266 nonce=1061 contract=0x33CDe30fF16bC06D9b94987a8269B69DBF321937 value=0
INFO [04-30|00:50:11.255] Submitted transaction                    hash=0x8046d732ebbab6781226d5c0deae5fdff447fd14759f19c6c53d5f4fda9d8578 from=0xf39Fd6e51aad88F6F4ce6aB8827279cffFb92266 nonce=1062 recipient=0x9C56e8b22123949C4397eCab098bc95b9EC55CbA value=2,679,349,002,536,360
INFO [04-30|00:50:12.001] Started log indexer
INFO [04-30|00:50:12.007] Starting work on payload                 id=0x031ca1ebe9d9df6e
INFO [04-30|00:50:12.037] Updated payload                          id=0x031ca1ebe9d9df6e number=11053 hash=e98134..79bf99 txs=12 withdrawals=0 gas=517,696 fees=8.32252754e-05 root=785ed0..96c85e elapsed=29.021ms
INFO [04-30|00:50:12.037] Stopping work on payload                 id=0x031ca1ebe9d9df6e reason=delivery
WARN [04-30|00:50:12.046] {"level":"warn","msg":"Slow block","block":{"number":11053,"hash":"0xe9813474dc5a3ed2dc2c599da9a791cd944b5b10e3c75d0ac1cf6ecde479bf99","gas_used":517696,"tx_count":12},"timing":{"execution_ms":0.241748,"state_read_ms":0.517637,"state_hash_ms":6.789602,"commit_ms":0.982044,"total_ms":8.807491},"throughput":{"mgas_per_sec":58.77905523831929},"state_reads":{"accounts":41,"storage_slots":0,"code":0,"code_bytes":0},"state_writes":{"accounts":13,"accounts_deleted":0,"storage_slots":0,"storage_slots_deleted":0,"code":6,"code_bytes":916},"cache":{"account":{"hits":28,"misses":13,"hit_rate":68.29268292682927},"storage":{"hits":0,"misses":0,"hit_rate":0},"code":{"hits":0,"misses":0,"hit_rate":0,"hit_bytes":0,"miss_bytes":0}}}
INFO [04-30|00:50:12.046] Imported new potential chain segment     number=11053 hash=e98134..79bf99 blocks=1 txs=12 mgas=0.518 elapsed=9.119ms  mgasps=56.770 triediffs=1.62KiB triedirty=0.00B
INFO [04-30|00:50:12.047] Chain head was updated                   number=11053 hash=e98134..79bf99 root=785ed0..96c85e elapsed="847.795µs"
INFO [04-30|00:50:12.318] Submitted transaction                    hash=0xa587a4b102975eaac62c5e7ba54a73c2510a4ea77c97075216a92a3e4f76f8d4 from=0x95871289D0a3bAfb065AEc4a0552906937bcdBE3 nonce=0    recipient=0x06d649F55a82738A7B0ECa43be3ACEFbD9956880 value=0
INFO [04-30|00:50:12.320] Submitted transaction                    hash=0x3ad2de97d94b11c778cc8c95c630b82a5412d19a9b498798b5c8d2bae67b077e from=0xdAa950a027F305eE8c704371C18452EA63b2E114 nonce=0    recipient=0x37D85d30aC1C7Bfa6a09e8096171e2977edb52cc value=0
INFO [04-30|00:50:12.323] Submitted transaction                    hash=0x4b82265b3ad86d4a431696ec40c57a7ef43820afef214c6950750e1f7be0e727 from=0x5f142f1b65811b075246E781b6017fC86Ad54a4D nonce=0    recipient=0x6d055A4babb2A0d1B3Abb32937DB437210be6161 value=0
INFO [04-30|00:50:12.325] Submitted transaction                    hash=0x163286fa09de1b4131faa95f80266def81d79a74eb6e94e6ac671265d02bc66f from=0x491aA1c758C80DE17d4025E53A36E61F842e267F nonce=0    recipient=0x76a5A3a1eC8AA32d7Fc7BD7D4Cd9c779a59Ef881 value=0
INFO [04-30|00:50:12.327] Submitted transaction                    hash=0xe6a441734ad6e091807ed22366df4dacffcb97bc196976f06952ad580c90a9a6 from=0x8c41d9A991852CC466523E097210F282eff13604 nonce=0    recipient=0xfA898de6CcE1715a14F579c316C6cfd7F869655B value=0
INFO [04-30|00:50:12.329] Submitted transaction                    hash=0x0ee5f8add1677adcffcb0fa15598551f232c4199de90fe98946341fda66c7968 from=0x9C56e8b22123949C4397eCab098bc95b9EC55CbA nonce=0    recipient=0x33CDe30fF16bC06D9b94987a8269B69DBF321937 value=0
INFO [04-30|00:50:22.053] Starting work on payload                 id=0x034d1182c93863e9
INFO [04-30|00:50:23.996] Updated payload                          id=0x034d1182c93863e9 number=11054 hash=529259..cf8c2a txs=6  withdrawals=0 gas=100,000,000 fees=0.0160760901   root=543dac..31a6e2 elapsed=1.942s
INFO [04-30|00:50:23.996] Stopping work on payload                 id=0x034d1182c93863e9 reason=delivery
WARN [04-30|00:50:25.414] {"level":"warn","msg":"Slow block","block":{"number":11054,"hash":"0x5292594d2fb1d0a441dab083b8662857c73813747d2a5678bcb3c93c52cf8c2a","gas_used":100000000,"tx_count":6},"timing":{"execution_ms":553.140868,"state_read_ms":825.079438,"state_hash_ms":1.74305,"commit_ms":34.877404,"total_ms":1415.342368},"throughput":{"mgas_per_sec":70.65428285122883},"state_reads":{"accounts":18,"storage_slots":23382,"code":7,"code_bytes":2260},"state_writes":{"accounts":7,"accounts_deleted":0,"storage_slots":0,"storage_slots_deleted":0,"code":0,"code_bytes":0},"cache":{"account":{"hits":13,"misses":5,"hit_rate":72.22222222222221},"storage":{"hits":19835,"misses":3547,"hit_rate":84.83021127362929},"code":{"hits":7,"misses":0,"hit_rate":100,"hit_bytes":2260,"miss_bytes":0}}}
INFO [04-30|00:50:25.414] Imported new potential chain segment     number=11054 hash=529259..cf8c2a blocks=1 txs=6  mgas=100.000 elapsed=1.415s      mgasps=70.636 triediffs=2.50KiB triedirty=0.00B
INFO [04-30|00:50:25.415] Chain head was updated                   number=11054 hash=529259..cf8c2a root=543dac..31a6e2 elapsed="93.07µs"
