INFO [04-30|00:47:35.944] Starting Geth on Ethereum mainnet...
INFO [04-30|00:47:35.946] Maximum peer count                       ETH=0 total=0
INFO [04-30|00:47:35.947] Smartcard socket not found, disabling    err="stat /run/pcscd/pcscd.comm: no such file or directory"
WARN [04-30|00:47:35.948] Option --miner.etherbase is deprecated as the etherbase is set by the consensus client post-merge
WARN [04-30|00:47:35.949] Snap sync requested, resetting --cache.snapshot
INFO [04-30|00:47:35.949] Global gas cap disabled
INFO [04-30|00:47:36.592] Using developer account                  address=0xf39Fd6e51aad88F6F4ce6aB8827279cffFb92266
INFO [04-30|00:47:36.783] Using pebble as the backing database
INFO [04-30|00:47:36.783] Allocated cache and file handles         database=/home/CPerezz/bintrie-benchmarks/mpt-vs-bintrie/dbs/bt-gd5-flat/geth/chaindata cache=16.00MiB handles=524,288
INFO [04-30|00:47:38.065] Opened ancient database                  database=/home/CPerezz/bintrie-benchmarks/mpt-vs-bintrie/dbs/bt-gd5-flat/geth/chaindata/ancient/chain readonly=true
INFO [04-30|00:47:38.065] Opened Era store                         datadir=/home/CPerezz/bintrie-benchmarks/mpt-vs-bintrie/dbs/bt-gd5-flat/geth/chaindata/ancient/chain/era
INFO [04-30|00:47:38.083] Initializing the KZG library             backend=gokzg
INFO [04-30|00:47:38.085] Allocated trie memory caches             clean=0.00B dirty=0.00B
INFO [04-30|00:47:38.195] Using pebble as the backing database
INFO [04-30|00:47:38.195] Allocated cache and file handles         database=/home/CPerezz/bintrie-benchmarks/mpt-vs-bintrie/dbs/bt-gd5-flat/geth/chaindata cache=16.00MiB handles=524,288
INFO [04-30|00:47:39.826] Opened ancient database                  database=/home/CPerezz/bintrie-benchmarks/mpt-vs-bintrie/dbs/bt-gd5-flat/geth/chaindata/ancient/chain readonly=false
INFO [04-30|00:47:39.826] Opened Era store                         datadir=/home/CPerezz/bintrie-benchmarks/mpt-vs-bintrie/dbs/bt-gd5-flat/geth/chaindata/ancient/chain/era
INFO [04-30|00:47:39.828] State scheme set to already existing     scheme=path
INFO [04-30|00:47:39.828] Initialising Ethereum protocol           network=1337 dbversion=9
INFO [04-30|00:47:39.829] Load database journal from file          path=/home/CPerezz/bintrie-benchmarks/mpt-vs-bintrie/dbs/bt-gd5-flat/geth/triedb/verkle.journal
INFO [04-30|00:47:39.881] Opened ancient database                  database=/home/CPerezz/bintrie-benchmarks/mpt-vs-bintrie/dbs/bt-gd5-flat/geth/chaindata/ancient/state_verkle readonly=false
INFO [04-30|00:47:39.881] Initialized path database                triecache=0.00B statecache=0.00B buffer=0.00B state-history="last 90000 blocks" journal-dir=/home/CPerezz/bintrie-benchmarks/mpt-vs-bintrie/dbs/bt-gd5-flat/geth/triedb verkle=true
INFO [04-30|00:47:39.882] 
INFO [04-30|00:47:39.882] ---------------------------------------------------------------------------------------------------------------------------------------------------------
INFO [04-30|00:47:39.882] Chain ID:  1337 (unknown)
INFO [04-30|00:47:39.882] Consensus: unknown
INFO [04-30|00:47:39.882] 
INFO [04-30|00:47:39.882] Pre-Merge hard forks (block based):
INFO [04-30|00:47:39.882]  - Homestead:                   #0       
INFO [04-30|00:47:39.882]  - Tangerine Whistle (EIP 150): #0       
INFO [04-30|00:47:39.882]  - Spurious Dragon/1 (EIP 155): #0       
INFO [04-30|00:47:39.882]  - Spurious Dragon/2 (EIP 158): #0       
INFO [04-30|00:47:39.882]  - Byzantium:                   #0       
INFO [04-30|00:47:39.882]  - Constantinople:              #0       
INFO [04-30|00:47:39.882]  - Petersburg:                  #0       
INFO [04-30|00:47:39.882]  - Istanbul:                    #0       
INFO [04-30|00:47:39.882]  - Muir Glacier:                #0       
INFO [04-30|00:47:39.882]  - Berlin:                      #0       
INFO [04-30|00:47:39.882]  - London:                      #0       
INFO [04-30|00:47:39.882]  - Arrow Glacier:               #0       
INFO [04-30|00:47:39.882]  - Gray Glacier:                #0       
INFO [04-30|00:47:39.882] 
INFO [04-30|00:47:39.882] Merge configured:
INFO [04-30|00:47:39.882]  - Total terminal difficulty:  0
INFO [04-30|00:47:39.882]  - Merge netsplit block:       #0       
INFO [04-30|00:47:39.882] 
INFO [04-30|00:47:39.882] Post-Merge hard forks (timestamp based):
INFO [04-30|00:47:39.882]  - Shanghai:                    @0         
INFO [04-30|00:47:39.882]  - Cancun:                      @0          blob: (target: 3, max: 6, fraction: 3338477)
INFO [04-30|00:47:39.882]  - Prague:                      @0          blob: (target: 6, max: 9, fraction: 5225352)
INFO [04-30|00:47:39.882]  - Osaka:                       @0          blob: (target: 9, max: 12, fraction: 5225352)
INFO [04-30|00:47:39.882]  - Verkle:                      @0          blob: (nil)
INFO [04-30|00:47:39.882] 
INFO [04-30|00:47:39.882] All fork specifications can be found at https://ethereum.github.io/execution-specs/src/ethereum/forks/
INFO [04-30|00:47:39.882] 
INFO [04-30|00:47:39.882] ---------------------------------------------------------------------------------------------------------------------------------------------------------
INFO [04-30|00:47:39.882] 
INFO [04-30|00:47:39.883] Loaded most recent local block           number=11039 hash=2379cd..9a2d48 age=11s
INFO [04-30|00:47:39.883] Loaded most recent local finalized block number=11008 hash=04ebb1..903e7b age=6m10s
INFO [04-30|00:47:39.883] Initialized transaction indexer          range="last 2350000 blocks"
INFO [04-30|00:47:39.883] Initialized log indexer                  firstblock=0 lastblock=11039 firstmap=0 lastmap=3 headindexed=true
INFO [04-30|00:47:39.896] Enabled full-sync                        head=11039 hash=2379cd..9a2d48
INFO [04-30|00:47:39.897] Unprotected transactions allowed
INFO [04-30|00:47:39.897] Gasprice oracle is ignoring threshold set threshold=2
WARN [04-30|00:47:39.897] Unclean shutdown detected                booted=2026-04-29T08:22:10+0200 age=16h25m29s
WARN [04-30|00:47:39.897] Unclean shutdown detected                booted=2026-04-29T23:46:41+0200 age=1h58s
WARN [04-30|00:47:39.897] Unclean shutdown detected                booted=2026-04-29T23:49:20+0200 age=58m19s
WARN [04-30|00:47:39.897] Unclean shutdown detected                booted=2026-04-29T23:50:23+0200 age=57m16s
INFO [04-30|00:47:39.897] Registered sync override service
WARN [04-30|00:47:39.897] You are running Geth in --dev mode. Please note the following:
WARN [04-30|00:47:39.897] 
WARN [04-30|00:47:39.897]   1. This mode is only intended for fast, iterative development without assumptions on
WARN [04-30|00:47:39.897]      security or persistence.
WARN [04-30|00:47:39.897]   2. The database is created in memory unless specified otherwise. Therefore, shutting down
WARN [04-30|00:47:39.897]      your computer or losing power will wipe your entire block data and chain state for
WARN [04-30|00:47:39.897]      your dev environment.
WARN [04-30|00:47:39.897]   3. A random, pre-allocated developer account will be available and unlocked as
WARN [04-30|00:47:39.897]      eth.coinbase, which can be used for testing. The random dev account is temporary,
WARN [04-30|00:47:39.897]      stored on a ramdisk, and will be lost if your machine is restarted.
WARN [04-30|00:47:39.897]   4. Mining is enabled by default. However, the client will only seal blocks if transactions
WARN [04-30|00:47:39.897]      are pending in the mempool. The miner's minimum accepted gas price is 1.
WARN [04-30|00:47:39.897]   5. Networking is disabled; there is no listen-address, the maximum number of peers is set
WARN [04-30|00:47:39.897]      to 0, and discovery is disabled.
WARN [04-30|00:47:39.897] 
INFO [04-30|00:47:39.897] Starting peer-to-peer node               instance=Geth/v1.17.3-unstable-7d2e7cbe-20260415/linux-amd64/go1.24.1
WARN [04-30|00:47:39.897] P2P server will be useless, neither dialing nor listening
INFO [04-30|00:47:39.901] IPC endpoint opened                      url=/home/CPerezz/bintrie-benchmarks/mpt-vs-bintrie/dbs/bt-gd5-flat/geth.ipc
ERROR[04-30|00:47:39.901] Unavailable modules in HTTP API list     unavailable=[personal] available="[admin debug web3 eth txpool miner net dev testing]"
INFO [04-30|00:47:39.902] HTTP server started                      endpoint=[::]:8545 auth=false prefix= cors= vhosts=localhost
INFO [04-30|00:47:39.902] WebSocket enabled                        url=ws://[::]:8546
INFO [04-30|00:47:39.902] New local node record                    seq=1,777,300,782,079 id=7b2b1a18a5d9e6d9 ip=127.0.0.1 udp=0 tcp=0
INFO [04-30|00:47:39.902] Started P2P networking                   self=enode://c8864a9bfd3b61c44e854a4678f69f18717dec204477a230feae3bea75d7354d5ded62396550f30f6df7ffb11c73e275d3183b71a6cda36e7353bb5efa6c1928@127.0.0.1:0
INFO [04-30|00:47:40.555] Loaded local transaction journal         transactions=13461 dropped=0
INFO [04-30|00:47:40.908] Submitted contract creation              hash=0x3b0778893a9339ecdb7c92e19869479dc8ef907fd364044b7b96628af2fff465 from=0xf39Fd6e51aad88F6F4ce6aB8827279cffFb92266 nonce=979 contract=0xFBc00Fa47a7d3bbE3e82B5Aa560B47008c1bD64c value=0
INFO [04-30|00:47:40.909] Submitted transaction                    hash=0xbc2aad682da7e7aef33d3433c43fe27f0a53f338ee035da3829282ba60722e5a from=0xf39Fd6e51aad88F6F4ce6aB8827279cffFb92266 nonce=980 recipient=0x4b3afb8c2BfBCd591981556231EB2C3a0e3c90cd value=893,116,180,942,018
INFO [04-30|00:47:40.911] Submitted contract creation              hash=0x383288073cad1109cd83b80f0e79d3e57e3c8ecba970a7dcea3e40698cbe6b1e from=0xf39Fd6e51aad88F6F4ce6aB8827279cffFb92266 nonce=981 contract=0x3aD2306eDfBe72ce013cdb6b429212d9CdDE4F96 value=0
INFO [04-30|00:47:40.913] Submitted transaction                    hash=0xa417a4f58727f587a4c9a7d7d1c47e2bbddb19b2a3a1257cb860bb227c41ff9e from=0xf39Fd6e51aad88F6F4ce6aB8827279cffFb92266 nonce=982 recipient=0xf0A22b0f234ABBA4C067ff755fCeC8969dfb6d67 value=893,116,180,942,018
INFO [04-30|00:47:40.915] Submitted contract creation              hash=0xe74c9e540335ee0e597111dc7347896472fa8d400bd3593b210d258639a74b42 from=0xf39Fd6e51aad88F6F4ce6aB8827279cffFb92266 nonce=983 contract=0xfDD930c22708c7572278cf74D64f3721Eedc18Ad value=0
INFO [04-30|00:47:40.917] Submitted transaction                    hash=0xd2969aa7cf45cdd943cc67cadee36e390316f60dd518ebe5f6b3fcb91f3bcdcb from=0xf39Fd6e51aad88F6F4ce6aB8827279cffFb92266 nonce=984 recipient=0x66bfCc6Fb094D404a53C333052F81f2c3B15C456 value=893,116,180,942,018
INFO [04-30|00:47:40.919] Submitted contract creation              hash=0xbeda960a1946826fba162397599d47ea866be8e710faeac475d23eb8f42eacd3 from=0xf39Fd6e51aad88F6F4ce6aB8827279cffFb92266 nonce=985 contract=0x7930AC7ddD1e35fD4b25230121A9C45923894e67 value=0
INFO [04-30|00:47:40.920] Submitted transaction                    hash=0x42c670b1d2cb0ac48c1c7cc98e14306972e7c164a8350dc24461fa6e2108ec34 from=0xf39Fd6e51aad88F6F4ce6aB8827279cffFb92266 nonce=986 recipient=0x981781ce8ee092AccDCFEd852A7570E4285fbEC3 value=893,116,180,942,018
INFO [04-30|00:47:40.922] Submitted contract creation              hash=0x13152a25c8e3aae3522fb409af46726a2be675482283d32bb1d7b6301498bb41 from=0xf39Fd6e51aad88F6F4ce6aB8827279cffFb92266 nonce=987 contract=0xEFdc56feF9E089b086DD0a335F2c8c8CcB7E3031 value=0
INFO [04-30|00:47:40.924] Submitted transaction                    hash=0xdd0e1a6e73b1e3eca28a2dd340d46594d53bc367632a7274996c903db8c2ef4b from=0xf39Fd6e51aad88F6F4ce6aB8827279cffFb92266 nonce=988 recipient=0x698951d6b15c8C1E87F2b230EBfa9a6cF0A76490 value=893,116,180,942,018
INFO [04-30|00:47:40.926] Submitted contract creation              hash=0x5fbf2fdb2aaac27c91ad96e94d00c004de837b92dda4622f8f38873ee4c6435a from=0xf39Fd6e51aad88F6F4ce6aB8827279cffFb92266 nonce=989 contract=0xb26012b855Fc76A974261455B12190e41fC4C228 value=0
INFO [04-30|00:47:40.927] Submitted transaction                    hash=0xa93f9b4904187ee04e8eb1f95c48c0175e3097c8b05cda2c0f6f46b86e326df1 from=0xf39Fd6e51aad88F6F4ce6aB8827279cffFb92266 nonce=990 recipient=0x9BBA67631ae285b4C05d76f3f9C1F7af9a498c5a value=893,116,395,289,910
INFO [04-30|00:47:41.902] Started log indexer
INFO [04-30|00:47:41.908] Starting work on payload                 id=0x0324975f0bf64961
INFO [04-30|00:47:41.933] Updated payload                          id=0x0324975f0bf64961 number=11040 hash=f618a3..5eb705 txs=12 withdrawals=0 gas=517,696 fees=2.774175795e-05 root=e46904..5155f8 elapsed=25.162ms
INFO [04-30|00:47:41.933] Stopping work on payload                 id=0x0324975f0bf64961 reason=delivery
WARN [04-30|00:47:41.942] {"level":"warn","msg":"Slow block","block":{"number":11040,"hash":"0xf618a3f34262721c4649c5707c336fdcc8b815303d69fb3b6a84acf73d5eb705","gas_used":517696,"tx_count":12},"timing":{"execution_ms":0.410708,"state_read_ms":0.722246,"state_hash_ms":6.355895,"commit_ms":0.811826,"total_ms":8.797631},"throughput":{"mgas_per_sec":58.844932232324815},"state_reads":{"accounts":41,"storage_slots":0,"code":0,"code_bytes":0},"state_writes":{"accounts":13,"accounts_deleted":0,"storage_slots":0,"storage_slots_deleted":0,"code":6,"code_bytes":916},"cache":{"account":{"hits":28,"misses":13,"hit_rate":68.29268292682927},"storage":{"hits":0,"misses":0,"hit_rate":0},"code":{"hits":0,"misses":0,"hit_rate":0,"hit_bytes":0,"miss_bytes":0}}}
INFO [04-30|00:47:41.943] Imported new potential chain segment     number=11040 hash=f618a3..5eb705 blocks=1 txs=12 mgas=0.518 elapsed=9.498ms  mgasps=54.502 triediffs=1.62KiB triedirty=0.00B
INFO [04-30|00:47:41.944] Chain head was updated                   number=11040 hash=f618a3..5eb705 root=e46904..5155f8 elapsed="921.485µs"
INFO [04-30|00:47:41.996] Submitted transaction                    hash=0x6f1aebd4356cb2d25df4c3f92b257c2bd73e856bc80f9c61b150b61b19035289 from=0x4b3afb8c2BfBCd591981556231EB2C3a0e3c90cd nonce=0   recipient=0xFBc00Fa47a7d3bbE3e82B5Aa560B47008c1bD64c value=0
INFO [04-30|00:47:41.999] Submitted transaction                    hash=0x9628db92c055e419b8ff62f6ba033f8a9d723cffef3f5790fa8aeee01d5bcd33 from=0xf0A22b0f234ABBA4C067ff755fCeC8969dfb6d67 nonce=0   recipient=0x3aD2306eDfBe72ce013cdb6b429212d9CdDE4F96 value=0
INFO [04-30|00:47:42.002] Submitted transaction                    hash=0xb14c377ee769fbf21a155f1610208e7dc2bba941d5e9b5ef7ff9fce01d6ebdf2 from=0x66bfCc6Fb094D404a53C333052F81f2c3B15C456 nonce=0   recipient=0xfDD930c22708c7572278cf74D64f3721Eedc18Ad value=0
INFO [04-30|00:47:42.005] Submitted transaction                    hash=0xb3aa1baba417948643c7e0cc4f3408c7aaa929b5b6b539150ba77202ca5ef2a2 from=0x981781ce8ee092AccDCFEd852A7570E4285fbEC3 nonce=0   recipient=0x7930AC7ddD1e35fD4b25230121A9C45923894e67 value=0
INFO [04-30|00:47:42.009] Submitted transaction                    hash=0x4b3d45795071ea3f3c57f46f181c36fa2cf574e210edd7c3ca6ba72a9c14fd55 from=0x698951d6b15c8C1E87F2b230EBfa9a6cF0A76490 nonce=0   recipient=0xEFdc56feF9E089b086DD0a335F2c8c8CcB7E3031 value=0
INFO [04-30|00:47:42.012] Submitted transaction                    hash=0xc59aa695b190527a23a67805882918ace1f85a86dc63329f1690d89b8a669c8d from=0x9BBA67631ae285b4C05d76f3f9C1F7af9a498c5a nonce=0   recipient=0xb26012b855Fc76A974261455B12190e41fC4C228 value=0
INFO [04-30|00:47:51.950] Starting work on payload                 id=0x039be2ef6996195d
INFO [04-30|00:47:53.939] Updated payload                          id=0x039be2ef6996195d number=11041 hash=32dfbf..5309d5 txs=6  withdrawals=0 gas=100,000,000 fees=0.0053586966    root=099f0c..c7bf63 elapsed=1.989s
INFO [04-30|00:47:53.939] Stopping work on payload                 id=0x039be2ef6996195d reason=delivery
WARN [04-30|00:47:55.277] {"level":"warn","msg":"Slow block","block":{"number":11041,"hash":"0x32dfbf477c494600dba73dc1e9445799f2e08da34c26a94ef7762366d35309d5","gas_used":100000000,"tx_count":6},"timing":{"execution_ms":557.01862,"state_read_ms":742.619198,"state_hash_ms":1.575721,"commit_ms":35.583659,"total_ms":1337.167867},"throughput":{"mgas_per_sec":74.78492601258418},"state_reads":{"accounts":18,"storage_slots":23382,"code":7,"code_bytes":2260},"state_writes":{"accounts":7,"accounts_deleted":0,"storage_slots":0,"storage_slots_deleted":0,"code":0,"code_bytes":0},"cache":{"account":{"hits":14,"misses":4,"hit_rate":77.77777777777779},"storage":{"hits":19928,"misses":3454,"hit_rate":85.2279531263365},"code":{"hits":7,"misses":0,"hit_rate":100,"hit_bytes":2260,"miss_bytes":0}}}
INFO [04-30|00:47:55.277] Imported new potential chain segment     number=11041 hash=32dfbf..5309d5 blocks=1 txs=6  mgas=100.000 elapsed=1.337s      mgasps=74.770 triediffs=2.50KiB triedirty=0.00B
INFO [04-30|00:47:55.278] Chain head was updated                   number=11041 hash=32dfbf..5309d5 root=099f0c..c7bf63 elapsed="99.109µs"
