INFO [04-30|00:50:29.319] Starting Geth on Ethereum mainnet...
INFO [04-30|00:50:29.320] Maximum peer count                       ETH=0 total=0
INFO [04-30|00:50:29.321] Smartcard socket not found, disabling    err="stat /run/pcscd/pcscd.comm: no such file or directory"
WARN [04-30|00:50:29.322] Option --miner.etherbase is deprecated as the etherbase is set by the consensus client post-merge
WARN [04-30|00:50:29.323] Snap sync requested, resetting --cache.snapshot
INFO [04-30|00:50:29.323] Global gas cap disabled
INFO [04-30|00:50:29.968] Using developer account                  address=0xf39Fd6e51aad88F6F4ce6aB8827279cffFb92266
INFO [04-30|00:50:30.159] Using pebble as the backing database
INFO [04-30|00:50:30.159] Allocated cache and file handles         database=/home/CPerezz/bintrie-benchmarks/mpt-vs-bintrie/dbs/bt-gd5-flat/geth/chaindata cache=16.00MiB handles=524,288
INFO [04-30|00:50:31.451] Opened ancient database                  database=/home/CPerezz/bintrie-benchmarks/mpt-vs-bintrie/dbs/bt-gd5-flat/geth/chaindata/ancient/chain readonly=true
INFO [04-30|00:50:31.451] Opened Era store                         datadir=/home/CPerezz/bintrie-benchmarks/mpt-vs-bintrie/dbs/bt-gd5-flat/geth/chaindata/ancient/chain/era
INFO [04-30|00:50:31.467] Initializing the KZG library             backend=gokzg
INFO [04-30|00:50:31.469] Allocated trie memory caches             clean=0.00B dirty=0.00B
INFO [04-30|00:50:31.595] Using pebble as the backing database
INFO [04-30|00:50:31.595] Allocated cache and file handles         database=/home/CPerezz/bintrie-benchmarks/mpt-vs-bintrie/dbs/bt-gd5-flat/geth/chaindata cache=16.00MiB handles=524,288
INFO [04-30|00:50:33.191] Opened ancient database                  database=/home/CPerezz/bintrie-benchmarks/mpt-vs-bintrie/dbs/bt-gd5-flat/geth/chaindata/ancient/chain readonly=false
INFO [04-30|00:50:33.191] Opened Era store                         datadir=/home/CPerezz/bintrie-benchmarks/mpt-vs-bintrie/dbs/bt-gd5-flat/geth/chaindata/ancient/chain/era
INFO [04-30|00:50:33.194] State scheme set to already existing     scheme=path
INFO [04-30|00:50:33.195] Initialising Ethereum protocol           network=1337 dbversion=9
INFO [04-30|00:50:33.195] Load database journal from file          path=/home/CPerezz/bintrie-benchmarks/mpt-vs-bintrie/dbs/bt-gd5-flat/geth/triedb/verkle.journal
INFO [04-30|00:50:33.232] Opened ancient database                  database=/home/CPerezz/bintrie-benchmarks/mpt-vs-bintrie/dbs/bt-gd5-flat/geth/chaindata/ancient/state_verkle readonly=false
INFO [04-30|00:50:33.233] Initialized path database                triecache=0.00B statecache=0.00B buffer=0.00B state-history="last 90000 blocks" journal-dir=/home/CPerezz/bintrie-benchmarks/mpt-vs-bintrie/dbs/bt-gd5-flat/geth/triedb verkle=true
INFO [04-30|00:50:33.233] 
INFO [04-30|00:50:33.233] ---------------------------------------------------------------------------------------------------------------------------------------------------------
INFO [04-30|00:50:33.233] Chain ID:  1337 (unknown)
INFO [04-30|00:50:33.233] Consensus: unknown
INFO [04-30|00:50:33.233] 
INFO [04-30|00:50:33.233] Pre-Merge hard forks (block based):
INFO [04-30|00:50:33.233]  - Homestead:                   #0       
INFO [04-30|00:50:33.233]  - Tangerine Whistle (EIP 150): #0       
INFO [04-30|00:50:33.233]  - Spurious Dragon/1 (EIP 155): #0       
INFO [04-30|00:50:33.233]  - Spurious Dragon/2 (EIP 158): #0       
INFO [04-30|00:50:33.233]  - Byzantium:                   #0       
INFO [04-30|00:50:33.233]  - Constantinople:              #0       
INFO [04-30|00:50:33.233]  - Petersburg:                  #0       
INFO [04-30|00:50:33.233]  - Istanbul:                    #0       
INFO [04-30|00:50:33.233]  - Muir Glacier:                #0       
INFO [04-30|00:50:33.233]  - Berlin:                      #0       
INFO [04-30|00:50:33.233]  - London:                      #0       
INFO [04-30|00:50:33.233]  - Arrow Glacier:               #0       
INFO [04-30|00:50:33.233]  - Gray Glacier:                #0       
INFO [04-30|00:50:33.233] 
INFO [04-30|00:50:33.233] Merge configured:
INFO [04-30|00:50:33.233]  - Total terminal difficulty:  0
INFO [04-30|00:50:33.233]  - Merge netsplit block:       #0       
INFO [04-30|00:50:33.233] 
INFO [04-30|00:50:33.233] Post-Merge hard forks (timestamp based):
INFO [04-30|00:50:33.233]  - Shanghai:                    @0         
INFO [04-30|00:50:33.233]  - Cancun:                      @0          blob: (target: 3, max: 6, fraction: 3338477)
INFO [04-30|00:50:33.233]  - Prague:                      @0          blob: (target: 6, max: 9, fraction: 5225352)
INFO [04-30|00:50:33.233]  - Osaka:                       @0          blob: (target: 9, max: 12, fraction: 5225352)
INFO [04-30|00:50:33.233]  - Verkle:                      @0          blob: (nil)
INFO [04-30|00:50:33.233] 
INFO [04-30|00:50:33.233] All fork specifications can be found at https://ethereum.github.io/execution-specs/src/ethereum/forks/
INFO [04-30|00:50:33.233] 
INFO [04-30|00:50:33.233] ---------------------------------------------------------------------------------------------------------------------------------------------------------
INFO [04-30|00:50:33.233] 
INFO [04-30|00:50:33.233] Loaded most recent local block           number=11054 hash=529259..cf8c2a age=11s
INFO [04-30|00:50:33.233] Loaded most recent local finalized block number=11040 hash=f618a3..5eb705 age=2m52s
INFO [04-30|00:50:33.233] Initialized transaction indexer          range="last 2350000 blocks"
INFO [04-30|00:50:33.233] Initialized log indexer                  firstblock=0 lastblock=11054 firstmap=0 lastmap=3 headindexed=true
INFO [04-30|00:50:33.253] Enabled full-sync                        head=11054 hash=529259..cf8c2a
INFO [04-30|00:50:33.255] Unprotected transactions allowed
INFO [04-30|00:50:33.255] Gasprice oracle is ignoring threshold set threshold=2
WARN [04-30|00:50:33.256] Unclean shutdown detected                booted=2026-04-29T08:22:10+0200 age=16h28m23s
WARN [04-30|00:50:33.256] Unclean shutdown detected                booted=2026-04-29T23:46:41+0200 age=1h3m52s
WARN [04-30|00:50:33.256] Unclean shutdown detected                booted=2026-04-29T23:49:20+0200 age=1h1m13s
WARN [04-30|00:50:33.256] Unclean shutdown detected                booted=2026-04-29T23:50:23+0200 age=1h10s
INFO [04-30|00:50:33.257] Registered sync override service
WARN [04-30|00:50:33.257] You are running Geth in --dev mode. Please note the following:
WARN [04-30|00:50:33.257] 
WARN [04-30|00:50:33.257]   1. This mode is only intended for fast, iterative development without assumptions on
WARN [04-30|00:50:33.257]      security or persistence.
WARN [04-30|00:50:33.257]   2. The database is created in memory unless specified otherwise. Therefore, shutting down
WARN [04-30|00:50:33.257]      your computer or losing power will wipe your entire block data and chain state for
WARN [04-30|00:50:33.257]      your dev environment.
WARN [04-30|00:50:33.257]   3. A random, pre-allocated developer account will be available and unlocked as
WARN [04-30|00:50:33.257]      eth.coinbase, which can be used for testing. The random dev account is temporary,
WARN [04-30|00:50:33.257]      stored on a ramdisk, and will be lost if your machine is restarted.
WARN [04-30|00:50:33.257]   4. Mining is enabled by default. However, the client will only seal blocks if transactions
WARN [04-30|00:50:33.257]      are pending in the mempool. The miner's minimum accepted gas price is 1.
WARN [04-30|00:50:33.257]   5. Networking is disabled; there is no listen-address, the maximum number of peers is set
WARN [04-30|00:50:33.257]      to 0, and discovery is disabled.
WARN [04-30|00:50:33.257] 
INFO [04-30|00:50:33.257] Starting peer-to-peer node               instance=Geth/v1.17.3-unstable-7d2e7cbe-20260415/linux-amd64/go1.24.1
WARN [04-30|00:50:33.257] P2P server will be useless, neither dialing nor listening
INFO [04-30|00:50:33.263] New local node record                    seq=1,777,300,782,086 id=7b2b1a18a5d9e6d9 ip=127.0.0.1 udp=0 tcp=0
INFO [04-30|00:50:33.263] Started P2P networking                   self=enode://c8864a9bfd3b61c44e854a4678f69f18717dec204477a230feae3bea75d7354d5ded62396550f30f6df7ffb11c73e275d3183b71a6cda36e7353bb5efa6c1928@127.0.0.1:0
INFO [04-30|00:50:33.263] IPC endpoint opened                      url=/home/CPerezz/bintrie-benchmarks/mpt-vs-bintrie/dbs/bt-gd5-flat/geth.ipc
ERROR[04-30|00:50:33.264] Unavailable modules in HTTP API list     unavailable=[personal] available="[admin debug web3 eth txpool miner net dev testing]"
INFO [04-30|00:50:33.265] HTTP server started                      endpoint=[::]:8545 auth=false prefix= cors= vhosts=localhost
INFO [04-30|00:50:33.265] WebSocket enabled                        url=ws://[::]:8546
INFO [04-30|00:50:34.012] Loaded local transaction journal         transactions=13587 dropped=0
INFO [04-30|00:50:34.293] Submitted contract creation              hash=0xe9b1c0f8f3dc3436f883fc80cecd455782b264609d0ccf875bc0ffdc45dedf4a from=0xf39Fd6e51aad88F6F4ce6aB8827279cffFb92266 nonce=1063 contract=0xe3314d15fc547d36b0E28530d7dAA4190Caa204F value=0
INFO [04-30|00:50:34.295] Submitted transaction                    hash=0xbaec44389fc70ba70a040490579f457bf5cf4b2b50807ab0e7992ca9b9e6bd75 from=0xf39Fd6e51aad88F6F4ce6aB8827279cffFb92266 nonce=1064 recipient=0xac995002c46A33852603C640e596537f411f8807 value=2,679,348,359,492,728
INFO [04-30|00:50:34.297] Submitted contract creation              hash=0x38050db874a47ff1e42495ea6bee78291c053057140594bfbe11f2bd701f743b from=0xf39Fd6e51aad88F6F4ce6aB8827279cffFb92266 nonce=1065 contract=0x0fC6E11087EaAC6c564856aBfA901CDAd69eF5a9 value=0
INFO [04-30|00:50:34.299] Submitted transaction                    hash=0xa12ab1ffd44148baca9421a223f07e4626bf3de57832bcdcac94308e636314ce from=0xf39Fd6e51aad88F6F4ce6aB8827279cffFb92266 nonce=1066 recipient=0xd96cfB67037040758488919e8716BCD6D034c797 value=2,679,348,359,492,728
INFO [04-30|00:50:34.301] Submitted contract creation              hash=0x7a1686d0a5f69f3beb949b44b9a159a9515b88622e50b1375b130097b46ca61e from=0xf39Fd6e51aad88F6F4ce6aB8827279cffFb92266 nonce=1067 contract=0x7188450134eFbda4591D303dA02BE644Bb4B63Fb value=0
INFO [04-30|00:50:34.302] Submitted transaction                    hash=0x3b175a168002c96ff7cf356903e6637516932dd300e33b53fa31a14411e13fd8 from=0xf39Fd6e51aad88F6F4ce6aB8827279cffFb92266 nonce=1068 recipient=0x9FF25Bd3d679702fA9714144b7C5D002773eb83E value=2,679,348,359,492,728
INFO [04-30|00:50:34.304] Submitted contract creation              hash=0x7a5c4e8bb28e5891819eb28e44d6c212639351bcbff72f2d858b45489b1b30fa from=0xf39Fd6e51aad88F6F4ce6aB8827279cffFb92266 nonce=1069 contract=0x31C89d6188b169aDCC7f6002d9cBAB605B67fd6d value=0
INFO [04-30|00:50:34.306] Submitted transaction                    hash=0xec28d4a6577fbf6e3be416de3155d7bb950c965a4d1dd29fde480807ceadf7a0 from=0xf39Fd6e51aad88F6F4ce6aB8827279cffFb92266 nonce=1070 recipient=0x4E35707ec8124a26596C819e383Fd77642a9DDC5 value=2,679,348,359,492,728
INFO [04-30|00:50:34.308] Submitted contract creation              hash=0x6670645c30e04347e7a8e5d4a31cfeda892b0dd1d3e0b3bafdffb62730b022d5 from=0xf39Fd6e51aad88F6F4ce6aB8827279cffFb92266 nonce=1071 contract=0x94a4d8C45FBaC4cCDD0afAebD0C006d97cfA8b6c value=0
INFO [04-30|00:50:34.310] Submitted transaction                    hash=0x476c83dc96912dc9a2cc8ed56e54b38b59f56119c7ac98d4a59d00775808193a from=0xf39Fd6e51aad88F6F4ce6aB8827279cffFb92266 nonce=1072 recipient=0xCD4abCb6Ae7C1c622675bc0951a71bA1b00f7699 value=2,679,348,359,492,728
INFO [04-30|00:50:34.313] Submitted contract creation              hash=0x3b38fd79e18b0ca536ab5413859f24ed8613d56b80acc6d0e09da7d2ba0bcc85 from=0xf39Fd6e51aad88F6F4ce6aB8827279cffFb92266 nonce=1073 contract=0x263f307a067B559972302ED69A68f7a2FfBb7639 value=0
INFO [04-30|00:50:34.315] Submitted transaction                    hash=0xc4ac3b3e77647ca856b1c64e4b8b4d307d3adbc4fe300834bde0ef009142d7c2 from=0xf39Fd6e51aad88F6F4ce6aB8827279cffFb92266 nonce=1074 recipient=0x93688E9d10F747CB911D8727B48FE33d7046b746 value=2,679,349,002,536,360
INFO [04-30|00:50:35.164] Started log indexer
INFO [04-30|00:50:35.170] Starting work on payload                 id=0x034c84b74a7cdce1
INFO [04-30|00:50:35.194] Updated payload                          id=0x034c84b74a7cdce1 number=11055 hash=c9d5cd..658b70 txs=12 withdrawals=0 gas=517,696 fees=8.32252754e-05 root=4358a3..609f23 elapsed=24.299ms
INFO [04-30|00:50:35.194] Stopping work on payload                 id=0x034c84b74a7cdce1 reason=delivery
WARN [04-30|00:50:35.204] {"level":"warn","msg":"Slow block","block":{"number":11055,"hash":"0xc9d5cd8e6fe488e2544699983b8b701670773e6806684954581f57c46f658b70","gas_used":517696,"tx_count":12},"timing":{"execution_ms":0.191078,"state_read_ms":0.360779,"state_hash_ms":7.08084,"commit_ms":0.920275,"total_ms":9.042341},"throughput":{"mgas_per_sec":57.25243053762294},"state_reads":{"accounts":41,"storage_slots":0,"code":0,"code_bytes":0},"state_writes":{"accounts":13,"accounts_deleted":0,"storage_slots":0,"storage_slots_deleted":0,"code":6,"code_bytes":916},"cache":{"account":{"hits":27,"misses":14,"hit_rate":65.85365853658537},"storage":{"hits":0,"misses":0,"hit_rate":0},"code":{"hits":0,"misses":0,"hit_rate":0,"hit_bytes":0,"miss_bytes":0}}}
INFO [04-30|00:50:35.204] Imported new potential chain segment     number=11055 hash=c9d5cd..658b70 blocks=1 txs=12 mgas=0.518 elapsed=9.347ms  mgasps=55.384 triediffs=1.62KiB triedirty=0.00B
INFO [04-30|00:50:35.205] Chain head was updated                   number=11055 hash=c9d5cd..658b70 root=4358a3..609f23 elapsed="668.357µs"
INFO [04-30|00:50:35.386] Submitted transaction                    hash=0xf3313514bf94982587143e132ba088c31ef6cedcf33be8681b078547d28d3372 from=0xac995002c46A33852603C640e596537f411f8807 nonce=0    recipient=0xe3314d15fc547d36b0E28530d7dAA4190Caa204F value=0
INFO [04-30|00:50:35.389] Submitted transaction                    hash=0x9b5ad81d73339975596e1dd7ff558ed83b09842f1ad425f1f60d024fd78b5ee9 from=0xd96cfB67037040758488919e8716BCD6D034c797 nonce=0    recipient=0x0fC6E11087EaAC6c564856aBfA901CDAd69eF5a9 value=0
INFO [04-30|00:50:35.391] Submitted transaction                    hash=0x8c7111bbe1504523a48e216c03a5193e0ecaca0548b0541e29444ac04f7170e7 from=0x9FF25Bd3d679702fA9714144b7C5D002773eb83E nonce=0    recipient=0x7188450134eFbda4591D303dA02BE644Bb4B63Fb value=0
INFO [04-30|00:50:35.394] Submitted transaction                    hash=0xf6c84a6df8c9b69a81f98a48c078833c7547023a2dbc3e7c54dc89e7f58769f8 from=0x4E35707ec8124a26596C819e383Fd77642a9DDC5 nonce=0    recipient=0x31C89d6188b169aDCC7f6002d9cBAB605B67fd6d value=0
INFO [04-30|00:50:35.397] Submitted transaction                    hash=0x4e951e00e76fa0958f1fb49e0a58c4016bc459e4605d318acfb7e69390b0b452 from=0xCD4abCb6Ae7C1c622675bc0951a71bA1b00f7699 nonce=0    recipient=0x94a4d8C45FBaC4cCDD0afAebD0C006d97cfA8b6c value=0
INFO [04-30|00:50:35.400] Submitted transaction                    hash=0x47f879bf952bc540894793d7690451c5fee5d491a772d726f1c7b3b5ffaa9a91 from=0x93688E9d10F747CB911D8727B48FE33d7046b746 nonce=0    recipient=0x263f307a067B559972302ED69A68f7a2FfBb7639 value=0
INFO [04-30|00:50:45.211] Starting work on payload                 id=0x03b72917103dd583
WARN [04-30|00:50:47.227] Block building is interrupted            allowance=2s
INFO [04-30|00:50:47.230] Updated payload                          id=0x03b72917103dd583 number=11056 hash=6c2f1a..98f64f txs=6  withdrawals=0 gas=100,000,000 fees=0.0160760901   root=650826..3ea295 elapsed=2.018s
WARN [04-30|00:50:48.798] {"level":"warn","msg":"Slow block","block":{"number":11056,"hash":"0x6c2f1ae178459cd96e107ecf3cb0dd56dcad411d07fc2a4a2732b896d298f64f","gas_used":100000000,"tx_count":6},"timing":{"execution_ms":604.426566,"state_read_ms":931.876678,"state_hash_ms":1.450222,"commit_ms":28.63706,"total_ms":1566.726944},"throughput":{"mgas_per_sec":63.82733148425384},"state_reads":{"accounts":18,"storage_slots":23382,"code":7,"code_bytes":2260},"state_writes":{"accounts":7,"accounts_deleted":0,"storage_slots":0,"storage_slots_deleted":0,"code":0,"code_bytes":0},"cache":{"account":{"hits":14,"misses":4,"hit_rate":77.77777777777779},"storage":{"hits":19658,"misses":3724,"hit_rate":84.07321871525106},"code":{"hits":7,"misses":0,"hit_rate":100,"hit_bytes":2260,"miss_bytes":0}}}
INFO [04-30|00:50:48.798] Imported new potential chain segment     number=11056 hash=6c2f1a..98f64f blocks=1 txs=6  mgas=100.000 elapsed=1.567s      mgasps=63.811 triediffs=2.50KiB triedirty=0.00B
INFO [04-30|00:50:48.799] Chain head was updated                   number=11056 hash=6c2f1a..98f64f root=650826..3ea295 elapsed="66.669µs"
WARN [04-30|00:50:49.453] Block building is interrupted            allowance=2s
INFO [04-30|00:50:49.455] Stopping work on payload                 id=0x03b72917103dd583 reason=delivery
