INFO [04-30|00:47:58.904] Starting Geth on Ethereum mainnet...
INFO [04-30|00:47:58.906] Maximum peer count                       ETH=0 total=0
INFO [04-30|00:47:58.906] Smartcard socket not found, disabling    err="stat /run/pcscd/pcscd.comm: no such file or directory"
WARN [04-30|00:47:58.907] Option --miner.etherbase is deprecated as the etherbase is set by the consensus client post-merge
WARN [04-30|00:47:58.909] Snap sync requested, resetting --cache.snapshot
INFO [04-30|00:47:58.909] Global gas cap disabled
INFO [04-30|00:47:59.553] Using developer account                  address=0xf39Fd6e51aad88F6F4ce6aB8827279cffFb92266
INFO [04-30|00:47:59.745] Using pebble as the backing database
INFO [04-30|00:47:59.745] Allocated cache and file handles         database=/home/CPerezz/bintrie-benchmarks/mpt-vs-bintrie/dbs/bt-gd5-flat/geth/chaindata cache=16.00MiB handles=524,288
INFO [04-30|00:48:01.029] Opened ancient database                  database=/home/CPerezz/bintrie-benchmarks/mpt-vs-bintrie/dbs/bt-gd5-flat/geth/chaindata/ancient/chain readonly=true
INFO [04-30|00:48:01.029] Opened Era store                         datadir=/home/CPerezz/bintrie-benchmarks/mpt-vs-bintrie/dbs/bt-gd5-flat/geth/chaindata/ancient/chain/era
INFO [04-30|00:48:01.039] Initializing the KZG library             backend=gokzg
INFO [04-30|00:48:01.040] Allocated trie memory caches             clean=0.00B dirty=0.00B
INFO [04-30|00:48:01.130] Using pebble as the backing database
INFO [04-30|00:48:01.130] Allocated cache and file handles         database=/home/CPerezz/bintrie-benchmarks/mpt-vs-bintrie/dbs/bt-gd5-flat/geth/chaindata cache=16.00MiB handles=524,288
INFO [04-30|00:48:02.801] Opened ancient database                  database=/home/CPerezz/bintrie-benchmarks/mpt-vs-bintrie/dbs/bt-gd5-flat/geth/chaindata/ancient/chain readonly=false
INFO [04-30|00:48:02.801] Opened Era store                         datadir=/home/CPerezz/bintrie-benchmarks/mpt-vs-bintrie/dbs/bt-gd5-flat/geth/chaindata/ancient/chain/era
INFO [04-30|00:48:02.803] State scheme set to already existing     scheme=path
INFO [04-30|00:48:02.805] Initialising Ethereum protocol           network=1337 dbversion=9
INFO [04-30|00:48:02.805] Load database journal from file          path=/home/CPerezz/bintrie-benchmarks/mpt-vs-bintrie/dbs/bt-gd5-flat/geth/triedb/verkle.journal
INFO [04-30|00:48:02.855] Opened ancient database                  database=/home/CPerezz/bintrie-benchmarks/mpt-vs-bintrie/dbs/bt-gd5-flat/geth/chaindata/ancient/state_verkle readonly=false
INFO [04-30|00:48:02.855] Initialized path database                triecache=0.00B statecache=0.00B buffer=0.00B state-history="last 90000 blocks" journal-dir=/home/CPerezz/bintrie-benchmarks/mpt-vs-bintrie/dbs/bt-gd5-flat/geth/triedb verkle=true
INFO [04-30|00:48:02.855] 
INFO [04-30|00:48:02.855] ---------------------------------------------------------------------------------------------------------------------------------------------------------
INFO [04-30|00:48:02.855] Chain ID:  1337 (unknown)
INFO [04-30|00:48:02.855] Consensus: unknown
INFO [04-30|00:48:02.855] 
INFO [04-30|00:48:02.855] Pre-Merge hard forks (block based):
INFO [04-30|00:48:02.855]  - Homestead:                   #0       
INFO [04-30|00:48:02.855]  - Tangerine Whistle (EIP 150): #0       
INFO [04-30|00:48:02.855]  - Spurious Dragon/1 (EIP 155): #0       
INFO [04-30|00:48:02.855]  - Spurious Dragon/2 (EIP 158): #0       
INFO [04-30|00:48:02.855]  - Byzantium:                   #0       
INFO [04-30|00:48:02.856]  - Constantinople:              #0       
INFO [04-30|00:48:02.856]  - Petersburg:                  #0       
INFO [04-30|00:48:02.856]  - Istanbul:                    #0       
INFO [04-30|00:48:02.856]  - Muir Glacier:                #0       
INFO [04-30|00:48:02.856]  - Berlin:                      #0       
INFO [04-30|00:48:02.856]  - London:                      #0       
INFO [04-30|00:48:02.856]  - Arrow Glacier:               #0       
INFO [04-30|00:48:02.856]  - Gray Glacier:                #0       
INFO [04-30|00:48:02.856] 
INFO [04-30|00:48:02.856] Merge configured:
INFO [04-30|00:48:02.856]  - Total terminal difficulty:  0
INFO [04-30|00:48:02.856]  - Merge netsplit block:       #0       
INFO [04-30|00:48:02.856] 
INFO [04-30|00:48:02.856] Post-Merge hard forks (timestamp based):
INFO [04-30|00:48:02.856]  - Shanghai:                    @0         
INFO [04-30|00:48:02.856]  - Cancun:                      @0          blob: (target: 3, max: 6, fraction: 3338477)
INFO [04-30|00:48:02.856]  - Prague:                      @0          blob: (target: 6, max: 9, fraction: 5225352)
INFO [04-30|00:48:02.856]  - Osaka:                       @0          blob: (target: 9, max: 12, fraction: 5225352)
INFO [04-30|00:48:02.856]  - Verkle:                      @0          blob: (nil)
INFO [04-30|00:48:02.856] 
INFO [04-30|00:48:02.856] All fork specifications can be found at https://ethereum.github.io/execution-specs/src/ethereum/forks/
INFO [04-30|00:48:02.856] 
INFO [04-30|00:48:02.856] ---------------------------------------------------------------------------------------------------------------------------------------------------------
INFO [04-30|00:48:02.856] 
INFO [04-30|00:48:02.856] Loaded most recent local block           number=11041 hash=32dfbf..5309d5 age=11s
INFO [04-30|00:48:02.856] Loaded most recent local finalized block number=11040 hash=f618a3..5eb705 age=21s
INFO [04-30|00:48:02.856] Initialized transaction indexer          range="last 2350000 blocks"
INFO [04-30|00:48:02.857] Initialized log indexer                  firstblock=0 lastblock=11041 firstmap=0 lastmap=3 headindexed=true
INFO [04-30|00:48:02.864] Enabled full-sync                        head=11041 hash=32dfbf..5309d5
INFO [04-30|00:48:02.864] Unprotected transactions allowed
INFO [04-30|00:48:02.864] Gasprice oracle is ignoring threshold set threshold=2
WARN [04-30|00:48:02.865] Unclean shutdown detected                booted=2026-04-29T08:22:10+0200 age=16h25m52s
WARN [04-30|00:48:02.865] Unclean shutdown detected                booted=2026-04-29T23:46:41+0200 age=1h1m21s
WARN [04-30|00:48:02.865] Unclean shutdown detected                booted=2026-04-29T23:49:20+0200 age=58m42s
WARN [04-30|00:48:02.865] Unclean shutdown detected                booted=2026-04-29T23:50:23+0200 age=57m39s
INFO [04-30|00:48:02.865] Registered sync override service
WARN [04-30|00:48:02.865] You are running Geth in --dev mode. Please note the following:
WARN [04-30|00:48:02.865] 
WARN [04-30|00:48:02.865]   1. This mode is only intended for fast, iterative development without assumptions on
WARN [04-30|00:48:02.865]      security or persistence.
WARN [04-30|00:48:02.865]   2. The database is created in memory unless specified otherwise. Therefore, shutting down
WARN [04-30|00:48:02.865]      your computer or losing power will wipe your entire block data and chain state for
WARN [04-30|00:48:02.865]      your dev environment.
WARN [04-30|00:48:02.865]   3. A random, pre-allocated developer account will be available and unlocked as
WARN [04-30|00:48:02.865]      eth.coinbase, which can be used for testing. The random dev account is temporary,
WARN [04-30|00:48:02.865]      stored on a ramdisk, and will be lost if your machine is restarted.
WARN [04-30|00:48:02.865]   4. Mining is enabled by default. However, the client will only seal blocks if transactions
WARN [04-30|00:48:02.865]      are pending in the mempool. The miner's minimum accepted gas price is 1.
WARN [04-30|00:48:02.865]   5. Networking is disabled; there is no listen-address, the maximum number of peers is set
WARN [04-30|00:48:02.865]      to 0, and discovery is disabled.
WARN [04-30|00:48:02.865] 
INFO [04-30|00:48:02.865] Starting peer-to-peer node               instance=Geth/v1.17.3-unstable-7d2e7cbe-20260415/linux-amd64/go1.24.1
WARN [04-30|00:48:02.865] P2P server will be useless, neither dialing nor listening
INFO [04-30|00:48:02.884] New local node record                    seq=1,777,300,782,080 id=7b2b1a18a5d9e6d9 ip=127.0.0.1 udp=0 tcp=0
INFO [04-30|00:48:02.884] Started P2P networking                   self=enode://c8864a9bfd3b61c44e854a4678f69f18717dec204477a230feae3bea75d7354d5ded62396550f30f6df7ffb11c73e275d3183b71a6cda36e7353bb5efa6c1928@127.0.0.1:0
INFO [04-30|00:48:02.884] IPC endpoint opened                      url=/home/CPerezz/bintrie-benchmarks/mpt-vs-bintrie/dbs/bt-gd5-flat/geth.ipc
ERROR[04-30|00:48:02.884] Unavailable modules in HTTP API list     unavailable=[personal] available="[admin debug web3 eth txpool miner net dev testing]"
INFO [04-30|00:48:02.885] HTTP server started                      endpoint=[::]:8545 auth=false prefix= cors= vhosts=localhost
INFO [04-30|00:48:02.885] WebSocket enabled                        url=ws://[::]:8546
INFO [04-30|00:48:03.605] Loaded local transaction journal         transactions=13479 dropped=0
INFO [04-30|00:48:03.872] Submitted contract creation              hash=0xb49d4f7f5d1000af89e18f9868422de54ca566d043af9f2e9cd6602b0f4eea42 from=0xf39Fd6e51aad88F6F4ce6aB8827279cffFb92266 nonce=991 contract=0x58d0d610674C69F27B7519a6e2746E8b814548DE value=0
INFO [04-30|00:48:03.873] Submitted transaction                    hash=0x27e0bbcaf197558719c553fb6df51ce7067aed3cc2f7aed71055d5bd9cc98203 from=0xf39Fd6e51aad88F6F4ce6aB8827279cffFb92266 nonce=992 recipient=0xE6499696deBE45309810F2FEdCf3aCDfAA291157 value=1,339,673,213,079,736
INFO [04-30|00:48:03.875] Submitted contract creation              hash=0xb2ef60101f2b075bec21a95c499f7c5164d750ca1fb8c5b1c85f1f7e6a40fb02 from=0xf39Fd6e51aad88F6F4ce6aB8827279cffFb92266 nonce=993 contract=0x76C9284988B979f750BC504173ADc08E00c04398 value=0
INFO [04-30|00:48:03.877] Submitted transaction                    hash=0xf186343472ec8a6112db7f6d184c1dcdcb7326990c6ce3097b974c87b8c86cfe from=0xf39Fd6e51aad88F6F4ce6aB8827279cffFb92266 nonce=994 recipient=0x64998157718E3Cbb1Dde17D3bE9B83f075cc91C8 value=1,339,673,213,079,736
INFO [04-30|00:48:03.879] Submitted contract creation              hash=0xc5258803d3a47772c6770ad5ad92f84ade633ad77750f93892cd65a0c865a8b1 from=0xf39Fd6e51aad88F6F4ce6aB8827279cffFb92266 nonce=995 contract=0x9118EA4a52C6c7873729c8d8702cCd85E573f9E9 value=0
INFO [04-30|00:48:03.881] Submitted transaction                    hash=0xd7817f6507058f281f077d028ac96cd96577ad7b98f4c0cb7cd03aac5ef99edd from=0xf39Fd6e51aad88F6F4ce6aB8827279cffFb92266 nonce=996 recipient=0xE4fB239Bce263E4067ec237bA64C053772E9a171 value=1,339,673,213,079,736
INFO [04-30|00:48:03.883] Submitted contract creation              hash=0x2ac5a78a5a3fd363ee825e52a15df2aa68d62fd3c690deead8c8744e21771909 from=0xf39Fd6e51aad88F6F4ce6aB8827279cffFb92266 nonce=997 contract=0x77e6Bd5c1988d8d766698F9CeEa5C24559b999f8 value=0
INFO [04-30|00:48:03.885] Submitted transaction                    hash=0x61eb4f96d64698d60dfc151831e413269480200899541c8412b7d12808ce6d76 from=0xf39Fd6e51aad88F6F4ce6aB8827279cffFb92266 nonce=998 recipient=0x2eBaAbdaC783c0A5Ab0039b8F8200f49ebd37137 value=1,339,673,213,079,736
INFO [04-30|00:48:03.886] Submitted contract creation              hash=0xe2b72ae496d7ebb9a408ea9d291c04e4c999aed635366e3f4e87acfc90df9f89 from=0xf39Fd6e51aad88F6F4ce6aB8827279cffFb92266 nonce=999 contract=0xD604C06206f6DeDd82d42F90D1F5bB34a2E7c5dd value=0
INFO [04-30|00:48:03.888] Submitted transaction                    hash=0xe2a94f7c8a2c832ce5bdc8ca0b79541c5e6146b1a03db948fb85bccc5c40b899 from=0xf39Fd6e51aad88F6F4ce6aB8827279cffFb92266 nonce=1000 recipient=0xd7f8a4ba05740AF2a20AfF19fb814323d5be6391 value=1,339,673,213,079,736
INFO [04-30|00:48:03.890] Submitted contract creation              hash=0xb2aa220adc5ecc5aebbc451d83959e79656b0e4766002df4d1457221fbdbf20a from=0xf39Fd6e51aad88F6F4ce6aB8827279cffFb92266 nonce=1001 contract=0xB719422a0A484025c1A22a8dEEaFC67E81F43CfD value=0
INFO [04-30|00:48:03.892] Submitted transaction                    hash=0x9dc764595e79aca92a85622a6e702edc9880d63522518169821989be8a06bd5f from=0xf39Fd6e51aad88F6F4ce6aB8827279cffFb92266 nonce=1002 recipient=0x986f0609Ef4C9EA407e3c75f31cF92649d7Cecd4 value=1,339,673,534,601,320
INFO [04-30|00:48:04.902] Started log indexer
INFO [04-30|00:48:04.909] Starting work on payload                 id=0x03183430f27bd6fa
INFO [04-30|00:48:04.937] Updated payload                          id=0x03183430f27bd6fa number=11042 hash=baefb4..f5561d txs=12 withdrawals=0 gas=517,696 fees=4.161260586e-05 root=143ae2..b50f91 elapsed=28.349ms
INFO [04-30|00:48:04.937] Stopping work on payload                 id=0x03183430f27bd6fa reason=delivery
WARN [04-30|00:48:04.945] {"level":"warn","msg":"Slow block","block":{"number":11042,"hash":"0xbaefb440a4137e224c03c3663ab74dd4fc208a1bb8e1d8a214b832356cf5561d","gas_used":517696,"tx_count":12},"timing":{"execution_ms":0.384137,"state_read_ms":0.724417,"state_hash_ms":5.260181,"commit_ms":0.943675,"total_ms":7.799388},"throughput":{"mgas_per_sec":66.37649005280927},"state_reads":{"accounts":41,"storage_slots":0,"code":0,"code_bytes":0},"state_writes":{"accounts":13,"accounts_deleted":0,"storage_slots":0,"storage_slots_deleted":0,"code":6,"code_bytes":916},"cache":{"account":{"hits":29,"misses":12,"hit_rate":70.73170731707317},"storage":{"hits":0,"misses":0,"hit_rate":0},"code":{"hits":0,"misses":0,"hit_rate":0,"hit_bytes":0,"miss_bytes":0}}}
INFO [04-30|00:48:04.945] Imported new potential chain segment     number=11042 hash=baefb4..f5561d blocks=1 txs=12 mgas=0.518 elapsed=8.088ms  mgasps=64.002 triediffs=1.62KiB triedirty=0.00B
INFO [04-30|00:48:04.946] Chain head was updated                   number=11042 hash=baefb4..f5561d root=143ae2..b50f91 elapsed="804.676µs"
INFO [04-30|00:48:05.996] Submitted transaction                    hash=0xed19307c6398c5d180bf643fb646078315d2ca16e56246599a38536d1726ec7b from=0xE6499696deBE45309810F2FEdCf3aCDfAA291157 nonce=0    recipient=0x58d0d610674C69F27B7519a6e2746E8b814548DE value=0
INFO [04-30|00:48:05.999] Submitted transaction                    hash=0x911da212a1cf48adc1dd6e586737e2514b579e210f8442070a79bf0bace53e76 from=0x64998157718E3Cbb1Dde17D3bE9B83f075cc91C8 nonce=0    recipient=0x76C9284988B979f750BC504173ADc08E00c04398 value=0
INFO [04-30|00:48:06.001] Submitted transaction                    hash=0x2fdedddbc6b82153bfcb4dc98fa4195ad333fa6160c0f3459bf10527abfc505d from=0xE4fB239Bce263E4067ec237bA64C053772E9a171 nonce=0    recipient=0x9118EA4a52C6c7873729c8d8702cCd85E573f9E9 value=0
INFO [04-30|00:48:06.004] Submitted transaction                    hash=0x88ed083b5c555c52b4951ea15259189043fba7ad5a40d99000d8996e5718ff53 from=0x2eBaAbdaC783c0A5Ab0039b8F8200f49ebd37137 nonce=0    recipient=0x77e6Bd5c1988d8d766698F9CeEa5C24559b999f8 value=0
INFO [04-30|00:48:06.006] Submitted transaction                    hash=0x2a195dd9452d93d0c9ad47576982a954055a1abea5b7a8faa9cb2e829c1cd72b from=0xd7f8a4ba05740AF2a20AfF19fb814323d5be6391 nonce=0    recipient=0xD604C06206f6DeDd82d42F90D1F5bB34a2E7c5dd value=0
INFO [04-30|00:48:06.009] Submitted transaction                    hash=0x655e6ad8c4342f71c2ca99f4161e32f22fcdbcf1f3b5ce37f67463b3a2208500 from=0x986f0609Ef4C9EA407e3c75f31cF92649d7Cecd4 nonce=0    recipient=0xB719422a0A484025c1A22a8dEEaFC67E81F43CfD value=0
INFO [04-30|00:48:14.953] Starting work on payload                 id=0x03be7fb3dc566ea2
INFO [04-30|00:48:16.929] Updated payload                          id=0x03be7fb3dc566ea2 number=11043 hash=174910..9a1530 txs=6  withdrawals=0 gas=100,000,000 fees=0.0080380389    root=b207a0..a0eb3f elapsed=1.975s
INFO [04-30|00:48:16.929] Stopping work on payload                 id=0x03be7fb3dc566ea2 reason=delivery
WARN [04-30|00:48:18.235] {"level":"warn","msg":"Slow block","block":{"number":11043,"hash":"0x174910c43933a77fb9181a0c2e4910f2f724b9b01a965691450243b84e9a1530","gas_used":100000000,"tx_count":6},"timing":{"execution_ms":530.377664,"state_read_ms":753.578639,"state_hash_ms":0.374378,"commit_ms":19.929877,"total_ms":1304.897036},"throughput":{"mgas_per_sec":76.63439891513403},"state_reads":{"accounts":18,"storage_slots":23382,"code":7,"code_bytes":2260},"state_writes":{"accounts":7,"accounts_deleted":0,"storage_slots":0,"storage_slots_deleted":0,"code":0,"code_bytes":0},"cache":{"account":{"hits":13,"misses":5,"hit_rate":72.22222222222221},"storage":{"hits":19838,"misses":3544,"hit_rate":84.84304165597469},"code":{"hits":7,"misses":0,"hit_rate":100,"hit_bytes":2260,"miss_bytes":0}}}
INFO [04-30|00:48:18.235] Imported new potential chain segment     number=11043 hash=174910..9a1530 blocks=1 txs=6  mgas=100.000 elapsed=1.305s      mgasps=76.614 triediffs=2.50KiB triedirty=0.00B
INFO [04-30|00:48:18.235] Chain head was updated                   number=11043 hash=174910..9a1530 root=b207a0..a0eb3f elapsed="52.13µs"
