INFO [04-30|00:49:09.807] Starting Geth on Ethereum mainnet...
INFO [04-30|00:49:09.808] Maximum peer count                       ETH=0 total=0
INFO [04-30|00:49:09.809] Smartcard socket not found, disabling    err="stat /run/pcscd/pcscd.comm: no such file or directory"
WARN [04-30|00:49:09.810] Option --miner.etherbase is deprecated as the etherbase is set by the consensus client post-merge
WARN [04-30|00:49:09.813] Snap sync requested, resetting --cache.snapshot
INFO [04-30|00:49:09.813] Global gas cap disabled
INFO [04-30|00:49:10.458] Using developer account                  address=0xf39Fd6e51aad88F6F4ce6aB8827279cffFb92266
INFO [04-30|00:49:10.650] Using pebble as the backing database
INFO [04-30|00:49:10.650] Allocated cache and file handles         database=/home/CPerezz/bintrie-benchmarks/mpt-vs-bintrie/dbs/bt-gd5-flat/geth/chaindata cache=16.00MiB handles=524,288
INFO [04-30|00:49:11.959] Opened ancient database                  database=/home/CPerezz/bintrie-benchmarks/mpt-vs-bintrie/dbs/bt-gd5-flat/geth/chaindata/ancient/chain readonly=true
INFO [04-30|00:49:11.959] Opened Era store                         datadir=/home/CPerezz/bintrie-benchmarks/mpt-vs-bintrie/dbs/bt-gd5-flat/geth/chaindata/ancient/chain/era
INFO [04-30|00:49:11.976] Initializing the KZG library             backend=gokzg
INFO [04-30|00:49:11.978] Allocated trie memory caches             clean=0.00B dirty=0.00B
INFO [04-30|00:49:12.088] Using pebble as the backing database
INFO [04-30|00:49:12.088] Allocated cache and file handles         database=/home/CPerezz/bintrie-benchmarks/mpt-vs-bintrie/dbs/bt-gd5-flat/geth/chaindata cache=16.00MiB handles=524,288
INFO [04-30|00:49:13.743] Opened ancient database                  database=/home/CPerezz/bintrie-benchmarks/mpt-vs-bintrie/dbs/bt-gd5-flat/geth/chaindata/ancient/chain readonly=false
INFO [04-30|00:49:13.743] Opened Era store                         datadir=/home/CPerezz/bintrie-benchmarks/mpt-vs-bintrie/dbs/bt-gd5-flat/geth/chaindata/ancient/chain/era
INFO [04-30|00:49:13.745] State scheme set to already existing     scheme=path
INFO [04-30|00:49:13.745] Initialising Ethereum protocol           network=1337 dbversion=9
INFO [04-30|00:49:13.745] Load database journal from file          path=/home/CPerezz/bintrie-benchmarks/mpt-vs-bintrie/dbs/bt-gd5-flat/geth/triedb/verkle.journal
INFO [04-30|00:49:13.798] Opened ancient database                  database=/home/CPerezz/bintrie-benchmarks/mpt-vs-bintrie/dbs/bt-gd5-flat/geth/chaindata/ancient/state_verkle readonly=false
INFO [04-30|00:49:13.798] Initialized path database                triecache=0.00B statecache=0.00B buffer=0.00B state-history="last 90000 blocks" journal-dir=/home/CPerezz/bintrie-benchmarks/mpt-vs-bintrie/dbs/bt-gd5-flat/geth/triedb verkle=true
INFO [04-30|00:49:13.798] 
INFO [04-30|00:49:13.798] ---------------------------------------------------------------------------------------------------------------------------------------------------------
INFO [04-30|00:49:13.798] Chain ID:  1337 (unknown)
INFO [04-30|00:49:13.798] Consensus: unknown
INFO [04-30|00:49:13.798] 
INFO [04-30|00:49:13.798] Pre-Merge hard forks (block based):
INFO [04-30|00:49:13.798]  - Homestead:                   #0       
INFO [04-30|00:49:13.798]  - Tangerine Whistle (EIP 150): #0       
INFO [04-30|00:49:13.798]  - Spurious Dragon/1 (EIP 155): #0       
INFO [04-30|00:49:13.798]  - Spurious Dragon/2 (EIP 158): #0       
INFO [04-30|00:49:13.798]  - Byzantium:                   #0       
INFO [04-30|00:49:13.798]  - Constantinople:              #0       
INFO [04-30|00:49:13.798]  - Petersburg:                  #0       
INFO [04-30|00:49:13.798]  - Istanbul:                    #0       
INFO [04-30|00:49:13.798]  - Muir Glacier:                #0       
INFO [04-30|00:49:13.798]  - Berlin:                      #0       
INFO [04-30|00:49:13.798]  - London:                      #0       
INFO [04-30|00:49:13.798]  - Arrow Glacier:               #0       
INFO [04-30|00:49:13.798]  - Gray Glacier:                #0       
INFO [04-30|00:49:13.798] 
INFO [04-30|00:49:13.798] Merge configured:
INFO [04-30|00:49:13.798]  - Total terminal difficulty:  0
INFO [04-30|00:49:13.798]  - Merge netsplit block:       #0       
INFO [04-30|00:49:13.798] 
INFO [04-30|00:49:13.798] Post-Merge hard forks (timestamp based):
INFO [04-30|00:49:13.798]  - Shanghai:                    @0         
INFO [04-30|00:49:13.798]  - Cancun:                      @0          blob: (target: 3, max: 6, fraction: 3338477)
INFO [04-30|00:49:13.798]  - Prague:                      @0          blob: (target: 6, max: 9, fraction: 5225352)
INFO [04-30|00:49:13.798]  - Osaka:                       @0          blob: (target: 9, max: 12, fraction: 5225352)
INFO [04-30|00:49:13.798]  - Verkle:                      @0          blob: (nil)
INFO [04-30|00:49:13.799] 
INFO [04-30|00:49:13.799] All fork specifications can be found at https://ethereum.github.io/execution-specs/src/ethereum/forks/
INFO [04-30|00:49:13.799] 
INFO [04-30|00:49:13.799] ---------------------------------------------------------------------------------------------------------------------------------------------------------
INFO [04-30|00:49:13.799] 
INFO [04-30|00:49:13.799] Loaded most recent local block           number=11047 hash=bfd263..95f300 age=11s
INFO [04-30|00:49:13.799] Loaded most recent local finalized block number=11040 hash=f618a3..5eb705 age=1m32s
INFO [04-30|00:49:13.799] Initialized transaction indexer          range="last 2350000 blocks"
INFO [04-30|00:49:13.799] Initialized log indexer                  firstblock=0 lastblock=11047 firstmap=0 lastmap=3 headindexed=true
INFO [04-30|00:49:13.826] Enabled full-sync                        head=11047 hash=bfd263..95f300
INFO [04-30|00:49:13.827] Unprotected transactions allowed
INFO [04-30|00:49:13.827] Gasprice oracle is ignoring threshold set threshold=2
WARN [04-30|00:49:13.827] Unclean shutdown detected                booted=2026-04-29T08:22:10+0200 age=16h27m3s
WARN [04-30|00:49:13.827] Unclean shutdown detected                booted=2026-04-29T23:46:41+0200 age=1h2m32s
WARN [04-30|00:49:13.827] Unclean shutdown detected                booted=2026-04-29T23:49:20+0200 age=59m53s
WARN [04-30|00:49:13.827] Unclean shutdown detected                booted=2026-04-29T23:50:23+0200 age=58m50s
INFO [04-30|00:49:13.828] Registered sync override service
WARN [04-30|00:49:13.828] You are running Geth in --dev mode. Please note the following:
WARN [04-30|00:49:13.828] 
WARN [04-30|00:49:13.828]   1. This mode is only intended for fast, iterative development without assumptions on
WARN [04-30|00:49:13.828]      security or persistence.
WARN [04-30|00:49:13.828]   2. The database is created in memory unless specified otherwise. Therefore, shutting down
WARN [04-30|00:49:13.828]      your computer or losing power will wipe your entire block data and chain state for
WARN [04-30|00:49:13.828]      your dev environment.
WARN [04-30|00:49:13.828]   3. A random, pre-allocated developer account will be available and unlocked as
WARN [04-30|00:49:13.828]      eth.coinbase, which can be used for testing. The random dev account is temporary,
WARN [04-30|00:49:13.828]      stored on a ramdisk, and will be lost if your machine is restarted.
WARN [04-30|00:49:13.828]   4. Mining is enabled by default. However, the client will only seal blocks if transactions
WARN [04-30|00:49:13.828]      are pending in the mempool. The miner's minimum accepted gas price is 1.
WARN [04-30|00:49:13.828]   5. Networking is disabled; there is no listen-address, the maximum number of peers is set
WARN [04-30|00:49:13.828]      to 0, and discovery is disabled.
WARN [04-30|00:49:13.828] 
INFO [04-30|00:49:13.828] Starting peer-to-peer node               instance=Geth/v1.17.3-unstable-7d2e7cbe-20260415/linux-amd64/go1.24.1
WARN [04-30|00:49:13.828] P2P server will be useless, neither dialing nor listening
INFO [04-30|00:49:13.847] New local node record                    seq=1,777,300,782,083 id=7b2b1a18a5d9e6d9 ip=127.0.0.1 udp=0 tcp=0
INFO [04-30|00:49:13.847] Started P2P networking                   self=enode://c8864a9bfd3b61c44e854a4678f69f18717dec204477a230feae3bea75d7354d5ded62396550f30f6df7ffb11c73e275d3183b71a6cda36e7353bb5efa6c1928@127.0.0.1:0
INFO [04-30|00:49:13.847] IPC endpoint opened                      url=/home/CPerezz/bintrie-benchmarks/mpt-vs-bintrie/dbs/bt-gd5-flat/geth.ipc
ERROR[04-30|00:49:13.847] Unavailable modules in HTTP API list     unavailable=[personal] available="[admin debug web3 eth txpool miner net dev testing]"
INFO [04-30|00:49:13.847] HTTP server started                      endpoint=[::]:8545 auth=false prefix= cors= vhosts=localhost
INFO [04-30|00:49:13.847] WebSocket enabled                        url=ws://[::]:8546
INFO [04-30|00:49:14.542] Loaded local transaction journal         transactions=13533 dropped=0
INFO [04-30|00:49:15.663] Started log indexer
INFO [04-30|00:49:15.668] Starting work on payload                 id=0x0333261f1bf718ae
INFO [04-30|00:49:15.669] Updated payload                          id=0x0333261f1bf718ae number=11048 hash=f29278..39aa0b txs=0 withdrawals=0 gas=0 fees=0 root=d06a6b..75e6c0 elapsed="717.856µs"
INFO [04-30|00:49:15.669] Stopping work on payload                 id=0x0333261f1bf718ae reason=delivery
WARN [04-30|00:49:15.671] {"level":"warn","msg":"Slow block","block":{"number":11048,"hash":"0xf292787568c1088fa6a39e9771584d9a69fb0b4cb5aca75f50039deb2f39aa0b","gas_used":0,"tx_count":0},"timing":{"execution_ms":0.03028,"state_read_ms":0.160099,"state_hash_ms":0.005369,"commit_ms":0.318488,"total_ms":0.810837},"throughput":{"mgas_per_sec":0},"state_reads":{"accounts":4,"storage_slots":0,"code":0,"code_bytes":0},"state_writes":{"accounts":0,"accounts_deleted":0,"storage_slots":0,"storage_slots_deleted":0,"code":0,"code_bytes":0},"cache":{"account":{"hits":0,"misses":4,"hit_rate":0},"storage":{"hits":0,"misses":0,"hit_rate":0},"code":{"hits":0,"misses":0,"hit_rate":0,"hit_bytes":0,"miss_bytes":0}}}
INFO [04-30|00:49:15.671] Imported new potential chain segment     number=11048 hash=f29278..39aa0b blocks=1 txs=0 mgas=0.000 elapsed=1.061ms     mgasps=0.000 triedirty=0.00B
INFO [04-30|00:49:15.671] Chain head was updated                   number=11048 hash=f29278..39aa0b root=d06a6b..75e6c0 elapsed="55.07µs"
INFO [04-30|00:49:15.775] Submitted contract creation              hash=0x994aa5caf5195bc7f2d838996eeaee19fc21ac021da932e838fbb2e570cdd136 from=0xf39Fd6e51aad88F6F4ce6aB8827279cffFb92266 nonce=1027 contract=0xbDF04aB3C4283B1531B8Cf812Ef21D4FEd9BE445 value=0
INFO [04-30|00:49:15.778] Submitted transaction                    hash=0xed0937ea9489758834e91c60b0ec4d4df01689c126f9c9b6775a841de627716b from=0xf39Fd6e51aad88F6F4ce6aB8827279cffFb92266 nonce=1028 recipient=0xd21E0061cc0EE997F10267d2413E12253f452b23 value=2,679,348,359,492,728
INFO [04-30|00:49:15.779] Submitted contract creation              hash=0xf7383b07e207dd8207e172040518e76cab8cf4d14d44a28212a92bac5302b0f0 from=0xf39Fd6e51aad88F6F4ce6aB8827279cffFb92266 nonce=1029 contract=0xEbFE59025761DB00993d75C33C58271aABA88E4E value=0
INFO [04-30|00:49:15.781] Submitted transaction                    hash=0xe0d57cbe8e554088d0cf96e5bc29918222bee6fdc4c2bd5de7190561e906def7 from=0xf39Fd6e51aad88F6F4ce6aB8827279cffFb92266 nonce=1030 recipient=0xA325434CD8C30104A4A8715bD06ba54e82b9D0f4 value=2,679,348,359,492,728
INFO [04-30|00:49:15.784] Submitted contract creation              hash=0x897a3f8c9985e5bf5a719f71da87bef4a6dcd584430550fdc33554e4fde8833e from=0xf39Fd6e51aad88F6F4ce6aB8827279cffFb92266 nonce=1031 contract=0x0B7108B29ad73097cF7E549D542915348d885e5f value=0
INFO [04-30|00:49:15.786] Submitted transaction                    hash=0x88746807a0a4a3da5adea38d7e60844a9d015de78e1d0a5452b7a1e299c530d0 from=0xf39Fd6e51aad88F6F4ce6aB8827279cffFb92266 nonce=1032 recipient=0x5535377eFEFA795C721Be88ba9f0B27492aCf78F value=2,679,348,359,492,728
INFO [04-30|00:49:15.788] Submitted contract creation              hash=0x4e8a33d471e618b680c40137f2e4a061c3e61271f401e44340127c7d48091c26 from=0xf39Fd6e51aad88F6F4ce6aB8827279cffFb92266 nonce=1033 contract=0xcb65A63B74F009A1C724AC221601d7DDD90f67C2 value=0
INFO [04-30|00:49:15.790] Submitted transaction                    hash=0x6e33c0174e9a760d1f5dc0717e9dec83ffbf7e4a3e4df4bb4470ee10ae3c4cf3 from=0xf39Fd6e51aad88F6F4ce6aB8827279cffFb92266 nonce=1034 recipient=0x24f23d7A95a0D98139f817aed85Fa5526450Ebc6 value=2,679,348,359,492,728
INFO [04-30|00:49:15.792] Submitted contract creation              hash=0x4477fe6047ef98a03b1740f3d03498779cf6313e022a31321e7d70dec043716b from=0xf39Fd6e51aad88F6F4ce6aB8827279cffFb92266 nonce=1035 contract=0x7E6C94173C264aaE66Bf36ce047b0Aef585C2181 value=0
INFO [04-30|00:49:15.794] Submitted transaction                    hash=0xc2edcd9cec0587fb336c4d1c30d933c4b2107810396672201ab32c7c2acf451f from=0xf39Fd6e51aad88F6F4ce6aB8827279cffFb92266 nonce=1036 recipient=0x755d0013a0b65339c2F036F9958f08dbD5E5f1fc value=2,679,348,359,492,728
INFO [04-30|00:49:15.796] Submitted contract creation              hash=0x90a40ed2600ba9c424e1db006da614f68b144a6f78e3212c664e0dbda31af9d3 from=0xf39Fd6e51aad88F6F4ce6aB8827279cffFb92266 nonce=1037 contract=0x07bf260a44CEADfad215cc8e20c5b0398D25b1FA value=0
INFO [04-30|00:49:15.797] Submitted transaction                    hash=0xaaf49c3d65a18b757d93676b9cbc3df5602108fc78c32a2429ecf5d779ab59df from=0xf39Fd6e51aad88F6F4ce6aB8827279cffFb92266 nonce=1038 recipient=0x7dAb7165Fc9d592D5C7617224cE78d71c15b8863 value=2,679,349,002,536,360
INFO [04-30|00:49:25.677] Starting work on payload                 id=0x03662e8a9f61f48c
INFO [04-30|00:49:25.691] Updated payload                          id=0x03662e8a9f61f48c number=11049 hash=b8ccdf..2629ff txs=12 withdrawals=0 gas=517,696 fees=8.32252754e-05 root=cd4f56..5cc092 elapsed=14.079ms
INFO [04-30|00:49:25.691] Stopping work on payload                 id=0x03662e8a9f61f48c reason=delivery
WARN [04-30|00:49:25.706] {"level":"warn","msg":"Slow block","block":{"number":11049,"hash":"0xb8ccdf7281533818c184519a8f2c61aa083fa8024888c851018dfbeba02629ff","gas_used":517696,"tx_count":12},"timing":{"execution_ms":0.380131,"state_read_ms":0.704982,"state_hash_ms":11.821634,"commit_ms":1.037775,"total_ms":14.31945},"throughput":{"mgas_per_sec":36.15334387843109},"state_reads":{"accounts":41,"storage_slots":0,"code":0,"code_bytes":0},"state_writes":{"accounts":13,"accounts_deleted":0,"storage_slots":0,"storage_slots_deleted":0,"code":6,"code_bytes":916},"cache":{"account":{"hits":28,"misses":13,"hit_rate":68.29268292682927},"storage":{"hits":0,"misses":0,"hit_rate":0},"code":{"hits":0,"misses":0,"hit_rate":0,"hit_bytes":0,"miss_bytes":0}}}
INFO [04-30|00:49:25.706] Imported new potential chain segment     number=11049 hash=b8ccdf..2629ff blocks=1 txs=12 mgas=0.518 elapsed=14.628ms    mgasps=35.390 triediffs=1.62KiB triedirty=0.00B
INFO [04-30|00:49:25.707] Chain head was updated                   number=11049 hash=b8ccdf..2629ff root=cd4f56..5cc092 elapsed="901.965µs"
INFO [04-30|00:49:26.222] Submitted transaction                    hash=0x27b893c11b60aeb95ee5bedfd880898998f49ff72495a0c6597686cb6f961be7 from=0xd21E0061cc0EE997F10267d2413E12253f452b23 nonce=0    recipient=0xbDF04aB3C4283B1531B8Cf812Ef21D4FEd9BE445 value=0
INFO [04-30|00:49:26.226] Submitted transaction                    hash=0x05bbb8e8b6639de397d6f3ce22e8c0ab9776f928e7254792b844b07be4ba239a from=0xA325434CD8C30104A4A8715bD06ba54e82b9D0f4 nonce=0    recipient=0xEbFE59025761DB00993d75C33C58271aABA88E4E value=0
INFO [04-30|00:49:26.229] Submitted transaction                    hash=0x0c0c03e538be0bfe0ad242554111c6c14c3ed18466ed4fc1581f2548c0856573 from=0x5535377eFEFA795C721Be88ba9f0B27492aCf78F nonce=0    recipient=0x0B7108B29ad73097cF7E549D542915348d885e5f value=0
INFO [04-30|00:49:26.232] Submitted transaction                    hash=0xb207d827a798a18e74ac406bb672740ad70796faeb8615c01b94839704d5df50 from=0x24f23d7A95a0D98139f817aed85Fa5526450Ebc6 nonce=0    recipient=0xcb65A63B74F009A1C724AC221601d7DDD90f67C2 value=0
INFO [04-30|00:49:26.235] Submitted transaction                    hash=0x269639ecdfb293c4d79e16d0926ce919f7383bab2eef4cdf474982a0f9e3cd9e from=0x755d0013a0b65339c2F036F9958f08dbD5E5f1fc nonce=0    recipient=0x7E6C94173C264aaE66Bf36ce047b0Aef585C2181 value=0
INFO [04-30|00:49:26.238] Submitted transaction                    hash=0xfe6fe70b13effe2095cb5de1ebc1581b6d85af335cf07a1ff262a001a264088b from=0x7dAb7165Fc9d592D5C7617224cE78d71c15b8863 nonce=0    recipient=0x07bf260a44CEADfad215cc8e20c5b0398D25b1FA value=0
INFO [04-30|00:49:35.712] Starting work on payload                 id=0x03e14b6fd5d6a35b
WARN [04-30|00:49:37.728] Block building is interrupted            allowance=2s
INFO [04-30|00:49:37.730] Updated payload                          id=0x03e14b6fd5d6a35b number=11050 hash=615cdd..c6052b txs=6  withdrawals=0 gas=100,000,000 fees=0.0160760901   root=a3ce36..e54231 elapsed=2.017s
WARN [04-30|00:49:39.275] {"level":"warn","msg":"Slow block","block":{"number":11050,"hash":"0x615cdd506aebcfb8bc967bd127618d00a1fd6b88f32f03818b33d77313c6052b","gas_used":100000000,"tx_count":6},"timing":{"execution_ms":598.929359,"state_read_ms":911.311773,"state_hash_ms":1.546382,"commit_ms":31.765751,"total_ms":1543.902973},"throughput":{"mgas_per_sec":64.77090966778},"state_reads":{"accounts":18,"storage_slots":23382,"code":7,"code_bytes":2260},"state_writes":{"accounts":7,"accounts_deleted":0,"storage_slots":0,"storage_slots_deleted":0,"code":0,"code_bytes":0},"cache":{"account":{"hits":13,"misses":5,"hit_rate":72.22222222222221},"storage":{"hits":19736,"misses":3646,"hit_rate":84.40680865623129},"code":{"hits":7,"misses":0,"hit_rate":100,"hit_bytes":2260,"miss_bytes":0}}}
INFO [04-30|00:49:39.275] Imported new potential chain segment     number=11050 hash=615cdd..c6052b blocks=1 txs=6  mgas=100.000 elapsed=1.544s      mgasps=64.753 triediffs=2.50KiB triedirty=0.00B
INFO [04-30|00:49:39.277] Chain head was updated                   number=11050 hash=615cdd..c6052b root=a3ce36..e54231 elapsed="98.599µs"
WARN [04-30|00:49:39.734] Block building is interrupted            allowance=2s
INFO [04-30|00:49:39.735] Stopping work on payload                 id=0x03e14b6fd5d6a35b reason=delivery
